No CuPy
No CuPy or GPU PhenomHM module.
No CuPy or GPU response available.
No CuPy or GPU interpolation available.
null exact: template=0 segment=0 target=1276244
null exact: template=107 segment=0 target=1601270
null exact: template=256 segment=0 target=1881636
null exact: template=283 segment=0 target=1654835
null exact: template=348 segment=0 target=1654835
null exact: template=370 segment=4 target=1069877
case 1/48: template=0 signal_only rho=5.5 peak_offset=0 reference_offset=0
case 2/48: template=0 signal_only rho=8.0 peak_offset=0 reference_offset=0
case 3/48: template=0 signal_only rho=12.0 peak_offset=0 reference_offset=0
case 4/48: template=0 signal_only rho=20.0 peak_offset=0 reference_offset=0
case 5/48: template=0 captured_noise_plus_signal rho=5.5 peak_offset=0 reference_offset=0
case 6/48: template=0 captured_noise_plus_signal rho=8.0 peak_offset=0 reference_offset=0
case 7/48: template=0 captured_noise_plus_signal rho=12.0 peak_offset=0 reference_offset=0
case 8/48: template=0 captured_noise_plus_signal rho=20.0 peak_offset=0 reference_offset=0
case 9/48: template=107 signal_only rho=5.5 peak_offset=0 reference_offset=0
case 10/48: template=107 signal_only rho=8.0 peak_offset=0 reference_offset=0
case 11/48: template=107 signal_only rho=12.0 peak_offset=0 reference_offset=0
case 12/48: template=107 signal_only rho=20.0 peak_offset=0 reference_offset=0
case 13/48: template=107 captured_noise_plus_signal rho=5.5 peak_offset=0 reference_offset=0
case 14/48: template=107 captured_noise_plus_signal rho=8.0 peak_offset=0 reference_offset=0
case 15/48: template=107 captured_noise_plus_signal rho=12.0 peak_offset=0 reference_offset=0
case 16/48: template=107 captured_noise_plus_signal rho=20.0 peak_offset=0 reference_offset=0
case 17/48: template=256 signal_only rho=5.5 peak_offset=0 reference_offset=0
case 18/48: template=256 signal_only rho=8.0 peak_offset=0 reference_offset=0
case 19/48: template=256 signal_only rho=12.0 peak_offset=0 reference_offset=0
case 20/48: template=256 signal_only rho=20.0 peak_offset=0 reference_offset=0
case 21/48: template=256 captured_noise_plus_signal rho=5.5 peak_offset=0 reference_offset=0
case 22/48: template=256 captured_noise_plus_signal rho=8.0 peak_offset=0 reference_offset=0
case 23/48: template=256 captured_noise_plus_signal rho=12.0 peak_offset=0 reference_offset=0
case 24/48: template=256 captured_noise_plus_signal rho=20.0 peak_offset=0 reference_offset=0
case 25/48: template=283 signal_only rho=5.5 peak_offset=0 reference_offset=0
case 26/48: template=283 signal_only rho=8.0 peak_offset=0 reference_offset=0
case 27/48: template=283 signal_only rho=12.0 peak_offset=0 reference_offset=0
case 28/48: template=283 signal_only rho=20.0 peak_offset=0 reference_offset=0
case 29/48: template=283 captured_noise_plus_signal rho=5.5 peak_offset=0 reference_offset=0
case 30/48: template=283 captured_noise_plus_signal rho=8.0 peak_offset=0 reference_offset=0
case 31/48: template=283 captured_noise_plus_signal rho=12.0 peak_offset=0 reference_offset=0
case 32/48: template=283 captured_noise_plus_signal rho=20.0 peak_offset=0 reference_offset=0
case 33/48: template=348 signal_only rho=5.5 peak_offset=0 reference_offset=0
case 34/48: template=348 signal_only rho=8.0 peak_offset=0 reference_offset=0
case 35/48: template=348 signal_only rho=12.0 peak_offset=0 reference_offset=0
case 36/48: template=348 signal_only rho=20.0 peak_offset=0 reference_offset=0
case 37/48: template=348 captured_noise_plus_signal rho=5.5 peak_offset=0 reference_offset=0
case 38/48: template=348 captured_noise_plus_signal rho=8.0 peak_offset=0 reference_offset=0
case 39/48: template=348 captured_noise_plus_signal rho=12.0 peak_offset=0 reference_offset=0
case 40/48: template=348 captured_noise_plus_signal rho=20.0 peak_offset=0 reference_offset=0
case 41/48: template=370 signal_only rho=5.5 peak_offset=0 reference_offset=0
case 42/48: template=370 signal_only rho=8.0 peak_offset=0 reference_offset=0
case 43/48: template=370 signal_only rho=12.0 peak_offset=0 reference_offset=0
case 44/48: template=370 signal_only rho=20.0 peak_offset=0 reference_offset=0
case 45/48: template=370 captured_noise_plus_signal rho=5.5 peak_offset=22 reference_offset=22
case 46/48: template=370 captured_noise_plus_signal rho=8.0 peak_offset=15 reference_offset=15
case 47/48: template=370 captured_noise_plus_signal rho=12.0 peak_offset=0 reference_offset=0
case 48/48: template=370 captured_noise_plus_signal rho=20.0 peak_offset=0 reference_offset=0
