2026-09-06T23:43:06.378+01:00 INFO : Running with Torch support on device cpu
2026-09-06T23:43:06.378+01:00 INFO : Reading Frames
2026-09-06T23:43:13.054+01:00 INFO : Highpass Filtering
2026-09-06T23:43:13.508+01:00 INFO : Resampling data
2026-09-06T23:43:13.519+01:00 INFO : Converting to float32
/home/xangma/pycbc-torch-inspiral-reference-20260906/source-v6/pycbc/types/array.py:872: RuntimeWarning: divide by zero encountered in divide
  return self._data.__rtruediv__(other)
2026-09-06T23:43:18.587+01:00 INFO : Highpass Filtering
2026-09-06T23:43:19.046+01:00 INFO : Remove Padding
2026-09-06T23:43:19.069+01:00 INFO : Making frequency-domain data segments
2026-09-06T23:43:21.337+01:00 INFO : Overwhitening frequency-domain data segments
2026-09-06T23:43:21.360+01:00 INFO : Read in template bank
2026-09-06T23:43:21.370+01:00 INFO : Full template bank size: 96
2026-09-06T23:43:21.370+01:00 INFO : Template bank size after thinning: 96
2026-09-06T23:43:21.371+01:00 INFO : 0: generating IMRPhenomD from 30.0 Hz
2026-09-06T23:43:21.373+01:00 INFO : Decompressing waveform using inline_linear
2026-09-06T23:43:21.381+01:00 INFO : Filtering template 1/96 segment 1/5
2026-09-06T23:43:21.472+01:00 INFO : 1 points above threshold
2026-09-06T23:43:21.508+01:00 INFO : Filtering template 1/96 segment 2/5
2026-09-06T23:43:21.549+01:00 INFO : Filtering template 1/96 segment 3/5
2026-09-06T23:43:21.590+01:00 INFO : 1 points above threshold
2026-09-06T23:43:21.596+01:00 INFO : Filtering template 1/96 segment 4/5
2026-09-06T23:43:21.637+01:00 INFO : Filtering template 1/96 segment 5/5
2026-09-06T23:43:21.678+01:00 INFO : 1 points above threshold
2026-09-06T23:43:21.684+01:00 INFO : 1: generating IMRPhenomD from 30.0 Hz
2026-09-06T23:43:21.687+01:00 INFO : Decompressing waveform using inline_linear
2026-09-06T23:43:21.692+01:00 INFO : Filtering template 2/96 segment 1/5
2026-09-06T23:43:21.743+01:00 INFO : 1 points above threshold
2026-09-06T23:43:21.764+01:00 INFO : Filtering template 2/96 segment 2/5
2026-09-06T23:43:21.805+01:00 INFO : 1 points above threshold
2026-09-06T23:43:21.811+01:00 INFO : Filtering template 2/96 segment 3/5
2026-09-06T23:43:21.852+01:00 INFO : 2 points above threshold
2026-09-06T23:43:21.860+01:00 INFO : Filtering template 2/96 segment 4/5
2026-09-06T23:43:21.900+01:00 INFO : Filtering template 2/96 segment 5/5
2026-09-06T23:43:21.941+01:00 INFO : 1 points above threshold
2026-09-06T23:43:21.947+01:00 INFO : 2: generating IMRPhenomD from 30.0 Hz
2026-09-06T23:43:21.950+01:00 INFO : Decompressing waveform using inline_linear
2026-09-06T23:43:21.955+01:00 INFO : Filtering template 3/96 segment 1/5
2026-09-06T23:43:22.006+01:00 INFO : 3 points above threshold
2026-09-06T23:43:22.031+01:00 INFO : Filtering template 3/96 segment 2/5
2026-09-06T23:43:22.072+01:00 INFO : Filtering template 3/96 segment 3/5
2026-09-06T23:43:22.113+01:00 INFO : 1 points above threshold
2026-09-06T23:43:22.119+01:00 INFO : Filtering template 3/96 segment 4/5
2026-09-06T23:43:22.160+01:00 INFO : 1 points above threshold
2026-09-06T23:43:22.166+01:00 INFO : Filtering template 3/96 segment 5/5
2026-09-06T23:43:22.207+01:00 INFO : 3: generating IMRPhenomD from 30.0 Hz
2026-09-06T23:43:22.209+01:00 INFO : Decompressing waveform using inline_linear
2026-09-06T23:43:22.214+01:00 INFO : Filtering template 4/96 segment 1/5
2026-09-06T23:43:22.265+01:00 INFO : 1 points above threshold
2026-09-06T23:43:22.289+01:00 INFO : Filtering template 4/96 segment 2/5
2026-09-06T23:43:22.330+01:00 INFO : 1 points above threshold
2026-09-06T23:43:22.336+01:00 INFO : Filtering template 4/96 segment 3/5
2026-09-06T23:43:22.376+01:00 INFO : 2 points above threshold
2026-09-06T23:43:22.384+01:00 INFO : Filtering template 4/96 segment 4/5
2026-09-06T23:43:22.425+01:00 INFO : 2 points above threshold
2026-09-06T23:43:22.433+01:00 INFO : Filtering template 4/96 segment 5/5
2026-09-06T23:43:22.473+01:00 INFO : 2 points above threshold
2026-09-06T23:43:22.481+01:00 INFO : 4: generating IMRPhenomD from 30.0 Hz
2026-09-06T23:43:22.484+01:00 INFO : Decompressing waveform using inline_linear
2026-09-06T23:43:22.489+01:00 INFO : Filtering template 5/96 segment 1/5
2026-09-06T23:43:22.540+01:00 INFO : 1 points above threshold
2026-09-06T23:43:22.558+01:00 INFO : Filtering template 5/96 segment 2/5
2026-09-06T23:43:22.599+01:00 INFO : 2 points above threshold
2026-09-06T23:43:22.607+01:00 INFO : Filtering template 5/96 segment 3/5
2026-09-06T23:43:22.647+01:00 INFO : 2 points above threshold
2026-09-06T23:43:22.655+01:00 INFO : Filtering template 5/96 segment 4/5
2026-09-06T23:43:22.696+01:00 INFO : 2 points above threshold
2026-09-06T23:43:22.704+01:00 INFO : Filtering template 5/96 segment 5/5
2026-09-06T23:43:22.745+01:00 INFO : 5: generating IMRPhenomD from 30.0 Hz
2026-09-06T23:43:22.747+01:00 INFO : Decompressing waveform using inline_linear
2026-09-06T23:43:22.752+01:00 INFO : Filtering template 6/96 segment 1/5
2026-09-06T23:43:22.803+01:00 INFO : 1 points above threshold
2026-09-06T23:43:22.822+01:00 INFO : Filtering template 6/96 segment 2/5
2026-09-06T23:43:22.862+01:00 INFO : Filtering template 6/96 segment 3/5
2026-09-06T23:43:22.903+01:00 INFO : Filtering template 6/96 segment 4/5
2026-09-06T23:43:22.944+01:00 INFO : Filtering template 6/96 segment 5/5
2026-09-06T23:43:22.984+01:00 INFO : 1 points above threshold
2026-09-06T23:43:22.991+01:00 INFO : 6: generating IMRPhenomD from 30.0 Hz
2026-09-06T23:43:22.993+01:00 INFO : Decompressing waveform using inline_linear
2026-09-06T23:43:22.998+01:00 INFO : Filtering template 7/96 segment 1/5
2026-09-06T23:43:23.049+01:00 INFO : 2 points above threshold
2026-09-06T23:43:23.075+01:00 INFO : Filtering template 7/96 segment 2/5
2026-09-06T23:43:23.116+01:00 INFO : Filtering template 7/96 segment 3/5
2026-09-06T23:43:23.157+01:00 INFO : Filtering template 7/96 segment 4/5
2026-09-06T23:43:23.197+01:00 INFO : 1 points above threshold
2026-09-06T23:43:23.203+01:00 INFO : Filtering template 7/96 segment 5/5
2026-09-06T23:43:23.244+01:00 INFO : 7: generating IMRPhenomD from 30.0 Hz
2026-09-06T23:43:23.247+01:00 INFO : Decompressing waveform using inline_linear
2026-09-06T23:43:23.252+01:00 INFO : Filtering template 8/96 segment 1/5
2026-09-06T23:43:23.302+01:00 INFO : 2 points above threshold
2026-09-06T23:43:23.328+01:00 INFO : Filtering template 8/96 segment 2/5
2026-09-06T23:43:23.369+01:00 INFO : 1 points above threshold
2026-09-06T23:43:23.375+01:00 INFO : Filtering template 8/96 segment 3/5
2026-09-06T23:43:23.415+01:00 INFO : 4 points above threshold
2026-09-06T23:43:23.425+01:00 INFO : Filtering template 8/96 segment 4/5
2026-09-06T23:43:23.465+01:00 INFO : Filtering template 8/96 segment 5/5
2026-09-06T23:43:23.506+01:00 INFO : 8: generating IMRPhenomD from 30.0 Hz
2026-09-06T23:43:23.509+01:00 INFO : Decompressing waveform using inline_linear
2026-09-06T23:43:23.514+01:00 INFO : Filtering template 9/96 segment 1/5
2026-09-06T23:43:23.564+01:00 INFO : Filtering template 9/96 segment 2/5
2026-09-06T23:43:23.605+01:00 INFO : 1 points above threshold
2026-09-06T23:43:23.629+01:00 INFO : Filtering template 9/96 segment 3/5
2026-09-06T23:43:23.670+01:00 INFO : 2 points above threshold
2026-09-06T23:43:23.678+01:00 INFO : Filtering template 9/96 segment 4/5
2026-09-06T23:43:23.718+01:00 INFO : 1 points above threshold
2026-09-06T23:43:23.724+01:00 INFO : Filtering template 9/96 segment 5/5
2026-09-06T23:43:23.765+01:00 INFO : 3 points above threshold
2026-09-06T23:43:23.775+01:00 INFO : 9: generating IMRPhenomD from 30.0 Hz
2026-09-06T23:43:23.778+01:00 INFO : Decompressing waveform using inline_linear
2026-09-06T23:43:23.783+01:00 INFO : Filtering template 10/96 segment 1/5
2026-09-06T23:43:23.833+01:00 INFO : 1 points above threshold
2026-09-06T23:43:23.858+01:00 INFO : Filtering template 10/96 segment 2/5
2026-09-06T23:43:23.898+01:00 INFO : 1 points above threshold
2026-09-06T23:43:23.904+01:00 INFO : Filtering template 10/96 segment 3/5
2026-09-06T23:43:23.945+01:00 INFO : Filtering template 10/96 segment 4/5
2026-09-06T23:43:23.986+01:00 INFO : 2 points above threshold
2026-09-06T23:43:24.004+01:00 INFO : Filtering template 10/96 segment 5/5
2026-09-06T23:43:24.044+01:00 INFO : 1 points above threshold
2026-09-06T23:43:24.051+01:00 INFO : 10: generating IMRPhenomD from 30.0 Hz
2026-09-06T23:43:24.053+01:00 INFO : Decompressing waveform using inline_linear
2026-09-06T23:43:24.058+01:00 INFO : Filtering template 11/96 segment 1/5
2026-09-06T23:43:24.109+01:00 INFO : 4 points above threshold
2026-09-06T23:43:24.137+01:00 INFO : Filtering template 11/96 segment 2/5
2026-09-06T23:43:24.177+01:00 INFO : 2 points above threshold
2026-09-06T23:43:24.185+01:00 INFO : Filtering template 11/96 segment 3/5
2026-09-06T23:43:24.225+01:00 INFO : 1 points above threshold
2026-09-06T23:43:24.231+01:00 INFO : Filtering template 11/96 segment 4/5
2026-09-06T23:43:24.271+01:00 INFO : Filtering template 11/96 segment 5/5
2026-09-06T23:43:24.312+01:00 INFO : 11: generating IMRPhenomD from 30.0 Hz
2026-09-06T23:43:24.315+01:00 INFO : Decompressing waveform using inline_linear
2026-09-06T23:43:24.320+01:00 INFO : Filtering template 12/96 segment 1/5
2026-09-06T23:43:24.370+01:00 INFO : 1 points above threshold
2026-09-06T23:43:24.394+01:00 INFO : Filtering template 12/96 segment 2/5
2026-09-06T23:43:24.435+01:00 INFO : 1 points above threshold
2026-09-06T23:43:24.440+01:00 INFO : Filtering template 12/96 segment 3/5
2026-09-06T23:43:24.481+01:00 INFO : 1 points above threshold
2026-09-06T23:43:24.487+01:00 INFO : Filtering template 12/96 segment 4/5
2026-09-06T23:43:24.527+01:00 INFO : 3 points above threshold
2026-09-06T23:43:24.537+01:00 INFO : Filtering template 12/96 segment 5/5
2026-09-06T23:43:24.578+01:00 INFO : 12: generating IMRPhenomD from 30.0 Hz
2026-09-06T23:43:24.581+01:00 INFO : Decompressing waveform using inline_linear
2026-09-06T23:43:24.586+01:00 INFO : Filtering template 13/96 segment 1/5
2026-09-06T23:43:24.636+01:00 INFO : Filtering template 13/96 segment 2/5
2026-09-06T23:43:24.677+01:00 INFO : 4 points above threshold
2026-09-06T23:43:24.704+01:00 INFO : Filtering template 13/96 segment 3/5
2026-09-06T23:43:24.745+01:00 INFO : Filtering template 13/96 segment 4/5
2026-09-06T23:43:24.785+01:00 INFO : Filtering template 13/96 segment 5/5
2026-09-06T23:43:24.826+01:00 INFO : 1 points above threshold
2026-09-06T23:43:24.832+01:00 INFO : 13: generating IMRPhenomD from 30.0 Hz
2026-09-06T23:43:24.835+01:00 INFO : Decompressing waveform using inline_linear
2026-09-06T23:43:24.840+01:00 INFO : Filtering template 14/96 segment 1/5
2026-09-06T23:43:24.890+01:00 INFO : 1 points above threshold
2026-09-06T23:43:24.914+01:00 INFO : Filtering template 14/96 segment 2/5
2026-09-06T23:43:24.955+01:00 INFO : 2 points above threshold
2026-09-06T23:43:24.962+01:00 INFO : Filtering template 14/96 segment 3/5
2026-09-06T23:43:25.003+01:00 INFO : 3 points above threshold
2026-09-06T23:43:25.013+01:00 INFO : Filtering template 14/96 segment 4/5
2026-09-06T23:43:25.053+01:00 INFO : 2 points above threshold
2026-09-06T23:43:25.061+01:00 INFO : Filtering template 14/96 segment 5/5
2026-09-06T23:43:25.102+01:00 INFO : 14: generating IMRPhenomD from 30.0 Hz
2026-09-06T23:43:25.105+01:00 INFO : Decompressing waveform using inline_linear
2026-09-06T23:43:25.110+01:00 INFO : Filtering template 15/96 segment 1/5
2026-09-06T23:43:25.160+01:00 INFO : 1 points above threshold
2026-09-06T23:43:25.184+01:00 INFO : Filtering template 15/96 segment 2/5
2026-09-06T23:43:25.225+01:00 INFO : Filtering template 15/96 segment 3/5
2026-09-06T23:43:25.265+01:00 INFO : 1 points above threshold
2026-09-06T23:43:25.271+01:00 INFO : Filtering template 15/96 segment 4/5
2026-09-06T23:43:25.312+01:00 INFO : 1 points above threshold
2026-09-06T23:43:25.318+01:00 INFO : Filtering template 15/96 segment 5/5
2026-09-06T23:43:25.359+01:00 INFO : 3 points above threshold
2026-09-06T23:43:25.369+01:00 INFO : 15: generating IMRPhenomD from 30.0 Hz
2026-09-06T23:43:25.371+01:00 INFO : Decompressing waveform using inline_linear
2026-09-06T23:43:25.376+01:00 INFO : Filtering template 16/96 segment 1/5
2026-09-06T23:43:25.427+01:00 INFO : 1 points above threshold
2026-09-06T23:43:25.446+01:00 INFO : Filtering template 16/96 segment 2/5
2026-09-06T23:43:25.486+01:00 INFO : 2 points above threshold
2026-09-06T23:43:25.494+01:00 INFO : Filtering template 16/96 segment 3/5
2026-09-06T23:43:25.534+01:00 INFO : 3 points above threshold
2026-09-06T23:43:25.544+01:00 INFO : Filtering template 16/96 segment 4/5
2026-09-06T23:43:25.585+01:00 INFO : 2 points above threshold
2026-09-06T23:43:25.593+01:00 INFO : Filtering template 16/96 segment 5/5
2026-09-06T23:43:25.634+01:00 INFO : 16: generating IMRPhenomD from 30.0 Hz
2026-09-06T23:43:25.636+01:00 INFO : Decompressing waveform using inline_linear
2026-09-06T23:43:25.641+01:00 INFO : Filtering template 17/96 segment 1/5
2026-09-06T23:43:25.692+01:00 INFO : 2 points above threshold
2026-09-06T23:43:25.712+01:00 INFO : Filtering template 17/96 segment 2/5
2026-09-06T23:43:25.753+01:00 INFO : 3 points above threshold
2026-09-06T23:43:25.763+01:00 INFO : Filtering template 17/96 segment 3/5
2026-09-06T23:43:25.803+01:00 INFO : Filtering template 17/96 segment 4/5
2026-09-06T23:43:25.844+01:00 INFO : 2 points above threshold
2026-09-06T23:43:25.852+01:00 INFO : Filtering template 17/96 segment 5/5
2026-09-06T23:43:25.893+01:00 INFO : 3 points above threshold
2026-09-06T23:43:25.903+01:00 INFO : 17: generating IMRPhenomD from 30.0 Hz
2026-09-06T23:43:25.905+01:00 INFO : Decompressing waveform using inline_linear
2026-09-06T23:43:25.910+01:00 INFO : Filtering template 18/96 segment 1/5
2026-09-06T23:43:25.961+01:00 INFO : Filtering template 18/96 segment 2/5
2026-09-06T23:43:26.002+01:00 INFO : Filtering template 18/96 segment 3/5
2026-09-06T23:43:26.042+01:00 INFO : 1 points above threshold
2026-09-06T23:43:26.061+01:00 INFO : Filtering template 18/96 segment 4/5
2026-09-06T23:43:26.102+01:00 INFO : Filtering template 18/96 segment 5/5
2026-09-06T23:43:26.142+01:00 INFO : 2 points above threshold
2026-09-06T23:43:26.150+01:00 INFO : 18: generating IMRPhenomD from 30.0 Hz
2026-09-06T23:43:26.153+01:00 INFO : Decompressing waveform using inline_linear
2026-09-06T23:43:26.158+01:00 INFO : Filtering template 19/96 segment 1/5
2026-09-06T23:43:26.208+01:00 INFO : 3 points above threshold
2026-09-06T23:43:26.231+01:00 INFO : Filtering template 19/96 segment 2/5
2026-09-06T23:43:26.272+01:00 INFO : 1 points above threshold
2026-09-06T23:43:26.277+01:00 INFO : Filtering template 19/96 segment 3/5
2026-09-06T23:43:26.318+01:00 INFO : 1 points above threshold
2026-09-06T23:43:26.324+01:00 INFO : Filtering template 19/96 segment 4/5
2026-09-06T23:43:26.364+01:00 INFO : 3 points above threshold
2026-09-06T23:43:26.374+01:00 INFO : Filtering template 19/96 segment 5/5
2026-09-06T23:43:26.415+01:00 INFO : 1 points above threshold
2026-09-06T23:43:26.421+01:00 INFO : 19: generating IMRPhenomD from 30.0 Hz
2026-09-06T23:43:26.424+01:00 INFO : Decompressing waveform using inline_linear
2026-09-06T23:43:26.429+01:00 INFO : Filtering template 20/96 segment 1/5
2026-09-06T23:43:26.479+01:00 INFO : 1 points above threshold
2026-09-06T23:43:26.498+01:00 INFO : Filtering template 20/96 segment 2/5
2026-09-06T23:43:26.538+01:00 INFO : 3 points above threshold
2026-09-06T23:43:26.548+01:00 INFO : Filtering template 20/96 segment 3/5
2026-09-06T23:43:26.589+01:00 INFO : Filtering template 20/96 segment 4/5
2026-09-06T23:43:26.630+01:00 INFO : 2 points above threshold
2026-09-06T23:43:26.637+01:00 INFO : Filtering template 20/96 segment 5/5
2026-09-06T23:43:26.678+01:00 INFO : 20: generating IMRPhenomD from 30.0 Hz
2026-09-06T23:43:26.681+01:00 INFO : Decompressing waveform using inline_linear
2026-09-06T23:43:26.686+01:00 INFO : Filtering template 21/96 segment 1/5
2026-09-06T23:43:26.736+01:00 INFO : 1 points above threshold
2026-09-06T23:43:26.755+01:00 INFO : Filtering template 21/96 segment 2/5
2026-09-06T23:43:26.796+01:00 INFO : 1 points above threshold
2026-09-06T23:43:26.802+01:00 INFO : Filtering template 21/96 segment 3/5
2026-09-06T23:43:26.843+01:00 INFO : 1 points above threshold
2026-09-06T23:43:26.849+01:00 INFO : Filtering template 21/96 segment 4/5
2026-09-06T23:43:26.889+01:00 INFO : Filtering template 21/96 segment 5/5
2026-09-06T23:43:26.930+01:00 INFO : 21: generating IMRPhenomD from 30.0 Hz
2026-09-06T23:43:26.933+01:00 INFO : Decompressing waveform using inline_linear
2026-09-06T23:43:26.938+01:00 INFO : Filtering template 22/96 segment 1/5
2026-09-06T23:43:26.988+01:00 INFO : 5 points above threshold
2026-09-06T23:43:27.013+01:00 INFO : Filtering template 22/96 segment 2/5
2026-09-06T23:43:27.054+01:00 INFO : Filtering template 22/96 segment 3/5
2026-09-06T23:43:27.095+01:00 INFO : Filtering template 22/96 segment 4/5
2026-09-06T23:43:27.135+01:00 INFO : 1 points above threshold
2026-09-06T23:43:27.141+01:00 INFO : Filtering template 22/96 segment 5/5
2026-09-06T23:43:27.182+01:00 INFO : 1 points above threshold
2026-09-06T23:43:27.188+01:00 INFO : 22: generating IMRPhenomD from 30.0 Hz
2026-09-06T23:43:27.190+01:00 INFO : Decompressing waveform using inline_linear
2026-09-06T23:43:27.195+01:00 INFO : Filtering template 23/96 segment 1/5
2026-09-06T23:43:27.246+01:00 INFO : 2 points above threshold
2026-09-06T23:43:27.266+01:00 INFO : Filtering template 23/96 segment 2/5
2026-09-06T23:43:27.307+01:00 INFO : 1 points above threshold
2026-09-06T23:43:27.313+01:00 INFO : Filtering template 23/96 segment 3/5
2026-09-06T23:43:27.353+01:00 INFO : 1 points above threshold
2026-09-06T23:43:27.359+01:00 INFO : Filtering template 23/96 segment 4/5
2026-09-06T23:43:27.400+01:00 INFO : Filtering template 23/96 segment 5/5
2026-09-06T23:43:27.441+01:00 INFO : 23: generating IMRPhenomD from 30.0 Hz
2026-09-06T23:43:27.444+01:00 INFO : Decompressing waveform using inline_linear
2026-09-06T23:43:27.449+01:00 INFO : Filtering template 24/96 segment 1/5
2026-09-06T23:43:27.499+01:00 INFO : 1 points above threshold
2026-09-06T23:43:27.518+01:00 INFO : Filtering template 24/96 segment 2/5
2026-09-06T23:43:27.558+01:00 INFO : 2 points above threshold
2026-09-06T23:43:27.566+01:00 INFO : Filtering template 24/96 segment 3/5
2026-09-06T23:43:27.607+01:00 INFO : 1 points above threshold
2026-09-06T23:43:27.613+01:00 INFO : Filtering template 24/96 segment 4/5
2026-09-06T23:43:27.653+01:00 INFO : Filtering template 24/96 segment 5/5
2026-09-06T23:43:27.694+01:00 INFO : 2 points above threshold
2026-09-06T23:43:27.702+01:00 INFO : 24: generating IMRPhenomD from 30.0 Hz
2026-09-06T23:43:27.704+01:00 INFO : Decompressing waveform using inline_linear
2026-09-06T23:43:27.709+01:00 INFO : Filtering template 25/96 segment 1/5
2026-09-06T23:43:27.760+01:00 INFO : 2 points above threshold
2026-09-06T23:43:27.786+01:00 INFO : Filtering template 25/96 segment 2/5
2026-09-06T23:43:27.826+01:00 INFO : Filtering template 25/96 segment 3/5
2026-09-06T23:43:27.867+01:00 INFO : Filtering template 25/96 segment 4/5
2026-09-06T23:43:27.908+01:00 INFO : Filtering template 25/96 segment 5/5
2026-09-06T23:43:27.948+01:00 INFO : 25: generating IMRPhenomD from 30.0 Hz
2026-09-06T23:43:27.951+01:00 INFO : Decompressing waveform using inline_linear
2026-09-06T23:43:27.956+01:00 INFO : Filtering template 26/96 segment 1/5
2026-09-06T23:43:28.007+01:00 INFO : Filtering template 26/96 segment 2/5
2026-09-06T23:43:28.047+01:00 INFO : 2 points above threshold
2026-09-06T23:43:28.073+01:00 INFO : Filtering template 26/96 segment 3/5
2026-09-06T23:43:28.114+01:00 INFO : Filtering template 26/96 segment 4/5
2026-09-06T23:43:28.154+01:00 INFO : 2 points above threshold
2026-09-06T23:43:28.162+01:00 INFO : Filtering template 26/96 segment 5/5
2026-09-06T23:43:28.203+01:00 INFO : 2 points above threshold
2026-09-06T23:43:28.211+01:00 INFO : 26: generating IMRPhenomD from 30.0 Hz
2026-09-06T23:43:28.213+01:00 INFO : Decompressing waveform using inline_linear
2026-09-06T23:43:28.218+01:00 INFO : Filtering template 27/96 segment 1/5
2026-09-06T23:43:28.269+01:00 INFO : 3 points above threshold
2026-09-06T23:43:28.297+01:00 INFO : Filtering template 27/96 segment 2/5
2026-09-06T23:43:28.338+01:00 INFO : Filtering template 27/96 segment 3/5
2026-09-06T23:43:28.378+01:00 INFO : 1 points above threshold
2026-09-06T23:43:28.384+01:00 INFO : Filtering template 27/96 segment 4/5
2026-09-06T23:43:28.425+01:00 INFO : Filtering template 27/96 segment 5/5
2026-09-06T23:43:28.466+01:00 INFO : 27: generating IMRPhenomD from 30.0 Hz
2026-09-06T23:43:28.468+01:00 INFO : Decompressing waveform using inline_linear
2026-09-06T23:43:28.473+01:00 INFO : Filtering template 28/96 segment 1/5
2026-09-06T23:43:28.524+01:00 INFO : 3 points above threshold
2026-09-06T23:43:28.547+01:00 INFO : Filtering template 28/96 segment 2/5
2026-09-06T23:43:28.587+01:00 INFO : 1 points above threshold
2026-09-06T23:43:28.593+01:00 INFO : Filtering template 28/96 segment 3/5
2026-09-06T23:43:28.634+01:00 INFO : 2 points above threshold
2026-09-06T23:43:28.642+01:00 INFO : Filtering template 28/96 segment 4/5
2026-09-06T23:43:28.682+01:00 INFO : 1 points above threshold
2026-09-06T23:43:28.688+01:00 INFO : Filtering template 28/96 segment 5/5
2026-09-06T23:43:28.729+01:00 INFO : 28: generating IMRPhenomD from 30.0 Hz
2026-09-06T23:43:28.732+01:00 INFO : Decompressing waveform using inline_linear
2026-09-06T23:43:28.736+01:00 INFO : Filtering template 29/96 segment 1/5
2026-09-06T23:43:28.787+01:00 INFO : 2 points above threshold
2026-09-06T23:43:28.807+01:00 INFO : Filtering template 29/96 segment 2/5
2026-09-06T23:43:28.848+01:00 INFO : 2 points above threshold
2026-09-06T23:43:28.856+01:00 INFO : Filtering template 29/96 segment 3/5
2026-09-06T23:43:28.896+01:00 INFO : 1 points above threshold
2026-09-06T23:43:28.902+01:00 INFO : Filtering template 29/96 segment 4/5
2026-09-06T23:43:28.943+01:00 INFO : 2 points above threshold
2026-09-06T23:43:28.951+01:00 INFO : Filtering template 29/96 segment 5/5
2026-09-06T23:43:28.991+01:00 INFO : 2 points above threshold
2026-09-06T23:43:28.999+01:00 INFO : 29: generating IMRPhenomD from 30.0 Hz
2026-09-06T23:43:29.002+01:00 INFO : Decompressing waveform using inline_linear
2026-09-06T23:43:29.007+01:00 INFO : Filtering template 30/96 segment 1/5
2026-09-06T23:43:29.058+01:00 INFO : 1 points above threshold
2026-09-06T23:43:29.076+01:00 INFO : Filtering template 30/96 segment 2/5
2026-09-06T23:43:29.117+01:00 INFO : 1 points above threshold
2026-09-06T23:43:29.123+01:00 INFO : Filtering template 30/96 segment 3/5
2026-09-06T23:43:29.164+01:00 INFO : 1 points above threshold
2026-09-06T23:43:29.169+01:00 INFO : Filtering template 30/96 segment 4/5
2026-09-06T23:43:29.210+01:00 INFO : Filtering template 30/96 segment 5/5
2026-09-06T23:43:29.251+01:00 INFO : 30: generating IMRPhenomD from 30.0 Hz
2026-09-06T23:43:29.254+01:00 INFO : Decompressing waveform using inline_linear
2026-09-06T23:43:29.259+01:00 INFO : Filtering template 31/96 segment 1/5
2026-09-06T23:43:29.309+01:00 INFO : Filtering template 31/96 segment 2/5
2026-09-06T23:43:29.350+01:00 INFO : 1 points above threshold
2026-09-06T23:43:29.368+01:00 INFO : Filtering template 31/96 segment 3/5
2026-09-06T23:43:29.409+01:00 INFO : Filtering template 31/96 segment 4/5
2026-09-06T23:43:29.450+01:00 INFO : 1 points above threshold
2026-09-06T23:43:29.456+01:00 INFO : Filtering template 31/96 segment 5/5
2026-09-06T23:43:29.497+01:00 INFO : 1 points above threshold
2026-09-06T23:43:29.503+01:00 INFO : 31: generating IMRPhenomD from 30.0 Hz
2026-09-06T23:43:29.505+01:00 INFO : Decompressing waveform using inline_linear
2026-09-06T23:43:29.510+01:00 INFO : Filtering template 32/96 segment 1/5
2026-09-06T23:43:29.561+01:00 INFO : Filtering template 32/96 segment 2/5
2026-09-06T23:43:29.602+01:00 INFO : Filtering template 32/96 segment 3/5
2026-09-06T23:43:29.642+01:00 INFO : Filtering template 32/96 segment 4/5
2026-09-06T23:43:29.683+01:00 INFO : 3 points above threshold
2026-09-06T23:43:29.705+01:00 INFO : Filtering template 32/96 segment 5/5
2026-09-06T23:43:29.746+01:00 INFO : 2 points above threshold
2026-09-06T23:43:29.754+01:00 INFO : 32: generating IMRPhenomD from 30.0 Hz
2026-09-06T23:43:29.756+01:00 INFO : Decompressing waveform using inline_linear
2026-09-06T23:43:29.761+01:00 INFO : Filtering template 33/96 segment 1/5
2026-09-06T23:43:29.812+01:00 INFO : 2 points above threshold
2026-09-06T23:43:29.832+01:00 INFO : Filtering template 33/96 segment 2/5
2026-09-06T23:43:29.873+01:00 INFO : Filtering template 33/96 segment 3/5
2026-09-06T23:43:29.914+01:00 INFO : Filtering template 33/96 segment 4/5
2026-09-06T23:43:29.954+01:00 INFO : 1 points above threshold
2026-09-06T23:43:29.960+01:00 INFO : Filtering template 33/96 segment 5/5
2026-09-06T23:43:30.001+01:00 INFO : 33: generating IMRPhenomD from 30.0 Hz
2026-09-06T23:43:30.004+01:00 INFO : Decompressing waveform using inline_linear
2026-09-06T23:43:30.009+01:00 INFO : Filtering template 34/96 segment 1/5
2026-09-06T23:43:30.059+01:00 INFO : Filtering template 34/96 segment 2/5
2026-09-06T23:43:30.100+01:00 INFO : 1 points above threshold
2026-09-06T23:43:30.119+01:00 INFO : Filtering template 34/96 segment 3/5
2026-09-06T23:43:30.159+01:00 INFO : 1 points above threshold
2026-09-06T23:43:30.165+01:00 INFO : Filtering template 34/96 segment 4/5
2026-09-06T23:43:30.206+01:00 INFO : Filtering template 34/96 segment 5/5
2026-09-06T23:43:30.246+01:00 INFO : 1 points above threshold
2026-09-06T23:43:30.252+01:00 INFO : 34: generating IMRPhenomD from 30.0 Hz
2026-09-06T23:43:30.255+01:00 INFO : Decompressing waveform using inline_linear
2026-09-06T23:43:30.260+01:00 INFO : Filtering template 35/96 segment 1/5
2026-09-06T23:43:30.310+01:00 INFO : 1 points above threshold
2026-09-06T23:43:30.329+01:00 INFO : Filtering template 35/96 segment 2/5
2026-09-06T23:43:30.369+01:00 INFO : 1 points above threshold
2026-09-06T23:43:30.375+01:00 INFO : Filtering template 35/96 segment 3/5
2026-09-06T23:43:30.416+01:00 INFO : 1 points above threshold
2026-09-06T23:43:30.422+01:00 INFO : Filtering template 35/96 segment 4/5
2026-09-06T23:43:30.462+01:00 INFO : Filtering template 35/96 segment 5/5
2026-09-06T23:43:30.503+01:00 INFO : 35: generating IMRPhenomD from 30.0 Hz
2026-09-06T23:43:30.506+01:00 INFO : Decompressing waveform using inline_linear
2026-09-06T23:43:30.511+01:00 INFO : Filtering template 36/96 segment 1/5
2026-09-06T23:43:30.561+01:00 INFO : 3 points above threshold
2026-09-06T23:43:30.584+01:00 INFO : Filtering template 36/96 segment 2/5
2026-09-06T23:43:30.624+01:00 INFO : 1 points above threshold
2026-09-06T23:43:30.630+01:00 INFO : Filtering template 36/96 segment 3/5
2026-09-06T23:43:30.671+01:00 INFO : 2 points above threshold
2026-09-06T23:43:30.679+01:00 INFO : Filtering template 36/96 segment 4/5
2026-09-06T23:43:30.719+01:00 INFO : Filtering template 36/96 segment 5/5
2026-09-06T23:43:30.760+01:00 INFO : 1 points above threshold
2026-09-06T23:43:30.766+01:00 INFO : 36: generating IMRPhenomD from 30.0 Hz
2026-09-06T23:43:30.768+01:00 INFO : Decompressing waveform using inline_linear
2026-09-06T23:43:30.773+01:00 INFO : Filtering template 37/96 segment 1/5
2026-09-06T23:43:30.824+01:00 INFO : 2 points above threshold
2026-09-06T23:43:30.844+01:00 INFO : Filtering template 37/96 segment 2/5
2026-09-06T23:43:30.885+01:00 INFO : 3 points above threshold
2026-09-06T23:43:30.895+01:00 INFO : Filtering template 37/96 segment 3/5
2026-09-06T23:43:30.935+01:00 INFO : 1 points above threshold
2026-09-06T23:43:30.941+01:00 INFO : Filtering template 37/96 segment 4/5
2026-09-06T23:43:30.982+01:00 INFO : 3 points above threshold
2026-09-06T23:43:30.992+01:00 INFO : Filtering template 37/96 segment 5/5
2026-09-06T23:43:31.033+01:00 INFO : 37: generating IMRPhenomD from 30.0 Hz
2026-09-06T23:43:31.035+01:00 INFO : Decompressing waveform using inline_linear
2026-09-06T23:43:31.040+01:00 INFO : Filtering template 38/96 segment 1/5
2026-09-06T23:43:31.091+01:00 INFO : Filtering template 38/96 segment 2/5
2026-09-06T23:43:31.131+01:00 INFO : Filtering template 38/96 segment 3/5
2026-09-06T23:43:31.172+01:00 INFO : 1 points above threshold
2026-09-06T23:43:31.190+01:00 INFO : Filtering template 38/96 segment 4/5
2026-09-06T23:43:31.231+01:00 INFO : 1 points above threshold
2026-09-06T23:43:31.237+01:00 INFO : Filtering template 38/96 segment 5/5
2026-09-06T23:43:31.277+01:00 INFO : 1 points above threshold
2026-09-06T23:43:31.284+01:00 INFO : 38: generating IMRPhenomD from 30.0 Hz
2026-09-06T23:43:31.286+01:00 INFO : Decompressing waveform using inline_linear
2026-09-06T23:43:31.291+01:00 INFO : Filtering template 39/96 segment 1/5
2026-09-06T23:43:31.342+01:00 INFO : Filtering template 39/96 segment 2/5
2026-09-06T23:43:31.382+01:00 INFO : 2 points above threshold
2026-09-06T23:43:31.403+01:00 INFO : Filtering template 39/96 segment 3/5
2026-09-06T23:43:31.444+01:00 INFO : Filtering template 39/96 segment 4/5
2026-09-06T23:43:31.484+01:00 INFO : 2 points above threshold
2026-09-06T23:43:31.492+01:00 INFO : Filtering template 39/96 segment 5/5
2026-09-06T23:43:31.533+01:00 INFO : 39: generating IMRPhenomD from 30.0 Hz
2026-09-06T23:43:31.536+01:00 INFO : Decompressing waveform using inline_linear
2026-09-06T23:43:31.541+01:00 INFO : Filtering template 40/96 segment 1/5
2026-09-06T23:43:31.592+01:00 INFO : Filtering template 40/96 segment 2/5
2026-09-06T23:43:31.632+01:00 INFO : Filtering template 40/96 segment 3/5
2026-09-06T23:43:31.673+01:00 INFO : Filtering template 40/96 segment 4/5
2026-09-06T23:43:31.714+01:00 INFO : 2 points above threshold
2026-09-06T23:43:31.734+01:00 INFO : Filtering template 40/96 segment 5/5
2026-09-06T23:43:31.775+01:00 INFO : 40: generating IMRPhenomD from 30.0 Hz
2026-09-06T23:43:31.778+01:00 INFO : Decompressing waveform using inline_linear
2026-09-06T23:43:31.783+01:00 INFO : Filtering template 41/96 segment 1/5
2026-09-06T23:43:31.834+01:00 INFO : Filtering template 41/96 segment 2/5
2026-09-06T23:43:31.874+01:00 INFO : Filtering template 41/96 segment 3/5
2026-09-06T23:43:31.915+01:00 INFO : 2 points above threshold
2026-09-06T23:43:31.936+01:00 INFO : Filtering template 41/96 segment 4/5
2026-09-06T23:43:31.976+01:00 INFO : 2 points above threshold
2026-09-06T23:43:31.984+01:00 INFO : Filtering template 41/96 segment 5/5
2026-09-06T23:43:32.025+01:00 INFO : 41: generating IMRPhenomD from 30.0 Hz
2026-09-06T23:43:32.028+01:00 INFO : Decompressing waveform using inline_linear
2026-09-06T23:43:32.032+01:00 INFO : Filtering template 42/96 segment 1/5
2026-09-06T23:43:32.083+01:00 INFO : Filtering template 42/96 segment 2/5
2026-09-06T23:43:32.124+01:00 INFO : 1 points above threshold
2026-09-06T23:43:32.143+01:00 INFO : Filtering template 42/96 segment 3/5
2026-09-06T23:43:32.183+01:00 INFO : Filtering template 42/96 segment 4/5
2026-09-06T23:43:32.224+01:00 INFO : 1 points above threshold
2026-09-06T23:43:32.230+01:00 INFO : Filtering template 42/96 segment 5/5
2026-09-06T23:43:32.270+01:00 INFO : 1 points above threshold
2026-09-06T23:43:32.277+01:00 INFO : 42: generating IMRPhenomD from 30.0 Hz
2026-09-06T23:43:32.279+01:00 INFO : Decompressing waveform using inline_linear
2026-09-06T23:43:32.284+01:00 INFO : Filtering template 43/96 segment 1/5
2026-09-06T23:43:32.335+01:00 INFO : 1 points above threshold
2026-09-06T23:43:32.353+01:00 INFO : Filtering template 43/96 segment 2/5
2026-09-06T23:43:32.394+01:00 INFO : 2 points above threshold
2026-09-06T23:43:32.402+01:00 INFO : Filtering template 43/96 segment 3/5
2026-09-06T23:43:32.442+01:00 INFO : 1 points above threshold
2026-09-06T23:43:32.448+01:00 INFO : Filtering template 43/96 segment 4/5
2026-09-06T23:43:32.489+01:00 INFO : Filtering template 43/96 segment 5/5
2026-09-06T23:43:32.530+01:00 INFO : 43: generating IMRPhenomD from 30.0 Hz
2026-09-06T23:43:32.532+01:00 INFO : Decompressing waveform using inline_linear
2026-09-06T23:43:32.537+01:00 INFO : Filtering template 44/96 segment 1/5
2026-09-06T23:43:32.588+01:00 INFO : 1 points above threshold
2026-09-06T23:43:32.606+01:00 INFO : Filtering template 44/96 segment 2/5
2026-09-06T23:43:32.647+01:00 INFO : Filtering template 44/96 segment 3/5
2026-09-06T23:43:32.688+01:00 INFO : Filtering template 44/96 segment 4/5
2026-09-06T23:43:32.728+01:00 INFO : 1 points above threshold
2026-09-06T23:43:32.734+01:00 INFO : Filtering template 44/96 segment 5/5
2026-09-06T23:43:32.775+01:00 INFO : 44: generating IMRPhenomD from 30.0 Hz
2026-09-06T23:43:32.778+01:00 INFO : Decompressing waveform using inline_linear
2026-09-06T23:43:32.783+01:00 INFO : Filtering template 45/96 segment 1/5
2026-09-06T23:43:32.833+01:00 INFO : 2 points above threshold
2026-09-06T23:43:32.854+01:00 INFO : Filtering template 45/96 segment 2/5
2026-09-06T23:43:32.894+01:00 INFO : 1 points above threshold
2026-09-06T23:43:32.900+01:00 INFO : Filtering template 45/96 segment 3/5
2026-09-06T23:43:32.941+01:00 INFO : 1 points above threshold
2026-09-06T23:43:32.947+01:00 INFO : Filtering template 45/96 segment 4/5
2026-09-06T23:43:32.987+01:00 INFO : Filtering template 45/96 segment 5/5
2026-09-06T23:43:33.028+01:00 INFO : 45: generating IMRPhenomD from 30.0 Hz
2026-09-06T23:43:33.031+01:00 INFO : Decompressing waveform using inline_linear
2026-09-06T23:43:33.036+01:00 INFO : Filtering template 46/96 segment 1/5
2026-09-06T23:43:33.087+01:00 INFO : Filtering template 46/96 segment 2/5
2026-09-06T23:43:33.127+01:00 INFO : Filtering template 46/96 segment 3/5
2026-09-06T23:43:33.168+01:00 INFO : 1 points above threshold
2026-09-06T23:43:33.187+01:00 INFO : Filtering template 46/96 segment 4/5
2026-09-06T23:43:33.227+01:00 INFO : 3 points above threshold
2026-09-06T23:43:33.237+01:00 INFO : Filtering template 46/96 segment 5/5
2026-09-06T23:43:33.278+01:00 INFO : 1 points above threshold
2026-09-06T23:43:33.284+01:00 INFO : 46: generating IMRPhenomD from 30.0 Hz
2026-09-06T23:43:33.287+01:00 INFO : Decompressing waveform using inline_linear
2026-09-06T23:43:33.291+01:00 INFO : Filtering template 47/96 segment 1/5
2026-09-06T23:43:33.342+01:00 INFO : 3 points above threshold
2026-09-06T23:43:33.365+01:00 INFO : Filtering template 47/96 segment 2/5
2026-09-06T23:43:33.405+01:00 INFO : Filtering template 47/96 segment 3/5
2026-09-06T23:43:33.446+01:00 INFO : 2 points above threshold
2026-09-06T23:43:33.454+01:00 INFO : Filtering template 47/96 segment 4/5
2026-09-06T23:43:33.494+01:00 INFO : 1 points above threshold
2026-09-06T23:43:33.500+01:00 INFO : Filtering template 47/96 segment 5/5
2026-09-06T23:43:33.541+01:00 INFO : 1 points above threshold
2026-09-06T23:43:33.547+01:00 INFO : 47: generating IMRPhenomD from 30.0 Hz
2026-09-06T23:43:33.549+01:00 INFO : Decompressing waveform using inline_linear
2026-09-06T23:43:33.554+01:00 INFO : Filtering template 48/96 segment 1/5
2026-09-06T23:43:33.605+01:00 INFO : 3 points above threshold
2026-09-06T23:43:33.628+01:00 INFO : Filtering template 48/96 segment 2/5
2026-09-06T23:43:33.668+01:00 INFO : 1 points above threshold
2026-09-06T23:43:33.674+01:00 INFO : Filtering template 48/96 segment 3/5
2026-09-06T23:43:33.715+01:00 INFO : 1 points above threshold
2026-09-06T23:43:33.721+01:00 INFO : Filtering template 48/96 segment 4/5
2026-09-06T23:43:33.761+01:00 INFO : 2 points above threshold
2026-09-06T23:43:33.769+01:00 INFO : Filtering template 48/96 segment 5/5
2026-09-06T23:43:33.809+01:00 INFO : 1 points above threshold
2026-09-06T23:43:33.817+01:00 INFO : 48: generating IMRPhenomD from 30.0 Hz
2026-09-06T23:43:33.819+01:00 INFO : Decompressing waveform using inline_linear
2026-09-06T23:43:33.824+01:00 INFO : Filtering template 49/96 segment 1/5
2026-09-06T23:43:33.875+01:00 INFO : 1 points above threshold
2026-09-06T23:43:33.893+01:00 INFO : Filtering template 49/96 segment 2/5
2026-09-06T23:43:33.934+01:00 INFO : 1 points above threshold
2026-09-06T23:43:33.940+01:00 INFO : Filtering template 49/96 segment 3/5
2026-09-06T23:43:33.980+01:00 INFO : 2 points above threshold
2026-09-06T23:43:33.988+01:00 INFO : Filtering template 49/96 segment 4/5
2026-09-06T23:43:34.029+01:00 INFO : Filtering template 49/96 segment 5/5
2026-09-06T23:43:34.070+01:00 INFO : 49: generating IMRPhenomD from 30.0 Hz
2026-09-06T23:43:34.072+01:00 INFO : Decompressing waveform using inline_linear
2026-09-06T23:43:34.077+01:00 INFO : Filtering template 50/96 segment 1/5
2026-09-06T23:43:34.128+01:00 INFO : Filtering template 50/96 segment 2/5
2026-09-06T23:43:34.169+01:00 INFO : 2 points above threshold
2026-09-06T23:43:34.189+01:00 INFO : Filtering template 50/96 segment 3/5
2026-09-06T23:43:34.230+01:00 INFO : 4 points above threshold
2026-09-06T23:43:34.239+01:00 INFO : Filtering template 50/96 segment 4/5
2026-09-06T23:43:34.280+01:00 INFO : 2 points above threshold
2026-09-06T23:43:34.287+01:00 INFO : Filtering template 50/96 segment 5/5
2026-09-06T23:43:34.328+01:00 INFO : 50: generating IMRPhenomD from 30.0 Hz
2026-09-06T23:43:34.331+01:00 INFO : Decompressing waveform using inline_linear
2026-09-06T23:43:34.336+01:00 INFO : Filtering template 51/96 segment 1/5
2026-09-06T23:43:34.386+01:00 INFO : 1 points above threshold
2026-09-06T23:43:34.405+01:00 INFO : Filtering template 51/96 segment 2/5
2026-09-06T23:43:34.445+01:00 INFO : 1 points above threshold
2026-09-06T23:43:34.451+01:00 INFO : Filtering template 51/96 segment 3/5
2026-09-06T23:43:34.492+01:00 INFO : Filtering template 51/96 segment 4/5
2026-09-06T23:43:34.532+01:00 INFO : 1 points above threshold
2026-09-06T23:43:34.538+01:00 INFO : Filtering template 51/96 segment 5/5
2026-09-06T23:43:34.578+01:00 INFO : 2 points above threshold
2026-09-06T23:43:34.587+01:00 INFO : 51: generating IMRPhenomD from 30.0 Hz
2026-09-06T23:43:34.589+01:00 INFO : Decompressing waveform using inline_linear
2026-09-06T23:43:34.594+01:00 INFO : Filtering template 52/96 segment 1/5
2026-09-06T23:43:34.645+01:00 INFO : 1 points above threshold
2026-09-06T23:43:34.663+01:00 INFO : Filtering template 52/96 segment 2/5
2026-09-06T23:43:34.703+01:00 INFO : 1 points above threshold
2026-09-06T23:43:34.709+01:00 INFO : Filtering template 52/96 segment 3/5
2026-09-06T23:43:34.750+01:00 INFO : Filtering template 52/96 segment 4/5
2026-09-06T23:43:34.791+01:00 INFO : 3 points above threshold
2026-09-06T23:43:34.801+01:00 INFO : Filtering template 52/96 segment 5/5
2026-09-06T23:43:34.841+01:00 INFO : 1 points above threshold
2026-09-06T23:43:34.847+01:00 INFO : 52: generating IMRPhenomD from 30.0 Hz
2026-09-06T23:43:34.850+01:00 INFO : Decompressing waveform using inline_linear
2026-09-06T23:43:34.855+01:00 INFO : Filtering template 53/96 segment 1/5
2026-09-06T23:43:34.905+01:00 INFO : 3 points above threshold
2026-09-06T23:43:34.928+01:00 INFO : Filtering template 53/96 segment 2/5
2026-09-06T23:43:34.968+01:00 INFO : 2 points above threshold
2026-09-06T23:43:34.976+01:00 INFO : Filtering template 53/96 segment 3/5
2026-09-06T23:43:35.017+01:00 INFO : 2 points above threshold
2026-09-06T23:43:35.025+01:00 INFO : Filtering template 53/96 segment 4/5
2026-09-06T23:43:35.065+01:00 INFO : 1 points above threshold
2026-09-06T23:43:35.071+01:00 INFO : Filtering template 53/96 segment 5/5
2026-09-06T23:43:35.112+01:00 INFO : 1 points above threshold
2026-09-06T23:43:35.118+01:00 INFO : 53: generating IMRPhenomD from 30.0 Hz
2026-09-06T23:43:35.120+01:00 INFO : Decompressing waveform using inline_linear
2026-09-06T23:43:35.125+01:00 INFO : Filtering template 54/96 segment 1/5
2026-09-06T23:43:35.176+01:00 INFO : Filtering template 54/96 segment 2/5
2026-09-06T23:43:35.217+01:00 INFO : Filtering template 54/96 segment 3/5
2026-09-06T23:43:35.257+01:00 INFO : 2 points above threshold
2026-09-06T23:43:35.278+01:00 INFO : Filtering template 54/96 segment 4/5
2026-09-06T23:43:35.318+01:00 INFO : 5 points above threshold
2026-09-06T23:43:35.331+01:00 INFO : Filtering template 54/96 segment 5/5
2026-09-06T23:43:35.372+01:00 INFO : 54: generating IMRPhenomD from 30.0 Hz
2026-09-06T23:43:35.374+01:00 INFO : Decompressing waveform using inline_linear
2026-09-06T23:43:35.379+01:00 INFO : Filtering template 55/96 segment 1/5
2026-09-06T23:43:35.430+01:00 INFO : Filtering template 55/96 segment 2/5
2026-09-06T23:43:35.470+01:00 INFO : 1 points above threshold
2026-09-06T23:43:35.489+01:00 INFO : Filtering template 55/96 segment 3/5
2026-09-06T23:43:35.530+01:00 INFO : 3 points above threshold
2026-09-06T23:43:35.540+01:00 INFO : Filtering template 55/96 segment 4/5
2026-09-06T23:43:35.580+01:00 INFO : 1 points above threshold
2026-09-06T23:43:35.586+01:00 INFO : Filtering template 55/96 segment 5/5
2026-09-06T23:43:35.627+01:00 INFO : 1 points above threshold
2026-09-06T23:43:35.633+01:00 INFO : 55: generating IMRPhenomD from 30.0 Hz
2026-09-06T23:43:35.635+01:00 INFO : Decompressing waveform using inline_linear
2026-09-06T23:43:35.640+01:00 INFO : Filtering template 56/96 segment 1/5
2026-09-06T23:43:35.691+01:00 INFO : 1 points above threshold
2026-09-06T23:43:35.710+01:00 INFO : Filtering template 56/96 segment 2/5
2026-09-06T23:43:35.750+01:00 INFO : 1 points above threshold
2026-09-06T23:43:35.756+01:00 INFO : Filtering template 56/96 segment 3/5
2026-09-06T23:43:35.797+01:00 INFO : 3 points above threshold
2026-09-06T23:43:35.807+01:00 INFO : Filtering template 56/96 segment 4/5
2026-09-06T23:43:35.847+01:00 INFO : Filtering template 56/96 segment 5/5
2026-09-06T23:43:35.888+01:00 INFO : 1 points above threshold
2026-09-06T23:43:35.894+01:00 INFO : 56: generating IMRPhenomD from 30.0 Hz
2026-09-06T23:43:35.897+01:00 INFO : Decompressing waveform using inline_linear
2026-09-06T23:43:35.902+01:00 INFO : Filtering template 57/96 segment 1/5
2026-09-06T23:43:35.952+01:00 INFO : 1 points above threshold
2026-09-06T23:43:35.971+01:00 INFO : Filtering template 57/96 segment 2/5
2026-09-06T23:43:36.012+01:00 INFO : 2 points above threshold
2026-09-06T23:43:36.020+01:00 INFO : Filtering template 57/96 segment 3/5
2026-09-06T23:43:36.060+01:00 INFO : 2 points above threshold
2026-09-06T23:43:36.068+01:00 INFO : Filtering template 57/96 segment 4/5
2026-09-06T23:43:36.109+01:00 INFO : 2 points above threshold
2026-09-06T23:43:36.116+01:00 INFO : Filtering template 57/96 segment 5/5
2026-09-06T23:43:36.157+01:00 INFO : 57: generating IMRPhenomD from 30.0 Hz
2026-09-06T23:43:36.160+01:00 INFO : Decompressing waveform using inline_linear
2026-09-06T23:43:36.165+01:00 INFO : Filtering template 58/96 segment 1/5
2026-09-06T23:43:36.215+01:00 INFO : 1 points above threshold
2026-09-06T23:43:36.234+01:00 INFO : Filtering template 58/96 segment 2/5
2026-09-06T23:43:36.275+01:00 INFO : 2 points above threshold
2026-09-06T23:43:36.282+01:00 INFO : Filtering template 58/96 segment 3/5
2026-09-06T23:43:36.323+01:00 INFO : 1 points above threshold
2026-09-06T23:43:36.329+01:00 INFO : Filtering template 58/96 segment 4/5
2026-09-06T23:43:36.369+01:00 INFO : 1 points above threshold
2026-09-06T23:43:36.376+01:00 INFO : Filtering template 58/96 segment 5/5
2026-09-06T23:43:36.416+01:00 INFO : 2 points above threshold
2026-09-06T23:43:36.424+01:00 INFO : 58: generating IMRPhenomD from 30.0 Hz
2026-09-06T23:43:36.427+01:00 INFO : Decompressing waveform using inline_linear
2026-09-06T23:43:36.431+01:00 INFO : Filtering template 59/96 segment 1/5
2026-09-06T23:43:36.482+01:00 INFO : 1 points above threshold
2026-09-06T23:43:36.501+01:00 INFO : Filtering template 59/96 segment 2/5
2026-09-06T23:43:36.541+01:00 INFO : 2 points above threshold
2026-09-06T23:43:36.549+01:00 INFO : Filtering template 59/96 segment 3/5
2026-09-06T23:43:36.590+01:00 INFO : 2 points above threshold
2026-09-06T23:43:36.597+01:00 INFO : Filtering template 59/96 segment 4/5
2026-09-06T23:43:36.638+01:00 INFO : 1 points above threshold
2026-09-06T23:43:36.644+01:00 INFO : Filtering template 59/96 segment 5/5
2026-09-06T23:43:36.685+01:00 INFO : 59: generating IMRPhenomD from 30.0 Hz
2026-09-06T23:43:36.687+01:00 INFO : Decompressing waveform using inline_linear
2026-09-06T23:43:36.692+01:00 INFO : Filtering template 60/96 segment 1/5
2026-09-06T23:43:36.743+01:00 INFO : Filtering template 60/96 segment 2/5
2026-09-06T23:43:36.784+01:00 INFO : Filtering template 60/96 segment 3/5
2026-09-06T23:43:36.824+01:00 INFO : 1 points above threshold
2026-09-06T23:43:36.843+01:00 INFO : Filtering template 60/96 segment 4/5
2026-09-06T23:43:36.884+01:00 INFO : 2 points above threshold
2026-09-06T23:43:36.891+01:00 INFO : Filtering template 60/96 segment 5/5
2026-09-06T23:43:36.933+01:00 INFO : 60: generating IMRPhenomD from 30.0 Hz
2026-09-06T23:43:36.936+01:00 INFO : Decompressing waveform using inline_linear
2026-09-06T23:43:36.940+01:00 INFO : Filtering template 61/96 segment 1/5
2026-09-06T23:43:36.992+01:00 INFO : Filtering template 61/96 segment 2/5
2026-09-06T23:43:37.033+01:00 INFO : 2 points above threshold
2026-09-06T23:43:37.053+01:00 INFO : Filtering template 61/96 segment 3/5
2026-09-06T23:43:37.094+01:00 INFO : 1 points above threshold
2026-09-06T23:43:37.100+01:00 INFO : Filtering template 61/96 segment 4/5
2026-09-06T23:43:37.140+01:00 INFO : 1 points above threshold
2026-09-06T23:43:37.146+01:00 INFO : Filtering template 61/96 segment 5/5
2026-09-06T23:43:37.187+01:00 INFO : 61: generating IMRPhenomD from 30.0 Hz
2026-09-06T23:43:37.190+01:00 INFO : Decompressing waveform using inline_linear
2026-09-06T23:43:37.195+01:00 INFO : Filtering template 62/96 segment 1/5
2026-09-06T23:43:37.246+01:00 INFO : 2 points above threshold
2026-09-06T23:43:37.266+01:00 INFO : Filtering template 62/96 segment 2/5
2026-09-06T23:43:37.307+01:00 INFO : Filtering template 62/96 segment 3/5
2026-09-06T23:43:37.347+01:00 INFO : Filtering template 62/96 segment 4/5
2026-09-06T23:43:37.388+01:00 INFO : 5 points above threshold
2026-09-06T23:43:37.400+01:00 INFO : Filtering template 62/96 segment 5/5
2026-09-06T23:43:37.441+01:00 INFO : 62: generating IMRPhenomD from 30.0 Hz
2026-09-06T23:43:37.444+01:00 INFO : Decompressing waveform using inline_linear
2026-09-06T23:43:37.449+01:00 INFO : Filtering template 63/96 segment 1/5
2026-09-06T23:43:37.499+01:00 INFO : Filtering template 63/96 segment 2/5
2026-09-06T23:43:37.540+01:00 INFO : 1 points above threshold
2026-09-06T23:43:37.559+01:00 INFO : Filtering template 63/96 segment 3/5
2026-09-06T23:43:37.599+01:00 INFO : 2 points above threshold
2026-09-06T23:43:37.607+01:00 INFO : Filtering template 63/96 segment 4/5
2026-09-06T23:43:37.647+01:00 INFO : 1 points above threshold
2026-09-06T23:43:37.653+01:00 INFO : Filtering template 63/96 segment 5/5
2026-09-06T23:43:37.694+01:00 INFO : 1 points above threshold
2026-09-06T23:43:37.700+01:00 INFO : 63: generating IMRPhenomD from 30.0 Hz
2026-09-06T23:43:37.703+01:00 INFO : Decompressing waveform using inline_linear
2026-09-06T23:43:37.708+01:00 INFO : Filtering template 64/96 segment 1/5
2026-09-06T23:43:37.758+01:00 INFO : 2 points above threshold
2026-09-06T23:43:37.779+01:00 INFO : Filtering template 64/96 segment 2/5
2026-09-06T23:43:37.820+01:00 INFO : 1 points above threshold
2026-09-06T23:43:37.826+01:00 INFO : Filtering template 64/96 segment 3/5
2026-09-06T23:43:37.866+01:00 INFO : Filtering template 64/96 segment 4/5
2026-09-06T23:43:37.907+01:00 INFO : Filtering template 64/96 segment 5/5
2026-09-06T23:43:37.948+01:00 INFO : 64: generating IMRPhenomD from 30.0 Hz
2026-09-06T23:43:37.950+01:00 INFO : Decompressing waveform using inline_linear
2026-09-06T23:43:37.955+01:00 INFO : Filtering template 65/96 segment 1/5
2026-09-06T23:43:38.006+01:00 INFO : 2 points above threshold
2026-09-06T23:43:38.027+01:00 INFO : Filtering template 65/96 segment 2/5
2026-09-06T23:43:38.067+01:00 INFO : 2 points above threshold
2026-09-06T23:43:38.075+01:00 INFO : Filtering template 65/96 segment 3/5
2026-09-06T23:43:38.116+01:00 INFO : 1 points above threshold
2026-09-06T23:43:38.122+01:00 INFO : Filtering template 65/96 segment 4/5
2026-09-06T23:43:38.162+01:00 INFO : 2 points above threshold
2026-09-06T23:43:38.170+01:00 INFO : Filtering template 65/96 segment 5/5
2026-09-06T23:43:38.211+01:00 INFO : 65: generating IMRPhenomD from 30.0 Hz
2026-09-06T23:43:38.214+01:00 INFO : Decompressing waveform using inline_linear
2026-09-06T23:43:38.219+01:00 INFO : Filtering template 66/96 segment 1/5
2026-09-06T23:43:38.269+01:00 INFO : 1 points above threshold
2026-09-06T23:43:38.288+01:00 INFO : Filtering template 66/96 segment 2/5
2026-09-06T23:43:38.329+01:00 INFO : 1 points above threshold
2026-09-06T23:43:38.335+01:00 INFO : Filtering template 66/96 segment 3/5
2026-09-06T23:43:38.375+01:00 INFO : 2 points above threshold
2026-09-06T23:43:38.383+01:00 INFO : Filtering template 66/96 segment 4/5
2026-09-06T23:43:38.424+01:00 INFO : 1 points above threshold
2026-09-06T23:43:38.430+01:00 INFO : Filtering template 66/96 segment 5/5
2026-09-06T23:43:38.470+01:00 INFO : 66: generating IMRPhenomD from 30.0 Hz
2026-09-06T23:43:38.473+01:00 INFO : Decompressing waveform using inline_linear
2026-09-06T23:43:38.478+01:00 INFO : Filtering template 67/96 segment 1/5
2026-09-06T23:43:38.529+01:00 INFO : 3 points above threshold
2026-09-06T23:43:38.551+01:00 INFO : Filtering template 67/96 segment 2/5
2026-09-06T23:43:38.592+01:00 INFO : Filtering template 67/96 segment 3/5
2026-09-06T23:43:38.633+01:00 INFO : 1 points above threshold
2026-09-06T23:43:38.639+01:00 INFO : Filtering template 67/96 segment 4/5
2026-09-06T23:43:38.679+01:00 INFO : Filtering template 67/96 segment 5/5
2026-09-06T23:43:38.720+01:00 INFO : 67: generating IMRPhenomD from 30.0 Hz
2026-09-06T23:43:38.723+01:00 INFO : Decompressing waveform using inline_linear
2026-09-06T23:43:38.728+01:00 INFO : Filtering template 68/96 segment 1/5
2026-09-06T23:43:38.778+01:00 INFO : 1 points above threshold
2026-09-06T23:43:38.797+01:00 INFO : Filtering template 68/96 segment 2/5
2026-09-06T23:43:38.837+01:00 INFO : 1 points above threshold
2026-09-06T23:43:38.843+01:00 INFO : Filtering template 68/96 segment 3/5
2026-09-06T23:43:38.884+01:00 INFO : 1 points above threshold
2026-09-06T23:43:38.890+01:00 INFO : Filtering template 68/96 segment 4/5
2026-09-06T23:43:38.930+01:00 INFO : 1 points above threshold
2026-09-06T23:43:38.936+01:00 INFO : Filtering template 68/96 segment 5/5
2026-09-06T23:43:38.977+01:00 INFO : 1 points above threshold
2026-09-06T23:43:38.983+01:00 INFO : 68: generating IMRPhenomD from 30.0 Hz
2026-09-06T23:43:38.985+01:00 INFO : Decompressing waveform using inline_linear
2026-09-06T23:43:38.990+01:00 INFO : Filtering template 69/96 segment 1/5
2026-09-06T23:43:39.041+01:00 INFO : Filtering template 69/96 segment 2/5
2026-09-06T23:43:39.082+01:00 INFO : Filtering template 69/96 segment 3/5
2026-09-06T23:43:39.122+01:00 INFO : 1 points above threshold
2026-09-06T23:43:39.141+01:00 INFO : Filtering template 69/96 segment 4/5
2026-09-06T23:43:39.182+01:00 INFO : 2 points above threshold
2026-09-06T23:43:39.190+01:00 INFO : Filtering template 69/96 segment 5/5
2026-09-06T23:43:39.230+01:00 INFO : 69: generating IMRPhenomD from 30.0 Hz
2026-09-06T23:43:39.233+01:00 INFO : Decompressing waveform using inline_linear
2026-09-06T23:43:39.238+01:00 INFO : Filtering template 70/96 segment 1/5
2026-09-06T23:43:39.289+01:00 INFO : 2 points above threshold
2026-09-06T23:43:39.309+01:00 INFO : Filtering template 70/96 segment 2/5
2026-09-06T23:43:39.350+01:00 INFO : 2 points above threshold
2026-09-06T23:43:39.358+01:00 INFO : Filtering template 70/96 segment 3/5
2026-09-06T23:43:39.398+01:00 INFO : Filtering template 70/96 segment 4/5
2026-09-06T23:43:39.439+01:00 INFO : 2 points above threshold
2026-09-06T23:43:39.447+01:00 INFO : Filtering template 70/96 segment 5/5
2026-09-06T23:43:39.487+01:00 INFO : 2 points above threshold
2026-09-06T23:43:39.496+01:00 INFO : 70: generating IMRPhenomD from 30.0 Hz
2026-09-06T23:43:39.498+01:00 INFO : Decompressing waveform using inline_linear
2026-09-06T23:43:39.503+01:00 INFO : Filtering template 71/96 segment 1/5
2026-09-06T23:43:39.553+01:00 INFO : Filtering template 71/96 segment 2/5
2026-09-06T23:43:39.594+01:00 INFO : 1 points above threshold
2026-09-06T23:43:39.613+01:00 INFO : Filtering template 71/96 segment 3/5
2026-09-06T23:43:39.653+01:00 INFO : 1 points above threshold
2026-09-06T23:43:39.659+01:00 INFO : Filtering template 71/96 segment 4/5
2026-09-06T23:43:39.700+01:00 INFO : 3 points above threshold
2026-09-06T23:43:39.710+01:00 INFO : Filtering template 71/96 segment 5/5
2026-09-06T23:43:39.750+01:00 INFO : 71: generating IMRPhenomD from 30.0 Hz
2026-09-06T23:43:39.753+01:00 INFO : Decompressing waveform using inline_linear
2026-09-06T23:43:39.758+01:00 INFO : Filtering template 72/96 segment 1/5
2026-09-06T23:43:39.809+01:00 INFO : 2 points above threshold
2026-09-06T23:43:39.829+01:00 INFO : Filtering template 72/96 segment 2/5
2026-09-06T23:43:39.870+01:00 INFO : 1 points above threshold
2026-09-06T23:43:39.876+01:00 INFO : Filtering template 72/96 segment 3/5
2026-09-06T23:43:39.916+01:00 INFO : 1 points above threshold
2026-09-06T23:43:39.922+01:00 INFO : Filtering template 72/96 segment 4/5
2026-09-06T23:43:39.963+01:00 INFO : 3 points above threshold
2026-09-06T23:43:39.973+01:00 INFO : Filtering template 72/96 segment 5/5
2026-09-06T23:43:40.013+01:00 INFO : 3 points above threshold
2026-09-06T23:43:40.024+01:00 INFO : 72: generating IMRPhenomD from 30.0 Hz
2026-09-06T23:43:40.026+01:00 INFO : Decompressing waveform using inline_linear
2026-09-06T23:43:40.031+01:00 INFO : Filtering template 73/96 segment 1/5
2026-09-06T23:43:40.082+01:00 INFO : 1 points above threshold
2026-09-06T23:43:40.100+01:00 INFO : Filtering template 73/96 segment 2/5
2026-09-06T23:43:40.141+01:00 INFO : 1 points above threshold
2026-09-06T23:43:40.147+01:00 INFO : Filtering template 73/96 segment 3/5
2026-09-06T23:43:40.188+01:00 INFO : 1 points above threshold
2026-09-06T23:43:40.194+01:00 INFO : Filtering template 73/96 segment 4/5
2026-09-06T23:43:40.234+01:00 INFO : Filtering template 73/96 segment 5/5
2026-09-06T23:43:40.275+01:00 INFO : 1 points above threshold
2026-09-06T23:43:40.282+01:00 INFO : 73: generating IMRPhenomD from 30.0 Hz
2026-09-06T23:43:40.284+01:00 INFO : Decompressing waveform using inline_linear
2026-09-06T23:43:40.289+01:00 INFO : Filtering template 74/96 segment 1/5
2026-09-06T23:43:40.340+01:00 INFO : 3 points above threshold
2026-09-06T23:43:40.362+01:00 INFO : Filtering template 74/96 segment 2/5
2026-09-06T23:43:40.403+01:00 INFO : 3 points above threshold
2026-09-06T23:43:40.413+01:00 INFO : Filtering template 74/96 segment 3/5
2026-09-06T23:43:40.453+01:00 INFO : Filtering template 74/96 segment 4/5
2026-09-06T23:43:40.494+01:00 INFO : 1 points above threshold
2026-09-06T23:43:40.500+01:00 INFO : Filtering template 74/96 segment 5/5
2026-09-06T23:43:40.541+01:00 INFO : 74: generating IMRPhenomD from 30.0 Hz
2026-09-06T23:43:40.543+01:00 INFO : Decompressing waveform using inline_linear
2026-09-06T23:43:40.548+01:00 INFO : Filtering template 75/96 segment 1/5
2026-09-06T23:43:40.599+01:00 INFO : Filtering template 75/96 segment 2/5
2026-09-06T23:43:40.639+01:00 INFO : 1 points above threshold
2026-09-06T23:43:40.658+01:00 INFO : Filtering template 75/96 segment 3/5
2026-09-06T23:43:40.698+01:00 INFO : 2 points above threshold
2026-09-06T23:43:40.706+01:00 INFO : Filtering template 75/96 segment 4/5
2026-09-06T23:43:40.747+01:00 INFO : Filtering template 75/96 segment 5/5
2026-09-06T23:43:40.787+01:00 INFO : 2 points above threshold
2026-09-06T23:43:40.796+01:00 INFO : 75: generating IMRPhenomD from 30.0 Hz
2026-09-06T23:43:40.798+01:00 INFO : Decompressing waveform using inline_linear
2026-09-06T23:43:40.803+01:00 INFO : Filtering template 76/96 segment 1/5
2026-09-06T23:43:40.854+01:00 INFO : 1 points above threshold
2026-09-06T23:43:40.872+01:00 INFO : Filtering template 76/96 segment 2/5
2026-09-06T23:43:40.913+01:00 INFO : Filtering template 76/96 segment 3/5
2026-09-06T23:43:40.954+01:00 INFO : 1 points above threshold
2026-09-06T23:43:40.960+01:00 INFO : Filtering template 76/96 segment 4/5
2026-09-06T23:43:41.000+01:00 INFO : Filtering template 76/96 segment 5/5
2026-09-06T23:43:41.041+01:00 INFO : 2 points above threshold
2026-09-06T23:43:41.049+01:00 INFO : 76: generating IMRPhenomD from 30.0 Hz
2026-09-06T23:43:41.052+01:00 INFO : Decompressing waveform using inline_linear
2026-09-06T23:43:41.057+01:00 INFO : Filtering template 77/96 segment 1/5
2026-09-06T23:43:41.108+01:00 INFO : Filtering template 77/96 segment 2/5
2026-09-06T23:43:41.149+01:00 INFO : 1 points above threshold
2026-09-06T23:43:41.168+01:00 INFO : Filtering template 77/96 segment 3/5
2026-09-06T23:43:41.208+01:00 INFO : Filtering template 77/96 segment 4/5
2026-09-06T23:43:41.249+01:00 INFO : 1 points above threshold
2026-09-06T23:43:41.255+01:00 INFO : Filtering template 77/96 segment 5/5
2026-09-06T23:43:41.296+01:00 INFO : 77: generating IMRPhenomD from 30.0 Hz
2026-09-06T23:43:41.298+01:00 INFO : Decompressing waveform using inline_linear
2026-09-06T23:43:41.303+01:00 INFO : Filtering template 78/96 segment 1/5
2026-09-06T23:43:41.354+01:00 INFO : Filtering template 78/96 segment 2/5
2026-09-06T23:43:41.395+01:00 INFO : Filtering template 78/96 segment 3/5
2026-09-06T23:43:41.435+01:00 INFO : Filtering template 78/96 segment 4/5
2026-09-06T23:43:41.476+01:00 INFO : 1 points above threshold
2026-09-06T23:43:41.495+01:00 INFO : Filtering template 78/96 segment 5/5
2026-09-06T23:43:41.535+01:00 INFO : 78: generating IMRPhenomD from 30.0 Hz
2026-09-06T23:43:41.538+01:00 INFO : Decompressing waveform using inline_linear
2026-09-06T23:43:41.543+01:00 INFO : Filtering template 79/96 segment 1/5
2026-09-06T23:43:41.594+01:00 INFO : 2 points above threshold
2026-09-06T23:43:41.614+01:00 INFO : Filtering template 79/96 segment 2/5
2026-09-06T23:43:41.655+01:00 INFO : Filtering template 79/96 segment 3/5
2026-09-06T23:43:41.695+01:00 INFO : 1 points above threshold
2026-09-06T23:43:41.701+01:00 INFO : Filtering template 79/96 segment 4/5
2026-09-06T23:43:41.741+01:00 INFO : 1 points above threshold
2026-09-06T23:43:41.747+01:00 INFO : Filtering template 79/96 segment 5/5
2026-09-06T23:43:41.788+01:00 INFO : 3 points above threshold
2026-09-06T23:43:41.798+01:00 INFO : 79: generating IMRPhenomD from 30.0 Hz
2026-09-06T23:43:41.801+01:00 INFO : Decompressing waveform using inline_linear
2026-09-06T23:43:41.806+01:00 INFO : Filtering template 80/96 segment 1/5
2026-09-06T23:43:41.856+01:00 INFO : 2 points above threshold
2026-09-06T23:43:41.877+01:00 INFO : Filtering template 80/96 segment 2/5
2026-09-06T23:43:41.918+01:00 INFO : 1 points above threshold
2026-09-06T23:43:41.924+01:00 INFO : Filtering template 80/96 segment 3/5
2026-09-06T23:43:41.964+01:00 INFO : 1 points above threshold
2026-09-06T23:43:41.970+01:00 INFO : Filtering template 80/96 segment 4/5
2026-09-06T23:43:42.011+01:00 INFO : Filtering template 80/96 segment 5/5
2026-09-06T23:43:42.052+01:00 INFO : 1 points above threshold
2026-09-06T23:43:42.058+01:00 INFO : 80: generating IMRPhenomD from 30.0 Hz
2026-09-06T23:43:42.061+01:00 INFO : Decompressing waveform using inline_linear
2026-09-06T23:43:42.066+01:00 INFO : Filtering template 81/96 segment 1/5
2026-09-06T23:43:42.117+01:00 INFO : 1 points above threshold
2026-09-06T23:43:42.135+01:00 INFO : Filtering template 81/96 segment 2/5
2026-09-06T23:43:42.176+01:00 INFO : 2 points above threshold
2026-09-06T23:43:42.184+01:00 INFO : Filtering template 81/96 segment 3/5
2026-09-06T23:43:42.224+01:00 INFO : 1 points above threshold
2026-09-06T23:43:42.230+01:00 INFO : Filtering template 81/96 segment 4/5
2026-09-06T23:43:42.271+01:00 INFO : Filtering template 81/96 segment 5/5
2026-09-06T23:43:42.312+01:00 INFO : 1 points above threshold
2026-09-06T23:43:42.318+01:00 INFO : 81: generating IMRPhenomD from 30.0 Hz
2026-09-06T23:43:42.321+01:00 INFO : Decompressing waveform using inline_linear
2026-09-06T23:43:42.325+01:00 INFO : Filtering template 82/96 segment 1/5
2026-09-06T23:43:42.376+01:00 INFO : Filtering template 82/96 segment 2/5
2026-09-06T23:43:42.417+01:00 INFO : 2 points above threshold
2026-09-06T23:43:42.437+01:00 INFO : Filtering template 82/96 segment 3/5
2026-09-06T23:43:42.478+01:00 INFO : 1 points above threshold
2026-09-06T23:43:42.484+01:00 INFO : Filtering template 82/96 segment 4/5
2026-09-06T23:43:42.525+01:00 INFO : Filtering template 82/96 segment 5/5
2026-09-06T23:43:42.565+01:00 INFO : 82: generating IMRPhenomD from 30.0 Hz
2026-09-06T23:43:42.568+01:00 INFO : Decompressing waveform using inline_linear
2026-09-06T23:43:42.573+01:00 INFO : Filtering template 83/96 segment 1/5
2026-09-06T23:43:42.624+01:00 INFO : 1 points above threshold
2026-09-06T23:43:42.642+01:00 INFO : Filtering template 83/96 segment 2/5
2026-09-06T23:43:42.683+01:00 INFO : 2 points above threshold
2026-09-06T23:43:42.690+01:00 INFO : Filtering template 83/96 segment 3/5
2026-09-06T23:43:42.731+01:00 INFO : 2 points above threshold
2026-09-06T23:43:42.739+01:00 INFO : Filtering template 83/96 segment 4/5
2026-09-06T23:43:42.779+01:00 INFO : 3 points above threshold
2026-09-06T23:43:42.789+01:00 INFO : Filtering template 83/96 segment 5/5
2026-09-06T23:43:42.830+01:00 INFO : 3 points above threshold
2026-09-06T23:43:42.840+01:00 INFO : 83: generating IMRPhenomD from 30.0 Hz
2026-09-06T23:43:42.843+01:00 INFO : Decompressing waveform using inline_linear
2026-09-06T23:43:42.848+01:00 INFO : Filtering template 84/96 segment 1/5
2026-09-06T23:43:42.898+01:00 INFO : Filtering template 84/96 segment 2/5
2026-09-06T23:43:42.939+01:00 INFO : Filtering template 84/96 segment 3/5
2026-09-06T23:43:42.980+01:00 INFO : 1 points above threshold
2026-09-06T23:43:42.998+01:00 INFO : Filtering template 84/96 segment 4/5
2026-09-06T23:43:43.039+01:00 INFO : 3 points above threshold
2026-09-06T23:43:43.049+01:00 INFO : Filtering template 84/96 segment 5/5
2026-09-06T23:43:43.090+01:00 INFO : 84: generating IMRPhenomD from 30.0 Hz
2026-09-06T23:43:43.092+01:00 INFO : Decompressing waveform using inline_linear
2026-09-06T23:43:43.097+01:00 INFO : Filtering template 85/96 segment 1/5
2026-09-06T23:43:43.148+01:00 INFO : 1 points above threshold
2026-09-06T23:43:43.166+01:00 INFO : Filtering template 85/96 segment 2/5
2026-09-06T23:43:43.207+01:00 INFO : 2 points above threshold
2026-09-06T23:43:43.215+01:00 INFO : Filtering template 85/96 segment 3/5
2026-09-06T23:43:43.255+01:00 INFO : 1 points above threshold
2026-09-06T23:43:43.261+01:00 INFO : Filtering template 85/96 segment 4/5
2026-09-06T23:43:43.302+01:00 INFO : 3 points above threshold
2026-09-06T23:43:43.312+01:00 INFO : Filtering template 85/96 segment 5/5
2026-09-06T23:43:43.352+01:00 INFO : 2 points above threshold
2026-09-06T23:43:43.360+01:00 INFO : 85: generating IMRPhenomD from 30.0 Hz
2026-09-06T23:43:43.363+01:00 INFO : Decompressing waveform using inline_linear
2026-09-06T23:43:43.368+01:00 INFO : Filtering template 86/96 segment 1/5
2026-09-06T23:43:43.418+01:00 INFO : 2 points above threshold
2026-09-06T23:43:43.439+01:00 INFO : Filtering template 86/96 segment 2/5
2026-09-06T23:43:43.480+01:00 INFO : 2 points above threshold
2026-09-06T23:43:43.487+01:00 INFO : Filtering template 86/96 segment 3/5
2026-09-06T23:43:43.528+01:00 INFO : 1 points above threshold
2026-09-06T23:43:43.534+01:00 INFO : Filtering template 86/96 segment 4/5
2026-09-06T23:43:43.574+01:00 INFO : 1 points above threshold
2026-09-06T23:43:43.580+01:00 INFO : Filtering template 86/96 segment 5/5
2026-09-06T23:43:43.621+01:00 INFO : 2 points above threshold
2026-09-06T23:43:43.629+01:00 INFO : 86: generating IMRPhenomD from 30.0 Hz
2026-09-06T23:43:43.631+01:00 INFO : Decompressing waveform using inline_linear
2026-09-06T23:43:43.636+01:00 INFO : Filtering template 87/96 segment 1/5
2026-09-06T23:43:43.687+01:00 INFO : 1 points above threshold
2026-09-06T23:43:43.705+01:00 INFO : Filtering template 87/96 segment 2/5
2026-09-06T23:43:43.746+01:00 INFO : 2 points above threshold
2026-09-06T23:43:43.754+01:00 INFO : Filtering template 87/96 segment 3/5
2026-09-06T23:43:43.794+01:00 INFO : 1 points above threshold
2026-09-06T23:43:43.800+01:00 INFO : Filtering template 87/96 segment 4/5
2026-09-06T23:43:43.841+01:00 INFO : 1 points above threshold
2026-09-06T23:43:43.847+01:00 INFO : Filtering template 87/96 segment 5/5
2026-09-06T23:43:43.888+01:00 INFO : 1 points above threshold
2026-09-06T23:43:43.894+01:00 INFO : 87: generating IMRPhenomD from 30.0 Hz
2026-09-06T23:43:43.897+01:00 INFO : Decompressing waveform using inline_linear
2026-09-06T23:43:43.901+01:00 INFO : Filtering template 88/96 segment 1/5
2026-09-06T23:43:43.952+01:00 INFO : 2 points above threshold
2026-09-06T23:43:43.972+01:00 INFO : Filtering template 88/96 segment 2/5
2026-09-06T23:43:44.013+01:00 INFO : 1 points above threshold
2026-09-06T23:43:44.019+01:00 INFO : Filtering template 88/96 segment 3/5
2026-09-06T23:43:44.060+01:00 INFO : Filtering template 88/96 segment 4/5
2026-09-06T23:43:44.100+01:00 INFO : Filtering template 88/96 segment 5/5
2026-09-06T23:43:44.141+01:00 INFO : 2 points above threshold
2026-09-06T23:43:44.149+01:00 INFO : 88: generating IMRPhenomD from 30.0 Hz
2026-09-06T23:43:44.152+01:00 INFO : Decompressing waveform using inline_linear
2026-09-06T23:43:44.156+01:00 INFO : Filtering template 89/96 segment 1/5
2026-09-06T23:43:44.207+01:00 INFO : 2 points above threshold
2026-09-06T23:43:44.228+01:00 INFO : Filtering template 89/96 segment 2/5
2026-09-06T23:43:44.268+01:00 INFO : 1 points above threshold
2026-09-06T23:43:44.274+01:00 INFO : Filtering template 89/96 segment 3/5
2026-09-06T23:43:44.315+01:00 INFO : 2 points above threshold
2026-09-06T23:43:44.323+01:00 INFO : Filtering template 89/96 segment 4/5
2026-09-06T23:43:44.363+01:00 INFO : Filtering template 89/96 segment 5/5
2026-09-06T23:43:44.404+01:00 INFO : 89: generating IMRPhenomD from 30.0 Hz
2026-09-06T23:43:44.407+01:00 INFO : Decompressing waveform using inline_linear
2026-09-06T23:43:44.412+01:00 INFO : Filtering template 90/96 segment 1/5
2026-09-06T23:43:44.462+01:00 INFO : Filtering template 90/96 segment 2/5
2026-09-06T23:43:44.503+01:00 INFO : 1 points above threshold
2026-09-06T23:43:44.522+01:00 INFO : Filtering template 90/96 segment 3/5
2026-09-06T23:43:44.562+01:00 INFO : 3 points above threshold
2026-09-06T23:43:44.572+01:00 INFO : Filtering template 90/96 segment 4/5
2026-09-06T23:43:44.613+01:00 INFO : Filtering template 90/96 segment 5/5
2026-09-06T23:43:44.653+01:00 INFO : 1 points above threshold
2026-09-06T23:43:44.660+01:00 INFO : 90: generating IMRPhenomD from 30.0 Hz
2026-09-06T23:43:44.662+01:00 INFO : Decompressing waveform using inline_linear
2026-09-06T23:43:44.667+01:00 INFO : Filtering template 91/96 segment 1/5
2026-09-06T23:43:44.718+01:00 INFO : Filtering template 91/96 segment 2/5
2026-09-06T23:43:44.758+01:00 INFO : 2 points above threshold
2026-09-06T23:43:44.779+01:00 INFO : Filtering template 91/96 segment 3/5
2026-09-06T23:43:44.819+01:00 INFO : 3 points above threshold
2026-09-06T23:43:44.829+01:00 INFO : Filtering template 91/96 segment 4/5
2026-09-06T23:43:44.870+01:00 INFO : Filtering template 91/96 segment 5/5
2026-09-06T23:43:44.911+01:00 INFO : 1 points above threshold
2026-09-06T23:43:44.917+01:00 INFO : 91: generating IMRPhenomD from 30.0 Hz
2026-09-06T23:43:44.919+01:00 INFO : Decompressing waveform using inline_linear
2026-09-06T23:43:44.924+01:00 INFO : Filtering template 92/96 segment 1/5
2026-09-06T23:43:44.975+01:00 INFO : 2 points above threshold
2026-09-06T23:43:44.995+01:00 INFO : Filtering template 92/96 segment 2/5
2026-09-06T23:43:45.036+01:00 INFO : 1 points above threshold
2026-09-06T23:43:45.042+01:00 INFO : Filtering template 92/96 segment 3/5
2026-09-06T23:43:45.082+01:00 INFO : 2 points above threshold
2026-09-06T23:43:45.090+01:00 INFO : Filtering template 92/96 segment 4/5
2026-09-06T23:43:45.131+01:00 INFO : 1 points above threshold
2026-09-06T23:43:45.137+01:00 INFO : Filtering template 92/96 segment 5/5
2026-09-06T23:43:45.177+01:00 INFO : 1 points above threshold
2026-09-06T23:43:45.184+01:00 INFO : 92: generating IMRPhenomD from 30.0 Hz
2026-09-06T23:43:45.186+01:00 INFO : Decompressing waveform using inline_linear
2026-09-06T23:43:45.191+01:00 INFO : Filtering template 93/96 segment 1/5
2026-09-06T23:43:45.242+01:00 INFO : Filtering template 93/96 segment 2/5
2026-09-06T23:43:45.282+01:00 INFO : 3 points above threshold
2026-09-06T23:43:45.305+01:00 INFO : Filtering template 93/96 segment 3/5
2026-09-06T23:43:45.345+01:00 INFO : 3 points above threshold
2026-09-06T23:43:45.355+01:00 INFO : Filtering template 93/96 segment 4/5
2026-09-06T23:43:45.396+01:00 INFO : 1 points above threshold
2026-09-06T23:43:45.402+01:00 INFO : Filtering template 93/96 segment 5/5
2026-09-06T23:43:45.443+01:00 INFO : 1 points above threshold
2026-09-06T23:43:45.449+01:00 INFO : 93: generating IMRPhenomD from 30.0 Hz
2026-09-06T23:43:45.452+01:00 INFO : Decompressing waveform using inline_linear
2026-09-06T23:43:45.456+01:00 INFO : Filtering template 94/96 segment 1/5
2026-09-06T23:43:45.507+01:00 INFO : 1 points above threshold
2026-09-06T23:43:45.526+01:00 INFO : Filtering template 94/96 segment 2/5
2026-09-06T23:43:45.566+01:00 INFO : 2 points above threshold
2026-09-06T23:43:45.574+01:00 INFO : Filtering template 94/96 segment 3/5
2026-09-06T23:43:45.615+01:00 INFO : 4 points above threshold
2026-09-06T23:43:45.624+01:00 INFO : Filtering template 94/96 segment 4/5
2026-09-06T23:43:45.665+01:00 INFO : Filtering template 94/96 segment 5/5
2026-09-06T23:43:45.705+01:00 INFO : 2 points above threshold
2026-09-06T23:43:45.714+01:00 INFO : 94: generating IMRPhenomD from 30.0 Hz
2026-09-06T23:43:45.716+01:00 INFO : Decompressing waveform using inline_linear
2026-09-06T23:43:45.721+01:00 INFO : Filtering template 95/96 segment 1/5
2026-09-06T23:43:45.771+01:00 INFO : 3 points above threshold
2026-09-06T23:43:45.794+01:00 INFO : Filtering template 95/96 segment 2/5
2026-09-06T23:43:45.835+01:00 INFO : 2 points above threshold
2026-09-06T23:43:45.842+01:00 INFO : Filtering template 95/96 segment 3/5
2026-09-06T23:43:45.883+01:00 INFO : 2 points above threshold
2026-09-06T23:43:45.891+01:00 INFO : Filtering template 95/96 segment 4/5
2026-09-06T23:43:45.932+01:00 INFO : 1 points above threshold
2026-09-06T23:43:45.938+01:00 INFO : Filtering template 95/96 segment 5/5
2026-09-06T23:43:45.979+01:00 INFO : 95: generating IMRPhenomD from 30.0 Hz
2026-09-06T23:43:45.981+01:00 INFO : Decompressing waveform using inline_linear
2026-09-06T23:43:45.986+01:00 INFO : Filtering template 96/96 segment 1/5
2026-09-06T23:43:46.037+01:00 INFO : 2 points above threshold
2026-09-06T23:43:46.057+01:00 INFO : Filtering template 96/96 segment 2/5
2026-09-06T23:43:46.098+01:00 INFO : Filtering template 96/96 segment 3/5
2026-09-06T23:43:46.138+01:00 INFO : Filtering template 96/96 segment 4/5
2026-09-06T23:43:46.179+01:00 INFO : 1 points above threshold
2026-09-06T23:43:46.185+01:00 INFO : Filtering template 96/96 segment 5/5
2026-09-06T23:43:46.226+01:00 INFO : We currently have 527 triggers
2026-09-06T23:43:46.226+01:00 INFO : Removing triggers with NewSNR below threshold
2026-09-06T23:43:46.226+01:00 INFO : 475 remaining triggers
2026-09-06T23:43:46.226+01:00 INFO : Outputting 475 triggers
2026-09-06T23:43:46.226+01:00 INFO : Writing out triggers
2026-09-06T23:43:46.237+01:00 INFO : Finished
