2026-09-06T21:27:07.602+01:00 INFO : Running with Torch support on device cpu
2026-09-06T21:27:07.602+01:00 INFO : Reading Frames
2026-09-06T21:27:14.384+01:00 INFO : Highpass Filtering
2026-09-06T21:27:14.843+01:00 INFO : Resampling data
2026-09-06T21:27:14.855+01:00 INFO : Converting to float32
/home/xangma/pycbc-torch-inspiral-reference-20260906/source-v6/pycbc/types/array.py:872: RuntimeWarning: divide by zero encountered in divide
  return self._data.__rtruediv__(other)
2026-09-06T21:27:20.001+01:00 INFO : Highpass Filtering
2026-09-06T21:27:20.447+01:00 INFO : Remove Padding
2026-09-06T21:27:20.475+01:00 INFO : Making frequency-domain data segments
2026-09-06T21:27:22.895+01:00 INFO : Overwhitening frequency-domain data segments
2026-09-06T21:27:22.919+01:00 INFO : Read in template bank
2026-09-06T21:27:22.929+01:00 INFO : Full template bank size: 96
2026-09-06T21:27:22.930+01:00 INFO : Template bank size after thinning: 96
2026-09-06T21:27:22.930+01:00 INFO : 0: generating IMRPhenomD from 30.0 Hz
2026-09-06T21:27:22.932+01:00 INFO : Decompressing waveform using inline_linear
2026-09-06T21:27:22.940+01:00 INFO : Filtering template 1/96 segment 1/5
2026-09-06T21:27:23.034+01:00 INFO : 1 points above threshold
2026-09-06T21:27:23.067+01:00 INFO : Filtering template 1/96 segment 2/5
2026-09-06T21:27:23.108+01:00 INFO : Filtering template 1/96 segment 3/5
2026-09-06T21:27:23.149+01:00 INFO : 1 points above threshold
2026-09-06T21:27:23.156+01:00 INFO : Filtering template 1/96 segment 4/5
2026-09-06T21:27:23.197+01:00 INFO : Filtering template 1/96 segment 5/5
2026-09-06T21:27:23.238+01:00 INFO : 1 points above threshold
2026-09-06T21:27:23.245+01:00 INFO : 1: generating IMRPhenomD from 30.0 Hz
2026-09-06T21:27:23.247+01:00 INFO : Decompressing waveform using inline_linear
2026-09-06T21:27:23.253+01:00 INFO : Filtering template 2/96 segment 1/5
2026-09-06T21:27:23.304+01:00 INFO : 1 points above threshold
2026-09-06T21:27:23.326+01:00 INFO : Filtering template 2/96 segment 2/5
2026-09-06T21:27:23.368+01:00 INFO : 1 points above threshold
2026-09-06T21:27:23.374+01:00 INFO : Filtering template 2/96 segment 3/5
2026-09-06T21:27:23.415+01:00 INFO : 2 points above threshold
2026-09-06T21:27:23.423+01:00 INFO : Filtering template 2/96 segment 4/5
2026-09-06T21:27:23.464+01:00 INFO : Filtering template 2/96 segment 5/5
2026-09-06T21:27:23.505+01:00 INFO : 1 points above threshold
2026-09-06T21:27:23.512+01:00 INFO : 2: generating IMRPhenomD from 30.0 Hz
2026-09-06T21:27:23.514+01:00 INFO : Decompressing waveform using inline_linear
2026-09-06T21:27:23.519+01:00 INFO : Filtering template 3/96 segment 1/5
2026-09-06T21:27:23.571+01:00 INFO : 3 points above threshold
2026-09-06T21:27:23.594+01:00 INFO : Filtering template 3/96 segment 2/5
2026-09-06T21:27:23.636+01:00 INFO : Filtering template 3/96 segment 3/5
2026-09-06T21:27:23.677+01:00 INFO : 1 points above threshold
2026-09-06T21:27:23.683+01:00 INFO : Filtering template 3/96 segment 4/5
2026-09-06T21:27:23.724+01:00 INFO : 1 points above threshold
2026-09-06T21:27:23.730+01:00 INFO : Filtering template 3/96 segment 5/5
2026-09-06T21:27:23.772+01:00 INFO : 3: generating IMRPhenomD from 30.0 Hz
2026-09-06T21:27:23.775+01:00 INFO : Decompressing waveform using inline_linear
2026-09-06T21:27:23.780+01:00 INFO : Filtering template 4/96 segment 1/5
2026-09-06T21:27:23.831+01:00 INFO : 1 points above threshold
2026-09-06T21:27:23.856+01:00 INFO : Filtering template 4/96 segment 2/5
2026-09-06T21:27:23.897+01:00 INFO : 1 points above threshold
2026-09-06T21:27:23.903+01:00 INFO : Filtering template 4/96 segment 3/5
2026-09-06T21:27:23.945+01:00 INFO : 2 points above threshold
2026-09-06T21:27:23.953+01:00 INFO : Filtering template 4/96 segment 4/5
2026-09-06T21:27:23.994+01:00 INFO : 2 points above threshold
2026-09-06T21:27:24.002+01:00 INFO : Filtering template 4/96 segment 5/5
2026-09-06T21:27:24.043+01:00 INFO : 2 points above threshold
2026-09-06T21:27:24.052+01:00 INFO : 4: generating IMRPhenomD from 30.0 Hz
2026-09-06T21:27:24.054+01:00 INFO : Decompressing waveform using inline_linear
2026-09-06T21:27:24.059+01:00 INFO : Filtering template 5/96 segment 1/5
2026-09-06T21:27:24.111+01:00 INFO : 1 points above threshold
2026-09-06T21:27:24.130+01:00 INFO : Filtering template 5/96 segment 2/5
2026-09-06T21:27:24.171+01:00 INFO : 2 points above threshold
2026-09-06T21:27:24.179+01:00 INFO : Filtering template 5/96 segment 3/5
2026-09-06T21:27:24.220+01:00 INFO : 2 points above threshold
2026-09-06T21:27:24.228+01:00 INFO : Filtering template 5/96 segment 4/5
2026-09-06T21:27:24.281+01:00 INFO : 2 points above threshold
2026-09-06T21:27:24.289+01:00 INFO : Filtering template 5/96 segment 5/5
2026-09-06T21:27:24.331+01:00 INFO : 5: generating IMRPhenomD from 30.0 Hz
2026-09-06T21:27:24.333+01:00 INFO : Decompressing waveform using inline_linear
2026-09-06T21:27:24.338+01:00 INFO : Filtering template 6/96 segment 1/5
2026-09-06T21:27:24.389+01:00 INFO : 1 points above threshold
2026-09-06T21:27:24.409+01:00 INFO : Filtering template 6/96 segment 2/5
2026-09-06T21:27:24.450+01:00 INFO : Filtering template 6/96 segment 3/5
2026-09-06T21:27:24.491+01:00 INFO : Filtering template 6/96 segment 4/5
2026-09-06T21:27:24.532+01:00 INFO : Filtering template 6/96 segment 5/5
2026-09-06T21:27:24.574+01:00 INFO : 1 points above threshold
2026-09-06T21:27:24.580+01:00 INFO : 6: generating IMRPhenomD from 30.0 Hz
2026-09-06T21:27:24.583+01:00 INFO : Decompressing waveform using inline_linear
2026-09-06T21:27:24.588+01:00 INFO : Filtering template 7/96 segment 1/5
2026-09-06T21:27:24.639+01:00 INFO : 2 points above threshold
2026-09-06T21:27:24.663+01:00 INFO : Filtering template 7/96 segment 2/5
2026-09-06T21:27:24.704+01:00 INFO : Filtering template 7/96 segment 3/5
2026-09-06T21:27:24.746+01:00 INFO : Filtering template 7/96 segment 4/5
2026-09-06T21:27:24.787+01:00 INFO : 1 points above threshold
2026-09-06T21:27:24.793+01:00 INFO : Filtering template 7/96 segment 5/5
2026-09-06T21:27:24.835+01:00 INFO : 7: generating IMRPhenomD from 30.0 Hz
2026-09-06T21:27:24.837+01:00 INFO : Decompressing waveform using inline_linear
2026-09-06T21:27:24.842+01:00 INFO : Filtering template 8/96 segment 1/5
2026-09-06T21:27:24.894+01:00 INFO : 2 points above threshold
2026-09-06T21:27:24.917+01:00 INFO : Filtering template 8/96 segment 2/5
2026-09-06T21:27:24.958+01:00 INFO : 1 points above threshold
2026-09-06T21:27:24.964+01:00 INFO : Filtering template 8/96 segment 3/5
2026-09-06T21:27:25.006+01:00 INFO : 4 points above threshold
2026-09-06T21:27:25.016+01:00 INFO : Filtering template 8/96 segment 4/5
2026-09-06T21:27:25.057+01:00 INFO : Filtering template 8/96 segment 5/5
2026-09-06T21:27:25.099+01:00 INFO : 8: generating IMRPhenomD from 30.0 Hz
2026-09-06T21:27:25.101+01:00 INFO : Decompressing waveform using inline_linear
2026-09-06T21:27:25.106+01:00 INFO : Filtering template 9/96 segment 1/5
2026-09-06T21:27:25.158+01:00 INFO : Filtering template 9/96 segment 2/5
2026-09-06T21:27:25.199+01:00 INFO : 1 points above threshold
2026-09-06T21:27:25.224+01:00 INFO : Filtering template 9/96 segment 3/5
2026-09-06T21:27:25.266+01:00 INFO : 2 points above threshold
2026-09-06T21:27:25.273+01:00 INFO : Filtering template 9/96 segment 4/5
2026-09-06T21:27:25.315+01:00 INFO : 1 points above threshold
2026-09-06T21:27:25.321+01:00 INFO : Filtering template 9/96 segment 5/5
2026-09-06T21:27:25.362+01:00 INFO : 3 points above threshold
2026-09-06T21:27:25.373+01:00 INFO : 9: generating IMRPhenomD from 30.0 Hz
2026-09-06T21:27:25.375+01:00 INFO : Decompressing waveform using inline_linear
2026-09-06T21:27:25.380+01:00 INFO : Filtering template 10/96 segment 1/5
2026-09-06T21:27:25.431+01:00 INFO : 1 points above threshold
2026-09-06T21:27:25.456+01:00 INFO : Filtering template 10/96 segment 2/5
2026-09-06T21:27:25.497+01:00 INFO : 1 points above threshold
2026-09-06T21:27:25.503+01:00 INFO : Filtering template 10/96 segment 3/5
2026-09-06T21:27:25.544+01:00 INFO : Filtering template 10/96 segment 4/5
2026-09-06T21:27:25.586+01:00 INFO : 2 points above threshold
2026-09-06T21:27:25.594+01:00 INFO : Filtering template 10/96 segment 5/5
2026-09-06T21:27:25.635+01:00 INFO : 1 points above threshold
2026-09-06T21:27:25.642+01:00 INFO : 10: generating IMRPhenomD from 30.0 Hz
2026-09-06T21:27:25.644+01:00 INFO : Decompressing waveform using inline_linear
2026-09-06T21:27:25.649+01:00 INFO : Filtering template 11/96 segment 1/5
2026-09-06T21:27:25.701+01:00 INFO : 4 points above threshold
2026-09-06T21:27:25.729+01:00 INFO : Filtering template 11/96 segment 2/5
2026-09-06T21:27:25.770+01:00 INFO : 2 points above threshold
2026-09-06T21:27:25.778+01:00 INFO : Filtering template 11/96 segment 3/5
2026-09-06T21:27:25.819+01:00 INFO : 1 points above threshold
2026-09-06T21:27:25.825+01:00 INFO : Filtering template 11/96 segment 4/5
2026-09-06T21:27:25.867+01:00 INFO : Filtering template 11/96 segment 5/5
2026-09-06T21:27:25.908+01:00 INFO : 11: generating IMRPhenomD from 30.0 Hz
2026-09-06T21:27:25.910+01:00 INFO : Decompressing waveform using inline_linear
2026-09-06T21:27:25.916+01:00 INFO : Filtering template 12/96 segment 1/5
2026-09-06T21:27:25.967+01:00 INFO : 1 points above threshold
2026-09-06T21:27:25.992+01:00 INFO : Filtering template 12/96 segment 2/5
2026-09-06T21:27:26.033+01:00 INFO : 1 points above threshold
2026-09-06T21:27:26.039+01:00 INFO : Filtering template 12/96 segment 3/5
2026-09-06T21:27:26.080+01:00 INFO : 1 points above threshold
2026-09-06T21:27:26.087+01:00 INFO : Filtering template 12/96 segment 4/5
2026-09-06T21:27:26.128+01:00 INFO : 3 points above threshold
2026-09-06T21:27:26.138+01:00 INFO : Filtering template 12/96 segment 5/5
2026-09-06T21:27:26.180+01:00 INFO : 12: generating IMRPhenomD from 30.0 Hz
2026-09-06T21:27:26.183+01:00 INFO : Decompressing waveform using inline_linear
2026-09-06T21:27:26.188+01:00 INFO : Filtering template 13/96 segment 1/5
2026-09-06T21:27:26.239+01:00 INFO : Filtering template 13/96 segment 2/5
2026-09-06T21:27:26.284+01:00 INFO : 4 points above threshold
2026-09-06T21:27:26.318+01:00 INFO : Filtering template 13/96 segment 3/5
2026-09-06T21:27:26.362+01:00 INFO : Filtering template 13/96 segment 4/5
2026-09-06T21:27:26.404+01:00 INFO : Filtering template 13/96 segment 5/5
2026-09-06T21:27:26.445+01:00 INFO : 1 points above threshold
2026-09-06T21:27:26.452+01:00 INFO : 13: generating IMRPhenomD from 30.0 Hz
2026-09-06T21:27:26.454+01:00 INFO : Decompressing waveform using inline_linear
2026-09-06T21:27:26.459+01:00 INFO : Filtering template 14/96 segment 1/5
2026-09-06T21:27:26.511+01:00 INFO : 1 points above threshold
2026-09-06T21:27:26.535+01:00 INFO : Filtering template 14/96 segment 2/5
2026-09-06T21:27:26.577+01:00 INFO : 2 points above threshold
2026-09-06T21:27:26.585+01:00 INFO : Filtering template 14/96 segment 3/5
2026-09-06T21:27:26.626+01:00 INFO : 3 points above threshold
2026-09-06T21:27:26.636+01:00 INFO : Filtering template 14/96 segment 4/5
2026-09-06T21:27:26.677+01:00 INFO : 2 points above threshold
2026-09-06T21:27:26.685+01:00 INFO : Filtering template 14/96 segment 5/5
2026-09-06T21:27:26.727+01:00 INFO : 14: generating IMRPhenomD from 30.0 Hz
2026-09-06T21:27:26.730+01:00 INFO : Decompressing waveform using inline_linear
2026-09-06T21:27:26.735+01:00 INFO : Filtering template 15/96 segment 1/5
2026-09-06T21:27:26.786+01:00 INFO : 1 points above threshold
2026-09-06T21:27:26.814+01:00 INFO : Filtering template 15/96 segment 2/5
2026-09-06T21:27:26.855+01:00 INFO : Filtering template 15/96 segment 3/5
2026-09-06T21:27:26.897+01:00 INFO : 1 points above threshold
2026-09-06T21:27:26.903+01:00 INFO : Filtering template 15/96 segment 4/5
2026-09-06T21:27:26.944+01:00 INFO : 1 points above threshold
2026-09-06T21:27:26.950+01:00 INFO : Filtering template 15/96 segment 5/5
2026-09-06T21:27:26.991+01:00 INFO : 3 points above threshold
2026-09-06T21:27:27.002+01:00 INFO : 15: generating IMRPhenomD from 30.0 Hz
2026-09-06T21:27:27.004+01:00 INFO : Decompressing waveform using inline_linear
2026-09-06T21:27:27.009+01:00 INFO : Filtering template 16/96 segment 1/5
2026-09-06T21:27:27.061+01:00 INFO : 1 points above threshold
2026-09-06T21:27:27.080+01:00 INFO : Filtering template 16/96 segment 2/5
2026-09-06T21:27:27.121+01:00 INFO : 2 points above threshold
2026-09-06T21:27:27.129+01:00 INFO : Filtering template 16/96 segment 3/5
2026-09-06T21:27:27.170+01:00 INFO : 3 points above threshold
2026-09-06T21:27:27.180+01:00 INFO : Filtering template 16/96 segment 4/5
2026-09-06T21:27:27.222+01:00 INFO : 2 points above threshold
2026-09-06T21:27:27.230+01:00 INFO : Filtering template 16/96 segment 5/5
2026-09-06T21:27:27.272+01:00 INFO : 16: generating IMRPhenomD from 30.0 Hz
2026-09-06T21:27:27.274+01:00 INFO : Decompressing waveform using inline_linear
2026-09-06T21:27:27.280+01:00 INFO : Filtering template 17/96 segment 1/5
2026-09-06T21:27:27.331+01:00 INFO : 2 points above threshold
2026-09-06T21:27:27.351+01:00 INFO : Filtering template 17/96 segment 2/5
2026-09-06T21:27:27.393+01:00 INFO : 3 points above threshold
2026-09-06T21:27:27.403+01:00 INFO : Filtering template 17/96 segment 3/5
2026-09-06T21:27:27.444+01:00 INFO : Filtering template 17/96 segment 4/5
2026-09-06T21:27:27.486+01:00 INFO : 2 points above threshold
2026-09-06T21:27:27.494+01:00 INFO : Filtering template 17/96 segment 5/5
2026-09-06T21:27:27.535+01:00 INFO : 3 points above threshold
2026-09-06T21:27:27.545+01:00 INFO : 17: generating IMRPhenomD from 30.0 Hz
2026-09-06T21:27:27.548+01:00 INFO : Decompressing waveform using inline_linear
2026-09-06T21:27:27.553+01:00 INFO : Filtering template 18/96 segment 1/5
2026-09-06T21:27:27.605+01:00 INFO : Filtering template 18/96 segment 2/5
2026-09-06T21:27:27.646+01:00 INFO : Filtering template 18/96 segment 3/5
2026-09-06T21:27:27.687+01:00 INFO : 1 points above threshold
2026-09-06T21:27:27.706+01:00 INFO : Filtering template 18/96 segment 4/5
2026-09-06T21:27:27.747+01:00 INFO : Filtering template 18/96 segment 5/5
2026-09-06T21:27:27.789+01:00 INFO : 2 points above threshold
2026-09-06T21:27:27.797+01:00 INFO : 18: generating IMRPhenomD from 30.0 Hz
2026-09-06T21:27:27.799+01:00 INFO : Decompressing waveform using inline_linear
2026-09-06T21:27:27.804+01:00 INFO : Filtering template 19/96 segment 1/5
2026-09-06T21:27:27.856+01:00 INFO : 3 points above threshold
2026-09-06T21:27:27.879+01:00 INFO : Filtering template 19/96 segment 2/5
2026-09-06T21:27:27.921+01:00 INFO : 1 points above threshold
2026-09-06T21:27:27.927+01:00 INFO : Filtering template 19/96 segment 3/5
2026-09-06T21:27:27.968+01:00 INFO : 1 points above threshold
2026-09-06T21:27:27.974+01:00 INFO : Filtering template 19/96 segment 4/5
2026-09-06T21:27:28.015+01:00 INFO : 3 points above threshold
2026-09-06T21:27:28.026+01:00 INFO : Filtering template 19/96 segment 5/5
2026-09-06T21:27:28.067+01:00 INFO : 1 points above threshold
2026-09-06T21:27:28.073+01:00 INFO : 19: generating IMRPhenomD from 30.0 Hz
2026-09-06T21:27:28.076+01:00 INFO : Decompressing waveform using inline_linear
2026-09-06T21:27:28.081+01:00 INFO : Filtering template 20/96 segment 1/5
2026-09-06T21:27:28.132+01:00 INFO : 1 points above threshold
2026-09-06T21:27:28.151+01:00 INFO : Filtering template 20/96 segment 2/5
2026-09-06T21:27:28.192+01:00 INFO : 3 points above threshold
2026-09-06T21:27:28.202+01:00 INFO : Filtering template 20/96 segment 3/5
2026-09-06T21:27:28.244+01:00 INFO : Filtering template 20/96 segment 4/5
2026-09-06T21:27:28.285+01:00 INFO : 2 points above threshold
2026-09-06T21:27:28.293+01:00 INFO : Filtering template 20/96 segment 5/5
2026-09-06T21:27:28.335+01:00 INFO : 20: generating IMRPhenomD from 30.0 Hz
2026-09-06T21:27:28.337+01:00 INFO : Decompressing waveform using inline_linear
2026-09-06T21:27:28.342+01:00 INFO : Filtering template 21/96 segment 1/5
2026-09-06T21:27:28.394+01:00 INFO : 1 points above threshold
2026-09-06T21:27:28.413+01:00 INFO : Filtering template 21/96 segment 2/5
2026-09-06T21:27:28.454+01:00 INFO : 1 points above threshold
2026-09-06T21:27:28.460+01:00 INFO : Filtering template 21/96 segment 3/5
2026-09-06T21:27:28.501+01:00 INFO : 1 points above threshold
2026-09-06T21:27:28.508+01:00 INFO : Filtering template 21/96 segment 4/5
2026-09-06T21:27:28.550+01:00 INFO : Filtering template 21/96 segment 5/5
2026-09-06T21:27:28.591+01:00 INFO : 21: generating IMRPhenomD from 30.0 Hz
2026-09-06T21:27:28.594+01:00 INFO : Decompressing waveform using inline_linear
2026-09-06T21:27:28.599+01:00 INFO : Filtering template 22/96 segment 1/5
2026-09-06T21:27:28.650+01:00 INFO : 5 points above threshold
2026-09-06T21:27:28.676+01:00 INFO : Filtering template 22/96 segment 2/5
2026-09-06T21:27:28.717+01:00 INFO : Filtering template 22/96 segment 3/5
2026-09-06T21:27:28.758+01:00 INFO : Filtering template 22/96 segment 4/5
2026-09-06T21:27:28.800+01:00 INFO : 1 points above threshold
2026-09-06T21:27:28.806+01:00 INFO : Filtering template 22/96 segment 5/5
2026-09-06T21:27:28.847+01:00 INFO : 1 points above threshold
2026-09-06T21:27:28.853+01:00 INFO : 22: generating IMRPhenomD from 30.0 Hz
2026-09-06T21:27:28.856+01:00 INFO : Decompressing waveform using inline_linear
2026-09-06T21:27:28.861+01:00 INFO : Filtering template 23/96 segment 1/5
2026-09-06T21:27:28.912+01:00 INFO : 2 points above threshold
2026-09-06T21:27:28.933+01:00 INFO : Filtering template 23/96 segment 2/5
2026-09-06T21:27:28.974+01:00 INFO : 1 points above threshold
2026-09-06T21:27:28.980+01:00 INFO : Filtering template 23/96 segment 3/5
2026-09-06T21:27:29.021+01:00 INFO : 1 points above threshold
2026-09-06T21:27:29.027+01:00 INFO : Filtering template 23/96 segment 4/5
2026-09-06T21:27:29.069+01:00 INFO : Filtering template 23/96 segment 5/5
2026-09-06T21:27:29.111+01:00 INFO : 23: generating IMRPhenomD from 30.0 Hz
2026-09-06T21:27:29.113+01:00 INFO : Decompressing waveform using inline_linear
2026-09-06T21:27:29.118+01:00 INFO : Filtering template 24/96 segment 1/5
2026-09-06T21:27:29.169+01:00 INFO : 1 points above threshold
2026-09-06T21:27:29.188+01:00 INFO : Filtering template 24/96 segment 2/5
2026-09-06T21:27:29.230+01:00 INFO : 2 points above threshold
2026-09-06T21:27:29.238+01:00 INFO : Filtering template 24/96 segment 3/5
2026-09-06T21:27:29.279+01:00 INFO : 1 points above threshold
2026-09-06T21:27:29.285+01:00 INFO : Filtering template 24/96 segment 4/5
2026-09-06T21:27:29.326+01:00 INFO : Filtering template 24/96 segment 5/5
2026-09-06T21:27:29.368+01:00 INFO : 2 points above threshold
2026-09-06T21:27:29.377+01:00 INFO : 24: generating IMRPhenomD from 30.0 Hz
2026-09-06T21:27:29.379+01:00 INFO : Decompressing waveform using inline_linear
2026-09-06T21:27:29.384+01:00 INFO : Filtering template 25/96 segment 1/5
2026-09-06T21:27:29.436+01:00 INFO : 2 points above threshold
2026-09-06T21:27:29.456+01:00 INFO : Filtering template 25/96 segment 2/5
2026-09-06T21:27:29.497+01:00 INFO : Filtering template 25/96 segment 3/5
2026-09-06T21:27:29.539+01:00 INFO : Filtering template 25/96 segment 4/5
2026-09-06T21:27:29.580+01:00 INFO : Filtering template 25/96 segment 5/5
2026-09-06T21:27:29.622+01:00 INFO : 25: generating IMRPhenomD from 30.0 Hz
2026-09-06T21:27:29.624+01:00 INFO : Decompressing waveform using inline_linear
2026-09-06T21:27:29.629+01:00 INFO : Filtering template 26/96 segment 1/5
2026-09-06T21:27:29.682+01:00 INFO : Filtering template 26/96 segment 2/5
2026-09-06T21:27:29.723+01:00 INFO : 2 points above threshold
2026-09-06T21:27:29.743+01:00 INFO : Filtering template 26/96 segment 3/5
2026-09-06T21:27:29.785+01:00 INFO : Filtering template 26/96 segment 4/5
2026-09-06T21:27:29.826+01:00 INFO : 2 points above threshold
2026-09-06T21:27:29.834+01:00 INFO : Filtering template 26/96 segment 5/5
2026-09-06T21:27:29.875+01:00 INFO : 2 points above threshold
2026-09-06T21:27:29.884+01:00 INFO : 26: generating IMRPhenomD from 30.0 Hz
2026-09-06T21:27:29.886+01:00 INFO : Decompressing waveform using inline_linear
2026-09-06T21:27:29.891+01:00 INFO : Filtering template 27/96 segment 1/5
2026-09-06T21:27:29.943+01:00 INFO : 3 points above threshold
2026-09-06T21:27:29.965+01:00 INFO : Filtering template 27/96 segment 2/5
2026-09-06T21:27:30.007+01:00 INFO : Filtering template 27/96 segment 3/5
2026-09-06T21:27:30.048+01:00 INFO : 1 points above threshold
2026-09-06T21:27:30.054+01:00 INFO : Filtering template 27/96 segment 4/5
2026-09-06T21:27:30.096+01:00 INFO : Filtering template 27/96 segment 5/5
2026-09-06T21:27:30.138+01:00 INFO : 27: generating IMRPhenomD from 30.0 Hz
2026-09-06T21:27:30.140+01:00 INFO : Decompressing waveform using inline_linear
2026-09-06T21:27:30.146+01:00 INFO : Filtering template 28/96 segment 1/5
2026-09-06T21:27:30.197+01:00 INFO : 3 points above threshold
2026-09-06T21:27:30.220+01:00 INFO : Filtering template 28/96 segment 2/5
2026-09-06T21:27:30.262+01:00 INFO : 1 points above threshold
2026-09-06T21:27:30.268+01:00 INFO : Filtering template 28/96 segment 3/5
2026-09-06T21:27:30.309+01:00 INFO : 2 points above threshold
2026-09-06T21:27:30.317+01:00 INFO : Filtering template 28/96 segment 4/5
2026-09-06T21:27:30.359+01:00 INFO : 1 points above threshold
2026-09-06T21:27:30.365+01:00 INFO : Filtering template 28/96 segment 5/5
2026-09-06T21:27:30.406+01:00 INFO : 28: generating IMRPhenomD from 30.0 Hz
2026-09-06T21:27:30.409+01:00 INFO : Decompressing waveform using inline_linear
2026-09-06T21:27:30.414+01:00 INFO : Filtering template 29/96 segment 1/5
2026-09-06T21:27:30.466+01:00 INFO : 2 points above threshold
2026-09-06T21:27:30.487+01:00 INFO : Filtering template 29/96 segment 2/5
2026-09-06T21:27:30.528+01:00 INFO : 2 points above threshold
2026-09-06T21:27:30.535+01:00 INFO : Filtering template 29/96 segment 3/5
2026-09-06T21:27:30.577+01:00 INFO : 1 points above threshold
2026-09-06T21:27:30.583+01:00 INFO : Filtering template 29/96 segment 4/5
2026-09-06T21:27:30.625+01:00 INFO : 2 points above threshold
2026-09-06T21:27:30.633+01:00 INFO : Filtering template 29/96 segment 5/5
2026-09-06T21:27:30.674+01:00 INFO : 2 points above threshold
2026-09-06T21:27:30.682+01:00 INFO : 29: generating IMRPhenomD from 30.0 Hz
2026-09-06T21:27:30.685+01:00 INFO : Decompressing waveform using inline_linear
2026-09-06T21:27:30.690+01:00 INFO : Filtering template 30/96 segment 1/5
2026-09-06T21:27:30.741+01:00 INFO : 1 points above threshold
2026-09-06T21:27:30.760+01:00 INFO : Filtering template 30/96 segment 2/5
2026-09-06T21:27:30.801+01:00 INFO : 1 points above threshold
2026-09-06T21:27:30.807+01:00 INFO : Filtering template 30/96 segment 3/5
2026-09-06T21:27:30.849+01:00 INFO : 1 points above threshold
2026-09-06T21:27:30.855+01:00 INFO : Filtering template 30/96 segment 4/5
2026-09-06T21:27:30.896+01:00 INFO : Filtering template 30/96 segment 5/5
2026-09-06T21:27:30.938+01:00 INFO : 30: generating IMRPhenomD from 30.0 Hz
2026-09-06T21:27:30.941+01:00 INFO : Decompressing waveform using inline_linear
2026-09-06T21:27:30.946+01:00 INFO : Filtering template 31/96 segment 1/5
2026-09-06T21:27:30.997+01:00 INFO : Filtering template 31/96 segment 2/5
2026-09-06T21:27:31.039+01:00 INFO : 1 points above threshold
2026-09-06T21:27:31.057+01:00 INFO : Filtering template 31/96 segment 3/5
2026-09-06T21:27:31.098+01:00 INFO : Filtering template 31/96 segment 4/5
2026-09-06T21:27:31.140+01:00 INFO : 1 points above threshold
2026-09-06T21:27:31.146+01:00 INFO : Filtering template 31/96 segment 5/5
2026-09-06T21:27:31.187+01:00 INFO : 1 points above threshold
2026-09-06T21:27:31.194+01:00 INFO : 31: generating IMRPhenomD from 30.0 Hz
2026-09-06T21:27:31.196+01:00 INFO : Decompressing waveform using inline_linear
2026-09-06T21:27:31.201+01:00 INFO : Filtering template 32/96 segment 1/5
2026-09-06T21:27:31.252+01:00 INFO : Filtering template 32/96 segment 2/5
2026-09-06T21:27:31.294+01:00 INFO : Filtering template 32/96 segment 3/5
2026-09-06T21:27:31.335+01:00 INFO : Filtering template 32/96 segment 4/5
2026-09-06T21:27:31.378+01:00 INFO : 3 points above threshold
2026-09-06T21:27:31.402+01:00 INFO : Filtering template 32/96 segment 5/5
2026-09-06T21:27:31.449+01:00 INFO : 2 points above threshold
2026-09-06T21:27:31.457+01:00 INFO : 32: generating IMRPhenomD from 30.0 Hz
2026-09-06T21:27:31.460+01:00 INFO : Decompressing waveform using inline_linear
2026-09-06T21:27:31.465+01:00 INFO : Filtering template 33/96 segment 1/5
2026-09-06T21:27:31.517+01:00 INFO : 2 points above threshold
2026-09-06T21:27:31.538+01:00 INFO : Filtering template 33/96 segment 2/5
2026-09-06T21:27:31.579+01:00 INFO : Filtering template 33/96 segment 3/5
2026-09-06T21:27:31.620+01:00 INFO : Filtering template 33/96 segment 4/5
2026-09-06T21:27:31.662+01:00 INFO : 1 points above threshold
2026-09-06T21:27:31.668+01:00 INFO : Filtering template 33/96 segment 5/5
2026-09-06T21:27:31.709+01:00 INFO : 33: generating IMRPhenomD from 30.0 Hz
2026-09-06T21:27:31.712+01:00 INFO : Decompressing waveform using inline_linear
2026-09-06T21:27:31.717+01:00 INFO : Filtering template 34/96 segment 1/5
2026-09-06T21:27:31.768+01:00 INFO : Filtering template 34/96 segment 2/5
2026-09-06T21:27:31.809+01:00 INFO : 1 points above threshold
2026-09-06T21:27:31.829+01:00 INFO : Filtering template 34/96 segment 3/5
2026-09-06T21:27:31.870+01:00 INFO : 1 points above threshold
2026-09-06T21:27:31.876+01:00 INFO : Filtering template 34/96 segment 4/5
2026-09-06T21:27:31.917+01:00 INFO : Filtering template 34/96 segment 5/5
2026-09-06T21:27:31.958+01:00 INFO : 1 points above threshold
2026-09-06T21:27:31.965+01:00 INFO : 34: generating IMRPhenomD from 30.0 Hz
2026-09-06T21:27:31.967+01:00 INFO : Decompressing waveform using inline_linear
2026-09-06T21:27:31.972+01:00 INFO : Filtering template 35/96 segment 1/5
2026-09-06T21:27:32.024+01:00 INFO : 1 points above threshold
2026-09-06T21:27:32.043+01:00 INFO : Filtering template 35/96 segment 2/5
2026-09-06T21:27:32.084+01:00 INFO : 1 points above threshold
2026-09-06T21:27:32.091+01:00 INFO : Filtering template 35/96 segment 3/5
2026-09-06T21:27:32.132+01:00 INFO : 1 points above threshold
2026-09-06T21:27:32.138+01:00 INFO : Filtering template 35/96 segment 4/5
2026-09-06T21:27:32.179+01:00 INFO : Filtering template 35/96 segment 5/5
2026-09-06T21:27:32.221+01:00 INFO : 35: generating IMRPhenomD from 30.0 Hz
2026-09-06T21:27:32.224+01:00 INFO : Decompressing waveform using inline_linear
2026-09-06T21:27:32.229+01:00 INFO : Filtering template 36/96 segment 1/5
2026-09-06T21:27:32.280+01:00 INFO : 3 points above threshold
2026-09-06T21:27:32.303+01:00 INFO : Filtering template 36/96 segment 2/5
2026-09-06T21:27:32.344+01:00 INFO : 1 points above threshold
2026-09-06T21:27:32.350+01:00 INFO : Filtering template 36/96 segment 3/5
2026-09-06T21:27:32.392+01:00 INFO : 2 points above threshold
2026-09-06T21:27:32.400+01:00 INFO : Filtering template 36/96 segment 4/5
2026-09-06T21:27:32.441+01:00 INFO : Filtering template 36/96 segment 5/5
2026-09-06T21:27:32.483+01:00 INFO : 1 points above threshold
2026-09-06T21:27:32.489+01:00 INFO : 36: generating IMRPhenomD from 30.0 Hz
2026-09-06T21:27:32.492+01:00 INFO : Decompressing waveform using inline_linear
2026-09-06T21:27:32.497+01:00 INFO : Filtering template 37/96 segment 1/5
2026-09-06T21:27:32.548+01:00 INFO : 2 points above threshold
2026-09-06T21:27:32.569+01:00 INFO : Filtering template 37/96 segment 2/5
2026-09-06T21:27:32.610+01:00 INFO : 3 points above threshold
2026-09-06T21:27:32.621+01:00 INFO : Filtering template 37/96 segment 3/5
2026-09-06T21:27:32.662+01:00 INFO : 1 points above threshold
2026-09-06T21:27:32.668+01:00 INFO : Filtering template 37/96 segment 4/5
2026-09-06T21:27:32.709+01:00 INFO : 3 points above threshold
2026-09-06T21:27:32.720+01:00 INFO : Filtering template 37/96 segment 5/5
2026-09-06T21:27:32.761+01:00 INFO : 37: generating IMRPhenomD from 30.0 Hz
2026-09-06T21:27:32.764+01:00 INFO : Decompressing waveform using inline_linear
2026-09-06T21:27:32.769+01:00 INFO : Filtering template 38/96 segment 1/5
2026-09-06T21:27:32.820+01:00 INFO : Filtering template 38/96 segment 2/5
2026-09-06T21:27:32.862+01:00 INFO : Filtering template 38/96 segment 3/5
2026-09-06T21:27:32.903+01:00 INFO : 1 points above threshold
2026-09-06T21:27:32.922+01:00 INFO : Filtering template 38/96 segment 4/5
2026-09-06T21:27:32.963+01:00 INFO : 1 points above threshold
2026-09-06T21:27:32.969+01:00 INFO : Filtering template 38/96 segment 5/5
2026-09-06T21:27:33.010+01:00 INFO : 1 points above threshold
2026-09-06T21:27:33.017+01:00 INFO : 38: generating IMRPhenomD from 30.0 Hz
2026-09-06T21:27:33.020+01:00 INFO : Decompressing waveform using inline_linear
2026-09-06T21:27:33.025+01:00 INFO : Filtering template 39/96 segment 1/5
2026-09-06T21:27:33.076+01:00 INFO : Filtering template 39/96 segment 2/5
2026-09-06T21:27:33.117+01:00 INFO : 2 points above threshold
2026-09-06T21:27:33.138+01:00 INFO : Filtering template 39/96 segment 3/5
2026-09-06T21:27:33.180+01:00 INFO : Filtering template 39/96 segment 4/5
2026-09-06T21:27:33.221+01:00 INFO : 2 points above threshold
2026-09-06T21:27:33.228+01:00 INFO : Filtering template 39/96 segment 5/5
2026-09-06T21:27:33.270+01:00 INFO : 39: generating IMRPhenomD from 30.0 Hz
2026-09-06T21:27:33.273+01:00 INFO : Decompressing waveform using inline_linear
2026-09-06T21:27:33.278+01:00 INFO : Filtering template 40/96 segment 1/5
2026-09-06T21:27:33.329+01:00 INFO : Filtering template 40/96 segment 2/5
2026-09-06T21:27:33.371+01:00 INFO : Filtering template 40/96 segment 3/5
2026-09-06T21:27:33.412+01:00 INFO : Filtering template 40/96 segment 4/5
2026-09-06T21:27:33.453+01:00 INFO : 2 points above threshold
2026-09-06T21:27:33.474+01:00 INFO : Filtering template 40/96 segment 5/5
2026-09-06T21:27:33.516+01:00 INFO : 40: generating IMRPhenomD from 30.0 Hz
2026-09-06T21:27:33.518+01:00 INFO : Decompressing waveform using inline_linear
2026-09-06T21:27:33.523+01:00 INFO : Filtering template 41/96 segment 1/5
2026-09-06T21:27:33.575+01:00 INFO : Filtering template 41/96 segment 2/5
2026-09-06T21:27:33.616+01:00 INFO : Filtering template 41/96 segment 3/5
2026-09-06T21:27:33.658+01:00 INFO : 2 points above threshold
2026-09-06T21:27:33.679+01:00 INFO : Filtering template 41/96 segment 4/5
2026-09-06T21:27:33.720+01:00 INFO : 2 points above threshold
2026-09-06T21:27:33.727+01:00 INFO : Filtering template 41/96 segment 5/5
2026-09-06T21:27:33.769+01:00 INFO : 41: generating IMRPhenomD from 30.0 Hz
2026-09-06T21:27:33.772+01:00 INFO : Decompressing waveform using inline_linear
2026-09-06T21:27:33.777+01:00 INFO : Filtering template 42/96 segment 1/5
2026-09-06T21:27:33.828+01:00 INFO : Filtering template 42/96 segment 2/5
2026-09-06T21:27:33.869+01:00 INFO : 1 points above threshold
2026-09-06T21:27:33.889+01:00 INFO : Filtering template 42/96 segment 3/5
2026-09-06T21:27:33.930+01:00 INFO : Filtering template 42/96 segment 4/5
2026-09-06T21:27:33.971+01:00 INFO : 1 points above threshold
2026-09-06T21:27:33.977+01:00 INFO : Filtering template 42/96 segment 5/5
2026-09-06T21:27:34.018+01:00 INFO : 1 points above threshold
2026-09-06T21:27:34.025+01:00 INFO : 42: generating IMRPhenomD from 30.0 Hz
2026-09-06T21:27:34.027+01:00 INFO : Decompressing waveform using inline_linear
2026-09-06T21:27:34.032+01:00 INFO : Filtering template 43/96 segment 1/5
2026-09-06T21:27:34.084+01:00 INFO : 1 points above threshold
2026-09-06T21:27:34.103+01:00 INFO : Filtering template 43/96 segment 2/5
2026-09-06T21:27:34.144+01:00 INFO : 2 points above threshold
2026-09-06T21:27:34.152+01:00 INFO : Filtering template 43/96 segment 3/5
2026-09-06T21:27:34.193+01:00 INFO : 1 points above threshold
2026-09-06T21:27:34.199+01:00 INFO : Filtering template 43/96 segment 4/5
2026-09-06T21:27:34.240+01:00 INFO : Filtering template 43/96 segment 5/5
2026-09-06T21:27:34.282+01:00 INFO : 43: generating IMRPhenomD from 30.0 Hz
2026-09-06T21:27:34.285+01:00 INFO : Decompressing waveform using inline_linear
2026-09-06T21:27:34.290+01:00 INFO : Filtering template 44/96 segment 1/5
2026-09-06T21:27:34.341+01:00 INFO : 1 points above threshold
2026-09-06T21:27:34.360+01:00 INFO : Filtering template 44/96 segment 2/5
2026-09-06T21:27:34.402+01:00 INFO : Filtering template 44/96 segment 3/5
2026-09-06T21:27:34.443+01:00 INFO : Filtering template 44/96 segment 4/5
2026-09-06T21:27:34.484+01:00 INFO : 1 points above threshold
2026-09-06T21:27:34.490+01:00 INFO : Filtering template 44/96 segment 5/5
2026-09-06T21:27:34.532+01:00 INFO : 44: generating IMRPhenomD from 30.0 Hz
2026-09-06T21:27:34.534+01:00 INFO : Decompressing waveform using inline_linear
2026-09-06T21:27:34.539+01:00 INFO : Filtering template 45/96 segment 1/5
2026-09-06T21:27:34.591+01:00 INFO : 2 points above threshold
2026-09-06T21:27:34.612+01:00 INFO : Filtering template 45/96 segment 2/5
2026-09-06T21:27:34.653+01:00 INFO : 1 points above threshold
2026-09-06T21:27:34.659+01:00 INFO : Filtering template 45/96 segment 3/5
2026-09-06T21:27:34.701+01:00 INFO : 1 points above threshold
2026-09-06T21:27:34.707+01:00 INFO : Filtering template 45/96 segment 4/5
2026-09-06T21:27:34.748+01:00 INFO : Filtering template 45/96 segment 5/5
2026-09-06T21:27:34.790+01:00 INFO : 45: generating IMRPhenomD from 30.0 Hz
2026-09-06T21:27:34.792+01:00 INFO : Decompressing waveform using inline_linear
2026-09-06T21:27:34.797+01:00 INFO : Filtering template 46/96 segment 1/5
2026-09-06T21:27:34.848+01:00 INFO : Filtering template 46/96 segment 2/5
2026-09-06T21:27:34.890+01:00 INFO : Filtering template 46/96 segment 3/5
2026-09-06T21:27:34.931+01:00 INFO : 1 points above threshold
2026-09-06T21:27:34.950+01:00 INFO : Filtering template 46/96 segment 4/5
2026-09-06T21:27:34.991+01:00 INFO : 3 points above threshold
2026-09-06T21:27:35.001+01:00 INFO : Filtering template 46/96 segment 5/5
2026-09-06T21:27:35.043+01:00 INFO : 1 points above threshold
2026-09-06T21:27:35.049+01:00 INFO : 46: generating IMRPhenomD from 30.0 Hz
2026-09-06T21:27:35.052+01:00 INFO : Decompressing waveform using inline_linear
2026-09-06T21:27:35.057+01:00 INFO : Filtering template 47/96 segment 1/5
2026-09-06T21:27:35.108+01:00 INFO : 3 points above threshold
2026-09-06T21:27:35.131+01:00 INFO : Filtering template 47/96 segment 2/5
2026-09-06T21:27:35.173+01:00 INFO : Filtering template 47/96 segment 3/5
2026-09-06T21:27:35.214+01:00 INFO : 2 points above threshold
2026-09-06T21:27:35.222+01:00 INFO : Filtering template 47/96 segment 4/5
2026-09-06T21:27:35.264+01:00 INFO : 1 points above threshold
2026-09-06T21:27:35.270+01:00 INFO : Filtering template 47/96 segment 5/5
2026-09-06T21:27:35.311+01:00 INFO : 1 points above threshold
2026-09-06T21:27:35.317+01:00 INFO : 47: generating IMRPhenomD from 30.0 Hz
2026-09-06T21:27:35.320+01:00 INFO : Decompressing waveform using inline_linear
2026-09-06T21:27:35.325+01:00 INFO : Filtering template 48/96 segment 1/5
2026-09-06T21:27:35.376+01:00 INFO : 3 points above threshold
2026-09-06T21:27:35.402+01:00 INFO : Filtering template 48/96 segment 2/5
2026-09-06T21:27:35.444+01:00 INFO : 1 points above threshold
2026-09-06T21:27:35.450+01:00 INFO : Filtering template 48/96 segment 3/5
2026-09-06T21:27:35.491+01:00 INFO : 1 points above threshold
2026-09-06T21:27:35.498+01:00 INFO : Filtering template 48/96 segment 4/5
2026-09-06T21:27:35.539+01:00 INFO : 2 points above threshold
2026-09-06T21:27:35.547+01:00 INFO : Filtering template 48/96 segment 5/5
2026-09-06T21:27:35.588+01:00 INFO : 1 points above threshold
2026-09-06T21:27:35.596+01:00 INFO : 48: generating IMRPhenomD from 30.0 Hz
2026-09-06T21:27:35.598+01:00 INFO : Decompressing waveform using inline_linear
2026-09-06T21:27:35.603+01:00 INFO : Filtering template 49/96 segment 1/5
2026-09-06T21:27:35.655+01:00 INFO : 1 points above threshold
2026-09-06T21:27:35.674+01:00 INFO : Filtering template 49/96 segment 2/5
2026-09-06T21:27:35.715+01:00 INFO : 1 points above threshold
2026-09-06T21:27:35.721+01:00 INFO : Filtering template 49/96 segment 3/5
2026-09-06T21:27:35.763+01:00 INFO : 2 points above threshold
2026-09-06T21:27:35.771+01:00 INFO : Filtering template 49/96 segment 4/5
2026-09-06T21:27:35.812+01:00 INFO : Filtering template 49/96 segment 5/5
2026-09-06T21:27:35.854+01:00 INFO : 49: generating IMRPhenomD from 30.0 Hz
2026-09-06T21:27:35.856+01:00 INFO : Decompressing waveform using inline_linear
2026-09-06T21:27:35.861+01:00 INFO : Filtering template 50/96 segment 1/5
2026-09-06T21:27:35.913+01:00 INFO : Filtering template 50/96 segment 2/5
2026-09-06T21:27:35.954+01:00 INFO : 2 points above threshold
2026-09-06T21:27:35.975+01:00 INFO : Filtering template 50/96 segment 3/5
2026-09-06T21:27:36.016+01:00 INFO : 4 points above threshold
2026-09-06T21:27:36.025+01:00 INFO : Filtering template 50/96 segment 4/5
2026-09-06T21:27:36.067+01:00 INFO : 2 points above threshold
2026-09-06T21:27:36.075+01:00 INFO : Filtering template 50/96 segment 5/5
2026-09-06T21:27:36.116+01:00 INFO : 50: generating IMRPhenomD from 30.0 Hz
2026-09-06T21:27:36.119+01:00 INFO : Decompressing waveform using inline_linear
2026-09-06T21:27:36.124+01:00 INFO : Filtering template 51/96 segment 1/5
2026-09-06T21:27:36.175+01:00 INFO : 1 points above threshold
2026-09-06T21:27:36.194+01:00 INFO : Filtering template 51/96 segment 2/5
2026-09-06T21:27:36.235+01:00 INFO : 1 points above threshold
2026-09-06T21:27:36.241+01:00 INFO : Filtering template 51/96 segment 3/5
2026-09-06T21:27:36.283+01:00 INFO : Filtering template 51/96 segment 4/5
2026-09-06T21:27:36.324+01:00 INFO : 1 points above threshold
2026-09-06T21:27:36.330+01:00 INFO : Filtering template 51/96 segment 5/5
2026-09-06T21:27:36.372+01:00 INFO : 2 points above threshold
2026-09-06T21:27:36.380+01:00 INFO : 51: generating IMRPhenomD from 30.0 Hz
2026-09-06T21:27:36.382+01:00 INFO : Decompressing waveform using inline_linear
2026-09-06T21:27:36.387+01:00 INFO : Filtering template 52/96 segment 1/5
2026-09-06T21:27:36.439+01:00 INFO : 1 points above threshold
2026-09-06T21:27:36.460+01:00 INFO : Filtering template 52/96 segment 2/5
2026-09-06T21:27:36.503+01:00 INFO : 1 points above threshold
2026-09-06T21:27:36.510+01:00 INFO : Filtering template 52/96 segment 3/5
2026-09-06T21:27:36.556+01:00 INFO : Filtering template 52/96 segment 4/5
2026-09-06T21:27:36.598+01:00 INFO : 3 points above threshold
2026-09-06T21:27:36.608+01:00 INFO : Filtering template 52/96 segment 5/5
2026-09-06T21:27:36.649+01:00 INFO : 1 points above threshold
2026-09-06T21:27:36.655+01:00 INFO : 52: generating IMRPhenomD from 30.0 Hz
2026-09-06T21:27:36.658+01:00 INFO : Decompressing waveform using inline_linear
2026-09-06T21:27:36.663+01:00 INFO : Filtering template 53/96 segment 1/5
2026-09-06T21:27:36.715+01:00 INFO : 3 points above threshold
2026-09-06T21:27:36.737+01:00 INFO : Filtering template 53/96 segment 2/5
2026-09-06T21:27:36.779+01:00 INFO : 2 points above threshold
2026-09-06T21:27:36.787+01:00 INFO : Filtering template 53/96 segment 3/5
2026-09-06T21:27:36.828+01:00 INFO : 2 points above threshold
2026-09-06T21:27:36.836+01:00 INFO : Filtering template 53/96 segment 4/5
2026-09-06T21:27:36.878+01:00 INFO : 1 points above threshold
2026-09-06T21:27:36.884+01:00 INFO : Filtering template 53/96 segment 5/5
2026-09-06T21:27:36.926+01:00 INFO : 1 points above threshold
2026-09-06T21:27:36.932+01:00 INFO : 53: generating IMRPhenomD from 30.0 Hz
2026-09-06T21:27:36.934+01:00 INFO : Decompressing waveform using inline_linear
2026-09-06T21:27:36.939+01:00 INFO : Filtering template 54/96 segment 1/5
2026-09-06T21:27:36.991+01:00 INFO : Filtering template 54/96 segment 2/5
2026-09-06T21:27:37.032+01:00 INFO : Filtering template 54/96 segment 3/5
2026-09-06T21:27:37.074+01:00 INFO : 2 points above threshold
2026-09-06T21:27:37.095+01:00 INFO : Filtering template 54/96 segment 4/5
2026-09-06T21:27:37.136+01:00 INFO : 5 points above threshold
2026-09-06T21:27:37.149+01:00 INFO : Filtering template 54/96 segment 5/5
2026-09-06T21:27:37.191+01:00 INFO : 54: generating IMRPhenomD from 30.0 Hz
2026-09-06T21:27:37.193+01:00 INFO : Decompressing waveform using inline_linear
2026-09-06T21:27:37.198+01:00 INFO : Filtering template 55/96 segment 1/5
2026-09-06T21:27:37.250+01:00 INFO : Filtering template 55/96 segment 2/5
2026-09-06T21:27:37.291+01:00 INFO : 1 points above threshold
2026-09-06T21:27:37.309+01:00 INFO : Filtering template 55/96 segment 3/5
2026-09-06T21:27:37.351+01:00 INFO : 3 points above threshold
2026-09-06T21:27:37.361+01:00 INFO : Filtering template 55/96 segment 4/5
2026-09-06T21:27:37.402+01:00 INFO : 1 points above threshold
2026-09-06T21:27:37.408+01:00 INFO : Filtering template 55/96 segment 5/5
2026-09-06T21:27:37.449+01:00 INFO : 1 points above threshold
2026-09-06T21:27:37.456+01:00 INFO : 55: generating IMRPhenomD from 30.0 Hz
2026-09-06T21:27:37.458+01:00 INFO : Decompressing waveform using inline_linear
2026-09-06T21:27:37.463+01:00 INFO : Filtering template 56/96 segment 1/5
2026-09-06T21:27:37.516+01:00 INFO : 1 points above threshold
2026-09-06T21:27:37.535+01:00 INFO : Filtering template 56/96 segment 2/5
2026-09-06T21:27:37.576+01:00 INFO : 1 points above threshold
2026-09-06T21:27:37.582+01:00 INFO : Filtering template 56/96 segment 3/5
2026-09-06T21:27:37.623+01:00 INFO : 3 points above threshold
2026-09-06T21:27:37.634+01:00 INFO : Filtering template 56/96 segment 4/5
2026-09-06T21:27:37.675+01:00 INFO : Filtering template 56/96 segment 5/5
2026-09-06T21:27:37.717+01:00 INFO : 1 points above threshold
2026-09-06T21:27:37.723+01:00 INFO : 56: generating IMRPhenomD from 30.0 Hz
2026-09-06T21:27:37.725+01:00 INFO : Decompressing waveform using inline_linear
2026-09-06T21:27:37.730+01:00 INFO : Filtering template 57/96 segment 1/5
2026-09-06T21:27:37.782+01:00 INFO : 1 points above threshold
2026-09-06T21:27:37.801+01:00 INFO : Filtering template 57/96 segment 2/5
2026-09-06T21:27:37.842+01:00 INFO : 2 points above threshold
2026-09-06T21:27:37.850+01:00 INFO : Filtering template 57/96 segment 3/5
2026-09-06T21:27:37.891+01:00 INFO : 2 points above threshold
2026-09-06T21:27:37.899+01:00 INFO : Filtering template 57/96 segment 4/5
2026-09-06T21:27:37.940+01:00 INFO : 2 points above threshold
2026-09-06T21:27:37.948+01:00 INFO : Filtering template 57/96 segment 5/5
2026-09-06T21:27:37.990+01:00 INFO : 57: generating IMRPhenomD from 30.0 Hz
2026-09-06T21:27:37.992+01:00 INFO : Decompressing waveform using inline_linear
2026-09-06T21:27:37.997+01:00 INFO : Filtering template 58/96 segment 1/5
2026-09-06T21:27:38.049+01:00 INFO : 1 points above threshold
2026-09-06T21:27:38.068+01:00 INFO : Filtering template 58/96 segment 2/5
2026-09-06T21:27:38.109+01:00 INFO : 2 points above threshold
2026-09-06T21:27:38.118+01:00 INFO : Filtering template 58/96 segment 3/5
2026-09-06T21:27:38.159+01:00 INFO : 1 points above threshold
2026-09-06T21:27:38.165+01:00 INFO : Filtering template 58/96 segment 4/5
2026-09-06T21:27:38.206+01:00 INFO : 1 points above threshold
2026-09-06T21:27:38.213+01:00 INFO : Filtering template 58/96 segment 5/5
2026-09-06T21:27:38.254+01:00 INFO : 2 points above threshold
2026-09-06T21:27:38.262+01:00 INFO : 58: generating IMRPhenomD from 30.0 Hz
2026-09-06T21:27:38.264+01:00 INFO : Decompressing waveform using inline_linear
2026-09-06T21:27:38.270+01:00 INFO : Filtering template 59/96 segment 1/5
2026-09-06T21:27:38.321+01:00 INFO : 1 points above threshold
2026-09-06T21:27:38.340+01:00 INFO : Filtering template 59/96 segment 2/5
2026-09-06T21:27:38.382+01:00 INFO : 2 points above threshold
2026-09-06T21:27:38.390+01:00 INFO : Filtering template 59/96 segment 3/5
2026-09-06T21:27:38.431+01:00 INFO : 2 points above threshold
2026-09-06T21:27:38.439+01:00 INFO : Filtering template 59/96 segment 4/5
2026-09-06T21:27:38.480+01:00 INFO : 1 points above threshold
2026-09-06T21:27:38.486+01:00 INFO : Filtering template 59/96 segment 5/5
2026-09-06T21:27:38.528+01:00 INFO : 59: generating IMRPhenomD from 30.0 Hz
2026-09-06T21:27:38.530+01:00 INFO : Decompressing waveform using inline_linear
2026-09-06T21:27:38.535+01:00 INFO : Filtering template 60/96 segment 1/5
2026-09-06T21:27:38.587+01:00 INFO : Filtering template 60/96 segment 2/5
2026-09-06T21:27:38.628+01:00 INFO : Filtering template 60/96 segment 3/5
2026-09-06T21:27:38.670+01:00 INFO : 1 points above threshold
2026-09-06T21:27:38.689+01:00 INFO : Filtering template 60/96 segment 4/5
2026-09-06T21:27:38.730+01:00 INFO : 2 points above threshold
2026-09-06T21:27:38.738+01:00 INFO : Filtering template 60/96 segment 5/5
2026-09-06T21:27:38.780+01:00 INFO : 60: generating IMRPhenomD from 30.0 Hz
2026-09-06T21:27:38.782+01:00 INFO : Decompressing waveform using inline_linear
2026-09-06T21:27:38.787+01:00 INFO : Filtering template 61/96 segment 1/5
2026-09-06T21:27:38.839+01:00 INFO : Filtering template 61/96 segment 2/5
2026-09-06T21:27:38.881+01:00 INFO : 2 points above threshold
2026-09-06T21:27:38.901+01:00 INFO : Filtering template 61/96 segment 3/5
2026-09-06T21:27:38.943+01:00 INFO : 1 points above threshold
2026-09-06T21:27:38.949+01:00 INFO : Filtering template 61/96 segment 4/5
2026-09-06T21:27:38.990+01:00 INFO : 1 points above threshold
2026-09-06T21:27:38.996+01:00 INFO : Filtering template 61/96 segment 5/5
2026-09-06T21:27:39.038+01:00 INFO : 61: generating IMRPhenomD from 30.0 Hz
2026-09-06T21:27:39.040+01:00 INFO : Decompressing waveform using inline_linear
2026-09-06T21:27:39.045+01:00 INFO : Filtering template 62/96 segment 1/5
2026-09-06T21:27:39.097+01:00 INFO : 2 points above threshold
2026-09-06T21:27:39.118+01:00 INFO : Filtering template 62/96 segment 2/5
2026-09-06T21:27:39.159+01:00 INFO : Filtering template 62/96 segment 3/5
2026-09-06T21:27:39.201+01:00 INFO : Filtering template 62/96 segment 4/5
2026-09-06T21:27:39.242+01:00 INFO : 5 points above threshold
2026-09-06T21:27:39.255+01:00 INFO : Filtering template 62/96 segment 5/5
2026-09-06T21:27:39.297+01:00 INFO : 62: generating IMRPhenomD from 30.0 Hz
2026-09-06T21:27:39.299+01:00 INFO : Decompressing waveform using inline_linear
2026-09-06T21:27:39.305+01:00 INFO : Filtering template 63/96 segment 1/5
2026-09-06T21:27:39.356+01:00 INFO : Filtering template 63/96 segment 2/5
2026-09-06T21:27:39.397+01:00 INFO : 1 points above threshold
2026-09-06T21:27:39.416+01:00 INFO : Filtering template 63/96 segment 3/5
2026-09-06T21:27:39.457+01:00 INFO : 2 points above threshold
2026-09-06T21:27:39.465+01:00 INFO : Filtering template 63/96 segment 4/5
2026-09-06T21:27:39.506+01:00 INFO : 1 points above threshold
2026-09-06T21:27:39.512+01:00 INFO : Filtering template 63/96 segment 5/5
2026-09-06T21:27:39.554+01:00 INFO : 1 points above threshold
2026-09-06T21:27:39.560+01:00 INFO : 63: generating IMRPhenomD from 30.0 Hz
2026-09-06T21:27:39.563+01:00 INFO : Decompressing waveform using inline_linear
2026-09-06T21:27:39.568+01:00 INFO : Filtering template 64/96 segment 1/5
2026-09-06T21:27:39.648+01:00 INFO : 2 points above threshold
2026-09-06T21:27:39.671+01:00 INFO : Filtering template 64/96 segment 2/5
2026-09-06T21:27:39.713+01:00 INFO : 1 points above threshold
2026-09-06T21:27:39.719+01:00 INFO : Filtering template 64/96 segment 3/5
2026-09-06T21:27:39.760+01:00 INFO : Filtering template 64/96 segment 4/5
2026-09-06T21:27:39.801+01:00 INFO : Filtering template 64/96 segment 5/5
2026-09-06T21:27:39.843+01:00 INFO : 64: generating IMRPhenomD from 30.0 Hz
2026-09-06T21:27:39.845+01:00 INFO : Decompressing waveform using inline_linear
2026-09-06T21:27:39.850+01:00 INFO : Filtering template 65/96 segment 1/5
2026-09-06T21:27:39.902+01:00 INFO : 2 points above threshold
2026-09-06T21:27:39.923+01:00 INFO : Filtering template 65/96 segment 2/5
2026-09-06T21:27:39.964+01:00 INFO : 2 points above threshold
2026-09-06T21:27:39.972+01:00 INFO : Filtering template 65/96 segment 3/5
2026-09-06T21:27:40.013+01:00 INFO : 1 points above threshold
2026-09-06T21:27:40.019+01:00 INFO : Filtering template 65/96 segment 4/5
2026-09-06T21:27:40.060+01:00 INFO : 2 points above threshold
2026-09-06T21:27:40.068+01:00 INFO : Filtering template 65/96 segment 5/5
2026-09-06T21:27:40.110+01:00 INFO : 65: generating IMRPhenomD from 30.0 Hz
2026-09-06T21:27:40.113+01:00 INFO : Decompressing waveform using inline_linear
2026-09-06T21:27:40.118+01:00 INFO : Filtering template 66/96 segment 1/5
2026-09-06T21:27:40.169+01:00 INFO : 1 points above threshold
2026-09-06T21:27:40.189+01:00 INFO : Filtering template 66/96 segment 2/5
2026-09-06T21:27:40.230+01:00 INFO : 1 points above threshold
2026-09-06T21:27:40.237+01:00 INFO : Filtering template 66/96 segment 3/5
2026-09-06T21:27:40.279+01:00 INFO : 2 points above threshold
2026-09-06T21:27:40.286+01:00 INFO : Filtering template 66/96 segment 4/5
2026-09-06T21:27:40.327+01:00 INFO : 1 points above threshold
2026-09-06T21:27:40.333+01:00 INFO : Filtering template 66/96 segment 5/5
2026-09-06T21:27:40.375+01:00 INFO : 66: generating IMRPhenomD from 30.0 Hz
2026-09-06T21:27:40.378+01:00 INFO : Decompressing waveform using inline_linear
2026-09-06T21:27:40.383+01:00 INFO : Filtering template 67/96 segment 1/5
2026-09-06T21:27:40.434+01:00 INFO : 3 points above threshold
2026-09-06T21:27:40.457+01:00 INFO : Filtering template 67/96 segment 2/5
2026-09-06T21:27:40.498+01:00 INFO : Filtering template 67/96 segment 3/5
2026-09-06T21:27:40.540+01:00 INFO : 1 points above threshold
2026-09-06T21:27:40.546+01:00 INFO : Filtering template 67/96 segment 4/5
2026-09-06T21:27:40.588+01:00 INFO : Filtering template 67/96 segment 5/5
2026-09-06T21:27:40.629+01:00 INFO : 67: generating IMRPhenomD from 30.0 Hz
2026-09-06T21:27:40.632+01:00 INFO : Decompressing waveform using inline_linear
2026-09-06T21:27:40.637+01:00 INFO : Filtering template 68/96 segment 1/5
2026-09-06T21:27:40.688+01:00 INFO : 1 points above threshold
2026-09-06T21:27:40.707+01:00 INFO : Filtering template 68/96 segment 2/5
2026-09-06T21:27:40.749+01:00 INFO : 1 points above threshold
2026-09-06T21:27:40.755+01:00 INFO : Filtering template 68/96 segment 3/5
2026-09-06T21:27:40.796+01:00 INFO : 1 points above threshold
2026-09-06T21:27:40.802+01:00 INFO : Filtering template 68/96 segment 4/5
2026-09-06T21:27:40.843+01:00 INFO : 1 points above threshold
2026-09-06T21:27:40.849+01:00 INFO : Filtering template 68/96 segment 5/5
2026-09-06T21:27:40.891+01:00 INFO : 1 points above threshold
2026-09-06T21:27:40.897+01:00 INFO : 68: generating IMRPhenomD from 30.0 Hz
2026-09-06T21:27:40.899+01:00 INFO : Decompressing waveform using inline_linear
2026-09-06T21:27:40.905+01:00 INFO : Filtering template 69/96 segment 1/5
2026-09-06T21:27:40.956+01:00 INFO : Filtering template 69/96 segment 2/5
2026-09-06T21:27:40.998+01:00 INFO : Filtering template 69/96 segment 3/5
2026-09-06T21:27:41.039+01:00 INFO : 1 points above threshold
2026-09-06T21:27:41.058+01:00 INFO : Filtering template 69/96 segment 4/5
2026-09-06T21:27:41.099+01:00 INFO : 2 points above threshold
2026-09-06T21:27:41.107+01:00 INFO : Filtering template 69/96 segment 5/5
2026-09-06T21:27:41.149+01:00 INFO : 69: generating IMRPhenomD from 30.0 Hz
2026-09-06T21:27:41.151+01:00 INFO : Decompressing waveform using inline_linear
2026-09-06T21:27:41.156+01:00 INFO : Filtering template 70/96 segment 1/5
2026-09-06T21:27:41.208+01:00 INFO : 2 points above threshold
2026-09-06T21:27:41.229+01:00 INFO : Filtering template 70/96 segment 2/5
2026-09-06T21:27:41.271+01:00 INFO : 2 points above threshold
2026-09-06T21:27:41.278+01:00 INFO : Filtering template 70/96 segment 3/5
2026-09-06T21:27:41.320+01:00 INFO : Filtering template 70/96 segment 4/5
2026-09-06T21:27:41.361+01:00 INFO : 2 points above threshold
2026-09-06T21:27:41.369+01:00 INFO : Filtering template 70/96 segment 5/5
2026-09-06T21:27:41.410+01:00 INFO : 2 points above threshold
2026-09-06T21:27:41.419+01:00 INFO : 70: generating IMRPhenomD from 30.0 Hz
2026-09-06T21:27:41.421+01:00 INFO : Decompressing waveform using inline_linear
2026-09-06T21:27:41.426+01:00 INFO : Filtering template 71/96 segment 1/5
2026-09-06T21:27:41.478+01:00 INFO : Filtering template 71/96 segment 2/5
2026-09-06T21:27:41.519+01:00 INFO : 1 points above threshold
2026-09-06T21:27:41.538+01:00 INFO : Filtering template 71/96 segment 3/5
2026-09-06T21:27:41.586+01:00 INFO : 1 points above threshold
2026-09-06T21:27:41.593+01:00 INFO : Filtering template 71/96 segment 4/5
2026-09-06T21:27:41.641+01:00 INFO : 3 points above threshold
2026-09-06T21:27:41.652+01:00 INFO : Filtering template 71/96 segment 5/5
2026-09-06T21:27:41.693+01:00 INFO : 71: generating IMRPhenomD from 30.0 Hz
2026-09-06T21:27:41.696+01:00 INFO : Decompressing waveform using inline_linear
2026-09-06T21:27:41.701+01:00 INFO : Filtering template 72/96 segment 1/5
2026-09-06T21:27:41.752+01:00 INFO : 2 points above threshold
2026-09-06T21:27:41.773+01:00 INFO : Filtering template 72/96 segment 2/5
2026-09-06T21:27:41.814+01:00 INFO : 1 points above threshold
2026-09-06T21:27:41.821+01:00 INFO : Filtering template 72/96 segment 3/5
2026-09-06T21:27:41.862+01:00 INFO : 1 points above threshold
2026-09-06T21:27:41.868+01:00 INFO : Filtering template 72/96 segment 4/5
2026-09-06T21:27:41.910+01:00 INFO : 3 points above threshold
2026-09-06T21:27:41.920+01:00 INFO : Filtering template 72/96 segment 5/5
2026-09-06T21:27:41.961+01:00 INFO : 3 points above threshold
2026-09-06T21:27:41.971+01:00 INFO : 72: generating IMRPhenomD from 30.0 Hz
2026-09-06T21:27:41.974+01:00 INFO : Decompressing waveform using inline_linear
2026-09-06T21:27:41.979+01:00 INFO : Filtering template 73/96 segment 1/5
2026-09-06T21:27:42.031+01:00 INFO : 1 points above threshold
2026-09-06T21:27:42.050+01:00 INFO : Filtering template 73/96 segment 2/5
2026-09-06T21:27:42.091+01:00 INFO : 1 points above threshold
2026-09-06T21:27:42.097+01:00 INFO : Filtering template 73/96 segment 3/5
2026-09-06T21:27:42.138+01:00 INFO : 1 points above threshold
2026-09-06T21:27:42.144+01:00 INFO : Filtering template 73/96 segment 4/5
2026-09-06T21:27:42.186+01:00 INFO : Filtering template 73/96 segment 5/5
2026-09-06T21:27:42.227+01:00 INFO : 1 points above threshold
2026-09-06T21:27:42.234+01:00 INFO : 73: generating IMRPhenomD from 30.0 Hz
2026-09-06T21:27:42.236+01:00 INFO : Decompressing waveform using inline_linear
2026-09-06T21:27:42.241+01:00 INFO : Filtering template 74/96 segment 1/5
2026-09-06T21:27:42.293+01:00 INFO : 3 points above threshold
2026-09-06T21:27:42.316+01:00 INFO : Filtering template 74/96 segment 2/5
2026-09-06T21:27:42.357+01:00 INFO : 3 points above threshold
2026-09-06T21:27:42.368+01:00 INFO : Filtering template 74/96 segment 3/5
2026-09-06T21:27:42.408+01:00 INFO : Filtering template 74/96 segment 4/5
2026-09-06T21:27:42.450+01:00 INFO : 1 points above threshold
2026-09-06T21:27:42.456+01:00 INFO : Filtering template 74/96 segment 5/5
2026-09-06T21:27:42.498+01:00 INFO : 74: generating IMRPhenomD from 30.0 Hz
2026-09-06T21:27:42.501+01:00 INFO : Decompressing waveform using inline_linear
2026-09-06T21:27:42.506+01:00 INFO : Filtering template 75/96 segment 1/5
2026-09-06T21:27:42.557+01:00 INFO : Filtering template 75/96 segment 2/5
2026-09-06T21:27:42.598+01:00 INFO : 1 points above threshold
2026-09-06T21:27:42.617+01:00 INFO : Filtering template 75/96 segment 3/5
2026-09-06T21:27:42.658+01:00 INFO : 2 points above threshold
2026-09-06T21:27:42.666+01:00 INFO : Filtering template 75/96 segment 4/5
2026-09-06T21:27:42.707+01:00 INFO : Filtering template 75/96 segment 5/5
2026-09-06T21:27:42.749+01:00 INFO : 2 points above threshold
2026-09-06T21:27:42.757+01:00 INFO : 75: generating IMRPhenomD from 30.0 Hz
2026-09-06T21:27:42.759+01:00 INFO : Decompressing waveform using inline_linear
2026-09-06T21:27:42.764+01:00 INFO : Filtering template 76/96 segment 1/5
2026-09-06T21:27:42.816+01:00 INFO : 1 points above threshold
2026-09-06T21:27:42.835+01:00 INFO : Filtering template 76/96 segment 2/5
2026-09-06T21:27:42.876+01:00 INFO : Filtering template 76/96 segment 3/5
2026-09-06T21:27:42.918+01:00 INFO : 1 points above threshold
2026-09-06T21:27:42.924+01:00 INFO : Filtering template 76/96 segment 4/5
2026-09-06T21:27:42.965+01:00 INFO : Filtering template 76/96 segment 5/5
2026-09-06T21:27:43.006+01:00 INFO : 2 points above threshold
2026-09-06T21:27:43.015+01:00 INFO : 76: generating IMRPhenomD from 30.0 Hz
2026-09-06T21:27:43.017+01:00 INFO : Decompressing waveform using inline_linear
2026-09-06T21:27:43.022+01:00 INFO : Filtering template 77/96 segment 1/5
2026-09-06T21:27:43.074+01:00 INFO : Filtering template 77/96 segment 2/5
2026-09-06T21:27:43.115+01:00 INFO : 1 points above threshold
2026-09-06T21:27:43.134+01:00 INFO : Filtering template 77/96 segment 3/5
2026-09-06T21:27:43.176+01:00 INFO : Filtering template 77/96 segment 4/5
2026-09-06T21:27:43.217+01:00 INFO : 1 points above threshold
2026-09-06T21:27:43.223+01:00 INFO : Filtering template 77/96 segment 5/5
2026-09-06T21:27:43.265+01:00 INFO : 77: generating IMRPhenomD from 30.0 Hz
2026-09-06T21:27:43.267+01:00 INFO : Decompressing waveform using inline_linear
2026-09-06T21:27:43.272+01:00 INFO : Filtering template 78/96 segment 1/5
2026-09-06T21:27:43.324+01:00 INFO : Filtering template 78/96 segment 2/5
2026-09-06T21:27:43.365+01:00 INFO : Filtering template 78/96 segment 3/5
2026-09-06T21:27:43.407+01:00 INFO : Filtering template 78/96 segment 4/5
2026-09-06T21:27:43.448+01:00 INFO : 1 points above threshold
2026-09-06T21:27:43.467+01:00 INFO : Filtering template 78/96 segment 5/5
2026-09-06T21:27:43.509+01:00 INFO : 78: generating IMRPhenomD from 30.0 Hz
2026-09-06T21:27:43.511+01:00 INFO : Decompressing waveform using inline_linear
2026-09-06T21:27:43.516+01:00 INFO : Filtering template 79/96 segment 1/5
2026-09-06T21:27:43.568+01:00 INFO : 2 points above threshold
2026-09-06T21:27:43.589+01:00 INFO : Filtering template 79/96 segment 2/5
2026-09-06T21:27:43.630+01:00 INFO : Filtering template 79/96 segment 3/5
2026-09-06T21:27:43.671+01:00 INFO : 1 points above threshold
2026-09-06T21:27:43.677+01:00 INFO : Filtering template 79/96 segment 4/5
2026-09-06T21:27:43.719+01:00 INFO : 1 points above threshold
2026-09-06T21:27:43.725+01:00 INFO : Filtering template 79/96 segment 5/5
2026-09-06T21:27:43.766+01:00 INFO : 3 points above threshold
2026-09-06T21:27:43.777+01:00 INFO : 79: generating IMRPhenomD from 30.0 Hz
2026-09-06T21:27:43.779+01:00 INFO : Decompressing waveform using inline_linear
2026-09-06T21:27:43.784+01:00 INFO : Filtering template 80/96 segment 1/5
2026-09-06T21:27:43.835+01:00 INFO : 2 points above threshold
2026-09-06T21:27:43.856+01:00 INFO : Filtering template 80/96 segment 2/5
2026-09-06T21:27:43.898+01:00 INFO : 1 points above threshold
2026-09-06T21:27:43.904+01:00 INFO : Filtering template 80/96 segment 3/5
2026-09-06T21:27:43.945+01:00 INFO : 1 points above threshold
2026-09-06T21:27:43.951+01:00 INFO : Filtering template 80/96 segment 4/5
2026-09-06T21:27:43.993+01:00 INFO : Filtering template 80/96 segment 5/5
2026-09-06T21:27:44.034+01:00 INFO : 1 points above threshold
2026-09-06T21:27:44.041+01:00 INFO : 80: generating IMRPhenomD from 30.0 Hz
2026-09-06T21:27:44.043+01:00 INFO : Decompressing waveform using inline_linear
2026-09-06T21:27:44.048+01:00 INFO : Filtering template 81/96 segment 1/5
2026-09-06T21:27:44.100+01:00 INFO : 1 points above threshold
2026-09-06T21:27:44.122+01:00 INFO : Filtering template 81/96 segment 2/5
2026-09-06T21:27:44.163+01:00 INFO : 2 points above threshold
2026-09-06T21:27:44.171+01:00 INFO : Filtering template 81/96 segment 3/5
2026-09-06T21:27:44.213+01:00 INFO : 1 points above threshold
2026-09-06T21:27:44.219+01:00 INFO : Filtering template 81/96 segment 4/5
2026-09-06T21:27:44.260+01:00 INFO : Filtering template 81/96 segment 5/5
2026-09-06T21:27:44.301+01:00 INFO : 1 points above threshold
2026-09-06T21:27:44.308+01:00 INFO : 81: generating IMRPhenomD from 30.0 Hz
2026-09-06T21:27:44.310+01:00 INFO : Decompressing waveform using inline_linear
2026-09-06T21:27:44.315+01:00 INFO : Filtering template 82/96 segment 1/5
2026-09-06T21:27:44.367+01:00 INFO : Filtering template 82/96 segment 2/5
2026-09-06T21:27:44.408+01:00 INFO : 2 points above threshold
2026-09-06T21:27:44.432+01:00 INFO : Filtering template 82/96 segment 3/5
2026-09-06T21:27:44.473+01:00 INFO : 1 points above threshold
2026-09-06T21:27:44.479+01:00 INFO : Filtering template 82/96 segment 4/5
2026-09-06T21:27:44.520+01:00 INFO : Filtering template 82/96 segment 5/5
2026-09-06T21:27:44.562+01:00 INFO : 82: generating IMRPhenomD from 30.0 Hz
2026-09-06T21:27:44.564+01:00 INFO : Decompressing waveform using inline_linear
2026-09-06T21:27:44.569+01:00 INFO : Filtering template 83/96 segment 1/5
2026-09-06T21:27:44.621+01:00 INFO : 1 points above threshold
2026-09-06T21:27:44.642+01:00 INFO : Filtering template 83/96 segment 2/5
2026-09-06T21:27:44.684+01:00 INFO : 2 points above threshold
2026-09-06T21:27:44.692+01:00 INFO : Filtering template 83/96 segment 3/5
2026-09-06T21:27:44.734+01:00 INFO : 2 points above threshold
2026-09-06T21:27:44.742+01:00 INFO : Filtering template 83/96 segment 4/5
2026-09-06T21:27:44.783+01:00 INFO : 3 points above threshold
2026-09-06T21:27:44.793+01:00 INFO : Filtering template 83/96 segment 5/5
2026-09-06T21:27:44.834+01:00 INFO : 3 points above threshold
2026-09-06T21:27:44.845+01:00 INFO : 83: generating IMRPhenomD from 30.0 Hz
2026-09-06T21:27:44.847+01:00 INFO : Decompressing waveform using inline_linear
2026-09-06T21:27:44.852+01:00 INFO : Filtering template 84/96 segment 1/5
2026-09-06T21:27:44.904+01:00 INFO : Filtering template 84/96 segment 2/5
2026-09-06T21:27:44.945+01:00 INFO : Filtering template 84/96 segment 3/5
2026-09-06T21:27:44.987+01:00 INFO : 1 points above threshold
2026-09-06T21:27:45.006+01:00 INFO : Filtering template 84/96 segment 4/5
2026-09-06T21:27:45.047+01:00 INFO : 3 points above threshold
2026-09-06T21:27:45.057+01:00 INFO : Filtering template 84/96 segment 5/5
2026-09-06T21:27:45.099+01:00 INFO : 84: generating IMRPhenomD from 30.0 Hz
2026-09-06T21:27:45.101+01:00 INFO : Decompressing waveform using inline_linear
2026-09-06T21:27:45.106+01:00 INFO : Filtering template 85/96 segment 1/5
2026-09-06T21:27:45.158+01:00 INFO : 1 points above threshold
2026-09-06T21:27:45.177+01:00 INFO : Filtering template 85/96 segment 2/5
2026-09-06T21:27:45.218+01:00 INFO : 2 points above threshold
2026-09-06T21:27:45.226+01:00 INFO : Filtering template 85/96 segment 3/5
2026-09-06T21:27:45.267+01:00 INFO : 1 points above threshold
2026-09-06T21:27:45.273+01:00 INFO : Filtering template 85/96 segment 4/5
2026-09-06T21:27:45.315+01:00 INFO : 3 points above threshold
2026-09-06T21:27:45.325+01:00 INFO : Filtering template 85/96 segment 5/5
2026-09-06T21:27:45.366+01:00 INFO : 2 points above threshold
2026-09-06T21:27:45.374+01:00 INFO : 85: generating IMRPhenomD from 30.0 Hz
2026-09-06T21:27:45.377+01:00 INFO : Decompressing waveform using inline_linear
2026-09-06T21:27:45.382+01:00 INFO : Filtering template 86/96 segment 1/5
2026-09-06T21:27:45.433+01:00 INFO : 2 points above threshold
2026-09-06T21:27:45.454+01:00 INFO : Filtering template 86/96 segment 2/5
2026-09-06T21:27:45.495+01:00 INFO : 2 points above threshold
2026-09-06T21:27:45.503+01:00 INFO : Filtering template 86/96 segment 3/5
2026-09-06T21:27:45.545+01:00 INFO : 1 points above threshold
2026-09-06T21:27:45.551+01:00 INFO : Filtering template 86/96 segment 4/5
2026-09-06T21:27:45.592+01:00 INFO : 1 points above threshold
2026-09-06T21:27:45.599+01:00 INFO : Filtering template 86/96 segment 5/5
2026-09-06T21:27:45.640+01:00 INFO : 2 points above threshold
2026-09-06T21:27:45.648+01:00 INFO : 86: generating IMRPhenomD from 30.0 Hz
2026-09-06T21:27:45.651+01:00 INFO : Decompressing waveform using inline_linear
2026-09-06T21:27:45.656+01:00 INFO : Filtering template 87/96 segment 1/5
2026-09-06T21:27:45.707+01:00 INFO : 1 points above threshold
2026-09-06T21:27:45.726+01:00 INFO : Filtering template 87/96 segment 2/5
2026-09-06T21:27:45.767+01:00 INFO : 2 points above threshold
2026-09-06T21:27:45.775+01:00 INFO : Filtering template 87/96 segment 3/5
2026-09-06T21:27:45.816+01:00 INFO : 1 points above threshold
2026-09-06T21:27:45.822+01:00 INFO : Filtering template 87/96 segment 4/5
2026-09-06T21:27:45.864+01:00 INFO : 1 points above threshold
2026-09-06T21:27:45.870+01:00 INFO : Filtering template 87/96 segment 5/5
2026-09-06T21:27:45.911+01:00 INFO : 1 points above threshold
2026-09-06T21:27:45.918+01:00 INFO : 87: generating IMRPhenomD from 30.0 Hz
2026-09-06T21:27:45.920+01:00 INFO : Decompressing waveform using inline_linear
2026-09-06T21:27:45.925+01:00 INFO : Filtering template 88/96 segment 1/5
2026-09-06T21:27:45.977+01:00 INFO : 2 points above threshold
2026-09-06T21:27:45.997+01:00 INFO : Filtering template 88/96 segment 2/5
2026-09-06T21:27:46.039+01:00 INFO : 1 points above threshold
2026-09-06T21:27:46.045+01:00 INFO : Filtering template 88/96 segment 3/5
2026-09-06T21:27:46.086+01:00 INFO : Filtering template 88/96 segment 4/5
2026-09-06T21:27:46.127+01:00 INFO : Filtering template 88/96 segment 5/5
2026-09-06T21:27:46.169+01:00 INFO : 2 points above threshold
2026-09-06T21:27:46.177+01:00 INFO : 88: generating IMRPhenomD from 30.0 Hz
2026-09-06T21:27:46.180+01:00 INFO : Decompressing waveform using inline_linear
2026-09-06T21:27:46.185+01:00 INFO : Filtering template 89/96 segment 1/5
2026-09-06T21:27:46.236+01:00 INFO : 2 points above threshold
2026-09-06T21:27:46.257+01:00 INFO : Filtering template 89/96 segment 2/5
2026-09-06T21:27:46.298+01:00 INFO : 1 points above threshold
2026-09-06T21:27:46.304+01:00 INFO : Filtering template 89/96 segment 3/5
2026-09-06T21:27:46.345+01:00 INFO : 2 points above threshold
2026-09-06T21:27:46.353+01:00 INFO : Filtering template 89/96 segment 4/5
2026-09-06T21:27:46.395+01:00 INFO : Filtering template 89/96 segment 5/5
2026-09-06T21:27:46.436+01:00 INFO : 89: generating IMRPhenomD from 30.0 Hz
2026-09-06T21:27:46.439+01:00 INFO : Decompressing waveform using inline_linear
2026-09-06T21:27:46.444+01:00 INFO : Filtering template 90/96 segment 1/5
2026-09-06T21:27:46.495+01:00 INFO : Filtering template 90/96 segment 2/5
2026-09-06T21:27:46.536+01:00 INFO : 1 points above threshold
2026-09-06T21:27:46.555+01:00 INFO : Filtering template 90/96 segment 3/5
2026-09-06T21:27:46.597+01:00 INFO : 3 points above threshold
2026-09-06T21:27:46.607+01:00 INFO : Filtering template 90/96 segment 4/5
2026-09-06T21:27:46.649+01:00 INFO : Filtering template 90/96 segment 5/5
2026-09-06T21:27:46.693+01:00 INFO : 1 points above threshold
2026-09-06T21:27:46.700+01:00 INFO : 90: generating IMRPhenomD from 30.0 Hz
2026-09-06T21:27:46.703+01:00 INFO : Decompressing waveform using inline_linear
2026-09-06T21:27:46.708+01:00 INFO : Filtering template 91/96 segment 1/5
2026-09-06T21:27:46.764+01:00 INFO : Filtering template 91/96 segment 2/5
2026-09-06T21:27:46.805+01:00 INFO : 2 points above threshold
2026-09-06T21:27:46.826+01:00 INFO : Filtering template 91/96 segment 3/5
2026-09-06T21:27:46.867+01:00 INFO : 3 points above threshold
2026-09-06T21:27:46.877+01:00 INFO : Filtering template 91/96 segment 4/5
2026-09-06T21:27:46.918+01:00 INFO : Filtering template 91/96 segment 5/5
2026-09-06T21:27:46.960+01:00 INFO : 1 points above threshold
2026-09-06T21:27:46.966+01:00 INFO : 91: generating IMRPhenomD from 30.0 Hz
2026-09-06T21:27:46.969+01:00 INFO : Decompressing waveform using inline_linear
2026-09-06T21:27:46.974+01:00 INFO : Filtering template 92/96 segment 1/5
2026-09-06T21:27:47.025+01:00 INFO : 2 points above threshold
2026-09-06T21:27:47.046+01:00 INFO : Filtering template 92/96 segment 2/5
2026-09-06T21:27:47.087+01:00 INFO : 1 points above threshold
2026-09-06T21:27:47.093+01:00 INFO : Filtering template 92/96 segment 3/5
2026-09-06T21:27:47.134+01:00 INFO : 2 points above threshold
2026-09-06T21:27:47.142+01:00 INFO : Filtering template 92/96 segment 4/5
2026-09-06T21:27:47.183+01:00 INFO : 1 points above threshold
2026-09-06T21:27:47.189+01:00 INFO : Filtering template 92/96 segment 5/5
2026-09-06T21:27:47.231+01:00 INFO : 1 points above threshold
2026-09-06T21:27:47.237+01:00 INFO : 92: generating IMRPhenomD from 30.0 Hz
2026-09-06T21:27:47.240+01:00 INFO : Decompressing waveform using inline_linear
2026-09-06T21:27:47.245+01:00 INFO : Filtering template 93/96 segment 1/5
2026-09-06T21:27:47.297+01:00 INFO : Filtering template 93/96 segment 2/5
2026-09-06T21:27:47.338+01:00 INFO : 3 points above threshold
2026-09-06T21:27:47.361+01:00 INFO : Filtering template 93/96 segment 3/5
2026-09-06T21:27:47.402+01:00 INFO : 3 points above threshold
2026-09-06T21:27:47.412+01:00 INFO : Filtering template 93/96 segment 4/5
2026-09-06T21:27:47.454+01:00 INFO : 1 points above threshold
2026-09-06T21:27:47.460+01:00 INFO : Filtering template 93/96 segment 5/5
2026-09-06T21:27:47.501+01:00 INFO : 1 points above threshold
2026-09-06T21:27:47.507+01:00 INFO : 93: generating IMRPhenomD from 30.0 Hz
2026-09-06T21:27:47.509+01:00 INFO : Decompressing waveform using inline_linear
2026-09-06T21:27:47.514+01:00 INFO : Filtering template 94/96 segment 1/5
2026-09-06T21:27:47.566+01:00 INFO : 1 points above threshold
2026-09-06T21:27:47.585+01:00 INFO : Filtering template 94/96 segment 2/5
2026-09-06T21:27:47.627+01:00 INFO : 2 points above threshold
2026-09-06T21:27:47.635+01:00 INFO : Filtering template 94/96 segment 3/5
2026-09-06T21:27:47.676+01:00 INFO : 4 points above threshold
2026-09-06T21:27:47.685+01:00 INFO : Filtering template 94/96 segment 4/5
2026-09-06T21:27:47.727+01:00 INFO : Filtering template 94/96 segment 5/5
2026-09-06T21:27:47.769+01:00 INFO : 2 points above threshold
2026-09-06T21:27:47.777+01:00 INFO : 94: generating IMRPhenomD from 30.0 Hz
2026-09-06T21:27:47.779+01:00 INFO : Decompressing waveform using inline_linear
2026-09-06T21:27:47.784+01:00 INFO : Filtering template 95/96 segment 1/5
2026-09-06T21:27:47.835+01:00 INFO : 3 points above threshold
2026-09-06T21:27:47.862+01:00 INFO : Filtering template 95/96 segment 2/5
2026-09-06T21:27:47.902+01:00 INFO : 2 points above threshold
2026-09-06T21:27:47.910+01:00 INFO : Filtering template 95/96 segment 3/5
2026-09-06T21:27:47.952+01:00 INFO : 2 points above threshold
2026-09-06T21:27:47.960+01:00 INFO : Filtering template 95/96 segment 4/5
2026-09-06T21:27:48.001+01:00 INFO : 1 points above threshold
2026-09-06T21:27:48.007+01:00 INFO : Filtering template 95/96 segment 5/5
2026-09-06T21:27:48.048+01:00 INFO : 95: generating IMRPhenomD from 30.0 Hz
2026-09-06T21:27:48.051+01:00 INFO : Decompressing waveform using inline_linear
2026-09-06T21:27:48.056+01:00 INFO : Filtering template 96/96 segment 1/5
2026-09-06T21:27:48.107+01:00 INFO : 2 points above threshold
2026-09-06T21:27:48.131+01:00 INFO : Filtering template 96/96 segment 2/5
2026-09-06T21:27:48.173+01:00 INFO : Filtering template 96/96 segment 3/5
2026-09-06T21:27:48.214+01:00 INFO : Filtering template 96/96 segment 4/5
2026-09-06T21:27:48.255+01:00 INFO : 1 points above threshold
2026-09-06T21:27:48.261+01:00 INFO : Filtering template 96/96 segment 5/5
2026-09-06T21:27:48.303+01:00 INFO : We currently have 527 triggers
2026-09-06T21:27:48.303+01:00 INFO : Removing triggers with NewSNR below threshold
2026-09-06T21:27:48.303+01:00 INFO : 475 remaining triggers
2026-09-06T21:27:48.303+01:00 INFO : Outputting 475 triggers
2026-09-06T21:27:48.303+01:00 INFO : Writing out triggers
2026-09-06T21:27:48.314+01:00 INFO : Finished
[ perf record: Woken up 641 times to write data ]
[ perf record: Captured and wrote 142.545 MB /home/xangma/pycbc-torch-inspiral-reference-20260906/runs/profile-optimized6-torch-cpu-l512-perf/perf.data (8820 samples) ]
