2026-09-06T20:19:20.777+01:00 INFO : Running with Torch support on device cuda:0
2026-09-06T20:19:20.777+01:00 INFO : Reading Frames
2026-09-06T20:19:27.488+01:00 INFO : Highpass Filtering
2026-09-06T20:19:27.944+01:00 INFO : Resampling data
2026-09-06T20:19:27.955+01:00 INFO : Converting to float32
/home/xangma/pycbc-torch-inspiral-reference-20260906/source-v5/pycbc/types/array.py:872: RuntimeWarning: divide by zero encountered in divide
  return self._data.__rtruediv__(other)
2026-09-06T20:19:33.205+01:00 INFO : Highpass Filtering
2026-09-06T20:19:33.653+01:00 INFO : Remove Padding
2026-09-06T20:19:33.653+01:00 INFO : Making frequency-domain data segments
2026-09-06T20:19:34.283+01:00 INFO : Overwhitening frequency-domain data segments
2026-09-06T20:19:34.284+01:00 INFO : Read in template bank
2026-09-06T20:19:34.314+01:00 INFO : Full template bank size: 96
2026-09-06T20:19:34.314+01:00 INFO : Template bank size after thinning: 96
2026-09-06T20:19:34.315+01:00 INFO : 0: generating IMRPhenomD from 30.0 Hz
2026-09-06T20:19:34.316+01:00 INFO : Decompressing waveform using inline_linear
2026-09-06T20:19:34.502+01:00 INFO : Filtering template 1/96 segment 1/5
2026-09-06T20:19:35.024+01:00 INFO : 1 points above threshold
2026-09-06T20:19:35.046+01:00 INFO : Filtering template 1/96 segment 2/5
2026-09-06T20:19:35.047+01:00 INFO : Filtering template 1/96 segment 3/5
2026-09-06T20:19:35.048+01:00 INFO : 1 points above threshold
2026-09-06T20:19:35.051+01:00 INFO : Filtering template 1/96 segment 4/5
2026-09-06T20:19:35.052+01:00 INFO : Filtering template 1/96 segment 5/5
2026-09-06T20:19:35.053+01:00 INFO : 1 points above threshold
2026-09-06T20:19:35.057+01:00 INFO : 1: generating IMRPhenomD from 30.0 Hz
2026-09-06T20:19:35.059+01:00 INFO : Decompressing waveform using inline_linear
2026-09-06T20:19:35.061+01:00 INFO : Filtering template 2/96 segment 1/5
2026-09-06T20:19:35.062+01:00 INFO : 1 points above threshold
2026-09-06T20:19:35.067+01:00 INFO : Filtering template 2/96 segment 2/5
2026-09-06T20:19:35.068+01:00 INFO : 1 points above threshold
2026-09-06T20:19:35.071+01:00 INFO : Filtering template 2/96 segment 3/5
2026-09-06T20:19:35.072+01:00 INFO : 2 points above threshold
2026-09-06T20:19:35.081+01:00 INFO : Filtering template 2/96 segment 4/5
2026-09-06T20:19:35.082+01:00 INFO : Filtering template 2/96 segment 5/5
2026-09-06T20:19:35.082+01:00 INFO : 1 points above threshold
2026-09-06T20:19:35.087+01:00 INFO : 2: generating IMRPhenomD from 30.0 Hz
2026-09-06T20:19:35.088+01:00 INFO : Decompressing waveform using inline_linear
2026-09-06T20:19:35.090+01:00 INFO : Filtering template 3/96 segment 1/5
2026-09-06T20:19:35.092+01:00 INFO : 3 points above threshold
2026-09-06T20:19:35.097+01:00 INFO : Filtering template 3/96 segment 2/5
2026-09-06T20:19:35.098+01:00 INFO : Filtering template 3/96 segment 3/5
2026-09-06T20:19:35.099+01:00 INFO : 1 points above threshold
2026-09-06T20:19:35.102+01:00 INFO : Filtering template 3/96 segment 4/5
2026-09-06T20:19:35.103+01:00 INFO : 1 points above threshold
2026-09-06T20:19:35.106+01:00 INFO : Filtering template 3/96 segment 5/5
2026-09-06T20:19:35.107+01:00 INFO : 3: generating IMRPhenomD from 30.0 Hz
2026-09-06T20:19:35.109+01:00 INFO : Decompressing waveform using inline_linear
2026-09-06T20:19:35.111+01:00 INFO : Filtering template 4/96 segment 1/5
2026-09-06T20:19:35.112+01:00 INFO : 1 points above threshold
2026-09-06T20:19:35.116+01:00 INFO : Filtering template 4/96 segment 2/5
2026-09-06T20:19:35.117+01:00 INFO : 1 points above threshold
2026-09-06T20:19:35.120+01:00 INFO : Filtering template 4/96 segment 3/5
2026-09-06T20:19:35.121+01:00 INFO : 2 points above threshold
2026-09-06T20:19:35.125+01:00 INFO : Filtering template 4/96 segment 4/5
2026-09-06T20:19:35.126+01:00 INFO : 2 points above threshold
2026-09-06T20:19:35.130+01:00 INFO : Filtering template 4/96 segment 5/5
2026-09-06T20:19:35.131+01:00 INFO : 2 points above threshold
2026-09-06T20:19:35.136+01:00 INFO : 4: generating IMRPhenomD from 30.0 Hz
2026-09-06T20:19:35.138+01:00 INFO : Decompressing waveform using inline_linear
2026-09-06T20:19:35.140+01:00 INFO : Filtering template 5/96 segment 1/5
2026-09-06T20:19:35.141+01:00 INFO : 1 points above threshold
2026-09-06T20:19:35.146+01:00 INFO : Filtering template 5/96 segment 2/5
2026-09-06T20:19:35.146+01:00 INFO : 2 points above threshold
2026-09-06T20:19:35.150+01:00 INFO : Filtering template 5/96 segment 3/5
2026-09-06T20:19:35.151+01:00 INFO : 2 points above threshold
2026-09-06T20:19:35.155+01:00 INFO : Filtering template 5/96 segment 4/5
2026-09-06T20:19:35.156+01:00 INFO : 2 points above threshold
2026-09-06T20:19:35.160+01:00 INFO : Filtering template 5/96 segment 5/5
2026-09-06T20:19:35.162+01:00 INFO : 5: generating IMRPhenomD from 30.0 Hz
2026-09-06T20:19:35.163+01:00 INFO : Decompressing waveform using inline_linear
2026-09-06T20:19:35.165+01:00 INFO : Filtering template 6/96 segment 1/5
2026-09-06T20:19:35.166+01:00 INFO : 1 points above threshold
2026-09-06T20:19:35.171+01:00 INFO : Filtering template 6/96 segment 2/5
2026-09-06T20:19:35.171+01:00 INFO : Filtering template 6/96 segment 3/5
2026-09-06T20:19:35.172+01:00 INFO : Filtering template 6/96 segment 4/5
2026-09-06T20:19:35.173+01:00 INFO : Filtering template 6/96 segment 5/5
2026-09-06T20:19:35.173+01:00 INFO : 1 points above threshold
2026-09-06T20:19:35.177+01:00 INFO : 6: generating IMRPhenomD from 30.0 Hz
2026-09-06T20:19:35.179+01:00 INFO : Decompressing waveform using inline_linear
2026-09-06T20:19:35.181+01:00 INFO : Filtering template 7/96 segment 1/5
2026-09-06T20:19:35.182+01:00 INFO : 2 points above threshold
2026-09-06T20:19:35.188+01:00 INFO : Filtering template 7/96 segment 2/5
2026-09-06T20:19:35.188+01:00 INFO : Filtering template 7/96 segment 3/5
2026-09-06T20:19:35.189+01:00 INFO : Filtering template 7/96 segment 4/5
2026-09-06T20:19:35.189+01:00 INFO : 1 points above threshold
2026-09-06T20:19:35.193+01:00 INFO : Filtering template 7/96 segment 5/5
2026-09-06T20:19:35.194+01:00 INFO : 7: generating IMRPhenomD from 30.0 Hz
2026-09-06T20:19:35.196+01:00 INFO : Decompressing waveform using inline_linear
2026-09-06T20:19:35.198+01:00 INFO : Filtering template 8/96 segment 1/5
2026-09-06T20:19:35.199+01:00 INFO : 2 points above threshold
2026-09-06T20:19:35.204+01:00 INFO : Filtering template 8/96 segment 2/5
2026-09-06T20:19:35.205+01:00 INFO : 1 points above threshold
2026-09-06T20:19:35.208+01:00 INFO : Filtering template 8/96 segment 3/5
2026-09-06T20:19:35.209+01:00 INFO : 4 points above threshold
2026-09-06T20:19:35.213+01:00 INFO : Filtering template 8/96 segment 4/5
2026-09-06T20:19:35.214+01:00 INFO : Filtering template 8/96 segment 5/5
2026-09-06T20:19:35.215+01:00 INFO : 8: generating IMRPhenomD from 30.0 Hz
2026-09-06T20:19:35.217+01:00 INFO : Decompressing waveform using inline_linear
2026-09-06T20:19:35.219+01:00 INFO : Filtering template 9/96 segment 1/5
2026-09-06T20:19:35.220+01:00 INFO : Filtering template 9/96 segment 2/5
2026-09-06T20:19:35.221+01:00 INFO : 1 points above threshold
2026-09-06T20:19:35.225+01:00 INFO : Filtering template 9/96 segment 3/5
2026-09-06T20:19:35.226+01:00 INFO : 2 points above threshold
2026-09-06T20:19:35.230+01:00 INFO : Filtering template 9/96 segment 4/5
2026-09-06T20:19:35.231+01:00 INFO : 1 points above threshold
2026-09-06T20:19:35.234+01:00 INFO : Filtering template 9/96 segment 5/5
2026-09-06T20:19:35.235+01:00 INFO : 3 points above threshold
2026-09-06T20:19:35.240+01:00 INFO : 9: generating IMRPhenomD from 30.0 Hz
2026-09-06T20:19:35.242+01:00 INFO : Decompressing waveform using inline_linear
2026-09-06T20:19:35.244+01:00 INFO : Filtering template 10/96 segment 1/5
2026-09-06T20:19:35.245+01:00 INFO : 1 points above threshold
2026-09-06T20:19:35.249+01:00 INFO : Filtering template 10/96 segment 2/5
2026-09-06T20:19:35.250+01:00 INFO : 1 points above threshold
2026-09-06T20:19:35.253+01:00 INFO : Filtering template 10/96 segment 3/5
2026-09-06T20:19:35.254+01:00 INFO : Filtering template 10/96 segment 4/5
2026-09-06T20:19:35.254+01:00 INFO : 2 points above threshold
2026-09-06T20:19:35.259+01:00 INFO : Filtering template 10/96 segment 5/5
2026-09-06T20:19:35.260+01:00 INFO : 1 points above threshold
2026-09-06T20:19:35.264+01:00 INFO : 10: generating IMRPhenomD from 30.0 Hz
2026-09-06T20:19:35.265+01:00 INFO : Decompressing waveform using inline_linear
2026-09-06T20:19:35.267+01:00 INFO : Filtering template 11/96 segment 1/5
2026-09-06T20:19:35.269+01:00 INFO : 4 points above threshold
2026-09-06T20:19:35.274+01:00 INFO : Filtering template 11/96 segment 2/5
2026-09-06T20:19:35.275+01:00 INFO : 2 points above threshold
2026-09-06T20:19:35.279+01:00 INFO : Filtering template 11/96 segment 3/5
2026-09-06T20:19:35.280+01:00 INFO : 1 points above threshold
2026-09-06T20:19:35.283+01:00 INFO : Filtering template 11/96 segment 4/5
2026-09-06T20:19:35.284+01:00 INFO : Filtering template 11/96 segment 5/5
2026-09-06T20:19:35.285+01:00 INFO : 11: generating IMRPhenomD from 30.0 Hz
2026-09-06T20:19:35.287+01:00 INFO : Decompressing waveform using inline_linear
2026-09-06T20:19:35.289+01:00 INFO : Filtering template 12/96 segment 1/5
2026-09-06T20:19:35.290+01:00 INFO : 1 points above threshold
2026-09-06T20:19:35.294+01:00 INFO : Filtering template 12/96 segment 2/5
2026-09-06T20:19:35.295+01:00 INFO : 1 points above threshold
2026-09-06T20:19:35.298+01:00 INFO : Filtering template 12/96 segment 3/5
2026-09-06T20:19:35.299+01:00 INFO : 1 points above threshold
2026-09-06T20:19:35.302+01:00 INFO : Filtering template 12/96 segment 4/5
2026-09-06T20:19:35.303+01:00 INFO : 3 points above threshold
2026-09-06T20:19:35.307+01:00 INFO : Filtering template 12/96 segment 5/5
2026-09-06T20:19:35.309+01:00 INFO : 12: generating IMRPhenomD from 30.0 Hz
2026-09-06T20:19:35.310+01:00 INFO : Decompressing waveform using inline_linear
2026-09-06T20:19:35.313+01:00 INFO : Filtering template 13/96 segment 1/5
2026-09-06T20:19:35.314+01:00 INFO : Filtering template 13/96 segment 2/5
2026-09-06T20:19:35.314+01:00 INFO : 4 points above threshold
2026-09-06T20:19:35.319+01:00 INFO : Filtering template 13/96 segment 3/5
2026-09-06T20:19:35.320+01:00 INFO : Filtering template 13/96 segment 4/5
2026-09-06T20:19:35.321+01:00 INFO : Filtering template 13/96 segment 5/5
2026-09-06T20:19:35.321+01:00 INFO : 1 points above threshold
2026-09-06T20:19:35.325+01:00 INFO : 13: generating IMRPhenomD from 30.0 Hz
2026-09-06T20:19:35.327+01:00 INFO : Decompressing waveform using inline_linear
2026-09-06T20:19:35.329+01:00 INFO : Filtering template 14/96 segment 1/5
2026-09-06T20:19:35.330+01:00 INFO : 1 points above threshold
2026-09-06T20:19:35.334+01:00 INFO : Filtering template 14/96 segment 2/5
2026-09-06T20:19:35.335+01:00 INFO : 2 points above threshold
2026-09-06T20:19:35.339+01:00 INFO : Filtering template 14/96 segment 3/5
2026-09-06T20:19:35.340+01:00 INFO : 3 points above threshold
2026-09-06T20:19:35.344+01:00 INFO : Filtering template 14/96 segment 4/5
2026-09-06T20:19:35.344+01:00 INFO : 2 points above threshold
2026-09-06T20:19:35.348+01:00 INFO : Filtering template 14/96 segment 5/5
2026-09-06T20:19:35.350+01:00 INFO : 14: generating IMRPhenomD from 30.0 Hz
2026-09-06T20:19:35.351+01:00 INFO : Decompressing waveform using inline_linear
2026-09-06T20:19:35.353+01:00 INFO : Filtering template 15/96 segment 1/5
2026-09-06T20:19:35.354+01:00 INFO : 1 points above threshold
2026-09-06T20:19:35.359+01:00 INFO : Filtering template 15/96 segment 2/5
2026-09-06T20:19:35.359+01:00 INFO : Filtering template 15/96 segment 3/5
2026-09-06T20:19:35.360+01:00 INFO : 1 points above threshold
2026-09-06T20:19:35.363+01:00 INFO : Filtering template 15/96 segment 4/5
2026-09-06T20:19:35.364+01:00 INFO : 1 points above threshold
2026-09-06T20:19:35.367+01:00 INFO : Filtering template 15/96 segment 5/5
2026-09-06T20:19:35.368+01:00 INFO : 3 points above threshold
2026-09-06T20:19:35.373+01:00 INFO : 15: generating IMRPhenomD from 30.0 Hz
2026-09-06T20:19:35.375+01:00 INFO : Decompressing waveform using inline_linear
2026-09-06T20:19:35.377+01:00 INFO : Filtering template 16/96 segment 1/5
2026-09-06T20:19:35.378+01:00 INFO : 1 points above threshold
2026-09-06T20:19:35.382+01:00 INFO : Filtering template 16/96 segment 2/5
2026-09-06T20:19:35.383+01:00 INFO : 2 points above threshold
2026-09-06T20:19:35.387+01:00 INFO : Filtering template 16/96 segment 3/5
2026-09-06T20:19:35.388+01:00 INFO : 3 points above threshold
2026-09-06T20:19:35.392+01:00 INFO : Filtering template 16/96 segment 4/5
2026-09-06T20:19:35.393+01:00 INFO : 2 points above threshold
2026-09-06T20:19:35.397+01:00 INFO : Filtering template 16/96 segment 5/5
2026-09-06T20:19:35.398+01:00 INFO : 16: generating IMRPhenomD from 30.0 Hz
2026-09-06T20:19:35.400+01:00 INFO : Decompressing waveform using inline_linear
2026-09-06T20:19:35.402+01:00 INFO : Filtering template 17/96 segment 1/5
2026-09-06T20:19:35.403+01:00 INFO : 2 points above threshold
2026-09-06T20:19:35.408+01:00 INFO : Filtering template 17/96 segment 2/5
2026-09-06T20:19:35.408+01:00 INFO : 3 points above threshold
2026-09-06T20:19:35.412+01:00 INFO : Filtering template 17/96 segment 3/5
2026-09-06T20:19:35.413+01:00 INFO : Filtering template 17/96 segment 4/5
2026-09-06T20:19:35.413+01:00 INFO : 2 points above threshold
2026-09-06T20:19:35.417+01:00 INFO : Filtering template 17/96 segment 5/5
2026-09-06T20:19:35.417+01:00 INFO : 3 points above threshold
2026-09-06T20:19:35.422+01:00 INFO : 17: generating IMRPhenomD from 30.0 Hz
2026-09-06T20:19:35.423+01:00 INFO : Decompressing waveform using inline_linear
2026-09-06T20:19:35.426+01:00 INFO : Filtering template 18/96 segment 1/5
2026-09-06T20:19:35.427+01:00 INFO : Filtering template 18/96 segment 2/5
2026-09-06T20:19:35.427+01:00 INFO : Filtering template 18/96 segment 3/5
2026-09-06T20:19:35.428+01:00 INFO : 1 points above threshold
2026-09-06T20:19:35.432+01:00 INFO : Filtering template 18/96 segment 4/5
2026-09-06T20:19:35.433+01:00 INFO : Filtering template 18/96 segment 5/5
2026-09-06T20:19:35.434+01:00 INFO : 2 points above threshold
2026-09-06T20:19:35.438+01:00 INFO : 18: generating IMRPhenomD from 30.0 Hz
2026-09-06T20:19:35.440+01:00 INFO : Decompressing waveform using inline_linear
2026-09-06T20:19:35.442+01:00 INFO : Filtering template 19/96 segment 1/5
2026-09-06T20:19:35.443+01:00 INFO : 3 points above threshold
2026-09-06T20:19:35.448+01:00 INFO : Filtering template 19/96 segment 2/5
2026-09-06T20:19:35.449+01:00 INFO : 1 points above threshold
2026-09-06T20:19:35.452+01:00 INFO : Filtering template 19/96 segment 3/5
2026-09-06T20:19:35.453+01:00 INFO : 1 points above threshold
2026-09-06T20:19:35.456+01:00 INFO : Filtering template 19/96 segment 4/5
2026-09-06T20:19:35.457+01:00 INFO : 3 points above threshold
2026-09-06T20:19:35.460+01:00 INFO : Filtering template 19/96 segment 5/5
2026-09-06T20:19:35.461+01:00 INFO : 1 points above threshold
2026-09-06T20:19:35.465+01:00 INFO : 19: generating IMRPhenomD from 30.0 Hz
2026-09-06T20:19:35.467+01:00 INFO : Decompressing waveform using inline_linear
2026-09-06T20:19:35.469+01:00 INFO : Filtering template 20/96 segment 1/5
2026-09-06T20:19:35.470+01:00 INFO : 1 points above threshold
2026-09-06T20:19:35.474+01:00 INFO : Filtering template 20/96 segment 2/5
2026-09-06T20:19:35.475+01:00 INFO : 3 points above threshold
2026-09-06T20:19:35.479+01:00 INFO : Filtering template 20/96 segment 3/5
2026-09-06T20:19:35.480+01:00 INFO : Filtering template 20/96 segment 4/5
2026-09-06T20:19:35.481+01:00 INFO : 2 points above threshold
2026-09-06T20:19:35.485+01:00 INFO : Filtering template 20/96 segment 5/5
2026-09-06T20:19:35.486+01:00 INFO : 20: generating IMRPhenomD from 30.0 Hz
2026-09-06T20:19:35.488+01:00 INFO : Decompressing waveform using inline_linear
2026-09-06T20:19:35.490+01:00 INFO : Filtering template 21/96 segment 1/5
2026-09-06T20:19:35.491+01:00 INFO : 1 points above threshold
2026-09-06T20:19:35.496+01:00 INFO : Filtering template 21/96 segment 2/5
2026-09-06T20:19:35.496+01:00 INFO : 1 points above threshold
2026-09-06T20:19:35.500+01:00 INFO : Filtering template 21/96 segment 3/5
2026-09-06T20:19:35.500+01:00 INFO : 1 points above threshold
2026-09-06T20:19:35.504+01:00 INFO : Filtering template 21/96 segment 4/5
2026-09-06T20:19:35.504+01:00 INFO : Filtering template 21/96 segment 5/5
2026-09-06T20:19:35.506+01:00 INFO : 21: generating IMRPhenomD from 30.0 Hz
2026-09-06T20:19:35.507+01:00 INFO : Decompressing waveform using inline_linear
2026-09-06T20:19:35.510+01:00 INFO : Filtering template 22/96 segment 1/5
2026-09-06T20:19:35.511+01:00 INFO : 5 points above threshold
2026-09-06T20:19:35.516+01:00 INFO : Filtering template 22/96 segment 2/5
2026-09-06T20:19:35.517+01:00 INFO : Filtering template 22/96 segment 3/5
2026-09-06T20:19:35.517+01:00 INFO : Filtering template 22/96 segment 4/5
2026-09-06T20:19:35.518+01:00 INFO : 1 points above threshold
2026-09-06T20:19:35.521+01:00 INFO : Filtering template 22/96 segment 5/5
2026-09-06T20:19:35.522+01:00 INFO : 1 points above threshold
2026-09-06T20:19:35.526+01:00 INFO : 22: generating IMRPhenomD from 30.0 Hz
2026-09-06T20:19:35.528+01:00 INFO : Decompressing waveform using inline_linear
2026-09-06T20:19:35.530+01:00 INFO : Filtering template 23/96 segment 1/5
2026-09-06T20:19:35.531+01:00 INFO : 2 points above threshold
2026-09-06T20:19:35.536+01:00 INFO : Filtering template 23/96 segment 2/5
2026-09-06T20:19:35.536+01:00 INFO : 1 points above threshold
2026-09-06T20:19:35.540+01:00 INFO : Filtering template 23/96 segment 3/5
2026-09-06T20:19:35.540+01:00 INFO : 1 points above threshold
2026-09-06T20:19:35.544+01:00 INFO : Filtering template 23/96 segment 4/5
2026-09-06T20:19:35.544+01:00 INFO : Filtering template 23/96 segment 5/5
2026-09-06T20:19:35.546+01:00 INFO : 23: generating IMRPhenomD from 30.0 Hz
2026-09-06T20:19:35.547+01:00 INFO : Decompressing waveform using inline_linear
2026-09-06T20:19:35.549+01:00 INFO : Filtering template 24/96 segment 1/5
2026-09-06T20:19:35.551+01:00 INFO : 1 points above threshold
2026-09-06T20:19:35.555+01:00 INFO : Filtering template 24/96 segment 2/5
2026-09-06T20:19:35.555+01:00 INFO : 2 points above threshold
2026-09-06T20:19:35.560+01:00 INFO : Filtering template 24/96 segment 3/5
2026-09-06T20:19:35.561+01:00 INFO : 1 points above threshold
2026-09-06T20:19:35.564+01:00 INFO : Filtering template 24/96 segment 4/5
2026-09-06T20:19:35.564+01:00 INFO : Filtering template 24/96 segment 5/5
2026-09-06T20:19:35.565+01:00 INFO : 2 points above threshold
2026-09-06T20:19:35.570+01:00 INFO : 24: generating IMRPhenomD from 30.0 Hz
2026-09-06T20:19:35.572+01:00 INFO : Decompressing waveform using inline_linear
2026-09-06T20:19:35.574+01:00 INFO : Filtering template 25/96 segment 1/5
2026-09-06T20:19:35.575+01:00 INFO : 2 points above threshold
2026-09-06T20:19:35.580+01:00 INFO : Filtering template 25/96 segment 2/5
2026-09-06T20:19:35.581+01:00 INFO : Filtering template 25/96 segment 3/5
2026-09-06T20:19:35.581+01:00 INFO : Filtering template 25/96 segment 4/5
2026-09-06T20:19:35.582+01:00 INFO : Filtering template 25/96 segment 5/5
2026-09-06T20:19:35.583+01:00 INFO : 25: generating IMRPhenomD from 30.0 Hz
2026-09-06T20:19:35.584+01:00 INFO : Decompressing waveform using inline_linear
2026-09-06T20:19:35.587+01:00 INFO : Filtering template 26/96 segment 1/5
2026-09-06T20:19:35.588+01:00 INFO : Filtering template 26/96 segment 2/5
2026-09-06T20:19:35.589+01:00 INFO : 2 points above threshold
2026-09-06T20:19:35.594+01:00 INFO : Filtering template 26/96 segment 3/5
2026-09-06T20:19:35.594+01:00 INFO : Filtering template 26/96 segment 4/5
2026-09-06T20:19:35.595+01:00 INFO : 2 points above threshold
2026-09-06T20:19:35.599+01:00 INFO : Filtering template 26/96 segment 5/5
2026-09-06T20:19:35.600+01:00 INFO : 2 points above threshold
2026-09-06T20:19:35.605+01:00 INFO : 26: generating IMRPhenomD from 30.0 Hz
2026-09-06T20:19:35.606+01:00 INFO : Decompressing waveform using inline_linear
2026-09-06T20:19:35.608+01:00 INFO : Filtering template 27/96 segment 1/5
2026-09-06T20:19:35.609+01:00 INFO : 3 points above threshold
2026-09-06T20:19:35.614+01:00 INFO : Filtering template 27/96 segment 2/5
2026-09-06T20:19:35.615+01:00 INFO : Filtering template 27/96 segment 3/5
2026-09-06T20:19:35.616+01:00 INFO : 1 points above threshold
2026-09-06T20:19:35.619+01:00 INFO : Filtering template 27/96 segment 4/5
2026-09-06T20:19:35.619+01:00 INFO : Filtering template 27/96 segment 5/5
2026-09-06T20:19:35.621+01:00 INFO : 27: generating IMRPhenomD from 30.0 Hz
2026-09-06T20:19:35.622+01:00 INFO : Decompressing waveform using inline_linear
2026-09-06T20:19:35.624+01:00 INFO : Filtering template 28/96 segment 1/5
2026-09-06T20:19:35.626+01:00 INFO : 3 points above threshold
2026-09-06T20:19:35.631+01:00 INFO : Filtering template 28/96 segment 2/5
2026-09-06T20:19:35.632+01:00 INFO : 1 points above threshold
2026-09-06T20:19:35.635+01:00 INFO : Filtering template 28/96 segment 3/5
2026-09-06T20:19:35.635+01:00 INFO : 2 points above threshold
2026-09-06T20:19:35.640+01:00 INFO : Filtering template 28/96 segment 4/5
2026-09-06T20:19:35.640+01:00 INFO : 1 points above threshold
2026-09-06T20:19:35.644+01:00 INFO : Filtering template 28/96 segment 5/5
2026-09-06T20:19:35.645+01:00 INFO : 28: generating IMRPhenomD from 30.0 Hz
2026-09-06T20:19:35.647+01:00 INFO : Decompressing waveform using inline_linear
2026-09-06T20:19:35.649+01:00 INFO : Filtering template 29/96 segment 1/5
2026-09-06T20:19:35.650+01:00 INFO : 2 points above threshold
2026-09-06T20:19:35.656+01:00 INFO : Filtering template 29/96 segment 2/5
2026-09-06T20:19:35.656+01:00 INFO : 2 points above threshold
2026-09-06T20:19:35.661+01:00 INFO : Filtering template 29/96 segment 3/5
2026-09-06T20:19:35.661+01:00 INFO : 1 points above threshold
2026-09-06T20:19:35.665+01:00 INFO : Filtering template 29/96 segment 4/5
2026-09-06T20:19:35.665+01:00 INFO : 2 points above threshold
2026-09-06T20:19:35.670+01:00 INFO : Filtering template 29/96 segment 5/5
2026-09-06T20:19:35.670+01:00 INFO : 2 points above threshold
2026-09-06T20:19:35.676+01:00 INFO : 29: generating IMRPhenomD from 30.0 Hz
2026-09-06T20:19:35.677+01:00 INFO : Decompressing waveform using inline_linear
2026-09-06T20:19:35.680+01:00 INFO : Filtering template 30/96 segment 1/5
2026-09-06T20:19:35.681+01:00 INFO : 1 points above threshold
2026-09-06T20:19:35.685+01:00 INFO : Filtering template 30/96 segment 2/5
2026-09-06T20:19:35.686+01:00 INFO : 1 points above threshold
2026-09-06T20:19:35.689+01:00 INFO : Filtering template 30/96 segment 3/5
2026-09-06T20:19:35.690+01:00 INFO : 1 points above threshold
2026-09-06T20:19:35.693+01:00 INFO : Filtering template 30/96 segment 4/5
2026-09-06T20:19:35.694+01:00 INFO : Filtering template 30/96 segment 5/5
2026-09-06T20:19:35.695+01:00 INFO : 30: generating IMRPhenomD from 30.0 Hz
2026-09-06T20:19:35.697+01:00 INFO : Decompressing waveform using inline_linear
2026-09-06T20:19:35.699+01:00 INFO : Filtering template 31/96 segment 1/5
2026-09-06T20:19:35.700+01:00 INFO : Filtering template 31/96 segment 2/5
2026-09-06T20:19:35.701+01:00 INFO : 1 points above threshold
2026-09-06T20:19:35.705+01:00 INFO : Filtering template 31/96 segment 3/5
2026-09-06T20:19:35.706+01:00 INFO : Filtering template 31/96 segment 4/5
2026-09-06T20:19:35.706+01:00 INFO : 1 points above threshold
2026-09-06T20:19:35.710+01:00 INFO : Filtering template 31/96 segment 5/5
2026-09-06T20:19:35.710+01:00 INFO : 1 points above threshold
2026-09-06T20:19:35.714+01:00 INFO : 31: generating IMRPhenomD from 30.0 Hz
2026-09-06T20:19:35.716+01:00 INFO : Decompressing waveform using inline_linear
2026-09-06T20:19:35.718+01:00 INFO : Filtering template 32/96 segment 1/5
2026-09-06T20:19:35.719+01:00 INFO : Filtering template 32/96 segment 2/5
2026-09-06T20:19:35.720+01:00 INFO : Filtering template 32/96 segment 3/5
2026-09-06T20:19:35.720+01:00 INFO : Filtering template 32/96 segment 4/5
2026-09-06T20:19:35.721+01:00 INFO : 3 points above threshold
2026-09-06T20:19:35.726+01:00 INFO : Filtering template 32/96 segment 5/5
2026-09-06T20:19:35.727+01:00 INFO : 2 points above threshold
2026-09-06T20:19:35.731+01:00 INFO : 32: generating IMRPhenomD from 30.0 Hz
2026-09-06T20:19:35.733+01:00 INFO : Decompressing waveform using inline_linear
2026-09-06T20:19:35.735+01:00 INFO : Filtering template 33/96 segment 1/5
2026-09-06T20:19:35.736+01:00 INFO : 2 points above threshold
2026-09-06T20:19:35.741+01:00 INFO : Filtering template 33/96 segment 2/5
2026-09-06T20:19:35.742+01:00 INFO : Filtering template 33/96 segment 3/5
2026-09-06T20:19:35.743+01:00 INFO : Filtering template 33/96 segment 4/5
2026-09-06T20:19:35.743+01:00 INFO : 1 points above threshold
2026-09-06T20:19:35.747+01:00 INFO : Filtering template 33/96 segment 5/5
2026-09-06T20:19:35.748+01:00 INFO : 33: generating IMRPhenomD from 30.0 Hz
2026-09-06T20:19:35.749+01:00 INFO : Decompressing waveform using inline_linear
2026-09-06T20:19:35.751+01:00 INFO : Filtering template 34/96 segment 1/5
2026-09-06T20:19:35.753+01:00 INFO : Filtering template 34/96 segment 2/5
2026-09-06T20:19:35.753+01:00 INFO : 1 points above threshold
2026-09-06T20:19:35.757+01:00 INFO : Filtering template 34/96 segment 3/5
2026-09-06T20:19:35.758+01:00 INFO : 1 points above threshold
2026-09-06T20:19:35.761+01:00 INFO : Filtering template 34/96 segment 4/5
2026-09-06T20:19:35.762+01:00 INFO : Filtering template 34/96 segment 5/5
2026-09-06T20:19:35.763+01:00 INFO : 1 points above threshold
2026-09-06T20:19:35.767+01:00 INFO : 34: generating IMRPhenomD from 30.0 Hz
2026-09-06T20:19:35.768+01:00 INFO : Decompressing waveform using inline_linear
2026-09-06T20:19:35.771+01:00 INFO : Filtering template 35/96 segment 1/5
2026-09-06T20:19:35.772+01:00 INFO : 1 points above threshold
2026-09-06T20:19:35.776+01:00 INFO : Filtering template 35/96 segment 2/5
2026-09-06T20:19:35.777+01:00 INFO : 1 points above threshold
2026-09-06T20:19:35.780+01:00 INFO : Filtering template 35/96 segment 3/5
2026-09-06T20:19:35.781+01:00 INFO : 1 points above threshold
2026-09-06T20:19:35.784+01:00 INFO : Filtering template 35/96 segment 4/5
2026-09-06T20:19:35.785+01:00 INFO : Filtering template 35/96 segment 5/5
2026-09-06T20:19:35.786+01:00 INFO : 35: generating IMRPhenomD from 30.0 Hz
2026-09-06T20:19:35.788+01:00 INFO : Decompressing waveform using inline_linear
2026-09-06T20:19:35.790+01:00 INFO : Filtering template 36/96 segment 1/5
2026-09-06T20:19:35.791+01:00 INFO : 3 points above threshold
2026-09-06T20:19:35.796+01:00 INFO : Filtering template 36/96 segment 2/5
2026-09-06T20:19:35.796+01:00 INFO : 1 points above threshold
2026-09-06T20:19:35.800+01:00 INFO : Filtering template 36/96 segment 3/5
2026-09-06T20:19:35.800+01:00 INFO : 2 points above threshold
2026-09-06T20:19:35.804+01:00 INFO : Filtering template 36/96 segment 4/5
2026-09-06T20:19:35.805+01:00 INFO : Filtering template 36/96 segment 5/5
2026-09-06T20:19:35.805+01:00 INFO : 1 points above threshold
2026-09-06T20:19:35.809+01:00 INFO : 36: generating IMRPhenomD from 30.0 Hz
2026-09-06T20:19:35.811+01:00 INFO : Decompressing waveform using inline_linear
2026-09-06T20:19:35.813+01:00 INFO : Filtering template 37/96 segment 1/5
2026-09-06T20:19:35.814+01:00 INFO : 2 points above threshold
2026-09-06T20:19:35.820+01:00 INFO : Filtering template 37/96 segment 2/5
2026-09-06T20:19:35.820+01:00 INFO : 3 points above threshold
2026-09-06T20:19:35.825+01:00 INFO : Filtering template 37/96 segment 3/5
2026-09-06T20:19:35.825+01:00 INFO : 1 points above threshold
2026-09-06T20:19:35.829+01:00 INFO : Filtering template 37/96 segment 4/5
2026-09-06T20:19:35.829+01:00 INFO : 3 points above threshold
2026-09-06T20:19:35.834+01:00 INFO : Filtering template 37/96 segment 5/5
2026-09-06T20:19:35.835+01:00 INFO : 37: generating IMRPhenomD from 30.0 Hz
2026-09-06T20:19:35.837+01:00 INFO : Decompressing waveform using inline_linear
2026-09-06T20:19:35.839+01:00 INFO : Filtering template 38/96 segment 1/5
2026-09-06T20:19:35.840+01:00 INFO : Filtering template 38/96 segment 2/5
2026-09-06T20:19:35.841+01:00 INFO : Filtering template 38/96 segment 3/5
2026-09-06T20:19:35.841+01:00 INFO : 1 points above threshold
2026-09-06T20:19:35.846+01:00 INFO : Filtering template 38/96 segment 4/5
2026-09-06T20:19:35.846+01:00 INFO : 1 points above threshold
2026-09-06T20:19:35.850+01:00 INFO : Filtering template 38/96 segment 5/5
2026-09-06T20:19:35.850+01:00 INFO : 1 points above threshold
2026-09-06T20:19:35.854+01:00 INFO : 38: generating IMRPhenomD from 30.0 Hz
2026-09-06T20:19:35.856+01:00 INFO : Decompressing waveform using inline_linear
2026-09-06T20:19:35.858+01:00 INFO : Filtering template 39/96 segment 1/5
2026-09-06T20:19:35.859+01:00 INFO : Filtering template 39/96 segment 2/5
2026-09-06T20:19:35.860+01:00 INFO : 2 points above threshold
2026-09-06T20:19:35.865+01:00 INFO : Filtering template 39/96 segment 3/5
2026-09-06T20:19:35.866+01:00 INFO : Filtering template 39/96 segment 4/5
2026-09-06T20:19:35.867+01:00 INFO : 2 points above threshold
2026-09-06T20:19:35.871+01:00 INFO : Filtering template 39/96 segment 5/5
2026-09-06T20:19:35.872+01:00 INFO : 39: generating IMRPhenomD from 30.0 Hz
2026-09-06T20:19:35.874+01:00 INFO : Decompressing waveform using inline_linear
2026-09-06T20:19:35.876+01:00 INFO : Filtering template 40/96 segment 1/5
2026-09-06T20:19:35.877+01:00 INFO : Filtering template 40/96 segment 2/5
2026-09-06T20:19:35.878+01:00 INFO : Filtering template 40/96 segment 3/5
2026-09-06T20:19:35.878+01:00 INFO : Filtering template 40/96 segment 4/5
2026-09-06T20:19:35.879+01:00 INFO : 2 points above threshold
2026-09-06T20:19:35.884+01:00 INFO : Filtering template 40/96 segment 5/5
2026-09-06T20:19:35.885+01:00 INFO : 40: generating IMRPhenomD from 30.0 Hz
2026-09-06T20:19:35.887+01:00 INFO : Decompressing waveform using inline_linear
2026-09-06T20:19:35.889+01:00 INFO : Filtering template 41/96 segment 1/5
2026-09-06T20:19:35.891+01:00 INFO : Filtering template 41/96 segment 2/5
2026-09-06T20:19:35.891+01:00 INFO : Filtering template 41/96 segment 3/5
2026-09-06T20:19:35.892+01:00 INFO : 2 points above threshold
2026-09-06T20:19:35.897+01:00 INFO : Filtering template 41/96 segment 4/5
2026-09-06T20:19:35.898+01:00 INFO : 2 points above threshold
2026-09-06T20:19:35.903+01:00 INFO : Filtering template 41/96 segment 5/5
2026-09-06T20:19:35.904+01:00 INFO : 41: generating IMRPhenomD from 30.0 Hz
2026-09-06T20:19:35.905+01:00 INFO : Decompressing waveform using inline_linear
2026-09-06T20:19:35.907+01:00 INFO : Filtering template 42/96 segment 1/5
2026-09-06T20:19:35.909+01:00 INFO : Filtering template 42/96 segment 2/5
2026-09-06T20:19:35.909+01:00 INFO : 1 points above threshold
2026-09-06T20:19:35.914+01:00 INFO : Filtering template 42/96 segment 3/5
2026-09-06T20:19:35.914+01:00 INFO : Filtering template 42/96 segment 4/5
2026-09-06T20:19:35.915+01:00 INFO : 1 points above threshold
2026-09-06T20:19:35.918+01:00 INFO : Filtering template 42/96 segment 5/5
2026-09-06T20:19:35.919+01:00 INFO : 1 points above threshold
2026-09-06T20:19:35.923+01:00 INFO : 42: generating IMRPhenomD from 30.0 Hz
2026-09-06T20:19:35.924+01:00 INFO : Decompressing waveform using inline_linear
2026-09-06T20:19:35.927+01:00 INFO : Filtering template 43/96 segment 1/5
2026-09-06T20:19:35.928+01:00 INFO : 1 points above threshold
2026-09-06T20:19:35.932+01:00 INFO : Filtering template 43/96 segment 2/5
2026-09-06T20:19:35.933+01:00 INFO : 2 points above threshold
2026-09-06T20:19:35.937+01:00 INFO : Filtering template 43/96 segment 3/5
2026-09-06T20:19:35.938+01:00 INFO : 1 points above threshold
2026-09-06T20:19:35.941+01:00 INFO : Filtering template 43/96 segment 4/5
2026-09-06T20:19:35.942+01:00 INFO : Filtering template 43/96 segment 5/5
2026-09-06T20:19:35.943+01:00 INFO : 43: generating IMRPhenomD from 30.0 Hz
2026-09-06T20:19:35.944+01:00 INFO : Decompressing waveform using inline_linear
2026-09-06T20:19:35.947+01:00 INFO : Filtering template 44/96 segment 1/5
2026-09-06T20:19:35.948+01:00 INFO : 1 points above threshold
2026-09-06T20:19:35.952+01:00 INFO : Filtering template 44/96 segment 2/5
2026-09-06T20:19:35.953+01:00 INFO : Filtering template 44/96 segment 3/5
2026-09-06T20:19:35.953+01:00 INFO : Filtering template 44/96 segment 4/5
2026-09-06T20:19:35.954+01:00 INFO : 1 points above threshold
2026-09-06T20:19:35.957+01:00 INFO : Filtering template 44/96 segment 5/5
2026-09-06T20:19:35.958+01:00 INFO : 44: generating IMRPhenomD from 30.0 Hz
2026-09-06T20:19:35.960+01:00 INFO : Decompressing waveform using inline_linear
2026-09-06T20:19:35.962+01:00 INFO : Filtering template 45/96 segment 1/5
2026-09-06T20:19:35.963+01:00 INFO : 2 points above threshold
2026-09-06T20:19:35.968+01:00 INFO : Filtering template 45/96 segment 2/5
2026-09-06T20:19:35.969+01:00 INFO : 1 points above threshold
2026-09-06T20:19:35.972+01:00 INFO : Filtering template 45/96 segment 3/5
2026-09-06T20:19:35.973+01:00 INFO : 1 points above threshold
2026-09-06T20:19:35.976+01:00 INFO : Filtering template 45/96 segment 4/5
2026-09-06T20:19:35.977+01:00 INFO : Filtering template 45/96 segment 5/5
2026-09-06T20:19:35.978+01:00 INFO : 45: generating IMRPhenomD from 30.0 Hz
2026-09-06T20:19:35.980+01:00 INFO : Decompressing waveform using inline_linear
2026-09-06T20:19:35.982+01:00 INFO : Filtering template 46/96 segment 1/5
2026-09-06T20:19:35.983+01:00 INFO : Filtering template 46/96 segment 2/5
2026-09-06T20:19:35.984+01:00 INFO : Filtering template 46/96 segment 3/5
2026-09-06T20:19:35.984+01:00 INFO : 1 points above threshold
2026-09-06T20:19:35.989+01:00 INFO : Filtering template 46/96 segment 4/5
2026-09-06T20:19:35.989+01:00 INFO : 3 points above threshold
2026-09-06T20:19:35.994+01:00 INFO : Filtering template 46/96 segment 5/5
2026-09-06T20:19:35.995+01:00 INFO : 1 points above threshold
2026-09-06T20:19:35.999+01:00 INFO : 46: generating IMRPhenomD from 30.0 Hz
2026-09-06T20:19:36.000+01:00 INFO : Decompressing waveform using inline_linear
2026-09-06T20:19:36.002+01:00 INFO : Filtering template 47/96 segment 1/5
2026-09-06T20:19:36.003+01:00 INFO : 3 points above threshold
2026-09-06T20:19:36.009+01:00 INFO : Filtering template 47/96 segment 2/5
2026-09-06T20:19:36.010+01:00 INFO : Filtering template 47/96 segment 3/5
2026-09-06T20:19:36.010+01:00 INFO : 2 points above threshold
2026-09-06T20:19:36.015+01:00 INFO : Filtering template 47/96 segment 4/5
2026-09-06T20:19:36.015+01:00 INFO : 1 points above threshold
2026-09-06T20:19:36.019+01:00 INFO : Filtering template 47/96 segment 5/5
2026-09-06T20:19:36.019+01:00 INFO : 1 points above threshold
2026-09-06T20:19:36.023+01:00 INFO : 47: generating IMRPhenomD from 30.0 Hz
2026-09-06T20:19:36.025+01:00 INFO : Decompressing waveform using inline_linear
2026-09-06T20:19:36.027+01:00 INFO : Filtering template 48/96 segment 1/5
2026-09-06T20:19:36.028+01:00 INFO : 3 points above threshold
2026-09-06T20:19:36.034+01:00 INFO : Filtering template 48/96 segment 2/5
2026-09-06T20:19:36.034+01:00 INFO : 1 points above threshold
2026-09-06T20:19:36.038+01:00 INFO : Filtering template 48/96 segment 3/5
2026-09-06T20:19:36.038+01:00 INFO : 1 points above threshold
2026-09-06T20:19:36.042+01:00 INFO : Filtering template 48/96 segment 4/5
2026-09-06T20:19:36.042+01:00 INFO : 2 points above threshold
2026-09-06T20:19:36.047+01:00 INFO : Filtering template 48/96 segment 5/5
2026-09-06T20:19:36.047+01:00 INFO : 1 points above threshold
2026-09-06T20:19:36.052+01:00 INFO : 48: generating IMRPhenomD from 30.0 Hz
2026-09-06T20:19:36.053+01:00 INFO : Decompressing waveform using inline_linear
2026-09-06T20:19:36.055+01:00 INFO : Filtering template 49/96 segment 1/5
2026-09-06T20:19:36.057+01:00 INFO : 1 points above threshold
2026-09-06T20:19:36.061+01:00 INFO : Filtering template 49/96 segment 2/5
2026-09-06T20:19:36.062+01:00 INFO : 1 points above threshold
2026-09-06T20:19:36.065+01:00 INFO : Filtering template 49/96 segment 3/5
2026-09-06T20:19:36.066+01:00 INFO : 2 points above threshold
2026-09-06T20:19:36.070+01:00 INFO : Filtering template 49/96 segment 4/5
2026-09-06T20:19:36.071+01:00 INFO : Filtering template 49/96 segment 5/5
2026-09-06T20:19:36.072+01:00 INFO : 49: generating IMRPhenomD from 30.0 Hz
2026-09-06T20:19:36.074+01:00 INFO : Decompressing waveform using inline_linear
2026-09-06T20:19:36.076+01:00 INFO : Filtering template 50/96 segment 1/5
2026-09-06T20:19:36.077+01:00 INFO : Filtering template 50/96 segment 2/5
2026-09-06T20:19:36.078+01:00 INFO : 2 points above threshold
2026-09-06T20:19:36.083+01:00 INFO : Filtering template 50/96 segment 3/5
2026-09-06T20:19:36.084+01:00 INFO : 4 points above threshold
2026-09-06T20:19:36.088+01:00 INFO : Filtering template 50/96 segment 4/5
2026-09-06T20:19:36.089+01:00 INFO : 2 points above threshold
2026-09-06T20:19:36.093+01:00 INFO : Filtering template 50/96 segment 5/5
2026-09-06T20:19:36.095+01:00 INFO : 50: generating IMRPhenomD from 30.0 Hz
2026-09-06T20:19:36.096+01:00 INFO : Decompressing waveform using inline_linear
2026-09-06T20:19:36.098+01:00 INFO : Filtering template 51/96 segment 1/5
2026-09-06T20:19:36.100+01:00 INFO : 1 points above threshold
2026-09-06T20:19:36.104+01:00 INFO : Filtering template 51/96 segment 2/5
2026-09-06T20:19:36.105+01:00 INFO : 1 points above threshold
2026-09-06T20:19:36.108+01:00 INFO : Filtering template 51/96 segment 3/5
2026-09-06T20:19:36.109+01:00 INFO : Filtering template 51/96 segment 4/5
2026-09-06T20:19:36.109+01:00 INFO : 1 points above threshold
2026-09-06T20:19:36.113+01:00 INFO : Filtering template 51/96 segment 5/5
2026-09-06T20:19:36.113+01:00 INFO : 2 points above threshold
2026-09-06T20:19:36.119+01:00 INFO : 51: generating IMRPhenomD from 30.0 Hz
2026-09-06T20:19:36.120+01:00 INFO : Decompressing waveform using inline_linear
2026-09-06T20:19:36.122+01:00 INFO : Filtering template 52/96 segment 1/5
2026-09-06T20:19:36.124+01:00 INFO : 1 points above threshold
2026-09-06T20:19:36.128+01:00 INFO : Filtering template 52/96 segment 2/5
2026-09-06T20:19:36.128+01:00 INFO : 1 points above threshold
2026-09-06T20:19:36.132+01:00 INFO : Filtering template 52/96 segment 3/5
2026-09-06T20:19:36.132+01:00 INFO : Filtering template 52/96 segment 4/5
2026-09-06T20:19:36.133+01:00 INFO : 3 points above threshold
2026-09-06T20:19:36.138+01:00 INFO : Filtering template 52/96 segment 5/5
2026-09-06T20:19:36.138+01:00 INFO : 1 points above threshold
2026-09-06T20:19:36.142+01:00 INFO : 52: generating IMRPhenomD from 30.0 Hz
2026-09-06T20:19:36.144+01:00 INFO : Decompressing waveform using inline_linear
2026-09-06T20:19:36.146+01:00 INFO : Filtering template 53/96 segment 1/5
2026-09-06T20:19:36.147+01:00 INFO : 3 points above threshold
2026-09-06T20:19:36.153+01:00 INFO : Filtering template 53/96 segment 2/5
2026-09-06T20:19:36.153+01:00 INFO : 2 points above threshold
2026-09-06T20:19:36.158+01:00 INFO : Filtering template 53/96 segment 3/5
2026-09-06T20:19:36.158+01:00 INFO : 2 points above threshold
2026-09-06T20:19:36.163+01:00 INFO : Filtering template 53/96 segment 4/5
2026-09-06T20:19:36.163+01:00 INFO : 1 points above threshold
2026-09-06T20:19:36.167+01:00 INFO : Filtering template 53/96 segment 5/5
2026-09-06T20:19:36.167+01:00 INFO : 1 points above threshold
2026-09-06T20:19:36.171+01:00 INFO : 53: generating IMRPhenomD from 30.0 Hz
2026-09-06T20:19:36.173+01:00 INFO : Decompressing waveform using inline_linear
2026-09-06T20:19:36.175+01:00 INFO : Filtering template 54/96 segment 1/5
2026-09-06T20:19:36.177+01:00 INFO : Filtering template 54/96 segment 2/5
2026-09-06T20:19:36.177+01:00 INFO : Filtering template 54/96 segment 3/5
2026-09-06T20:19:36.178+01:00 INFO : 2 points above threshold
2026-09-06T20:19:36.182+01:00 INFO : Filtering template 54/96 segment 4/5
2026-09-06T20:19:36.183+01:00 INFO : 5 points above threshold
2026-09-06T20:19:36.186+01:00 INFO : Filtering template 54/96 segment 5/5
2026-09-06T20:19:36.188+01:00 INFO : 54: generating IMRPhenomD from 30.0 Hz
2026-09-06T20:19:36.189+01:00 INFO : Decompressing waveform using inline_linear
2026-09-06T20:19:36.191+01:00 INFO : Filtering template 55/96 segment 1/5
2026-09-06T20:19:36.192+01:00 INFO : Filtering template 55/96 segment 2/5
2026-09-06T20:19:36.193+01:00 INFO : 1 points above threshold
2026-09-06T20:19:36.197+01:00 INFO : Filtering template 55/96 segment 3/5
2026-09-06T20:19:36.198+01:00 INFO : 3 points above threshold
2026-09-06T20:19:36.202+01:00 INFO : Filtering template 55/96 segment 4/5
2026-09-06T20:19:36.203+01:00 INFO : 1 points above threshold
2026-09-06T20:19:36.206+01:00 INFO : Filtering template 55/96 segment 5/5
2026-09-06T20:19:36.207+01:00 INFO : 1 points above threshold
2026-09-06T20:19:36.211+01:00 INFO : 55: generating IMRPhenomD from 30.0 Hz
2026-09-06T20:19:36.213+01:00 INFO : Decompressing waveform using inline_linear
2026-09-06T20:19:36.215+01:00 INFO : Filtering template 56/96 segment 1/5
2026-09-06T20:19:36.216+01:00 INFO : 1 points above threshold
2026-09-06T20:19:36.220+01:00 INFO : Filtering template 56/96 segment 2/5
2026-09-06T20:19:36.221+01:00 INFO : 1 points above threshold
2026-09-06T20:19:36.224+01:00 INFO : Filtering template 56/96 segment 3/5
2026-09-06T20:19:36.225+01:00 INFO : 3 points above threshold
2026-09-06T20:19:36.229+01:00 INFO : Filtering template 56/96 segment 4/5
2026-09-06T20:19:36.230+01:00 INFO : Filtering template 56/96 segment 5/5
2026-09-06T20:19:36.231+01:00 INFO : 1 points above threshold
2026-09-06T20:19:36.235+01:00 INFO : 56: generating IMRPhenomD from 30.0 Hz
2026-09-06T20:19:36.236+01:00 INFO : Decompressing waveform using inline_linear
2026-09-06T20:19:36.238+01:00 INFO : Filtering template 57/96 segment 1/5
2026-09-06T20:19:36.240+01:00 INFO : 1 points above threshold
2026-09-06T20:19:36.244+01:00 INFO : Filtering template 57/96 segment 2/5
2026-09-06T20:19:36.245+01:00 INFO : 2 points above threshold
2026-09-06T20:19:36.249+01:00 INFO : Filtering template 57/96 segment 3/5
2026-09-06T20:19:36.250+01:00 INFO : 2 points above threshold
2026-09-06T20:19:36.254+01:00 INFO : Filtering template 57/96 segment 4/5
2026-09-06T20:19:36.255+01:00 INFO : 2 points above threshold
2026-09-06T20:19:36.259+01:00 INFO : Filtering template 57/96 segment 5/5
2026-09-06T20:19:36.260+01:00 INFO : 57: generating IMRPhenomD from 30.0 Hz
2026-09-06T20:19:36.262+01:00 INFO : Decompressing waveform using inline_linear
2026-09-06T20:19:36.264+01:00 INFO : Filtering template 58/96 segment 1/5
2026-09-06T20:19:36.265+01:00 INFO : 1 points above threshold
2026-09-06T20:19:36.270+01:00 INFO : Filtering template 58/96 segment 2/5
2026-09-06T20:19:36.270+01:00 INFO : 2 points above threshold
2026-09-06T20:19:36.275+01:00 INFO : Filtering template 58/96 segment 3/5
2026-09-06T20:19:36.275+01:00 INFO : 1 points above threshold
2026-09-06T20:19:36.279+01:00 INFO : Filtering template 58/96 segment 4/5
2026-09-06T20:19:36.279+01:00 INFO : 1 points above threshold
2026-09-06T20:19:36.283+01:00 INFO : Filtering template 58/96 segment 5/5
2026-09-06T20:19:36.283+01:00 INFO : 2 points above threshold
2026-09-06T20:19:36.289+01:00 INFO : 58: generating IMRPhenomD from 30.0 Hz
2026-09-06T20:19:36.290+01:00 INFO : Decompressing waveform using inline_linear
2026-09-06T20:19:36.293+01:00 INFO : Filtering template 59/96 segment 1/5
2026-09-06T20:19:36.294+01:00 INFO : 1 points above threshold
2026-09-06T20:19:36.298+01:00 INFO : Filtering template 59/96 segment 2/5
2026-09-06T20:19:36.299+01:00 INFO : 2 points above threshold
2026-09-06T20:19:36.303+01:00 INFO : Filtering template 59/96 segment 3/5
2026-09-06T20:19:36.304+01:00 INFO : 2 points above threshold
2026-09-06T20:19:36.308+01:00 INFO : Filtering template 59/96 segment 4/5
2026-09-06T20:19:36.309+01:00 INFO : 1 points above threshold
2026-09-06T20:19:36.312+01:00 INFO : Filtering template 59/96 segment 5/5
2026-09-06T20:19:36.314+01:00 INFO : 59: generating IMRPhenomD from 30.0 Hz
2026-09-06T20:19:36.315+01:00 INFO : Decompressing waveform using inline_linear
2026-09-06T20:19:36.318+01:00 INFO : Filtering template 60/96 segment 1/5
2026-09-06T20:19:36.319+01:00 INFO : Filtering template 60/96 segment 2/5
2026-09-06T20:19:36.319+01:00 INFO : Filtering template 60/96 segment 3/5
2026-09-06T20:19:36.320+01:00 INFO : 1 points above threshold
2026-09-06T20:19:36.324+01:00 INFO : Filtering template 60/96 segment 4/5
2026-09-06T20:19:36.325+01:00 INFO : 2 points above threshold
2026-09-06T20:19:36.329+01:00 INFO : Filtering template 60/96 segment 5/5
2026-09-06T20:19:36.331+01:00 INFO : 60: generating IMRPhenomD from 30.0 Hz
2026-09-06T20:19:36.332+01:00 INFO : Decompressing waveform using inline_linear
2026-09-06T20:19:36.334+01:00 INFO : Filtering template 61/96 segment 1/5
2026-09-06T20:19:36.335+01:00 INFO : Filtering template 61/96 segment 2/5
2026-09-06T20:19:36.336+01:00 INFO : 2 points above threshold
2026-09-06T20:19:36.341+01:00 INFO : Filtering template 61/96 segment 3/5
2026-09-06T20:19:36.342+01:00 INFO : 1 points above threshold
2026-09-06T20:19:36.345+01:00 INFO : Filtering template 61/96 segment 4/5
2026-09-06T20:19:36.346+01:00 INFO : 1 points above threshold
2026-09-06T20:19:36.349+01:00 INFO : Filtering template 61/96 segment 5/5
2026-09-06T20:19:36.351+01:00 INFO : 61: generating IMRPhenomD from 30.0 Hz
2026-09-06T20:19:36.352+01:00 INFO : Decompressing waveform using inline_linear
2026-09-06T20:19:36.354+01:00 INFO : Filtering template 62/96 segment 1/5
2026-09-06T20:19:36.356+01:00 INFO : 2 points above threshold
2026-09-06T20:19:36.361+01:00 INFO : Filtering template 62/96 segment 2/5
2026-09-06T20:19:36.362+01:00 INFO : Filtering template 62/96 segment 3/5
2026-09-06T20:19:36.362+01:00 INFO : Filtering template 62/96 segment 4/5
2026-09-06T20:19:36.363+01:00 INFO : 5 points above threshold
2026-09-06T20:19:36.367+01:00 INFO : Filtering template 62/96 segment 5/5
2026-09-06T20:19:36.369+01:00 INFO : 62: generating IMRPhenomD from 30.0 Hz
2026-09-06T20:19:36.370+01:00 INFO : Decompressing waveform using inline_linear
2026-09-06T20:19:36.372+01:00 INFO : Filtering template 63/96 segment 1/5
2026-09-06T20:19:36.373+01:00 INFO : Filtering template 63/96 segment 2/5
2026-09-06T20:19:36.374+01:00 INFO : 1 points above threshold
2026-09-06T20:19:36.378+01:00 INFO : Filtering template 63/96 segment 3/5
2026-09-06T20:19:36.379+01:00 INFO : 2 points above threshold
2026-09-06T20:19:36.383+01:00 INFO : Filtering template 63/96 segment 4/5
2026-09-06T20:19:36.384+01:00 INFO : 1 points above threshold
2026-09-06T20:19:36.387+01:00 INFO : Filtering template 63/96 segment 5/5
2026-09-06T20:19:36.388+01:00 INFO : 1 points above threshold
2026-09-06T20:19:36.392+01:00 INFO : 63: generating IMRPhenomD from 30.0 Hz
2026-09-06T20:19:36.394+01:00 INFO : Decompressing waveform using inline_linear
2026-09-06T20:19:36.396+01:00 INFO : Filtering template 64/96 segment 1/5
2026-09-06T20:19:36.397+01:00 INFO : 2 points above threshold
2026-09-06T20:19:36.403+01:00 INFO : Filtering template 64/96 segment 2/5
2026-09-06T20:19:36.403+01:00 INFO : 1 points above threshold
2026-09-06T20:19:36.407+01:00 INFO : Filtering template 64/96 segment 3/5
2026-09-06T20:19:36.407+01:00 INFO : Filtering template 64/96 segment 4/5
2026-09-06T20:19:36.408+01:00 INFO : Filtering template 64/96 segment 5/5
2026-09-06T20:19:36.409+01:00 INFO : 64: generating IMRPhenomD from 30.0 Hz
2026-09-06T20:19:36.410+01:00 INFO : Decompressing waveform using inline_linear
2026-09-06T20:19:36.413+01:00 INFO : Filtering template 65/96 segment 1/5
2026-09-06T20:19:36.414+01:00 INFO : 2 points above threshold
2026-09-06T20:19:36.419+01:00 INFO : Filtering template 65/96 segment 2/5
2026-09-06T20:19:36.420+01:00 INFO : 2 points above threshold
2026-09-06T20:19:36.424+01:00 INFO : Filtering template 65/96 segment 3/5
2026-09-06T20:19:36.424+01:00 INFO : 1 points above threshold
2026-09-06T20:19:36.428+01:00 INFO : Filtering template 65/96 segment 4/5
2026-09-06T20:19:36.428+01:00 INFO : 2 points above threshold
2026-09-06T20:19:36.432+01:00 INFO : Filtering template 65/96 segment 5/5
2026-09-06T20:19:36.434+01:00 INFO : 65: generating IMRPhenomD from 30.0 Hz
2026-09-06T20:19:36.435+01:00 INFO : Decompressing waveform using inline_linear
2026-09-06T20:19:36.437+01:00 INFO : Filtering template 66/96 segment 1/5
2026-09-06T20:19:36.439+01:00 INFO : 1 points above threshold
2026-09-06T20:19:36.443+01:00 INFO : Filtering template 66/96 segment 2/5
2026-09-06T20:19:36.444+01:00 INFO : 1 points above threshold
2026-09-06T20:19:36.447+01:00 INFO : Filtering template 66/96 segment 3/5
2026-09-06T20:19:36.448+01:00 INFO : 2 points above threshold
2026-09-06T20:19:36.452+01:00 INFO : Filtering template 66/96 segment 4/5
2026-09-06T20:19:36.452+01:00 INFO : 1 points above threshold
2026-09-06T20:19:36.456+01:00 INFO : Filtering template 66/96 segment 5/5
2026-09-06T20:19:36.457+01:00 INFO : 66: generating IMRPhenomD from 30.0 Hz
2026-09-06T20:19:36.459+01:00 INFO : Decompressing waveform using inline_linear
2026-09-06T20:19:36.461+01:00 INFO : Filtering template 67/96 segment 1/5
2026-09-06T20:19:36.462+01:00 INFO : 3 points above threshold
2026-09-06T20:19:36.467+01:00 INFO : Filtering template 67/96 segment 2/5
2026-09-06T20:19:36.468+01:00 INFO : Filtering template 67/96 segment 3/5
2026-09-06T20:19:36.469+01:00 INFO : 1 points above threshold
2026-09-06T20:19:36.472+01:00 INFO : Filtering template 67/96 segment 4/5
2026-09-06T20:19:36.473+01:00 INFO : Filtering template 67/96 segment 5/5
2026-09-06T20:19:36.474+01:00 INFO : 67: generating IMRPhenomD from 30.0 Hz
2026-09-06T20:19:36.475+01:00 INFO : Decompressing waveform using inline_linear
2026-09-06T20:19:36.477+01:00 INFO : Filtering template 68/96 segment 1/5
2026-09-06T20:19:36.479+01:00 INFO : 1 points above threshold
2026-09-06T20:19:36.483+01:00 INFO : Filtering template 68/96 segment 2/5
2026-09-06T20:19:36.484+01:00 INFO : 1 points above threshold
2026-09-06T20:19:36.487+01:00 INFO : Filtering template 68/96 segment 3/5
2026-09-06T20:19:36.488+01:00 INFO : 1 points above threshold
2026-09-06T20:19:36.491+01:00 INFO : Filtering template 68/96 segment 4/5
2026-09-06T20:19:36.492+01:00 INFO : 1 points above threshold
2026-09-06T20:19:36.495+01:00 INFO : Filtering template 68/96 segment 5/5
2026-09-06T20:19:36.496+01:00 INFO : 1 points above threshold
2026-09-06T20:19:36.500+01:00 INFO : 68: generating IMRPhenomD from 30.0 Hz
2026-09-06T20:19:36.501+01:00 INFO : Decompressing waveform using inline_linear
2026-09-06T20:19:36.503+01:00 INFO : Filtering template 69/96 segment 1/5
2026-09-06T20:19:36.505+01:00 INFO : Filtering template 69/96 segment 2/5
2026-09-06T20:19:36.505+01:00 INFO : Filtering template 69/96 segment 3/5
2026-09-06T20:19:36.506+01:00 INFO : 1 points above threshold
2026-09-06T20:19:36.510+01:00 INFO : Filtering template 69/96 segment 4/5
2026-09-06T20:19:36.511+01:00 INFO : 2 points above threshold
2026-09-06T20:19:36.516+01:00 INFO : Filtering template 69/96 segment 5/5
2026-09-06T20:19:36.517+01:00 INFO : 69: generating IMRPhenomD from 30.0 Hz
2026-09-06T20:19:36.519+01:00 INFO : Decompressing waveform using inline_linear
2026-09-06T20:19:36.521+01:00 INFO : Filtering template 70/96 segment 1/5
2026-09-06T20:19:36.522+01:00 INFO : 2 points above threshold
2026-09-06T20:19:36.527+01:00 INFO : Filtering template 70/96 segment 2/5
2026-09-06T20:19:36.528+01:00 INFO : 2 points above threshold
2026-09-06T20:19:36.533+01:00 INFO : Filtering template 70/96 segment 3/5
2026-09-06T20:19:36.533+01:00 INFO : Filtering template 70/96 segment 4/5
2026-09-06T20:19:36.534+01:00 INFO : 2 points above threshold
2026-09-06T20:19:36.538+01:00 INFO : Filtering template 70/96 segment 5/5
2026-09-06T20:19:36.539+01:00 INFO : 2 points above threshold
2026-09-06T20:19:36.544+01:00 INFO : 70: generating IMRPhenomD from 30.0 Hz
2026-09-06T20:19:36.546+01:00 INFO : Decompressing waveform using inline_linear
2026-09-06T20:19:36.548+01:00 INFO : Filtering template 71/96 segment 1/5
2026-09-06T20:19:36.549+01:00 INFO : Filtering template 71/96 segment 2/5
2026-09-06T20:19:36.550+01:00 INFO : 1 points above threshold
2026-09-06T20:19:36.554+01:00 INFO : Filtering template 71/96 segment 3/5
2026-09-06T20:19:36.554+01:00 INFO : 1 points above threshold
2026-09-06T20:19:36.558+01:00 INFO : Filtering template 71/96 segment 4/5
2026-09-06T20:19:36.558+01:00 INFO : 3 points above threshold
2026-09-06T20:19:36.563+01:00 INFO : Filtering template 71/96 segment 5/5
2026-09-06T20:19:36.564+01:00 INFO : 71: generating IMRPhenomD from 30.0 Hz
2026-09-06T20:19:36.566+01:00 INFO : Decompressing waveform using inline_linear
2026-09-06T20:19:36.568+01:00 INFO : Filtering template 72/96 segment 1/5
2026-09-06T20:19:36.569+01:00 INFO : 2 points above threshold
2026-09-06T20:19:36.574+01:00 INFO : Filtering template 72/96 segment 2/5
2026-09-06T20:19:36.575+01:00 INFO : 1 points above threshold
2026-09-06T20:19:36.578+01:00 INFO : Filtering template 72/96 segment 3/5
2026-09-06T20:19:36.579+01:00 INFO : 1 points above threshold
2026-09-06T20:19:36.582+01:00 INFO : Filtering template 72/96 segment 4/5
2026-09-06T20:19:36.583+01:00 INFO : 3 points above threshold
2026-09-06T20:19:36.587+01:00 INFO : Filtering template 72/96 segment 5/5
2026-09-06T20:19:36.588+01:00 INFO : 3 points above threshold
2026-09-06T20:19:36.593+01:00 INFO : 72: generating IMRPhenomD from 30.0 Hz
2026-09-06T20:19:36.595+01:00 INFO : Decompressing waveform using inline_linear
2026-09-06T20:19:36.597+01:00 INFO : Filtering template 73/96 segment 1/5
2026-09-06T20:19:36.598+01:00 INFO : 1 points above threshold
2026-09-06T20:19:36.603+01:00 INFO : Filtering template 73/96 segment 2/5
2026-09-06T20:19:36.603+01:00 INFO : 1 points above threshold
2026-09-06T20:19:36.607+01:00 INFO : Filtering template 73/96 segment 3/5
2026-09-06T20:19:36.607+01:00 INFO : 1 points above threshold
2026-09-06T20:19:36.610+01:00 INFO : Filtering template 73/96 segment 4/5
2026-09-06T20:19:36.611+01:00 INFO : Filtering template 73/96 segment 5/5
2026-09-06T20:19:36.612+01:00 INFO : 1 points above threshold
2026-09-06T20:19:36.616+01:00 INFO : 73: generating IMRPhenomD from 30.0 Hz
2026-09-06T20:19:36.617+01:00 INFO : Decompressing waveform using inline_linear
2026-09-06T20:19:36.620+01:00 INFO : Filtering template 74/96 segment 1/5
2026-09-06T20:19:36.621+01:00 INFO : 3 points above threshold
2026-09-06T20:19:36.626+01:00 INFO : Filtering template 74/96 segment 2/5
2026-09-06T20:19:36.627+01:00 INFO : 3 points above threshold
2026-09-06T20:19:36.632+01:00 INFO : Filtering template 74/96 segment 3/5
2026-09-06T20:19:36.632+01:00 INFO : Filtering template 74/96 segment 4/5
2026-09-06T20:19:36.633+01:00 INFO : 1 points above threshold
2026-09-06T20:19:36.636+01:00 INFO : Filtering template 74/96 segment 5/5
2026-09-06T20:19:36.637+01:00 INFO : 74: generating IMRPhenomD from 30.0 Hz
2026-09-06T20:19:36.639+01:00 INFO : Decompressing waveform using inline_linear
2026-09-06T20:19:36.641+01:00 INFO : Filtering template 75/96 segment 1/5
2026-09-06T20:19:36.642+01:00 INFO : Filtering template 75/96 segment 2/5
2026-09-06T20:19:36.643+01:00 INFO : 1 points above threshold
2026-09-06T20:19:36.647+01:00 INFO : Filtering template 75/96 segment 3/5
2026-09-06T20:19:36.648+01:00 INFO : 2 points above threshold
2026-09-06T20:19:36.652+01:00 INFO : Filtering template 75/96 segment 4/5
2026-09-06T20:19:36.653+01:00 INFO : Filtering template 75/96 segment 5/5
2026-09-06T20:19:36.654+01:00 INFO : 2 points above threshold
2026-09-06T20:19:36.659+01:00 INFO : 75: generating IMRPhenomD from 30.0 Hz
2026-09-06T20:19:36.660+01:00 INFO : Decompressing waveform using inline_linear
2026-09-06T20:19:36.662+01:00 INFO : Filtering template 76/96 segment 1/5
2026-09-06T20:19:36.663+01:00 INFO : 1 points above threshold
2026-09-06T20:19:36.668+01:00 INFO : Filtering template 76/96 segment 2/5
2026-09-06T20:19:36.668+01:00 INFO : Filtering template 76/96 segment 3/5
2026-09-06T20:19:36.669+01:00 INFO : 1 points above threshold
2026-09-06T20:19:36.672+01:00 INFO : Filtering template 76/96 segment 4/5
2026-09-06T20:19:36.673+01:00 INFO : Filtering template 76/96 segment 5/5
2026-09-06T20:19:36.674+01:00 INFO : 2 points above threshold
2026-09-06T20:19:36.679+01:00 INFO : 76: generating IMRPhenomD from 30.0 Hz
2026-09-06T20:19:36.680+01:00 INFO : Decompressing waveform using inline_linear
2026-09-06T20:19:36.682+01:00 INFO : Filtering template 77/96 segment 1/5
2026-09-06T20:19:36.684+01:00 INFO : Filtering template 77/96 segment 2/5
2026-09-06T20:19:36.684+01:00 INFO : 1 points above threshold
2026-09-06T20:19:36.689+01:00 INFO : Filtering template 77/96 segment 3/5
2026-09-06T20:19:36.689+01:00 INFO : Filtering template 77/96 segment 4/5
2026-09-06T20:19:36.690+01:00 INFO : 1 points above threshold
2026-09-06T20:19:36.693+01:00 INFO : Filtering template 77/96 segment 5/5
2026-09-06T20:19:36.694+01:00 INFO : 77: generating IMRPhenomD from 30.0 Hz
2026-09-06T20:19:36.696+01:00 INFO : Decompressing waveform using inline_linear
2026-09-06T20:19:36.698+01:00 INFO : Filtering template 78/96 segment 1/5
2026-09-06T20:19:36.699+01:00 INFO : Filtering template 78/96 segment 2/5
2026-09-06T20:19:36.700+01:00 INFO : Filtering template 78/96 segment 3/5
2026-09-06T20:19:36.700+01:00 INFO : Filtering template 78/96 segment 4/5
2026-09-06T20:19:36.701+01:00 INFO : 1 points above threshold
2026-09-06T20:19:36.705+01:00 INFO : Filtering template 78/96 segment 5/5
2026-09-06T20:19:36.706+01:00 INFO : 78: generating IMRPhenomD from 30.0 Hz
2026-09-06T20:19:36.708+01:00 INFO : Decompressing waveform using inline_linear
2026-09-06T20:19:36.710+01:00 INFO : Filtering template 79/96 segment 1/5
2026-09-06T20:19:36.711+01:00 INFO : 2 points above threshold
2026-09-06T20:19:36.716+01:00 INFO : Filtering template 79/96 segment 2/5
2026-09-06T20:19:36.717+01:00 INFO : Filtering template 79/96 segment 3/5
2026-09-06T20:19:36.718+01:00 INFO : 1 points above threshold
2026-09-06T20:19:36.721+01:00 INFO : Filtering template 79/96 segment 4/5
2026-09-06T20:19:36.722+01:00 INFO : 1 points above threshold
2026-09-06T20:19:36.725+01:00 INFO : Filtering template 79/96 segment 5/5
2026-09-06T20:19:36.726+01:00 INFO : 3 points above threshold
2026-09-06T20:19:36.731+01:00 INFO : 79: generating IMRPhenomD from 30.0 Hz
2026-09-06T20:19:36.732+01:00 INFO : Decompressing waveform using inline_linear
2026-09-06T20:19:36.734+01:00 INFO : Filtering template 80/96 segment 1/5
2026-09-06T20:19:36.736+01:00 INFO : 2 points above threshold
2026-09-06T20:19:36.741+01:00 INFO : Filtering template 80/96 segment 2/5
2026-09-06T20:19:36.741+01:00 INFO : 1 points above threshold
2026-09-06T20:19:36.745+01:00 INFO : Filtering template 80/96 segment 3/5
2026-09-06T20:19:36.745+01:00 INFO : 1 points above threshold
2026-09-06T20:19:36.749+01:00 INFO : Filtering template 80/96 segment 4/5
2026-09-06T20:19:36.749+01:00 INFO : Filtering template 80/96 segment 5/5
2026-09-06T20:19:36.750+01:00 INFO : 1 points above threshold
2026-09-06T20:19:36.754+01:00 INFO : 80: generating IMRPhenomD from 30.0 Hz
2026-09-06T20:19:36.755+01:00 INFO : Decompressing waveform using inline_linear
2026-09-06T20:19:36.758+01:00 INFO : Filtering template 81/96 segment 1/5
2026-09-06T20:19:36.759+01:00 INFO : 1 points above threshold
2026-09-06T20:19:36.763+01:00 INFO : Filtering template 81/96 segment 2/5
2026-09-06T20:19:36.764+01:00 INFO : 2 points above threshold
2026-09-06T20:19:36.768+01:00 INFO : Filtering template 81/96 segment 3/5
2026-09-06T20:19:36.769+01:00 INFO : 1 points above threshold
2026-09-06T20:19:36.772+01:00 INFO : Filtering template 81/96 segment 4/5
2026-09-06T20:19:36.773+01:00 INFO : Filtering template 81/96 segment 5/5
2026-09-06T20:19:36.773+01:00 INFO : 1 points above threshold
2026-09-06T20:19:36.778+01:00 INFO : 81: generating IMRPhenomD from 30.0 Hz
2026-09-06T20:19:36.779+01:00 INFO : Decompressing waveform using inline_linear
2026-09-06T20:19:36.781+01:00 INFO : Filtering template 82/96 segment 1/5
2026-09-06T20:19:36.782+01:00 INFO : Filtering template 82/96 segment 2/5
2026-09-06T20:19:36.783+01:00 INFO : 2 points above threshold
2026-09-06T20:19:36.789+01:00 INFO : Filtering template 82/96 segment 3/5
2026-09-06T20:19:36.789+01:00 INFO : 1 points above threshold
2026-09-06T20:19:36.793+01:00 INFO : Filtering template 82/96 segment 4/5
2026-09-06T20:19:36.793+01:00 INFO : Filtering template 82/96 segment 5/5
2026-09-06T20:19:36.794+01:00 INFO : 82: generating IMRPhenomD from 30.0 Hz
2026-09-06T20:19:36.796+01:00 INFO : Decompressing waveform using inline_linear
2026-09-06T20:19:36.798+01:00 INFO : Filtering template 83/96 segment 1/5
2026-09-06T20:19:36.799+01:00 INFO : 1 points above threshold
2026-09-06T20:19:36.804+01:00 INFO : Filtering template 83/96 segment 2/5
2026-09-06T20:19:36.804+01:00 INFO : 2 points above threshold
2026-09-06T20:19:36.809+01:00 INFO : Filtering template 83/96 segment 3/5
2026-09-06T20:19:36.809+01:00 INFO : 2 points above threshold
2026-09-06T20:19:36.814+01:00 INFO : Filtering template 83/96 segment 4/5
2026-09-06T20:19:36.814+01:00 INFO : 3 points above threshold
2026-09-06T20:19:36.818+01:00 INFO : Filtering template 83/96 segment 5/5
2026-09-06T20:19:36.819+01:00 INFO : 3 points above threshold
2026-09-06T20:19:36.824+01:00 INFO : 83: generating IMRPhenomD from 30.0 Hz
2026-09-06T20:19:36.826+01:00 INFO : Decompressing waveform using inline_linear
2026-09-06T20:19:36.828+01:00 INFO : Filtering template 84/96 segment 1/5
2026-09-06T20:19:36.829+01:00 INFO : Filtering template 84/96 segment 2/5
2026-09-06T20:19:36.830+01:00 INFO : Filtering template 84/96 segment 3/5
2026-09-06T20:19:36.831+01:00 INFO : 1 points above threshold
2026-09-06T20:19:36.835+01:00 INFO : Filtering template 84/96 segment 4/5
2026-09-06T20:19:36.836+01:00 INFO : 3 points above threshold
2026-09-06T20:19:36.840+01:00 INFO : Filtering template 84/96 segment 5/5
2026-09-06T20:19:36.841+01:00 INFO : 84: generating IMRPhenomD from 30.0 Hz
2026-09-06T20:19:36.843+01:00 INFO : Decompressing waveform using inline_linear
2026-09-06T20:19:36.845+01:00 INFO : Filtering template 85/96 segment 1/5
2026-09-06T20:19:36.846+01:00 INFO : 1 points above threshold
2026-09-06T20:19:36.850+01:00 INFO : Filtering template 85/96 segment 2/5
2026-09-06T20:19:36.851+01:00 INFO : 2 points above threshold
2026-09-06T20:19:36.856+01:00 INFO : Filtering template 85/96 segment 3/5
2026-09-06T20:19:36.856+01:00 INFO : 1 points above threshold
2026-09-06T20:19:36.860+01:00 INFO : Filtering template 85/96 segment 4/5
2026-09-06T20:19:36.860+01:00 INFO : 3 points above threshold
2026-09-06T20:19:36.865+01:00 INFO : Filtering template 85/96 segment 5/5
2026-09-06T20:19:36.865+01:00 INFO : 2 points above threshold
2026-09-06T20:19:36.871+01:00 INFO : 85: generating IMRPhenomD from 30.0 Hz
2026-09-06T20:19:36.872+01:00 INFO : Decompressing waveform using inline_linear
2026-09-06T20:19:36.874+01:00 INFO : Filtering template 86/96 segment 1/5
2026-09-06T20:19:36.876+01:00 INFO : 2 points above threshold
2026-09-06T20:19:36.881+01:00 INFO : Filtering template 86/96 segment 2/5
2026-09-06T20:19:36.882+01:00 INFO : 2 points above threshold
2026-09-06T20:19:36.886+01:00 INFO : Filtering template 86/96 segment 3/5
2026-09-06T20:19:36.887+01:00 INFO : 1 points above threshold
2026-09-06T20:19:36.890+01:00 INFO : Filtering template 86/96 segment 4/5
2026-09-06T20:19:36.891+01:00 INFO : 1 points above threshold
2026-09-06T20:19:36.894+01:00 INFO : Filtering template 86/96 segment 5/5
2026-09-06T20:19:36.895+01:00 INFO : 2 points above threshold
2026-09-06T20:19:36.900+01:00 INFO : 86: generating IMRPhenomD from 30.0 Hz
2026-09-06T20:19:36.902+01:00 INFO : Decompressing waveform using inline_linear
2026-09-06T20:19:36.904+01:00 INFO : Filtering template 87/96 segment 1/5
2026-09-06T20:19:36.905+01:00 INFO : 1 points above threshold
2026-09-06T20:19:36.910+01:00 INFO : Filtering template 87/96 segment 2/5
2026-09-06T20:19:36.910+01:00 INFO : 2 points above threshold
2026-09-06T20:19:36.915+01:00 INFO : Filtering template 87/96 segment 3/5
2026-09-06T20:19:36.915+01:00 INFO : 1 points above threshold
2026-09-06T20:19:36.919+01:00 INFO : Filtering template 87/96 segment 4/5
2026-09-06T20:19:36.919+01:00 INFO : 1 points above threshold
2026-09-06T20:19:36.923+01:00 INFO : Filtering template 87/96 segment 5/5
2026-09-06T20:19:36.923+01:00 INFO : 1 points above threshold
2026-09-06T20:19:36.928+01:00 INFO : 87: generating IMRPhenomD from 30.0 Hz
2026-09-06T20:19:36.929+01:00 INFO : Decompressing waveform using inline_linear
2026-09-06T20:19:36.931+01:00 INFO : Filtering template 88/96 segment 1/5
2026-09-06T20:19:36.933+01:00 INFO : 2 points above threshold
2026-09-06T20:19:36.938+01:00 INFO : Filtering template 88/96 segment 2/5
2026-09-06T20:19:36.939+01:00 INFO : 1 points above threshold
2026-09-06T20:19:36.942+01:00 INFO : Filtering template 88/96 segment 3/5
2026-09-06T20:19:36.943+01:00 INFO : Filtering template 88/96 segment 4/5
2026-09-06T20:19:36.943+01:00 INFO : Filtering template 88/96 segment 5/5
2026-09-06T20:19:36.944+01:00 INFO : 2 points above threshold
2026-09-06T20:19:36.949+01:00 INFO : 88: generating IMRPhenomD from 30.0 Hz
2026-09-06T20:19:36.951+01:00 INFO : Decompressing waveform using inline_linear
2026-09-06T20:19:36.953+01:00 INFO : Filtering template 89/96 segment 1/5
2026-09-06T20:19:36.954+01:00 INFO : 2 points above threshold
2026-09-06T20:19:36.959+01:00 INFO : Filtering template 89/96 segment 2/5
2026-09-06T20:19:36.960+01:00 INFO : 1 points above threshold
2026-09-06T20:19:36.963+01:00 INFO : Filtering template 89/96 segment 3/5
2026-09-06T20:19:36.964+01:00 INFO : 2 points above threshold
2026-09-06T20:19:36.969+01:00 INFO : Filtering template 89/96 segment 4/5
2026-09-06T20:19:36.969+01:00 INFO : Filtering template 89/96 segment 5/5
2026-09-06T20:19:36.970+01:00 INFO : 89: generating IMRPhenomD from 30.0 Hz
2026-09-06T20:19:36.972+01:00 INFO : Decompressing waveform using inline_linear
2026-09-06T20:19:36.974+01:00 INFO : Filtering template 90/96 segment 1/5
2026-09-06T20:19:36.975+01:00 INFO : Filtering template 90/96 segment 2/5
2026-09-06T20:19:36.976+01:00 INFO : 1 points above threshold
2026-09-06T20:19:36.980+01:00 INFO : Filtering template 90/96 segment 3/5
2026-09-06T20:19:36.981+01:00 INFO : 3 points above threshold
2026-09-06T20:19:36.985+01:00 INFO : Filtering template 90/96 segment 4/5
2026-09-06T20:19:36.986+01:00 INFO : Filtering template 90/96 segment 5/5
2026-09-06T20:19:36.987+01:00 INFO : 1 points above threshold
2026-09-06T20:19:36.991+01:00 INFO : 90: generating IMRPhenomD from 30.0 Hz
2026-09-06T20:19:36.992+01:00 INFO : Decompressing waveform using inline_linear
2026-09-06T20:19:36.994+01:00 INFO : Filtering template 91/96 segment 1/5
2026-09-06T20:19:36.995+01:00 INFO : Filtering template 91/96 segment 2/5
2026-09-06T20:19:36.996+01:00 INFO : 2 points above threshold
2026-09-06T20:19:37.002+01:00 INFO : Filtering template 91/96 segment 3/5
2026-09-06T20:19:37.002+01:00 INFO : 3 points above threshold
2026-09-06T20:19:37.007+01:00 INFO : Filtering template 91/96 segment 4/5
2026-09-06T20:19:37.007+01:00 INFO : Filtering template 91/96 segment 5/5
2026-09-06T20:19:37.008+01:00 INFO : 1 points above threshold
2026-09-06T20:19:37.012+01:00 INFO : 91: generating IMRPhenomD from 30.0 Hz
2026-09-06T20:19:37.013+01:00 INFO : Decompressing waveform using inline_linear
2026-09-06T20:19:37.016+01:00 INFO : Filtering template 92/96 segment 1/5
2026-09-06T20:19:37.017+01:00 INFO : 2 points above threshold
2026-09-06T20:19:37.022+01:00 INFO : Filtering template 92/96 segment 2/5
2026-09-06T20:19:37.023+01:00 INFO : 1 points above threshold
2026-09-06T20:19:37.026+01:00 INFO : Filtering template 92/96 segment 3/5
2026-09-06T20:19:37.027+01:00 INFO : 2 points above threshold
2026-09-06T20:19:37.031+01:00 INFO : Filtering template 92/96 segment 4/5
2026-09-06T20:19:37.032+01:00 INFO : 1 points above threshold
2026-09-06T20:19:37.035+01:00 INFO : Filtering template 92/96 segment 5/5
2026-09-06T20:19:37.036+01:00 INFO : 1 points above threshold
2026-09-06T20:19:37.040+01:00 INFO : 92: generating IMRPhenomD from 30.0 Hz
2026-09-06T20:19:37.041+01:00 INFO : Decompressing waveform using inline_linear
2026-09-06T20:19:37.044+01:00 INFO : Filtering template 93/96 segment 1/5
2026-09-06T20:19:37.045+01:00 INFO : Filtering template 93/96 segment 2/5
2026-09-06T20:19:37.045+01:00 INFO : 3 points above threshold
2026-09-06T20:19:37.052+01:00 INFO : Filtering template 93/96 segment 3/5
2026-09-06T20:19:37.053+01:00 INFO : 3 points above threshold
2026-09-06T20:19:37.057+01:00 INFO : Filtering template 93/96 segment 4/5
2026-09-06T20:19:37.058+01:00 INFO : 1 points above threshold
2026-09-06T20:19:37.061+01:00 INFO : Filtering template 93/96 segment 5/5
2026-09-06T20:19:37.062+01:00 INFO : 1 points above threshold
2026-09-06T20:19:37.066+01:00 INFO : 93: generating IMRPhenomD from 30.0 Hz
2026-09-06T20:19:37.068+01:00 INFO : Decompressing waveform using inline_linear
2026-09-06T20:19:37.070+01:00 INFO : Filtering template 94/96 segment 1/5
2026-09-06T20:19:37.071+01:00 INFO : 1 points above threshold
2026-09-06T20:19:37.076+01:00 INFO : Filtering template 94/96 segment 2/5
2026-09-06T20:19:37.076+01:00 INFO : 2 points above threshold
2026-09-06T20:19:37.081+01:00 INFO : Filtering template 94/96 segment 3/5
2026-09-06T20:19:37.082+01:00 INFO : 4 points above threshold
2026-09-06T20:19:37.086+01:00 INFO : Filtering template 94/96 segment 4/5
2026-09-06T20:19:37.087+01:00 INFO : Filtering template 94/96 segment 5/5
2026-09-06T20:19:37.087+01:00 INFO : 2 points above threshold
2026-09-06T20:19:37.093+01:00 INFO : 94: generating IMRPhenomD from 30.0 Hz
2026-09-06T20:19:37.094+01:00 INFO : Decompressing waveform using inline_linear
2026-09-06T20:19:37.096+01:00 INFO : Filtering template 95/96 segment 1/5
2026-09-06T20:19:37.098+01:00 INFO : 3 points above threshold
2026-09-06T20:19:37.103+01:00 INFO : Filtering template 95/96 segment 2/5
2026-09-06T20:19:37.103+01:00 INFO : 2 points above threshold
2026-09-06T20:19:37.107+01:00 INFO : Filtering template 95/96 segment 3/5
2026-09-06T20:19:37.108+01:00 INFO : 2 points above threshold
2026-09-06T20:19:37.112+01:00 INFO : Filtering template 95/96 segment 4/5
2026-09-06T20:19:37.113+01:00 INFO : 1 points above threshold
2026-09-06T20:19:37.116+01:00 INFO : Filtering template 95/96 segment 5/5
2026-09-06T20:19:37.117+01:00 INFO : 95: generating IMRPhenomD from 30.0 Hz
2026-09-06T20:19:37.119+01:00 INFO : Decompressing waveform using inline_linear
2026-09-06T20:19:37.121+01:00 INFO : Filtering template 96/96 segment 1/5
2026-09-06T20:19:37.122+01:00 INFO : 2 points above threshold
2026-09-06T20:19:37.128+01:00 INFO : Filtering template 96/96 segment 2/5
2026-09-06T20:19:37.129+01:00 INFO : Filtering template 96/96 segment 3/5
2026-09-06T20:19:37.129+01:00 INFO : Filtering template 96/96 segment 4/5
2026-09-06T20:19:37.130+01:00 INFO : 1 points above threshold
2026-09-06T20:19:37.133+01:00 INFO : Filtering template 96/96 segment 5/5
2026-09-06T20:19:37.134+01:00 INFO : We currently have 527 triggers
2026-09-06T20:19:37.134+01:00 INFO : Removing triggers with NewSNR below threshold
2026-09-06T20:19:37.135+01:00 INFO : 475 remaining triggers
2026-09-06T20:19:37.135+01:00 INFO : Outputting 475 triggers
2026-09-06T20:19:37.135+01:00 INFO : Writing out triggers
2026-09-06T20:19:37.149+01:00 INFO : Finished
