2026-09-06T23:45:30.701+01:00 INFO : Running with Torch support on device cpu
2026-09-06T23:45:30.702+01:00 INFO : Reading Frames
2026-09-06T23:45:37.376+01:00 INFO : Highpass Filtering
2026-09-06T23:45:37.827+01:00 INFO : Resampling data
2026-09-06T23:45:37.839+01:00 INFO : Converting to float32
/home/xangma/pycbc-torch-inspiral-reference-20260906/source-v6/pycbc/types/array.py:872: RuntimeWarning: divide by zero encountered in divide
  return self._data.__rtruediv__(other)
2026-09-06T23:45:42.900+01:00 INFO : Highpass Filtering
2026-09-06T23:45:43.400+01:00 INFO : Remove Padding
2026-09-06T23:45:43.423+01:00 INFO : Making frequency-domain data segments
2026-09-06T23:45:45.782+01:00 INFO : Overwhitening frequency-domain data segments
2026-09-06T23:45:45.806+01:00 INFO : Read in template bank
2026-09-06T23:45:45.816+01:00 INFO : Full template bank size: 96
2026-09-06T23:45:45.816+01:00 INFO : Template bank size after thinning: 96
2026-09-06T23:45:45.816+01:00 INFO : 0: generating IMRPhenomD from 30.0 Hz
2026-09-06T23:45:45.819+01:00 INFO : Decompressing waveform using inline_linear
2026-09-06T23:45:45.826+01:00 INFO : Filtering template 1/96 segment 1/5
2026-09-06T23:45:45.918+01:00 INFO : 1 points above threshold
2026-09-06T23:45:45.949+01:00 INFO : Filtering template 1/96 segment 2/5
2026-09-06T23:45:45.990+01:00 INFO : Filtering template 1/96 segment 3/5
2026-09-06T23:45:46.031+01:00 INFO : 1 points above threshold
2026-09-06T23:45:46.037+01:00 INFO : Filtering template 1/96 segment 4/5
2026-09-06T23:45:46.077+01:00 INFO : Filtering template 1/96 segment 5/5
2026-09-06T23:45:46.118+01:00 INFO : 1 points above threshold
2026-09-06T23:45:46.124+01:00 INFO : 1: generating IMRPhenomD from 30.0 Hz
2026-09-06T23:45:46.127+01:00 INFO : Decompressing waveform using inline_linear
2026-09-06T23:45:46.132+01:00 INFO : Filtering template 2/96 segment 1/5
2026-09-06T23:45:46.183+01:00 INFO : 1 points above threshold
2026-09-06T23:45:46.204+01:00 INFO : Filtering template 2/96 segment 2/5
2026-09-06T23:45:46.245+01:00 INFO : 1 points above threshold
2026-09-06T23:45:46.251+01:00 INFO : Filtering template 2/96 segment 3/5
2026-09-06T23:45:46.291+01:00 INFO : 2 points above threshold
2026-09-06T23:45:46.299+01:00 INFO : Filtering template 2/96 segment 4/5
2026-09-06T23:45:46.340+01:00 INFO : Filtering template 2/96 segment 5/5
2026-09-06T23:45:46.380+01:00 INFO : 1 points above threshold
2026-09-06T23:45:46.387+01:00 INFO : 2: generating IMRPhenomD from 30.0 Hz
2026-09-06T23:45:46.389+01:00 INFO : Decompressing waveform using inline_linear
2026-09-06T23:45:46.394+01:00 INFO : Filtering template 3/96 segment 1/5
2026-09-06T23:45:46.445+01:00 INFO : 3 points above threshold
2026-09-06T23:45:46.468+01:00 INFO : Filtering template 3/96 segment 2/5
2026-09-06T23:45:46.508+01:00 INFO : Filtering template 3/96 segment 3/5
2026-09-06T23:45:46.549+01:00 INFO : 1 points above threshold
2026-09-06T23:45:46.555+01:00 INFO : Filtering template 3/96 segment 4/5
2026-09-06T23:45:46.595+01:00 INFO : 1 points above threshold
2026-09-06T23:45:46.601+01:00 INFO : Filtering template 3/96 segment 5/5
2026-09-06T23:45:46.642+01:00 INFO : 3: generating IMRPhenomD from 30.0 Hz
2026-09-06T23:45:46.645+01:00 INFO : Decompressing waveform using inline_linear
2026-09-06T23:45:46.650+01:00 INFO : Filtering template 4/96 segment 1/5
2026-09-06T23:45:46.700+01:00 INFO : 1 points above threshold
2026-09-06T23:45:46.725+01:00 INFO : Filtering template 4/96 segment 2/5
2026-09-06T23:45:46.765+01:00 INFO : 1 points above threshold
2026-09-06T23:45:46.771+01:00 INFO : Filtering template 4/96 segment 3/5
2026-09-06T23:45:46.812+01:00 INFO : 2 points above threshold
2026-09-06T23:45:46.820+01:00 INFO : Filtering template 4/96 segment 4/5
2026-09-06T23:45:46.860+01:00 INFO : 2 points above threshold
2026-09-06T23:45:46.868+01:00 INFO : Filtering template 4/96 segment 5/5
2026-09-06T23:45:46.908+01:00 INFO : 2 points above threshold
2026-09-06T23:45:46.917+01:00 INFO : 4: generating IMRPhenomD from 30.0 Hz
2026-09-06T23:45:46.919+01:00 INFO : Decompressing waveform using inline_linear
2026-09-06T23:45:46.924+01:00 INFO : Filtering template 5/96 segment 1/5
2026-09-06T23:45:46.975+01:00 INFO : 1 points above threshold
2026-09-06T23:45:46.994+01:00 INFO : Filtering template 5/96 segment 2/5
2026-09-06T23:45:47.034+01:00 INFO : 2 points above threshold
2026-09-06T23:45:47.042+01:00 INFO : Filtering template 5/96 segment 3/5
2026-09-06T23:45:47.083+01:00 INFO : 2 points above threshold
2026-09-06T23:45:47.091+01:00 INFO : Filtering template 5/96 segment 4/5
2026-09-06T23:45:47.131+01:00 INFO : 2 points above threshold
2026-09-06T23:45:47.139+01:00 INFO : Filtering template 5/96 segment 5/5
2026-09-06T23:45:47.180+01:00 INFO : 5: generating IMRPhenomD from 30.0 Hz
2026-09-06T23:45:47.183+01:00 INFO : Decompressing waveform using inline_linear
2026-09-06T23:45:47.188+01:00 INFO : Filtering template 6/96 segment 1/5
2026-09-06T23:45:47.238+01:00 INFO : 1 points above threshold
2026-09-06T23:45:47.257+01:00 INFO : Filtering template 6/96 segment 2/5
2026-09-06T23:45:47.298+01:00 INFO : Filtering template 6/96 segment 3/5
2026-09-06T23:45:47.338+01:00 INFO : Filtering template 6/96 segment 4/5
2026-09-06T23:45:47.379+01:00 INFO : Filtering template 6/96 segment 5/5
2026-09-06T23:45:47.420+01:00 INFO : 1 points above threshold
2026-09-06T23:45:47.426+01:00 INFO : 6: generating IMRPhenomD from 30.0 Hz
2026-09-06T23:45:47.428+01:00 INFO : Decompressing waveform using inline_linear
2026-09-06T23:45:47.433+01:00 INFO : Filtering template 7/96 segment 1/5
2026-09-06T23:45:47.484+01:00 INFO : 2 points above threshold
2026-09-06T23:45:47.507+01:00 INFO : Filtering template 7/96 segment 2/5
2026-09-06T23:45:47.548+01:00 INFO : Filtering template 7/96 segment 3/5
2026-09-06T23:45:47.588+01:00 INFO : Filtering template 7/96 segment 4/5
2026-09-06T23:45:47.629+01:00 INFO : 1 points above threshold
2026-09-06T23:45:47.635+01:00 INFO : Filtering template 7/96 segment 5/5
2026-09-06T23:45:47.676+01:00 INFO : 7: generating IMRPhenomD from 30.0 Hz
2026-09-06T23:45:47.678+01:00 INFO : Decompressing waveform using inline_linear
2026-09-06T23:45:47.683+01:00 INFO : Filtering template 8/96 segment 1/5
2026-09-06T23:45:47.734+01:00 INFO : 2 points above threshold
2026-09-06T23:45:47.757+01:00 INFO : Filtering template 8/96 segment 2/5
2026-09-06T23:45:47.798+01:00 INFO : 1 points above threshold
2026-09-06T23:45:47.804+01:00 INFO : Filtering template 8/96 segment 3/5
2026-09-06T23:45:47.844+01:00 INFO : 4 points above threshold
2026-09-06T23:45:47.854+01:00 INFO : Filtering template 8/96 segment 4/5
2026-09-06T23:45:47.894+01:00 INFO : Filtering template 8/96 segment 5/5
2026-09-06T23:45:47.935+01:00 INFO : 8: generating IMRPhenomD from 30.0 Hz
2026-09-06T23:45:47.938+01:00 INFO : Decompressing waveform using inline_linear
2026-09-06T23:45:47.943+01:00 INFO : Filtering template 9/96 segment 1/5
2026-09-06T23:45:47.994+01:00 INFO : Filtering template 9/96 segment 2/5
2026-09-06T23:45:48.034+01:00 INFO : 1 points above threshold
2026-09-06T23:45:48.056+01:00 INFO : Filtering template 9/96 segment 3/5
2026-09-06T23:45:48.096+01:00 INFO : 2 points above threshold
2026-09-06T23:45:48.104+01:00 INFO : Filtering template 9/96 segment 4/5
2026-09-06T23:45:48.145+01:00 INFO : 1 points above threshold
2026-09-06T23:45:48.151+01:00 INFO : Filtering template 9/96 segment 5/5
2026-09-06T23:45:48.191+01:00 INFO : 3 points above threshold
2026-09-06T23:45:48.201+01:00 INFO : 9: generating IMRPhenomD from 30.0 Hz
2026-09-06T23:45:48.204+01:00 INFO : Decompressing waveform using inline_linear
2026-09-06T23:45:48.209+01:00 INFO : Filtering template 10/96 segment 1/5
2026-09-06T23:45:48.260+01:00 INFO : 1 points above threshold
2026-09-06T23:45:48.284+01:00 INFO : Filtering template 10/96 segment 2/5
2026-09-06T23:45:48.324+01:00 INFO : 1 points above threshold
2026-09-06T23:45:48.330+01:00 INFO : Filtering template 10/96 segment 3/5
2026-09-06T23:45:48.371+01:00 INFO : Filtering template 10/96 segment 4/5
2026-09-06T23:45:48.412+01:00 INFO : 2 points above threshold
2026-09-06T23:45:48.419+01:00 INFO : Filtering template 10/96 segment 5/5
2026-09-06T23:45:48.460+01:00 INFO : 1 points above threshold
2026-09-06T23:45:48.466+01:00 INFO : 10: generating IMRPhenomD from 30.0 Hz
2026-09-06T23:45:48.469+01:00 INFO : Decompressing waveform using inline_linear
2026-09-06T23:45:48.474+01:00 INFO : Filtering template 11/96 segment 1/5
2026-09-06T23:45:48.524+01:00 INFO : 4 points above threshold
2026-09-06T23:45:48.552+01:00 INFO : Filtering template 11/96 segment 2/5
2026-09-06T23:45:48.592+01:00 INFO : 2 points above threshold
2026-09-06T23:45:48.600+01:00 INFO : Filtering template 11/96 segment 3/5
2026-09-06T23:45:48.641+01:00 INFO : 1 points above threshold
2026-09-06T23:45:48.647+01:00 INFO : Filtering template 11/96 segment 4/5
2026-09-06T23:45:48.687+01:00 INFO : Filtering template 11/96 segment 5/5
2026-09-06T23:45:48.729+01:00 INFO : 11: generating IMRPhenomD from 30.0 Hz
2026-09-06T23:45:48.731+01:00 INFO : Decompressing waveform using inline_linear
2026-09-06T23:45:48.736+01:00 INFO : Filtering template 12/96 segment 1/5
2026-09-06T23:45:48.787+01:00 INFO : 1 points above threshold
2026-09-06T23:45:48.811+01:00 INFO : Filtering template 12/96 segment 2/5
2026-09-06T23:45:48.852+01:00 INFO : 1 points above threshold
2026-09-06T23:45:48.858+01:00 INFO : Filtering template 12/96 segment 3/5
2026-09-06T23:45:48.898+01:00 INFO : 1 points above threshold
2026-09-06T23:45:48.904+01:00 INFO : Filtering template 12/96 segment 4/5
2026-09-06T23:45:48.945+01:00 INFO : 3 points above threshold
2026-09-06T23:45:48.955+01:00 INFO : Filtering template 12/96 segment 5/5
2026-09-06T23:45:48.996+01:00 INFO : 12: generating IMRPhenomD from 30.0 Hz
2026-09-06T23:45:48.998+01:00 INFO : Decompressing waveform using inline_linear
2026-09-06T23:45:49.003+01:00 INFO : Filtering template 13/96 segment 1/5
2026-09-06T23:45:49.054+01:00 INFO : Filtering template 13/96 segment 2/5
2026-09-06T23:45:49.095+01:00 INFO : 4 points above threshold
2026-09-06T23:45:49.122+01:00 INFO : Filtering template 13/96 segment 3/5
2026-09-06T23:45:49.163+01:00 INFO : Filtering template 13/96 segment 4/5
2026-09-06T23:45:49.204+01:00 INFO : Filtering template 13/96 segment 5/5
2026-09-06T23:45:49.244+01:00 INFO : 1 points above threshold
2026-09-06T23:45:49.250+01:00 INFO : 13: generating IMRPhenomD from 30.0 Hz
2026-09-06T23:45:49.253+01:00 INFO : Decompressing waveform using inline_linear
2026-09-06T23:45:49.258+01:00 INFO : Filtering template 14/96 segment 1/5
2026-09-06T23:45:49.308+01:00 INFO : 1 points above threshold
2026-09-06T23:45:49.332+01:00 INFO : Filtering template 14/96 segment 2/5
2026-09-06T23:45:49.373+01:00 INFO : 2 points above threshold
2026-09-06T23:45:49.381+01:00 INFO : Filtering template 14/96 segment 3/5
2026-09-06T23:45:49.421+01:00 INFO : 3 points above threshold
2026-09-06T23:45:49.431+01:00 INFO : Filtering template 14/96 segment 4/5
2026-09-06T23:45:49.472+01:00 INFO : 2 points above threshold
2026-09-06T23:45:49.480+01:00 INFO : Filtering template 14/96 segment 5/5
2026-09-06T23:45:49.522+01:00 INFO : 14: generating IMRPhenomD from 30.0 Hz
2026-09-06T23:45:49.524+01:00 INFO : Decompressing waveform using inline_linear
2026-09-06T23:45:49.529+01:00 INFO : Filtering template 15/96 segment 1/5
2026-09-06T23:45:49.580+01:00 INFO : 1 points above threshold
2026-09-06T23:45:49.604+01:00 INFO : Filtering template 15/96 segment 2/5
2026-09-06T23:45:49.645+01:00 INFO : Filtering template 15/96 segment 3/5
2026-09-06T23:45:49.686+01:00 INFO : 1 points above threshold
2026-09-06T23:45:49.692+01:00 INFO : Filtering template 15/96 segment 4/5
2026-09-06T23:45:49.732+01:00 INFO : 1 points above threshold
2026-09-06T23:45:49.738+01:00 INFO : Filtering template 15/96 segment 5/5
2026-09-06T23:45:49.779+01:00 INFO : 3 points above threshold
2026-09-06T23:45:49.789+01:00 INFO : 15: generating IMRPhenomD from 30.0 Hz
2026-09-06T23:45:49.792+01:00 INFO : Decompressing waveform using inline_linear
2026-09-06T23:45:49.797+01:00 INFO : Filtering template 16/96 segment 1/5
2026-09-06T23:45:49.847+01:00 INFO : 1 points above threshold
2026-09-06T23:45:49.866+01:00 INFO : Filtering template 16/96 segment 2/5
2026-09-06T23:45:49.907+01:00 INFO : 2 points above threshold
2026-09-06T23:45:49.915+01:00 INFO : Filtering template 16/96 segment 3/5
2026-09-06T23:45:49.955+01:00 INFO : 3 points above threshold
2026-09-06T23:45:49.965+01:00 INFO : Filtering template 16/96 segment 4/5
2026-09-06T23:45:50.006+01:00 INFO : 2 points above threshold
2026-09-06T23:45:50.013+01:00 INFO : Filtering template 16/96 segment 5/5
2026-09-06T23:45:50.054+01:00 INFO : 16: generating IMRPhenomD from 30.0 Hz
2026-09-06T23:45:50.057+01:00 INFO : Decompressing waveform using inline_linear
2026-09-06T23:45:50.062+01:00 INFO : Filtering template 17/96 segment 1/5
2026-09-06T23:45:50.113+01:00 INFO : 2 points above threshold
2026-09-06T23:45:50.133+01:00 INFO : Filtering template 17/96 segment 2/5
2026-09-06T23:45:50.174+01:00 INFO : 3 points above threshold
2026-09-06T23:45:50.184+01:00 INFO : Filtering template 17/96 segment 3/5
2026-09-06T23:45:50.224+01:00 INFO : Filtering template 17/96 segment 4/5
2026-09-06T23:45:50.265+01:00 INFO : 2 points above threshold
2026-09-06T23:45:50.272+01:00 INFO : Filtering template 17/96 segment 5/5
2026-09-06T23:45:50.313+01:00 INFO : 3 points above threshold
2026-09-06T23:45:50.323+01:00 INFO : 17: generating IMRPhenomD from 30.0 Hz
2026-09-06T23:45:50.326+01:00 INFO : Decompressing waveform using inline_linear
2026-09-06T23:45:50.331+01:00 INFO : Filtering template 18/96 segment 1/5
2026-09-06T23:45:50.381+01:00 INFO : Filtering template 18/96 segment 2/5
2026-09-06T23:45:50.422+01:00 INFO : Filtering template 18/96 segment 3/5
2026-09-06T23:45:50.463+01:00 INFO : 1 points above threshold
2026-09-06T23:45:50.481+01:00 INFO : Filtering template 18/96 segment 4/5
2026-09-06T23:45:50.522+01:00 INFO : Filtering template 18/96 segment 5/5
2026-09-06T23:45:50.562+01:00 INFO : 2 points above threshold
2026-09-06T23:45:50.570+01:00 INFO : 18: generating IMRPhenomD from 30.0 Hz
2026-09-06T23:45:50.573+01:00 INFO : Decompressing waveform using inline_linear
2026-09-06T23:45:50.578+01:00 INFO : Filtering template 19/96 segment 1/5
2026-09-06T23:45:50.628+01:00 INFO : 3 points above threshold
2026-09-06T23:45:50.651+01:00 INFO : Filtering template 19/96 segment 2/5
2026-09-06T23:45:50.692+01:00 INFO : 1 points above threshold
2026-09-06T23:45:50.698+01:00 INFO : Filtering template 19/96 segment 3/5
2026-09-06T23:45:50.738+01:00 INFO : 1 points above threshold
2026-09-06T23:45:50.744+01:00 INFO : Filtering template 19/96 segment 4/5
2026-09-06T23:45:50.785+01:00 INFO : 3 points above threshold
2026-09-06T23:45:50.795+01:00 INFO : Filtering template 19/96 segment 5/5
2026-09-06T23:45:50.835+01:00 INFO : 1 points above threshold
2026-09-06T23:45:50.842+01:00 INFO : 19: generating IMRPhenomD from 30.0 Hz
2026-09-06T23:45:50.844+01:00 INFO : Decompressing waveform using inline_linear
2026-09-06T23:45:50.849+01:00 INFO : Filtering template 20/96 segment 1/5
2026-09-06T23:45:50.900+01:00 INFO : 1 points above threshold
2026-09-06T23:45:50.918+01:00 INFO : Filtering template 20/96 segment 2/5
2026-09-06T23:45:50.959+01:00 INFO : 3 points above threshold
2026-09-06T23:45:50.969+01:00 INFO : Filtering template 20/96 segment 3/5
2026-09-06T23:45:51.009+01:00 INFO : Filtering template 20/96 segment 4/5
2026-09-06T23:45:51.050+01:00 INFO : 2 points above threshold
2026-09-06T23:45:51.058+01:00 INFO : Filtering template 20/96 segment 5/5
2026-09-06T23:45:51.099+01:00 INFO : 20: generating IMRPhenomD from 30.0 Hz
2026-09-06T23:45:51.101+01:00 INFO : Decompressing waveform using inline_linear
2026-09-06T23:45:51.106+01:00 INFO : Filtering template 21/96 segment 1/5
2026-09-06T23:45:51.157+01:00 INFO : 1 points above threshold
2026-09-06T23:45:51.175+01:00 INFO : Filtering template 21/96 segment 2/5
2026-09-06T23:45:51.216+01:00 INFO : 1 points above threshold
2026-09-06T23:45:51.222+01:00 INFO : Filtering template 21/96 segment 3/5
2026-09-06T23:45:51.263+01:00 INFO : 1 points above threshold
2026-09-06T23:45:51.269+01:00 INFO : Filtering template 21/96 segment 4/5
2026-09-06T23:45:51.309+01:00 INFO : Filtering template 21/96 segment 5/5
2026-09-06T23:45:51.350+01:00 INFO : 21: generating IMRPhenomD from 30.0 Hz
2026-09-06T23:45:51.353+01:00 INFO : Decompressing waveform using inline_linear
2026-09-06T23:45:51.358+01:00 INFO : Filtering template 22/96 segment 1/5
2026-09-06T23:45:51.409+01:00 INFO : 5 points above threshold
2026-09-06T23:45:51.434+01:00 INFO : Filtering template 22/96 segment 2/5
2026-09-06T23:45:51.474+01:00 INFO : Filtering template 22/96 segment 3/5
2026-09-06T23:45:51.515+01:00 INFO : Filtering template 22/96 segment 4/5
2026-09-06T23:45:51.556+01:00 INFO : 1 points above threshold
2026-09-06T23:45:51.561+01:00 INFO : Filtering template 22/96 segment 5/5
2026-09-06T23:45:51.602+01:00 INFO : 1 points above threshold
2026-09-06T23:45:51.608+01:00 INFO : 22: generating IMRPhenomD from 30.0 Hz
2026-09-06T23:45:51.611+01:00 INFO : Decompressing waveform using inline_linear
2026-09-06T23:45:51.616+01:00 INFO : Filtering template 23/96 segment 1/5
2026-09-06T23:45:51.666+01:00 INFO : 2 points above threshold
2026-09-06T23:45:51.687+01:00 INFO : Filtering template 23/96 segment 2/5
2026-09-06T23:45:51.727+01:00 INFO : 1 points above threshold
2026-09-06T23:45:51.733+01:00 INFO : Filtering template 23/96 segment 3/5
2026-09-06T23:45:51.774+01:00 INFO : 1 points above threshold
2026-09-06T23:45:51.780+01:00 INFO : Filtering template 23/96 segment 4/5
2026-09-06T23:45:51.820+01:00 INFO : Filtering template 23/96 segment 5/5
2026-09-06T23:45:51.861+01:00 INFO : 23: generating IMRPhenomD from 30.0 Hz
2026-09-06T23:45:51.864+01:00 INFO : Decompressing waveform using inline_linear
2026-09-06T23:45:51.869+01:00 INFO : Filtering template 24/96 segment 1/5
2026-09-06T23:45:51.920+01:00 INFO : 1 points above threshold
2026-09-06T23:45:51.938+01:00 INFO : Filtering template 24/96 segment 2/5
2026-09-06T23:45:51.979+01:00 INFO : 2 points above threshold
2026-09-06T23:45:51.987+01:00 INFO : Filtering template 24/96 segment 3/5
2026-09-06T23:45:52.027+01:00 INFO : 1 points above threshold
2026-09-06T23:45:52.033+01:00 INFO : Filtering template 24/96 segment 4/5
2026-09-06T23:45:52.074+01:00 INFO : Filtering template 24/96 segment 5/5
2026-09-06T23:45:52.115+01:00 INFO : 2 points above threshold
2026-09-06T23:45:52.123+01:00 INFO : 24: generating IMRPhenomD from 30.0 Hz
2026-09-06T23:45:52.125+01:00 INFO : Decompressing waveform using inline_linear
2026-09-06T23:45:52.130+01:00 INFO : Filtering template 25/96 segment 1/5
2026-09-06T23:45:52.181+01:00 INFO : 2 points above threshold
2026-09-06T23:45:52.202+01:00 INFO : Filtering template 25/96 segment 2/5
2026-09-06T23:45:52.242+01:00 INFO : Filtering template 25/96 segment 3/5
2026-09-06T23:45:52.283+01:00 INFO : Filtering template 25/96 segment 4/5
2026-09-06T23:45:52.324+01:00 INFO : Filtering template 25/96 segment 5/5
2026-09-06T23:45:52.365+01:00 INFO : 25: generating IMRPhenomD from 30.0 Hz
2026-09-06T23:45:52.367+01:00 INFO : Decompressing waveform using inline_linear
2026-09-06T23:45:52.372+01:00 INFO : Filtering template 26/96 segment 1/5
2026-09-06T23:45:52.423+01:00 INFO : Filtering template 26/96 segment 2/5
2026-09-06T23:45:52.463+01:00 INFO : 2 points above threshold
2026-09-06T23:45:52.484+01:00 INFO : Filtering template 26/96 segment 3/5
2026-09-06T23:45:52.524+01:00 INFO : Filtering template 26/96 segment 4/5
2026-09-06T23:45:52.565+01:00 INFO : 2 points above threshold
2026-09-06T23:45:52.573+01:00 INFO : Filtering template 26/96 segment 5/5
2026-09-06T23:45:52.614+01:00 INFO : 2 points above threshold
2026-09-06T23:45:52.622+01:00 INFO : 26: generating IMRPhenomD from 30.0 Hz
2026-09-06T23:45:52.624+01:00 INFO : Decompressing waveform using inline_linear
2026-09-06T23:45:52.629+01:00 INFO : Filtering template 27/96 segment 1/5
2026-09-06T23:45:52.679+01:00 INFO : 3 points above threshold
2026-09-06T23:45:52.702+01:00 INFO : Filtering template 27/96 segment 2/5
2026-09-06T23:45:52.743+01:00 INFO : Filtering template 27/96 segment 3/5
2026-09-06T23:45:52.783+01:00 INFO : 1 points above threshold
2026-09-06T23:45:52.789+01:00 INFO : Filtering template 27/96 segment 4/5
2026-09-06T23:45:52.830+01:00 INFO : Filtering template 27/96 segment 5/5
2026-09-06T23:45:52.871+01:00 INFO : 27: generating IMRPhenomD from 30.0 Hz
2026-09-06T23:45:52.874+01:00 INFO : Decompressing waveform using inline_linear
2026-09-06T23:45:52.879+01:00 INFO : Filtering template 28/96 segment 1/5
2026-09-06T23:45:52.929+01:00 INFO : 3 points above threshold
2026-09-06T23:45:52.952+01:00 INFO : Filtering template 28/96 segment 2/5
2026-09-06T23:45:52.993+01:00 INFO : 1 points above threshold
2026-09-06T23:45:52.999+01:00 INFO : Filtering template 28/96 segment 3/5
2026-09-06T23:45:53.039+01:00 INFO : 2 points above threshold
2026-09-06T23:45:53.047+01:00 INFO : Filtering template 28/96 segment 4/5
2026-09-06T23:45:53.088+01:00 INFO : 1 points above threshold
2026-09-06T23:45:53.094+01:00 INFO : Filtering template 28/96 segment 5/5
2026-09-06T23:45:53.135+01:00 INFO : 28: generating IMRPhenomD from 30.0 Hz
2026-09-06T23:45:53.137+01:00 INFO : Decompressing waveform using inline_linear
2026-09-06T23:45:53.142+01:00 INFO : Filtering template 29/96 segment 1/5
2026-09-06T23:45:53.193+01:00 INFO : 2 points above threshold
2026-09-06T23:45:53.213+01:00 INFO : Filtering template 29/96 segment 2/5
2026-09-06T23:45:53.254+01:00 INFO : 2 points above threshold
2026-09-06T23:45:53.262+01:00 INFO : Filtering template 29/96 segment 3/5
2026-09-06T23:45:53.302+01:00 INFO : 1 points above threshold
2026-09-06T23:45:53.308+01:00 INFO : Filtering template 29/96 segment 4/5
2026-09-06T23:45:53.349+01:00 INFO : 2 points above threshold
2026-09-06T23:45:53.357+01:00 INFO : Filtering template 29/96 segment 5/5
2026-09-06T23:45:53.397+01:00 INFO : 2 points above threshold
2026-09-06T23:45:53.405+01:00 INFO : 29: generating IMRPhenomD from 30.0 Hz
2026-09-06T23:45:53.408+01:00 INFO : Decompressing waveform using inline_linear
2026-09-06T23:45:53.413+01:00 INFO : Filtering template 30/96 segment 1/5
2026-09-06T23:45:53.464+01:00 INFO : 1 points above threshold
2026-09-06T23:45:53.482+01:00 INFO : Filtering template 30/96 segment 2/5
2026-09-06T23:45:53.523+01:00 INFO : 1 points above threshold
2026-09-06T23:45:53.529+01:00 INFO : Filtering template 30/96 segment 3/5
2026-09-06T23:45:53.569+01:00 INFO : 1 points above threshold
2026-09-06T23:45:53.575+01:00 INFO : Filtering template 30/96 segment 4/5
2026-09-06T23:45:53.616+01:00 INFO : Filtering template 30/96 segment 5/5
2026-09-06T23:45:53.657+01:00 INFO : 30: generating IMRPhenomD from 30.0 Hz
2026-09-06T23:45:53.659+01:00 INFO : Decompressing waveform using inline_linear
2026-09-06T23:45:53.664+01:00 INFO : Filtering template 31/96 segment 1/5
2026-09-06T23:45:53.715+01:00 INFO : Filtering template 31/96 segment 2/5
2026-09-06T23:45:53.756+01:00 INFO : 1 points above threshold
2026-09-06T23:45:53.774+01:00 INFO : Filtering template 31/96 segment 3/5
2026-09-06T23:45:53.815+01:00 INFO : Filtering template 31/96 segment 4/5
2026-09-06T23:45:53.856+01:00 INFO : 1 points above threshold
2026-09-06T23:45:53.862+01:00 INFO : Filtering template 31/96 segment 5/5
2026-09-06T23:45:53.902+01:00 INFO : 1 points above threshold
2026-09-06T23:45:53.908+01:00 INFO : 31: generating IMRPhenomD from 30.0 Hz
2026-09-06T23:45:53.911+01:00 INFO : Decompressing waveform using inline_linear
2026-09-06T23:45:53.916+01:00 INFO : Filtering template 32/96 segment 1/5
2026-09-06T23:45:53.967+01:00 INFO : Filtering template 32/96 segment 2/5
2026-09-06T23:45:54.007+01:00 INFO : Filtering template 32/96 segment 3/5
2026-09-06T23:45:54.048+01:00 INFO : Filtering template 32/96 segment 4/5
2026-09-06T23:45:54.089+01:00 INFO : 3 points above threshold
2026-09-06T23:45:54.112+01:00 INFO : Filtering template 32/96 segment 5/5
2026-09-06T23:45:54.152+01:00 INFO : 2 points above threshold
2026-09-06T23:45:54.160+01:00 INFO : 32: generating IMRPhenomD from 30.0 Hz
2026-09-06T23:45:54.163+01:00 INFO : Decompressing waveform using inline_linear
2026-09-06T23:45:54.168+01:00 INFO : Filtering template 33/96 segment 1/5
2026-09-06T23:45:54.218+01:00 INFO : 2 points above threshold
2026-09-06T23:45:54.239+01:00 INFO : Filtering template 33/96 segment 2/5
2026-09-06T23:45:54.279+01:00 INFO : Filtering template 33/96 segment 3/5
2026-09-06T23:45:54.320+01:00 INFO : Filtering template 33/96 segment 4/5
2026-09-06T23:45:54.361+01:00 INFO : 1 points above threshold
2026-09-06T23:45:54.367+01:00 INFO : Filtering template 33/96 segment 5/5
2026-09-06T23:45:54.407+01:00 INFO : 33: generating IMRPhenomD from 30.0 Hz
2026-09-06T23:45:54.410+01:00 INFO : Decompressing waveform using inline_linear
2026-09-06T23:45:54.415+01:00 INFO : Filtering template 34/96 segment 1/5
2026-09-06T23:45:54.465+01:00 INFO : Filtering template 34/96 segment 2/5
2026-09-06T23:45:54.506+01:00 INFO : 1 points above threshold
2026-09-06T23:45:54.525+01:00 INFO : Filtering template 34/96 segment 3/5
2026-09-06T23:45:54.565+01:00 INFO : 1 points above threshold
2026-09-06T23:45:54.571+01:00 INFO : Filtering template 34/96 segment 4/5
2026-09-06T23:45:54.613+01:00 INFO : Filtering template 34/96 segment 5/5
2026-09-06T23:45:54.654+01:00 INFO : 1 points above threshold
2026-09-06T23:45:54.660+01:00 INFO : 34: generating IMRPhenomD from 30.0 Hz
2026-09-06T23:45:54.662+01:00 INFO : Decompressing waveform using inline_linear
2026-09-06T23:45:54.667+01:00 INFO : Filtering template 35/96 segment 1/5
2026-09-06T23:45:54.718+01:00 INFO : 1 points above threshold
2026-09-06T23:45:54.736+01:00 INFO : Filtering template 35/96 segment 2/5
2026-09-06T23:45:54.777+01:00 INFO : 1 points above threshold
2026-09-06T23:45:54.783+01:00 INFO : Filtering template 35/96 segment 3/5
2026-09-06T23:45:54.823+01:00 INFO : 1 points above threshold
2026-09-06T23:45:54.829+01:00 INFO : Filtering template 35/96 segment 4/5
2026-09-06T23:45:54.870+01:00 INFO : Filtering template 35/96 segment 5/5
2026-09-06T23:45:54.911+01:00 INFO : 35: generating IMRPhenomD from 30.0 Hz
2026-09-06T23:45:54.913+01:00 INFO : Decompressing waveform using inline_linear
2026-09-06T23:45:54.918+01:00 INFO : Filtering template 36/96 segment 1/5
2026-09-06T23:45:54.969+01:00 INFO : 3 points above threshold
2026-09-06T23:45:54.991+01:00 INFO : Filtering template 36/96 segment 2/5
2026-09-06T23:45:55.032+01:00 INFO : 1 points above threshold
2026-09-06T23:45:55.038+01:00 INFO : Filtering template 36/96 segment 3/5
2026-09-06T23:45:55.078+01:00 INFO : 2 points above threshold
2026-09-06T23:45:55.086+01:00 INFO : Filtering template 36/96 segment 4/5
2026-09-06T23:45:55.127+01:00 INFO : Filtering template 36/96 segment 5/5
2026-09-06T23:45:55.168+01:00 INFO : 1 points above threshold
2026-09-06T23:45:55.174+01:00 INFO : 36: generating IMRPhenomD from 30.0 Hz
2026-09-06T23:45:55.176+01:00 INFO : Decompressing waveform using inline_linear
2026-09-06T23:45:55.181+01:00 INFO : Filtering template 37/96 segment 1/5
2026-09-06T23:45:55.232+01:00 INFO : 2 points above threshold
2026-09-06T23:45:55.252+01:00 INFO : Filtering template 37/96 segment 2/5
2026-09-06T23:45:55.293+01:00 INFO : 3 points above threshold
2026-09-06T23:45:55.303+01:00 INFO : Filtering template 37/96 segment 3/5
2026-09-06T23:45:55.343+01:00 INFO : 1 points above threshold
2026-09-06T23:45:55.350+01:00 INFO : Filtering template 37/96 segment 4/5
2026-09-06T23:45:55.390+01:00 INFO : 3 points above threshold
2026-09-06T23:45:55.400+01:00 INFO : Filtering template 37/96 segment 5/5
2026-09-06T23:45:55.441+01:00 INFO : 37: generating IMRPhenomD from 30.0 Hz
2026-09-06T23:45:55.443+01:00 INFO : Decompressing waveform using inline_linear
2026-09-06T23:45:55.448+01:00 INFO : Filtering template 38/96 segment 1/5
2026-09-06T23:45:55.499+01:00 INFO : Filtering template 38/96 segment 2/5
2026-09-06T23:45:55.539+01:00 INFO : Filtering template 38/96 segment 3/5
2026-09-06T23:45:55.580+01:00 INFO : 1 points above threshold
2026-09-06T23:45:55.599+01:00 INFO : Filtering template 38/96 segment 4/5
2026-09-06T23:45:55.640+01:00 INFO : 1 points above threshold
2026-09-06T23:45:55.645+01:00 INFO : Filtering template 38/96 segment 5/5
2026-09-06T23:45:55.686+01:00 INFO : 1 points above threshold
2026-09-06T23:45:55.692+01:00 INFO : 38: generating IMRPhenomD from 30.0 Hz
2026-09-06T23:45:55.695+01:00 INFO : Decompressing waveform using inline_linear
2026-09-06T23:45:55.700+01:00 INFO : Filtering template 39/96 segment 1/5
2026-09-06T23:45:55.750+01:00 INFO : Filtering template 39/96 segment 2/5
2026-09-06T23:45:55.791+01:00 INFO : 2 points above threshold
2026-09-06T23:45:55.811+01:00 INFO : Filtering template 39/96 segment 3/5
2026-09-06T23:45:55.852+01:00 INFO : Filtering template 39/96 segment 4/5
2026-09-06T23:45:55.892+01:00 INFO : 2 points above threshold
2026-09-06T23:45:55.900+01:00 INFO : Filtering template 39/96 segment 5/5
2026-09-06T23:45:55.941+01:00 INFO : 39: generating IMRPhenomD from 30.0 Hz
2026-09-06T23:45:55.944+01:00 INFO : Decompressing waveform using inline_linear
2026-09-06T23:45:55.949+01:00 INFO : Filtering template 40/96 segment 1/5
2026-09-06T23:45:55.999+01:00 INFO : Filtering template 40/96 segment 2/5
2026-09-06T23:45:56.040+01:00 INFO : Filtering template 40/96 segment 3/5
2026-09-06T23:45:56.080+01:00 INFO : Filtering template 40/96 segment 4/5
2026-09-06T23:45:56.121+01:00 INFO : 2 points above threshold
2026-09-06T23:45:56.141+01:00 INFO : Filtering template 40/96 segment 5/5
2026-09-06T23:45:56.182+01:00 INFO : 40: generating IMRPhenomD from 30.0 Hz
2026-09-06T23:45:56.185+01:00 INFO : Decompressing waveform using inline_linear
2026-09-06T23:45:56.190+01:00 INFO : Filtering template 41/96 segment 1/5
2026-09-06T23:45:56.240+01:00 INFO : Filtering template 41/96 segment 2/5
2026-09-06T23:45:56.281+01:00 INFO : Filtering template 41/96 segment 3/5
2026-09-06T23:45:56.322+01:00 INFO : 2 points above threshold
2026-09-06T23:45:56.342+01:00 INFO : Filtering template 41/96 segment 4/5
2026-09-06T23:45:56.383+01:00 INFO : 2 points above threshold
2026-09-06T23:45:56.390+01:00 INFO : Filtering template 41/96 segment 5/5
2026-09-06T23:45:56.431+01:00 INFO : 41: generating IMRPhenomD from 30.0 Hz
2026-09-06T23:45:56.434+01:00 INFO : Decompressing waveform using inline_linear
2026-09-06T23:45:56.439+01:00 INFO : Filtering template 42/96 segment 1/5
2026-09-06T23:45:56.489+01:00 INFO : Filtering template 42/96 segment 2/5
2026-09-06T23:45:56.530+01:00 INFO : 1 points above threshold
2026-09-06T23:45:56.548+01:00 INFO : Filtering template 42/96 segment 3/5
2026-09-06T23:45:56.589+01:00 INFO : Filtering template 42/96 segment 4/5
2026-09-06T23:45:56.630+01:00 INFO : 1 points above threshold
2026-09-06T23:45:56.636+01:00 INFO : Filtering template 42/96 segment 5/5
2026-09-06T23:45:56.676+01:00 INFO : 1 points above threshold
2026-09-06T23:45:56.682+01:00 INFO : 42: generating IMRPhenomD from 30.0 Hz
2026-09-06T23:45:56.685+01:00 INFO : Decompressing waveform using inline_linear
2026-09-06T23:45:56.690+01:00 INFO : Filtering template 43/96 segment 1/5
2026-09-06T23:45:56.740+01:00 INFO : 1 points above threshold
2026-09-06T23:45:56.759+01:00 INFO : Filtering template 43/96 segment 2/5
2026-09-06T23:45:56.799+01:00 INFO : 2 points above threshold
2026-09-06T23:45:56.807+01:00 INFO : Filtering template 43/96 segment 3/5
2026-09-06T23:45:56.848+01:00 INFO : 1 points above threshold
2026-09-06T23:45:56.854+01:00 INFO : Filtering template 43/96 segment 4/5
2026-09-06T23:45:56.894+01:00 INFO : Filtering template 43/96 segment 5/5
2026-09-06T23:45:56.935+01:00 INFO : 43: generating IMRPhenomD from 30.0 Hz
2026-09-06T23:45:56.938+01:00 INFO : Decompressing waveform using inline_linear
2026-09-06T23:45:56.943+01:00 INFO : Filtering template 44/96 segment 1/5
2026-09-06T23:45:56.993+01:00 INFO : 1 points above threshold
2026-09-06T23:45:57.012+01:00 INFO : Filtering template 44/96 segment 2/5
2026-09-06T23:45:57.052+01:00 INFO : Filtering template 44/96 segment 3/5
2026-09-06T23:45:57.093+01:00 INFO : Filtering template 44/96 segment 4/5
2026-09-06T23:45:57.134+01:00 INFO : 1 points above threshold
2026-09-06T23:45:57.140+01:00 INFO : Filtering template 44/96 segment 5/5
2026-09-06T23:45:57.180+01:00 INFO : 44: generating IMRPhenomD from 30.0 Hz
2026-09-06T23:45:57.183+01:00 INFO : Decompressing waveform using inline_linear
2026-09-06T23:45:57.188+01:00 INFO : Filtering template 45/96 segment 1/5
2026-09-06T23:45:57.239+01:00 INFO : 2 points above threshold
2026-09-06T23:45:57.259+01:00 INFO : Filtering template 45/96 segment 2/5
2026-09-06T23:45:57.300+01:00 INFO : 1 points above threshold
2026-09-06T23:45:57.306+01:00 INFO : Filtering template 45/96 segment 3/5
2026-09-06T23:45:57.346+01:00 INFO : 1 points above threshold
2026-09-06T23:45:57.352+01:00 INFO : Filtering template 45/96 segment 4/5
2026-09-06T23:45:57.393+01:00 INFO : Filtering template 45/96 segment 5/5
2026-09-06T23:45:57.433+01:00 INFO : 45: generating IMRPhenomD from 30.0 Hz
2026-09-06T23:45:57.436+01:00 INFO : Decompressing waveform using inline_linear
2026-09-06T23:45:57.441+01:00 INFO : Filtering template 46/96 segment 1/5
2026-09-06T23:45:57.492+01:00 INFO : Filtering template 46/96 segment 2/5
2026-09-06T23:45:57.532+01:00 INFO : Filtering template 46/96 segment 3/5
2026-09-06T23:45:57.573+01:00 INFO : 1 points above threshold
2026-09-06T23:45:57.591+01:00 INFO : Filtering template 46/96 segment 4/5
2026-09-06T23:45:57.632+01:00 INFO : 3 points above threshold
2026-09-06T23:45:57.642+01:00 INFO : Filtering template 46/96 segment 5/5
2026-09-06T23:45:57.682+01:00 INFO : 1 points above threshold
2026-09-06T23:45:57.688+01:00 INFO : 46: generating IMRPhenomD from 30.0 Hz
2026-09-06T23:45:57.691+01:00 INFO : Decompressing waveform using inline_linear
2026-09-06T23:45:57.696+01:00 INFO : Filtering template 47/96 segment 1/5
2026-09-06T23:45:57.746+01:00 INFO : 3 points above threshold
2026-09-06T23:45:57.772+01:00 INFO : Filtering template 47/96 segment 2/5
2026-09-06T23:45:57.812+01:00 INFO : Filtering template 47/96 segment 3/5
2026-09-06T23:45:57.853+01:00 INFO : 2 points above threshold
2026-09-06T23:45:57.861+01:00 INFO : Filtering template 47/96 segment 4/5
2026-09-06T23:45:57.901+01:00 INFO : 1 points above threshold
2026-09-06T23:45:57.908+01:00 INFO : Filtering template 47/96 segment 5/5
2026-09-06T23:45:57.948+01:00 INFO : 1 points above threshold
2026-09-06T23:45:57.954+01:00 INFO : 47: generating IMRPhenomD from 30.0 Hz
2026-09-06T23:45:57.957+01:00 INFO : Decompressing waveform using inline_linear
2026-09-06T23:45:57.961+01:00 INFO : Filtering template 48/96 segment 1/5
2026-09-06T23:45:58.012+01:00 INFO : 3 points above threshold
2026-09-06T23:45:58.037+01:00 INFO : Filtering template 48/96 segment 2/5
2026-09-06T23:45:58.078+01:00 INFO : 1 points above threshold
2026-09-06T23:45:58.084+01:00 INFO : Filtering template 48/96 segment 3/5
2026-09-06T23:45:58.124+01:00 INFO : 1 points above threshold
2026-09-06T23:45:58.130+01:00 INFO : Filtering template 48/96 segment 4/5
2026-09-06T23:45:58.170+01:00 INFO : 2 points above threshold
2026-09-06T23:45:58.178+01:00 INFO : Filtering template 48/96 segment 5/5
2026-09-06T23:45:58.219+01:00 INFO : 1 points above threshold
2026-09-06T23:45:58.226+01:00 INFO : 48: generating IMRPhenomD from 30.0 Hz
2026-09-06T23:45:58.228+01:00 INFO : Decompressing waveform using inline_linear
2026-09-06T23:45:58.233+01:00 INFO : Filtering template 49/96 segment 1/5
2026-09-06T23:45:58.284+01:00 INFO : 1 points above threshold
2026-09-06T23:45:58.303+01:00 INFO : Filtering template 49/96 segment 2/5
2026-09-06T23:45:58.343+01:00 INFO : 1 points above threshold
2026-09-06T23:45:58.349+01:00 INFO : Filtering template 49/96 segment 3/5
2026-09-06T23:45:58.390+01:00 INFO : 2 points above threshold
2026-09-06T23:45:58.398+01:00 INFO : Filtering template 49/96 segment 4/5
2026-09-06T23:45:58.438+01:00 INFO : Filtering template 49/96 segment 5/5
2026-09-06T23:45:58.479+01:00 INFO : 49: generating IMRPhenomD from 30.0 Hz
2026-09-06T23:45:58.481+01:00 INFO : Decompressing waveform using inline_linear
2026-09-06T23:45:58.486+01:00 INFO : Filtering template 50/96 segment 1/5
2026-09-06T23:45:58.537+01:00 INFO : Filtering template 50/96 segment 2/5
2026-09-06T23:45:58.578+01:00 INFO : 2 points above threshold
2026-09-06T23:45:58.598+01:00 INFO : Filtering template 50/96 segment 3/5
2026-09-06T23:45:58.639+01:00 INFO : 4 points above threshold
2026-09-06T23:45:58.648+01:00 INFO : Filtering template 50/96 segment 4/5
2026-09-06T23:45:58.689+01:00 INFO : 2 points above threshold
2026-09-06T23:45:58.697+01:00 INFO : Filtering template 50/96 segment 5/5
2026-09-06T23:45:58.737+01:00 INFO : 50: generating IMRPhenomD from 30.0 Hz
2026-09-06T23:45:58.740+01:00 INFO : Decompressing waveform using inline_linear
2026-09-06T23:45:58.745+01:00 INFO : Filtering template 51/96 segment 1/5
2026-09-06T23:45:58.796+01:00 INFO : 1 points above threshold
2026-09-06T23:45:58.814+01:00 INFO : Filtering template 51/96 segment 2/5
2026-09-06T23:45:58.855+01:00 INFO : 1 points above threshold
2026-09-06T23:45:58.861+01:00 INFO : Filtering template 51/96 segment 3/5
2026-09-06T23:45:58.901+01:00 INFO : Filtering template 51/96 segment 4/5
2026-09-06T23:45:58.942+01:00 INFO : 1 points above threshold
2026-09-06T23:45:58.948+01:00 INFO : Filtering template 51/96 segment 5/5
2026-09-06T23:45:58.988+01:00 INFO : 2 points above threshold
2026-09-06T23:45:58.996+01:00 INFO : 51: generating IMRPhenomD from 30.0 Hz
2026-09-06T23:45:58.999+01:00 INFO : Decompressing waveform using inline_linear
2026-09-06T23:45:59.004+01:00 INFO : Filtering template 52/96 segment 1/5
2026-09-06T23:45:59.055+01:00 INFO : 1 points above threshold
2026-09-06T23:45:59.073+01:00 INFO : Filtering template 52/96 segment 2/5
2026-09-06T23:45:59.114+01:00 INFO : 1 points above threshold
2026-09-06T23:45:59.120+01:00 INFO : Filtering template 52/96 segment 3/5
2026-09-06T23:45:59.161+01:00 INFO : Filtering template 52/96 segment 4/5
2026-09-06T23:45:59.202+01:00 INFO : 3 points above threshold
2026-09-06T23:45:59.212+01:00 INFO : Filtering template 52/96 segment 5/5
2026-09-06T23:45:59.252+01:00 INFO : 1 points above threshold
2026-09-06T23:45:59.259+01:00 INFO : 52: generating IMRPhenomD from 30.0 Hz
2026-09-06T23:45:59.261+01:00 INFO : Decompressing waveform using inline_linear
2026-09-06T23:45:59.266+01:00 INFO : Filtering template 53/96 segment 1/5
2026-09-06T23:45:59.316+01:00 INFO : 3 points above threshold
2026-09-06T23:45:59.339+01:00 INFO : Filtering template 53/96 segment 2/5
2026-09-06T23:45:59.380+01:00 INFO : 2 points above threshold
2026-09-06T23:45:59.388+01:00 INFO : Filtering template 53/96 segment 3/5
2026-09-06T23:45:59.428+01:00 INFO : 2 points above threshold
2026-09-06T23:45:59.436+01:00 INFO : Filtering template 53/96 segment 4/5
2026-09-06T23:45:59.477+01:00 INFO : 1 points above threshold
2026-09-06T23:45:59.483+01:00 INFO : Filtering template 53/96 segment 5/5
2026-09-06T23:45:59.523+01:00 INFO : 1 points above threshold
2026-09-06T23:45:59.530+01:00 INFO : 53: generating IMRPhenomD from 30.0 Hz
2026-09-06T23:45:59.532+01:00 INFO : Decompressing waveform using inline_linear
2026-09-06T23:45:59.537+01:00 INFO : Filtering template 54/96 segment 1/5
2026-09-06T23:45:59.587+01:00 INFO : Filtering template 54/96 segment 2/5
2026-09-06T23:45:59.628+01:00 INFO : Filtering template 54/96 segment 3/5
2026-09-06T23:45:59.669+01:00 INFO : 2 points above threshold
2026-09-06T23:45:59.690+01:00 INFO : Filtering template 54/96 segment 4/5
2026-09-06T23:45:59.731+01:00 INFO : 5 points above threshold
2026-09-06T23:45:59.743+01:00 INFO : Filtering template 54/96 segment 5/5
2026-09-06T23:45:59.784+01:00 INFO : 54: generating IMRPhenomD from 30.0 Hz
2026-09-06T23:45:59.787+01:00 INFO : Decompressing waveform using inline_linear
2026-09-06T23:45:59.792+01:00 INFO : Filtering template 55/96 segment 1/5
2026-09-06T23:45:59.843+01:00 INFO : Filtering template 55/96 segment 2/5
2026-09-06T23:45:59.883+01:00 INFO : 1 points above threshold
2026-09-06T23:45:59.902+01:00 INFO : Filtering template 55/96 segment 3/5
2026-09-06T23:45:59.943+01:00 INFO : 3 points above threshold
2026-09-06T23:45:59.953+01:00 INFO : Filtering template 55/96 segment 4/5
2026-09-06T23:45:59.993+01:00 INFO : 1 points above threshold
2026-09-06T23:45:59.999+01:00 INFO : Filtering template 55/96 segment 5/5
2026-09-06T23:46:00.039+01:00 INFO : 1 points above threshold
2026-09-06T23:46:00.046+01:00 INFO : 55: generating IMRPhenomD from 30.0 Hz
2026-09-06T23:46:00.048+01:00 INFO : Decompressing waveform using inline_linear
2026-09-06T23:46:00.053+01:00 INFO : Filtering template 56/96 segment 1/5
2026-09-06T23:46:00.104+01:00 INFO : 1 points above threshold
2026-09-06T23:46:00.122+01:00 INFO : Filtering template 56/96 segment 2/5
2026-09-06T23:46:00.163+01:00 INFO : 1 points above threshold
2026-09-06T23:46:00.169+01:00 INFO : Filtering template 56/96 segment 3/5
2026-09-06T23:46:00.209+01:00 INFO : 3 points above threshold
2026-09-06T23:46:00.219+01:00 INFO : Filtering template 56/96 segment 4/5
2026-09-06T23:46:00.260+01:00 INFO : Filtering template 56/96 segment 5/5
2026-09-06T23:46:00.300+01:00 INFO : 1 points above threshold
2026-09-06T23:46:00.307+01:00 INFO : 56: generating IMRPhenomD from 30.0 Hz
2026-09-06T23:46:00.309+01:00 INFO : Decompressing waveform using inline_linear
2026-09-06T23:46:00.314+01:00 INFO : Filtering template 57/96 segment 1/5
2026-09-06T23:46:00.365+01:00 INFO : 1 points above threshold
2026-09-06T23:46:00.383+01:00 INFO : Filtering template 57/96 segment 2/5
2026-09-06T23:46:00.424+01:00 INFO : 2 points above threshold
2026-09-06T23:46:00.431+01:00 INFO : Filtering template 57/96 segment 3/5
2026-09-06T23:46:00.472+01:00 INFO : 2 points above threshold
2026-09-06T23:46:00.480+01:00 INFO : Filtering template 57/96 segment 4/5
2026-09-06T23:46:00.520+01:00 INFO : 2 points above threshold
2026-09-06T23:46:00.528+01:00 INFO : Filtering template 57/96 segment 5/5
2026-09-06T23:46:00.569+01:00 INFO : 57: generating IMRPhenomD from 30.0 Hz
2026-09-06T23:46:00.572+01:00 INFO : Decompressing waveform using inline_linear
2026-09-06T23:46:00.577+01:00 INFO : Filtering template 58/96 segment 1/5
2026-09-06T23:46:00.627+01:00 INFO : 1 points above threshold
2026-09-06T23:46:00.645+01:00 INFO : Filtering template 58/96 segment 2/5
2026-09-06T23:46:00.686+01:00 INFO : 2 points above threshold
2026-09-06T23:46:00.694+01:00 INFO : Filtering template 58/96 segment 3/5
2026-09-06T23:46:00.734+01:00 INFO : 1 points above threshold
2026-09-06T23:46:00.740+01:00 INFO : Filtering template 58/96 segment 4/5
2026-09-06T23:46:00.781+01:00 INFO : 1 points above threshold
2026-09-06T23:46:00.787+01:00 INFO : Filtering template 58/96 segment 5/5
2026-09-06T23:46:00.827+01:00 INFO : 2 points above threshold
2026-09-06T23:46:00.836+01:00 INFO : 58: generating IMRPhenomD from 30.0 Hz
2026-09-06T23:46:00.838+01:00 INFO : Decompressing waveform using inline_linear
2026-09-06T23:46:00.843+01:00 INFO : Filtering template 59/96 segment 1/5
2026-09-06T23:46:00.894+01:00 INFO : 1 points above threshold
2026-09-06T23:46:00.912+01:00 INFO : Filtering template 59/96 segment 2/5
2026-09-06T23:46:00.953+01:00 INFO : 2 points above threshold
2026-09-06T23:46:00.961+01:00 INFO : Filtering template 59/96 segment 3/5
2026-09-06T23:46:01.001+01:00 INFO : 2 points above threshold
2026-09-06T23:46:01.009+01:00 INFO : Filtering template 59/96 segment 4/5
2026-09-06T23:46:01.050+01:00 INFO : 1 points above threshold
2026-09-06T23:46:01.056+01:00 INFO : Filtering template 59/96 segment 5/5
2026-09-06T23:46:01.096+01:00 INFO : 59: generating IMRPhenomD from 30.0 Hz
2026-09-06T23:46:01.099+01:00 INFO : Decompressing waveform using inline_linear
2026-09-06T23:46:01.104+01:00 INFO : Filtering template 60/96 segment 1/5
2026-09-06T23:46:01.154+01:00 INFO : Filtering template 60/96 segment 2/5
2026-09-06T23:46:01.195+01:00 INFO : Filtering template 60/96 segment 3/5
2026-09-06T23:46:01.236+01:00 INFO : 1 points above threshold
2026-09-06T23:46:01.254+01:00 INFO : Filtering template 60/96 segment 4/5
2026-09-06T23:46:01.295+01:00 INFO : 2 points above threshold
2026-09-06T23:46:01.303+01:00 INFO : Filtering template 60/96 segment 5/5
2026-09-06T23:46:01.343+01:00 INFO : 60: generating IMRPhenomD from 30.0 Hz
2026-09-06T23:46:01.346+01:00 INFO : Decompressing waveform using inline_linear
2026-09-06T23:46:01.351+01:00 INFO : Filtering template 61/96 segment 1/5
2026-09-06T23:46:01.402+01:00 INFO : Filtering template 61/96 segment 2/5
2026-09-06T23:46:01.442+01:00 INFO : 2 points above threshold
2026-09-06T23:46:01.463+01:00 INFO : Filtering template 61/96 segment 3/5
2026-09-06T23:46:01.503+01:00 INFO : 1 points above threshold
2026-09-06T23:46:01.509+01:00 INFO : Filtering template 61/96 segment 4/5
2026-09-06T23:46:01.550+01:00 INFO : 1 points above threshold
2026-09-06T23:46:01.556+01:00 INFO : Filtering template 61/96 segment 5/5
2026-09-06T23:46:01.597+01:00 INFO : 61: generating IMRPhenomD from 30.0 Hz
2026-09-06T23:46:01.599+01:00 INFO : Decompressing waveform using inline_linear
2026-09-06T23:46:01.604+01:00 INFO : Filtering template 62/96 segment 1/5
2026-09-06T23:46:01.655+01:00 INFO : 2 points above threshold
2026-09-06T23:46:01.676+01:00 INFO : Filtering template 62/96 segment 2/5
2026-09-06T23:46:01.716+01:00 INFO : Filtering template 62/96 segment 3/5
2026-09-06T23:46:01.757+01:00 INFO : Filtering template 62/96 segment 4/5
2026-09-06T23:46:01.797+01:00 INFO : 5 points above threshold
2026-09-06T23:46:01.810+01:00 INFO : Filtering template 62/96 segment 5/5
2026-09-06T23:46:01.851+01:00 INFO : 62: generating IMRPhenomD from 30.0 Hz
2026-09-06T23:46:01.853+01:00 INFO : Decompressing waveform using inline_linear
2026-09-06T23:46:01.858+01:00 INFO : Filtering template 63/96 segment 1/5
2026-09-06T23:46:01.909+01:00 INFO : Filtering template 63/96 segment 2/5
2026-09-06T23:46:01.949+01:00 INFO : 1 points above threshold
2026-09-06T23:46:01.968+01:00 INFO : Filtering template 63/96 segment 3/5
2026-09-06T23:46:02.009+01:00 INFO : 2 points above threshold
2026-09-06T23:46:02.017+01:00 INFO : Filtering template 63/96 segment 4/5
2026-09-06T23:46:02.058+01:00 INFO : 1 points above threshold
2026-09-06T23:46:02.064+01:00 INFO : Filtering template 63/96 segment 5/5
2026-09-06T23:46:02.104+01:00 INFO : 1 points above threshold
2026-09-06T23:46:02.111+01:00 INFO : 63: generating IMRPhenomD from 30.0 Hz
2026-09-06T23:46:02.113+01:00 INFO : Decompressing waveform using inline_linear
2026-09-06T23:46:02.118+01:00 INFO : Filtering template 64/96 segment 1/5
2026-09-06T23:46:02.169+01:00 INFO : 2 points above threshold
2026-09-06T23:46:02.189+01:00 INFO : Filtering template 64/96 segment 2/5
2026-09-06T23:46:02.229+01:00 INFO : 1 points above threshold
2026-09-06T23:46:02.235+01:00 INFO : Filtering template 64/96 segment 3/5
2026-09-06T23:46:02.276+01:00 INFO : Filtering template 64/96 segment 4/5
2026-09-06T23:46:02.316+01:00 INFO : Filtering template 64/96 segment 5/5
2026-09-06T23:46:02.357+01:00 INFO : 64: generating IMRPhenomD from 30.0 Hz
2026-09-06T23:46:02.360+01:00 INFO : Decompressing waveform using inline_linear
2026-09-06T23:46:02.365+01:00 INFO : Filtering template 65/96 segment 1/5
2026-09-06T23:46:02.415+01:00 INFO : 2 points above threshold
2026-09-06T23:46:02.436+01:00 INFO : Filtering template 65/96 segment 2/5
2026-09-06T23:46:02.476+01:00 INFO : 2 points above threshold
2026-09-06T23:46:02.484+01:00 INFO : Filtering template 65/96 segment 3/5
2026-09-06T23:46:02.524+01:00 INFO : 1 points above threshold
2026-09-06T23:46:02.530+01:00 INFO : Filtering template 65/96 segment 4/5
2026-09-06T23:46:02.571+01:00 INFO : 2 points above threshold
2026-09-06T23:46:02.579+01:00 INFO : Filtering template 65/96 segment 5/5
2026-09-06T23:46:02.620+01:00 INFO : 65: generating IMRPhenomD from 30.0 Hz
2026-09-06T23:46:02.622+01:00 INFO : Decompressing waveform using inline_linear
2026-09-06T23:46:02.627+01:00 INFO : Filtering template 66/96 segment 1/5
2026-09-06T23:46:02.678+01:00 INFO : 1 points above threshold
2026-09-06T23:46:02.696+01:00 INFO : Filtering template 66/96 segment 2/5
2026-09-06T23:46:02.737+01:00 INFO : 1 points above threshold
2026-09-06T23:46:02.743+01:00 INFO : Filtering template 66/96 segment 3/5
2026-09-06T23:46:02.783+01:00 INFO : 2 points above threshold
2026-09-06T23:46:02.791+01:00 INFO : Filtering template 66/96 segment 4/5
2026-09-06T23:46:02.832+01:00 INFO : 1 points above threshold
2026-09-06T23:46:02.838+01:00 INFO : Filtering template 66/96 segment 5/5
2026-09-06T23:46:02.878+01:00 INFO : 66: generating IMRPhenomD from 30.0 Hz
2026-09-06T23:46:02.881+01:00 INFO : Decompressing waveform using inline_linear
2026-09-06T23:46:02.886+01:00 INFO : Filtering template 67/96 segment 1/5
2026-09-06T23:46:02.937+01:00 INFO : 3 points above threshold
2026-09-06T23:46:02.959+01:00 INFO : Filtering template 67/96 segment 2/5
2026-09-06T23:46:03.000+01:00 INFO : Filtering template 67/96 segment 3/5
2026-09-06T23:46:03.040+01:00 INFO : 1 points above threshold
2026-09-06T23:46:03.046+01:00 INFO : Filtering template 67/96 segment 4/5
2026-09-06T23:46:03.087+01:00 INFO : Filtering template 67/96 segment 5/5
2026-09-06T23:46:03.128+01:00 INFO : 67: generating IMRPhenomD from 30.0 Hz
2026-09-06T23:46:03.130+01:00 INFO : Decompressing waveform using inline_linear
2026-09-06T23:46:03.135+01:00 INFO : Filtering template 68/96 segment 1/5
2026-09-06T23:46:03.186+01:00 INFO : 1 points above threshold
2026-09-06T23:46:03.204+01:00 INFO : Filtering template 68/96 segment 2/5
2026-09-06T23:46:03.245+01:00 INFO : 1 points above threshold
2026-09-06T23:46:03.251+01:00 INFO : Filtering template 68/96 segment 3/5
2026-09-06T23:46:03.291+01:00 INFO : 1 points above threshold
2026-09-06T23:46:03.297+01:00 INFO : Filtering template 68/96 segment 4/5
2026-09-06T23:46:03.337+01:00 INFO : 1 points above threshold
2026-09-06T23:46:03.343+01:00 INFO : Filtering template 68/96 segment 5/5
2026-09-06T23:46:03.384+01:00 INFO : 1 points above threshold
2026-09-06T23:46:03.390+01:00 INFO : 68: generating IMRPhenomD from 30.0 Hz
2026-09-06T23:46:03.392+01:00 INFO : Decompressing waveform using inline_linear
2026-09-06T23:46:03.397+01:00 INFO : Filtering template 69/96 segment 1/5
2026-09-06T23:46:03.448+01:00 INFO : Filtering template 69/96 segment 2/5
2026-09-06T23:46:03.489+01:00 INFO : Filtering template 69/96 segment 3/5
2026-09-06T23:46:03.529+01:00 INFO : 1 points above threshold
2026-09-06T23:46:03.548+01:00 INFO : Filtering template 69/96 segment 4/5
2026-09-06T23:46:03.588+01:00 INFO : 2 points above threshold
2026-09-06T23:46:03.596+01:00 INFO : Filtering template 69/96 segment 5/5
2026-09-06T23:46:03.637+01:00 INFO : 69: generating IMRPhenomD from 30.0 Hz
2026-09-06T23:46:03.640+01:00 INFO : Decompressing waveform using inline_linear
2026-09-06T23:46:03.644+01:00 INFO : Filtering template 70/96 segment 1/5
2026-09-06T23:46:03.695+01:00 INFO : 2 points above threshold
2026-09-06T23:46:03.715+01:00 INFO : Filtering template 70/96 segment 2/5
2026-09-06T23:46:03.756+01:00 INFO : 2 points above threshold
2026-09-06T23:46:03.764+01:00 INFO : Filtering template 70/96 segment 3/5
2026-09-06T23:46:03.804+01:00 INFO : Filtering template 70/96 segment 4/5
2026-09-06T23:46:03.845+01:00 INFO : 2 points above threshold
2026-09-06T23:46:03.852+01:00 INFO : Filtering template 70/96 segment 5/5
2026-09-06T23:46:03.893+01:00 INFO : 2 points above threshold
2026-09-06T23:46:03.901+01:00 INFO : 70: generating IMRPhenomD from 30.0 Hz
2026-09-06T23:46:03.904+01:00 INFO : Decompressing waveform using inline_linear
2026-09-06T23:46:03.909+01:00 INFO : Filtering template 71/96 segment 1/5
2026-09-06T23:46:03.959+01:00 INFO : Filtering template 71/96 segment 2/5
2026-09-06T23:46:04.000+01:00 INFO : 1 points above threshold
2026-09-06T23:46:04.019+01:00 INFO : Filtering template 71/96 segment 3/5
2026-09-06T23:46:04.059+01:00 INFO : 1 points above threshold
2026-09-06T23:46:04.065+01:00 INFO : Filtering template 71/96 segment 4/5
2026-09-06T23:46:04.106+01:00 INFO : 3 points above threshold
2026-09-06T23:46:04.116+01:00 INFO : Filtering template 71/96 segment 5/5
2026-09-06T23:46:04.157+01:00 INFO : 71: generating IMRPhenomD from 30.0 Hz
2026-09-06T23:46:04.159+01:00 INFO : Decompressing waveform using inline_linear
2026-09-06T23:46:04.164+01:00 INFO : Filtering template 72/96 segment 1/5
2026-09-06T23:46:04.215+01:00 INFO : 2 points above threshold
2026-09-06T23:46:04.235+01:00 INFO : Filtering template 72/96 segment 2/5
2026-09-06T23:46:04.276+01:00 INFO : 1 points above threshold
2026-09-06T23:46:04.282+01:00 INFO : Filtering template 72/96 segment 3/5
2026-09-06T23:46:04.322+01:00 INFO : 1 points above threshold
2026-09-06T23:46:04.328+01:00 INFO : Filtering template 72/96 segment 4/5
2026-09-06T23:46:04.369+01:00 INFO : 3 points above threshold
2026-09-06T23:46:04.379+01:00 INFO : Filtering template 72/96 segment 5/5
2026-09-06T23:46:04.419+01:00 INFO : 3 points above threshold
2026-09-06T23:46:04.430+01:00 INFO : 72: generating IMRPhenomD from 30.0 Hz
2026-09-06T23:46:04.432+01:00 INFO : Decompressing waveform using inline_linear
2026-09-06T23:46:04.437+01:00 INFO : Filtering template 73/96 segment 1/5
2026-09-06T23:46:04.488+01:00 INFO : 1 points above threshold
2026-09-06T23:46:04.506+01:00 INFO : Filtering template 73/96 segment 2/5
2026-09-06T23:46:04.547+01:00 INFO : 1 points above threshold
2026-09-06T23:46:04.553+01:00 INFO : Filtering template 73/96 segment 3/5
2026-09-06T23:46:04.593+01:00 INFO : 1 points above threshold
2026-09-06T23:46:04.599+01:00 INFO : Filtering template 73/96 segment 4/5
2026-09-06T23:46:04.640+01:00 INFO : Filtering template 73/96 segment 5/5
2026-09-06T23:46:04.680+01:00 INFO : 1 points above threshold
2026-09-06T23:46:04.687+01:00 INFO : 73: generating IMRPhenomD from 30.0 Hz
2026-09-06T23:46:04.689+01:00 INFO : Decompressing waveform using inline_linear
2026-09-06T23:46:04.694+01:00 INFO : Filtering template 74/96 segment 1/5
2026-09-06T23:46:04.745+01:00 INFO : 3 points above threshold
2026-09-06T23:46:04.768+01:00 INFO : Filtering template 74/96 segment 2/5
2026-09-06T23:46:04.809+01:00 INFO : 3 points above threshold
2026-09-06T23:46:04.819+01:00 INFO : Filtering template 74/96 segment 3/5
2026-09-06T23:46:04.860+01:00 INFO : Filtering template 74/96 segment 4/5
2026-09-06T23:46:04.901+01:00 INFO : 1 points above threshold
2026-09-06T23:46:04.907+01:00 INFO : Filtering template 74/96 segment 5/5
2026-09-06T23:46:04.947+01:00 INFO : 74: generating IMRPhenomD from 30.0 Hz
2026-09-06T23:46:04.950+01:00 INFO : Decompressing waveform using inline_linear
2026-09-06T23:46:04.955+01:00 INFO : Filtering template 75/96 segment 1/5
2026-09-06T23:46:05.005+01:00 INFO : Filtering template 75/96 segment 2/5
2026-09-06T23:46:05.046+01:00 INFO : 1 points above threshold
2026-09-06T23:46:05.064+01:00 INFO : Filtering template 75/96 segment 3/5
2026-09-06T23:46:05.105+01:00 INFO : 2 points above threshold
2026-09-06T23:46:05.113+01:00 INFO : Filtering template 75/96 segment 4/5
2026-09-06T23:46:05.154+01:00 INFO : Filtering template 75/96 segment 5/5
2026-09-06T23:46:05.195+01:00 INFO : 2 points above threshold
2026-09-06T23:46:05.203+01:00 INFO : 75: generating IMRPhenomD from 30.0 Hz
2026-09-06T23:46:05.205+01:00 INFO : Decompressing waveform using inline_linear
2026-09-06T23:46:05.210+01:00 INFO : Filtering template 76/96 segment 1/5
2026-09-06T23:46:05.261+01:00 INFO : 1 points above threshold
2026-09-06T23:46:05.279+01:00 INFO : Filtering template 76/96 segment 2/5
2026-09-06T23:46:05.320+01:00 INFO : Filtering template 76/96 segment 3/5
2026-09-06T23:46:05.360+01:00 INFO : 1 points above threshold
2026-09-06T23:46:05.366+01:00 INFO : Filtering template 76/96 segment 4/5
2026-09-06T23:46:05.407+01:00 INFO : Filtering template 76/96 segment 5/5
2026-09-06T23:46:05.448+01:00 INFO : 2 points above threshold
2026-09-06T23:46:05.456+01:00 INFO : 76: generating IMRPhenomD from 30.0 Hz
2026-09-06T23:46:05.458+01:00 INFO : Decompressing waveform using inline_linear
2026-09-06T23:46:05.463+01:00 INFO : Filtering template 77/96 segment 1/5
2026-09-06T23:46:05.514+01:00 INFO : Filtering template 77/96 segment 2/5
2026-09-06T23:46:05.554+01:00 INFO : 1 points above threshold
2026-09-06T23:46:05.573+01:00 INFO : Filtering template 77/96 segment 3/5
2026-09-06T23:46:05.613+01:00 INFO : Filtering template 77/96 segment 4/5
2026-09-06T23:46:05.654+01:00 INFO : 1 points above threshold
2026-09-06T23:46:05.660+01:00 INFO : Filtering template 77/96 segment 5/5
2026-09-06T23:46:05.701+01:00 INFO : 77: generating IMRPhenomD from 30.0 Hz
2026-09-06T23:46:05.703+01:00 INFO : Decompressing waveform using inline_linear
2026-09-06T23:46:05.708+01:00 INFO : Filtering template 78/96 segment 1/5
2026-09-06T23:46:05.759+01:00 INFO : Filtering template 78/96 segment 2/5
2026-09-06T23:46:05.800+01:00 INFO : Filtering template 78/96 segment 3/5
2026-09-06T23:46:05.841+01:00 INFO : Filtering template 78/96 segment 4/5
2026-09-06T23:46:05.881+01:00 INFO : 1 points above threshold
2026-09-06T23:46:05.900+01:00 INFO : Filtering template 78/96 segment 5/5
2026-09-06T23:46:05.941+01:00 INFO : 78: generating IMRPhenomD from 30.0 Hz
2026-09-06T23:46:05.943+01:00 INFO : Decompressing waveform using inline_linear
2026-09-06T23:46:05.948+01:00 INFO : Filtering template 79/96 segment 1/5
2026-09-06T23:46:05.999+01:00 INFO : 2 points above threshold
2026-09-06T23:46:06.019+01:00 INFO : Filtering template 79/96 segment 2/5
2026-09-06T23:46:06.060+01:00 INFO : Filtering template 79/96 segment 3/5
2026-09-06T23:46:06.100+01:00 INFO : 1 points above threshold
2026-09-06T23:46:06.106+01:00 INFO : Filtering template 79/96 segment 4/5
2026-09-06T23:46:06.147+01:00 INFO : 1 points above threshold
2026-09-06T23:46:06.153+01:00 INFO : Filtering template 79/96 segment 5/5
2026-09-06T23:46:06.193+01:00 INFO : 3 points above threshold
2026-09-06T23:46:06.203+01:00 INFO : 79: generating IMRPhenomD from 30.0 Hz
2026-09-06T23:46:06.206+01:00 INFO : Decompressing waveform using inline_linear
2026-09-06T23:46:06.211+01:00 INFO : Filtering template 80/96 segment 1/5
2026-09-06T23:46:06.261+01:00 INFO : 2 points above threshold
2026-09-06T23:46:06.282+01:00 INFO : Filtering template 80/96 segment 2/5
2026-09-06T23:46:06.322+01:00 INFO : 1 points above threshold
2026-09-06T23:46:06.328+01:00 INFO : Filtering template 80/96 segment 3/5
2026-09-06T23:46:06.369+01:00 INFO : 1 points above threshold
2026-09-06T23:46:06.375+01:00 INFO : Filtering template 80/96 segment 4/5
2026-09-06T23:46:06.415+01:00 INFO : Filtering template 80/96 segment 5/5
2026-09-06T23:46:06.456+01:00 INFO : 1 points above threshold
2026-09-06T23:46:06.462+01:00 INFO : 80: generating IMRPhenomD from 30.0 Hz
2026-09-06T23:46:06.464+01:00 INFO : Decompressing waveform using inline_linear
2026-09-06T23:46:06.469+01:00 INFO : Filtering template 81/96 segment 1/5
2026-09-06T23:46:06.520+01:00 INFO : 1 points above threshold
2026-09-06T23:46:06.541+01:00 INFO : Filtering template 81/96 segment 2/5
2026-09-06T23:46:06.582+01:00 INFO : 2 points above threshold
2026-09-06T23:46:06.589+01:00 INFO : Filtering template 81/96 segment 3/5
2026-09-06T23:46:06.630+01:00 INFO : 1 points above threshold
2026-09-06T23:46:06.636+01:00 INFO : Filtering template 81/96 segment 4/5
2026-09-06T23:46:06.676+01:00 INFO : Filtering template 81/96 segment 5/5
2026-09-06T23:46:06.717+01:00 INFO : 1 points above threshold
2026-09-06T23:46:06.723+01:00 INFO : 81: generating IMRPhenomD from 30.0 Hz
2026-09-06T23:46:06.726+01:00 INFO : Decompressing waveform using inline_linear
2026-09-06T23:46:06.730+01:00 INFO : Filtering template 82/96 segment 1/5
2026-09-06T23:46:06.781+01:00 INFO : Filtering template 82/96 segment 2/5
2026-09-06T23:46:06.821+01:00 INFO : 2 points above threshold
2026-09-06T23:46:06.845+01:00 INFO : Filtering template 82/96 segment 3/5
2026-09-06T23:46:06.885+01:00 INFO : 1 points above threshold
2026-09-06T23:46:06.891+01:00 INFO : Filtering template 82/96 segment 4/5
2026-09-06T23:46:06.932+01:00 INFO : Filtering template 82/96 segment 5/5
2026-09-06T23:46:06.973+01:00 INFO : 82: generating IMRPhenomD from 30.0 Hz
2026-09-06T23:46:06.975+01:00 INFO : Decompressing waveform using inline_linear
2026-09-06T23:46:06.980+01:00 INFO : Filtering template 83/96 segment 1/5
2026-09-06T23:46:07.031+01:00 INFO : 1 points above threshold
2026-09-06T23:46:07.052+01:00 INFO : Filtering template 83/96 segment 2/5
2026-09-06T23:46:07.092+01:00 INFO : 2 points above threshold
2026-09-06T23:46:07.100+01:00 INFO : Filtering template 83/96 segment 3/5
2026-09-06T23:46:07.141+01:00 INFO : 2 points above threshold
2026-09-06T23:46:07.148+01:00 INFO : Filtering template 83/96 segment 4/5
2026-09-06T23:46:07.189+01:00 INFO : 3 points above threshold
2026-09-06T23:46:07.199+01:00 INFO : Filtering template 83/96 segment 5/5
2026-09-06T23:46:07.239+01:00 INFO : 3 points above threshold
2026-09-06T23:46:07.250+01:00 INFO : 83: generating IMRPhenomD from 30.0 Hz
2026-09-06T23:46:07.252+01:00 INFO : Decompressing waveform using inline_linear
2026-09-06T23:46:07.257+01:00 INFO : Filtering template 84/96 segment 1/5
2026-09-06T23:46:07.308+01:00 INFO : Filtering template 84/96 segment 2/5
2026-09-06T23:46:07.349+01:00 INFO : Filtering template 84/96 segment 3/5
2026-09-06T23:46:07.389+01:00 INFO : 1 points above threshold
2026-09-06T23:46:07.408+01:00 INFO : Filtering template 84/96 segment 4/5
2026-09-06T23:46:07.448+01:00 INFO : 3 points above threshold
2026-09-06T23:46:07.458+01:00 INFO : Filtering template 84/96 segment 5/5
2026-09-06T23:46:07.499+01:00 INFO : 84: generating IMRPhenomD from 30.0 Hz
2026-09-06T23:46:07.502+01:00 INFO : Decompressing waveform using inline_linear
2026-09-06T23:46:07.506+01:00 INFO : Filtering template 85/96 segment 1/5
2026-09-06T23:46:07.557+01:00 INFO : 1 points above threshold
2026-09-06T23:46:07.576+01:00 INFO : Filtering template 85/96 segment 2/5
2026-09-06T23:46:07.616+01:00 INFO : 2 points above threshold
2026-09-06T23:46:07.624+01:00 INFO : Filtering template 85/96 segment 3/5
2026-09-06T23:46:07.664+01:00 INFO : 1 points above threshold
2026-09-06T23:46:07.670+01:00 INFO : Filtering template 85/96 segment 4/5
2026-09-06T23:46:07.711+01:00 INFO : 3 points above threshold
2026-09-06T23:46:07.721+01:00 INFO : Filtering template 85/96 segment 5/5
2026-09-06T23:46:07.761+01:00 INFO : 2 points above threshold
2026-09-06T23:46:07.769+01:00 INFO : 85: generating IMRPhenomD from 30.0 Hz
2026-09-06T23:46:07.772+01:00 INFO : Decompressing waveform using inline_linear
2026-09-06T23:46:07.777+01:00 INFO : Filtering template 86/96 segment 1/5
2026-09-06T23:46:07.827+01:00 INFO : 2 points above threshold
2026-09-06T23:46:07.848+01:00 INFO : Filtering template 86/96 segment 2/5
2026-09-06T23:46:07.889+01:00 INFO : 2 points above threshold
2026-09-06T23:46:07.896+01:00 INFO : Filtering template 86/96 segment 3/5
2026-09-06T23:46:07.937+01:00 INFO : 1 points above threshold
2026-09-06T23:46:07.943+01:00 INFO : Filtering template 86/96 segment 4/5
2026-09-06T23:46:07.984+01:00 INFO : 1 points above threshold
2026-09-06T23:46:07.990+01:00 INFO : Filtering template 86/96 segment 5/5
2026-09-06T23:46:08.030+01:00 INFO : 2 points above threshold
2026-09-06T23:46:08.038+01:00 INFO : 86: generating IMRPhenomD from 30.0 Hz
2026-09-06T23:46:08.041+01:00 INFO : Decompressing waveform using inline_linear
2026-09-06T23:46:08.045+01:00 INFO : Filtering template 87/96 segment 1/5
2026-09-06T23:46:08.096+01:00 INFO : 1 points above threshold
2026-09-06T23:46:08.115+01:00 INFO : Filtering template 87/96 segment 2/5
2026-09-06T23:46:08.155+01:00 INFO : 2 points above threshold
2026-09-06T23:46:08.163+01:00 INFO : Filtering template 87/96 segment 3/5
2026-09-06T23:46:08.203+01:00 INFO : 1 points above threshold
2026-09-06T23:46:08.212+01:00 INFO : Filtering template 87/96 segment 4/5
2026-09-06T23:46:08.252+01:00 INFO : 1 points above threshold
2026-09-06T23:46:08.258+01:00 INFO : Filtering template 87/96 segment 5/5
2026-09-06T23:46:08.299+01:00 INFO : 1 points above threshold
2026-09-06T23:46:08.305+01:00 INFO : 87: generating IMRPhenomD from 30.0 Hz
2026-09-06T23:46:08.307+01:00 INFO : Decompressing waveform using inline_linear
2026-09-06T23:46:08.312+01:00 INFO : Filtering template 88/96 segment 1/5
2026-09-06T23:46:08.363+01:00 INFO : 2 points above threshold
2026-09-06T23:46:08.383+01:00 INFO : Filtering template 88/96 segment 2/5
2026-09-06T23:46:08.424+01:00 INFO : 1 points above threshold
2026-09-06T23:46:08.430+01:00 INFO : Filtering template 88/96 segment 3/5
2026-09-06T23:46:08.470+01:00 INFO : Filtering template 88/96 segment 4/5
2026-09-06T23:46:08.511+01:00 INFO : Filtering template 88/96 segment 5/5
2026-09-06T23:46:08.552+01:00 INFO : 2 points above threshold
2026-09-06T23:46:08.560+01:00 INFO : 88: generating IMRPhenomD from 30.0 Hz
2026-09-06T23:46:08.562+01:00 INFO : Decompressing waveform using inline_linear
2026-09-06T23:46:08.567+01:00 INFO : Filtering template 89/96 segment 1/5
2026-09-06T23:46:08.617+01:00 INFO : 2 points above threshold
2026-09-06T23:46:08.638+01:00 INFO : Filtering template 89/96 segment 2/5
2026-09-06T23:46:08.678+01:00 INFO : 1 points above threshold
2026-09-06T23:46:08.685+01:00 INFO : Filtering template 89/96 segment 3/5
2026-09-06T23:46:08.725+01:00 INFO : 2 points above threshold
2026-09-06T23:46:08.733+01:00 INFO : Filtering template 89/96 segment 4/5
2026-09-06T23:46:08.773+01:00 INFO : Filtering template 89/96 segment 5/5
2026-09-06T23:46:08.814+01:00 INFO : 89: generating IMRPhenomD from 30.0 Hz
2026-09-06T23:46:08.817+01:00 INFO : Decompressing waveform using inline_linear
2026-09-06T23:46:08.822+01:00 INFO : Filtering template 90/96 segment 1/5
2026-09-06T23:46:08.872+01:00 INFO : Filtering template 90/96 segment 2/5
2026-09-06T23:46:08.913+01:00 INFO : 1 points above threshold
2026-09-06T23:46:08.932+01:00 INFO : Filtering template 90/96 segment 3/5
2026-09-06T23:46:08.972+01:00 INFO : 3 points above threshold
2026-09-06T23:46:08.982+01:00 INFO : Filtering template 90/96 segment 4/5
2026-09-06T23:46:09.023+01:00 INFO : Filtering template 90/96 segment 5/5
2026-09-06T23:46:09.063+01:00 INFO : 1 points above threshold
2026-09-06T23:46:09.069+01:00 INFO : 90: generating IMRPhenomD from 30.0 Hz
2026-09-06T23:46:09.072+01:00 INFO : Decompressing waveform using inline_linear
2026-09-06T23:46:09.077+01:00 INFO : Filtering template 91/96 segment 1/5
2026-09-06T23:46:09.127+01:00 INFO : Filtering template 91/96 segment 2/5
2026-09-06T23:46:09.168+01:00 INFO : 2 points above threshold
2026-09-06T23:46:09.188+01:00 INFO : Filtering template 91/96 segment 3/5
2026-09-06T23:46:09.229+01:00 INFO : 3 points above threshold
2026-09-06T23:46:09.239+01:00 INFO : Filtering template 91/96 segment 4/5
2026-09-06T23:46:09.279+01:00 INFO : Filtering template 91/96 segment 5/5
2026-09-06T23:46:09.320+01:00 INFO : 1 points above threshold
2026-09-06T23:46:09.326+01:00 INFO : 91: generating IMRPhenomD from 30.0 Hz
2026-09-06T23:46:09.328+01:00 INFO : Decompressing waveform using inline_linear
2026-09-06T23:46:09.333+01:00 INFO : Filtering template 92/96 segment 1/5
2026-09-06T23:46:09.384+01:00 INFO : 2 points above threshold
2026-09-06T23:46:09.404+01:00 INFO : Filtering template 92/96 segment 2/5
2026-09-06T23:46:09.445+01:00 INFO : 1 points above threshold
2026-09-06T23:46:09.451+01:00 INFO : Filtering template 92/96 segment 3/5
2026-09-06T23:46:09.491+01:00 INFO : 2 points above threshold
2026-09-06T23:46:09.499+01:00 INFO : Filtering template 92/96 segment 4/5
2026-09-06T23:46:09.540+01:00 INFO : 1 points above threshold
2026-09-06T23:46:09.546+01:00 INFO : Filtering template 92/96 segment 5/5
2026-09-06T23:46:09.586+01:00 INFO : 1 points above threshold
2026-09-06T23:46:09.592+01:00 INFO : 92: generating IMRPhenomD from 30.0 Hz
2026-09-06T23:46:09.595+01:00 INFO : Decompressing waveform using inline_linear
2026-09-06T23:46:09.600+01:00 INFO : Filtering template 93/96 segment 1/5
2026-09-06T23:46:09.650+01:00 INFO : Filtering template 93/96 segment 2/5
2026-09-06T23:46:09.691+01:00 INFO : 3 points above threshold
2026-09-06T23:46:09.713+01:00 INFO : Filtering template 93/96 segment 3/5
2026-09-06T23:46:09.754+01:00 INFO : 3 points above threshold
2026-09-06T23:46:09.764+01:00 INFO : Filtering template 93/96 segment 4/5
2026-09-06T23:46:09.804+01:00 INFO : 1 points above threshold
2026-09-06T23:46:09.810+01:00 INFO : Filtering template 93/96 segment 5/5
2026-09-06T23:46:09.851+01:00 INFO : 1 points above threshold
2026-09-06T23:46:09.858+01:00 INFO : 93: generating IMRPhenomD from 30.0 Hz
2026-09-06T23:46:09.860+01:00 INFO : Decompressing waveform using inline_linear
2026-09-06T23:46:09.865+01:00 INFO : Filtering template 94/96 segment 1/5
2026-09-06T23:46:09.921+01:00 INFO : 1 points above threshold
2026-09-06T23:46:09.941+01:00 INFO : Filtering template 94/96 segment 2/5
2026-09-06T23:46:09.982+01:00 INFO : 2 points above threshold
2026-09-06T23:46:09.990+01:00 INFO : Filtering template 94/96 segment 3/5
2026-09-06T23:46:10.030+01:00 INFO : 4 points above threshold
2026-09-06T23:46:10.040+01:00 INFO : Filtering template 94/96 segment 4/5
2026-09-06T23:46:10.080+01:00 INFO : Filtering template 94/96 segment 5/5
2026-09-06T23:46:10.121+01:00 INFO : 2 points above threshold
2026-09-06T23:46:10.129+01:00 INFO : 94: generating IMRPhenomD from 30.0 Hz
2026-09-06T23:46:10.131+01:00 INFO : Decompressing waveform using inline_linear
2026-09-06T23:46:10.136+01:00 INFO : Filtering template 95/96 segment 1/5
2026-09-06T23:46:10.187+01:00 INFO : 3 points above threshold
2026-09-06T23:46:10.212+01:00 INFO : Filtering template 95/96 segment 2/5
2026-09-06T23:46:10.253+01:00 INFO : 2 points above threshold
2026-09-06T23:46:10.260+01:00 INFO : Filtering template 95/96 segment 3/5
2026-09-06T23:46:10.301+01:00 INFO : 2 points above threshold
2026-09-06T23:46:10.309+01:00 INFO : Filtering template 95/96 segment 4/5
2026-09-06T23:46:10.349+01:00 INFO : 1 points above threshold
2026-09-06T23:46:10.355+01:00 INFO : Filtering template 95/96 segment 5/5
2026-09-06T23:46:10.396+01:00 INFO : 95: generating IMRPhenomD from 30.0 Hz
2026-09-06T23:46:10.398+01:00 INFO : Decompressing waveform using inline_linear
2026-09-06T23:46:10.403+01:00 INFO : Filtering template 96/96 segment 1/5
2026-09-06T23:46:10.454+01:00 INFO : 2 points above threshold
2026-09-06T23:46:10.477+01:00 INFO : Filtering template 96/96 segment 2/5
2026-09-06T23:46:10.518+01:00 INFO : Filtering template 96/96 segment 3/5
2026-09-06T23:46:10.559+01:00 INFO : Filtering template 96/96 segment 4/5
2026-09-06T23:46:10.599+01:00 INFO : 1 points above threshold
2026-09-06T23:46:10.605+01:00 INFO : Filtering template 96/96 segment 5/5
2026-09-06T23:46:10.646+01:00 INFO : We currently have 527 triggers
2026-09-06T23:46:10.646+01:00 INFO : Removing triggers with NewSNR below threshold
2026-09-06T23:46:10.646+01:00 INFO : 475 remaining triggers
2026-09-06T23:46:10.646+01:00 INFO : Outputting 475 triggers
2026-09-06T23:46:10.646+01:00 INFO : Writing out triggers
2026-09-06T23:46:10.657+01:00 INFO : Finished
