Running Sphinx v9.1.0
loading translations [en]... done
making output directory... done
building [mo]: all of 0 po files
writing output... 
building [html]: all source files
updating environment: [new config] 14 added, 0 changed, 0 removed
reading sources... [  7%] index
reading sources... [ 14%] install
reading sources... [ 21%] torch
reading sources... [ 29%] torch_benchmark_details
reading sources... [ 36%] torch_filtering
reading sources... [ 43%] torch_inspiral_reference
reading sources... [ 50%] torch_optimizations
reading sources... [ 57%] torch_parity
reading sources... [ 64%] torch_performance
reading sources... [ 71%] torch_runtime
reading sources... [ 79%] torch_search
reading sources... [ 86%] torch_testing
reading sources... [ 93%] torch_workflows
reading sources... [100%] waveform

looking for now-outdated files... none found
pickling environment... done
checking consistency... done
preparing documents... done
copying assets... 
copying downloadable files... [100%] images/torch/manifest.json

copying static files... 
Writing evaluated template result to /Users/xangma/repos/pycbc/artifacts/torch-doc-image-cleanup-20260906/docs-maintainer-validation/html/_static/basic.css
Writing evaluated template result to /Users/xangma/repos/pycbc/artifacts/torch-doc-image-cleanup-20260906/docs-maintainer-validation/html/_static/language_data.js
Writing evaluated template result to /Users/xangma/repos/pycbc/artifacts/torch-doc-image-cleanup-20260906/docs-maintainer-validation/html/_static/documentation_options.js
Writing evaluated template result to /Users/xangma/repos/pycbc/artifacts/torch-doc-image-cleanup-20260906/docs-maintainer-validation/html/_static/alabaster.css
copying static files: done
copying extra files... 
copying extra files: done
copying assets: done
writing output... [  7%] index
writing output... [ 14%] install
writing output... [ 21%] torch
writing output... [ 29%] torch_benchmark_details
writing output... [ 36%] torch_filtering
writing output... [ 43%] torch_inspiral_reference
writing output... [ 50%] torch_optimizations
writing output... [ 57%] torch_parity
writing output... [ 64%] torch_performance
writing output... [ 71%] torch_runtime
writing output... [ 79%] torch_search
writing output... [ 86%] torch_testing
writing output... [ 93%] torch_workflows
writing output... [100%] waveform

generating indices... genindex done
writing additional pages... search done
copying images... [100%] images/torch/original-vs-torch.png

dumping search index in English (code: en)... done
dumping object inventory... done
build succeeded.

The HTML pages are in artifacts/torch-doc-image-cleanup-20260906/docs-maintainer-validation/html.
