2026-09-06T21:25:08.534+01:00 INFO : Running with CPU support: 1 threads
2026-09-06T21:25:08.534+01:00 INFO : Reading Frames
2026-09-06T21:25:15.233+01:00 INFO : Highpass Filtering
2026-09-06T21:25:15.689+01:00 INFO : Resampling data
2026-09-06T21:25:15.701+01:00 INFO : Converting to float32
/home/xangma/pycbc-torch-inspiral-reference-20260906/source-v6/pycbc/types/array.py:872: RuntimeWarning: divide by zero encountered in divide
  return self._data.__rtruediv__(other)
2026-09-06T21:25:20.945+01:00 INFO : Highpass Filtering
2026-09-06T21:25:21.389+01:00 INFO : Remove Padding
2026-09-06T21:25:21.414+01:00 INFO : Making frequency-domain data segments
2026-09-06T21:25:23.958+01:00 INFO : Overwhitening frequency-domain data segments
2026-09-06T21:25:23.979+01:00 INFO : Read in template bank
2026-09-06T21:25:24.009+01:00 INFO : Full template bank size: 96
2026-09-06T21:25:24.009+01:00 INFO : Template bank size after thinning: 96
2026-09-06T21:25:24.009+01:00 INFO : 0: generating IMRPhenomD from 30.0 Hz
2026-09-06T21:25:24.013+01:00 INFO : Decompressing waveform using inline_linear
2026-09-06T21:25:24.019+01:00 INFO : Filtering template 1/96 segment 1/5
2026-09-06T21:25:24.066+01:00 INFO : 1 points above threshold
2026-09-06T21:25:24.089+01:00 INFO : Filtering template 1/96 segment 2/5
2026-09-06T21:25:24.107+01:00 INFO : Filtering template 1/96 segment 3/5
2026-09-06T21:25:24.125+01:00 INFO : 1 points above threshold
2026-09-06T21:25:24.131+01:00 INFO : Filtering template 1/96 segment 4/5
2026-09-06T21:25:24.148+01:00 INFO : Filtering template 1/96 segment 5/5
2026-09-06T21:25:24.166+01:00 INFO : 1 points above threshold
2026-09-06T21:25:24.172+01:00 INFO : 1: generating IMRPhenomD from 30.0 Hz
2026-09-06T21:25:24.175+01:00 INFO : Decompressing waveform using inline_linear
2026-09-06T21:25:24.180+01:00 INFO : Filtering template 2/96 segment 1/5
2026-09-06T21:25:24.200+01:00 INFO : 1 points above threshold
2026-09-06T21:25:24.216+01:00 INFO : Filtering template 2/96 segment 2/5
2026-09-06T21:25:24.234+01:00 INFO : 1 points above threshold
2026-09-06T21:25:24.239+01:00 INFO : Filtering template 2/96 segment 3/5
2026-09-06T21:25:24.257+01:00 INFO : 2 points above threshold
2026-09-06T21:25:24.264+01:00 INFO : Filtering template 2/96 segment 4/5
2026-09-06T21:25:24.282+01:00 INFO : Filtering template 2/96 segment 5/5
2026-09-06T21:25:24.299+01:00 INFO : 1 points above threshold
2026-09-06T21:25:24.305+01:00 INFO : 2: generating IMRPhenomD from 30.0 Hz
2026-09-06T21:25:24.308+01:00 INFO : Decompressing waveform using inline_linear
2026-09-06T21:25:24.313+01:00 INFO : Filtering template 3/96 segment 1/5
2026-09-06T21:25:24.333+01:00 INFO : 3 points above threshold
2026-09-06T21:25:24.353+01:00 INFO : Filtering template 3/96 segment 2/5
2026-09-06T21:25:24.371+01:00 INFO : Filtering template 3/96 segment 3/5
2026-09-06T21:25:24.388+01:00 INFO : 1 points above threshold
2026-09-06T21:25:24.394+01:00 INFO : Filtering template 3/96 segment 4/5
2026-09-06T21:25:24.411+01:00 INFO : 1 points above threshold
2026-09-06T21:25:24.420+01:00 INFO : Filtering template 3/96 segment 5/5
2026-09-06T21:25:24.438+01:00 INFO : 3: generating IMRPhenomD from 30.0 Hz
2026-09-06T21:25:24.441+01:00 INFO : Decompressing waveform using inline_linear
2026-09-06T21:25:24.446+01:00 INFO : Filtering template 4/96 segment 1/5
2026-09-06T21:25:24.466+01:00 INFO : 1 points above threshold
2026-09-06T21:25:24.481+01:00 INFO : Filtering template 4/96 segment 2/5
2026-09-06T21:25:24.499+01:00 INFO : 1 points above threshold
2026-09-06T21:25:24.505+01:00 INFO : Filtering template 4/96 segment 3/5
2026-09-06T21:25:24.522+01:00 INFO : 2 points above threshold
2026-09-06T21:25:24.529+01:00 INFO : Filtering template 4/96 segment 4/5
2026-09-06T21:25:24.547+01:00 INFO : 2 points above threshold
2026-09-06T21:25:24.554+01:00 INFO : Filtering template 4/96 segment 5/5
2026-09-06T21:25:24.572+01:00 INFO : 2 points above threshold
2026-09-06T21:25:24.579+01:00 INFO : 4: generating IMRPhenomD from 30.0 Hz
2026-09-06T21:25:24.582+01:00 INFO : Decompressing waveform using inline_linear
2026-09-06T21:25:24.587+01:00 INFO : Filtering template 5/96 segment 1/5
2026-09-06T21:25:24.608+01:00 INFO : 1 points above threshold
2026-09-06T21:25:24.623+01:00 INFO : Filtering template 5/96 segment 2/5
2026-09-06T21:25:24.641+01:00 INFO : 2 points above threshold
2026-09-06T21:25:24.648+01:00 INFO : Filtering template 5/96 segment 3/5
2026-09-06T21:25:24.666+01:00 INFO : 2 points above threshold
2026-09-06T21:25:24.673+01:00 INFO : Filtering template 5/96 segment 4/5
2026-09-06T21:25:24.691+01:00 INFO : 2 points above threshold
2026-09-06T21:25:24.698+01:00 INFO : Filtering template 5/96 segment 5/5
2026-09-06T21:25:24.716+01:00 INFO : 5: generating IMRPhenomD from 30.0 Hz
2026-09-06T21:25:24.719+01:00 INFO : Decompressing waveform using inline_linear
2026-09-06T21:25:24.724+01:00 INFO : Filtering template 6/96 segment 1/5
2026-09-06T21:25:24.744+01:00 INFO : 1 points above threshold
2026-09-06T21:25:24.760+01:00 INFO : Filtering template 6/96 segment 2/5
2026-09-06T21:25:24.778+01:00 INFO : Filtering template 6/96 segment 3/5
2026-09-06T21:25:24.796+01:00 INFO : Filtering template 6/96 segment 4/5
2026-09-06T21:25:24.814+01:00 INFO : Filtering template 6/96 segment 5/5
2026-09-06T21:25:24.831+01:00 INFO : 1 points above threshold
2026-09-06T21:25:24.837+01:00 INFO : 6: generating IMRPhenomD from 30.0 Hz
2026-09-06T21:25:24.840+01:00 INFO : Decompressing waveform using inline_linear
2026-09-06T21:25:24.845+01:00 INFO : Filtering template 7/96 segment 1/5
2026-09-06T21:25:24.865+01:00 INFO : 2 points above threshold
2026-09-06T21:25:24.883+01:00 INFO : Filtering template 7/96 segment 2/5
2026-09-06T21:25:24.901+01:00 INFO : Filtering template 7/96 segment 3/5
2026-09-06T21:25:24.918+01:00 INFO : Filtering template 7/96 segment 4/5
2026-09-06T21:25:24.936+01:00 INFO : 1 points above threshold
2026-09-06T21:25:24.941+01:00 INFO : Filtering template 7/96 segment 5/5
2026-09-06T21:25:24.959+01:00 INFO : 7: generating IMRPhenomD from 30.0 Hz
2026-09-06T21:25:24.962+01:00 INFO : Decompressing waveform using inline_linear
2026-09-06T21:25:24.967+01:00 INFO : Filtering template 8/96 segment 1/5
2026-09-06T21:25:24.987+01:00 INFO : 2 points above threshold
2026-09-06T21:25:25.005+01:00 INFO : Filtering template 8/96 segment 2/5
2026-09-06T21:25:25.023+01:00 INFO : 1 points above threshold
2026-09-06T21:25:25.028+01:00 INFO : Filtering template 8/96 segment 3/5
2026-09-06T21:25:25.046+01:00 INFO : 4 points above threshold
2026-09-06T21:25:25.054+01:00 INFO : Filtering template 8/96 segment 4/5
2026-09-06T21:25:25.072+01:00 INFO : Filtering template 8/96 segment 5/5
2026-09-06T21:25:25.090+01:00 INFO : 8: generating IMRPhenomD from 30.0 Hz
2026-09-06T21:25:25.093+01:00 INFO : Decompressing waveform using inline_linear
2026-09-06T21:25:25.098+01:00 INFO : Filtering template 9/96 segment 1/5
2026-09-06T21:25:25.118+01:00 INFO : Filtering template 9/96 segment 2/5
2026-09-06T21:25:25.136+01:00 INFO : 1 points above threshold
2026-09-06T21:25:25.152+01:00 INFO : Filtering template 9/96 segment 3/5
2026-09-06T21:25:25.170+01:00 INFO : 2 points above threshold
2026-09-06T21:25:25.177+01:00 INFO : Filtering template 9/96 segment 4/5
2026-09-06T21:25:25.194+01:00 INFO : 1 points above threshold
2026-09-06T21:25:25.200+01:00 INFO : Filtering template 9/96 segment 5/5
2026-09-06T21:25:25.217+01:00 INFO : 3 points above threshold
2026-09-06T21:25:25.227+01:00 INFO : 9: generating IMRPhenomD from 30.0 Hz
2026-09-06T21:25:25.230+01:00 INFO : Decompressing waveform using inline_linear
2026-09-06T21:25:25.235+01:00 INFO : Filtering template 10/96 segment 1/5
2026-09-06T21:25:25.255+01:00 INFO : 1 points above threshold
2026-09-06T21:25:25.271+01:00 INFO : Filtering template 10/96 segment 2/5
2026-09-06T21:25:25.288+01:00 INFO : 1 points above threshold
2026-09-06T21:25:25.294+01:00 INFO : Filtering template 10/96 segment 3/5
2026-09-06T21:25:25.311+01:00 INFO : Filtering template 10/96 segment 4/5
2026-09-06T21:25:25.329+01:00 INFO : 2 points above threshold
2026-09-06T21:25:25.336+01:00 INFO : Filtering template 10/96 segment 5/5
2026-09-06T21:25:25.354+01:00 INFO : 1 points above threshold
2026-09-06T21:25:25.360+01:00 INFO : 10: generating IMRPhenomD from 30.0 Hz
2026-09-06T21:25:25.363+01:00 INFO : Decompressing waveform using inline_linear
2026-09-06T21:25:25.368+01:00 INFO : Filtering template 11/96 segment 1/5
2026-09-06T21:25:25.388+01:00 INFO : 4 points above threshold
2026-09-06T21:25:25.407+01:00 INFO : Filtering template 11/96 segment 2/5
2026-09-06T21:25:25.425+01:00 INFO : 2 points above threshold
2026-09-06T21:25:25.432+01:00 INFO : Filtering template 11/96 segment 3/5
2026-09-06T21:25:25.449+01:00 INFO : 1 points above threshold
2026-09-06T21:25:25.455+01:00 INFO : Filtering template 11/96 segment 4/5
2026-09-06T21:25:25.472+01:00 INFO : Filtering template 11/96 segment 5/5
2026-09-06T21:25:25.490+01:00 INFO : 11: generating IMRPhenomD from 30.0 Hz
2026-09-06T21:25:25.494+01:00 INFO : Decompressing waveform using inline_linear
2026-09-06T21:25:25.499+01:00 INFO : Filtering template 12/96 segment 1/5
2026-09-06T21:25:25.519+01:00 INFO : 1 points above threshold
2026-09-06T21:25:25.535+01:00 INFO : Filtering template 12/96 segment 2/5
2026-09-06T21:25:25.552+01:00 INFO : 1 points above threshold
2026-09-06T21:25:25.558+01:00 INFO : Filtering template 12/96 segment 3/5
2026-09-06T21:25:25.575+01:00 INFO : 1 points above threshold
2026-09-06T21:25:25.580+01:00 INFO : Filtering template 12/96 segment 4/5
2026-09-06T21:25:25.598+01:00 INFO : 3 points above threshold
2026-09-06T21:25:25.607+01:00 INFO : Filtering template 12/96 segment 5/5
2026-09-06T21:25:25.626+01:00 INFO : 12: generating IMRPhenomD from 30.0 Hz
2026-09-06T21:25:25.629+01:00 INFO : Decompressing waveform using inline_linear
2026-09-06T21:25:25.634+01:00 INFO : Filtering template 13/96 segment 1/5
2026-09-06T21:25:25.654+01:00 INFO : Filtering template 13/96 segment 2/5
2026-09-06T21:25:25.672+01:00 INFO : 4 points above threshold
2026-09-06T21:25:25.691+01:00 INFO : Filtering template 13/96 segment 3/5
2026-09-06T21:25:25.708+01:00 INFO : Filtering template 13/96 segment 4/5
2026-09-06T21:25:25.726+01:00 INFO : Filtering template 13/96 segment 5/5
2026-09-06T21:25:25.744+01:00 INFO : 1 points above threshold
2026-09-06T21:25:25.749+01:00 INFO : 13: generating IMRPhenomD from 30.0 Hz
2026-09-06T21:25:25.752+01:00 INFO : Decompressing waveform using inline_linear
2026-09-06T21:25:25.757+01:00 INFO : Filtering template 14/96 segment 1/5
2026-09-06T21:25:25.777+01:00 INFO : 1 points above threshold
2026-09-06T21:25:25.793+01:00 INFO : Filtering template 14/96 segment 2/5
2026-09-06T21:25:25.811+01:00 INFO : 2 points above threshold
2026-09-06T21:25:25.818+01:00 INFO : Filtering template 14/96 segment 3/5
2026-09-06T21:25:25.836+01:00 INFO : 3 points above threshold
2026-09-06T21:25:25.845+01:00 INFO : Filtering template 14/96 segment 4/5
2026-09-06T21:25:25.863+01:00 INFO : 2 points above threshold
2026-09-06T21:25:25.870+01:00 INFO : Filtering template 14/96 segment 5/5
2026-09-06T21:25:25.888+01:00 INFO : 14: generating IMRPhenomD from 30.0 Hz
2026-09-06T21:25:25.897+01:00 INFO : Decompressing waveform using inline_linear
2026-09-06T21:25:25.902+01:00 INFO : Filtering template 15/96 segment 1/5
2026-09-06T21:25:25.925+01:00 INFO : 1 points above threshold
2026-09-06T21:25:25.945+01:00 INFO : Filtering template 15/96 segment 2/5
2026-09-06T21:25:25.963+01:00 INFO : Filtering template 15/96 segment 3/5
2026-09-06T21:25:25.980+01:00 INFO : 1 points above threshold
2026-09-06T21:25:25.986+01:00 INFO : Filtering template 15/96 segment 4/5
2026-09-06T21:25:26.003+01:00 INFO : 1 points above threshold
2026-09-06T21:25:26.008+01:00 INFO : Filtering template 15/96 segment 5/5
2026-09-06T21:25:26.026+01:00 INFO : 3 points above threshold
2026-09-06T21:25:26.036+01:00 INFO : 15: generating IMRPhenomD from 30.0 Hz
2026-09-06T21:25:26.039+01:00 INFO : Decompressing waveform using inline_linear
2026-09-06T21:25:26.044+01:00 INFO : Filtering template 16/96 segment 1/5
2026-09-06T21:25:26.064+01:00 INFO : 1 points above threshold
2026-09-06T21:25:26.080+01:00 INFO : Filtering template 16/96 segment 2/5
2026-09-06T21:25:26.097+01:00 INFO : 2 points above threshold
2026-09-06T21:25:26.105+01:00 INFO : Filtering template 16/96 segment 3/5
2026-09-06T21:25:26.122+01:00 INFO : 3 points above threshold
2026-09-06T21:25:26.131+01:00 INFO : Filtering template 16/96 segment 4/5
2026-09-06T21:25:26.149+01:00 INFO : 2 points above threshold
2026-09-06T21:25:26.156+01:00 INFO : Filtering template 16/96 segment 5/5
2026-09-06T21:25:26.174+01:00 INFO : 16: generating IMRPhenomD from 30.0 Hz
2026-09-06T21:25:26.177+01:00 INFO : Decompressing waveform using inline_linear
2026-09-06T21:25:26.182+01:00 INFO : Filtering template 17/96 segment 1/5
2026-09-06T21:25:26.202+01:00 INFO : 2 points above threshold
2026-09-06T21:25:26.220+01:00 INFO : Filtering template 17/96 segment 2/5
2026-09-06T21:25:26.238+01:00 INFO : 3 points above threshold
2026-09-06T21:25:26.247+01:00 INFO : Filtering template 17/96 segment 3/5
2026-09-06T21:25:26.265+01:00 INFO : Filtering template 17/96 segment 4/5
2026-09-06T21:25:26.282+01:00 INFO : 2 points above threshold
2026-09-06T21:25:26.289+01:00 INFO : Filtering template 17/96 segment 5/5
2026-09-06T21:25:26.307+01:00 INFO : 3 points above threshold
2026-09-06T21:25:26.317+01:00 INFO : 17: generating IMRPhenomD from 30.0 Hz
2026-09-06T21:25:26.320+01:00 INFO : Decompressing waveform using inline_linear
2026-09-06T21:25:26.325+01:00 INFO : Filtering template 18/96 segment 1/5
2026-09-06T21:25:26.345+01:00 INFO : Filtering template 18/96 segment 2/5
2026-09-06T21:25:26.363+01:00 INFO : Filtering template 18/96 segment 3/5
2026-09-06T21:25:26.380+01:00 INFO : 1 points above threshold
2026-09-06T21:25:26.396+01:00 INFO : Filtering template 18/96 segment 4/5
2026-09-06T21:25:26.414+01:00 INFO : Filtering template 18/96 segment 5/5
2026-09-06T21:25:26.431+01:00 INFO : 2 points above threshold
2026-09-06T21:25:26.439+01:00 INFO : 18: generating IMRPhenomD from 30.0 Hz
2026-09-06T21:25:26.442+01:00 INFO : Decompressing waveform using inline_linear
2026-09-06T21:25:26.447+01:00 INFO : Filtering template 19/96 segment 1/5
2026-09-06T21:25:26.467+01:00 INFO : 3 points above threshold
2026-09-06T21:25:26.487+01:00 INFO : Filtering template 19/96 segment 2/5
2026-09-06T21:25:26.505+01:00 INFO : 1 points above threshold
2026-09-06T21:25:26.510+01:00 INFO : Filtering template 19/96 segment 3/5
2026-09-06T21:25:26.527+01:00 INFO : 1 points above threshold
2026-09-06T21:25:26.533+01:00 INFO : Filtering template 19/96 segment 4/5
2026-09-06T21:25:26.550+01:00 INFO : 3 points above threshold
2026-09-06T21:25:26.560+01:00 INFO : Filtering template 19/96 segment 5/5
2026-09-06T21:25:26.577+01:00 INFO : 1 points above threshold
2026-09-06T21:25:26.583+01:00 INFO : 19: generating IMRPhenomD from 30.0 Hz
2026-09-06T21:25:26.586+01:00 INFO : Decompressing waveform using inline_linear
2026-09-06T21:25:26.591+01:00 INFO : Filtering template 20/96 segment 1/5
2026-09-06T21:25:26.611+01:00 INFO : 1 points above threshold
2026-09-06T21:25:26.627+01:00 INFO : Filtering template 20/96 segment 2/5
2026-09-06T21:25:26.644+01:00 INFO : 3 points above threshold
2026-09-06T21:25:26.654+01:00 INFO : Filtering template 20/96 segment 3/5
2026-09-06T21:25:26.671+01:00 INFO : Filtering template 20/96 segment 4/5
2026-09-06T21:25:26.689+01:00 INFO : 2 points above threshold
2026-09-06T21:25:26.696+01:00 INFO : Filtering template 20/96 segment 5/5
2026-09-06T21:25:26.714+01:00 INFO : 20: generating IMRPhenomD from 30.0 Hz
2026-09-06T21:25:26.717+01:00 INFO : Decompressing waveform using inline_linear
2026-09-06T21:25:26.722+01:00 INFO : Filtering template 21/96 segment 1/5
2026-09-06T21:25:26.742+01:00 INFO : 1 points above threshold
2026-09-06T21:25:26.758+01:00 INFO : Filtering template 21/96 segment 2/5
2026-09-06T21:25:26.776+01:00 INFO : 1 points above threshold
2026-09-06T21:25:26.782+01:00 INFO : Filtering template 21/96 segment 3/5
2026-09-06T21:25:26.799+01:00 INFO : 1 points above threshold
2026-09-06T21:25:26.805+01:00 INFO : Filtering template 21/96 segment 4/5
2026-09-06T21:25:26.822+01:00 INFO : Filtering template 21/96 segment 5/5
2026-09-06T21:25:26.840+01:00 INFO : 21: generating IMRPhenomD from 30.0 Hz
2026-09-06T21:25:26.843+01:00 INFO : Decompressing waveform using inline_linear
2026-09-06T21:25:26.848+01:00 INFO : Filtering template 22/96 segment 1/5
2026-09-06T21:25:26.869+01:00 INFO : 5 points above threshold
2026-09-06T21:25:26.891+01:00 INFO : Filtering template 22/96 segment 2/5
2026-09-06T21:25:26.909+01:00 INFO : Filtering template 22/96 segment 3/5
2026-09-06T21:25:26.926+01:00 INFO : Filtering template 22/96 segment 4/5
2026-09-06T21:25:26.944+01:00 INFO : 1 points above threshold
2026-09-06T21:25:26.949+01:00 INFO : Filtering template 22/96 segment 5/5
2026-09-06T21:25:26.967+01:00 INFO : 1 points above threshold
2026-09-06T21:25:26.973+01:00 INFO : 22: generating IMRPhenomD from 30.0 Hz
2026-09-06T21:25:26.976+01:00 INFO : Decompressing waveform using inline_linear
2026-09-06T21:25:26.981+01:00 INFO : Filtering template 23/96 segment 1/5
2026-09-06T21:25:27.001+01:00 INFO : 2 points above threshold
2026-09-06T21:25:27.018+01:00 INFO : Filtering template 23/96 segment 2/5
2026-09-06T21:25:27.036+01:00 INFO : 1 points above threshold
2026-09-06T21:25:27.041+01:00 INFO : Filtering template 23/96 segment 3/5
2026-09-06T21:25:27.059+01:00 INFO : 1 points above threshold
2026-09-06T21:25:27.064+01:00 INFO : Filtering template 23/96 segment 4/5
2026-09-06T21:25:27.082+01:00 INFO : Filtering template 23/96 segment 5/5
2026-09-06T21:25:27.100+01:00 INFO : 23: generating IMRPhenomD from 30.0 Hz
2026-09-06T21:25:27.103+01:00 INFO : Decompressing waveform using inline_linear
2026-09-06T21:25:27.108+01:00 INFO : Filtering template 24/96 segment 1/5
2026-09-06T21:25:27.128+01:00 INFO : 1 points above threshold
2026-09-06T21:25:27.144+01:00 INFO : Filtering template 24/96 segment 2/5
2026-09-06T21:25:27.162+01:00 INFO : 2 points above threshold
2026-09-06T21:25:27.169+01:00 INFO : Filtering template 24/96 segment 3/5
2026-09-06T21:25:27.187+01:00 INFO : 1 points above threshold
2026-09-06T21:25:27.192+01:00 INFO : Filtering template 24/96 segment 4/5
2026-09-06T21:25:27.210+01:00 INFO : Filtering template 24/96 segment 5/5
2026-09-06T21:25:27.227+01:00 INFO : 2 points above threshold
2026-09-06T21:25:27.235+01:00 INFO : 24: generating IMRPhenomD from 30.0 Hz
2026-09-06T21:25:27.238+01:00 INFO : Decompressing waveform using inline_linear
2026-09-06T21:25:27.243+01:00 INFO : Filtering template 25/96 segment 1/5
2026-09-06T21:25:27.263+01:00 INFO : 2 points above threshold
2026-09-06T21:25:27.280+01:00 INFO : Filtering template 25/96 segment 2/5
2026-09-06T21:25:27.298+01:00 INFO : Filtering template 25/96 segment 3/5
2026-09-06T21:25:27.316+01:00 INFO : Filtering template 25/96 segment 4/5
2026-09-06T21:25:27.333+01:00 INFO : Filtering template 25/96 segment 5/5
2026-09-06T21:25:27.351+01:00 INFO : 25: generating IMRPhenomD from 30.0 Hz
2026-09-06T21:25:27.355+01:00 INFO : Decompressing waveform using inline_linear
2026-09-06T21:25:27.360+01:00 INFO : Filtering template 26/96 segment 1/5
2026-09-06T21:25:27.380+01:00 INFO : Filtering template 26/96 segment 2/5
2026-09-06T21:25:27.397+01:00 INFO : 2 points above threshold
2026-09-06T21:25:27.415+01:00 INFO : Filtering template 26/96 segment 3/5
2026-09-06T21:25:27.433+01:00 INFO : Filtering template 26/96 segment 4/5
2026-09-06T21:25:27.450+01:00 INFO : 2 points above threshold
2026-09-06T21:25:27.458+01:00 INFO : Filtering template 26/96 segment 5/5
2026-09-06T21:25:27.475+01:00 INFO : 2 points above threshold
2026-09-06T21:25:27.483+01:00 INFO : 26: generating IMRPhenomD from 30.0 Hz
2026-09-06T21:25:27.486+01:00 INFO : Decompressing waveform using inline_linear
2026-09-06T21:25:27.491+01:00 INFO : Filtering template 27/96 segment 1/5
2026-09-06T21:25:27.511+01:00 INFO : 3 points above threshold
2026-09-06T21:25:27.531+01:00 INFO : Filtering template 27/96 segment 2/5
2026-09-06T21:25:27.548+01:00 INFO : Filtering template 27/96 segment 3/5
2026-09-06T21:25:27.566+01:00 INFO : 1 points above threshold
2026-09-06T21:25:27.571+01:00 INFO : Filtering template 27/96 segment 4/5
2026-09-06T21:25:27.589+01:00 INFO : Filtering template 27/96 segment 5/5
2026-09-06T21:25:27.607+01:00 INFO : 27: generating IMRPhenomD from 30.0 Hz
2026-09-06T21:25:27.610+01:00 INFO : Decompressing waveform using inline_linear
2026-09-06T21:25:27.615+01:00 INFO : Filtering template 28/96 segment 1/5
2026-09-06T21:25:27.635+01:00 INFO : 3 points above threshold
2026-09-06T21:25:27.655+01:00 INFO : Filtering template 28/96 segment 2/5
2026-09-06T21:25:27.672+01:00 INFO : 1 points above threshold
2026-09-06T21:25:27.678+01:00 INFO : Filtering template 28/96 segment 3/5
2026-09-06T21:25:27.695+01:00 INFO : 2 points above threshold
2026-09-06T21:25:27.703+01:00 INFO : Filtering template 28/96 segment 4/5
2026-09-06T21:25:27.720+01:00 INFO : 1 points above threshold
2026-09-06T21:25:27.726+01:00 INFO : Filtering template 28/96 segment 5/5
2026-09-06T21:25:27.743+01:00 INFO : 28: generating IMRPhenomD from 30.0 Hz
2026-09-06T21:25:27.747+01:00 INFO : Decompressing waveform using inline_linear
2026-09-06T21:25:27.752+01:00 INFO : Filtering template 29/96 segment 1/5
2026-09-06T21:25:27.772+01:00 INFO : 2 points above threshold
2026-09-06T21:25:27.789+01:00 INFO : Filtering template 29/96 segment 2/5
2026-09-06T21:25:27.807+01:00 INFO : 2 points above threshold
2026-09-06T21:25:27.814+01:00 INFO : Filtering template 29/96 segment 3/5
2026-09-06T21:25:27.832+01:00 INFO : 1 points above threshold
2026-09-06T21:25:27.837+01:00 INFO : Filtering template 29/96 segment 4/5
2026-09-06T21:25:27.855+01:00 INFO : 2 points above threshold
2026-09-06T21:25:27.862+01:00 INFO : Filtering template 29/96 segment 5/5
2026-09-06T21:25:27.879+01:00 INFO : 2 points above threshold
2026-09-06T21:25:27.887+01:00 INFO : 29: generating IMRPhenomD from 30.0 Hz
2026-09-06T21:25:27.890+01:00 INFO : Decompressing waveform using inline_linear
2026-09-06T21:25:27.895+01:00 INFO : Filtering template 30/96 segment 1/5
2026-09-06T21:25:27.915+01:00 INFO : 1 points above threshold
2026-09-06T21:25:27.931+01:00 INFO : Filtering template 30/96 segment 2/5
2026-09-06T21:25:27.948+01:00 INFO : 1 points above threshold
2026-09-06T21:25:27.954+01:00 INFO : Filtering template 30/96 segment 3/5
2026-09-06T21:25:27.971+01:00 INFO : 1 points above threshold
2026-09-06T21:25:27.977+01:00 INFO : Filtering template 30/96 segment 4/5
2026-09-06T21:25:27.994+01:00 INFO : Filtering template 30/96 segment 5/5
2026-09-06T21:25:28.012+01:00 INFO : 30: generating IMRPhenomD from 30.0 Hz
2026-09-06T21:25:28.016+01:00 INFO : Decompressing waveform using inline_linear
2026-09-06T21:25:28.021+01:00 INFO : Filtering template 31/96 segment 1/5
2026-09-06T21:25:28.041+01:00 INFO : Filtering template 31/96 segment 2/5
2026-09-06T21:25:28.058+01:00 INFO : 1 points above threshold
2026-09-06T21:25:28.074+01:00 INFO : Filtering template 31/96 segment 3/5
2026-09-06T21:25:28.092+01:00 INFO : Filtering template 31/96 segment 4/5
2026-09-06T21:25:28.110+01:00 INFO : 1 points above threshold
2026-09-06T21:25:28.115+01:00 INFO : Filtering template 31/96 segment 5/5
2026-09-06T21:25:28.133+01:00 INFO : 1 points above threshold
2026-09-06T21:25:28.138+01:00 INFO : 31: generating IMRPhenomD from 30.0 Hz
2026-09-06T21:25:28.141+01:00 INFO : Decompressing waveform using inline_linear
2026-09-06T21:25:28.146+01:00 INFO : Filtering template 32/96 segment 1/5
2026-09-06T21:25:28.166+01:00 INFO : Filtering template 32/96 segment 2/5
2026-09-06T21:25:28.184+01:00 INFO : Filtering template 32/96 segment 3/5
2026-09-06T21:25:28.202+01:00 INFO : Filtering template 32/96 segment 4/5
2026-09-06T21:25:28.219+01:00 INFO : 3 points above threshold
2026-09-06T21:25:28.239+01:00 INFO : Filtering template 32/96 segment 5/5
2026-09-06T21:25:28.257+01:00 INFO : 2 points above threshold
2026-09-06T21:25:28.264+01:00 INFO : 32: generating IMRPhenomD from 30.0 Hz
2026-09-06T21:25:28.267+01:00 INFO : Decompressing waveform using inline_linear
2026-09-06T21:25:28.272+01:00 INFO : Filtering template 33/96 segment 1/5
2026-09-06T21:25:28.292+01:00 INFO : 2 points above threshold
2026-09-06T21:25:28.309+01:00 INFO : Filtering template 33/96 segment 2/5
2026-09-06T21:25:28.327+01:00 INFO : Filtering template 33/96 segment 3/5
2026-09-06T21:25:28.345+01:00 INFO : Filtering template 33/96 segment 4/5
2026-09-06T21:25:28.363+01:00 INFO : 1 points above threshold
2026-09-06T21:25:28.368+01:00 INFO : Filtering template 33/96 segment 5/5
2026-09-06T21:25:28.386+01:00 INFO : 33: generating IMRPhenomD from 30.0 Hz
2026-09-06T21:25:28.389+01:00 INFO : Decompressing waveform using inline_linear
2026-09-06T21:25:28.394+01:00 INFO : Filtering template 34/96 segment 1/5
2026-09-06T21:25:28.414+01:00 INFO : Filtering template 34/96 segment 2/5
2026-09-06T21:25:28.432+01:00 INFO : 1 points above threshold
2026-09-06T21:25:28.449+01:00 INFO : Filtering template 34/96 segment 3/5
2026-09-06T21:25:28.466+01:00 INFO : 1 points above threshold
2026-09-06T21:25:28.472+01:00 INFO : Filtering template 34/96 segment 4/5
2026-09-06T21:25:28.489+01:00 INFO : Filtering template 34/96 segment 5/5
2026-09-06T21:25:28.507+01:00 INFO : 1 points above threshold
2026-09-06T21:25:28.513+01:00 INFO : 34: generating IMRPhenomD from 30.0 Hz
2026-09-06T21:25:28.516+01:00 INFO : Decompressing waveform using inline_linear
2026-09-06T21:25:28.521+01:00 INFO : Filtering template 35/96 segment 1/5
2026-09-06T21:25:28.541+01:00 INFO : 1 points above threshold
2026-09-06T21:25:28.558+01:00 INFO : Filtering template 35/96 segment 2/5
2026-09-06T21:25:28.575+01:00 INFO : 1 points above threshold
2026-09-06T21:25:28.581+01:00 INFO : Filtering template 35/96 segment 3/5
2026-09-06T21:25:28.598+01:00 INFO : 1 points above threshold
2026-09-06T21:25:28.604+01:00 INFO : Filtering template 35/96 segment 4/5
2026-09-06T21:25:28.621+01:00 INFO : Filtering template 35/96 segment 5/5
2026-09-06T21:25:28.639+01:00 INFO : 35: generating IMRPhenomD from 30.0 Hz
2026-09-06T21:25:28.643+01:00 INFO : Decompressing waveform using inline_linear
2026-09-06T21:25:28.648+01:00 INFO : Filtering template 36/96 segment 1/5
2026-09-06T21:25:28.668+01:00 INFO : 3 points above threshold
2026-09-06T21:25:28.688+01:00 INFO : Filtering template 36/96 segment 2/5
2026-09-06T21:25:28.706+01:00 INFO : 1 points above threshold
2026-09-06T21:25:28.711+01:00 INFO : Filtering template 36/96 segment 3/5
2026-09-06T21:25:28.729+01:00 INFO : 2 points above threshold
2026-09-06T21:25:28.736+01:00 INFO : Filtering template 36/96 segment 4/5
2026-09-06T21:25:28.754+01:00 INFO : Filtering template 36/96 segment 5/5
2026-09-06T21:25:28.772+01:00 INFO : 1 points above threshold
2026-09-06T21:25:28.777+01:00 INFO : 36: generating IMRPhenomD from 30.0 Hz
2026-09-06T21:25:28.780+01:00 INFO : Decompressing waveform using inline_linear
2026-09-06T21:25:28.785+01:00 INFO : Filtering template 37/96 segment 1/5
2026-09-06T21:25:28.805+01:00 INFO : 2 points above threshold
2026-09-06T21:25:28.824+01:00 INFO : Filtering template 37/96 segment 2/5
2026-09-06T21:25:28.842+01:00 INFO : 3 points above threshold
2026-09-06T21:25:28.851+01:00 INFO : Filtering template 37/96 segment 3/5
2026-09-06T21:25:28.869+01:00 INFO : 1 points above threshold
2026-09-06T21:25:28.874+01:00 INFO : Filtering template 37/96 segment 4/5
2026-09-06T21:25:28.892+01:00 INFO : 3 points above threshold
2026-09-06T21:25:28.901+01:00 INFO : Filtering template 37/96 segment 5/5
2026-09-06T21:25:28.919+01:00 INFO : 37: generating IMRPhenomD from 30.0 Hz
2026-09-06T21:25:28.922+01:00 INFO : Decompressing waveform using inline_linear
2026-09-06T21:25:28.927+01:00 INFO : Filtering template 38/96 segment 1/5
2026-09-06T21:25:28.947+01:00 INFO : Filtering template 38/96 segment 2/5
2026-09-06T21:25:28.967+01:00 INFO : Filtering template 38/96 segment 3/5
2026-09-06T21:25:28.988+01:00 INFO : 1 points above threshold
2026-09-06T21:25:29.005+01:00 INFO : Filtering template 38/96 segment 4/5
2026-09-06T21:25:29.026+01:00 INFO : 1 points above threshold
2026-09-06T21:25:29.032+01:00 INFO : Filtering template 38/96 segment 5/5
2026-09-06T21:25:29.052+01:00 INFO : 1 points above threshold
2026-09-06T21:25:29.057+01:00 INFO : 38: generating IMRPhenomD from 30.0 Hz
2026-09-06T21:25:29.061+01:00 INFO : Decompressing waveform using inline_linear
2026-09-06T21:25:29.066+01:00 INFO : Filtering template 39/96 segment 1/5
2026-09-06T21:25:29.086+01:00 INFO : Filtering template 39/96 segment 2/5
2026-09-06T21:25:29.104+01:00 INFO : 2 points above threshold
2026-09-06T21:25:29.121+01:00 INFO : Filtering template 39/96 segment 3/5
2026-09-06T21:25:29.139+01:00 INFO : Filtering template 39/96 segment 4/5
2026-09-06T21:25:29.157+01:00 INFO : 2 points above threshold
2026-09-06T21:25:29.164+01:00 INFO : Filtering template 39/96 segment 5/5
2026-09-06T21:25:29.182+01:00 INFO : 39: generating IMRPhenomD from 30.0 Hz
2026-09-06T21:25:29.185+01:00 INFO : Decompressing waveform using inline_linear
2026-09-06T21:25:29.190+01:00 INFO : Filtering template 40/96 segment 1/5
2026-09-06T21:25:29.210+01:00 INFO : Filtering template 40/96 segment 2/5
2026-09-06T21:25:29.228+01:00 INFO : Filtering template 40/96 segment 3/5
2026-09-06T21:25:29.246+01:00 INFO : Filtering template 40/96 segment 4/5
2026-09-06T21:25:29.263+01:00 INFO : 2 points above threshold
2026-09-06T21:25:29.281+01:00 INFO : Filtering template 40/96 segment 5/5
2026-09-06T21:25:29.299+01:00 INFO : 40: generating IMRPhenomD from 30.0 Hz
2026-09-06T21:25:29.302+01:00 INFO : Decompressing waveform using inline_linear
2026-09-06T21:25:29.307+01:00 INFO : Filtering template 41/96 segment 1/5
2026-09-06T21:25:29.327+01:00 INFO : Filtering template 41/96 segment 2/5
2026-09-06T21:25:29.345+01:00 INFO : Filtering template 41/96 segment 3/5
2026-09-06T21:25:29.363+01:00 INFO : 2 points above threshold
2026-09-06T21:25:29.380+01:00 INFO : Filtering template 41/96 segment 4/5
2026-09-06T21:25:29.398+01:00 INFO : 2 points above threshold
2026-09-06T21:25:29.405+01:00 INFO : Filtering template 41/96 segment 5/5
2026-09-06T21:25:29.423+01:00 INFO : 41: generating IMRPhenomD from 30.0 Hz
2026-09-06T21:25:29.426+01:00 INFO : Decompressing waveform using inline_linear
2026-09-06T21:25:29.431+01:00 INFO : Filtering template 42/96 segment 1/5
2026-09-06T21:25:29.451+01:00 INFO : Filtering template 42/96 segment 2/5
2026-09-06T21:25:29.469+01:00 INFO : 1 points above threshold
2026-09-06T21:25:29.485+01:00 INFO : Filtering template 42/96 segment 3/5
2026-09-06T21:25:29.503+01:00 INFO : Filtering template 42/96 segment 4/5
2026-09-06T21:25:29.520+01:00 INFO : 1 points above threshold
2026-09-06T21:25:29.526+01:00 INFO : Filtering template 42/96 segment 5/5
2026-09-06T21:25:29.543+01:00 INFO : 1 points above threshold
2026-09-06T21:25:29.550+01:00 INFO : 42: generating IMRPhenomD from 30.0 Hz
2026-09-06T21:25:29.553+01:00 INFO : Decompressing waveform using inline_linear
2026-09-06T21:25:29.558+01:00 INFO : Filtering template 43/96 segment 1/5
2026-09-06T21:25:29.578+01:00 INFO : 1 points above threshold
2026-09-06T21:25:29.593+01:00 INFO : Filtering template 43/96 segment 2/5
2026-09-06T21:25:29.611+01:00 INFO : 2 points above threshold
2026-09-06T21:25:29.618+01:00 INFO : Filtering template 43/96 segment 3/5
2026-09-06T21:25:29.636+01:00 INFO : 1 points above threshold
2026-09-06T21:25:29.641+01:00 INFO : Filtering template 43/96 segment 4/5
2026-09-06T21:25:29.659+01:00 INFO : Filtering template 43/96 segment 5/5
2026-09-06T21:25:29.677+01:00 INFO : 43: generating IMRPhenomD from 30.0 Hz
2026-09-06T21:25:29.680+01:00 INFO : Decompressing waveform using inline_linear
2026-09-06T21:25:29.685+01:00 INFO : Filtering template 44/96 segment 1/5
2026-09-06T21:25:29.705+01:00 INFO : 1 points above threshold
2026-09-06T21:25:29.721+01:00 INFO : Filtering template 44/96 segment 2/5
2026-09-06T21:25:29.739+01:00 INFO : Filtering template 44/96 segment 3/5
2026-09-06T21:25:29.756+01:00 INFO : Filtering template 44/96 segment 4/5
2026-09-06T21:25:29.774+01:00 INFO : 1 points above threshold
2026-09-06T21:25:29.779+01:00 INFO : Filtering template 44/96 segment 5/5
2026-09-06T21:25:29.797+01:00 INFO : 44: generating IMRPhenomD from 30.0 Hz
2026-09-06T21:25:29.801+01:00 INFO : Decompressing waveform using inline_linear
2026-09-06T21:25:29.806+01:00 INFO : Filtering template 45/96 segment 1/5
2026-09-06T21:25:29.826+01:00 INFO : 2 points above threshold
2026-09-06T21:25:29.843+01:00 INFO : Filtering template 45/96 segment 2/5
2026-09-06T21:25:29.861+01:00 INFO : 1 points above threshold
2026-09-06T21:25:29.866+01:00 INFO : Filtering template 45/96 segment 3/5
2026-09-06T21:25:29.884+01:00 INFO : 1 points above threshold
2026-09-06T21:25:29.890+01:00 INFO : Filtering template 45/96 segment 4/5
2026-09-06T21:25:29.907+01:00 INFO : Filtering template 45/96 segment 5/5
2026-09-06T21:25:29.925+01:00 INFO : 45: generating IMRPhenomD from 30.0 Hz
2026-09-06T21:25:29.928+01:00 INFO : Decompressing waveform using inline_linear
2026-09-06T21:25:29.933+01:00 INFO : Filtering template 46/96 segment 1/5
2026-09-06T21:25:29.953+01:00 INFO : Filtering template 46/96 segment 2/5
2026-09-06T21:25:29.971+01:00 INFO : Filtering template 46/96 segment 3/5
2026-09-06T21:25:29.989+01:00 INFO : 1 points above threshold
2026-09-06T21:25:30.005+01:00 INFO : Filtering template 46/96 segment 4/5
2026-09-06T21:25:30.023+01:00 INFO : 3 points above threshold
2026-09-06T21:25:30.032+01:00 INFO : Filtering template 46/96 segment 5/5
2026-09-06T21:25:30.050+01:00 INFO : 1 points above threshold
2026-09-06T21:25:30.055+01:00 INFO : 46: generating IMRPhenomD from 30.0 Hz
2026-09-06T21:25:30.058+01:00 INFO : Decompressing waveform using inline_linear
2026-09-06T21:25:30.063+01:00 INFO : Filtering template 47/96 segment 1/5
2026-09-06T21:25:30.083+01:00 INFO : 3 points above threshold
2026-09-06T21:25:30.103+01:00 INFO : Filtering template 47/96 segment 2/5
2026-09-06T21:25:30.121+01:00 INFO : Filtering template 47/96 segment 3/5
2026-09-06T21:25:30.139+01:00 INFO : 2 points above threshold
2026-09-06T21:25:30.146+01:00 INFO : Filtering template 47/96 segment 4/5
2026-09-06T21:25:30.163+01:00 INFO : 1 points above threshold
2026-09-06T21:25:30.169+01:00 INFO : Filtering template 47/96 segment 5/5
2026-09-06T21:25:30.186+01:00 INFO : 1 points above threshold
2026-09-06T21:25:30.192+01:00 INFO : 47: generating IMRPhenomD from 30.0 Hz
2026-09-06T21:25:30.195+01:00 INFO : Decompressing waveform using inline_linear
2026-09-06T21:25:30.200+01:00 INFO : Filtering template 48/96 segment 1/5
2026-09-06T21:25:30.220+01:00 INFO : 3 points above threshold
2026-09-06T21:25:30.240+01:00 INFO : Filtering template 48/96 segment 2/5
2026-09-06T21:25:30.258+01:00 INFO : 1 points above threshold
2026-09-06T21:25:30.263+01:00 INFO : Filtering template 48/96 segment 3/5
2026-09-06T21:25:30.281+01:00 INFO : 1 points above threshold
2026-09-06T21:25:30.286+01:00 INFO : Filtering template 48/96 segment 4/5
2026-09-06T21:25:30.304+01:00 INFO : 2 points above threshold
2026-09-06T21:25:30.311+01:00 INFO : Filtering template 48/96 segment 5/5
2026-09-06T21:25:30.329+01:00 INFO : 1 points above threshold
2026-09-06T21:25:30.334+01:00 INFO : 48: generating IMRPhenomD from 30.0 Hz
2026-09-06T21:25:30.337+01:00 INFO : Decompressing waveform using inline_linear
2026-09-06T21:25:30.342+01:00 INFO : Filtering template 49/96 segment 1/5
2026-09-06T21:25:30.362+01:00 INFO : 1 points above threshold
2026-09-06T21:25:30.378+01:00 INFO : Filtering template 49/96 segment 2/5
2026-09-06T21:25:30.396+01:00 INFO : 1 points above threshold
2026-09-06T21:25:30.401+01:00 INFO : Filtering template 49/96 segment 3/5
2026-09-06T21:25:30.419+01:00 INFO : 2 points above threshold
2026-09-06T21:25:30.426+01:00 INFO : Filtering template 49/96 segment 4/5
2026-09-06T21:25:30.443+01:00 INFO : Filtering template 49/96 segment 5/5
2026-09-06T21:25:30.461+01:00 INFO : 49: generating IMRPhenomD from 30.0 Hz
2026-09-06T21:25:30.464+01:00 INFO : Decompressing waveform using inline_linear
2026-09-06T21:25:30.469+01:00 INFO : Filtering template 50/96 segment 1/5
2026-09-06T21:25:30.489+01:00 INFO : Filtering template 50/96 segment 2/5
2026-09-06T21:25:30.507+01:00 INFO : 2 points above threshold
2026-09-06T21:25:30.525+01:00 INFO : Filtering template 50/96 segment 3/5
2026-09-06T21:25:30.542+01:00 INFO : 4 points above threshold
2026-09-06T21:25:30.551+01:00 INFO : Filtering template 50/96 segment 4/5
2026-09-06T21:25:30.569+01:00 INFO : 2 points above threshold
2026-09-06T21:25:30.576+01:00 INFO : Filtering template 50/96 segment 5/5
2026-09-06T21:25:30.594+01:00 INFO : 50: generating IMRPhenomD from 30.0 Hz
2026-09-06T21:25:30.597+01:00 INFO : Decompressing waveform using inline_linear
2026-09-06T21:25:30.602+01:00 INFO : Filtering template 51/96 segment 1/5
2026-09-06T21:25:30.622+01:00 INFO : 1 points above threshold
2026-09-06T21:25:30.638+01:00 INFO : Filtering template 51/96 segment 2/5
2026-09-06T21:25:30.655+01:00 INFO : 1 points above threshold
2026-09-06T21:25:30.661+01:00 INFO : Filtering template 51/96 segment 3/5
2026-09-06T21:25:30.678+01:00 INFO : Filtering template 51/96 segment 4/5
2026-09-06T21:25:30.696+01:00 INFO : 1 points above threshold
2026-09-06T21:25:30.702+01:00 INFO : Filtering template 51/96 segment 5/5
2026-09-06T21:25:30.719+01:00 INFO : 2 points above threshold
2026-09-06T21:25:30.727+01:00 INFO : 51: generating IMRPhenomD from 30.0 Hz
2026-09-06T21:25:30.730+01:00 INFO : Decompressing waveform using inline_linear
2026-09-06T21:25:30.735+01:00 INFO : Filtering template 52/96 segment 1/5
2026-09-06T21:25:30.755+01:00 INFO : 1 points above threshold
2026-09-06T21:25:30.771+01:00 INFO : Filtering template 52/96 segment 2/5
2026-09-06T21:25:30.788+01:00 INFO : 1 points above threshold
2026-09-06T21:25:30.794+01:00 INFO : Filtering template 52/96 segment 3/5
2026-09-06T21:25:30.811+01:00 INFO : Filtering template 52/96 segment 4/5
2026-09-06T21:25:30.829+01:00 INFO : 3 points above threshold
2026-09-06T21:25:30.839+01:00 INFO : Filtering template 52/96 segment 5/5
2026-09-06T21:25:30.856+01:00 INFO : 1 points above threshold
2026-09-06T21:25:30.862+01:00 INFO : 52: generating IMRPhenomD from 30.0 Hz
2026-09-06T21:25:30.865+01:00 INFO : Decompressing waveform using inline_linear
2026-09-06T21:25:30.870+01:00 INFO : Filtering template 53/96 segment 1/5
2026-09-06T21:25:30.890+01:00 INFO : 3 points above threshold
2026-09-06T21:25:30.909+01:00 INFO : Filtering template 53/96 segment 2/5
2026-09-06T21:25:30.927+01:00 INFO : 2 points above threshold
2026-09-06T21:25:30.934+01:00 INFO : Filtering template 53/96 segment 3/5
2026-09-06T21:25:30.952+01:00 INFO : 2 points above threshold
2026-09-06T21:25:30.959+01:00 INFO : Filtering template 53/96 segment 4/5
2026-09-06T21:25:30.977+01:00 INFO : 1 points above threshold
2026-09-06T21:25:30.982+01:00 INFO : Filtering template 53/96 segment 5/5
2026-09-06T21:25:31.000+01:00 INFO : 1 points above threshold
2026-09-06T21:25:31.005+01:00 INFO : 53: generating IMRPhenomD from 30.0 Hz
2026-09-06T21:25:31.008+01:00 INFO : Decompressing waveform using inline_linear
2026-09-06T21:25:31.013+01:00 INFO : Filtering template 54/96 segment 1/5
2026-09-06T21:25:31.034+01:00 INFO : Filtering template 54/96 segment 2/5
2026-09-06T21:25:31.051+01:00 INFO : Filtering template 54/96 segment 3/5
2026-09-06T21:25:31.069+01:00 INFO : 2 points above threshold
2026-09-06T21:25:31.087+01:00 INFO : Filtering template 54/96 segment 4/5
2026-09-06T21:25:31.104+01:00 INFO : 5 points above threshold
2026-09-06T21:25:31.116+01:00 INFO : Filtering template 54/96 segment 5/5
2026-09-06T21:25:31.134+01:00 INFO : 54: generating IMRPhenomD from 30.0 Hz
2026-09-06T21:25:31.137+01:00 INFO : Decompressing waveform using inline_linear
2026-09-06T21:25:31.142+01:00 INFO : Filtering template 55/96 segment 1/5
2026-09-06T21:25:31.163+01:00 INFO : Filtering template 55/96 segment 2/5
2026-09-06T21:25:31.180+01:00 INFO : 1 points above threshold
2026-09-06T21:25:31.196+01:00 INFO : Filtering template 55/96 segment 3/5
2026-09-06T21:25:31.214+01:00 INFO : 3 points above threshold
2026-09-06T21:25:31.223+01:00 INFO : Filtering template 55/96 segment 4/5
2026-09-06T21:25:31.241+01:00 INFO : 1 points above threshold
2026-09-06T21:25:31.246+01:00 INFO : Filtering template 55/96 segment 5/5
2026-09-06T21:25:31.264+01:00 INFO : 1 points above threshold
2026-09-06T21:25:31.269+01:00 INFO : 55: generating IMRPhenomD from 30.0 Hz
2026-09-06T21:25:31.287+01:00 INFO : Decompressing waveform using inline_linear
2026-09-06T21:25:31.292+01:00 INFO : Filtering template 56/96 segment 1/5
2026-09-06T21:25:31.315+01:00 INFO : 1 points above threshold
2026-09-06T21:25:31.335+01:00 INFO : Filtering template 56/96 segment 2/5
2026-09-06T21:25:31.352+01:00 INFO : 1 points above threshold
2026-09-06T21:25:31.358+01:00 INFO : Filtering template 56/96 segment 3/5
2026-09-06T21:25:31.375+01:00 INFO : 3 points above threshold
2026-09-06T21:25:31.385+01:00 INFO : Filtering template 56/96 segment 4/5
2026-09-06T21:25:31.402+01:00 INFO : Filtering template 56/96 segment 5/5
2026-09-06T21:25:31.420+01:00 INFO : 1 points above threshold
2026-09-06T21:25:31.426+01:00 INFO : 56: generating IMRPhenomD from 30.0 Hz
2026-09-06T21:25:31.429+01:00 INFO : Decompressing waveform using inline_linear
2026-09-06T21:25:31.434+01:00 INFO : Filtering template 57/96 segment 1/5
2026-09-06T21:25:31.454+01:00 INFO : 1 points above threshold
2026-09-06T21:25:31.470+01:00 INFO : Filtering template 57/96 segment 2/5
2026-09-06T21:25:31.487+01:00 INFO : 2 points above threshold
2026-09-06T21:25:31.494+01:00 INFO : Filtering template 57/96 segment 3/5
2026-09-06T21:25:31.512+01:00 INFO : 2 points above threshold
2026-09-06T21:25:31.519+01:00 INFO : Filtering template 57/96 segment 4/5
2026-09-06T21:25:31.537+01:00 INFO : 2 points above threshold
2026-09-06T21:25:31.544+01:00 INFO : Filtering template 57/96 segment 5/5
2026-09-06T21:25:31.562+01:00 INFO : 57: generating IMRPhenomD from 30.0 Hz
2026-09-06T21:25:31.565+01:00 INFO : Decompressing waveform using inline_linear
2026-09-06T21:25:31.570+01:00 INFO : Filtering template 58/96 segment 1/5
2026-09-06T21:25:31.590+01:00 INFO : 1 points above threshold
2026-09-06T21:25:31.606+01:00 INFO : Filtering template 58/96 segment 2/5
2026-09-06T21:25:31.624+01:00 INFO : 2 points above threshold
2026-09-06T21:25:31.631+01:00 INFO : Filtering template 58/96 segment 3/5
2026-09-06T21:25:31.648+01:00 INFO : 1 points above threshold
2026-09-06T21:25:31.654+01:00 INFO : Filtering template 58/96 segment 4/5
2026-09-06T21:25:31.672+01:00 INFO : 1 points above threshold
2026-09-06T21:25:31.677+01:00 INFO : Filtering template 58/96 segment 5/5
2026-09-06T21:25:31.695+01:00 INFO : 2 points above threshold
2026-09-06T21:25:31.702+01:00 INFO : 58: generating IMRPhenomD from 30.0 Hz
2026-09-06T21:25:31.705+01:00 INFO : Decompressing waveform using inline_linear
2026-09-06T21:25:31.710+01:00 INFO : Filtering template 59/96 segment 1/5
2026-09-06T21:25:31.730+01:00 INFO : 1 points above threshold
2026-09-06T21:25:31.746+01:00 INFO : Filtering template 59/96 segment 2/5
2026-09-06T21:25:31.764+01:00 INFO : 2 points above threshold
2026-09-06T21:25:31.771+01:00 INFO : Filtering template 59/96 segment 3/5
2026-09-06T21:25:31.789+01:00 INFO : 2 points above threshold
2026-09-06T21:25:31.796+01:00 INFO : Filtering template 59/96 segment 4/5
2026-09-06T21:25:31.813+01:00 INFO : 1 points above threshold
2026-09-06T21:25:31.819+01:00 INFO : Filtering template 59/96 segment 5/5
2026-09-06T21:25:31.837+01:00 INFO : 59: generating IMRPhenomD from 30.0 Hz
2026-09-06T21:25:31.840+01:00 INFO : Decompressing waveform using inline_linear
2026-09-06T21:25:31.845+01:00 INFO : Filtering template 60/96 segment 1/5
2026-09-06T21:25:31.865+01:00 INFO : Filtering template 60/96 segment 2/5
2026-09-06T21:25:31.883+01:00 INFO : Filtering template 60/96 segment 3/5
2026-09-06T21:25:31.901+01:00 INFO : 1 points above threshold
2026-09-06T21:25:31.916+01:00 INFO : Filtering template 60/96 segment 4/5
2026-09-06T21:25:31.934+01:00 INFO : 2 points above threshold
2026-09-06T21:25:31.941+01:00 INFO : Filtering template 60/96 segment 5/5
2026-09-06T21:25:31.959+01:00 INFO : 60: generating IMRPhenomD from 30.0 Hz
2026-09-06T21:25:31.962+01:00 INFO : Decompressing waveform using inline_linear
2026-09-06T21:25:31.967+01:00 INFO : Filtering template 61/96 segment 1/5
2026-09-06T21:25:31.987+01:00 INFO : Filtering template 61/96 segment 2/5
2026-09-06T21:25:32.005+01:00 INFO : 2 points above threshold
2026-09-06T21:25:32.023+01:00 INFO : Filtering template 61/96 segment 3/5
2026-09-06T21:25:32.040+01:00 INFO : 1 points above threshold
2026-09-06T21:25:32.046+01:00 INFO : Filtering template 61/96 segment 4/5
2026-09-06T21:25:32.064+01:00 INFO : 1 points above threshold
2026-09-06T21:25:32.069+01:00 INFO : Filtering template 61/96 segment 5/5
2026-09-06T21:25:32.087+01:00 INFO : 61: generating IMRPhenomD from 30.0 Hz
2026-09-06T21:25:32.090+01:00 INFO : Decompressing waveform using inline_linear
2026-09-06T21:25:32.095+01:00 INFO : Filtering template 62/96 segment 1/5
2026-09-06T21:25:32.115+01:00 INFO : 2 points above threshold
2026-09-06T21:25:32.133+01:00 INFO : Filtering template 62/96 segment 2/5
2026-09-06T21:25:32.150+01:00 INFO : Filtering template 62/96 segment 3/5
2026-09-06T21:25:32.168+01:00 INFO : Filtering template 62/96 segment 4/5
2026-09-06T21:25:32.186+01:00 INFO : 5 points above threshold
2026-09-06T21:25:32.198+01:00 INFO : Filtering template 62/96 segment 5/5
2026-09-06T21:25:32.216+01:00 INFO : 62: generating IMRPhenomD from 30.0 Hz
2026-09-06T21:25:32.219+01:00 INFO : Decompressing waveform using inline_linear
2026-09-06T21:25:32.224+01:00 INFO : Filtering template 63/96 segment 1/5
2026-09-06T21:25:32.244+01:00 INFO : Filtering template 63/96 segment 2/5
2026-09-06T21:25:32.262+01:00 INFO : 1 points above threshold
2026-09-06T21:25:32.277+01:00 INFO : Filtering template 63/96 segment 3/5
2026-09-06T21:25:32.295+01:00 INFO : 2 points above threshold
2026-09-06T21:25:32.302+01:00 INFO : Filtering template 63/96 segment 4/5
2026-09-06T21:25:32.320+01:00 INFO : 1 points above threshold
2026-09-06T21:25:32.325+01:00 INFO : Filtering template 63/96 segment 5/5
2026-09-06T21:25:32.343+01:00 INFO : 1 points above threshold
2026-09-06T21:25:32.349+01:00 INFO : 63: generating IMRPhenomD from 30.0 Hz
2026-09-06T21:25:32.352+01:00 INFO : Decompressing waveform using inline_linear
2026-09-06T21:25:32.357+01:00 INFO : Filtering template 64/96 segment 1/5
2026-09-06T21:25:32.377+01:00 INFO : 2 points above threshold
2026-09-06T21:25:32.394+01:00 INFO : Filtering template 64/96 segment 2/5
2026-09-06T21:25:32.412+01:00 INFO : 1 points above threshold
2026-09-06T21:25:32.417+01:00 INFO : Filtering template 64/96 segment 3/5
2026-09-06T21:25:32.435+01:00 INFO : Filtering template 64/96 segment 4/5
2026-09-06T21:25:32.453+01:00 INFO : Filtering template 64/96 segment 5/5
2026-09-06T21:25:32.471+01:00 INFO : 64: generating IMRPhenomD from 30.0 Hz
2026-09-06T21:25:32.474+01:00 INFO : Decompressing waveform using inline_linear
2026-09-06T21:25:32.479+01:00 INFO : Filtering template 65/96 segment 1/5
2026-09-06T21:25:32.499+01:00 INFO : 2 points above threshold
2026-09-06T21:25:32.516+01:00 INFO : Filtering template 65/96 segment 2/5
2026-09-06T21:25:32.534+01:00 INFO : 2 points above threshold
2026-09-06T21:25:32.541+01:00 INFO : Filtering template 65/96 segment 3/5
2026-09-06T21:25:32.559+01:00 INFO : 1 points above threshold
2026-09-06T21:25:32.564+01:00 INFO : Filtering template 65/96 segment 4/5
2026-09-06T21:25:32.582+01:00 INFO : 2 points above threshold
2026-09-06T21:25:32.589+01:00 INFO : Filtering template 65/96 segment 5/5
2026-09-06T21:25:32.607+01:00 INFO : 65: generating IMRPhenomD from 30.0 Hz
2026-09-06T21:25:32.610+01:00 INFO : Decompressing waveform using inline_linear
2026-09-06T21:25:32.615+01:00 INFO : Filtering template 66/96 segment 1/5
2026-09-06T21:25:32.635+01:00 INFO : 1 points above threshold
2026-09-06T21:25:32.651+01:00 INFO : Filtering template 66/96 segment 2/5
2026-09-06T21:25:32.668+01:00 INFO : 1 points above threshold
2026-09-06T21:25:32.674+01:00 INFO : Filtering template 66/96 segment 3/5
2026-09-06T21:25:32.691+01:00 INFO : 2 points above threshold
2026-09-06T21:25:32.699+01:00 INFO : Filtering template 66/96 segment 4/5
2026-09-06T21:25:32.716+01:00 INFO : 1 points above threshold
2026-09-06T21:25:32.723+01:00 INFO : Filtering template 66/96 segment 5/5
2026-09-06T21:25:32.741+01:00 INFO : 66: generating IMRPhenomD from 30.0 Hz
2026-09-06T21:25:32.744+01:00 INFO : Decompressing waveform using inline_linear
2026-09-06T21:25:32.749+01:00 INFO : Filtering template 67/96 segment 1/5
2026-09-06T21:25:32.769+01:00 INFO : 3 points above threshold
2026-09-06T21:25:32.788+01:00 INFO : Filtering template 67/96 segment 2/5
2026-09-06T21:25:32.806+01:00 INFO : Filtering template 67/96 segment 3/5
2026-09-06T21:25:32.824+01:00 INFO : 1 points above threshold
2026-09-06T21:25:32.829+01:00 INFO : Filtering template 67/96 segment 4/5
2026-09-06T21:25:32.847+01:00 INFO : Filtering template 67/96 segment 5/5
2026-09-06T21:25:32.865+01:00 INFO : 67: generating IMRPhenomD from 30.0 Hz
2026-09-06T21:25:32.868+01:00 INFO : Decompressing waveform using inline_linear
2026-09-06T21:25:32.873+01:00 INFO : Filtering template 68/96 segment 1/5
2026-09-06T21:25:32.893+01:00 INFO : 1 points above threshold
2026-09-06T21:25:32.908+01:00 INFO : Filtering template 68/96 segment 2/5
2026-09-06T21:25:32.926+01:00 INFO : 1 points above threshold
2026-09-06T21:25:32.931+01:00 INFO : Filtering template 68/96 segment 3/5
2026-09-06T21:25:32.949+01:00 INFO : 1 points above threshold
2026-09-06T21:25:32.954+01:00 INFO : Filtering template 68/96 segment 4/5
2026-09-06T21:25:32.972+01:00 INFO : 1 points above threshold
2026-09-06T21:25:32.977+01:00 INFO : Filtering template 68/96 segment 5/5
2026-09-06T21:25:32.995+01:00 INFO : 1 points above threshold
2026-09-06T21:25:33.000+01:00 INFO : 68: generating IMRPhenomD from 30.0 Hz
2026-09-06T21:25:33.004+01:00 INFO : Decompressing waveform using inline_linear
2026-09-06T21:25:33.008+01:00 INFO : Filtering template 69/96 segment 1/5
2026-09-06T21:25:33.029+01:00 INFO : Filtering template 69/96 segment 2/5
2026-09-06T21:25:33.046+01:00 INFO : Filtering template 69/96 segment 3/5
2026-09-06T21:25:33.064+01:00 INFO : 1 points above threshold
2026-09-06T21:25:33.080+01:00 INFO : Filtering template 69/96 segment 4/5
2026-09-06T21:25:33.097+01:00 INFO : 2 points above threshold
2026-09-06T21:25:33.105+01:00 INFO : Filtering template 69/96 segment 5/5
2026-09-06T21:25:33.123+01:00 INFO : 69: generating IMRPhenomD from 30.0 Hz
2026-09-06T21:25:33.126+01:00 INFO : Decompressing waveform using inline_linear
2026-09-06T21:25:33.131+01:00 INFO : Filtering template 70/96 segment 1/5
2026-09-06T21:25:33.151+01:00 INFO : 2 points above threshold
2026-09-06T21:25:33.168+01:00 INFO : Filtering template 70/96 segment 2/5
2026-09-06T21:25:33.186+01:00 INFO : 2 points above threshold
2026-09-06T21:25:33.193+01:00 INFO : Filtering template 70/96 segment 3/5
2026-09-06T21:25:33.211+01:00 INFO : Filtering template 70/96 segment 4/5
2026-09-06T21:25:33.228+01:00 INFO : 2 points above threshold
2026-09-06T21:25:33.236+01:00 INFO : Filtering template 70/96 segment 5/5
2026-09-06T21:25:33.253+01:00 INFO : 2 points above threshold
2026-09-06T21:25:33.261+01:00 INFO : 70: generating IMRPhenomD from 30.0 Hz
2026-09-06T21:25:33.264+01:00 INFO : Decompressing waveform using inline_linear
2026-09-06T21:25:33.269+01:00 INFO : Filtering template 71/96 segment 1/5
2026-09-06T21:25:33.289+01:00 INFO : Filtering template 71/96 segment 2/5
2026-09-06T21:25:33.307+01:00 INFO : 1 points above threshold
2026-09-06T21:25:33.322+01:00 INFO : Filtering template 71/96 segment 3/5
2026-09-06T21:25:33.340+01:00 INFO : 1 points above threshold
2026-09-06T21:25:33.345+01:00 INFO : Filtering template 71/96 segment 4/5
2026-09-06T21:25:33.363+01:00 INFO : 3 points above threshold
2026-09-06T21:25:33.372+01:00 INFO : Filtering template 71/96 segment 5/5
2026-09-06T21:25:33.390+01:00 INFO : 71: generating IMRPhenomD from 30.0 Hz
2026-09-06T21:25:33.393+01:00 INFO : Decompressing waveform using inline_linear
2026-09-06T21:25:33.398+01:00 INFO : Filtering template 72/96 segment 1/5
2026-09-06T21:25:33.418+01:00 INFO : 2 points above threshold
2026-09-06T21:25:33.436+01:00 INFO : Filtering template 72/96 segment 2/5
2026-09-06T21:25:33.453+01:00 INFO : 1 points above threshold
2026-09-06T21:25:33.459+01:00 INFO : Filtering template 72/96 segment 3/5
2026-09-06T21:25:33.476+01:00 INFO : 1 points above threshold
2026-09-06T21:25:33.482+01:00 INFO : Filtering template 72/96 segment 4/5
2026-09-06T21:25:33.499+01:00 INFO : 3 points above threshold
2026-09-06T21:25:33.509+01:00 INFO : Filtering template 72/96 segment 5/5
2026-09-06T21:25:33.527+01:00 INFO : 3 points above threshold
2026-09-06T21:25:33.536+01:00 INFO : 72: generating IMRPhenomD from 30.0 Hz
2026-09-06T21:25:33.539+01:00 INFO : Decompressing waveform using inline_linear
2026-09-06T21:25:33.544+01:00 INFO : Filtering template 73/96 segment 1/5
2026-09-06T21:25:33.564+01:00 INFO : 1 points above threshold
2026-09-06T21:25:33.580+01:00 INFO : Filtering template 73/96 segment 2/5
2026-09-06T21:25:33.598+01:00 INFO : 1 points above threshold
2026-09-06T21:25:33.603+01:00 INFO : Filtering template 73/96 segment 3/5
2026-09-06T21:25:33.621+01:00 INFO : 1 points above threshold
2026-09-06T21:25:33.626+01:00 INFO : Filtering template 73/96 segment 4/5
2026-09-06T21:25:33.644+01:00 INFO : Filtering template 73/96 segment 5/5
2026-09-06T21:25:33.661+01:00 INFO : 1 points above threshold
2026-09-06T21:25:33.668+01:00 INFO : 73: generating IMRPhenomD from 30.0 Hz
2026-09-06T21:25:33.671+01:00 INFO : Decompressing waveform using inline_linear
2026-09-06T21:25:33.676+01:00 INFO : Filtering template 74/96 segment 1/5
2026-09-06T21:25:33.696+01:00 INFO : 3 points above threshold
2026-09-06T21:25:33.715+01:00 INFO : Filtering template 74/96 segment 2/5
2026-09-06T21:25:33.733+01:00 INFO : 3 points above threshold
2026-09-06T21:25:33.742+01:00 INFO : Filtering template 74/96 segment 3/5
2026-09-06T21:25:33.760+01:00 INFO : Filtering template 74/96 segment 4/5
2026-09-06T21:25:33.778+01:00 INFO : 1 points above threshold
2026-09-06T21:25:33.783+01:00 INFO : Filtering template 74/96 segment 5/5
2026-09-06T21:25:33.801+01:00 INFO : 74: generating IMRPhenomD from 30.0 Hz
2026-09-06T21:25:33.804+01:00 INFO : Decompressing waveform using inline_linear
2026-09-06T21:25:33.809+01:00 INFO : Filtering template 75/96 segment 1/5
2026-09-06T21:25:33.829+01:00 INFO : Filtering template 75/96 segment 2/5
2026-09-06T21:25:33.847+01:00 INFO : 1 points above threshold
2026-09-06T21:25:33.864+01:00 INFO : Filtering template 75/96 segment 3/5
2026-09-06T21:25:33.882+01:00 INFO : 2 points above threshold
2026-09-06T21:25:33.889+01:00 INFO : Filtering template 75/96 segment 4/5
2026-09-06T21:25:33.907+01:00 INFO : Filtering template 75/96 segment 5/5
2026-09-06T21:25:33.924+01:00 INFO : 2 points above threshold
2026-09-06T21:25:33.932+01:00 INFO : 75: generating IMRPhenomD from 30.0 Hz
2026-09-06T21:25:33.935+01:00 INFO : Decompressing waveform using inline_linear
2026-09-06T21:25:33.940+01:00 INFO : Filtering template 76/96 segment 1/5
2026-09-06T21:25:33.960+01:00 INFO : 1 points above threshold
2026-09-06T21:25:33.977+01:00 INFO : Filtering template 76/96 segment 2/5
2026-09-06T21:25:33.994+01:00 INFO : Filtering template 76/96 segment 3/5
2026-09-06T21:25:34.012+01:00 INFO : 1 points above threshold
2026-09-06T21:25:34.017+01:00 INFO : Filtering template 76/96 segment 4/5
2026-09-06T21:25:34.036+01:00 INFO : Filtering template 76/96 segment 5/5
2026-09-06T21:25:34.055+01:00 INFO : 2 points above threshold
2026-09-06T21:25:34.063+01:00 INFO : 76: generating IMRPhenomD from 30.0 Hz
2026-09-06T21:25:34.066+01:00 INFO : Decompressing waveform using inline_linear
2026-09-06T21:25:34.071+01:00 INFO : Filtering template 77/96 segment 1/5
2026-09-06T21:25:34.093+01:00 INFO : Filtering template 77/96 segment 2/5
2026-09-06T21:25:34.120+01:00 INFO : 1 points above threshold
2026-09-06T21:25:34.139+01:00 INFO : Filtering template 77/96 segment 3/5
2026-09-06T21:25:34.159+01:00 INFO : Filtering template 77/96 segment 4/5
2026-09-06T21:25:34.177+01:00 INFO : 1 points above threshold
2026-09-06T21:25:34.183+01:00 INFO : Filtering template 77/96 segment 5/5
2026-09-06T21:25:34.201+01:00 INFO : 77: generating IMRPhenomD from 30.0 Hz
2026-09-06T21:25:34.204+01:00 INFO : Decompressing waveform using inline_linear
2026-09-06T21:25:34.209+01:00 INFO : Filtering template 78/96 segment 1/5
2026-09-06T21:25:34.229+01:00 INFO : Filtering template 78/96 segment 2/5
2026-09-06T21:25:34.247+01:00 INFO : Filtering template 78/96 segment 3/5
2026-09-06T21:25:34.265+01:00 INFO : Filtering template 78/96 segment 4/5
2026-09-06T21:25:34.283+01:00 INFO : 1 points above threshold
2026-09-06T21:25:34.300+01:00 INFO : Filtering template 78/96 segment 5/5
2026-09-06T21:25:34.318+01:00 INFO : 78: generating IMRPhenomD from 30.0 Hz
2026-09-06T21:25:34.321+01:00 INFO : Decompressing waveform using inline_linear
2026-09-06T21:25:34.326+01:00 INFO : Filtering template 79/96 segment 1/5
2026-09-06T21:25:34.346+01:00 INFO : 2 points above threshold
2026-09-06T21:25:34.364+01:00 INFO : Filtering template 79/96 segment 2/5
2026-09-06T21:25:34.382+01:00 INFO : Filtering template 79/96 segment 3/5
2026-09-06T21:25:34.399+01:00 INFO : 1 points above threshold
2026-09-06T21:25:34.405+01:00 INFO : Filtering template 79/96 segment 4/5
2026-09-06T21:25:34.422+01:00 INFO : 1 points above threshold
2026-09-06T21:25:34.428+01:00 INFO : Filtering template 79/96 segment 5/5
2026-09-06T21:25:34.445+01:00 INFO : 3 points above threshold
2026-09-06T21:25:34.455+01:00 INFO : 79: generating IMRPhenomD from 30.0 Hz
2026-09-06T21:25:34.458+01:00 INFO : Decompressing waveform using inline_linear
2026-09-06T21:25:34.463+01:00 INFO : Filtering template 80/96 segment 1/5
2026-09-06T21:25:34.483+01:00 INFO : 2 points above threshold
2026-09-06T21:25:34.500+01:00 INFO : Filtering template 80/96 segment 2/5
2026-09-06T21:25:34.518+01:00 INFO : 1 points above threshold
2026-09-06T21:25:34.524+01:00 INFO : Filtering template 80/96 segment 3/5
2026-09-06T21:25:34.541+01:00 INFO : 1 points above threshold
2026-09-06T21:25:34.546+01:00 INFO : Filtering template 80/96 segment 4/5
2026-09-06T21:25:34.564+01:00 INFO : Filtering template 80/96 segment 5/5
2026-09-06T21:25:34.582+01:00 INFO : 1 points above threshold
2026-09-06T21:25:34.587+01:00 INFO : 80: generating IMRPhenomD from 30.0 Hz
2026-09-06T21:25:34.590+01:00 INFO : Decompressing waveform using inline_linear
2026-09-06T21:25:34.595+01:00 INFO : Filtering template 81/96 segment 1/5
2026-09-06T21:25:34.615+01:00 INFO : 1 points above threshold
2026-09-06T21:25:34.631+01:00 INFO : Filtering template 81/96 segment 2/5
2026-09-06T21:25:34.649+01:00 INFO : 2 points above threshold
2026-09-06T21:25:34.656+01:00 INFO : Filtering template 81/96 segment 3/5
2026-09-06T21:25:34.674+01:00 INFO : 1 points above threshold
2026-09-06T21:25:34.679+01:00 INFO : Filtering template 81/96 segment 4/5
2026-09-06T21:25:34.697+01:00 INFO : Filtering template 81/96 segment 5/5
2026-09-06T21:25:34.715+01:00 INFO : 1 points above threshold
2026-09-06T21:25:34.721+01:00 INFO : 81: generating IMRPhenomD from 30.0 Hz
2026-09-06T21:25:34.724+01:00 INFO : Decompressing waveform using inline_linear
2026-09-06T21:25:34.729+01:00 INFO : Filtering template 82/96 segment 1/5
2026-09-06T21:25:34.749+01:00 INFO : Filtering template 82/96 segment 2/5
2026-09-06T21:25:34.766+01:00 INFO : 2 points above threshold
2026-09-06T21:25:34.784+01:00 INFO : Filtering template 82/96 segment 3/5
2026-09-06T21:25:34.801+01:00 INFO : 1 points above threshold
2026-09-06T21:25:34.807+01:00 INFO : Filtering template 82/96 segment 4/5
2026-09-06T21:25:34.825+01:00 INFO : Filtering template 82/96 segment 5/5
2026-09-06T21:25:34.843+01:00 INFO : 82: generating IMRPhenomD from 30.0 Hz
2026-09-06T21:25:34.846+01:00 INFO : Decompressing waveform using inline_linear
2026-09-06T21:25:34.851+01:00 INFO : Filtering template 83/96 segment 1/5
2026-09-06T21:25:34.871+01:00 INFO : 1 points above threshold
2026-09-06T21:25:34.887+01:00 INFO : Filtering template 83/96 segment 2/5
2026-09-06T21:25:34.905+01:00 INFO : 2 points above threshold
2026-09-06T21:25:34.912+01:00 INFO : Filtering template 83/96 segment 3/5
2026-09-06T21:25:34.930+01:00 INFO : 2 points above threshold
2026-09-06T21:25:34.937+01:00 INFO : Filtering template 83/96 segment 4/5
2026-09-06T21:25:34.954+01:00 INFO : 3 points above threshold
2026-09-06T21:25:34.964+01:00 INFO : Filtering template 83/96 segment 5/5
2026-09-06T21:25:34.982+01:00 INFO : 3 points above threshold
2026-09-06T21:25:34.992+01:00 INFO : 83: generating IMRPhenomD from 30.0 Hz
2026-09-06T21:25:34.995+01:00 INFO : Decompressing waveform using inline_linear
2026-09-06T21:25:35.000+01:00 INFO : Filtering template 84/96 segment 1/5
2026-09-06T21:25:35.020+01:00 INFO : Filtering template 84/96 segment 2/5
2026-09-06T21:25:35.037+01:00 INFO : Filtering template 84/96 segment 3/5
2026-09-06T21:25:35.055+01:00 INFO : 1 points above threshold
2026-09-06T21:25:35.071+01:00 INFO : Filtering template 84/96 segment 4/5
2026-09-06T21:25:35.088+01:00 INFO : 3 points above threshold
2026-09-06T21:25:35.098+01:00 INFO : Filtering template 84/96 segment 5/5
2026-09-06T21:25:35.116+01:00 INFO : 84: generating IMRPhenomD from 30.0 Hz
2026-09-06T21:25:35.119+01:00 INFO : Decompressing waveform using inline_linear
2026-09-06T21:25:35.124+01:00 INFO : Filtering template 85/96 segment 1/5
2026-09-06T21:25:35.144+01:00 INFO : 1 points above threshold
2026-09-06T21:25:35.160+01:00 INFO : Filtering template 85/96 segment 2/5
2026-09-06T21:25:35.177+01:00 INFO : 2 points above threshold
2026-09-06T21:25:35.185+01:00 INFO : Filtering template 85/96 segment 3/5
2026-09-06T21:25:35.202+01:00 INFO : 1 points above threshold
2026-09-06T21:25:35.208+01:00 INFO : Filtering template 85/96 segment 4/5
2026-09-06T21:25:35.225+01:00 INFO : 3 points above threshold
2026-09-06T21:25:35.235+01:00 INFO : Filtering template 85/96 segment 5/5
2026-09-06T21:25:35.252+01:00 INFO : 2 points above threshold
2026-09-06T21:25:35.260+01:00 INFO : 85: generating IMRPhenomD from 30.0 Hz
2026-09-06T21:25:35.263+01:00 INFO : Decompressing waveform using inline_linear
2026-09-06T21:25:35.268+01:00 INFO : Filtering template 86/96 segment 1/5
2026-09-06T21:25:35.288+01:00 INFO : 2 points above threshold
2026-09-06T21:25:35.305+01:00 INFO : Filtering template 86/96 segment 2/5
2026-09-06T21:25:35.323+01:00 INFO : 2 points above threshold
2026-09-06T21:25:35.330+01:00 INFO : Filtering template 86/96 segment 3/5
2026-09-06T21:25:35.348+01:00 INFO : 1 points above threshold
2026-09-06T21:25:35.353+01:00 INFO : Filtering template 86/96 segment 4/5
2026-09-06T21:25:35.371+01:00 INFO : 1 points above threshold
2026-09-06T21:25:35.376+01:00 INFO : Filtering template 86/96 segment 5/5
2026-09-06T21:25:35.394+01:00 INFO : 2 points above threshold
2026-09-06T21:25:35.401+01:00 INFO : 86: generating IMRPhenomD from 30.0 Hz
2026-09-06T21:25:35.404+01:00 INFO : Decompressing waveform using inline_linear
2026-09-06T21:25:35.409+01:00 INFO : Filtering template 87/96 segment 1/5
2026-09-06T21:25:35.429+01:00 INFO : 1 points above threshold
2026-09-06T21:25:35.445+01:00 INFO : Filtering template 87/96 segment 2/5
2026-09-06T21:25:35.463+01:00 INFO : 2 points above threshold
2026-09-06T21:25:35.470+01:00 INFO : Filtering template 87/96 segment 3/5
2026-09-06T21:25:35.488+01:00 INFO : 1 points above threshold
2026-09-06T21:25:35.493+01:00 INFO : Filtering template 87/96 segment 4/5
2026-09-06T21:25:35.511+01:00 INFO : 1 points above threshold
2026-09-06T21:25:35.517+01:00 INFO : Filtering template 87/96 segment 5/5
2026-09-06T21:25:35.534+01:00 INFO : 1 points above threshold
2026-09-06T21:25:35.540+01:00 INFO : 87: generating IMRPhenomD from 30.0 Hz
2026-09-06T21:25:35.543+01:00 INFO : Decompressing waveform using inline_linear
2026-09-06T21:25:35.548+01:00 INFO : Filtering template 88/96 segment 1/5
2026-09-06T21:25:35.568+01:00 INFO : 2 points above threshold
2026-09-06T21:25:35.585+01:00 INFO : Filtering template 88/96 segment 2/5
2026-09-06T21:25:35.603+01:00 INFO : 1 points above threshold
2026-09-06T21:25:35.608+01:00 INFO : Filtering template 88/96 segment 3/5
2026-09-06T21:25:35.626+01:00 INFO : Filtering template 88/96 segment 4/5
2026-09-06T21:25:35.644+01:00 INFO : Filtering template 88/96 segment 5/5
2026-09-06T21:25:35.662+01:00 INFO : 2 points above threshold
2026-09-06T21:25:35.669+01:00 INFO : 88: generating IMRPhenomD from 30.0 Hz
2026-09-06T21:25:35.672+01:00 INFO : Decompressing waveform using inline_linear
2026-09-06T21:25:35.677+01:00 INFO : Filtering template 89/96 segment 1/5
2026-09-06T21:25:35.697+01:00 INFO : 2 points above threshold
2026-09-06T21:25:35.715+01:00 INFO : Filtering template 89/96 segment 2/5
2026-09-06T21:25:35.732+01:00 INFO : 1 points above threshold
2026-09-06T21:25:35.738+01:00 INFO : Filtering template 89/96 segment 3/5
2026-09-06T21:25:35.755+01:00 INFO : 2 points above threshold
2026-09-06T21:25:35.763+01:00 INFO : Filtering template 89/96 segment 4/5
2026-09-06T21:25:35.780+01:00 INFO : Filtering template 89/96 segment 5/5
2026-09-06T21:25:35.799+01:00 INFO : 89: generating IMRPhenomD from 30.0 Hz
2026-09-06T21:25:35.802+01:00 INFO : Decompressing waveform using inline_linear
2026-09-06T21:25:35.807+01:00 INFO : Filtering template 90/96 segment 1/5
2026-09-06T21:25:35.827+01:00 INFO : Filtering template 90/96 segment 2/5
2026-09-06T21:25:35.845+01:00 INFO : 1 points above threshold
2026-09-06T21:25:35.860+01:00 INFO : Filtering template 90/96 segment 3/5
2026-09-06T21:25:35.878+01:00 INFO : 3 points above threshold
2026-09-06T21:25:35.887+01:00 INFO : Filtering template 90/96 segment 4/5
2026-09-06T21:25:35.905+01:00 INFO : Filtering template 90/96 segment 5/5
2026-09-06T21:25:35.923+01:00 INFO : 1 points above threshold
2026-09-06T21:25:35.929+01:00 INFO : 90: generating IMRPhenomD from 30.0 Hz
2026-09-06T21:25:35.932+01:00 INFO : Decompressing waveform using inline_linear
2026-09-06T21:25:35.937+01:00 INFO : Filtering template 91/96 segment 1/5
2026-09-06T21:25:35.957+01:00 INFO : Filtering template 91/96 segment 2/5
2026-09-06T21:25:35.975+01:00 INFO : 2 points above threshold
2026-09-06T21:25:35.992+01:00 INFO : Filtering template 91/96 segment 3/5
2026-09-06T21:25:36.010+01:00 INFO : 3 points above threshold
2026-09-06T21:25:36.019+01:00 INFO : Filtering template 91/96 segment 4/5
2026-09-06T21:25:36.037+01:00 INFO : Filtering template 91/96 segment 5/5
2026-09-06T21:25:36.054+01:00 INFO : 1 points above threshold
2026-09-06T21:25:36.060+01:00 INFO : 91: generating IMRPhenomD from 30.0 Hz
2026-09-06T21:25:36.063+01:00 INFO : Decompressing waveform using inline_linear
2026-09-06T21:25:36.068+01:00 INFO : Filtering template 92/96 segment 1/5
2026-09-06T21:25:36.088+01:00 INFO : 2 points above threshold
2026-09-06T21:25:36.106+01:00 INFO : Filtering template 92/96 segment 2/5
2026-09-06T21:25:36.123+01:00 INFO : 1 points above threshold
2026-09-06T21:25:36.129+01:00 INFO : Filtering template 92/96 segment 3/5
2026-09-06T21:25:36.146+01:00 INFO : 2 points above threshold
2026-09-06T21:25:36.154+01:00 INFO : Filtering template 92/96 segment 4/5
2026-09-06T21:25:36.171+01:00 INFO : 1 points above threshold
2026-09-06T21:25:36.177+01:00 INFO : Filtering template 92/96 segment 5/5
2026-09-06T21:25:36.194+01:00 INFO : 1 points above threshold
2026-09-06T21:25:36.203+01:00 INFO : 92: generating IMRPhenomD from 30.0 Hz
2026-09-06T21:25:36.206+01:00 INFO : Decompressing waveform using inline_linear
2026-09-06T21:25:36.211+01:00 INFO : Filtering template 93/96 segment 1/5
2026-09-06T21:25:36.231+01:00 INFO : Filtering template 93/96 segment 2/5
2026-09-06T21:25:36.249+01:00 INFO : 3 points above threshold
2026-09-06T21:25:36.268+01:00 INFO : Filtering template 93/96 segment 3/5
2026-09-06T21:25:36.286+01:00 INFO : 3 points above threshold
2026-09-06T21:25:36.296+01:00 INFO : Filtering template 93/96 segment 4/5
2026-09-06T21:25:36.313+01:00 INFO : 1 points above threshold
2026-09-06T21:25:36.319+01:00 INFO : Filtering template 93/96 segment 5/5
2026-09-06T21:25:36.336+01:00 INFO : 1 points above threshold
2026-09-06T21:25:36.345+01:00 INFO : 93: generating IMRPhenomD from 30.0 Hz
2026-09-06T21:25:36.348+01:00 INFO : Decompressing waveform using inline_linear
2026-09-06T21:25:36.353+01:00 INFO : Filtering template 94/96 segment 1/5
2026-09-06T21:25:36.373+01:00 INFO : 1 points above threshold
2026-09-06T21:25:36.388+01:00 INFO : Filtering template 94/96 segment 2/5
2026-09-06T21:25:36.406+01:00 INFO : 2 points above threshold
2026-09-06T21:25:36.413+01:00 INFO : Filtering template 94/96 segment 3/5
2026-09-06T21:25:36.431+01:00 INFO : 4 points above threshold
2026-09-06T21:25:36.439+01:00 INFO : Filtering template 94/96 segment 4/5
2026-09-06T21:25:36.457+01:00 INFO : Filtering template 94/96 segment 5/5
2026-09-06T21:25:36.475+01:00 INFO : 2 points above threshold
2026-09-06T21:25:36.483+01:00 INFO : 94: generating IMRPhenomD from 30.0 Hz
2026-09-06T21:25:36.486+01:00 INFO : Decompressing waveform using inline_linear
2026-09-06T21:25:36.491+01:00 INFO : Filtering template 95/96 segment 1/5
2026-09-06T21:25:36.511+01:00 INFO : 3 points above threshold
2026-09-06T21:25:36.530+01:00 INFO : Filtering template 95/96 segment 2/5
2026-09-06T21:25:36.548+01:00 INFO : 2 points above threshold
2026-09-06T21:25:36.555+01:00 INFO : Filtering template 95/96 segment 3/5
2026-09-06T21:25:36.573+01:00 INFO : 2 points above threshold
2026-09-06T21:25:36.580+01:00 INFO : Filtering template 95/96 segment 4/5
2026-09-06T21:25:36.598+01:00 INFO : 1 points above threshold
2026-09-06T21:25:36.603+01:00 INFO : Filtering template 95/96 segment 5/5
2026-09-06T21:25:36.621+01:00 INFO : 95: generating IMRPhenomD from 30.0 Hz
2026-09-06T21:25:36.624+01:00 INFO : Decompressing waveform using inline_linear
2026-09-06T21:25:36.629+01:00 INFO : Filtering template 96/96 segment 1/5
2026-09-06T21:25:36.649+01:00 INFO : 2 points above threshold
2026-09-06T21:25:36.667+01:00 INFO : Filtering template 96/96 segment 2/5
2026-09-06T21:25:36.685+01:00 INFO : Filtering template 96/96 segment 3/5
2026-09-06T21:25:36.702+01:00 INFO : Filtering template 96/96 segment 4/5
2026-09-06T21:25:36.720+01:00 INFO : 1 points above threshold
2026-09-06T21:25:36.726+01:00 INFO : Filtering template 96/96 segment 5/5
2026-09-06T21:25:36.744+01:00 INFO : We currently have 527 triggers
2026-09-06T21:25:36.744+01:00 INFO : Removing triggers with NewSNR below threshold
2026-09-06T21:25:36.744+01:00 INFO : 475 remaining triggers
2026-09-06T21:25:36.744+01:00 INFO : Outputting 475 triggers
2026-09-06T21:25:36.744+01:00 INFO : Writing out triggers
2026-09-06T21:25:36.757+01:00 INFO : Finished
