2026-09-06T18:03:49.322+01:00 INFO : Running with CPU support: 1 threads
2026-09-06T18:03:49.322+01:00 INFO : Reading Frames
2026-09-06T18:03:56.018+01:00 INFO : Highpass Filtering
2026-09-06T18:03:56.471+01:00 INFO : Resampling data
2026-09-06T18:03:56.483+01:00 INFO : Converting to float32
/home/xangma/pycbc-torch-inspiral-reference-20260906/source/pycbc/types/array.py:872: RuntimeWarning: divide by zero encountered in divide
  return self._data.__rtruediv__(other)
2026-09-06T18:04:01.571+01:00 INFO : Highpass Filtering
2026-09-06T18:04:02.013+01:00 INFO : Remove Padding
2026-09-06T18:04:02.061+01:00 INFO : Making frequency-domain data segments
/home/xangma/pycbc-torch-inspiral-reference-20260906/source/pycbc/types/array.py:872: RuntimeWarning: divide by zero encountered in divide
  return self._data.__rtruediv__(other)
2026-09-06T18:04:04.157+01:00 INFO : Overwhitening frequency-domain data segments
2026-09-06T18:04:04.181+01:00 INFO : Read in template bank
2026-09-06T18:04:04.192+01:00 INFO : Full template bank size: 96
2026-09-06T18:04:04.193+01:00 INFO : Template bank size after thinning: 96
2026-09-06T18:04:04.193+01:00 INFO : 0: generating IMRPhenomD from 30.0 Hz
2026-09-06T18:04:04.218+01:00 INFO : Decompressing waveform using inline_linear
2026-09-06T18:04:04.228+01:00 INFO : Filtering template 1/96 segment 1/3
2026-09-06T18:04:04.313+01:00 INFO : 1 points above threshold
2026-09-06T18:04:04.345+01:00 INFO : Filtering template 1/96 segment 2/3
2026-09-06T18:04:04.384+01:00 INFO : 1 points above threshold
2026-09-06T18:04:04.394+01:00 INFO : Filtering template 1/96 segment 3/3
2026-09-06T18:04:04.432+01:00 INFO : 1 points above threshold
2026-09-06T18:04:04.442+01:00 INFO : 1: generating IMRPhenomD from 30.0 Hz
2026-09-06T18:04:04.446+01:00 INFO : Decompressing waveform using inline_linear
2026-09-06T18:04:04.456+01:00 INFO : Filtering template 2/96 segment 1/3
2026-09-06T18:04:04.499+01:00 INFO : 1 points above threshold
2026-09-06T18:04:04.529+01:00 INFO : Filtering template 2/96 segment 2/3
2026-09-06T18:04:04.567+01:00 INFO : 3 points above threshold
2026-09-06T18:04:04.581+01:00 INFO : Filtering template 2/96 segment 3/3
2026-09-06T18:04:04.619+01:00 INFO : 1 points above threshold
2026-09-06T18:04:04.629+01:00 INFO : 2: generating IMRPhenomD from 30.0 Hz
2026-09-06T18:04:04.633+01:00 INFO : Decompressing waveform using inline_linear
2026-09-06T18:04:04.643+01:00 INFO : Filtering template 3/96 segment 1/3
2026-09-06T18:04:04.686+01:00 INFO : 3 points above threshold
2026-09-06T18:04:04.718+01:00 INFO : Filtering template 3/96 segment 2/3
2026-09-06T18:04:04.756+01:00 INFO : 1 points above threshold
2026-09-06T18:04:04.766+01:00 INFO : Filtering template 3/96 segment 3/3
2026-09-06T18:04:04.804+01:00 INFO : 1 points above threshold
2026-09-06T18:04:04.814+01:00 INFO : 3: generating IMRPhenomD from 30.0 Hz
2026-09-06T18:04:04.818+01:00 INFO : Decompressing waveform using inline_linear
2026-09-06T18:04:04.827+01:00 INFO : Filtering template 4/96 segment 1/3
2026-09-06T18:04:04.871+01:00 INFO : 1 points above threshold
2026-09-06T18:04:04.899+01:00 INFO : Filtering template 4/96 segment 2/3
2026-09-06T18:04:04.937+01:00 INFO : 3 points above threshold
2026-09-06T18:04:04.950+01:00 INFO : Filtering template 4/96 segment 3/3
2026-09-06T18:04:04.988+01:00 INFO : 4 points above threshold
2026-09-06T18:04:04.999+01:00 INFO : 4: generating IMRPhenomD from 30.0 Hz
2026-09-06T18:04:05.005+01:00 INFO : Decompressing waveform using inline_linear
2026-09-06T18:04:05.015+01:00 INFO : Filtering template 5/96 segment 1/3
2026-09-06T18:04:05.062+01:00 INFO : 1 points above threshold
2026-09-06T18:04:05.092+01:00 INFO : Filtering template 5/96 segment 2/3
2026-09-06T18:04:05.129+01:00 INFO : 4 points above threshold
2026-09-06T18:04:05.139+01:00 INFO : Filtering template 5/96 segment 3/3
2026-09-06T18:04:05.177+01:00 INFO : 2 points above threshold
2026-09-06T18:04:05.187+01:00 INFO : 5: generating IMRPhenomD from 30.0 Hz
2026-09-06T18:04:05.192+01:00 INFO : Decompressing waveform using inline_linear
2026-09-06T18:04:05.201+01:00 INFO : Filtering template 6/96 segment 1/3
2026-09-06T18:04:05.244+01:00 INFO : 1 points above threshold
2026-09-06T18:04:05.274+01:00 INFO : Filtering template 6/96 segment 2/3
2026-09-06T18:04:05.312+01:00 INFO : Filtering template 6/96 segment 3/3
2026-09-06T18:04:05.350+01:00 INFO : 1 points above threshold
2026-09-06T18:04:05.361+01:00 INFO : 6: generating IMRPhenomD from 30.0 Hz
2026-09-06T18:04:05.365+01:00 INFO : Decompressing waveform using inline_linear
2026-09-06T18:04:05.374+01:00 INFO : Filtering template 7/96 segment 1/3
2026-09-06T18:04:05.418+01:00 INFO : 2 points above threshold
2026-09-06T18:04:05.445+01:00 INFO : Filtering template 7/96 segment 2/3
2026-09-06T18:04:05.483+01:00 INFO : Filtering template 7/96 segment 3/3
2026-09-06T18:04:05.522+01:00 INFO : 1 points above threshold
2026-09-06T18:04:05.532+01:00 INFO : 7: generating IMRPhenomD from 30.0 Hz
2026-09-06T18:04:05.536+01:00 INFO : Decompressing waveform using inline_linear
2026-09-06T18:04:05.545+01:00 INFO : Filtering template 8/96 segment 1/3
2026-09-06T18:04:05.589+01:00 INFO : 1 points above threshold
2026-09-06T18:04:05.616+01:00 INFO : Filtering template 8/96 segment 2/3
2026-09-06T18:04:05.654+01:00 INFO : 5 points above threshold
2026-09-06T18:04:05.669+01:00 INFO : Filtering template 8/96 segment 3/3
2026-09-06T18:04:05.707+01:00 INFO : 8: generating IMRPhenomD from 30.0 Hz
2026-09-06T18:04:05.711+01:00 INFO : Decompressing waveform using inline_linear
2026-09-06T18:04:05.720+01:00 INFO : Filtering template 9/96 segment 1/3
2026-09-06T18:04:05.764+01:00 INFO : Filtering template 9/96 segment 2/3
2026-09-06T18:04:05.802+01:00 INFO : 4 points above threshold
2026-09-06T18:04:05.830+01:00 INFO : Filtering template 9/96 segment 3/3
2026-09-06T18:04:05.868+01:00 INFO : 3 points above threshold
2026-09-06T18:04:05.882+01:00 INFO : 9: generating IMRPhenomD from 30.0 Hz
2026-09-06T18:04:05.886+01:00 INFO : Decompressing waveform using inline_linear
2026-09-06T18:04:05.895+01:00 INFO : Filtering template 10/96 segment 1/3
2026-09-06T18:04:05.939+01:00 INFO : 2 points above threshold
2026-09-06T18:04:05.967+01:00 INFO : Filtering template 10/96 segment 2/3
2026-09-06T18:04:06.005+01:00 INFO : Filtering template 10/96 segment 3/3
2026-09-06T18:04:06.043+01:00 INFO : 3 points above threshold
2026-09-06T18:04:06.057+01:00 INFO : 10: generating IMRPhenomD from 30.0 Hz
2026-09-06T18:04:06.061+01:00 INFO : Decompressing waveform using inline_linear
2026-09-06T18:04:06.070+01:00 INFO : Filtering template 11/96 segment 1/3
2026-09-06T18:04:06.114+01:00 INFO : 5 points above threshold
2026-09-06T18:04:06.147+01:00 INFO : Filtering template 11/96 segment 2/3
2026-09-06T18:04:06.185+01:00 INFO : 2 points above threshold
2026-09-06T18:04:06.195+01:00 INFO : Filtering template 11/96 segment 3/3
2026-09-06T18:04:06.234+01:00 INFO : 11: generating IMRPhenomD from 30.0 Hz
2026-09-06T18:04:06.238+01:00 INFO : Decompressing waveform using inline_linear
2026-09-06T18:04:06.247+01:00 INFO : Filtering template 12/96 segment 1/3
2026-09-06T18:04:06.291+01:00 INFO : 1 points above threshold
2026-09-06T18:04:06.318+01:00 INFO : Filtering template 12/96 segment 2/3
2026-09-06T18:04:06.356+01:00 INFO : 4 points above threshold
2026-09-06T18:04:06.366+01:00 INFO : Filtering template 12/96 segment 3/3
2026-09-06T18:04:06.404+01:00 INFO : 1 points above threshold
2026-09-06T18:04:06.415+01:00 INFO : 12: generating IMRPhenomD from 30.0 Hz
2026-09-06T18:04:06.419+01:00 INFO : Decompressing waveform using inline_linear
2026-09-06T18:04:06.428+01:00 INFO : Filtering template 13/96 segment 1/3
2026-09-06T18:04:06.472+01:00 INFO : 2 points above threshold
2026-09-06T18:04:06.499+01:00 INFO : Filtering template 13/96 segment 2/3
2026-09-06T18:04:06.537+01:00 INFO : 2 points above threshold
2026-09-06T18:04:06.547+01:00 INFO : Filtering template 13/96 segment 3/3
2026-09-06T18:04:06.585+01:00 INFO : 1 points above threshold
2026-09-06T18:04:06.595+01:00 INFO : 13: generating IMRPhenomD from 30.0 Hz
2026-09-06T18:04:06.599+01:00 INFO : Decompressing waveform using inline_linear
2026-09-06T18:04:06.608+01:00 INFO : Filtering template 14/96 segment 1/3
2026-09-06T18:04:06.652+01:00 INFO : 2 points above threshold
2026-09-06T18:04:06.680+01:00 INFO : Filtering template 14/96 segment 2/3
2026-09-06T18:04:06.718+01:00 INFO : 4 points above threshold
2026-09-06T18:04:06.728+01:00 INFO : Filtering template 14/96 segment 3/3
2026-09-06T18:04:06.766+01:00 INFO : 2 points above threshold
2026-09-06T18:04:06.776+01:00 INFO : 14: generating IMRPhenomD from 30.0 Hz
2026-09-06T18:04:06.780+01:00 INFO : Decompressing waveform using inline_linear
2026-09-06T18:04:06.789+01:00 INFO : Filtering template 15/96 segment 1/3
2026-09-06T18:04:06.833+01:00 INFO : 1 points above threshold
2026-09-06T18:04:06.861+01:00 INFO : Filtering template 15/96 segment 2/3
2026-09-06T18:04:06.899+01:00 INFO : 1 points above threshold
2026-09-06T18:04:06.909+01:00 INFO : Filtering template 15/96 segment 3/3
2026-09-06T18:04:06.946+01:00 INFO : 4 points above threshold
2026-09-06T18:04:06.956+01:00 INFO : 15: generating IMRPhenomD from 30.0 Hz
2026-09-06T18:04:06.961+01:00 INFO : Decompressing waveform using inline_linear
2026-09-06T18:04:06.970+01:00 INFO : Filtering template 16/96 segment 1/3
2026-09-06T18:04:07.013+01:00 INFO : 3 points above threshold
2026-09-06T18:04:07.045+01:00 INFO : Filtering template 16/96 segment 2/3
2026-09-06T18:04:07.083+01:00 INFO : 4 points above threshold
2026-09-06T18:04:07.093+01:00 INFO : Filtering template 16/96 segment 3/3
2026-09-06T18:04:07.130+01:00 INFO : 1 points above threshold
2026-09-06T18:04:07.141+01:00 INFO : 16: generating IMRPhenomD from 30.0 Hz
2026-09-06T18:04:07.145+01:00 INFO : Decompressing waveform using inline_linear
2026-09-06T18:04:07.154+01:00 INFO : Filtering template 17/96 segment 1/3
2026-09-06T18:04:07.198+01:00 INFO : 3 points above threshold
2026-09-06T18:04:07.229+01:00 INFO : Filtering template 17/96 segment 2/3
2026-09-06T18:04:07.267+01:00 INFO : 4 points above threshold
2026-09-06T18:04:07.277+01:00 INFO : Filtering template 17/96 segment 3/3
2026-09-06T18:04:07.315+01:00 INFO : 3 points above threshold
2026-09-06T18:04:07.329+01:00 INFO : 17: generating IMRPhenomD from 30.0 Hz
2026-09-06T18:04:07.333+01:00 INFO : Decompressing waveform using inline_linear
2026-09-06T18:04:07.343+01:00 INFO : Filtering template 18/96 segment 1/3
2026-09-06T18:04:07.386+01:00 INFO : Filtering template 18/96 segment 2/3
2026-09-06T18:04:07.424+01:00 INFO : 1 points above threshold
2026-09-06T18:04:07.454+01:00 INFO : Filtering template 18/96 segment 3/3
2026-09-06T18:04:07.492+01:00 INFO : 2 points above threshold
2026-09-06T18:04:07.502+01:00 INFO : 18: generating IMRPhenomD from 30.0 Hz
2026-09-06T18:04:07.506+01:00 INFO : Decompressing waveform using inline_linear
2026-09-06T18:04:07.515+01:00 INFO : Filtering template 19/96 segment 1/3
2026-09-06T18:04:07.559+01:00 INFO : 4 points above threshold
2026-09-06T18:04:07.587+01:00 INFO : Filtering template 19/96 segment 2/3
2026-09-06T18:04:07.625+01:00 INFO : 2 points above threshold
2026-09-06T18:04:07.635+01:00 INFO : Filtering template 19/96 segment 3/3
2026-09-06T18:04:07.672+01:00 INFO : 3 points above threshold
2026-09-06T18:04:07.686+01:00 INFO : 19: generating IMRPhenomD from 30.0 Hz
2026-09-06T18:04:07.690+01:00 INFO : Decompressing waveform using inline_linear
2026-09-06T18:04:07.700+01:00 INFO : Filtering template 20/96 segment 1/3
2026-09-06T18:04:07.743+01:00 INFO : 2 points above threshold
2026-09-06T18:04:07.771+01:00 INFO : Filtering template 20/96 segment 2/3
2026-09-06T18:04:07.809+01:00 INFO : 3 points above threshold
2026-09-06T18:04:07.823+01:00 INFO : Filtering template 20/96 segment 3/3
2026-09-06T18:04:07.861+01:00 INFO : 1 points above threshold
2026-09-06T18:04:07.871+01:00 INFO : 20: generating IMRPhenomD from 30.0 Hz
2026-09-06T18:04:07.876+01:00 INFO : Decompressing waveform using inline_linear
2026-09-06T18:04:07.885+01:00 INFO : Filtering template 21/96 segment 1/3
2026-09-06T18:04:07.929+01:00 INFO : 1 points above threshold
2026-09-06T18:04:07.956+01:00 INFO : Filtering template 21/96 segment 2/3
2026-09-06T18:04:07.994+01:00 INFO : 2 points above threshold
2026-09-06T18:04:08.005+01:00 INFO : Filtering template 21/96 segment 3/3
2026-09-06T18:04:08.043+01:00 INFO : 21: generating IMRPhenomD from 30.0 Hz
2026-09-06T18:04:08.048+01:00 INFO : Decompressing waveform using inline_linear
2026-09-06T18:04:08.057+01:00 INFO : Filtering template 22/96 segment 1/3
2026-09-06T18:04:08.100+01:00 INFO : 5 points above threshold
2026-09-06T18:04:08.133+01:00 INFO : Filtering template 22/96 segment 2/3
2026-09-06T18:04:08.171+01:00 INFO : Filtering template 22/96 segment 3/3
2026-09-06T18:04:08.209+01:00 INFO : 2 points above threshold
2026-09-06T18:04:08.219+01:00 INFO : 22: generating IMRPhenomD from 30.0 Hz
2026-09-06T18:04:08.223+01:00 INFO : Decompressing waveform using inline_linear
2026-09-06T18:04:08.232+01:00 INFO : Filtering template 23/96 segment 1/3
2026-09-06T18:04:08.276+01:00 INFO : 3 points above threshold
2026-09-06T18:04:08.307+01:00 INFO : Filtering template 23/96 segment 2/3
2026-09-06T18:04:08.345+01:00 INFO : 1 points above threshold
2026-09-06T18:04:08.355+01:00 INFO : Filtering template 23/96 segment 3/3
2026-09-06T18:04:08.393+01:00 INFO : 23: generating IMRPhenomD from 30.0 Hz
2026-09-06T18:04:08.397+01:00 INFO : Decompressing waveform using inline_linear
2026-09-06T18:04:08.407+01:00 INFO : Filtering template 24/96 segment 1/3
2026-09-06T18:04:08.450+01:00 INFO : 1 points above threshold
2026-09-06T18:04:08.478+01:00 INFO : Filtering template 24/96 segment 2/3
2026-09-06T18:04:08.519+01:00 INFO : 3 points above threshold
2026-09-06T18:04:08.534+01:00 INFO : Filtering template 24/96 segment 3/3
2026-09-06T18:04:08.588+01:00 INFO : 2 points above threshold
2026-09-06T18:04:08.598+01:00 INFO : 24: generating IMRPhenomD from 30.0 Hz
2026-09-06T18:04:08.603+01:00 INFO : Decompressing waveform using inline_linear
2026-09-06T18:04:08.612+01:00 INFO : Filtering template 25/96 segment 1/3
2026-09-06T18:04:08.656+01:00 INFO : 2 points above threshold
2026-09-06T18:04:08.683+01:00 INFO : Filtering template 25/96 segment 2/3
2026-09-06T18:04:08.721+01:00 INFO : Filtering template 25/96 segment 3/3
2026-09-06T18:04:08.760+01:00 INFO : 25: generating IMRPhenomD from 30.0 Hz
2026-09-06T18:04:08.764+01:00 INFO : Decompressing waveform using inline_linear
2026-09-06T18:04:08.773+01:00 INFO : Filtering template 26/96 segment 1/3
2026-09-06T18:04:08.817+01:00 INFO : Filtering template 26/96 segment 2/3
2026-09-06T18:04:08.855+01:00 INFO : 2 points above threshold
2026-09-06T18:04:08.883+01:00 INFO : Filtering template 26/96 segment 3/3
2026-09-06T18:04:08.921+01:00 INFO : 4 points above threshold
2026-09-06T18:04:08.931+01:00 INFO : 26: generating IMRPhenomD from 30.0 Hz
2026-09-06T18:04:08.935+01:00 INFO : Decompressing waveform using inline_linear
2026-09-06T18:04:08.945+01:00 INFO : Filtering template 27/96 segment 1/3
2026-09-06T18:04:08.988+01:00 INFO : 2 points above threshold
2026-09-06T18:04:09.016+01:00 INFO : Filtering template 27/96 segment 2/3
2026-09-06T18:04:09.054+01:00 INFO : 1 points above threshold
2026-09-06T18:04:09.064+01:00 INFO : Filtering template 27/96 segment 3/3
2026-09-06T18:04:09.102+01:00 INFO : 27: generating IMRPhenomD from 30.0 Hz
2026-09-06T18:04:09.106+01:00 INFO : Decompressing waveform using inline_linear
2026-09-06T18:04:09.115+01:00 INFO : Filtering template 28/96 segment 1/3
2026-09-06T18:04:09.159+01:00 INFO : 5 points above threshold
2026-09-06T18:04:09.191+01:00 INFO : Filtering template 28/96 segment 2/3
2026-09-06T18:04:09.229+01:00 INFO : 2 points above threshold
2026-09-06T18:04:09.239+01:00 INFO : Filtering template 28/96 segment 3/3
2026-09-06T18:04:09.276+01:00 INFO : 1 points above threshold
2026-09-06T18:04:09.292+01:00 INFO : 28: generating IMRPhenomD from 30.0 Hz
2026-09-06T18:04:09.297+01:00 INFO : Decompressing waveform using inline_linear
2026-09-06T18:04:09.306+01:00 INFO : Filtering template 29/96 segment 1/3
2026-09-06T18:04:09.349+01:00 INFO : 3 points above threshold
2026-09-06T18:04:09.381+01:00 INFO : Filtering template 29/96 segment 2/3
2026-09-06T18:04:09.419+01:00 INFO : 2 points above threshold
2026-09-06T18:04:09.429+01:00 INFO : Filtering template 29/96 segment 3/3
2026-09-06T18:04:09.468+01:00 INFO : 4 points above threshold
2026-09-06T18:04:09.478+01:00 INFO : 29: generating IMRPhenomD from 30.0 Hz
2026-09-06T18:04:09.483+01:00 INFO : Decompressing waveform using inline_linear
2026-09-06T18:04:09.492+01:00 INFO : Filtering template 30/96 segment 1/3
2026-09-06T18:04:09.535+01:00 INFO : 2 points above threshold
2026-09-06T18:04:09.563+01:00 INFO : Filtering template 30/96 segment 2/3
2026-09-06T18:04:09.601+01:00 INFO : 1 points above threshold
2026-09-06T18:04:09.611+01:00 INFO : Filtering template 30/96 segment 3/3
2026-09-06T18:04:09.649+01:00 INFO : 30: generating IMRPhenomD from 30.0 Hz
2026-09-06T18:04:09.654+01:00 INFO : Decompressing waveform using inline_linear
2026-09-06T18:04:09.663+01:00 INFO : Filtering template 31/96 segment 1/3
2026-09-06T18:04:09.706+01:00 INFO : Filtering template 31/96 segment 2/3
2026-09-06T18:04:09.744+01:00 INFO : 1 points above threshold
2026-09-06T18:04:09.772+01:00 INFO : Filtering template 31/96 segment 3/3
2026-09-06T18:04:09.810+01:00 INFO : 2 points above threshold
2026-09-06T18:04:09.826+01:00 INFO : 31: generating IMRPhenomD from 30.0 Hz
2026-09-06T18:04:09.830+01:00 INFO : Decompressing waveform using inline_linear
2026-09-06T18:04:09.839+01:00 INFO : Filtering template 32/96 segment 1/3
2026-09-06T18:04:09.883+01:00 INFO : Filtering template 32/96 segment 2/3
2026-09-06T18:04:09.921+01:00 INFO : 1 points above threshold
2026-09-06T18:04:09.949+01:00 INFO : Filtering template 32/96 segment 3/3
2026-09-06T18:04:09.987+01:00 INFO : 4 points above threshold
2026-09-06T18:04:09.997+01:00 INFO : 32: generating IMRPhenomD from 30.0 Hz
2026-09-06T18:04:10.001+01:00 INFO : Decompressing waveform using inline_linear
2026-09-06T18:04:10.010+01:00 INFO : Filtering template 33/96 segment 1/3
2026-09-06T18:04:10.054+01:00 INFO : 2 points above threshold
2026-09-06T18:04:10.088+01:00 INFO : Filtering template 33/96 segment 2/3
2026-09-06T18:04:10.126+01:00 INFO : Filtering template 33/96 segment 3/3
2026-09-06T18:04:10.164+01:00 INFO : 1 points above threshold
2026-09-06T18:04:10.174+01:00 INFO : 33: generating IMRPhenomD from 30.0 Hz
2026-09-06T18:04:10.189+01:00 INFO : Decompressing waveform using inline_linear
2026-09-06T18:04:10.198+01:00 INFO : Filtering template 34/96 segment 1/3
2026-09-06T18:04:10.246+01:00 INFO : 1 points above threshold
2026-09-06T18:04:10.277+01:00 INFO : Filtering template 34/96 segment 2/3
2026-09-06T18:04:10.315+01:00 INFO : 1 points above threshold
2026-09-06T18:04:10.325+01:00 INFO : Filtering template 34/96 segment 3/3
2026-09-06T18:04:10.363+01:00 INFO : 1 points above threshold
2026-09-06T18:04:10.374+01:00 INFO : 34: generating IMRPhenomD from 30.0 Hz
2026-09-06T18:04:10.378+01:00 INFO : Decompressing waveform using inline_linear
2026-09-06T18:04:10.387+01:00 INFO : Filtering template 35/96 segment 1/3
2026-09-06T18:04:10.431+01:00 INFO : 2 points above threshold
2026-09-06T18:04:10.458+01:00 INFO : Filtering template 35/96 segment 2/3
2026-09-06T18:04:10.496+01:00 INFO : 1 points above threshold
2026-09-06T18:04:10.506+01:00 INFO : Filtering template 35/96 segment 3/3
2026-09-06T18:04:10.544+01:00 INFO : 35: generating IMRPhenomD from 30.0 Hz
2026-09-06T18:04:10.549+01:00 INFO : Decompressing waveform using inline_linear
2026-09-06T18:04:10.558+01:00 INFO : Filtering template 36/96 segment 1/3
2026-09-06T18:04:10.601+01:00 INFO : 4 points above threshold
2026-09-06T18:04:10.629+01:00 INFO : Filtering template 36/96 segment 2/3
2026-09-06T18:04:10.667+01:00 INFO : 2 points above threshold
2026-09-06T18:04:10.677+01:00 INFO : Filtering template 36/96 segment 3/3
2026-09-06T18:04:10.715+01:00 INFO : 1 points above threshold
2026-09-06T18:04:10.725+01:00 INFO : 36: generating IMRPhenomD from 30.0 Hz
2026-09-06T18:04:10.729+01:00 INFO : Decompressing waveform using inline_linear
2026-09-06T18:04:10.738+01:00 INFO : Filtering template 37/96 segment 1/3
2026-09-06T18:04:10.782+01:00 INFO : 5 points above threshold
2026-09-06T18:04:10.814+01:00 INFO : Filtering template 37/96 segment 2/3
2026-09-06T18:04:10.852+01:00 INFO : 1 points above threshold
2026-09-06T18:04:10.861+01:00 INFO : Filtering template 37/96 segment 3/3
2026-09-06T18:04:10.900+01:00 INFO : 3 points above threshold
2026-09-06T18:04:10.914+01:00 INFO : 37: generating IMRPhenomD from 30.0 Hz
2026-09-06T18:04:10.918+01:00 INFO : Decompressing waveform using inline_linear
2026-09-06T18:04:10.927+01:00 INFO : Filtering template 38/96 segment 1/3
2026-09-06T18:04:10.971+01:00 INFO : Filtering template 38/96 segment 2/3
2026-09-06T18:04:11.009+01:00 INFO : 1 points above threshold
2026-09-06T18:04:11.037+01:00 INFO : Filtering template 38/96 segment 3/3
2026-09-06T18:04:11.075+01:00 INFO : 2 points above threshold
2026-09-06T18:04:11.085+01:00 INFO : 38: generating IMRPhenomD from 30.0 Hz
2026-09-06T18:04:11.089+01:00 INFO : Decompressing waveform using inline_linear
2026-09-06T18:04:11.098+01:00 INFO : Filtering template 39/96 segment 1/3
2026-09-06T18:04:11.142+01:00 INFO : Filtering template 39/96 segment 2/3
2026-09-06T18:04:11.180+01:00 INFO : 3 points above threshold
2026-09-06T18:04:11.211+01:00 INFO : Filtering template 39/96 segment 3/3
2026-09-06T18:04:11.249+01:00 INFO : 1 points above threshold
2026-09-06T18:04:11.259+01:00 INFO : 39: generating IMRPhenomD from 30.0 Hz
2026-09-06T18:04:11.264+01:00 INFO : Decompressing waveform using inline_linear
2026-09-06T18:04:11.273+01:00 INFO : Filtering template 40/96 segment 1/3
2026-09-06T18:04:11.317+01:00 INFO : Filtering template 40/96 segment 2/3
2026-09-06T18:04:11.355+01:00 INFO : 1 points above threshold
2026-09-06T18:04:11.383+01:00 INFO : Filtering template 40/96 segment 3/3
2026-09-06T18:04:11.421+01:00 INFO : 1 points above threshold
2026-09-06T18:04:11.431+01:00 INFO : 40: generating IMRPhenomD from 30.0 Hz
2026-09-06T18:04:11.435+01:00 INFO : Decompressing waveform using inline_linear
2026-09-06T18:04:11.444+01:00 INFO : Filtering template 41/96 segment 1/3
2026-09-06T18:04:11.488+01:00 INFO : Filtering template 41/96 segment 2/3
2026-09-06T18:04:11.526+01:00 INFO : 4 points above threshold
2026-09-06T18:04:11.554+01:00 INFO : Filtering template 41/96 segment 3/3
2026-09-06T18:04:11.592+01:00 INFO : 41: generating IMRPhenomD from 30.0 Hz
2026-09-06T18:04:11.596+01:00 INFO : Decompressing waveform using inline_linear
2026-09-06T18:04:11.605+01:00 INFO : Filtering template 42/96 segment 1/3
2026-09-06T18:04:11.649+01:00 INFO : Filtering template 42/96 segment 2/3
2026-09-06T18:04:11.687+01:00 INFO : 2 points above threshold
2026-09-06T18:04:11.715+01:00 INFO : Filtering template 42/96 segment 3/3
2026-09-06T18:04:11.753+01:00 INFO : 2 points above threshold
2026-09-06T18:04:11.763+01:00 INFO : 42: generating IMRPhenomD from 30.0 Hz
2026-09-06T18:04:11.767+01:00 INFO : Decompressing waveform using inline_linear
2026-09-06T18:04:11.776+01:00 INFO : Filtering template 43/96 segment 1/3
2026-09-06T18:04:11.820+01:00 INFO : 2 points above threshold
2026-09-06T18:04:11.848+01:00 INFO : Filtering template 43/96 segment 2/3
2026-09-06T18:04:11.886+01:00 INFO : 2 points above threshold
2026-09-06T18:04:11.896+01:00 INFO : Filtering template 43/96 segment 3/3
2026-09-06T18:04:11.935+01:00 INFO : 43: generating IMRPhenomD from 30.0 Hz
2026-09-06T18:04:11.939+01:00 INFO : Decompressing waveform using inline_linear
2026-09-06T18:04:11.948+01:00 INFO : Filtering template 44/96 segment 1/3
2026-09-06T18:04:11.992+01:00 INFO : 1 points above threshold
2026-09-06T18:04:12.020+01:00 INFO : Filtering template 44/96 segment 2/3
2026-09-06T18:04:12.058+01:00 INFO : 1 points above threshold
2026-09-06T18:04:12.068+01:00 INFO : Filtering template 44/96 segment 3/3
2026-09-06T18:04:12.106+01:00 INFO : 44: generating IMRPhenomD from 30.0 Hz
2026-09-06T18:04:12.110+01:00 INFO : Decompressing waveform using inline_linear
2026-09-06T18:04:12.120+01:00 INFO : Filtering template 45/96 segment 1/3
2026-09-06T18:04:12.163+01:00 INFO : 3 points above threshold
2026-09-06T18:04:12.195+01:00 INFO : Filtering template 45/96 segment 2/3
2026-09-06T18:04:12.233+01:00 INFO : 1 points above threshold
2026-09-06T18:04:12.243+01:00 INFO : Filtering template 45/96 segment 3/3
2026-09-06T18:04:12.281+01:00 INFO : 45: generating IMRPhenomD from 30.0 Hz
2026-09-06T18:04:12.285+01:00 INFO : Decompressing waveform using inline_linear
2026-09-06T18:04:12.294+01:00 INFO : Filtering template 46/96 segment 1/3
2026-09-06T18:04:12.338+01:00 INFO : Filtering template 46/96 segment 2/3
2026-09-06T18:04:12.376+01:00 INFO : 1 points above threshold
2026-09-06T18:04:12.404+01:00 INFO : Filtering template 46/96 segment 3/3
2026-09-06T18:04:12.441+01:00 INFO : 4 points above threshold
2026-09-06T18:04:12.452+01:00 INFO : 46: generating IMRPhenomD from 30.0 Hz
2026-09-06T18:04:12.456+01:00 INFO : Decompressing waveform using inline_linear
2026-09-06T18:04:12.465+01:00 INFO : Filtering template 47/96 segment 1/3
2026-09-06T18:04:12.509+01:00 INFO : 3 points above threshold
2026-09-06T18:04:12.542+01:00 INFO : Filtering template 47/96 segment 2/3
2026-09-06T18:04:12.580+01:00 INFO : 3 points above threshold
2026-09-06T18:04:12.593+01:00 INFO : Filtering template 47/96 segment 3/3
2026-09-06T18:04:12.631+01:00 INFO : 1 points above threshold
2026-09-06T18:04:12.641+01:00 INFO : 47: generating IMRPhenomD from 30.0 Hz
2026-09-06T18:04:12.645+01:00 INFO : Decompressing waveform using inline_linear
2026-09-06T18:04:12.655+01:00 INFO : Filtering template 48/96 segment 1/3
2026-09-06T18:04:12.698+01:00 INFO : 4 points above threshold
2026-09-06T18:04:12.726+01:00 INFO : Filtering template 48/96 segment 2/3
2026-09-06T18:04:12.764+01:00 INFO : 2 points above threshold
2026-09-06T18:04:12.774+01:00 INFO : Filtering template 48/96 segment 3/3
2026-09-06T18:04:12.812+01:00 INFO : 2 points above threshold
2026-09-06T18:04:12.822+01:00 INFO : 48: generating IMRPhenomD from 30.0 Hz
2026-09-06T18:04:12.826+01:00 INFO : Decompressing waveform using inline_linear
2026-09-06T18:04:12.835+01:00 INFO : Filtering template 49/96 segment 1/3
2026-09-06T18:04:12.879+01:00 INFO : 1 points above threshold
2026-09-06T18:04:12.907+01:00 INFO : Filtering template 49/96 segment 2/3
2026-09-06T18:04:12.945+01:00 INFO : 3 points above threshold
2026-09-06T18:04:12.958+01:00 INFO : Filtering template 49/96 segment 3/3
2026-09-06T18:04:12.997+01:00 INFO : 49: generating IMRPhenomD from 30.0 Hz
2026-09-06T18:04:13.001+01:00 INFO : Decompressing waveform using inline_linear
2026-09-06T18:04:13.010+01:00 INFO : Filtering template 50/96 segment 1/3
2026-09-06T18:04:13.054+01:00 INFO : 1 points above threshold
2026-09-06T18:04:13.082+01:00 INFO : Filtering template 50/96 segment 2/3
2026-09-06T18:04:13.120+01:00 INFO : 6 points above threshold
2026-09-06T18:04:13.135+01:00 INFO : Filtering template 50/96 segment 3/3
2026-09-06T18:04:13.173+01:00 INFO : 1 points above threshold
2026-09-06T18:04:13.183+01:00 INFO : 50: generating IMRPhenomD from 30.0 Hz
2026-09-06T18:04:13.187+01:00 INFO : Decompressing waveform using inline_linear
2026-09-06T18:04:13.196+01:00 INFO : Filtering template 51/96 segment 1/3
2026-09-06T18:04:13.240+01:00 INFO : 2 points above threshold
2026-09-06T18:04:13.269+01:00 INFO : Filtering template 51/96 segment 2/3
2026-09-06T18:04:13.308+01:00 INFO : 1 points above threshold
2026-09-06T18:04:13.318+01:00 INFO : Filtering template 51/96 segment 3/3
2026-09-06T18:04:13.356+01:00 INFO : 2 points above threshold
2026-09-06T18:04:13.366+01:00 INFO : 51: generating IMRPhenomD from 30.0 Hz
2026-09-06T18:04:13.370+01:00 INFO : Decompressing waveform using inline_linear
2026-09-06T18:04:13.379+01:00 INFO : Filtering template 52/96 segment 1/3
2026-09-06T18:04:13.423+01:00 INFO : 1 points above threshold
2026-09-06T18:04:13.451+01:00 INFO : Filtering template 52/96 segment 2/3
2026-09-06T18:04:13.489+01:00 INFO : 2 points above threshold
2026-09-06T18:04:13.499+01:00 INFO : Filtering template 52/96 segment 3/3
2026-09-06T18:04:13.538+01:00 INFO : 3 points above threshold
2026-09-06T18:04:13.551+01:00 INFO : 52: generating IMRPhenomD from 30.0 Hz
2026-09-06T18:04:13.555+01:00 INFO : Decompressing waveform using inline_linear
2026-09-06T18:04:13.565+01:00 INFO : Filtering template 53/96 segment 1/3
2026-09-06T18:04:13.612+01:00 INFO : 4 points above threshold
2026-09-06T18:04:13.641+01:00 INFO : Filtering template 53/96 segment 2/3
2026-09-06T18:04:13.682+01:00 INFO : 3 points above threshold
2026-09-06T18:04:13.697+01:00 INFO : Filtering template 53/96 segment 3/3
2026-09-06T18:04:13.735+01:00 INFO : 2 points above threshold
2026-09-06T18:04:13.745+01:00 INFO : 53: generating IMRPhenomD from 30.0 Hz
2026-09-06T18:04:13.749+01:00 INFO : Decompressing waveform using inline_linear
2026-09-06T18:04:13.759+01:00 INFO : Filtering template 54/96 segment 1/3
2026-09-06T18:04:13.803+01:00 INFO : Filtering template 54/96 segment 2/3
2026-09-06T18:04:13.841+01:00 INFO : 4 points above threshold
2026-09-06T18:04:13.869+01:00 INFO : Filtering template 54/96 segment 3/3
2026-09-06T18:04:13.907+01:00 INFO : 3 points above threshold
2026-09-06T18:04:13.921+01:00 INFO : 54: generating IMRPhenomD from 30.0 Hz
2026-09-06T18:04:13.925+01:00 INFO : Decompressing waveform using inline_linear
2026-09-06T18:04:13.934+01:00 INFO : Filtering template 55/96 segment 1/3
2026-09-06T18:04:13.978+01:00 INFO : 1 points above threshold
2026-09-06T18:04:14.005+01:00 INFO : Filtering template 55/96 segment 2/3
2026-09-06T18:04:14.043+01:00 INFO : 3 points above threshold
2026-09-06T18:04:14.057+01:00 INFO : Filtering template 55/96 segment 3/3
2026-09-06T18:04:14.095+01:00 INFO : 2 points above threshold
2026-09-06T18:04:14.105+01:00 INFO : 55: generating IMRPhenomD from 30.0 Hz
2026-09-06T18:04:14.109+01:00 INFO : Decompressing waveform using inline_linear
2026-09-06T18:04:14.119+01:00 INFO : Filtering template 56/96 segment 1/3
2026-09-06T18:04:14.162+01:00 INFO : 2 points above threshold
2026-09-06T18:04:14.190+01:00 INFO : Filtering template 56/96 segment 2/3
2026-09-06T18:04:14.228+01:00 INFO : 3 points above threshold
2026-09-06T18:04:14.242+01:00 INFO : Filtering template 56/96 segment 3/3
2026-09-06T18:04:14.280+01:00 INFO : 1 points above threshold
2026-09-06T18:04:14.290+01:00 INFO : 56: generating IMRPhenomD from 30.0 Hz
2026-09-06T18:04:14.294+01:00 INFO : Decompressing waveform using inline_linear
2026-09-06T18:04:14.303+01:00 INFO : Filtering template 57/96 segment 1/3
2026-09-06T18:04:14.347+01:00 INFO : 2 points above threshold
2026-09-06T18:04:14.374+01:00 INFO : Filtering template 57/96 segment 2/3
2026-09-06T18:04:14.412+01:00 INFO : 4 points above threshold
2026-09-06T18:04:14.422+01:00 INFO : Filtering template 57/96 segment 3/3
2026-09-06T18:04:14.460+01:00 INFO : 1 points above threshold
2026-09-06T18:04:14.471+01:00 INFO : 57: generating IMRPhenomD from 30.0 Hz
2026-09-06T18:04:14.475+01:00 INFO : Decompressing waveform using inline_linear
2026-09-06T18:04:14.484+01:00 INFO : Filtering template 58/96 segment 1/3
2026-09-06T18:04:14.527+01:00 INFO : 1 points above threshold
2026-09-06T18:04:14.555+01:00 INFO : Filtering template 58/96 segment 2/3
2026-09-06T18:04:14.593+01:00 INFO : 4 points above threshold
2026-09-06T18:04:14.603+01:00 INFO : Filtering template 58/96 segment 3/3
2026-09-06T18:04:14.641+01:00 INFO : 2 points above threshold
2026-09-06T18:04:14.651+01:00 INFO : 58: generating IMRPhenomD from 30.0 Hz
2026-09-06T18:04:14.655+01:00 INFO : Decompressing waveform using inline_linear
2026-09-06T18:04:14.665+01:00 INFO : Filtering template 59/96 segment 1/3
2026-09-06T18:04:14.708+01:00 INFO : 2 points above threshold
2026-09-06T18:04:14.736+01:00 INFO : Filtering template 59/96 segment 2/3
2026-09-06T18:04:14.774+01:00 INFO : 3 points above threshold
2026-09-06T18:04:14.788+01:00 INFO : Filtering template 59/96 segment 3/3
2026-09-06T18:04:14.826+01:00 INFO : 1 points above threshold
2026-09-06T18:04:14.836+01:00 INFO : 59: generating IMRPhenomD from 30.0 Hz
2026-09-06T18:04:14.840+01:00 INFO : Decompressing waveform using inline_linear
2026-09-06T18:04:14.849+01:00 INFO : Filtering template 60/96 segment 1/3
2026-09-06T18:04:14.893+01:00 INFO : Filtering template 60/96 segment 2/3
2026-09-06T18:04:14.931+01:00 INFO : 1 points above threshold
2026-09-06T18:04:14.958+01:00 INFO : Filtering template 60/96 segment 3/3
2026-09-06T18:04:14.996+01:00 INFO : 2 points above threshold
2026-09-06T18:04:15.006+01:00 INFO : 60: generating IMRPhenomD from 30.0 Hz
2026-09-06T18:04:15.011+01:00 INFO : Decompressing waveform using inline_linear
2026-09-06T18:04:15.020+01:00 INFO : Filtering template 61/96 segment 1/3
2026-09-06T18:04:15.064+01:00 INFO : 1 points above threshold
2026-09-06T18:04:15.092+01:00 INFO : Filtering template 61/96 segment 2/3
2026-09-06T18:04:15.129+01:00 INFO : 2 points above threshold
2026-09-06T18:04:15.139+01:00 INFO : Filtering template 61/96 segment 3/3
2026-09-06T18:04:15.177+01:00 INFO : 1 points above threshold
2026-09-06T18:04:15.187+01:00 INFO : 61: generating IMRPhenomD from 30.0 Hz
2026-09-06T18:04:15.192+01:00 INFO : Decompressing waveform using inline_linear
2026-09-06T18:04:15.201+01:00 INFO : Filtering template 62/96 segment 1/3
2026-09-06T18:04:15.244+01:00 INFO : 2 points above threshold
2026-09-06T18:04:15.272+01:00 INFO : Filtering template 62/96 segment 2/3
2026-09-06T18:04:15.310+01:00 INFO : 1 points above threshold
2026-09-06T18:04:15.320+01:00 INFO : Filtering template 62/96 segment 3/3
2026-09-06T18:04:15.358+01:00 INFO : 4 points above threshold
2026-09-06T18:04:15.368+01:00 INFO : 62: generating IMRPhenomD from 30.0 Hz
2026-09-06T18:04:15.373+01:00 INFO : Decompressing waveform using inline_linear
2026-09-06T18:04:15.382+01:00 INFO : Filtering template 63/96 segment 1/3
2026-09-06T18:04:15.425+01:00 INFO : 1 points above threshold
2026-09-06T18:04:15.453+01:00 INFO : Filtering template 63/96 segment 2/3
2026-09-06T18:04:15.492+01:00 INFO : 2 points above threshold
2026-09-06T18:04:15.501+01:00 INFO : Filtering template 63/96 segment 3/3
2026-09-06T18:04:15.540+01:00 INFO : 2 points above threshold
2026-09-06T18:04:15.550+01:00 INFO : 63: generating IMRPhenomD from 30.0 Hz
2026-09-06T18:04:15.554+01:00 INFO : Decompressing waveform using inline_linear
2026-09-06T18:04:15.563+01:00 INFO : Filtering template 64/96 segment 1/3
2026-09-06T18:04:15.607+01:00 INFO : 2 points above threshold
2026-09-06T18:04:15.636+01:00 INFO : Filtering template 64/96 segment 2/3
2026-09-06T18:04:15.674+01:00 INFO : 1 points above threshold
2026-09-06T18:04:15.685+01:00 INFO : Filtering template 64/96 segment 3/3
2026-09-06T18:04:15.724+01:00 INFO : 64: generating IMRPhenomD from 30.0 Hz
2026-09-06T18:04:15.728+01:00 INFO : Decompressing waveform using inline_linear
2026-09-06T18:04:15.737+01:00 INFO : Filtering template 65/96 segment 1/3
2026-09-06T18:04:15.781+01:00 INFO : 3 points above threshold
2026-09-06T18:04:15.813+01:00 INFO : Filtering template 65/96 segment 2/3
2026-09-06T18:04:15.851+01:00 INFO : 3 points above threshold
2026-09-06T18:04:15.864+01:00 INFO : Filtering template 65/96 segment 3/3
2026-09-06T18:04:15.903+01:00 INFO : 1 points above threshold
2026-09-06T18:04:15.913+01:00 INFO : 65: generating IMRPhenomD from 30.0 Hz
2026-09-06T18:04:15.917+01:00 INFO : Decompressing waveform using inline_linear
2026-09-06T18:04:15.926+01:00 INFO : Filtering template 66/96 segment 1/3
2026-09-06T18:04:15.970+01:00 INFO : 2 points above threshold
2026-09-06T18:04:15.998+01:00 INFO : Filtering template 66/96 segment 2/3
2026-09-06T18:04:16.036+01:00 INFO : 2 points above threshold
2026-09-06T18:04:16.046+01:00 INFO : Filtering template 66/96 segment 3/3
2026-09-06T18:04:16.084+01:00 INFO : 1 points above threshold
2026-09-06T18:04:16.094+01:00 INFO : 66: generating IMRPhenomD from 30.0 Hz
2026-09-06T18:04:16.099+01:00 INFO : Decompressing waveform using inline_linear
2026-09-06T18:04:16.108+01:00 INFO : Filtering template 67/96 segment 1/3
2026-09-06T18:04:16.152+01:00 INFO : 3 points above threshold
2026-09-06T18:04:16.183+01:00 INFO : Filtering template 67/96 segment 2/3
2026-09-06T18:04:16.221+01:00 INFO : 1 points above threshold
2026-09-06T18:04:16.231+01:00 INFO : Filtering template 67/96 segment 3/3
2026-09-06T18:04:16.269+01:00 INFO : 67: generating IMRPhenomD from 30.0 Hz
2026-09-06T18:04:16.286+01:00 INFO : Decompressing waveform using inline_linear
2026-09-06T18:04:16.295+01:00 INFO : Filtering template 68/96 segment 1/3
2026-09-06T18:04:16.345+01:00 INFO : 2 points above threshold
2026-09-06T18:04:16.376+01:00 INFO : Filtering template 68/96 segment 2/3
2026-09-06T18:04:16.414+01:00 INFO : 1 points above threshold
2026-09-06T18:04:16.429+01:00 INFO : Filtering template 68/96 segment 3/3
2026-09-06T18:04:16.467+01:00 INFO : 2 points above threshold
2026-09-06T18:04:16.477+01:00 INFO : 68: generating IMRPhenomD from 30.0 Hz
2026-09-06T18:04:16.482+01:00 INFO : Decompressing waveform using inline_linear
2026-09-06T18:04:16.491+01:00 INFO : Filtering template 69/96 segment 1/3
2026-09-06T18:04:16.534+01:00 INFO : Filtering template 69/96 segment 2/3
2026-09-06T18:04:16.572+01:00 INFO : 1 points above threshold
2026-09-06T18:04:16.600+01:00 INFO : Filtering template 69/96 segment 3/3
2026-09-06T18:04:16.638+01:00 INFO : 2 points above threshold
2026-09-06T18:04:16.648+01:00 INFO : 69: generating IMRPhenomD from 30.0 Hz
2026-09-06T18:04:16.652+01:00 INFO : Decompressing waveform using inline_linear
2026-09-06T18:04:16.661+01:00 INFO : Filtering template 70/96 segment 1/3
2026-09-06T18:04:16.705+01:00 INFO : 4 points above threshold
2026-09-06T18:04:16.733+01:00 INFO : Filtering template 70/96 segment 2/3
2026-09-06T18:04:16.771+01:00 INFO : Filtering template 70/96 segment 3/3
2026-09-06T18:04:16.809+01:00 INFO : 4 points above threshold
2026-09-06T18:04:16.820+01:00 INFO : 70: generating IMRPhenomD from 30.0 Hz
2026-09-06T18:04:16.824+01:00 INFO : Decompressing waveform using inline_linear
2026-09-06T18:04:16.833+01:00 INFO : Filtering template 71/96 segment 1/3
2026-09-06T18:04:16.877+01:00 INFO : Filtering template 71/96 segment 2/3
2026-09-06T18:04:16.915+01:00 INFO : 2 points above threshold
2026-09-06T18:04:16.942+01:00 INFO : Filtering template 71/96 segment 3/3
2026-09-06T18:04:16.980+01:00 INFO : 3 points above threshold
2026-09-06T18:04:16.994+01:00 INFO : 71: generating IMRPhenomD from 30.0 Hz
2026-09-06T18:04:16.998+01:00 INFO : Decompressing waveform using inline_linear
2026-09-06T18:04:17.007+01:00 INFO : Filtering template 72/96 segment 1/3
2026-09-06T18:04:17.051+01:00 INFO : 2 points above threshold
2026-09-06T18:04:17.079+01:00 INFO : Filtering template 72/96 segment 2/3
2026-09-06T18:04:17.117+01:00 INFO : 3 points above threshold
2026-09-06T18:04:17.130+01:00 INFO : Filtering template 72/96 segment 3/3
2026-09-06T18:04:17.168+01:00 INFO : 5 points above threshold
2026-09-06T18:04:17.183+01:00 INFO : 72: generating IMRPhenomD from 30.0 Hz
2026-09-06T18:04:17.187+01:00 INFO : Decompressing waveform using inline_linear
2026-09-06T18:04:17.196+01:00 INFO : Filtering template 73/96 segment 1/3
2026-09-06T18:04:17.240+01:00 INFO : 1 points above threshold
2026-09-06T18:04:17.267+01:00 INFO : Filtering template 73/96 segment 2/3
2026-09-06T18:04:17.306+01:00 INFO : 2 points above threshold
2026-09-06T18:04:17.316+01:00 INFO : Filtering template 73/96 segment 3/3
2026-09-06T18:04:17.354+01:00 INFO : 1 points above threshold
2026-09-06T18:04:17.364+01:00 INFO : 73: generating IMRPhenomD from 30.0 Hz
2026-09-06T18:04:17.368+01:00 INFO : Decompressing waveform using inline_linear
2026-09-06T18:04:17.377+01:00 INFO : Filtering template 74/96 segment 1/3
2026-09-06T18:04:17.421+01:00 INFO : 3 points above threshold
2026-09-06T18:04:17.452+01:00 INFO : Filtering template 74/96 segment 2/3
2026-09-06T18:04:17.490+01:00 INFO : 3 points above threshold
2026-09-06T18:04:17.504+01:00 INFO : Filtering template 74/96 segment 3/3
2026-09-06T18:04:17.542+01:00 INFO : 1 points above threshold
2026-09-06T18:04:17.552+01:00 INFO : 74: generating IMRPhenomD from 30.0 Hz
2026-09-06T18:04:17.556+01:00 INFO : Decompressing waveform using inline_linear
2026-09-06T18:04:17.565+01:00 INFO : Filtering template 75/96 segment 1/3
2026-09-06T18:04:17.609+01:00 INFO : Filtering template 75/96 segment 2/3
2026-09-06T18:04:17.647+01:00 INFO : 3 points above threshold
2026-09-06T18:04:17.680+01:00 INFO : Filtering template 75/96 segment 3/3
2026-09-06T18:04:17.718+01:00 INFO : 2 points above threshold
2026-09-06T18:04:17.730+01:00 INFO : 75: generating IMRPhenomD from 30.0 Hz
2026-09-06T18:04:17.734+01:00 INFO : Decompressing waveform using inline_linear
2026-09-06T18:04:17.743+01:00 INFO : Filtering template 76/96 segment 1/3
2026-09-06T18:04:17.787+01:00 INFO : 1 points above threshold
2026-09-06T18:04:17.815+01:00 INFO : Filtering template 76/96 segment 2/3
2026-09-06T18:04:17.853+01:00 INFO : 1 points above threshold
2026-09-06T18:04:17.863+01:00 INFO : Filtering template 76/96 segment 3/3
2026-09-06T18:04:17.901+01:00 INFO : 2 points above threshold
2026-09-06T18:04:17.911+01:00 INFO : 76: generating IMRPhenomD from 30.0 Hz
2026-09-06T18:04:17.915+01:00 INFO : Decompressing waveform using inline_linear
2026-09-06T18:04:17.924+01:00 INFO : Filtering template 77/96 segment 1/3
2026-09-06T18:04:17.968+01:00 INFO : 1 points above threshold
2026-09-06T18:04:17.995+01:00 INFO : Filtering template 77/96 segment 2/3
2026-09-06T18:04:18.034+01:00 INFO : Filtering template 77/96 segment 3/3
2026-09-06T18:04:18.072+01:00 INFO : 1 points above threshold
2026-09-06T18:04:18.082+01:00 INFO : 77: generating IMRPhenomD from 30.0 Hz
2026-09-06T18:04:18.086+01:00 INFO : Decompressing waveform using inline_linear
2026-09-06T18:04:18.095+01:00 INFO : Filtering template 78/96 segment 1/3
2026-09-06T18:04:18.139+01:00 INFO : Filtering template 78/96 segment 2/3
2026-09-06T18:04:18.177+01:00 INFO : Filtering template 78/96 segment 3/3
2026-09-06T18:04:18.215+01:00 INFO : 1 points above threshold
2026-09-06T18:04:18.243+01:00 INFO : 78: generating IMRPhenomD from 30.0 Hz
2026-09-06T18:04:18.247+01:00 INFO : Decompressing waveform using inline_linear
2026-09-06T18:04:18.256+01:00 INFO : Filtering template 79/96 segment 1/3
2026-09-06T18:04:18.300+01:00 INFO : 2 points above threshold
2026-09-06T18:04:18.328+01:00 INFO : Filtering template 79/96 segment 2/3
2026-09-06T18:04:18.365+01:00 INFO : 1 points above threshold
2026-09-06T18:04:18.375+01:00 INFO : Filtering template 79/96 segment 3/3
2026-09-06T18:04:18.413+01:00 INFO : 4 points above threshold
2026-09-06T18:04:18.425+01:00 INFO : 79: generating IMRPhenomD from 30.0 Hz
2026-09-06T18:04:18.429+01:00 INFO : Decompressing waveform using inline_linear
2026-09-06T18:04:18.439+01:00 INFO : Filtering template 80/96 segment 1/3
2026-09-06T18:04:18.482+01:00 INFO : 3 points above threshold
2026-09-06T18:04:18.515+01:00 INFO : Filtering template 80/96 segment 2/3
2026-09-06T18:04:18.554+01:00 INFO : 1 points above threshold
2026-09-06T18:04:18.563+01:00 INFO : Filtering template 80/96 segment 3/3
2026-09-06T18:04:18.601+01:00 INFO : 1 points above threshold
2026-09-06T18:04:18.612+01:00 INFO : 80: generating IMRPhenomD from 30.0 Hz
2026-09-06T18:04:18.616+01:00 INFO : Decompressing waveform using inline_linear
2026-09-06T18:04:18.625+01:00 INFO : Filtering template 81/96 segment 1/3
2026-09-06T18:04:18.669+01:00 INFO : 3 points above threshold
2026-09-06T18:04:18.701+01:00 INFO : Filtering template 81/96 segment 2/3
2026-09-06T18:04:18.740+01:00 INFO : 2 points above threshold
2026-09-06T18:04:18.752+01:00 INFO : Filtering template 81/96 segment 3/3
2026-09-06T18:04:18.793+01:00 INFO : 1 points above threshold
2026-09-06T18:04:18.803+01:00 INFO : 81: generating IMRPhenomD from 30.0 Hz
2026-09-06T18:04:18.807+01:00 INFO : Decompressing waveform using inline_linear
2026-09-06T18:04:18.817+01:00 INFO : Filtering template 82/96 segment 1/3
2026-09-06T18:04:18.861+01:00 INFO : 1 points above threshold
2026-09-06T18:04:18.889+01:00 INFO : Filtering template 82/96 segment 2/3
2026-09-06T18:04:18.927+01:00 INFO : 2 points above threshold
2026-09-06T18:04:18.937+01:00 INFO : Filtering template 82/96 segment 3/3
2026-09-06T18:04:18.975+01:00 INFO : 82: generating IMRPhenomD from 30.0 Hz
2026-09-06T18:04:18.979+01:00 INFO : Decompressing waveform using inline_linear
2026-09-06T18:04:18.988+01:00 INFO : Filtering template 83/96 segment 1/3
2026-09-06T18:04:19.032+01:00 INFO : 2 points above threshold
2026-09-06T18:04:19.059+01:00 INFO : Filtering template 83/96 segment 2/3
2026-09-06T18:04:19.098+01:00 INFO : 5 points above threshold
2026-09-06T18:04:19.112+01:00 INFO : Filtering template 83/96 segment 3/3
2026-09-06T18:04:19.150+01:00 INFO : 4 points above threshold
2026-09-06T18:04:19.160+01:00 INFO : 83: generating IMRPhenomD from 30.0 Hz
2026-09-06T18:04:19.164+01:00 INFO : Decompressing waveform using inline_linear
2026-09-06T18:04:19.173+01:00 INFO : Filtering template 84/96 segment 1/3
2026-09-06T18:04:19.217+01:00 INFO : Filtering template 84/96 segment 2/3
2026-09-06T18:04:19.255+01:00 INFO : 2 points above threshold
2026-09-06T18:04:19.283+01:00 INFO : Filtering template 84/96 segment 3/3
2026-09-06T18:04:19.321+01:00 INFO : 2 points above threshold
2026-09-06T18:04:19.331+01:00 INFO : 84: generating IMRPhenomD from 30.0 Hz
2026-09-06T18:04:19.335+01:00 INFO : Decompressing waveform using inline_linear
2026-09-06T18:04:19.345+01:00 INFO : Filtering template 85/96 segment 1/3
2026-09-06T18:04:19.388+01:00 INFO : 2 points above threshold
2026-09-06T18:04:19.421+01:00 INFO : Filtering template 85/96 segment 2/3
2026-09-06T18:04:19.459+01:00 INFO : 3 points above threshold
2026-09-06T18:04:19.473+01:00 INFO : Filtering template 85/96 segment 3/3
2026-09-06T18:04:19.511+01:00 INFO : 4 points above threshold
2026-09-06T18:04:19.521+01:00 INFO : 85: generating IMRPhenomD from 30.0 Hz
2026-09-06T18:04:19.525+01:00 INFO : Decompressing waveform using inline_linear
2026-09-06T18:04:19.534+01:00 INFO : Filtering template 86/96 segment 1/3
2026-09-06T18:04:19.578+01:00 INFO : 3 points above threshold
2026-09-06T18:04:19.610+01:00 INFO : Filtering template 86/96 segment 2/3
2026-09-06T18:04:19.648+01:00 INFO : 2 points above threshold
2026-09-06T18:04:19.658+01:00 INFO : Filtering template 86/96 segment 3/3
2026-09-06T18:04:19.696+01:00 INFO : 2 points above threshold
2026-09-06T18:04:19.706+01:00 INFO : 86: generating IMRPhenomD from 30.0 Hz
2026-09-06T18:04:19.710+01:00 INFO : Decompressing waveform using inline_linear
2026-09-06T18:04:19.719+01:00 INFO : Filtering template 87/96 segment 1/3
2026-09-06T18:04:19.763+01:00 INFO : 1 points above threshold
2026-09-06T18:04:19.790+01:00 INFO : Filtering template 87/96 segment 2/3
2026-09-06T18:04:19.828+01:00 INFO : 3 points above threshold
2026-09-06T18:04:19.842+01:00 INFO : Filtering template 87/96 segment 3/3
2026-09-06T18:04:19.880+01:00 INFO : 2 points above threshold
2026-09-06T18:04:19.890+01:00 INFO : 87: generating IMRPhenomD from 30.0 Hz
2026-09-06T18:04:19.894+01:00 INFO : Decompressing waveform using inline_linear
2026-09-06T18:04:19.903+01:00 INFO : Filtering template 88/96 segment 1/3
2026-09-06T18:04:19.947+01:00 INFO : 2 points above threshold
2026-09-06T18:04:19.975+01:00 INFO : Filtering template 88/96 segment 2/3
2026-09-06T18:04:20.013+01:00 INFO : 1 points above threshold
2026-09-06T18:04:20.023+01:00 INFO : Filtering template 88/96 segment 3/3
2026-09-06T18:04:20.061+01:00 INFO : 2 points above threshold
2026-09-06T18:04:20.071+01:00 INFO : 88: generating IMRPhenomD from 30.0 Hz
2026-09-06T18:04:20.075+01:00 INFO : Decompressing waveform using inline_linear
2026-09-06T18:04:20.084+01:00 INFO : Filtering template 89/96 segment 1/3
2026-09-06T18:04:20.127+01:00 INFO : 2 points above threshold
2026-09-06T18:04:20.155+01:00 INFO : Filtering template 89/96 segment 2/3
2026-09-06T18:04:20.193+01:00 INFO : 3 points above threshold
2026-09-06T18:04:20.207+01:00 INFO : Filtering template 89/96 segment 3/3
2026-09-06T18:04:20.245+01:00 INFO : 89: generating IMRPhenomD from 30.0 Hz
2026-09-06T18:04:20.249+01:00 INFO : Decompressing waveform using inline_linear
2026-09-06T18:04:20.258+01:00 INFO : Filtering template 90/96 segment 1/3
2026-09-06T18:04:20.302+01:00 INFO : 1 points above threshold
2026-09-06T18:04:20.330+01:00 INFO : Filtering template 90/96 segment 2/3
2026-09-06T18:04:20.368+01:00 INFO : 3 points above threshold
2026-09-06T18:04:20.382+01:00 INFO : Filtering template 90/96 segment 3/3
2026-09-06T18:04:20.420+01:00 INFO : 1 points above threshold
2026-09-06T18:04:20.431+01:00 INFO : 90: generating IMRPhenomD from 30.0 Hz
2026-09-06T18:04:20.435+01:00 INFO : Decompressing waveform using inline_linear
2026-09-06T18:04:20.444+01:00 INFO : Filtering template 91/96 segment 1/3
2026-09-06T18:04:20.488+01:00 INFO : Filtering template 91/96 segment 2/3
2026-09-06T18:04:20.526+01:00 INFO : 5 points above threshold
2026-09-06T18:04:20.558+01:00 INFO : Filtering template 91/96 segment 3/3
2026-09-06T18:04:20.596+01:00 INFO : 1 points above threshold
2026-09-06T18:04:20.606+01:00 INFO : 91: generating IMRPhenomD from 30.0 Hz
2026-09-06T18:04:20.610+01:00 INFO : Decompressing waveform using inline_linear
2026-09-06T18:04:20.619+01:00 INFO : Filtering template 92/96 segment 1/3
2026-09-06T18:04:20.663+01:00 INFO : 2 points above threshold
2026-09-06T18:04:20.690+01:00 INFO : Filtering template 92/96 segment 2/3
2026-09-06T18:04:20.728+01:00 INFO : 4 points above threshold
2026-09-06T18:04:20.738+01:00 INFO : Filtering template 92/96 segment 3/3
2026-09-06T18:04:20.776+01:00 INFO : 1 points above threshold
2026-09-06T18:04:20.786+01:00 INFO : 92: generating IMRPhenomD from 30.0 Hz
2026-09-06T18:04:20.791+01:00 INFO : Decompressing waveform using inline_linear
2026-09-06T18:04:20.800+01:00 INFO : Filtering template 93/96 segment 1/3
2026-09-06T18:04:20.844+01:00 INFO : 2 points above threshold
2026-09-06T18:04:20.871+01:00 INFO : Filtering template 93/96 segment 2/3
2026-09-06T18:04:20.909+01:00 INFO : 5 points above threshold
2026-09-06T18:04:20.924+01:00 INFO : Filtering template 93/96 segment 3/3
2026-09-06T18:04:20.962+01:00 INFO : 1 points above threshold
2026-09-06T18:04:20.972+01:00 INFO : 93: generating IMRPhenomD from 30.0 Hz
2026-09-06T18:04:20.976+01:00 INFO : Decompressing waveform using inline_linear
2026-09-06T18:04:20.985+01:00 INFO : Filtering template 94/96 segment 1/3
2026-09-06T18:04:21.029+01:00 INFO : 2 points above threshold
2026-09-06T18:04:21.057+01:00 INFO : Filtering template 94/96 segment 2/3
2026-09-06T18:04:21.095+01:00 INFO : 5 points above threshold
2026-09-06T18:04:21.109+01:00 INFO : Filtering template 94/96 segment 3/3
2026-09-06T18:04:21.147+01:00 INFO : 2 points above threshold
2026-09-06T18:04:21.157+01:00 INFO : 94: generating IMRPhenomD from 30.0 Hz
2026-09-06T18:04:21.161+01:00 INFO : Decompressing waveform using inline_linear
2026-09-06T18:04:21.170+01:00 INFO : Filtering template 95/96 segment 1/3
2026-09-06T18:04:21.214+01:00 INFO : 3 points above threshold
2026-09-06T18:04:21.245+01:00 INFO : Filtering template 95/96 segment 2/3
2026-09-06T18:04:21.283+01:00 INFO : 4 points above threshold
2026-09-06T18:04:21.299+01:00 INFO : Filtering template 95/96 segment 3/3
2026-09-06T18:04:21.337+01:00 INFO : 1 points above threshold
2026-09-06T18:04:21.347+01:00 INFO : 95: generating IMRPhenomD from 30.0 Hz
2026-09-06T18:04:21.352+01:00 INFO : Decompressing waveform using inline_linear
2026-09-06T18:04:21.361+01:00 INFO : Filtering template 96/96 segment 1/3
2026-09-06T18:04:21.405+01:00 INFO : 2 points above threshold
2026-09-06T18:04:21.432+01:00 INFO : Filtering template 96/96 segment 2/3
2026-09-06T18:04:21.470+01:00 INFO : Filtering template 96/96 segment 3/3
2026-09-06T18:04:21.508+01:00 INFO : 1 points above threshold
2026-09-06T18:04:21.519+01:00 INFO : We currently have 527 triggers
2026-09-06T18:04:21.519+01:00 INFO : Removing triggers with NewSNR below threshold
2026-09-06T18:04:21.519+01:00 INFO : 475 remaining triggers
2026-09-06T18:04:21.519+01:00 INFO : Outputting 475 triggers
2026-09-06T18:04:21.519+01:00 INFO : Writing out triggers
2026-09-06T18:04:21.530+01:00 INFO : Finished
