2026-09-06T23:46:15.966+01:00 INFO : Running with CPU support: 1 threads
2026-09-06T23:46:15.967+01:00 INFO : Reading Frames
2026-09-06T23:46:22.654+01:00 INFO : Highpass Filtering
2026-09-06T23:46:23.109+01:00 INFO : Resampling data
2026-09-06T23:46:23.121+01:00 INFO : Converting to float32
/home/xangma/pycbc-torch-maintainer-benchmark-20260906/original/pycbc/types/array.py:393: RuntimeWarning: divide by zero encountered in divide
  return self._data.__rtruediv__(other)
2026-09-06T23:46:28.437+01:00 INFO : Highpass Filtering
2026-09-06T23:46:28.879+01:00 INFO : Remove Padding
2026-09-06T23:46:28.879+01:00 INFO : Making frequency-domain data segments
2026-09-06T23:46:30.597+01:00 INFO : Overwhitening frequency-domain data segments
2026-09-06T23:46:30.617+01:00 INFO : Read in template bank
2026-09-06T23:46:30.650+01:00 INFO : Full template bank size: 96
2026-09-06T23:46:30.650+01:00 INFO : Template bank size after thinning: 96
2026-09-06T23:46:30.651+01:00 INFO : 0: generating IMRPhenomD from 30.0 Hz
2026-09-06T23:46:30.654+01:00 INFO : Decompressing waveform using inline_linear
2026-09-06T23:46:30.660+01:00 INFO : Filtering template 1/96 segment 1/5
2026-09-06T23:46:30.687+01:00 INFO : 1 points above threshold
2026-09-06T23:46:30.706+01:00 INFO : Filtering template 1/96 segment 2/5
2026-09-06T23:46:30.724+01:00 INFO : Filtering template 1/96 segment 3/5
2026-09-06T23:46:30.741+01:00 INFO : 1 points above threshold
2026-09-06T23:46:30.747+01:00 INFO : Filtering template 1/96 segment 4/5
2026-09-06T23:46:30.764+01:00 INFO : Filtering template 1/96 segment 5/5
2026-09-06T23:46:30.781+01:00 INFO : 1 points above threshold
2026-09-06T23:46:30.787+01:00 INFO : 1: generating IMRPhenomD from 30.0 Hz
2026-09-06T23:46:30.790+01:00 INFO : Decompressing waveform using inline_linear
2026-09-06T23:46:30.796+01:00 INFO : Filtering template 2/96 segment 1/5
2026-09-06T23:46:30.816+01:00 INFO : 1 points above threshold
2026-09-06T23:46:30.832+01:00 INFO : Filtering template 2/96 segment 2/5
2026-09-06T23:46:30.850+01:00 INFO : 1 points above threshold
2026-09-06T23:46:30.855+01:00 INFO : Filtering template 2/96 segment 3/5
2026-09-06T23:46:30.872+01:00 INFO : 2 points above threshold
2026-09-06T23:46:30.878+01:00 INFO : Filtering template 2/96 segment 4/5
2026-09-06T23:46:30.895+01:00 INFO : Filtering template 2/96 segment 5/5
2026-09-06T23:46:30.913+01:00 INFO : 1 points above threshold
2026-09-06T23:46:30.918+01:00 INFO : 2: generating IMRPhenomD from 30.0 Hz
2026-09-06T23:46:30.921+01:00 INFO : Decompressing waveform using inline_linear
2026-09-06T23:46:30.926+01:00 INFO : Filtering template 3/96 segment 1/5
2026-09-06T23:46:30.946+01:00 INFO : 3 points above threshold
2026-09-06T23:46:30.963+01:00 INFO : Filtering template 3/96 segment 2/5
2026-09-06T23:46:30.981+01:00 INFO : Filtering template 3/96 segment 3/5
2026-09-06T23:46:30.998+01:00 INFO : 1 points above threshold
2026-09-06T23:46:31.003+01:00 INFO : Filtering template 3/96 segment 4/5
2026-09-06T23:46:31.021+01:00 INFO : 1 points above threshold
2026-09-06T23:46:31.029+01:00 INFO : Filtering template 3/96 segment 5/5
2026-09-06T23:46:31.047+01:00 INFO : 3: generating IMRPhenomD from 30.0 Hz
2026-09-06T23:46:31.050+01:00 INFO : Decompressing waveform using inline_linear
2026-09-06T23:46:31.055+01:00 INFO : Filtering template 4/96 segment 1/5
2026-09-06T23:46:31.075+01:00 INFO : 1 points above threshold
2026-09-06T23:46:31.089+01:00 INFO : Filtering template 4/96 segment 2/5
2026-09-06T23:46:31.107+01:00 INFO : 1 points above threshold
2026-09-06T23:46:31.112+01:00 INFO : Filtering template 4/96 segment 3/5
2026-09-06T23:46:31.130+01:00 INFO : 2 points above threshold
2026-09-06T23:46:31.135+01:00 INFO : Filtering template 4/96 segment 4/5
2026-09-06T23:46:31.153+01:00 INFO : 2 points above threshold
2026-09-06T23:46:31.158+01:00 INFO : Filtering template 4/96 segment 5/5
2026-09-06T23:46:31.175+01:00 INFO : 2 points above threshold
2026-09-06T23:46:31.181+01:00 INFO : 4: generating IMRPhenomD from 30.0 Hz
2026-09-06T23:46:31.184+01:00 INFO : Decompressing waveform using inline_linear
2026-09-06T23:46:31.189+01:00 INFO : Filtering template 5/96 segment 1/5
2026-09-06T23:46:31.209+01:00 INFO : 1 points above threshold
2026-09-06T23:46:31.224+01:00 INFO : Filtering template 5/96 segment 2/5
2026-09-06T23:46:31.241+01:00 INFO : 2 points above threshold
2026-09-06T23:46:31.247+01:00 INFO : Filtering template 5/96 segment 3/5
2026-09-06T23:46:31.264+01:00 INFO : 2 points above threshold
2026-09-06T23:46:31.269+01:00 INFO : Filtering template 5/96 segment 4/5
2026-09-06T23:46:31.287+01:00 INFO : 2 points above threshold
2026-09-06T23:46:31.292+01:00 INFO : Filtering template 5/96 segment 5/5
2026-09-06T23:46:31.310+01:00 INFO : 5: generating IMRPhenomD from 30.0 Hz
2026-09-06T23:46:31.313+01:00 INFO : Decompressing waveform using inline_linear
2026-09-06T23:46:31.318+01:00 INFO : Filtering template 6/96 segment 1/5
2026-09-06T23:46:31.338+01:00 INFO : 1 points above threshold
2026-09-06T23:46:31.351+01:00 INFO : Filtering template 6/96 segment 2/5
2026-09-06T23:46:31.369+01:00 INFO : Filtering template 6/96 segment 3/5
2026-09-06T23:46:31.386+01:00 INFO : Filtering template 6/96 segment 4/5
2026-09-06T23:46:31.404+01:00 INFO : Filtering template 6/96 segment 5/5
2026-09-06T23:46:31.421+01:00 INFO : 1 points above threshold
2026-09-06T23:46:31.427+01:00 INFO : 6: generating IMRPhenomD from 30.0 Hz
2026-09-06T23:46:31.430+01:00 INFO : Decompressing waveform using inline_linear
2026-09-06T23:46:31.435+01:00 INFO : Filtering template 7/96 segment 1/5
2026-09-06T23:46:31.455+01:00 INFO : 2 points above threshold
2026-09-06T23:46:31.468+01:00 INFO : Filtering template 7/96 segment 2/5
2026-09-06T23:46:31.486+01:00 INFO : Filtering template 7/96 segment 3/5
2026-09-06T23:46:31.503+01:00 INFO : Filtering template 7/96 segment 4/5
2026-09-06T23:46:31.521+01:00 INFO : 1 points above threshold
2026-09-06T23:46:31.526+01:00 INFO : Filtering template 7/96 segment 5/5
2026-09-06T23:46:31.544+01:00 INFO : 7: generating IMRPhenomD from 30.0 Hz
2026-09-06T23:46:31.547+01:00 INFO : Decompressing waveform using inline_linear
2026-09-06T23:46:31.552+01:00 INFO : Filtering template 8/96 segment 1/5
2026-09-06T23:46:31.572+01:00 INFO : 2 points above threshold
2026-09-06T23:46:31.585+01:00 INFO : Filtering template 8/96 segment 2/5
2026-09-06T23:46:31.602+01:00 INFO : 1 points above threshold
2026-09-06T23:46:31.608+01:00 INFO : Filtering template 8/96 segment 3/5
2026-09-06T23:46:31.625+01:00 INFO : 4 points above threshold
2026-09-06T23:46:31.631+01:00 INFO : Filtering template 8/96 segment 4/5
2026-09-06T23:46:31.648+01:00 INFO : Filtering template 8/96 segment 5/5
2026-09-06T23:46:31.666+01:00 INFO : 8: generating IMRPhenomD from 30.0 Hz
2026-09-06T23:46:31.669+01:00 INFO : Decompressing waveform using inline_linear
2026-09-06T23:46:31.674+01:00 INFO : Filtering template 9/96 segment 1/5
2026-09-06T23:46:31.694+01:00 INFO : Filtering template 9/96 segment 2/5
2026-09-06T23:46:31.711+01:00 INFO : 1 points above threshold
2026-09-06T23:46:31.725+01:00 INFO : Filtering template 9/96 segment 3/5
2026-09-06T23:46:31.742+01:00 INFO : 2 points above threshold
2026-09-06T23:46:31.747+01:00 INFO : Filtering template 9/96 segment 4/5
2026-09-06T23:46:31.765+01:00 INFO : 1 points above threshold
2026-09-06T23:46:31.770+01:00 INFO : Filtering template 9/96 segment 5/5
2026-09-06T23:46:31.787+01:00 INFO : 3 points above threshold
2026-09-06T23:46:31.795+01:00 INFO : 9: generating IMRPhenomD from 30.0 Hz
2026-09-06T23:46:31.798+01:00 INFO : Decompressing waveform using inline_linear
2026-09-06T23:46:31.803+01:00 INFO : Filtering template 10/96 segment 1/5
2026-09-06T23:46:31.823+01:00 INFO : 1 points above threshold
2026-09-06T23:46:31.836+01:00 INFO : Filtering template 10/96 segment 2/5
2026-09-06T23:46:31.853+01:00 INFO : 1 points above threshold
2026-09-06T23:46:31.859+01:00 INFO : Filtering template 10/96 segment 3/5
2026-09-06T23:46:31.876+01:00 INFO : Filtering template 10/96 segment 4/5
2026-09-06T23:46:31.894+01:00 INFO : 2 points above threshold
2026-09-06T23:46:31.899+01:00 INFO : Filtering template 10/96 segment 5/5
2026-09-06T23:46:31.916+01:00 INFO : 1 points above threshold
2026-09-06T23:46:31.922+01:00 INFO : 10: generating IMRPhenomD from 30.0 Hz
2026-09-06T23:46:31.925+01:00 INFO : Decompressing waveform using inline_linear
2026-09-06T23:46:31.930+01:00 INFO : Filtering template 11/96 segment 1/5
2026-09-06T23:46:31.950+01:00 INFO : 4 points above threshold
2026-09-06T23:46:31.965+01:00 INFO : Filtering template 11/96 segment 2/5
2026-09-06T23:46:31.982+01:00 INFO : 2 points above threshold
2026-09-06T23:46:31.988+01:00 INFO : Filtering template 11/96 segment 3/5
2026-09-06T23:46:32.005+01:00 INFO : 1 points above threshold
2026-09-06T23:46:32.011+01:00 INFO : Filtering template 11/96 segment 4/5
2026-09-06T23:46:32.028+01:00 INFO : Filtering template 11/96 segment 5/5
2026-09-06T23:46:32.046+01:00 INFO : 11: generating IMRPhenomD from 30.0 Hz
2026-09-06T23:46:32.049+01:00 INFO : Decompressing waveform using inline_linear
2026-09-06T23:46:32.054+01:00 INFO : Filtering template 12/96 segment 1/5
2026-09-06T23:46:32.074+01:00 INFO : 1 points above threshold
2026-09-06T23:46:32.089+01:00 INFO : Filtering template 12/96 segment 2/5
2026-09-06T23:46:32.106+01:00 INFO : 1 points above threshold
2026-09-06T23:46:32.112+01:00 INFO : Filtering template 12/96 segment 3/5
2026-09-06T23:46:32.129+01:00 INFO : 1 points above threshold
2026-09-06T23:46:32.134+01:00 INFO : Filtering template 12/96 segment 4/5
2026-09-06T23:46:32.152+01:00 INFO : 3 points above threshold
2026-09-06T23:46:32.159+01:00 INFO : Filtering template 12/96 segment 5/5
2026-09-06T23:46:32.177+01:00 INFO : 12: generating IMRPhenomD from 30.0 Hz
2026-09-06T23:46:32.180+01:00 INFO : Decompressing waveform using inline_linear
2026-09-06T23:46:32.185+01:00 INFO : Filtering template 13/96 segment 1/5
2026-09-06T23:46:32.205+01:00 INFO : Filtering template 13/96 segment 2/5
2026-09-06T23:46:32.222+01:00 INFO : 4 points above threshold
2026-09-06T23:46:32.237+01:00 INFO : Filtering template 13/96 segment 3/5
2026-09-06T23:46:32.254+01:00 INFO : Filtering template 13/96 segment 4/5
2026-09-06T23:46:32.272+01:00 INFO : Filtering template 13/96 segment 5/5
2026-09-06T23:46:32.289+01:00 INFO : 1 points above threshold
2026-09-06T23:46:32.295+01:00 INFO : 13: generating IMRPhenomD from 30.0 Hz
2026-09-06T23:46:32.298+01:00 INFO : Decompressing waveform using inline_linear
2026-09-06T23:46:32.303+01:00 INFO : Filtering template 14/96 segment 1/5
2026-09-06T23:46:32.323+01:00 INFO : 1 points above threshold
2026-09-06T23:46:32.339+01:00 INFO : Filtering template 14/96 segment 2/5
2026-09-06T23:46:32.356+01:00 INFO : 2 points above threshold
2026-09-06T23:46:32.361+01:00 INFO : Filtering template 14/96 segment 3/5
2026-09-06T23:46:32.379+01:00 INFO : 3 points above threshold
2026-09-06T23:46:32.386+01:00 INFO : Filtering template 14/96 segment 4/5
2026-09-06T23:46:32.404+01:00 INFO : 2 points above threshold
2026-09-06T23:46:32.409+01:00 INFO : Filtering template 14/96 segment 5/5
2026-09-06T23:46:32.427+01:00 INFO : 14: generating IMRPhenomD from 30.0 Hz
2026-09-06T23:46:32.430+01:00 INFO : Decompressing waveform using inline_linear
2026-09-06T23:46:32.435+01:00 INFO : Filtering template 15/96 segment 1/5
2026-09-06T23:46:32.455+01:00 INFO : 1 points above threshold
2026-09-06T23:46:32.469+01:00 INFO : Filtering template 15/96 segment 2/5
2026-09-06T23:46:32.487+01:00 INFO : Filtering template 15/96 segment 3/5
2026-09-06T23:46:32.504+01:00 INFO : 1 points above threshold
2026-09-06T23:46:32.510+01:00 INFO : Filtering template 15/96 segment 4/5
2026-09-06T23:46:32.527+01:00 INFO : 1 points above threshold
2026-09-06T23:46:32.533+01:00 INFO : Filtering template 15/96 segment 5/5
2026-09-06T23:46:32.550+01:00 INFO : 3 points above threshold
2026-09-06T23:46:32.557+01:00 INFO : 15: generating IMRPhenomD from 30.0 Hz
2026-09-06T23:46:32.560+01:00 INFO : Decompressing waveform using inline_linear
2026-09-06T23:46:32.565+01:00 INFO : Filtering template 16/96 segment 1/5
2026-09-06T23:46:32.585+01:00 INFO : 1 points above threshold
2026-09-06T23:46:32.600+01:00 INFO : Filtering template 16/96 segment 2/5
2026-09-06T23:46:32.617+01:00 INFO : 2 points above threshold
2026-09-06T23:46:32.623+01:00 INFO : Filtering template 16/96 segment 3/5
2026-09-06T23:46:32.640+01:00 INFO : 3 points above threshold
2026-09-06T23:46:32.647+01:00 INFO : Filtering template 16/96 segment 4/5
2026-09-06T23:46:32.665+01:00 INFO : 2 points above threshold
2026-09-06T23:46:32.670+01:00 INFO : Filtering template 16/96 segment 5/5
2026-09-06T23:46:32.688+01:00 INFO : 16: generating IMRPhenomD from 30.0 Hz
2026-09-06T23:46:32.691+01:00 INFO : Decompressing waveform using inline_linear
2026-09-06T23:46:32.696+01:00 INFO : Filtering template 17/96 segment 1/5
2026-09-06T23:46:32.716+01:00 INFO : 2 points above threshold
2026-09-06T23:46:32.730+01:00 INFO : Filtering template 17/96 segment 2/5
2026-09-06T23:46:32.748+01:00 INFO : 3 points above threshold
2026-09-06T23:46:32.755+01:00 INFO : Filtering template 17/96 segment 3/5
2026-09-06T23:46:32.773+01:00 INFO : Filtering template 17/96 segment 4/5
2026-09-06T23:46:32.790+01:00 INFO : 2 points above threshold
2026-09-06T23:46:32.795+01:00 INFO : Filtering template 17/96 segment 5/5
2026-09-06T23:46:32.813+01:00 INFO : 3 points above threshold
2026-09-06T23:46:32.820+01:00 INFO : 17: generating IMRPhenomD from 30.0 Hz
2026-09-06T23:46:32.823+01:00 INFO : Decompressing waveform using inline_linear
2026-09-06T23:46:32.828+01:00 INFO : Filtering template 18/96 segment 1/5
2026-09-06T23:46:32.848+01:00 INFO : Filtering template 18/96 segment 2/5
2026-09-06T23:46:32.866+01:00 INFO : Filtering template 18/96 segment 3/5
2026-09-06T23:46:32.883+01:00 INFO : 1 points above threshold
2026-09-06T23:46:32.898+01:00 INFO : Filtering template 18/96 segment 4/5
2026-09-06T23:46:32.916+01:00 INFO : Filtering template 18/96 segment 5/5
2026-09-06T23:46:32.933+01:00 INFO : 2 points above threshold
2026-09-06T23:46:32.938+01:00 INFO : 18: generating IMRPhenomD from 30.0 Hz
2026-09-06T23:46:32.942+01:00 INFO : Decompressing waveform using inline_linear
2026-09-06T23:46:32.947+01:00 INFO : Filtering template 19/96 segment 1/5
2026-09-06T23:46:32.966+01:00 INFO : 3 points above threshold
2026-09-06T23:46:32.983+01:00 INFO : Filtering template 19/96 segment 2/5
2026-09-06T23:46:33.001+01:00 INFO : 1 points above threshold
2026-09-06T23:46:33.006+01:00 INFO : Filtering template 19/96 segment 3/5
2026-09-06T23:46:33.023+01:00 INFO : 1 points above threshold
2026-09-06T23:46:33.029+01:00 INFO : Filtering template 19/96 segment 4/5
2026-09-06T23:46:33.046+01:00 INFO : 3 points above threshold
2026-09-06T23:46:33.053+01:00 INFO : Filtering template 19/96 segment 5/5
2026-09-06T23:46:33.071+01:00 INFO : 1 points above threshold
2026-09-06T23:46:33.076+01:00 INFO : 19: generating IMRPhenomD from 30.0 Hz
2026-09-06T23:46:33.079+01:00 INFO : Decompressing waveform using inline_linear
2026-09-06T23:46:33.084+01:00 INFO : Filtering template 20/96 segment 1/5
2026-09-06T23:46:33.104+01:00 INFO : 1 points above threshold
2026-09-06T23:46:33.119+01:00 INFO : Filtering template 20/96 segment 2/5
2026-09-06T23:46:33.137+01:00 INFO : 3 points above threshold
2026-09-06T23:46:33.144+01:00 INFO : Filtering template 20/96 segment 3/5
2026-09-06T23:46:33.161+01:00 INFO : Filtering template 20/96 segment 4/5
2026-09-06T23:46:33.179+01:00 INFO : 2 points above threshold
2026-09-06T23:46:33.184+01:00 INFO : Filtering template 20/96 segment 5/5
2026-09-06T23:46:33.202+01:00 INFO : 20: generating IMRPhenomD from 30.0 Hz
2026-09-06T23:46:33.205+01:00 INFO : Decompressing waveform using inline_linear
2026-09-06T23:46:33.210+01:00 INFO : Filtering template 21/96 segment 1/5
2026-09-06T23:46:33.230+01:00 INFO : 1 points above threshold
2026-09-06T23:46:33.245+01:00 INFO : Filtering template 21/96 segment 2/5
2026-09-06T23:46:33.262+01:00 INFO : 1 points above threshold
2026-09-06T23:46:33.268+01:00 INFO : Filtering template 21/96 segment 3/5
2026-09-06T23:46:33.285+01:00 INFO : 1 points above threshold
2026-09-06T23:46:33.290+01:00 INFO : Filtering template 21/96 segment 4/5
2026-09-06T23:46:33.308+01:00 INFO : Filtering template 21/96 segment 5/5
2026-09-06T23:46:33.326+01:00 INFO : 21: generating IMRPhenomD from 30.0 Hz
2026-09-06T23:46:33.329+01:00 INFO : Decompressing waveform using inline_linear
2026-09-06T23:46:33.334+01:00 INFO : Filtering template 22/96 segment 1/5
2026-09-06T23:46:33.354+01:00 INFO : 5 points above threshold
2026-09-06T23:46:33.371+01:00 INFO : Filtering template 22/96 segment 2/5
2026-09-06T23:46:33.389+01:00 INFO : Filtering template 22/96 segment 3/5
2026-09-06T23:46:33.406+01:00 INFO : Filtering template 22/96 segment 4/5
2026-09-06T23:46:33.424+01:00 INFO : 1 points above threshold
2026-09-06T23:46:33.429+01:00 INFO : Filtering template 22/96 segment 5/5
2026-09-06T23:46:33.447+01:00 INFO : 1 points above threshold
2026-09-06T23:46:33.452+01:00 INFO : 22: generating IMRPhenomD from 30.0 Hz
2026-09-06T23:46:33.455+01:00 INFO : Decompressing waveform using inline_linear
2026-09-06T23:46:33.460+01:00 INFO : Filtering template 23/96 segment 1/5
2026-09-06T23:46:33.480+01:00 INFO : 2 points above threshold
2026-09-06T23:46:33.495+01:00 INFO : Filtering template 23/96 segment 2/5
2026-09-06T23:46:33.513+01:00 INFO : 1 points above threshold
2026-09-06T23:46:33.518+01:00 INFO : Filtering template 23/96 segment 3/5
2026-09-06T23:46:33.536+01:00 INFO : 1 points above threshold
2026-09-06T23:46:33.541+01:00 INFO : Filtering template 23/96 segment 4/5
2026-09-06T23:46:33.558+01:00 INFO : Filtering template 23/96 segment 5/5
2026-09-06T23:46:33.576+01:00 INFO : 23: generating IMRPhenomD from 30.0 Hz
2026-09-06T23:46:33.579+01:00 INFO : Decompressing waveform using inline_linear
2026-09-06T23:46:33.584+01:00 INFO : Filtering template 24/96 segment 1/5
2026-09-06T23:46:33.604+01:00 INFO : 1 points above threshold
2026-09-06T23:46:33.619+01:00 INFO : Filtering template 24/96 segment 2/5
2026-09-06T23:46:33.637+01:00 INFO : 2 points above threshold
2026-09-06T23:46:33.642+01:00 INFO : Filtering template 24/96 segment 3/5
2026-09-06T23:46:33.659+01:00 INFO : 1 points above threshold
2026-09-06T23:46:33.664+01:00 INFO : Filtering template 24/96 segment 4/5
2026-09-06T23:46:33.682+01:00 INFO : Filtering template 24/96 segment 5/5
2026-09-06T23:46:33.699+01:00 INFO : 2 points above threshold
2026-09-06T23:46:33.705+01:00 INFO : 24: generating IMRPhenomD from 30.0 Hz
2026-09-06T23:46:33.708+01:00 INFO : Decompressing waveform using inline_linear
2026-09-06T23:46:33.713+01:00 INFO : Filtering template 25/96 segment 1/5
2026-09-06T23:46:33.733+01:00 INFO : 2 points above threshold
2026-09-06T23:46:33.747+01:00 INFO : Filtering template 25/96 segment 2/5
2026-09-06T23:46:33.765+01:00 INFO : Filtering template 25/96 segment 3/5
2026-09-06T23:46:33.782+01:00 INFO : Filtering template 25/96 segment 4/5
2026-09-06T23:46:33.800+01:00 INFO : Filtering template 25/96 segment 5/5
2026-09-06T23:46:33.818+01:00 INFO : 25: generating IMRPhenomD from 30.0 Hz
2026-09-06T23:46:33.821+01:00 INFO : Decompressing waveform using inline_linear
2026-09-06T23:46:33.826+01:00 INFO : Filtering template 26/96 segment 1/5
2026-09-06T23:46:33.846+01:00 INFO : Filtering template 26/96 segment 2/5
2026-09-06T23:46:33.863+01:00 INFO : 2 points above threshold
2026-09-06T23:46:33.878+01:00 INFO : Filtering template 26/96 segment 3/5
2026-09-06T23:46:33.896+01:00 INFO : Filtering template 26/96 segment 4/5
2026-09-06T23:46:33.913+01:00 INFO : 2 points above threshold
2026-09-06T23:46:33.918+01:00 INFO : Filtering template 26/96 segment 5/5
2026-09-06T23:46:33.936+01:00 INFO : 2 points above threshold
2026-09-06T23:46:33.941+01:00 INFO : 26: generating IMRPhenomD from 30.0 Hz
2026-09-06T23:46:33.944+01:00 INFO : Decompressing waveform using inline_linear
2026-09-06T23:46:33.949+01:00 INFO : Filtering template 27/96 segment 1/5
2026-09-06T23:46:33.969+01:00 INFO : 3 points above threshold
2026-09-06T23:46:33.986+01:00 INFO : Filtering template 27/96 segment 2/5
2026-09-06T23:46:34.003+01:00 INFO : Filtering template 27/96 segment 3/5
2026-09-06T23:46:34.021+01:00 INFO : 1 points above threshold
2026-09-06T23:46:34.026+01:00 INFO : Filtering template 27/96 segment 4/5
2026-09-06T23:46:34.044+01:00 INFO : Filtering template 27/96 segment 5/5
2026-09-06T23:46:34.062+01:00 INFO : 27: generating IMRPhenomD from 30.0 Hz
2026-09-06T23:46:34.065+01:00 INFO : Decompressing waveform using inline_linear
2026-09-06T23:46:34.070+01:00 INFO : Filtering template 28/96 segment 1/5
2026-09-06T23:46:34.090+01:00 INFO : 3 points above threshold
2026-09-06T23:46:34.106+01:00 INFO : Filtering template 28/96 segment 2/5
2026-09-06T23:46:34.124+01:00 INFO : 1 points above threshold
2026-09-06T23:46:34.129+01:00 INFO : Filtering template 28/96 segment 3/5
2026-09-06T23:46:34.147+01:00 INFO : 2 points above threshold
2026-09-06T23:46:34.152+01:00 INFO : Filtering template 28/96 segment 4/5
2026-09-06T23:46:34.169+01:00 INFO : 1 points above threshold
2026-09-06T23:46:34.175+01:00 INFO : Filtering template 28/96 segment 5/5
2026-09-06T23:46:34.193+01:00 INFO : 28: generating IMRPhenomD from 30.0 Hz
2026-09-06T23:46:34.196+01:00 INFO : Decompressing waveform using inline_linear
2026-09-06T23:46:34.201+01:00 INFO : Filtering template 29/96 segment 1/5
2026-09-06T23:46:34.221+01:00 INFO : 2 points above threshold
2026-09-06T23:46:34.235+01:00 INFO : Filtering template 29/96 segment 2/5
2026-09-06T23:46:34.253+01:00 INFO : 2 points above threshold
2026-09-06T23:46:34.258+01:00 INFO : Filtering template 29/96 segment 3/5
2026-09-06T23:46:34.275+01:00 INFO : 1 points above threshold
2026-09-06T23:46:34.281+01:00 INFO : Filtering template 29/96 segment 4/5
2026-09-06T23:46:34.298+01:00 INFO : 2 points above threshold
2026-09-06T23:46:34.303+01:00 INFO : Filtering template 29/96 segment 5/5
2026-09-06T23:46:34.321+01:00 INFO : 2 points above threshold
2026-09-06T23:46:34.326+01:00 INFO : 29: generating IMRPhenomD from 30.0 Hz
2026-09-06T23:46:34.329+01:00 INFO : Decompressing waveform using inline_linear
2026-09-06T23:46:34.334+01:00 INFO : Filtering template 30/96 segment 1/5
2026-09-06T23:46:34.354+01:00 INFO : 1 points above threshold
2026-09-06T23:46:34.369+01:00 INFO : Filtering template 30/96 segment 2/5
2026-09-06T23:46:34.386+01:00 INFO : 1 points above threshold
2026-09-06T23:46:34.392+01:00 INFO : Filtering template 30/96 segment 3/5
2026-09-06T23:46:34.409+01:00 INFO : 1 points above threshold
2026-09-06T23:46:34.414+01:00 INFO : Filtering template 30/96 segment 4/5
2026-09-06T23:46:34.432+01:00 INFO : Filtering template 30/96 segment 5/5
2026-09-06T23:46:34.450+01:00 INFO : 30: generating IMRPhenomD from 30.0 Hz
2026-09-06T23:46:34.453+01:00 INFO : Decompressing waveform using inline_linear
2026-09-06T23:46:34.458+01:00 INFO : Filtering template 31/96 segment 1/5
2026-09-06T23:46:34.478+01:00 INFO : Filtering template 31/96 segment 2/5
2026-09-06T23:46:34.495+01:00 INFO : 1 points above threshold
2026-09-06T23:46:34.510+01:00 INFO : Filtering template 31/96 segment 3/5
2026-09-06T23:46:34.528+01:00 INFO : Filtering template 31/96 segment 4/5
2026-09-06T23:46:34.545+01:00 INFO : 1 points above threshold
2026-09-06T23:46:34.550+01:00 INFO : Filtering template 31/96 segment 5/5
2026-09-06T23:46:34.568+01:00 INFO : 1 points above threshold
2026-09-06T23:46:34.573+01:00 INFO : 31: generating IMRPhenomD from 30.0 Hz
2026-09-06T23:46:34.576+01:00 INFO : Decompressing waveform using inline_linear
2026-09-06T23:46:34.581+01:00 INFO : Filtering template 32/96 segment 1/5
2026-09-06T23:46:34.601+01:00 INFO : Filtering template 32/96 segment 2/5
2026-09-06T23:46:34.619+01:00 INFO : Filtering template 32/96 segment 3/5
2026-09-06T23:46:34.636+01:00 INFO : Filtering template 32/96 segment 4/5
2026-09-06T23:46:34.654+01:00 INFO : 3 points above threshold
2026-09-06T23:46:34.670+01:00 INFO : Filtering template 32/96 segment 5/5
2026-09-06T23:46:34.688+01:00 INFO : 2 points above threshold
2026-09-06T23:46:34.693+01:00 INFO : 32: generating IMRPhenomD from 30.0 Hz
2026-09-06T23:46:34.696+01:00 INFO : Decompressing waveform using inline_linear
2026-09-06T23:46:34.701+01:00 INFO : Filtering template 33/96 segment 1/5
2026-09-06T23:46:34.721+01:00 INFO : 2 points above threshold
2026-09-06T23:46:34.736+01:00 INFO : Filtering template 33/96 segment 2/5
2026-09-06T23:46:34.753+01:00 INFO : Filtering template 33/96 segment 3/5
2026-09-06T23:46:34.771+01:00 INFO : Filtering template 33/96 segment 4/5
2026-09-06T23:46:34.788+01:00 INFO : 1 points above threshold
2026-09-06T23:46:34.793+01:00 INFO : Filtering template 33/96 segment 5/5
2026-09-06T23:46:34.811+01:00 INFO : 33: generating IMRPhenomD from 30.0 Hz
2026-09-06T23:46:34.814+01:00 INFO : Decompressing waveform using inline_linear
2026-09-06T23:46:34.819+01:00 INFO : Filtering template 34/96 segment 1/5
2026-09-06T23:46:34.839+01:00 INFO : Filtering template 34/96 segment 2/5
2026-09-06T23:46:34.857+01:00 INFO : 1 points above threshold
2026-09-06T23:46:34.871+01:00 INFO : Filtering template 34/96 segment 3/5
2026-09-06T23:46:34.889+01:00 INFO : 1 points above threshold
2026-09-06T23:46:34.894+01:00 INFO : Filtering template 34/96 segment 4/5
2026-09-06T23:46:34.912+01:00 INFO : Filtering template 34/96 segment 5/5
2026-09-06T23:46:34.929+01:00 INFO : 1 points above threshold
2026-09-06T23:46:34.935+01:00 INFO : 34: generating IMRPhenomD from 30.0 Hz
2026-09-06T23:46:34.938+01:00 INFO : Decompressing waveform using inline_linear
2026-09-06T23:46:34.943+01:00 INFO : Filtering template 35/96 segment 1/5
2026-09-06T23:46:34.962+01:00 INFO : 1 points above threshold
2026-09-06T23:46:34.977+01:00 INFO : Filtering template 35/96 segment 2/5
2026-09-06T23:46:34.995+01:00 INFO : 1 points above threshold
2026-09-06T23:46:35.000+01:00 INFO : Filtering template 35/96 segment 3/5
2026-09-06T23:46:35.017+01:00 INFO : 1 points above threshold
2026-09-06T23:46:35.023+01:00 INFO : Filtering template 35/96 segment 4/5
2026-09-06T23:46:35.040+01:00 INFO : Filtering template 35/96 segment 5/5
2026-09-06T23:46:35.058+01:00 INFO : 35: generating IMRPhenomD from 30.0 Hz
2026-09-06T23:46:35.061+01:00 INFO : Decompressing waveform using inline_linear
2026-09-06T23:46:35.066+01:00 INFO : Filtering template 36/96 segment 1/5
2026-09-06T23:46:35.086+01:00 INFO : 3 points above threshold
2026-09-06T23:46:35.103+01:00 INFO : Filtering template 36/96 segment 2/5
2026-09-06T23:46:35.120+01:00 INFO : 1 points above threshold
2026-09-06T23:46:35.125+01:00 INFO : Filtering template 36/96 segment 3/5
2026-09-06T23:46:35.143+01:00 INFO : 2 points above threshold
2026-09-06T23:46:35.148+01:00 INFO : Filtering template 36/96 segment 4/5
2026-09-06T23:46:35.166+01:00 INFO : Filtering template 36/96 segment 5/5
2026-09-06T23:46:35.183+01:00 INFO : 1 points above threshold
2026-09-06T23:46:35.189+01:00 INFO : 36: generating IMRPhenomD from 30.0 Hz
2026-09-06T23:46:35.192+01:00 INFO : Decompressing waveform using inline_linear
2026-09-06T23:46:35.197+01:00 INFO : Filtering template 37/96 segment 1/5
2026-09-06T23:46:35.216+01:00 INFO : 2 points above threshold
2026-09-06T23:46:35.231+01:00 INFO : Filtering template 37/96 segment 2/5
2026-09-06T23:46:35.249+01:00 INFO : 3 points above threshold
2026-09-06T23:46:35.256+01:00 INFO : Filtering template 37/96 segment 3/5
2026-09-06T23:46:35.274+01:00 INFO : 1 points above threshold
2026-09-06T23:46:35.279+01:00 INFO : Filtering template 37/96 segment 4/5
2026-09-06T23:46:35.297+01:00 INFO : 3 points above threshold
2026-09-06T23:46:35.304+01:00 INFO : Filtering template 37/96 segment 5/5
2026-09-06T23:46:35.324+01:00 INFO : 37: generating IMRPhenomD from 30.0 Hz
2026-09-06T23:46:35.327+01:00 INFO : Decompressing waveform using inline_linear
2026-09-06T23:46:35.332+01:00 INFO : Filtering template 38/96 segment 1/5
2026-09-06T23:46:35.352+01:00 INFO : Filtering template 38/96 segment 2/5
2026-09-06T23:46:35.371+01:00 INFO : Filtering template 38/96 segment 3/5
2026-09-06T23:46:35.389+01:00 INFO : 1 points above threshold
2026-09-06T23:46:35.405+01:00 INFO : Filtering template 38/96 segment 4/5
2026-09-06T23:46:35.425+01:00 INFO : 1 points above threshold
2026-09-06T23:46:35.430+01:00 INFO : Filtering template 38/96 segment 5/5
2026-09-06T23:46:35.448+01:00 INFO : 1 points above threshold
2026-09-06T23:46:35.454+01:00 INFO : 38: generating IMRPhenomD from 30.0 Hz
2026-09-06T23:46:35.457+01:00 INFO : Decompressing waveform using inline_linear
2026-09-06T23:46:35.462+01:00 INFO : Filtering template 39/96 segment 1/5
2026-09-06T23:46:35.481+01:00 INFO : Filtering template 39/96 segment 2/5
2026-09-06T23:46:35.499+01:00 INFO : 2 points above threshold
2026-09-06T23:46:35.512+01:00 INFO : Filtering template 39/96 segment 3/5
2026-09-06T23:46:35.530+01:00 INFO : Filtering template 39/96 segment 4/5
2026-09-06T23:46:35.547+01:00 INFO : 2 points above threshold
2026-09-06T23:46:35.553+01:00 INFO : Filtering template 39/96 segment 5/5
2026-09-06T23:46:35.570+01:00 INFO : 39: generating IMRPhenomD from 30.0 Hz
2026-09-06T23:46:35.574+01:00 INFO : Decompressing waveform using inline_linear
2026-09-06T23:46:35.579+01:00 INFO : Filtering template 40/96 segment 1/5
2026-09-06T23:46:35.598+01:00 INFO : Filtering template 40/96 segment 2/5
2026-09-06T23:46:35.616+01:00 INFO : Filtering template 40/96 segment 3/5
2026-09-06T23:46:35.634+01:00 INFO : Filtering template 40/96 segment 4/5
2026-09-06T23:46:35.651+01:00 INFO : 2 points above threshold
2026-09-06T23:46:35.664+01:00 INFO : Filtering template 40/96 segment 5/5
2026-09-06T23:46:35.682+01:00 INFO : 40: generating IMRPhenomD from 30.0 Hz
2026-09-06T23:46:35.685+01:00 INFO : Decompressing waveform using inline_linear
2026-09-06T23:46:35.690+01:00 INFO : Filtering template 41/96 segment 1/5
2026-09-06T23:46:35.710+01:00 INFO : Filtering template 41/96 segment 2/5
2026-09-06T23:46:35.727+01:00 INFO : Filtering template 41/96 segment 3/5
2026-09-06T23:46:35.745+01:00 INFO : 2 points above threshold
2026-09-06T23:46:35.758+01:00 INFO : Filtering template 41/96 segment 4/5
2026-09-06T23:46:35.776+01:00 INFO : 2 points above threshold
2026-09-06T23:46:35.781+01:00 INFO : Filtering template 41/96 segment 5/5
2026-09-06T23:46:35.799+01:00 INFO : 41: generating IMRPhenomD from 30.0 Hz
2026-09-06T23:46:35.802+01:00 INFO : Decompressing waveform using inline_linear
2026-09-06T23:46:35.807+01:00 INFO : Filtering template 42/96 segment 1/5
2026-09-06T23:46:35.827+01:00 INFO : Filtering template 42/96 segment 2/5
2026-09-06T23:46:35.844+01:00 INFO : 1 points above threshold
2026-09-06T23:46:35.858+01:00 INFO : Filtering template 42/96 segment 3/5
2026-09-06T23:46:35.875+01:00 INFO : Filtering template 42/96 segment 4/5
2026-09-06T23:46:35.893+01:00 INFO : 1 points above threshold
2026-09-06T23:46:35.899+01:00 INFO : Filtering template 42/96 segment 5/5
2026-09-06T23:46:35.916+01:00 INFO : 1 points above threshold
2026-09-06T23:46:35.921+01:00 INFO : 42: generating IMRPhenomD from 30.0 Hz
2026-09-06T23:46:35.924+01:00 INFO : Decompressing waveform using inline_linear
2026-09-06T23:46:35.929+01:00 INFO : Filtering template 43/96 segment 1/5
2026-09-06T23:46:35.949+01:00 INFO : 1 points above threshold
2026-09-06T23:46:35.963+01:00 INFO : Filtering template 43/96 segment 2/5
2026-09-06T23:46:35.980+01:00 INFO : 2 points above threshold
2026-09-06T23:46:35.986+01:00 INFO : Filtering template 43/96 segment 3/5
2026-09-06T23:46:36.003+01:00 INFO : 1 points above threshold
2026-09-06T23:46:36.008+01:00 INFO : Filtering template 43/96 segment 4/5
2026-09-06T23:46:36.026+01:00 INFO : Filtering template 43/96 segment 5/5
2026-09-06T23:46:36.044+01:00 INFO : 43: generating IMRPhenomD from 30.0 Hz
2026-09-06T23:46:36.047+01:00 INFO : Decompressing waveform using inline_linear
2026-09-06T23:46:36.052+01:00 INFO : Filtering template 44/96 segment 1/5
2026-09-06T23:46:36.072+01:00 INFO : 1 points above threshold
2026-09-06T23:46:36.085+01:00 INFO : Filtering template 44/96 segment 2/5
2026-09-06T23:46:36.102+01:00 INFO : Filtering template 44/96 segment 3/5
2026-09-06T23:46:36.120+01:00 INFO : Filtering template 44/96 segment 4/5
2026-09-06T23:46:36.138+01:00 INFO : 1 points above threshold
2026-09-06T23:46:36.143+01:00 INFO : Filtering template 44/96 segment 5/5
2026-09-06T23:46:36.160+01:00 INFO : 44: generating IMRPhenomD from 30.0 Hz
2026-09-06T23:46:36.164+01:00 INFO : Decompressing waveform using inline_linear
2026-09-06T23:46:36.169+01:00 INFO : Filtering template 45/96 segment 1/5
2026-09-06T23:46:36.188+01:00 INFO : 2 points above threshold
2026-09-06T23:46:36.202+01:00 INFO : Filtering template 45/96 segment 2/5
2026-09-06T23:46:36.219+01:00 INFO : 1 points above threshold
2026-09-06T23:46:36.225+01:00 INFO : Filtering template 45/96 segment 3/5
2026-09-06T23:46:36.242+01:00 INFO : 1 points above threshold
2026-09-06T23:46:36.247+01:00 INFO : Filtering template 45/96 segment 4/5
2026-09-06T23:46:36.265+01:00 INFO : Filtering template 45/96 segment 5/5
2026-09-06T23:46:36.283+01:00 INFO : 45: generating IMRPhenomD from 30.0 Hz
2026-09-06T23:46:36.286+01:00 INFO : Decompressing waveform using inline_linear
2026-09-06T23:46:36.291+01:00 INFO : Filtering template 46/96 segment 1/5
2026-09-06T23:46:36.311+01:00 INFO : Filtering template 46/96 segment 2/5
2026-09-06T23:46:36.329+01:00 INFO : Filtering template 46/96 segment 3/5
2026-09-06T23:46:36.346+01:00 INFO : 1 points above threshold
2026-09-06T23:46:36.359+01:00 INFO : Filtering template 46/96 segment 4/5
2026-09-06T23:46:36.377+01:00 INFO : 3 points above threshold
2026-09-06T23:46:36.384+01:00 INFO : Filtering template 46/96 segment 5/5
2026-09-06T23:46:36.402+01:00 INFO : 1 points above threshold
2026-09-06T23:46:36.407+01:00 INFO : 46: generating IMRPhenomD from 30.0 Hz
2026-09-06T23:46:36.410+01:00 INFO : Decompressing waveform using inline_linear
2026-09-06T23:46:36.415+01:00 INFO : Filtering template 47/96 segment 1/5
2026-09-06T23:46:36.435+01:00 INFO : 3 points above threshold
2026-09-06T23:46:36.450+01:00 INFO : Filtering template 47/96 segment 2/5
2026-09-06T23:46:36.468+01:00 INFO : Filtering template 47/96 segment 3/5
2026-09-06T23:46:36.485+01:00 INFO : 2 points above threshold
2026-09-06T23:46:36.491+01:00 INFO : Filtering template 47/96 segment 4/5
2026-09-06T23:46:36.508+01:00 INFO : 1 points above threshold
2026-09-06T23:46:36.513+01:00 INFO : Filtering template 47/96 segment 5/5
2026-09-06T23:46:36.531+01:00 INFO : 1 points above threshold
2026-09-06T23:46:36.536+01:00 INFO : 47: generating IMRPhenomD from 30.0 Hz
2026-09-06T23:46:36.539+01:00 INFO : Decompressing waveform using inline_linear
2026-09-06T23:46:36.544+01:00 INFO : Filtering template 48/96 segment 1/5
2026-09-06T23:46:36.564+01:00 INFO : 3 points above threshold
2026-09-06T23:46:36.579+01:00 INFO : Filtering template 48/96 segment 2/5
2026-09-06T23:46:36.597+01:00 INFO : 1 points above threshold
2026-09-06T23:46:36.602+01:00 INFO : Filtering template 48/96 segment 3/5
2026-09-06T23:46:36.620+01:00 INFO : 1 points above threshold
2026-09-06T23:46:36.625+01:00 INFO : Filtering template 48/96 segment 4/5
2026-09-06T23:46:36.642+01:00 INFO : 2 points above threshold
2026-09-06T23:46:36.648+01:00 INFO : Filtering template 48/96 segment 5/5
2026-09-06T23:46:36.665+01:00 INFO : 1 points above threshold
2026-09-06T23:46:36.671+01:00 INFO : 48: generating IMRPhenomD from 30.0 Hz
2026-09-06T23:46:36.674+01:00 INFO : Decompressing waveform using inline_linear
2026-09-06T23:46:36.679+01:00 INFO : Filtering template 49/96 segment 1/5
2026-09-06T23:46:36.699+01:00 INFO : 1 points above threshold
2026-09-06T23:46:36.712+01:00 INFO : Filtering template 49/96 segment 2/5
2026-09-06T23:46:36.730+01:00 INFO : 1 points above threshold
2026-09-06T23:46:36.735+01:00 INFO : Filtering template 49/96 segment 3/5
2026-09-06T23:46:36.753+01:00 INFO : 2 points above threshold
2026-09-06T23:46:36.758+01:00 INFO : Filtering template 49/96 segment 4/5
2026-09-06T23:46:36.775+01:00 INFO : Filtering template 49/96 segment 5/5
2026-09-06T23:46:36.793+01:00 INFO : 49: generating IMRPhenomD from 30.0 Hz
2026-09-06T23:46:36.796+01:00 INFO : Decompressing waveform using inline_linear
2026-09-06T23:46:36.801+01:00 INFO : Filtering template 50/96 segment 1/5
2026-09-06T23:46:36.821+01:00 INFO : Filtering template 50/96 segment 2/5
2026-09-06T23:46:36.839+01:00 INFO : 2 points above threshold
2026-09-06T23:46:36.852+01:00 INFO : Filtering template 50/96 segment 3/5
2026-09-06T23:46:36.870+01:00 INFO : 4 points above threshold
2026-09-06T23:46:36.875+01:00 INFO : Filtering template 50/96 segment 4/5
2026-09-06T23:46:36.893+01:00 INFO : 2 points above threshold
2026-09-06T23:46:36.898+01:00 INFO : Filtering template 50/96 segment 5/5
2026-09-06T23:46:36.916+01:00 INFO : 50: generating IMRPhenomD from 30.0 Hz
2026-09-06T23:46:36.919+01:00 INFO : Decompressing waveform using inline_linear
2026-09-06T23:46:36.924+01:00 INFO : Filtering template 51/96 segment 1/5
2026-09-06T23:46:36.944+01:00 INFO : 1 points above threshold
2026-09-06T23:46:36.958+01:00 INFO : Filtering template 51/96 segment 2/5
2026-09-06T23:46:36.975+01:00 INFO : 1 points above threshold
2026-09-06T23:46:36.980+01:00 INFO : Filtering template 51/96 segment 3/5
2026-09-06T23:46:36.998+01:00 INFO : Filtering template 51/96 segment 4/5
2026-09-06T23:46:37.015+01:00 INFO : 1 points above threshold
2026-09-06T23:46:37.020+01:00 INFO : Filtering template 51/96 segment 5/5
2026-09-06T23:46:37.038+01:00 INFO : 2 points above threshold
2026-09-06T23:46:37.043+01:00 INFO : 51: generating IMRPhenomD from 30.0 Hz
2026-09-06T23:46:37.046+01:00 INFO : Decompressing waveform using inline_linear
2026-09-06T23:46:37.051+01:00 INFO : Filtering template 52/96 segment 1/5
2026-09-06T23:46:37.071+01:00 INFO : 1 points above threshold
2026-09-06T23:46:37.085+01:00 INFO : Filtering template 52/96 segment 2/5
2026-09-06T23:46:37.102+01:00 INFO : 1 points above threshold
2026-09-06T23:46:37.107+01:00 INFO : Filtering template 52/96 segment 3/5
2026-09-06T23:46:37.125+01:00 INFO : Filtering template 52/96 segment 4/5
2026-09-06T23:46:37.142+01:00 INFO : 3 points above threshold
2026-09-06T23:46:37.150+01:00 INFO : Filtering template 52/96 segment 5/5
2026-09-06T23:46:37.167+01:00 INFO : 1 points above threshold
2026-09-06T23:46:37.173+01:00 INFO : 52: generating IMRPhenomD from 30.0 Hz
2026-09-06T23:46:37.175+01:00 INFO : Decompressing waveform using inline_linear
2026-09-06T23:46:37.180+01:00 INFO : Filtering template 53/96 segment 1/5
2026-09-06T23:46:37.200+01:00 INFO : 3 points above threshold
2026-09-06T23:46:37.216+01:00 INFO : Filtering template 53/96 segment 2/5
2026-09-06T23:46:37.234+01:00 INFO : 2 points above threshold
2026-09-06T23:46:37.239+01:00 INFO : Filtering template 53/96 segment 3/5
2026-09-06T23:46:37.257+01:00 INFO : 2 points above threshold
2026-09-06T23:46:37.263+01:00 INFO : Filtering template 53/96 segment 4/5
2026-09-06T23:46:37.281+01:00 INFO : 1 points above threshold
2026-09-06T23:46:37.286+01:00 INFO : Filtering template 53/96 segment 5/5
2026-09-06T23:46:37.304+01:00 INFO : 1 points above threshold
2026-09-06T23:46:37.310+01:00 INFO : 53: generating IMRPhenomD from 30.0 Hz
2026-09-06T23:46:37.313+01:00 INFO : Decompressing waveform using inline_linear
2026-09-06T23:46:37.318+01:00 INFO : Filtering template 54/96 segment 1/5
2026-09-06T23:46:37.338+01:00 INFO : Filtering template 54/96 segment 2/5
2026-09-06T23:46:37.356+01:00 INFO : Filtering template 54/96 segment 3/5
2026-09-06T23:46:37.374+01:00 INFO : 2 points above threshold
2026-09-06T23:46:37.387+01:00 INFO : Filtering template 54/96 segment 4/5
2026-09-06T23:46:37.405+01:00 INFO : 5 points above threshold
2026-09-06T23:46:37.413+01:00 INFO : Filtering template 54/96 segment 5/5
2026-09-06T23:46:37.431+01:00 INFO : 54: generating IMRPhenomD from 30.0 Hz
2026-09-06T23:46:37.434+01:00 INFO : Decompressing waveform using inline_linear
2026-09-06T23:46:37.439+01:00 INFO : Filtering template 55/96 segment 1/5
2026-09-06T23:46:37.459+01:00 INFO : Filtering template 55/96 segment 2/5
2026-09-06T23:46:37.478+01:00 INFO : 1 points above threshold
2026-09-06T23:46:37.492+01:00 INFO : Filtering template 55/96 segment 3/5
2026-09-06T23:46:37.510+01:00 INFO : 3 points above threshold
2026-09-06T23:46:37.518+01:00 INFO : Filtering template 55/96 segment 4/5
2026-09-06T23:46:37.535+01:00 INFO : 1 points above threshold
2026-09-06T23:46:37.540+01:00 INFO : Filtering template 55/96 segment 5/5
2026-09-06T23:46:37.558+01:00 INFO : 1 points above threshold
2026-09-06T23:46:37.563+01:00 INFO : 55: generating IMRPhenomD from 30.0 Hz
2026-09-06T23:46:37.566+01:00 INFO : Decompressing waveform using inline_linear
2026-09-06T23:46:37.571+01:00 INFO : Filtering template 56/96 segment 1/5
2026-09-06T23:46:37.591+01:00 INFO : 1 points above threshold
2026-09-06T23:46:37.605+01:00 INFO : Filtering template 56/96 segment 2/5
2026-09-06T23:46:37.622+01:00 INFO : 1 points above threshold
2026-09-06T23:46:37.628+01:00 INFO : Filtering template 56/96 segment 3/5
2026-09-06T23:46:37.645+01:00 INFO : 3 points above threshold
2026-09-06T23:46:37.652+01:00 INFO : Filtering template 56/96 segment 4/5
2026-09-06T23:46:37.670+01:00 INFO : Filtering template 56/96 segment 5/5
2026-09-06T23:46:37.688+01:00 INFO : 1 points above threshold
2026-09-06T23:46:37.693+01:00 INFO : 56: generating IMRPhenomD from 30.0 Hz
2026-09-06T23:46:37.696+01:00 INFO : Decompressing waveform using inline_linear
2026-09-06T23:46:37.701+01:00 INFO : Filtering template 57/96 segment 1/5
2026-09-06T23:46:37.721+01:00 INFO : 1 points above threshold
2026-09-06T23:46:37.734+01:00 INFO : Filtering template 57/96 segment 2/5
2026-09-06T23:46:37.752+01:00 INFO : 2 points above threshold
2026-09-06T23:46:37.757+01:00 INFO : Filtering template 57/96 segment 3/5
2026-09-06T23:46:37.775+01:00 INFO : 2 points above threshold
2026-09-06T23:46:37.780+01:00 INFO : Filtering template 57/96 segment 4/5
2026-09-06T23:46:37.798+01:00 INFO : 2 points above threshold
2026-09-06T23:46:37.803+01:00 INFO : Filtering template 57/96 segment 5/5
2026-09-06T23:46:37.821+01:00 INFO : 57: generating IMRPhenomD from 30.0 Hz
2026-09-06T23:46:37.824+01:00 INFO : Decompressing waveform using inline_linear
2026-09-06T23:46:37.829+01:00 INFO : Filtering template 58/96 segment 1/5
2026-09-06T23:46:37.849+01:00 INFO : 1 points above threshold
2026-09-06T23:46:37.862+01:00 INFO : Filtering template 58/96 segment 2/5
2026-09-06T23:46:37.880+01:00 INFO : 2 points above threshold
2026-09-06T23:46:37.885+01:00 INFO : Filtering template 58/96 segment 3/5
2026-09-06T23:46:37.903+01:00 INFO : 1 points above threshold
2026-09-06T23:46:37.909+01:00 INFO : Filtering template 58/96 segment 4/5
2026-09-06T23:46:37.926+01:00 INFO : 1 points above threshold
2026-09-06T23:46:37.932+01:00 INFO : Filtering template 58/96 segment 5/5
2026-09-06T23:46:37.949+01:00 INFO : 2 points above threshold
2026-09-06T23:46:37.955+01:00 INFO : 58: generating IMRPhenomD from 30.0 Hz
2026-09-06T23:46:37.958+01:00 INFO : Decompressing waveform using inline_linear
2026-09-06T23:46:37.963+01:00 INFO : Filtering template 59/96 segment 1/5
2026-09-06T23:46:37.983+01:00 INFO : 1 points above threshold
2026-09-06T23:46:37.996+01:00 INFO : Filtering template 59/96 segment 2/5
2026-09-06T23:46:38.014+01:00 INFO : 2 points above threshold
2026-09-06T23:46:38.019+01:00 INFO : Filtering template 59/96 segment 3/5
2026-09-06T23:46:38.037+01:00 INFO : 2 points above threshold
2026-09-06T23:46:38.042+01:00 INFO : Filtering template 59/96 segment 4/5
2026-09-06T23:46:38.059+01:00 INFO : 1 points above threshold
2026-09-06T23:46:38.065+01:00 INFO : Filtering template 59/96 segment 5/5
2026-09-06T23:46:38.083+01:00 INFO : 59: generating IMRPhenomD from 30.0 Hz
2026-09-06T23:46:38.086+01:00 INFO : Decompressing waveform using inline_linear
2026-09-06T23:46:38.091+01:00 INFO : Filtering template 60/96 segment 1/5
2026-09-06T23:46:38.111+01:00 INFO : Filtering template 60/96 segment 2/5
2026-09-06T23:46:38.128+01:00 INFO : Filtering template 60/96 segment 3/5
2026-09-06T23:46:38.146+01:00 INFO : 1 points above threshold
2026-09-06T23:46:38.159+01:00 INFO : Filtering template 60/96 segment 4/5
2026-09-06T23:46:38.177+01:00 INFO : 2 points above threshold
2026-09-06T23:46:38.182+01:00 INFO : Filtering template 60/96 segment 5/5
2026-09-06T23:46:38.200+01:00 INFO : 60: generating IMRPhenomD from 30.0 Hz
2026-09-06T23:46:38.203+01:00 INFO : Decompressing waveform using inline_linear
2026-09-06T23:46:38.208+01:00 INFO : Filtering template 61/96 segment 1/5
2026-09-06T23:46:38.228+01:00 INFO : Filtering template 61/96 segment 2/5
2026-09-06T23:46:38.246+01:00 INFO : 2 points above threshold
2026-09-06T23:46:38.259+01:00 INFO : Filtering template 61/96 segment 3/5
2026-09-06T23:46:38.277+01:00 INFO : 1 points above threshold
2026-09-06T23:46:38.282+01:00 INFO : Filtering template 61/96 segment 4/5
2026-09-06T23:46:38.300+01:00 INFO : 1 points above threshold
2026-09-06T23:46:38.305+01:00 INFO : Filtering template 61/96 segment 5/5
2026-09-06T23:46:38.323+01:00 INFO : 61: generating IMRPhenomD from 30.0 Hz
2026-09-06T23:46:38.326+01:00 INFO : Decompressing waveform using inline_linear
2026-09-06T23:46:38.331+01:00 INFO : Filtering template 62/96 segment 1/5
2026-09-06T23:46:38.351+01:00 INFO : 2 points above threshold
2026-09-06T23:46:38.364+01:00 INFO : Filtering template 62/96 segment 2/5
2026-09-06T23:46:38.382+01:00 INFO : Filtering template 62/96 segment 3/5
2026-09-06T23:46:38.399+01:00 INFO : Filtering template 62/96 segment 4/5
2026-09-06T23:46:38.417+01:00 INFO : 5 points above threshold
2026-09-06T23:46:38.425+01:00 INFO : Filtering template 62/96 segment 5/5
2026-09-06T23:46:38.443+01:00 INFO : 62: generating IMRPhenomD from 30.0 Hz
2026-09-06T23:46:38.446+01:00 INFO : Decompressing waveform using inline_linear
2026-09-06T23:46:38.451+01:00 INFO : Filtering template 63/96 segment 1/5
2026-09-06T23:46:38.471+01:00 INFO : Filtering template 63/96 segment 2/5
2026-09-06T23:46:38.488+01:00 INFO : 1 points above threshold
2026-09-06T23:46:38.501+01:00 INFO : Filtering template 63/96 segment 3/5
2026-09-06T23:46:38.519+01:00 INFO : 2 points above threshold
2026-09-06T23:46:38.524+01:00 INFO : Filtering template 63/96 segment 4/5
2026-09-06T23:46:38.542+01:00 INFO : 1 points above threshold
2026-09-06T23:46:38.547+01:00 INFO : Filtering template 63/96 segment 5/5
2026-09-06T23:46:38.564+01:00 INFO : 1 points above threshold
2026-09-06T23:46:38.570+01:00 INFO : 63: generating IMRPhenomD from 30.0 Hz
2026-09-06T23:46:38.573+01:00 INFO : Decompressing waveform using inline_linear
2026-09-06T23:46:38.578+01:00 INFO : Filtering template 64/96 segment 1/5
2026-09-06T23:46:38.597+01:00 INFO : 2 points above threshold
2026-09-06T23:46:38.611+01:00 INFO : Filtering template 64/96 segment 2/5
2026-09-06T23:46:38.628+01:00 INFO : 1 points above threshold
2026-09-06T23:46:38.633+01:00 INFO : Filtering template 64/96 segment 3/5
2026-09-06T23:46:38.651+01:00 INFO : Filtering template 64/96 segment 4/5
2026-09-06T23:46:38.668+01:00 INFO : Filtering template 64/96 segment 5/5
2026-09-06T23:46:38.686+01:00 INFO : 64: generating IMRPhenomD from 30.0 Hz
2026-09-06T23:46:38.689+01:00 INFO : Decompressing waveform using inline_linear
2026-09-06T23:46:38.694+01:00 INFO : Filtering template 65/96 segment 1/5
2026-09-06T23:46:38.714+01:00 INFO : 2 points above threshold
2026-09-06T23:46:38.727+01:00 INFO : Filtering template 65/96 segment 2/5
2026-09-06T23:46:38.745+01:00 INFO : 2 points above threshold
2026-09-06T23:46:38.750+01:00 INFO : Filtering template 65/96 segment 3/5
2026-09-06T23:46:38.768+01:00 INFO : 1 points above threshold
2026-09-06T23:46:38.773+01:00 INFO : Filtering template 65/96 segment 4/5
2026-09-06T23:46:38.790+01:00 INFO : 2 points above threshold
2026-09-06T23:46:38.796+01:00 INFO : Filtering template 65/96 segment 5/5
2026-09-06T23:46:38.813+01:00 INFO : 65: generating IMRPhenomD from 30.0 Hz
2026-09-06T23:46:38.816+01:00 INFO : Decompressing waveform using inline_linear
2026-09-06T23:46:38.821+01:00 INFO : Filtering template 66/96 segment 1/5
2026-09-06T23:46:38.841+01:00 INFO : 1 points above threshold
2026-09-06T23:46:38.854+01:00 INFO : Filtering template 66/96 segment 2/5
2026-09-06T23:46:38.872+01:00 INFO : 1 points above threshold
2026-09-06T23:46:38.877+01:00 INFO : Filtering template 66/96 segment 3/5
2026-09-06T23:46:38.895+01:00 INFO : 2 points above threshold
2026-09-06T23:46:38.900+01:00 INFO : Filtering template 66/96 segment 4/5
2026-09-06T23:46:38.918+01:00 INFO : 1 points above threshold
2026-09-06T23:46:38.923+01:00 INFO : Filtering template 66/96 segment 5/5
2026-09-06T23:46:38.941+01:00 INFO : 66: generating IMRPhenomD from 30.0 Hz
2026-09-06T23:46:38.944+01:00 INFO : Decompressing waveform using inline_linear
2026-09-06T23:46:38.949+01:00 INFO : Filtering template 67/96 segment 1/5
2026-09-06T23:46:38.969+01:00 INFO : 3 points above threshold
2026-09-06T23:46:38.984+01:00 INFO : Filtering template 67/96 segment 2/5
2026-09-06T23:46:39.001+01:00 INFO : Filtering template 67/96 segment 3/5
2026-09-06T23:46:39.019+01:00 INFO : 1 points above threshold
2026-09-06T23:46:39.024+01:00 INFO : Filtering template 67/96 segment 4/5
2026-09-06T23:46:39.041+01:00 INFO : Filtering template 67/96 segment 5/5
2026-09-06T23:46:39.059+01:00 INFO : 67: generating IMRPhenomD from 30.0 Hz
2026-09-06T23:46:39.062+01:00 INFO : Decompressing waveform using inline_linear
2026-09-06T23:46:39.067+01:00 INFO : Filtering template 68/96 segment 1/5
2026-09-06T23:46:39.087+01:00 INFO : 1 points above threshold
2026-09-06T23:46:39.100+01:00 INFO : Filtering template 68/96 segment 2/5
2026-09-06T23:46:39.118+01:00 INFO : 1 points above threshold
2026-09-06T23:46:39.123+01:00 INFO : Filtering template 68/96 segment 3/5
2026-09-06T23:46:39.141+01:00 INFO : 1 points above threshold
2026-09-06T23:46:39.146+01:00 INFO : Filtering template 68/96 segment 4/5
2026-09-06T23:46:39.163+01:00 INFO : 1 points above threshold
2026-09-06T23:46:39.169+01:00 INFO : Filtering template 68/96 segment 5/5
2026-09-06T23:46:39.186+01:00 INFO : 1 points above threshold
2026-09-06T23:46:39.192+01:00 INFO : 68: generating IMRPhenomD from 30.0 Hz
2026-09-06T23:46:39.195+01:00 INFO : Decompressing waveform using inline_linear
2026-09-06T23:46:39.200+01:00 INFO : Filtering template 69/96 segment 1/5
2026-09-06T23:46:39.219+01:00 INFO : Filtering template 69/96 segment 2/5
2026-09-06T23:46:39.237+01:00 INFO : Filtering template 69/96 segment 3/5
2026-09-06T23:46:39.254+01:00 INFO : 1 points above threshold
2026-09-06T23:46:39.268+01:00 INFO : Filtering template 69/96 segment 4/5
2026-09-06T23:46:39.285+01:00 INFO : 2 points above threshold
2026-09-06T23:46:39.290+01:00 INFO : Filtering template 69/96 segment 5/5
2026-09-06T23:46:39.308+01:00 INFO : 69: generating IMRPhenomD from 30.0 Hz
2026-09-06T23:46:39.311+01:00 INFO : Decompressing waveform using inline_linear
2026-09-06T23:46:39.316+01:00 INFO : Filtering template 70/96 segment 1/5
2026-09-06T23:46:39.336+01:00 INFO : 2 points above threshold
2026-09-06T23:46:39.351+01:00 INFO : Filtering template 70/96 segment 2/5
2026-09-06T23:46:39.368+01:00 INFO : 2 points above threshold
2026-09-06T23:46:39.373+01:00 INFO : Filtering template 70/96 segment 3/5
2026-09-06T23:46:39.391+01:00 INFO : Filtering template 70/96 segment 4/5
2026-09-06T23:46:39.408+01:00 INFO : 2 points above threshold
2026-09-06T23:46:39.414+01:00 INFO : Filtering template 70/96 segment 5/5
2026-09-06T23:46:39.431+01:00 INFO : 2 points above threshold
2026-09-06T23:46:39.436+01:00 INFO : 70: generating IMRPhenomD from 30.0 Hz
2026-09-06T23:46:39.439+01:00 INFO : Decompressing waveform using inline_linear
2026-09-06T23:46:39.444+01:00 INFO : Filtering template 71/96 segment 1/5
2026-09-06T23:46:39.464+01:00 INFO : Filtering template 71/96 segment 2/5
2026-09-06T23:46:39.481+01:00 INFO : 1 points above threshold
2026-09-06T23:46:39.496+01:00 INFO : Filtering template 71/96 segment 3/5
2026-09-06T23:46:39.514+01:00 INFO : 1 points above threshold
2026-09-06T23:46:39.519+01:00 INFO : Filtering template 71/96 segment 4/5
2026-09-06T23:46:39.537+01:00 INFO : 3 points above threshold
2026-09-06T23:46:39.544+01:00 INFO : Filtering template 71/96 segment 5/5
2026-09-06T23:46:39.562+01:00 INFO : 71: generating IMRPhenomD from 30.0 Hz
2026-09-06T23:46:39.565+01:00 INFO : Decompressing waveform using inline_linear
2026-09-06T23:46:39.570+01:00 INFO : Filtering template 72/96 segment 1/5
2026-09-06T23:46:39.589+01:00 INFO : 2 points above threshold
2026-09-06T23:46:39.604+01:00 INFO : Filtering template 72/96 segment 2/5
2026-09-06T23:46:39.622+01:00 INFO : 1 points above threshold
2026-09-06T23:46:39.627+01:00 INFO : Filtering template 72/96 segment 3/5
2026-09-06T23:46:39.644+01:00 INFO : 1 points above threshold
2026-09-06T23:46:39.650+01:00 INFO : Filtering template 72/96 segment 4/5
2026-09-06T23:46:39.667+01:00 INFO : 3 points above threshold
2026-09-06T23:46:39.675+01:00 INFO : Filtering template 72/96 segment 5/5
2026-09-06T23:46:39.693+01:00 INFO : 3 points above threshold
2026-09-06T23:46:39.700+01:00 INFO : 72: generating IMRPhenomD from 30.0 Hz
2026-09-06T23:46:39.703+01:00 INFO : Decompressing waveform using inline_linear
2026-09-06T23:46:39.708+01:00 INFO : Filtering template 73/96 segment 1/5
2026-09-06T23:46:39.728+01:00 INFO : 1 points above threshold
2026-09-06T23:46:39.743+01:00 INFO : Filtering template 73/96 segment 2/5
2026-09-06T23:46:39.760+01:00 INFO : 1 points above threshold
2026-09-06T23:46:39.766+01:00 INFO : Filtering template 73/96 segment 3/5
2026-09-06T23:46:39.783+01:00 INFO : 1 points above threshold
2026-09-06T23:46:39.789+01:00 INFO : Filtering template 73/96 segment 4/5
2026-09-06T23:46:39.806+01:00 INFO : Filtering template 73/96 segment 5/5
2026-09-06T23:46:39.824+01:00 INFO : 1 points above threshold
2026-09-06T23:46:39.829+01:00 INFO : 73: generating IMRPhenomD from 30.0 Hz
2026-09-06T23:46:39.833+01:00 INFO : Decompressing waveform using inline_linear
2026-09-06T23:46:39.838+01:00 INFO : Filtering template 74/96 segment 1/5
2026-09-06T23:46:39.857+01:00 INFO : 3 points above threshold
2026-09-06T23:46:39.873+01:00 INFO : Filtering template 74/96 segment 2/5
2026-09-06T23:46:39.890+01:00 INFO : 3 points above threshold
2026-09-06T23:46:39.897+01:00 INFO : Filtering template 74/96 segment 3/5
2026-09-06T23:46:39.915+01:00 INFO : Filtering template 74/96 segment 4/5
2026-09-06T23:46:39.932+01:00 INFO : 1 points above threshold
2026-09-06T23:46:39.938+01:00 INFO : Filtering template 74/96 segment 5/5
2026-09-06T23:46:39.956+01:00 INFO : 74: generating IMRPhenomD from 30.0 Hz
2026-09-06T23:46:39.959+01:00 INFO : Decompressing waveform using inline_linear
2026-09-06T23:46:39.964+01:00 INFO : Filtering template 75/96 segment 1/5
2026-09-06T23:46:39.983+01:00 INFO : Filtering template 75/96 segment 2/5
2026-09-06T23:46:40.001+01:00 INFO : 1 points above threshold
2026-09-06T23:46:40.014+01:00 INFO : Filtering template 75/96 segment 3/5
2026-09-06T23:46:40.032+01:00 INFO : 2 points above threshold
2026-09-06T23:46:40.037+01:00 INFO : Filtering template 75/96 segment 4/5
2026-09-06T23:46:40.054+01:00 INFO : Filtering template 75/96 segment 5/5
2026-09-06T23:46:40.072+01:00 INFO : 2 points above threshold
2026-09-06T23:46:40.077+01:00 INFO : 75: generating IMRPhenomD from 30.0 Hz
2026-09-06T23:46:40.080+01:00 INFO : Decompressing waveform using inline_linear
2026-09-06T23:46:40.085+01:00 INFO : Filtering template 76/96 segment 1/5
2026-09-06T23:46:40.105+01:00 INFO : 1 points above threshold
2026-09-06T23:46:40.119+01:00 INFO : Filtering template 76/96 segment 2/5
2026-09-06T23:46:40.136+01:00 INFO : Filtering template 76/96 segment 3/5
2026-09-06T23:46:40.154+01:00 INFO : 1 points above threshold
2026-09-06T23:46:40.159+01:00 INFO : Filtering template 76/96 segment 4/5
2026-09-06T23:46:40.176+01:00 INFO : Filtering template 76/96 segment 5/5
2026-09-06T23:46:40.194+01:00 INFO : 2 points above threshold
2026-09-06T23:46:40.199+01:00 INFO : 76: generating IMRPhenomD from 30.0 Hz
2026-09-06T23:46:40.202+01:00 INFO : Decompressing waveform using inline_linear
2026-09-06T23:46:40.207+01:00 INFO : Filtering template 77/96 segment 1/5
2026-09-06T23:46:40.227+01:00 INFO : Filtering template 77/96 segment 2/5
2026-09-06T23:46:40.245+01:00 INFO : 1 points above threshold
2026-09-06T23:46:40.258+01:00 INFO : Filtering template 77/96 segment 3/5
2026-09-06T23:46:40.275+01:00 INFO : Filtering template 77/96 segment 4/5
2026-09-06T23:46:40.293+01:00 INFO : 1 points above threshold
2026-09-06T23:46:40.298+01:00 INFO : Filtering template 77/96 segment 5/5
2026-09-06T23:46:40.316+01:00 INFO : 77: generating IMRPhenomD from 30.0 Hz
2026-09-06T23:46:40.319+01:00 INFO : Decompressing waveform using inline_linear
2026-09-06T23:46:40.324+01:00 INFO : Filtering template 78/96 segment 1/5
2026-09-06T23:46:40.344+01:00 INFO : Filtering template 78/96 segment 2/5
2026-09-06T23:46:40.362+01:00 INFO : Filtering template 78/96 segment 3/5
2026-09-06T23:46:40.380+01:00 INFO : Filtering template 78/96 segment 4/5
2026-09-06T23:46:40.397+01:00 INFO : 1 points above threshold
2026-09-06T23:46:40.411+01:00 INFO : Filtering template 78/96 segment 5/5
2026-09-06T23:46:40.430+01:00 INFO : 78: generating IMRPhenomD from 30.0 Hz
2026-09-06T23:46:40.434+01:00 INFO : Decompressing waveform using inline_linear
2026-09-06T23:46:40.439+01:00 INFO : Filtering template 79/96 segment 1/5
2026-09-06T23:46:40.460+01:00 INFO : 2 points above threshold
2026-09-06T23:46:40.474+01:00 INFO : Filtering template 79/96 segment 2/5
2026-09-06T23:46:40.494+01:00 INFO : Filtering template 79/96 segment 3/5
2026-09-06T23:46:40.514+01:00 INFO : 1 points above threshold
2026-09-06T23:46:40.519+01:00 INFO : Filtering template 79/96 segment 4/5
2026-09-06T23:46:40.538+01:00 INFO : 1 points above threshold
2026-09-06T23:46:40.544+01:00 INFO : Filtering template 79/96 segment 5/5
2026-09-06T23:46:40.561+01:00 INFO : 3 points above threshold
2026-09-06T23:46:40.569+01:00 INFO : 79: generating IMRPhenomD from 30.0 Hz
2026-09-06T23:46:40.572+01:00 INFO : Decompressing waveform using inline_linear
2026-09-06T23:46:40.577+01:00 INFO : Filtering template 80/96 segment 1/5
2026-09-06T23:46:40.597+01:00 INFO : 2 points above threshold
2026-09-06T23:46:40.610+01:00 INFO : Filtering template 80/96 segment 2/5
2026-09-06T23:46:40.628+01:00 INFO : 1 points above threshold
2026-09-06T23:46:40.633+01:00 INFO : Filtering template 80/96 segment 3/5
2026-09-06T23:46:40.650+01:00 INFO : 1 points above threshold
2026-09-06T23:46:40.655+01:00 INFO : Filtering template 80/96 segment 4/5
2026-09-06T23:46:40.673+01:00 INFO : Filtering template 80/96 segment 5/5
2026-09-06T23:46:40.690+01:00 INFO : 1 points above threshold
2026-09-06T23:46:40.696+01:00 INFO : 80: generating IMRPhenomD from 30.0 Hz
2026-09-06T23:46:40.699+01:00 INFO : Decompressing waveform using inline_linear
2026-09-06T23:46:40.704+01:00 INFO : Filtering template 81/96 segment 1/5
2026-09-06T23:46:40.724+01:00 INFO : 1 points above threshold
2026-09-06T23:46:40.737+01:00 INFO : Filtering template 81/96 segment 2/5
2026-09-06T23:46:40.754+01:00 INFO : 2 points above threshold
2026-09-06T23:46:40.760+01:00 INFO : Filtering template 81/96 segment 3/5
2026-09-06T23:46:40.777+01:00 INFO : 1 points above threshold
2026-09-06T23:46:40.782+01:00 INFO : Filtering template 81/96 segment 4/5
2026-09-06T23:46:40.800+01:00 INFO : Filtering template 81/96 segment 5/5
2026-09-06T23:46:40.817+01:00 INFO : 1 points above threshold
2026-09-06T23:46:40.823+01:00 INFO : 81: generating IMRPhenomD from 30.0 Hz
2026-09-06T23:46:40.826+01:00 INFO : Decompressing waveform using inline_linear
2026-09-06T23:46:40.831+01:00 INFO : Filtering template 82/96 segment 1/5
2026-09-06T23:46:40.851+01:00 INFO : Filtering template 82/96 segment 2/5
2026-09-06T23:46:40.868+01:00 INFO : 2 points above threshold
2026-09-06T23:46:40.881+01:00 INFO : Filtering template 82/96 segment 3/5
2026-09-06T23:46:40.899+01:00 INFO : 1 points above threshold
2026-09-06T23:46:40.905+01:00 INFO : Filtering template 82/96 segment 4/5
2026-09-06T23:46:40.922+01:00 INFO : Filtering template 82/96 segment 5/5
2026-09-06T23:46:40.940+01:00 INFO : 82: generating IMRPhenomD from 30.0 Hz
2026-09-06T23:46:40.943+01:00 INFO : Decompressing waveform using inline_linear
2026-09-06T23:46:40.948+01:00 INFO : Filtering template 83/96 segment 1/5
2026-09-06T23:46:40.968+01:00 INFO : 1 points above threshold
2026-09-06T23:46:40.981+01:00 INFO : Filtering template 83/96 segment 2/5
2026-09-06T23:46:40.998+01:00 INFO : 2 points above threshold
2026-09-06T23:46:41.004+01:00 INFO : Filtering template 83/96 segment 3/5
2026-09-06T23:46:41.021+01:00 INFO : 2 points above threshold
2026-09-06T23:46:41.026+01:00 INFO : Filtering template 83/96 segment 4/5
2026-09-06T23:46:41.044+01:00 INFO : 3 points above threshold
2026-09-06T23:46:41.051+01:00 INFO : Filtering template 83/96 segment 5/5
2026-09-06T23:46:41.068+01:00 INFO : 3 points above threshold
2026-09-06T23:46:41.076+01:00 INFO : 83: generating IMRPhenomD from 30.0 Hz
2026-09-06T23:46:41.079+01:00 INFO : Decompressing waveform using inline_linear
2026-09-06T23:46:41.084+01:00 INFO : Filtering template 84/96 segment 1/5
2026-09-06T23:46:41.104+01:00 INFO : Filtering template 84/96 segment 2/5
2026-09-06T23:46:41.121+01:00 INFO : Filtering template 84/96 segment 3/5
2026-09-06T23:46:41.139+01:00 INFO : 1 points above threshold
2026-09-06T23:46:41.152+01:00 INFO : Filtering template 84/96 segment 4/5
2026-09-06T23:46:41.170+01:00 INFO : 3 points above threshold
2026-09-06T23:46:41.177+01:00 INFO : Filtering template 84/96 segment 5/5
2026-09-06T23:46:41.194+01:00 INFO : 84: generating IMRPhenomD from 30.0 Hz
2026-09-06T23:46:41.197+01:00 INFO : Decompressing waveform using inline_linear
2026-09-06T23:46:41.202+01:00 INFO : Filtering template 85/96 segment 1/5
2026-09-06T23:46:41.222+01:00 INFO : 1 points above threshold
2026-09-06T23:46:41.236+01:00 INFO : Filtering template 85/96 segment 2/5
2026-09-06T23:46:41.253+01:00 INFO : 2 points above threshold
2026-09-06T23:46:41.258+01:00 INFO : Filtering template 85/96 segment 3/5
2026-09-06T23:46:41.276+01:00 INFO : 1 points above threshold
2026-09-06T23:46:41.281+01:00 INFO : Filtering template 85/96 segment 4/5
2026-09-06T23:46:41.299+01:00 INFO : 3 points above threshold
2026-09-06T23:46:41.306+01:00 INFO : Filtering template 85/96 segment 5/5
2026-09-06T23:46:41.323+01:00 INFO : 2 points above threshold
2026-09-06T23:46:41.329+01:00 INFO : 85: generating IMRPhenomD from 30.0 Hz
2026-09-06T23:46:41.332+01:00 INFO : Decompressing waveform using inline_linear
2026-09-06T23:46:41.337+01:00 INFO : Filtering template 86/96 segment 1/5
2026-09-06T23:46:41.356+01:00 INFO : 2 points above threshold
2026-09-06T23:46:41.370+01:00 INFO : Filtering template 86/96 segment 2/5
2026-09-06T23:46:41.387+01:00 INFO : 2 points above threshold
2026-09-06T23:46:41.393+01:00 INFO : Filtering template 86/96 segment 3/5
2026-09-06T23:46:41.410+01:00 INFO : 1 points above threshold
2026-09-06T23:46:41.415+01:00 INFO : Filtering template 86/96 segment 4/5
2026-09-06T23:46:41.433+01:00 INFO : 1 points above threshold
2026-09-06T23:46:41.438+01:00 INFO : Filtering template 86/96 segment 5/5
2026-09-06T23:46:41.456+01:00 INFO : 2 points above threshold
2026-09-06T23:46:41.461+01:00 INFO : 86: generating IMRPhenomD from 30.0 Hz
2026-09-06T23:46:41.464+01:00 INFO : Decompressing waveform using inline_linear
2026-09-06T23:46:41.469+01:00 INFO : Filtering template 87/96 segment 1/5
2026-09-06T23:46:41.489+01:00 INFO : 1 points above threshold
2026-09-06T23:46:41.502+01:00 INFO : Filtering template 87/96 segment 2/5
2026-09-06T23:46:41.520+01:00 INFO : 2 points above threshold
2026-09-06T23:46:41.525+01:00 INFO : Filtering template 87/96 segment 3/5
2026-09-06T23:46:41.542+01:00 INFO : 1 points above threshold
2026-09-06T23:46:41.548+01:00 INFO : Filtering template 87/96 segment 4/5
2026-09-06T23:46:41.565+01:00 INFO : 1 points above threshold
2026-09-06T23:46:41.570+01:00 INFO : Filtering template 87/96 segment 5/5
2026-09-06T23:46:41.588+01:00 INFO : 1 points above threshold
2026-09-06T23:46:41.593+01:00 INFO : 87: generating IMRPhenomD from 30.0 Hz
2026-09-06T23:46:41.596+01:00 INFO : Decompressing waveform using inline_linear
2026-09-06T23:46:41.601+01:00 INFO : Filtering template 88/96 segment 1/5
2026-09-06T23:46:41.621+01:00 INFO : 2 points above threshold
2026-09-06T23:46:41.634+01:00 INFO : Filtering template 88/96 segment 2/5
2026-09-06T23:46:41.652+01:00 INFO : 1 points above threshold
2026-09-06T23:46:41.657+01:00 INFO : Filtering template 88/96 segment 3/5
2026-09-06T23:46:41.675+01:00 INFO : Filtering template 88/96 segment 4/5
2026-09-06T23:46:41.692+01:00 INFO : Filtering template 88/96 segment 5/5
2026-09-06T23:46:41.710+01:00 INFO : 2 points above threshold
2026-09-06T23:46:41.715+01:00 INFO : 88: generating IMRPhenomD from 30.0 Hz
2026-09-06T23:46:41.718+01:00 INFO : Decompressing waveform using inline_linear
2026-09-06T23:46:41.723+01:00 INFO : Filtering template 89/96 segment 1/5
2026-09-06T23:46:41.743+01:00 INFO : 2 points above threshold
2026-09-06T23:46:41.756+01:00 INFO : Filtering template 89/96 segment 2/5
2026-09-06T23:46:41.774+01:00 INFO : 1 points above threshold
2026-09-06T23:46:41.779+01:00 INFO : Filtering template 89/96 segment 3/5
2026-09-06T23:46:41.797+01:00 INFO : 2 points above threshold
2026-09-06T23:46:41.802+01:00 INFO : Filtering template 89/96 segment 4/5
2026-09-06T23:46:41.819+01:00 INFO : Filtering template 89/96 segment 5/5
2026-09-06T23:46:41.837+01:00 INFO : 89: generating IMRPhenomD from 30.0 Hz
2026-09-06T23:46:41.840+01:00 INFO : Decompressing waveform using inline_linear
2026-09-06T23:46:41.845+01:00 INFO : Filtering template 90/96 segment 1/5
2026-09-06T23:46:41.865+01:00 INFO : Filtering template 90/96 segment 2/5
2026-09-06T23:46:41.883+01:00 INFO : 1 points above threshold
2026-09-06T23:46:41.896+01:00 INFO : Filtering template 90/96 segment 3/5
2026-09-06T23:46:41.914+01:00 INFO : 3 points above threshold
2026-09-06T23:46:41.921+01:00 INFO : Filtering template 90/96 segment 4/5
2026-09-06T23:46:41.939+01:00 INFO : Filtering template 90/96 segment 5/5
2026-09-06T23:46:41.956+01:00 INFO : 1 points above threshold
2026-09-06T23:46:41.962+01:00 INFO : 90: generating IMRPhenomD from 30.0 Hz
2026-09-06T23:46:41.965+01:00 INFO : Decompressing waveform using inline_linear
2026-09-06T23:46:41.970+01:00 INFO : Filtering template 91/96 segment 1/5
2026-09-06T23:46:41.989+01:00 INFO : Filtering template 91/96 segment 2/5
2026-09-06T23:46:42.007+01:00 INFO : 2 points above threshold
2026-09-06T23:46:42.020+01:00 INFO : Filtering template 91/96 segment 3/5
2026-09-06T23:46:42.038+01:00 INFO : 3 points above threshold
2026-09-06T23:46:42.045+01:00 INFO : Filtering template 91/96 segment 4/5
2026-09-06T23:46:42.062+01:00 INFO : Filtering template 91/96 segment 5/5
2026-09-06T23:46:42.080+01:00 INFO : 1 points above threshold
2026-09-06T23:46:42.085+01:00 INFO : 91: generating IMRPhenomD from 30.0 Hz
2026-09-06T23:46:42.088+01:00 INFO : Decompressing waveform using inline_linear
2026-09-06T23:46:42.093+01:00 INFO : Filtering template 92/96 segment 1/5
2026-09-06T23:46:42.113+01:00 INFO : 2 points above threshold
2026-09-06T23:46:42.126+01:00 INFO : Filtering template 92/96 segment 2/5
2026-09-06T23:46:42.144+01:00 INFO : 1 points above threshold
2026-09-06T23:46:42.149+01:00 INFO : Filtering template 92/96 segment 3/5
2026-09-06T23:46:42.167+01:00 INFO : 2 points above threshold
2026-09-06T23:46:42.172+01:00 INFO : Filtering template 92/96 segment 4/5
2026-09-06T23:46:42.189+01:00 INFO : 1 points above threshold
2026-09-06T23:46:42.194+01:00 INFO : Filtering template 92/96 segment 5/5
2026-09-06T23:46:42.212+01:00 INFO : 1 points above threshold
2026-09-06T23:46:42.218+01:00 INFO : 92: generating IMRPhenomD from 30.0 Hz
2026-09-06T23:46:42.221+01:00 INFO : Decompressing waveform using inline_linear
2026-09-06T23:46:42.226+01:00 INFO : Filtering template 93/96 segment 1/5
2026-09-06T23:46:42.245+01:00 INFO : Filtering template 93/96 segment 2/5
2026-09-06T23:46:42.263+01:00 INFO : 3 points above threshold
2026-09-06T23:46:42.278+01:00 INFO : Filtering template 93/96 segment 3/5
2026-09-06T23:46:42.295+01:00 INFO : 3 points above threshold
2026-09-06T23:46:42.303+01:00 INFO : Filtering template 93/96 segment 4/5
2026-09-06T23:46:42.320+01:00 INFO : 1 points above threshold
2026-09-06T23:46:42.325+01:00 INFO : Filtering template 93/96 segment 5/5
2026-09-06T23:46:42.343+01:00 INFO : 1 points above threshold
2026-09-06T23:46:42.348+01:00 INFO : 93: generating IMRPhenomD from 30.0 Hz
2026-09-06T23:46:42.351+01:00 INFO : Decompressing waveform using inline_linear
2026-09-06T23:46:42.356+01:00 INFO : Filtering template 94/96 segment 1/5
2026-09-06T23:46:42.376+01:00 INFO : 1 points above threshold
2026-09-06T23:46:42.389+01:00 INFO : Filtering template 94/96 segment 2/5
2026-09-06T23:46:42.407+01:00 INFO : 2 points above threshold
2026-09-06T23:46:42.412+01:00 INFO : Filtering template 94/96 segment 3/5
2026-09-06T23:46:42.429+01:00 INFO : 4 points above threshold
2026-09-06T23:46:42.435+01:00 INFO : Filtering template 94/96 segment 4/5
2026-09-06T23:46:42.452+01:00 INFO : Filtering template 94/96 segment 5/5
2026-09-06T23:46:42.470+01:00 INFO : 2 points above threshold
2026-09-06T23:46:42.475+01:00 INFO : 94: generating IMRPhenomD from 30.0 Hz
2026-09-06T23:46:42.478+01:00 INFO : Decompressing waveform using inline_linear
2026-09-06T23:46:42.483+01:00 INFO : Filtering template 95/96 segment 1/5
2026-09-06T23:46:42.503+01:00 INFO : 3 points above threshold
2026-09-06T23:46:42.518+01:00 INFO : Filtering template 95/96 segment 2/5
2026-09-06T23:46:42.535+01:00 INFO : 2 points above threshold
2026-09-06T23:46:42.541+01:00 INFO : Filtering template 95/96 segment 3/5
2026-09-06T23:46:42.558+01:00 INFO : 2 points above threshold
2026-09-06T23:46:42.563+01:00 INFO : Filtering template 95/96 segment 4/5
2026-09-06T23:46:42.581+01:00 INFO : 1 points above threshold
2026-09-06T23:46:42.586+01:00 INFO : Filtering template 95/96 segment 5/5
2026-09-06T23:46:42.604+01:00 INFO : 95: generating IMRPhenomD from 30.0 Hz
2026-09-06T23:46:42.607+01:00 INFO : Decompressing waveform using inline_linear
2026-09-06T23:46:42.612+01:00 INFO : Filtering template 96/96 segment 1/5
2026-09-06T23:46:42.631+01:00 INFO : 2 points above threshold
2026-09-06T23:46:42.644+01:00 INFO : Filtering template 96/96 segment 2/5
2026-09-06T23:46:42.662+01:00 INFO : Filtering template 96/96 segment 3/5
2026-09-06T23:46:42.680+01:00 INFO : Filtering template 96/96 segment 4/5
2026-09-06T23:46:42.697+01:00 INFO : 1 points above threshold
2026-09-06T23:46:42.702+01:00 INFO : Filtering template 96/96 segment 5/5
2026-09-06T23:46:42.720+01:00 INFO : We currently have 527 triggers
2026-09-06T23:46:42.720+01:00 INFO : Removing triggers with NewSNR below threshold
2026-09-06T23:46:42.720+01:00 INFO : 477 remaining triggers
2026-09-06T23:46:42.721+01:00 INFO : Outputting 477 triggers
2026-09-06T23:46:42.721+01:00 INFO : Writing out triggers
2026-09-06T23:46:42.733+01:00 INFO : Finished
