================================================================================
Starting Production Live Batch Benchmark across 5 routes
Batch sizes: [1, 8, 32], Size: 131072, Blocks: 3
Call surface: public
Replicates: 3, Samples: 5, Warmups: 2
Root: /home/xangma/pycbc-torch-benchmark-20260906/main
================================================================================
[Rep 1/3] Running batch= 1 route=branch_standard    ... done in   4.4s | Lat:   0.878 ms/blk | Tput:   1136.89 wf/s
[Rep 1/3] Running batch= 1 route=torch_cpu          ... done in   4.7s | Lat:   2.127 ms/blk | Tput:    470.39 wf/s
[Rep 1/3] Running batch= 1 route=torch_cpu_native   ... done in   4.8s | Lat:   2.168 ms/blk | Tput:    458.22 wf/s
[Rep 1/3] Running batch= 1 route=torch_cuda         ... done in   5.0s | Lat:   0.463 ms/blk | Tput:   2169.74 wf/s
[Rep 1/3] Running batch= 1 route=torch_cuda_native  ... done in   5.0s | Lat:   0.464 ms/blk | Tput:   2161.52 wf/s
[Rep 1/3] Running batch= 8 route=torch_cpu          ... done in   5.3s | Lat:  27.105 ms/blk | Tput:    294.93 wf/s
[Rep 1/3] Running batch= 8 route=torch_cpu_native   ... done in   5.1s | Lat:  16.503 ms/blk | Tput:    484.56 wf/s
[Rep 1/3] Running batch= 8 route=torch_cuda         ... done in   5.1s | Lat:   0.587 ms/blk | Tput:  13665.59 wf/s
[Rep 1/3] Running batch= 8 route=torch_cuda_native  ... done in   5.1s | Lat:   0.691 ms/blk | Tput:  11625.50 wf/s
[Rep 1/3] Running batch= 8 route=branch_standard    ... done in   4.7s | Lat:   6.740 ms/blk | Tput:   1185.13 wf/s
[Rep 1/3] Running batch=32 route=torch_cpu_native   ... done in   6.6s | Lat:  64.437 ms/blk | Tput:    496.40 wf/s
[Rep 1/3] Running batch=32 route=torch_cuda         ... done in   5.2s | Lat:   0.773 ms/blk | Tput:  41316.50 wf/s
[Rep 1/3] Running batch=32 route=torch_cuda_native  ... done in   5.3s | Lat:   1.195 ms/blk | Tput:  26794.49 wf/s
[Rep 1/3] Running batch=32 route=branch_standard    ... done in   5.4s | Lat:  26.852 ms/blk | Tput:   1191.52 wf/s
[Rep 1/3] Running batch=32 route=torch_cpu          ... done in   7.6s | Lat: 107.962 ms/blk | Tput:    295.87 wf/s
[Rep 2/3] Running batch= 1 route=torch_cuda         ... done in   5.0s | Lat:   0.458 ms/blk | Tput:   2184.59 wf/s
[Rep 2/3] Running batch= 1 route=torch_cpu_native   ... done in   4.7s | Lat:   2.215 ms/blk | Tput:    449.34 wf/s
[Rep 2/3] Running batch= 1 route=torch_cpu          ... done in   4.7s | Lat:   2.129 ms/blk | Tput:    468.90 wf/s
[Rep 2/3] Running batch= 1 route=branch_standard    ... done in   4.5s | Lat:   0.878 ms/blk | Tput:   1139.44 wf/s
[Rep 2/3] Running batch= 1 route=torch_cuda_native  ... done in   5.0s | Lat:   0.467 ms/blk | Tput:   2131.49 wf/s
[Rep 2/3] Running batch= 8 route=torch_cuda_native  ... done in   5.1s | Lat:   0.688 ms/blk | Tput:  11656.78 wf/s
[Rep 2/3] Running batch= 8 route=torch_cuda         ... done in   5.1s | Lat:   0.593 ms/blk | Tput:  13570.68 wf/s
[Rep 2/3] Running batch= 8 route=torch_cpu_native   ... done in   5.1s | Lat:  16.392 ms/blk | Tput:    487.16 wf/s
[Rep 2/3] Running batch= 8 route=torch_cpu          ... done in   5.4s | Lat:  27.302 ms/blk | Tput:    292.32 wf/s
[Rep 2/3] Running batch= 8 route=branch_standard    ... done in   4.7s | Lat:   6.727 ms/blk | Tput:   1186.71 wf/s
[Rep 2/3] Running batch=32 route=branch_standard    ... done in   5.3s | Lat:  26.839 ms/blk | Tput:   1191.41 wf/s
[Rep 2/3] Running batch=32 route=torch_cuda_native  ... done in   5.3s | Lat:   1.182 ms/blk | Tput:  27065.45 wf/s
[Rep 2/3] Running batch=32 route=torch_cuda         ... done in   5.2s | Lat:   0.779 ms/blk | Tput:  41038.67 wf/s
[Rep 2/3] Running batch=32 route=torch_cpu_native   ... done in   6.5s | Lat:  64.782 ms/blk | Tput:    493.80 wf/s
[Rep 2/3] Running batch=32 route=torch_cpu          ... done in   7.5s | Lat: 107.910 ms/blk | Tput:    296.32 wf/s
[Rep 3/3] Running batch= 1 route=torch_cuda         ... done in   5.0s | Lat:   0.459 ms/blk | Tput:   2169.59 wf/s
[Rep 3/3] Running batch= 1 route=torch_cuda_native  ... done in   5.0s | Lat:   0.464 ms/blk | Tput:   2154.03 wf/s
[Rep 3/3] Running batch= 1 route=branch_standard    ... done in   4.4s | Lat:   0.883 ms/blk | Tput:   1131.14 wf/s
[Rep 3/3] Running batch= 1 route=torch_cpu          ... done in   4.7s | Lat:   2.131 ms/blk | Tput:    469.94 wf/s
[Rep 3/3] Running batch= 1 route=torch_cpu_native   ... done in   4.7s | Lat:   2.134 ms/blk | Tput:    468.13 wf/s
[Rep 3/3] Running batch= 8 route=torch_cuda_native  ... done in   5.2s | Lat:   0.681 ms/blk | Tput:  11778.58 wf/s
[Rep 3/3] Running batch= 8 route=branch_standard    ... done in   4.6s | Lat:   6.752 ms/blk | Tput:   1184.70 wf/s
[Rep 3/3] Running batch= 8 route=torch_cpu          ... done in   5.4s | Lat:  27.395 ms/blk | Tput:    292.03 wf/s
[Rep 3/3] Running batch= 8 route=torch_cpu_native   ... done in   5.1s | Lat:  16.474 ms/blk | Tput:    484.69 wf/s
[Rep 3/3] Running batch= 8 route=torch_cuda         ... done in   5.2s | Lat:   0.586 ms/blk | Tput:  13664.18 wf/s
[Rep 3/3] Running batch=32 route=branch_standard    ... done in   5.4s | Lat:  26.714 ms/blk | Tput:   1196.83 wf/s
[Rep 3/3] Running batch=32 route=torch_cpu          ... done in   7.6s | Lat: 107.691 ms/blk | Tput:    297.30 wf/s
[Rep 3/3] Running batch=32 route=torch_cpu_native   ... done in   6.6s | Lat:  64.520 ms/blk | Tput:    495.93 wf/s
[Rep 3/3] Running batch=32 route=torch_cuda         ... done in   5.2s | Lat:   0.771 ms/blk | Tput:  41384.66 wf/s
[Rep 3/3] Running batch=32 route=torch_cuda_native  ... done in   5.3s | Lat:   1.192 ms/blk | Tput:  26862.25 wf/s

Successfully wrote benchmark results to /home/xangma/pycbc-torch-benchmark-20260906/live/main-t1.json

====================================================================================================================================
LIVE BATCH PERFORMANCE-EVIDENCE SUMMARY (N=131072; public_library_api; LiveBatchMatchedFilter.process_data)
====================================================================================================================================
Batch | Route                  | Routing             |      Latency p50/p95/p99 (ms) |           Tput p50 [95% CI] |      Speedup p50 [95% CI]
------------------------------------------------------------------------------------------------------------------------------------
    1 | branch_standard        | production_default  |    0.880/   0.897/   0.903 |   1135.4 [1130.2, 1140.1] |   1.00x [1.00, 1.00]
    1 | torch_cpu              | production_default  |    2.129/   2.200/   2.216 |    469.0 [465.7, 470.8] |   0.41x [0.41, 0.42]
    1 | torch_cpu_native       | experimental_native |    2.162/   2.245/   2.259 |    459.3 [453.6, 465.6] |   0.41x [0.40, 0.41]
    1 | torch_cuda             | production_default  |    0.459/   0.470/   0.472 |   2179.6 [2168.3, 2184.6] |   1.91x [1.91, 1.92]
    1 | torch_cuda_native      | experimental_native |    0.464/   0.481/   0.494 |   2151.1 [2128.8, 2165.9] |   1.89x [1.87, 1.90]
------------------------------------------------------------------------------------------------------------------------------------
    8 | branch_standard        | production_default  |    6.743/   6.812/   6.821 |   1185.1 [1183.1, 1186.7] |   1.00x [1.00, 1.00]
    8 | torch_cpu              | production_default  |   27.279/  27.589/  27.643 |    293.0 [292.0, 293.8] |   0.25x [0.25, 0.25]
    8 | torch_cpu_native       | experimental_native |   16.474/  16.572/  16.582 |    485.2 [484.6, 487.1] |   0.41x [0.41, 0.41]
    8 | torch_cuda             | production_default  |    0.587/   0.598/   0.600 |  13613.2 [13570.3, 13665.6] |  11.49x [11.44, 11.62]
    8 | torch_cuda_native      | experimental_native |    0.687/   0.698/   0.702 |  11656.8 [11590.1, 11695.1] |   9.85x [9.78, 9.88]
------------------------------------------------------------------------------------------------------------------------------------
   32 | branch_standard        | production_default  |   26.830/  26.928/  26.971 |   1191.6 [1191.4, 1196.7] |   1.00x [1.00, 1.00]
   32 | torch_cpu              | production_default  |  107.870/ 108.496/ 108.890 |    296.5 [295.9, 297.2] |   0.25x [0.25, 0.25]
   32 | torch_cpu_native       | experimental_native |   64.530/  64.863/  65.030 |    495.9 [493.8, 496.4] |   0.41x [0.41, 0.42]
   32 | torch_cuda             | production_default  |    0.775/   0.790/   0.796 |  41316.5 [41038.7, 41384.7] |  34.58x [34.48, 34.64]
   32 | torch_cuda_native      | experimental_native |    1.190/   1.202/   1.220 |  26883.4 [26794.5, 26939.7] |  22.51x [22.44, 22.66]
------------------------------------------------------------------------------------------------------------------------------------

LIMITATION: this artifact does not measure a full PyCBC CLI/search pipeline; see measurement.full_cli_end_to_end.

PARITY VERIFICATION:
  Batch  1: PASSED
    - replicate_0/torch_cpu_vs_branch_standard: SNR max delta=0.00e+00, Relative output-norm difference=1.35e-07, Triggers match=True
    - replicate_0/torch_cpu_native_vs_branch_standard: SNR max delta=0.00e+00, Relative output-norm difference=1.35e-07, Triggers match=True
    - replicate_0/torch_cuda_vs_branch_standard: SNR max delta=9.54e-07, Relative output-norm difference=1.53e-07, Triggers match=True
    - replicate_0/torch_cuda_native_vs_branch_standard: SNR max delta=9.54e-07, Relative output-norm difference=1.53e-07, Triggers match=True
    - replicate_1/torch_cuda_vs_branch_standard: SNR max delta=1.91e-06, Relative output-norm difference=1.65e-07, Triggers match=True
    - replicate_1/torch_cpu_native_vs_branch_standard: SNR max delta=1.91e-06, Relative output-norm difference=1.53e-07, Triggers match=True
    - replicate_1/torch_cpu_vs_branch_standard: SNR max delta=1.91e-06, Relative output-norm difference=1.53e-07, Triggers match=True
    - replicate_1/torch_cuda_native_vs_branch_standard: SNR max delta=1.91e-06, Relative output-norm difference=1.65e-07, Triggers match=True
    - replicate_2/torch_cuda_vs_branch_standard: SNR max delta=2.86e-06, Relative output-norm difference=1.87e-07, Triggers match=True
    - replicate_2/torch_cuda_native_vs_branch_standard: SNR max delta=2.86e-06, Relative output-norm difference=1.87e-07, Triggers match=True
    - replicate_2/torch_cpu_vs_branch_standard: SNR max delta=1.91e-06, Relative output-norm difference=1.17e-07, Triggers match=True
    - replicate_2/torch_cpu_native_vs_branch_standard: SNR max delta=1.91e-06, Relative output-norm difference=1.17e-07, Triggers match=True
  Batch  8: PASSED
    - replicate_0/torch_cpu_vs_branch_standard: SNR max delta=9.54e-07, Relative output-norm difference=6.78e-08, Triggers match=True
    - replicate_0/torch_cpu_native_vs_branch_standard: SNR max delta=9.54e-07, Relative output-norm difference=1.27e-07, Triggers match=True
    - replicate_0/torch_cuda_vs_branch_standard: SNR max delta=1.91e-06, Relative output-norm difference=1.56e-07, Triggers match=True
    - replicate_0/torch_cuda_native_vs_branch_standard: SNR max delta=1.91e-06, Relative output-norm difference=1.56e-07, Triggers match=True
    - replicate_1/torch_cuda_native_vs_branch_standard: SNR max delta=9.54e-07, Relative output-norm difference=1.49e-07, Triggers match=True
    - replicate_1/torch_cuda_vs_branch_standard: SNR max delta=9.54e-07, Relative output-norm difference=1.49e-07, Triggers match=True
    - replicate_1/torch_cpu_native_vs_branch_standard: SNR max delta=1.91e-06, Relative output-norm difference=1.25e-07, Triggers match=True
    - replicate_1/torch_cpu_vs_branch_standard: SNR max delta=9.54e-07, Relative output-norm difference=6.25e-08, Triggers match=True
    - replicate_2/torch_cuda_native_vs_branch_standard: SNR max delta=9.54e-07, Relative output-norm difference=1.48e-07, Triggers match=True
    - replicate_2/torch_cpu_vs_branch_standard: SNR max delta=9.54e-07, Relative output-norm difference=5.88e-08, Triggers match=True
    - replicate_2/torch_cpu_native_vs_branch_standard: SNR max delta=9.54e-07, Relative output-norm difference=1.21e-07, Triggers match=True
    - replicate_2/torch_cuda_vs_branch_standard: SNR max delta=9.54e-07, Relative output-norm difference=1.48e-07, Triggers match=True
  Batch 32: PASSED
    - replicate_0/torch_cpu_native_vs_branch_standard: SNR max delta=1.91e-06, Relative output-norm difference=1.24e-07, Triggers match=True
    - replicate_0/torch_cuda_vs_branch_standard: SNR max delta=1.91e-06, Relative output-norm difference=1.52e-07, Triggers match=True
    - replicate_0/torch_cuda_native_vs_branch_standard: SNR max delta=1.91e-06, Relative output-norm difference=1.52e-07, Triggers match=True
    - replicate_0/torch_cpu_vs_branch_standard: SNR max delta=9.54e-07, Relative output-norm difference=6.55e-08, Triggers match=True
    - replicate_1/torch_cuda_native_vs_branch_standard: SNR max delta=1.91e-06, Relative output-norm difference=1.52e-07, Triggers match=True
    - replicate_1/torch_cuda_vs_branch_standard: SNR max delta=1.91e-06, Relative output-norm difference=1.52e-07, Triggers match=True
    - replicate_1/torch_cpu_native_vs_branch_standard: SNR max delta=1.91e-06, Relative output-norm difference=1.24e-07, Triggers match=True
    - replicate_1/torch_cpu_vs_branch_standard: SNR max delta=9.54e-07, Relative output-norm difference=6.56e-08, Triggers match=True
    - replicate_2/torch_cpu_vs_branch_standard: SNR max delta=9.54e-07, Relative output-norm difference=6.62e-08, Triggers match=True
    - replicate_2/torch_cpu_native_vs_branch_standard: SNR max delta=1.91e-06, Relative output-norm difference=1.24e-07, Triggers match=True
    - replicate_2/torch_cuda_vs_branch_standard: SNR max delta=1.91e-06, Relative output-norm difference=1.50e-07, Triggers match=True
    - replicate_2/torch_cuda_native_vs_branch_standard: SNR max delta=1.91e-06, Relative output-norm difference=1.50e-07, Triggers match=True
====================================================================================================================================
