prepare 0
gaussian-standard_cpu-t1-r0 0
gaussian-standard_cpu-t1-r1 0
gaussian-standard_cpu-t1-r2 0
gaussian-standard_cpu-t4-r0 0
gaussian-standard_cpu-t4-r1 0
gaussian-standard_cpu-t4-r2 0
gaussian-torch_cpu-t1-r0 0
gaussian-torch_cpu-t1-r1 0
gaussian-torch_cpu-t1-r2 0
gaussian-torch_cpu-t4-r0 0
gaussian-torch_cpu-t4-r1 0
gaussian-torch_cpu-t4-r2 0
gaussian-cuda-t1-r0 0
gaussian-cuda-t1-r1 0
gaussian-cuda-t1-r2 0
relative-standard_cpu-t1-r0 0
relative-standard_cpu-t1-r1 0
relative-standard_cpu-t1-r2 0
relative-standard_cpu-t4-r0 0
relative-standard_cpu-t4-r1 0
relative-standard_cpu-t4-r2 0
relative-torch_cpu-t1-r0 0
relative-torch_cpu-t1-r1 0
relative-torch_cpu-t1-r2 0
relative-torch_cpu-t4-r0 0
relative-torch_cpu-t4-r1 0
relative-torch_cpu-t4-r2 0
relative-cuda-t1-r0 0
relative-cuda-t1-r1 0
relative-cuda-t1-r2 0
{"result": "orchestrate", "status": "complete"}
