2026-09-06T20:06:56.221+01:00 INFO : Running with Torch support on device cpu
2026-09-06T20:06:56.222+01:00 INFO : Reading Frames
2026-09-06T20:07:02.917+01:00 INFO : Highpass Filtering
2026-09-06T20:07:03.370+01:00 INFO : Resampling data
2026-09-06T20:07:03.382+01:00 INFO : Converting to float32
/home/xangma/pycbc-torch-inspiral-reference-20260906/source-v5/pycbc/types/array.py:872: RuntimeWarning: divide by zero encountered in divide
  return self._data.__rtruediv__(other)
2026-09-06T20:07:08.464+01:00 INFO : Highpass Filtering
2026-09-06T20:07:08.920+01:00 INFO : Remove Padding
2026-09-06T20:07:08.968+01:00 INFO : Making frequency-domain data segments
2026-09-06T20:07:11.283+01:00 INFO : Overwhitening frequency-domain data segments
2026-09-06T20:07:11.307+01:00 INFO : Read in template bank
2026-09-06T20:07:11.318+01:00 INFO : Full template bank size: 96
2026-09-06T20:07:11.318+01:00 INFO : Template bank size after thinning: 96
2026-09-06T20:07:11.319+01:00 INFO : 0: generating IMRPhenomD from 30.0 Hz
2026-09-06T20:07:11.321+01:00 INFO : Decompressing waveform using inline_linear
2026-09-06T20:07:11.624+01:00 INFO : Filtering template 1/96 segment 1/5
2026-09-06T20:07:11.715+01:00 INFO : 1 points above threshold
2026-09-06T20:07:11.751+01:00 INFO : Filtering template 1/96 segment 2/5
2026-09-06T20:07:11.811+01:00 INFO : Filtering template 1/96 segment 3/5
2026-09-06T20:07:11.870+01:00 INFO : 1 points above threshold
2026-09-06T20:07:11.876+01:00 INFO : Filtering template 1/96 segment 4/5
2026-09-06T20:07:11.936+01:00 INFO : Filtering template 1/96 segment 5/5
2026-09-06T20:07:11.995+01:00 INFO : 1 points above threshold
2026-09-06T20:07:12.002+01:00 INFO : 1: generating IMRPhenomD from 30.0 Hz
2026-09-06T20:07:12.004+01:00 INFO : Decompressing waveform using inline_linear
2026-09-06T20:07:12.309+01:00 INFO : Filtering template 2/96 segment 1/5
2026-09-06T20:07:12.384+01:00 INFO : 1 points above threshold
2026-09-06T20:07:12.411+01:00 INFO : Filtering template 2/96 segment 2/5
2026-09-06T20:07:12.470+01:00 INFO : 1 points above threshold
2026-09-06T20:07:12.476+01:00 INFO : Filtering template 2/96 segment 3/5
2026-09-06T20:07:12.536+01:00 INFO : 2 points above threshold
2026-09-06T20:07:12.544+01:00 INFO : Filtering template 2/96 segment 4/5
2026-09-06T20:07:12.602+01:00 INFO : Filtering template 2/96 segment 5/5
2026-09-06T20:07:12.662+01:00 INFO : 1 points above threshold
2026-09-06T20:07:12.668+01:00 INFO : 2: generating IMRPhenomD from 30.0 Hz
2026-09-06T20:07:12.671+01:00 INFO : Decompressing waveform using inline_linear
2026-09-06T20:07:12.978+01:00 INFO : Filtering template 3/96 segment 1/5
2026-09-06T20:07:13.055+01:00 INFO : 3 points above threshold
2026-09-06T20:07:13.086+01:00 INFO : Filtering template 3/96 segment 2/5
2026-09-06T20:07:13.146+01:00 INFO : Filtering template 3/96 segment 3/5
2026-09-06T20:07:13.205+01:00 INFO : 1 points above threshold
2026-09-06T20:07:13.211+01:00 INFO : Filtering template 3/96 segment 4/5
2026-09-06T20:07:13.270+01:00 INFO : 1 points above threshold
2026-09-06T20:07:13.276+01:00 INFO : Filtering template 3/96 segment 5/5
2026-09-06T20:07:13.335+01:00 INFO : 3: generating IMRPhenomD from 30.0 Hz
2026-09-06T20:07:13.338+01:00 INFO : Decompressing waveform using inline_linear
2026-09-06T20:07:13.640+01:00 INFO : Filtering template 4/96 segment 1/5
2026-09-06T20:07:13.722+01:00 INFO : 1 points above threshold
2026-09-06T20:07:13.749+01:00 INFO : Filtering template 4/96 segment 2/5
2026-09-06T20:07:13.808+01:00 INFO : 1 points above threshold
2026-09-06T20:07:13.814+01:00 INFO : Filtering template 4/96 segment 3/5
2026-09-06T20:07:13.873+01:00 INFO : 2 points above threshold
2026-09-06T20:07:13.881+01:00 INFO : Filtering template 4/96 segment 4/5
2026-09-06T20:07:13.941+01:00 INFO : 2 points above threshold
2026-09-06T20:07:13.949+01:00 INFO : Filtering template 4/96 segment 5/5
2026-09-06T20:07:14.008+01:00 INFO : 2 points above threshold
2026-09-06T20:07:14.016+01:00 INFO : 4: generating IMRPhenomD from 30.0 Hz
2026-09-06T20:07:14.018+01:00 INFO : Decompressing waveform using inline_linear
2026-09-06T20:07:14.315+01:00 INFO : Filtering template 5/96 segment 1/5
2026-09-06T20:07:14.390+01:00 INFO : 1 points above threshold
2026-09-06T20:07:14.417+01:00 INFO : Filtering template 5/96 segment 2/5
2026-09-06T20:07:14.478+01:00 INFO : 2 points above threshold
2026-09-06T20:07:14.486+01:00 INFO : Filtering template 5/96 segment 3/5
2026-09-06T20:07:14.551+01:00 INFO : 2 points above threshold
2026-09-06T20:07:14.559+01:00 INFO : Filtering template 5/96 segment 4/5
2026-09-06T20:07:14.619+01:00 INFO : 2 points above threshold
2026-09-06T20:07:14.626+01:00 INFO : Filtering template 5/96 segment 5/5
2026-09-06T20:07:14.686+01:00 INFO : 5: generating IMRPhenomD from 30.0 Hz
2026-09-06T20:07:14.689+01:00 INFO : Decompressing waveform using inline_linear
2026-09-06T20:07:14.996+01:00 INFO : Filtering template 6/96 segment 1/5
2026-09-06T20:07:15.073+01:00 INFO : 1 points above threshold
2026-09-06T20:07:15.100+01:00 INFO : Filtering template 6/96 segment 2/5
2026-09-06T20:07:15.159+01:00 INFO : Filtering template 6/96 segment 3/5
2026-09-06T20:07:15.218+01:00 INFO : Filtering template 6/96 segment 4/5
2026-09-06T20:07:15.277+01:00 INFO : Filtering template 6/96 segment 5/5
2026-09-06T20:07:15.336+01:00 INFO : 1 points above threshold
2026-09-06T20:07:15.343+01:00 INFO : 6: generating IMRPhenomD from 30.0 Hz
2026-09-06T20:07:15.345+01:00 INFO : Decompressing waveform using inline_linear
2026-09-06T20:07:15.648+01:00 INFO : Filtering template 7/96 segment 1/5
2026-09-06T20:07:15.730+01:00 INFO : 2 points above threshold
2026-09-06T20:07:15.758+01:00 INFO : Filtering template 7/96 segment 2/5
2026-09-06T20:07:15.817+01:00 INFO : Filtering template 7/96 segment 3/5
2026-09-06T20:07:15.877+01:00 INFO : Filtering template 7/96 segment 4/5
2026-09-06T20:07:15.937+01:00 INFO : 1 points above threshold
2026-09-06T20:07:15.943+01:00 INFO : Filtering template 7/96 segment 5/5
2026-09-06T20:07:16.002+01:00 INFO : 7: generating IMRPhenomD from 30.0 Hz
2026-09-06T20:07:16.005+01:00 INFO : Decompressing waveform using inline_linear
2026-09-06T20:07:16.306+01:00 INFO : Filtering template 8/96 segment 1/5
2026-09-06T20:07:16.388+01:00 INFO : 2 points above threshold
2026-09-06T20:07:16.417+01:00 INFO : Filtering template 8/96 segment 2/5
2026-09-06T20:07:16.476+01:00 INFO : 1 points above threshold
2026-09-06T20:07:16.482+01:00 INFO : Filtering template 8/96 segment 3/5
2026-09-06T20:07:16.541+01:00 INFO : 4 points above threshold
2026-09-06T20:07:16.551+01:00 INFO : Filtering template 8/96 segment 4/5
2026-09-06T20:07:16.610+01:00 INFO : Filtering template 8/96 segment 5/5
2026-09-06T20:07:16.669+01:00 INFO : 8: generating IMRPhenomD from 30.0 Hz
2026-09-06T20:07:16.672+01:00 INFO : Decompressing waveform using inline_linear
2026-09-06T20:07:16.975+01:00 INFO : Filtering template 9/96 segment 1/5
2026-09-06T20:07:17.058+01:00 INFO : Filtering template 9/96 segment 2/5
2026-09-06T20:07:17.117+01:00 INFO : 1 points above threshold
2026-09-06T20:07:17.144+01:00 INFO : Filtering template 9/96 segment 3/5
2026-09-06T20:07:17.203+01:00 INFO : 2 points above threshold
2026-09-06T20:07:17.210+01:00 INFO : Filtering template 9/96 segment 4/5
2026-09-06T20:07:17.270+01:00 INFO : 1 points above threshold
2026-09-06T20:07:17.276+01:00 INFO : Filtering template 9/96 segment 5/5
2026-09-06T20:07:17.335+01:00 INFO : 3 points above threshold
2026-09-06T20:07:17.345+01:00 INFO : 9: generating IMRPhenomD from 30.0 Hz
2026-09-06T20:07:17.348+01:00 INFO : Decompressing waveform using inline_linear
2026-09-06T20:07:17.649+01:00 INFO : Filtering template 10/96 segment 1/5
2026-09-06T20:07:17.731+01:00 INFO : 1 points above threshold
2026-09-06T20:07:17.758+01:00 INFO : Filtering template 10/96 segment 2/5
2026-09-06T20:07:17.817+01:00 INFO : 1 points above threshold
2026-09-06T20:07:17.823+01:00 INFO : Filtering template 10/96 segment 3/5
2026-09-06T20:07:17.882+01:00 INFO : Filtering template 10/96 segment 4/5
2026-09-06T20:07:17.942+01:00 INFO : 2 points above threshold
2026-09-06T20:07:17.950+01:00 INFO : Filtering template 10/96 segment 5/5
2026-09-06T20:07:18.009+01:00 INFO : 1 points above threshold
2026-09-06T20:07:18.015+01:00 INFO : 10: generating IMRPhenomD from 30.0 Hz
2026-09-06T20:07:18.018+01:00 INFO : Decompressing waveform using inline_linear
2026-09-06T20:07:18.322+01:00 INFO : Filtering template 11/96 segment 1/5
2026-09-06T20:07:18.404+01:00 INFO : 4 points above threshold
2026-09-06T20:07:18.434+01:00 INFO : Filtering template 11/96 segment 2/5
2026-09-06T20:07:18.493+01:00 INFO : 2 points above threshold
2026-09-06T20:07:18.500+01:00 INFO : Filtering template 11/96 segment 3/5
2026-09-06T20:07:18.560+01:00 INFO : 1 points above threshold
2026-09-06T20:07:18.566+01:00 INFO : Filtering template 11/96 segment 4/5
2026-09-06T20:07:18.625+01:00 INFO : Filtering template 11/96 segment 5/5
2026-09-06T20:07:18.685+01:00 INFO : 11: generating IMRPhenomD from 30.0 Hz
2026-09-06T20:07:18.687+01:00 INFO : Decompressing waveform using inline_linear
2026-09-06T20:07:18.991+01:00 INFO : Filtering template 12/96 segment 1/5
2026-09-06T20:07:19.073+01:00 INFO : 1 points above threshold
2026-09-06T20:07:19.100+01:00 INFO : Filtering template 12/96 segment 2/5
2026-09-06T20:07:19.159+01:00 INFO : 1 points above threshold
2026-09-06T20:07:19.165+01:00 INFO : Filtering template 12/96 segment 3/5
2026-09-06T20:07:19.224+01:00 INFO : 1 points above threshold
2026-09-06T20:07:19.230+01:00 INFO : Filtering template 12/96 segment 4/5
2026-09-06T20:07:19.289+01:00 INFO : 3 points above threshold
2026-09-06T20:07:19.299+01:00 INFO : Filtering template 12/96 segment 5/5
2026-09-06T20:07:19.359+01:00 INFO : 12: generating IMRPhenomD from 30.0 Hz
2026-09-06T20:07:19.361+01:00 INFO : Decompressing waveform using inline_linear
2026-09-06T20:07:19.668+01:00 INFO : Filtering template 13/96 segment 1/5
2026-09-06T20:07:19.751+01:00 INFO : Filtering template 13/96 segment 2/5
2026-09-06T20:07:19.810+01:00 INFO : 4 points above threshold
2026-09-06T20:07:19.840+01:00 INFO : Filtering template 13/96 segment 3/5
2026-09-06T20:07:19.900+01:00 INFO : Filtering template 13/96 segment 4/5
2026-09-06T20:07:19.959+01:00 INFO : Filtering template 13/96 segment 5/5
2026-09-06T20:07:20.019+01:00 INFO : 1 points above threshold
2026-09-06T20:07:20.025+01:00 INFO : 13: generating IMRPhenomD from 30.0 Hz
2026-09-06T20:07:20.027+01:00 INFO : Decompressing waveform using inline_linear
2026-09-06T20:07:20.331+01:00 INFO : Filtering template 14/96 segment 1/5
2026-09-06T20:07:20.413+01:00 INFO : 1 points above threshold
2026-09-06T20:07:20.439+01:00 INFO : Filtering template 14/96 segment 2/5
2026-09-06T20:07:20.498+01:00 INFO : 2 points above threshold
2026-09-06T20:07:20.506+01:00 INFO : Filtering template 14/96 segment 3/5
2026-09-06T20:07:20.565+01:00 INFO : 3 points above threshold
2026-09-06T20:07:20.575+01:00 INFO : Filtering template 14/96 segment 4/5
2026-09-06T20:07:20.634+01:00 INFO : 2 points above threshold
2026-09-06T20:07:20.642+01:00 INFO : Filtering template 14/96 segment 5/5
2026-09-06T20:07:20.702+01:00 INFO : 14: generating IMRPhenomD from 30.0 Hz
2026-09-06T20:07:20.705+01:00 INFO : Decompressing waveform using inline_linear
2026-09-06T20:07:20.958+01:00 INFO : Filtering template 15/96 segment 1/5
2026-09-06T20:07:21.029+01:00 INFO : 1 points above threshold
2026-09-06T20:07:21.047+01:00 INFO : Filtering template 15/96 segment 2/5
2026-09-06T20:07:21.107+01:00 INFO : Filtering template 15/96 segment 3/5
2026-09-06T20:07:21.166+01:00 INFO : 1 points above threshold
2026-09-06T20:07:21.172+01:00 INFO : Filtering template 15/96 segment 4/5
2026-09-06T20:07:21.231+01:00 INFO : 1 points above threshold
2026-09-06T20:07:21.237+01:00 INFO : Filtering template 15/96 segment 5/5
2026-09-06T20:07:21.296+01:00 INFO : 3 points above threshold
2026-09-06T20:07:21.306+01:00 INFO : 15: generating IMRPhenomD from 30.0 Hz
2026-09-06T20:07:21.309+01:00 INFO : Decompressing waveform using inline_linear
2026-09-06T20:07:21.577+01:00 INFO : Filtering template 16/96 segment 1/5
2026-09-06T20:07:21.646+01:00 INFO : 1 points above threshold
2026-09-06T20:07:21.664+01:00 INFO : Filtering template 16/96 segment 2/5
2026-09-06T20:07:21.723+01:00 INFO : 2 points above threshold
2026-09-06T20:07:21.731+01:00 INFO : Filtering template 16/96 segment 3/5
2026-09-06T20:07:21.791+01:00 INFO : 3 points above threshold
2026-09-06T20:07:21.801+01:00 INFO : Filtering template 16/96 segment 4/5
2026-09-06T20:07:21.860+01:00 INFO : 2 points above threshold
2026-09-06T20:07:21.868+01:00 INFO : Filtering template 16/96 segment 5/5
2026-09-06T20:07:21.928+01:00 INFO : 16: generating IMRPhenomD from 30.0 Hz
2026-09-06T20:07:21.931+01:00 INFO : Decompressing waveform using inline_linear
2026-09-06T20:07:22.212+01:00 INFO : Filtering template 17/96 segment 1/5
2026-09-06T20:07:22.282+01:00 INFO : 2 points above threshold
2026-09-06T20:07:22.302+01:00 INFO : Filtering template 17/96 segment 2/5
2026-09-06T20:07:22.361+01:00 INFO : 3 points above threshold
2026-09-06T20:07:22.371+01:00 INFO : Filtering template 17/96 segment 3/5
2026-09-06T20:07:22.431+01:00 INFO : Filtering template 17/96 segment 4/5
2026-09-06T20:07:22.490+01:00 INFO : 2 points above threshold
2026-09-06T20:07:22.498+01:00 INFO : Filtering template 17/96 segment 5/5
2026-09-06T20:07:22.557+01:00 INFO : 3 points above threshold
2026-09-06T20:07:22.567+01:00 INFO : 17: generating IMRPhenomD from 30.0 Hz
2026-09-06T20:07:22.570+01:00 INFO : Decompressing waveform using inline_linear
2026-09-06T20:07:22.857+01:00 INFO : Filtering template 18/96 segment 1/5
2026-09-06T20:07:22.927+01:00 INFO : Filtering template 18/96 segment 2/5
2026-09-06T20:07:22.987+01:00 INFO : Filtering template 18/96 segment 3/5
2026-09-06T20:07:23.046+01:00 INFO : 1 points above threshold
2026-09-06T20:07:23.064+01:00 INFO : Filtering template 18/96 segment 4/5
2026-09-06T20:07:23.124+01:00 INFO : Filtering template 18/96 segment 5/5
2026-09-06T20:07:23.183+01:00 INFO : 2 points above threshold
2026-09-06T20:07:23.191+01:00 INFO : 18: generating IMRPhenomD from 30.0 Hz
2026-09-06T20:07:23.194+01:00 INFO : Decompressing waveform using inline_linear
2026-09-06T20:07:23.488+01:00 INFO : Filtering template 19/96 segment 1/5
2026-09-06T20:07:23.557+01:00 INFO : 3 points above threshold
2026-09-06T20:07:23.580+01:00 INFO : Filtering template 19/96 segment 2/5
2026-09-06T20:07:23.639+01:00 INFO : 1 points above threshold
2026-09-06T20:07:23.645+01:00 INFO : Filtering template 19/96 segment 3/5
2026-09-06T20:07:23.704+01:00 INFO : 1 points above threshold
2026-09-06T20:07:23.710+01:00 INFO : Filtering template 19/96 segment 4/5
2026-09-06T20:07:23.769+01:00 INFO : 3 points above threshold
2026-09-06T20:07:23.779+01:00 INFO : Filtering template 19/96 segment 5/5
2026-09-06T20:07:23.838+01:00 INFO : 1 points above threshold
2026-09-06T20:07:23.844+01:00 INFO : 19: generating IMRPhenomD from 30.0 Hz
2026-09-06T20:07:23.847+01:00 INFO : Decompressing waveform using inline_linear
2026-09-06T20:07:24.147+01:00 INFO : Filtering template 20/96 segment 1/5
2026-09-06T20:07:24.216+01:00 INFO : 1 points above threshold
2026-09-06T20:07:24.240+01:00 INFO : Filtering template 20/96 segment 2/5
2026-09-06T20:07:24.299+01:00 INFO : 3 points above threshold
2026-09-06T20:07:24.309+01:00 INFO : Filtering template 20/96 segment 3/5
2026-09-06T20:07:24.368+01:00 INFO : Filtering template 20/96 segment 4/5
2026-09-06T20:07:24.428+01:00 INFO : 2 points above threshold
2026-09-06T20:07:24.435+01:00 INFO : Filtering template 20/96 segment 5/5
2026-09-06T20:07:24.495+01:00 INFO : 20: generating IMRPhenomD from 30.0 Hz
2026-09-06T20:07:24.498+01:00 INFO : Decompressing waveform using inline_linear
2026-09-06T20:07:24.796+01:00 INFO : Filtering template 21/96 segment 1/5
2026-09-06T20:07:24.866+01:00 INFO : 1 points above threshold
2026-09-06T20:07:24.894+01:00 INFO : Filtering template 21/96 segment 2/5
2026-09-06T20:07:24.954+01:00 INFO : 1 points above threshold
2026-09-06T20:07:24.960+01:00 INFO : Filtering template 21/96 segment 3/5
2026-09-06T20:07:25.019+01:00 INFO : 1 points above threshold
2026-09-06T20:07:25.025+01:00 INFO : Filtering template 21/96 segment 4/5
2026-09-06T20:07:25.084+01:00 INFO : Filtering template 21/96 segment 5/5
2026-09-06T20:07:25.144+01:00 INFO : 21: generating IMRPhenomD from 30.0 Hz
2026-09-06T20:07:25.146+01:00 INFO : Decompressing waveform using inline_linear
2026-09-06T20:07:25.448+01:00 INFO : Filtering template 22/96 segment 1/5
2026-09-06T20:07:25.525+01:00 INFO : 5 points above threshold
2026-09-06T20:07:25.558+01:00 INFO : Filtering template 22/96 segment 2/5
2026-09-06T20:07:25.617+01:00 INFO : Filtering template 22/96 segment 3/5
2026-09-06T20:07:25.677+01:00 INFO : Filtering template 22/96 segment 4/5
2026-09-06T20:07:25.736+01:00 INFO : 1 points above threshold
2026-09-06T20:07:25.742+01:00 INFO : Filtering template 22/96 segment 5/5
2026-09-06T20:07:25.801+01:00 INFO : 1 points above threshold
2026-09-06T20:07:25.808+01:00 INFO : 22: generating IMRPhenomD from 30.0 Hz
2026-09-06T20:07:25.810+01:00 INFO : Decompressing waveform using inline_linear
2026-09-06T20:07:26.114+01:00 INFO : Filtering template 23/96 segment 1/5
2026-09-06T20:07:26.195+01:00 INFO : 2 points above threshold
2026-09-06T20:07:26.224+01:00 INFO : Filtering template 23/96 segment 2/5
2026-09-06T20:07:26.283+01:00 INFO : 1 points above threshold
2026-09-06T20:07:26.289+01:00 INFO : Filtering template 23/96 segment 3/5
2026-09-06T20:07:26.348+01:00 INFO : 1 points above threshold
2026-09-06T20:07:26.354+01:00 INFO : Filtering template 23/96 segment 4/5
2026-09-06T20:07:26.413+01:00 INFO : Filtering template 23/96 segment 5/5
2026-09-06T20:07:26.473+01:00 INFO : 23: generating IMRPhenomD from 30.0 Hz
2026-09-06T20:07:26.476+01:00 INFO : Decompressing waveform using inline_linear
2026-09-06T20:07:26.779+01:00 INFO : Filtering template 24/96 segment 1/5
2026-09-06T20:07:26.861+01:00 INFO : 1 points above threshold
2026-09-06T20:07:26.888+01:00 INFO : Filtering template 24/96 segment 2/5
2026-09-06T20:07:26.947+01:00 INFO : 2 points above threshold
2026-09-06T20:07:26.955+01:00 INFO : Filtering template 24/96 segment 3/5
2026-09-06T20:07:27.014+01:00 INFO : 1 points above threshold
2026-09-06T20:07:27.020+01:00 INFO : Filtering template 24/96 segment 4/5
2026-09-06T20:07:27.079+01:00 INFO : Filtering template 24/96 segment 5/5
2026-09-06T20:07:27.139+01:00 INFO : 2 points above threshold
2026-09-06T20:07:27.147+01:00 INFO : 24: generating IMRPhenomD from 30.0 Hz
2026-09-06T20:07:27.150+01:00 INFO : Decompressing waveform using inline_linear
2026-09-06T20:07:27.389+01:00 INFO : Filtering template 25/96 segment 1/5
2026-09-06T20:07:27.459+01:00 INFO : 2 points above threshold
2026-09-06T20:07:27.479+01:00 INFO : Filtering template 25/96 segment 2/5
2026-09-06T20:07:27.539+01:00 INFO : Filtering template 25/96 segment 3/5
2026-09-06T20:07:27.598+01:00 INFO : Filtering template 25/96 segment 4/5
2026-09-06T20:07:27.657+01:00 INFO : Filtering template 25/96 segment 5/5
2026-09-06T20:07:27.717+01:00 INFO : 25: generating IMRPhenomD from 30.0 Hz
2026-09-06T20:07:27.720+01:00 INFO : Decompressing waveform using inline_linear
2026-09-06T20:07:27.988+01:00 INFO : Filtering template 26/96 segment 1/5
2026-09-06T20:07:28.057+01:00 INFO : Filtering template 26/96 segment 2/5
2026-09-06T20:07:28.117+01:00 INFO : 2 points above threshold
2026-09-06T20:07:28.137+01:00 INFO : Filtering template 26/96 segment 3/5
2026-09-06T20:07:28.196+01:00 INFO : Filtering template 26/96 segment 4/5
2026-09-06T20:07:28.256+01:00 INFO : 2 points above threshold
2026-09-06T20:07:28.263+01:00 INFO : Filtering template 26/96 segment 5/5
2026-09-06T20:07:28.323+01:00 INFO : 2 points above threshold
2026-09-06T20:07:28.331+01:00 INFO : 26: generating IMRPhenomD from 30.0 Hz
2026-09-06T20:07:28.333+01:00 INFO : Decompressing waveform using inline_linear
2026-09-06T20:07:28.601+01:00 INFO : Filtering template 27/96 segment 1/5
2026-09-06T20:07:28.670+01:00 INFO : 3 points above threshold
2026-09-06T20:07:28.692+01:00 INFO : Filtering template 27/96 segment 2/5
2026-09-06T20:07:28.752+01:00 INFO : Filtering template 27/96 segment 3/5
2026-09-06T20:07:28.811+01:00 INFO : 1 points above threshold
2026-09-06T20:07:28.817+01:00 INFO : Filtering template 27/96 segment 4/5
2026-09-06T20:07:28.876+01:00 INFO : Filtering template 27/96 segment 5/5
2026-09-06T20:07:28.936+01:00 INFO : 27: generating IMRPhenomD from 30.0 Hz
2026-09-06T20:07:28.938+01:00 INFO : Decompressing waveform using inline_linear
2026-09-06T20:07:29.218+01:00 INFO : Filtering template 28/96 segment 1/5
2026-09-06T20:07:29.288+01:00 INFO : 3 points above threshold
2026-09-06T20:07:29.310+01:00 INFO : Filtering template 28/96 segment 2/5
2026-09-06T20:07:29.370+01:00 INFO : 1 points above threshold
2026-09-06T20:07:29.376+01:00 INFO : Filtering template 28/96 segment 3/5
2026-09-06T20:07:29.435+01:00 INFO : 2 points above threshold
2026-09-06T20:07:29.443+01:00 INFO : Filtering template 28/96 segment 4/5
2026-09-06T20:07:29.502+01:00 INFO : 1 points above threshold
2026-09-06T20:07:29.508+01:00 INFO : Filtering template 28/96 segment 5/5
2026-09-06T20:07:29.567+01:00 INFO : 28: generating IMRPhenomD from 30.0 Hz
2026-09-06T20:07:29.570+01:00 INFO : Decompressing waveform using inline_linear
2026-09-06T20:07:29.865+01:00 INFO : Filtering template 29/96 segment 1/5
2026-09-06T20:07:29.935+01:00 INFO : 2 points above threshold
2026-09-06T20:07:29.956+01:00 INFO : Filtering template 29/96 segment 2/5
2026-09-06T20:07:30.015+01:00 INFO : 2 points above threshold
2026-09-06T20:07:30.023+01:00 INFO : Filtering template 29/96 segment 3/5
2026-09-06T20:07:30.082+01:00 INFO : 1 points above threshold
2026-09-06T20:07:30.088+01:00 INFO : Filtering template 29/96 segment 4/5
2026-09-06T20:07:30.147+01:00 INFO : 2 points above threshold
2026-09-06T20:07:30.155+01:00 INFO : Filtering template 29/96 segment 5/5
2026-09-06T20:07:30.214+01:00 INFO : 2 points above threshold
2026-09-06T20:07:30.223+01:00 INFO : 29: generating IMRPhenomD from 30.0 Hz
2026-09-06T20:07:30.225+01:00 INFO : Decompressing waveform using inline_linear
2026-09-06T20:07:30.519+01:00 INFO : Filtering template 30/96 segment 1/5
2026-09-06T20:07:30.589+01:00 INFO : 1 points above threshold
2026-09-06T20:07:30.607+01:00 INFO : Filtering template 30/96 segment 2/5
2026-09-06T20:07:30.666+01:00 INFO : 1 points above threshold
2026-09-06T20:07:30.672+01:00 INFO : Filtering template 30/96 segment 3/5
2026-09-06T20:07:30.731+01:00 INFO : 1 points above threshold
2026-09-06T20:07:30.737+01:00 INFO : Filtering template 30/96 segment 4/5
2026-09-06T20:07:30.796+01:00 INFO : Filtering template 30/96 segment 5/5
2026-09-06T20:07:30.856+01:00 INFO : 30: generating IMRPhenomD from 30.0 Hz
2026-09-06T20:07:30.859+01:00 INFO : Decompressing waveform using inline_linear
2026-09-06T20:07:31.159+01:00 INFO : Filtering template 31/96 segment 1/5
2026-09-06T20:07:31.229+01:00 INFO : Filtering template 31/96 segment 2/5
2026-09-06T20:07:31.288+01:00 INFO : 1 points above threshold
2026-09-06T20:07:31.312+01:00 INFO : Filtering template 31/96 segment 3/5
2026-09-06T20:07:31.372+01:00 INFO : Filtering template 31/96 segment 4/5
2026-09-06T20:07:31.431+01:00 INFO : 1 points above threshold
2026-09-06T20:07:31.437+01:00 INFO : Filtering template 31/96 segment 5/5
2026-09-06T20:07:31.496+01:00 INFO : 1 points above threshold
2026-09-06T20:07:31.502+01:00 INFO : 31: generating IMRPhenomD from 30.0 Hz
2026-09-06T20:07:31.505+01:00 INFO : Decompressing waveform using inline_linear
2026-09-06T20:07:31.799+01:00 INFO : Filtering template 32/96 segment 1/5
2026-09-06T20:07:31.869+01:00 INFO : Filtering template 32/96 segment 2/5
2026-09-06T20:07:31.928+01:00 INFO : Filtering template 32/96 segment 3/5
2026-09-06T20:07:31.988+01:00 INFO : Filtering template 32/96 segment 4/5
2026-09-06T20:07:32.047+01:00 INFO : 3 points above threshold
2026-09-06T20:07:32.080+01:00 INFO : Filtering template 32/96 segment 5/5
2026-09-06T20:07:32.139+01:00 INFO : 2 points above threshold
2026-09-06T20:07:32.147+01:00 INFO : 32: generating IMRPhenomD from 30.0 Hz
2026-09-06T20:07:32.150+01:00 INFO : Decompressing waveform using inline_linear
2026-09-06T20:07:32.453+01:00 INFO : Filtering template 33/96 segment 1/5
2026-09-06T20:07:32.530+01:00 INFO : 2 points above threshold
2026-09-06T20:07:32.559+01:00 INFO : Filtering template 33/96 segment 2/5
2026-09-06T20:07:32.618+01:00 INFO : Filtering template 33/96 segment 3/5
2026-09-06T20:07:32.677+01:00 INFO : Filtering template 33/96 segment 4/5
2026-09-06T20:07:32.736+01:00 INFO : 1 points above threshold
2026-09-06T20:07:32.742+01:00 INFO : Filtering template 33/96 segment 5/5
2026-09-06T20:07:32.802+01:00 INFO : 33: generating IMRPhenomD from 30.0 Hz
2026-09-06T20:07:32.804+01:00 INFO : Decompressing waveform using inline_linear
2026-09-06T20:07:33.109+01:00 INFO : Filtering template 34/96 segment 1/5
2026-09-06T20:07:33.191+01:00 INFO : Filtering template 34/96 segment 2/5
2026-09-06T20:07:33.250+01:00 INFO : 1 points above threshold
2026-09-06T20:07:33.277+01:00 INFO : Filtering template 34/96 segment 3/5
2026-09-06T20:07:33.336+01:00 INFO : 1 points above threshold
2026-09-06T20:07:33.342+01:00 INFO : Filtering template 34/96 segment 4/5
2026-09-06T20:07:33.401+01:00 INFO : Filtering template 34/96 segment 5/5
2026-09-06T20:07:33.460+01:00 INFO : 1 points above threshold
2026-09-06T20:07:33.466+01:00 INFO : 34: generating IMRPhenomD from 30.0 Hz
2026-09-06T20:07:33.469+01:00 INFO : Decompressing waveform using inline_linear
2026-09-06T20:07:33.772+01:00 INFO : Filtering template 35/96 segment 1/5
2026-09-06T20:07:33.853+01:00 INFO : 1 points above threshold
2026-09-06T20:07:33.880+01:00 INFO : Filtering template 35/96 segment 2/5
2026-09-06T20:07:33.940+01:00 INFO : 1 points above threshold
2026-09-06T20:07:33.946+01:00 INFO : Filtering template 35/96 segment 3/5
2026-09-06T20:07:34.005+01:00 INFO : 1 points above threshold
2026-09-06T20:07:34.011+01:00 INFO : Filtering template 35/96 segment 4/5
2026-09-06T20:07:34.071+01:00 INFO : Filtering template 35/96 segment 5/5
2026-09-06T20:07:34.130+01:00 INFO : 35: generating IMRPhenomD from 30.0 Hz
2026-09-06T20:07:34.133+01:00 INFO : Decompressing waveform using inline_linear
2026-09-06T20:07:34.360+01:00 INFO : Filtering template 36/96 segment 1/5
2026-09-06T20:07:34.429+01:00 INFO : 3 points above threshold
2026-09-06T20:07:34.452+01:00 INFO : Filtering template 36/96 segment 2/5
2026-09-06T20:07:34.511+01:00 INFO : 1 points above threshold
2026-09-06T20:07:34.517+01:00 INFO : Filtering template 36/96 segment 3/5
2026-09-06T20:07:34.576+01:00 INFO : 2 points above threshold
2026-09-06T20:07:34.584+01:00 INFO : Filtering template 36/96 segment 4/5
2026-09-06T20:07:34.643+01:00 INFO : Filtering template 36/96 segment 5/5
2026-09-06T20:07:34.703+01:00 INFO : 1 points above threshold
2026-09-06T20:07:34.709+01:00 INFO : 36: generating IMRPhenomD from 30.0 Hz
2026-09-06T20:07:34.712+01:00 INFO : Decompressing waveform using inline_linear
2026-09-06T20:07:34.969+01:00 INFO : Filtering template 37/96 segment 1/5
2026-09-06T20:07:35.038+01:00 INFO : 2 points above threshold
2026-09-06T20:07:35.059+01:00 INFO : Filtering template 37/96 segment 2/5
2026-09-06T20:07:35.119+01:00 INFO : 3 points above threshold
2026-09-06T20:07:35.128+01:00 INFO : Filtering template 37/96 segment 3/5
2026-09-06T20:07:35.188+01:00 INFO : 1 points above threshold
2026-09-06T20:07:35.194+01:00 INFO : Filtering template 37/96 segment 4/5
2026-09-06T20:07:35.254+01:00 INFO : 3 points above threshold
2026-09-06T20:07:35.264+01:00 INFO : Filtering template 37/96 segment 5/5
2026-09-06T20:07:35.323+01:00 INFO : 37: generating IMRPhenomD from 30.0 Hz
2026-09-06T20:07:35.326+01:00 INFO : Decompressing waveform using inline_linear
2026-09-06T20:07:35.593+01:00 INFO : Filtering template 38/96 segment 1/5
2026-09-06T20:07:35.663+01:00 INFO : Filtering template 38/96 segment 2/5
2026-09-06T20:07:35.722+01:00 INFO : Filtering template 38/96 segment 3/5
2026-09-06T20:07:35.782+01:00 INFO : 1 points above threshold
2026-09-06T20:07:35.800+01:00 INFO : Filtering template 38/96 segment 4/5
2026-09-06T20:07:35.859+01:00 INFO : 1 points above threshold
2026-09-06T20:07:35.865+01:00 INFO : Filtering template 38/96 segment 5/5
2026-09-06T20:07:35.925+01:00 INFO : 1 points above threshold
2026-09-06T20:07:35.931+01:00 INFO : 38: generating IMRPhenomD from 30.0 Hz
2026-09-06T20:07:35.934+01:00 INFO : Decompressing waveform using inline_linear
2026-09-06T20:07:36.201+01:00 INFO : Filtering template 39/96 segment 1/5
2026-09-06T20:07:36.271+01:00 INFO : Filtering template 39/96 segment 2/5
2026-09-06T20:07:36.330+01:00 INFO : 2 points above threshold
2026-09-06T20:07:36.350+01:00 INFO : Filtering template 39/96 segment 3/5
2026-09-06T20:07:36.409+01:00 INFO : Filtering template 39/96 segment 4/5
2026-09-06T20:07:36.469+01:00 INFO : 2 points above threshold
2026-09-06T20:07:36.477+01:00 INFO : Filtering template 39/96 segment 5/5
2026-09-06T20:07:36.536+01:00 INFO : 39: generating IMRPhenomD from 30.0 Hz
2026-09-06T20:07:36.539+01:00 INFO : Decompressing waveform using inline_linear
2026-09-06T20:07:36.818+01:00 INFO : Filtering template 40/96 segment 1/5
2026-09-06T20:07:36.888+01:00 INFO : Filtering template 40/96 segment 2/5
2026-09-06T20:07:36.947+01:00 INFO : Filtering template 40/96 segment 3/5
2026-09-06T20:07:37.008+01:00 INFO : Filtering template 40/96 segment 4/5
2026-09-06T20:07:37.067+01:00 INFO : 2 points above threshold
2026-09-06T20:07:37.088+01:00 INFO : Filtering template 40/96 segment 5/5
2026-09-06T20:07:37.148+01:00 INFO : 40: generating IMRPhenomD from 30.0 Hz
2026-09-06T20:07:37.150+01:00 INFO : Decompressing waveform using inline_linear
2026-09-06T20:07:37.438+01:00 INFO : Filtering template 41/96 segment 1/5
2026-09-06T20:07:37.507+01:00 INFO : Filtering template 41/96 segment 2/5
2026-09-06T20:07:37.567+01:00 INFO : Filtering template 41/96 segment 3/5
2026-09-06T20:07:37.626+01:00 INFO : 2 points above threshold
2026-09-06T20:07:37.647+01:00 INFO : Filtering template 41/96 segment 4/5
2026-09-06T20:07:37.706+01:00 INFO : 2 points above threshold
2026-09-06T20:07:37.714+01:00 INFO : Filtering template 41/96 segment 5/5
2026-09-06T20:07:37.774+01:00 INFO : 41: generating IMRPhenomD from 30.0 Hz
2026-09-06T20:07:37.776+01:00 INFO : Decompressing waveform using inline_linear
2026-09-06T20:07:38.070+01:00 INFO : Filtering template 42/96 segment 1/5
2026-09-06T20:07:38.140+01:00 INFO : Filtering template 42/96 segment 2/5
2026-09-06T20:07:38.199+01:00 INFO : 1 points above threshold
2026-09-06T20:07:38.218+01:00 INFO : Filtering template 42/96 segment 3/5
2026-09-06T20:07:38.277+01:00 INFO : Filtering template 42/96 segment 4/5
2026-09-06T20:07:38.337+01:00 INFO : 1 points above threshold
2026-09-06T20:07:38.343+01:00 INFO : Filtering template 42/96 segment 5/5
2026-09-06T20:07:38.402+01:00 INFO : 1 points above threshold
2026-09-06T20:07:38.408+01:00 INFO : 42: generating IMRPhenomD from 30.0 Hz
2026-09-06T20:07:38.411+01:00 INFO : Decompressing waveform using inline_linear
2026-09-06T20:07:38.712+01:00 INFO : Filtering template 43/96 segment 1/5
2026-09-06T20:07:38.781+01:00 INFO : 1 points above threshold
2026-09-06T20:07:38.805+01:00 INFO : Filtering template 43/96 segment 2/5
2026-09-06T20:07:38.865+01:00 INFO : 2 points above threshold
2026-09-06T20:07:38.872+01:00 INFO : Filtering template 43/96 segment 3/5
2026-09-06T20:07:38.932+01:00 INFO : 1 points above threshold
2026-09-06T20:07:38.938+01:00 INFO : Filtering template 43/96 segment 4/5
2026-09-06T20:07:38.997+01:00 INFO : Filtering template 43/96 segment 5/5
2026-09-06T20:07:39.057+01:00 INFO : 43: generating IMRPhenomD from 30.0 Hz
2026-09-06T20:07:39.059+01:00 INFO : Decompressing waveform using inline_linear
2026-09-06T20:07:39.354+01:00 INFO : Filtering template 44/96 segment 1/5
2026-09-06T20:07:39.424+01:00 INFO : 1 points above threshold
2026-09-06T20:07:39.453+01:00 INFO : Filtering template 44/96 segment 2/5
2026-09-06T20:07:39.513+01:00 INFO : Filtering template 44/96 segment 3/5
2026-09-06T20:07:39.572+01:00 INFO : Filtering template 44/96 segment 4/5
2026-09-06T20:07:39.631+01:00 INFO : 1 points above threshold
2026-09-06T20:07:39.637+01:00 INFO : Filtering template 44/96 segment 5/5
2026-09-06T20:07:39.697+01:00 INFO : 44: generating IMRPhenomD from 30.0 Hz
2026-09-06T20:07:39.699+01:00 INFO : Decompressing waveform using inline_linear
2026-09-06T20:07:40.005+01:00 INFO : Filtering template 45/96 segment 1/5
2026-09-06T20:07:40.087+01:00 INFO : 2 points above threshold
2026-09-06T20:07:40.115+01:00 INFO : Filtering template 45/96 segment 2/5
2026-09-06T20:07:40.175+01:00 INFO : 1 points above threshold
2026-09-06T20:07:40.180+01:00 INFO : Filtering template 45/96 segment 3/5
2026-09-06T20:07:40.240+01:00 INFO : 1 points above threshold
2026-09-06T20:07:40.246+01:00 INFO : Filtering template 45/96 segment 4/5
2026-09-06T20:07:40.305+01:00 INFO : Filtering template 45/96 segment 5/5
2026-09-06T20:07:40.365+01:00 INFO : 45: generating IMRPhenomD from 30.0 Hz
2026-09-06T20:07:40.368+01:00 INFO : Decompressing waveform using inline_linear
2026-09-06T20:07:40.671+01:00 INFO : Filtering template 46/96 segment 1/5
2026-09-06T20:07:40.754+01:00 INFO : Filtering template 46/96 segment 2/5
2026-09-06T20:07:40.813+01:00 INFO : Filtering template 46/96 segment 3/5
2026-09-06T20:07:40.873+01:00 INFO : 1 points above threshold
2026-09-06T20:07:40.900+01:00 INFO : Filtering template 46/96 segment 4/5
2026-09-06T20:07:40.959+01:00 INFO : 3 points above threshold
2026-09-06T20:07:40.969+01:00 INFO : Filtering template 46/96 segment 5/5
2026-09-06T20:07:41.029+01:00 INFO : 1 points above threshold
2026-09-06T20:07:41.035+01:00 INFO : 46: generating IMRPhenomD from 30.0 Hz
2026-09-06T20:07:41.038+01:00 INFO : Decompressing waveform using inline_linear
2026-09-06T20:07:41.265+01:00 INFO : Filtering template 47/96 segment 1/5
2026-09-06T20:07:41.335+01:00 INFO : 3 points above threshold
2026-09-06T20:07:41.357+01:00 INFO : Filtering template 47/96 segment 2/5
2026-09-06T20:07:41.416+01:00 INFO : Filtering template 47/96 segment 3/5
2026-09-06T20:07:41.476+01:00 INFO : 2 points above threshold
2026-09-06T20:07:41.484+01:00 INFO : Filtering template 47/96 segment 4/5
2026-09-06T20:07:41.543+01:00 INFO : 1 points above threshold
2026-09-06T20:07:41.549+01:00 INFO : Filtering template 47/96 segment 5/5
2026-09-06T20:07:41.608+01:00 INFO : 1 points above threshold
2026-09-06T20:07:41.615+01:00 INFO : 47: generating IMRPhenomD from 30.0 Hz
2026-09-06T20:07:41.617+01:00 INFO : Decompressing waveform using inline_linear
2026-09-06T20:07:41.872+01:00 INFO : Filtering template 48/96 segment 1/5
2026-09-06T20:07:41.942+01:00 INFO : 3 points above threshold
2026-09-06T20:07:41.965+01:00 INFO : Filtering template 48/96 segment 2/5
2026-09-06T20:07:42.025+01:00 INFO : 1 points above threshold
2026-09-06T20:07:42.031+01:00 INFO : Filtering template 48/96 segment 3/5
2026-09-06T20:07:42.090+01:00 INFO : 1 points above threshold
2026-09-06T20:07:42.096+01:00 INFO : Filtering template 48/96 segment 4/5
2026-09-06T20:07:42.155+01:00 INFO : 2 points above threshold
2026-09-06T20:07:42.163+01:00 INFO : Filtering template 48/96 segment 5/5
2026-09-06T20:07:42.223+01:00 INFO : 1 points above threshold
2026-09-06T20:07:42.229+01:00 INFO : 48: generating IMRPhenomD from 30.0 Hz
2026-09-06T20:07:42.232+01:00 INFO : Decompressing waveform using inline_linear
2026-09-06T20:07:42.500+01:00 INFO : Filtering template 49/96 segment 1/5
2026-09-06T20:07:42.570+01:00 INFO : 1 points above threshold
2026-09-06T20:07:42.588+01:00 INFO : Filtering template 49/96 segment 2/5
2026-09-06T20:07:42.647+01:00 INFO : 1 points above threshold
2026-09-06T20:07:42.653+01:00 INFO : Filtering template 49/96 segment 3/5
2026-09-06T20:07:42.713+01:00 INFO : 2 points above threshold
2026-09-06T20:07:42.721+01:00 INFO : Filtering template 49/96 segment 4/5
2026-09-06T20:07:42.780+01:00 INFO : Filtering template 49/96 segment 5/5
2026-09-06T20:07:42.840+01:00 INFO : 49: generating IMRPhenomD from 30.0 Hz
2026-09-06T20:07:42.842+01:00 INFO : Decompressing waveform using inline_linear
2026-09-06T20:07:43.111+01:00 INFO : Filtering template 50/96 segment 1/5
2026-09-06T20:07:43.180+01:00 INFO : Filtering template 50/96 segment 2/5
2026-09-06T20:07:43.240+01:00 INFO : 2 points above threshold
2026-09-06T20:07:43.260+01:00 INFO : Filtering template 50/96 segment 3/5
2026-09-06T20:07:43.319+01:00 INFO : 4 points above threshold
2026-09-06T20:07:43.329+01:00 INFO : Filtering template 50/96 segment 4/5
2026-09-06T20:07:43.388+01:00 INFO : 2 points above threshold
2026-09-06T20:07:43.396+01:00 INFO : Filtering template 50/96 segment 5/5
2026-09-06T20:07:43.456+01:00 INFO : 50: generating IMRPhenomD from 30.0 Hz
2026-09-06T20:07:43.458+01:00 INFO : Decompressing waveform using inline_linear
2026-09-06T20:07:43.739+01:00 INFO : Filtering template 51/96 segment 1/5
2026-09-06T20:07:43.808+01:00 INFO : 1 points above threshold
2026-09-06T20:07:43.827+01:00 INFO : Filtering template 51/96 segment 2/5
2026-09-06T20:07:43.887+01:00 INFO : 1 points above threshold
2026-09-06T20:07:43.893+01:00 INFO : Filtering template 51/96 segment 3/5
2026-09-06T20:07:43.952+01:00 INFO : Filtering template 51/96 segment 4/5
2026-09-06T20:07:44.011+01:00 INFO : 1 points above threshold
2026-09-06T20:07:44.017+01:00 INFO : Filtering template 51/96 segment 5/5
2026-09-06T20:07:44.077+01:00 INFO : 2 points above threshold
2026-09-06T20:07:44.085+01:00 INFO : 51: generating IMRPhenomD from 30.0 Hz
2026-09-06T20:07:44.087+01:00 INFO : Decompressing waveform using inline_linear
2026-09-06T20:07:44.375+01:00 INFO : Filtering template 52/96 segment 1/5
2026-09-06T20:07:44.444+01:00 INFO : 1 points above threshold
2026-09-06T20:07:44.463+01:00 INFO : Filtering template 52/96 segment 2/5
2026-09-06T20:07:44.522+01:00 INFO : 1 points above threshold
2026-09-06T20:07:44.528+01:00 INFO : Filtering template 52/96 segment 3/5
2026-09-06T20:07:44.587+01:00 INFO : Filtering template 52/96 segment 4/5
2026-09-06T20:07:44.646+01:00 INFO : 3 points above threshold
2026-09-06T20:07:44.656+01:00 INFO : Filtering template 52/96 segment 5/5
2026-09-06T20:07:44.716+01:00 INFO : 1 points above threshold
2026-09-06T20:07:44.722+01:00 INFO : 52: generating IMRPhenomD from 30.0 Hz
2026-09-06T20:07:44.724+01:00 INFO : Decompressing waveform using inline_linear
2026-09-06T20:07:45.018+01:00 INFO : Filtering template 53/96 segment 1/5
2026-09-06T20:07:45.096+01:00 INFO : 3 points above threshold
2026-09-06T20:07:45.126+01:00 INFO : Filtering template 53/96 segment 2/5
2026-09-06T20:07:45.187+01:00 INFO : 2 points above threshold
2026-09-06T20:07:45.195+01:00 INFO : Filtering template 53/96 segment 3/5
2026-09-06T20:07:45.254+01:00 INFO : 2 points above threshold
2026-09-06T20:07:45.262+01:00 INFO : Filtering template 53/96 segment 4/5
2026-09-06T20:07:45.321+01:00 INFO : 1 points above threshold
2026-09-06T20:07:45.327+01:00 INFO : Filtering template 53/96 segment 5/5
2026-09-06T20:07:45.386+01:00 INFO : 1 points above threshold
2026-09-06T20:07:45.392+01:00 INFO : 53: generating IMRPhenomD from 30.0 Hz
2026-09-06T20:07:45.395+01:00 INFO : Decompressing waveform using inline_linear
2026-09-06T20:07:45.695+01:00 INFO : Filtering template 54/96 segment 1/5
2026-09-06T20:07:45.765+01:00 INFO : Filtering template 54/96 segment 2/5
2026-09-06T20:07:45.824+01:00 INFO : Filtering template 54/96 segment 3/5
2026-09-06T20:07:45.884+01:00 INFO : 2 points above threshold
2026-09-06T20:07:45.909+01:00 INFO : Filtering template 54/96 segment 4/5
2026-09-06T20:07:45.969+01:00 INFO : 5 points above threshold
2026-09-06T20:07:45.981+01:00 INFO : Filtering template 54/96 segment 5/5
2026-09-06T20:07:46.041+01:00 INFO : 54: generating IMRPhenomD from 30.0 Hz
2026-09-06T20:07:46.044+01:00 INFO : Decompressing waveform using inline_linear
2026-09-06T20:07:46.338+01:00 INFO : Filtering template 55/96 segment 1/5
2026-09-06T20:07:46.407+01:00 INFO : Filtering template 55/96 segment 2/5
2026-09-06T20:07:46.467+01:00 INFO : 1 points above threshold
2026-09-06T20:07:46.495+01:00 INFO : Filtering template 55/96 segment 3/5
2026-09-06T20:07:46.555+01:00 INFO : 3 points above threshold
2026-09-06T20:07:46.564+01:00 INFO : Filtering template 55/96 segment 4/5
2026-09-06T20:07:46.624+01:00 INFO : 1 points above threshold
2026-09-06T20:07:46.629+01:00 INFO : Filtering template 55/96 segment 5/5
2026-09-06T20:07:46.688+01:00 INFO : 1 points above threshold
2026-09-06T20:07:46.695+01:00 INFO : 55: generating IMRPhenomD from 30.0 Hz
2026-09-06T20:07:46.697+01:00 INFO : Decompressing waveform using inline_linear
2026-09-06T20:07:46.942+01:00 INFO : Filtering template 56/96 segment 1/5
2026-09-06T20:07:47.012+01:00 INFO : 1 points above threshold
2026-09-06T20:07:47.030+01:00 INFO : Filtering template 56/96 segment 2/5
2026-09-06T20:07:47.089+01:00 INFO : 1 points above threshold
2026-09-06T20:07:47.095+01:00 INFO : Filtering template 56/96 segment 3/5
2026-09-06T20:07:47.155+01:00 INFO : 3 points above threshold
2026-09-06T20:07:47.164+01:00 INFO : Filtering template 56/96 segment 4/5
2026-09-06T20:07:47.223+01:00 INFO : Filtering template 56/96 segment 5/5
2026-09-06T20:07:47.283+01:00 INFO : 1 points above threshold
2026-09-06T20:07:47.290+01:00 INFO : 56: generating IMRPhenomD from 30.0 Hz
2026-09-06T20:07:47.292+01:00 INFO : Decompressing waveform using inline_linear
2026-09-06T20:07:47.546+01:00 INFO : Filtering template 57/96 segment 1/5
2026-09-06T20:07:47.616+01:00 INFO : 1 points above threshold
2026-09-06T20:07:47.634+01:00 INFO : Filtering template 57/96 segment 2/5
2026-09-06T20:07:47.693+01:00 INFO : 2 points above threshold
2026-09-06T20:07:47.701+01:00 INFO : Filtering template 57/96 segment 3/5
2026-09-06T20:07:47.760+01:00 INFO : 2 points above threshold
2026-09-06T20:07:47.768+01:00 INFO : Filtering template 57/96 segment 4/5
2026-09-06T20:07:47.827+01:00 INFO : 2 points above threshold
2026-09-06T20:07:47.835+01:00 INFO : Filtering template 57/96 segment 5/5
2026-09-06T20:07:47.895+01:00 INFO : 57: generating IMRPhenomD from 30.0 Hz
2026-09-06T20:07:47.897+01:00 INFO : Decompressing waveform using inline_linear
2026-09-06T20:07:48.164+01:00 INFO : Filtering template 58/96 segment 1/5
2026-09-06T20:07:48.234+01:00 INFO : 1 points above threshold
2026-09-06T20:07:48.252+01:00 INFO : Filtering template 58/96 segment 2/5
2026-09-06T20:07:48.312+01:00 INFO : 2 points above threshold
2026-09-06T20:07:48.320+01:00 INFO : Filtering template 58/96 segment 3/5
2026-09-06T20:07:48.379+01:00 INFO : 1 points above threshold
2026-09-06T20:07:48.385+01:00 INFO : Filtering template 58/96 segment 4/5
2026-09-06T20:07:48.444+01:00 INFO : 1 points above threshold
2026-09-06T20:07:48.450+01:00 INFO : Filtering template 58/96 segment 5/5
2026-09-06T20:07:48.509+01:00 INFO : 2 points above threshold
2026-09-06T20:07:48.517+01:00 INFO : 58: generating IMRPhenomD from 30.0 Hz
2026-09-06T20:07:48.520+01:00 INFO : Decompressing waveform using inline_linear
2026-09-06T20:07:48.800+01:00 INFO : Filtering template 59/96 segment 1/5
2026-09-06T20:07:48.870+01:00 INFO : 1 points above threshold
2026-09-06T20:07:48.889+01:00 INFO : Filtering template 59/96 segment 2/5
2026-09-06T20:07:48.948+01:00 INFO : 2 points above threshold
2026-09-06T20:07:48.956+01:00 INFO : Filtering template 59/96 segment 3/5
2026-09-06T20:07:49.015+01:00 INFO : 2 points above threshold
2026-09-06T20:07:49.023+01:00 INFO : Filtering template 59/96 segment 4/5
2026-09-06T20:07:49.082+01:00 INFO : 1 points above threshold
2026-09-06T20:07:49.088+01:00 INFO : Filtering template 59/96 segment 5/5
2026-09-06T20:07:49.147+01:00 INFO : 59: generating IMRPhenomD from 30.0 Hz
2026-09-06T20:07:49.150+01:00 INFO : Decompressing waveform using inline_linear
2026-09-06T20:07:49.437+01:00 INFO : Filtering template 60/96 segment 1/5
2026-09-06T20:07:49.506+01:00 INFO : Filtering template 60/96 segment 2/5
2026-09-06T20:07:49.566+01:00 INFO : Filtering template 60/96 segment 3/5
2026-09-06T20:07:49.625+01:00 INFO : 1 points above threshold
2026-09-06T20:07:49.643+01:00 INFO : Filtering template 60/96 segment 4/5
2026-09-06T20:07:49.702+01:00 INFO : 2 points above threshold
2026-09-06T20:07:49.710+01:00 INFO : Filtering template 60/96 segment 5/5
2026-09-06T20:07:49.770+01:00 INFO : 60: generating IMRPhenomD from 30.0 Hz
2026-09-06T20:07:49.772+01:00 INFO : Decompressing waveform using inline_linear
2026-09-06T20:07:50.066+01:00 INFO : Filtering template 61/96 segment 1/5
2026-09-06T20:07:50.135+01:00 INFO : Filtering template 61/96 segment 2/5
2026-09-06T20:07:50.204+01:00 INFO : 2 points above threshold
2026-09-06T20:07:50.227+01:00 INFO : Filtering template 61/96 segment 3/5
2026-09-06T20:07:50.288+01:00 INFO : 1 points above threshold
2026-09-06T20:07:50.294+01:00 INFO : Filtering template 61/96 segment 4/5
2026-09-06T20:07:50.353+01:00 INFO : 1 points above threshold
2026-09-06T20:07:50.359+01:00 INFO : Filtering template 61/96 segment 5/5
2026-09-06T20:07:50.419+01:00 INFO : 61: generating IMRPhenomD from 30.0 Hz
2026-09-06T20:07:50.421+01:00 INFO : Decompressing waveform using inline_linear
2026-09-06T20:07:50.720+01:00 INFO : Filtering template 62/96 segment 1/5
2026-09-06T20:07:50.790+01:00 INFO : 2 points above threshold
2026-09-06T20:07:50.815+01:00 INFO : Filtering template 62/96 segment 2/5
2026-09-06T20:07:50.875+01:00 INFO : Filtering template 62/96 segment 3/5
2026-09-06T20:07:50.934+01:00 INFO : Filtering template 62/96 segment 4/5
2026-09-06T20:07:50.993+01:00 INFO : 5 points above threshold
2026-09-06T20:07:51.006+01:00 INFO : Filtering template 62/96 segment 5/5
2026-09-06T20:07:51.065+01:00 INFO : 62: generating IMRPhenomD from 30.0 Hz
2026-09-06T20:07:51.068+01:00 INFO : Decompressing waveform using inline_linear
2026-09-06T20:07:51.361+01:00 INFO : Filtering template 63/96 segment 1/5
2026-09-06T20:07:51.431+01:00 INFO : Filtering template 63/96 segment 2/5
2026-09-06T20:07:51.490+01:00 INFO : 1 points above threshold
2026-09-06T20:07:51.519+01:00 INFO : Filtering template 63/96 segment 3/5
2026-09-06T20:07:51.578+01:00 INFO : 2 points above threshold
2026-09-06T20:07:51.586+01:00 INFO : Filtering template 63/96 segment 4/5
2026-09-06T20:07:51.645+01:00 INFO : 1 points above threshold
2026-09-06T20:07:51.651+01:00 INFO : Filtering template 63/96 segment 5/5
2026-09-06T20:07:51.710+01:00 INFO : 1 points above threshold
2026-09-06T20:07:51.716+01:00 INFO : 63: generating IMRPhenomD from 30.0 Hz
2026-09-06T20:07:51.719+01:00 INFO : Decompressing waveform using inline_linear
2026-09-06T20:07:52.020+01:00 INFO : Filtering template 64/96 segment 1/5
2026-09-06T20:07:52.097+01:00 INFO : 2 points above threshold
2026-09-06T20:07:52.126+01:00 INFO : Filtering template 64/96 segment 2/5
2026-09-06T20:07:52.185+01:00 INFO : 1 points above threshold
2026-09-06T20:07:52.191+01:00 INFO : Filtering template 64/96 segment 3/5
2026-09-06T20:07:52.250+01:00 INFO : Filtering template 64/96 segment 4/5
2026-09-06T20:07:52.309+01:00 INFO : Filtering template 64/96 segment 5/5
2026-09-06T20:07:52.369+01:00 INFO : 64: generating IMRPhenomD from 30.0 Hz
2026-09-06T20:07:52.372+01:00 INFO : Decompressing waveform using inline_linear
2026-09-06T20:07:52.673+01:00 INFO : Filtering template 65/96 segment 1/5
2026-09-06T20:07:52.756+01:00 INFO : 2 points above threshold
2026-09-06T20:07:52.784+01:00 INFO : Filtering template 65/96 segment 2/5
2026-09-06T20:07:52.843+01:00 INFO : 2 points above threshold
2026-09-06T20:07:52.851+01:00 INFO : Filtering template 65/96 segment 3/5
2026-09-06T20:07:52.910+01:00 INFO : 1 points above threshold
2026-09-06T20:07:52.916+01:00 INFO : Filtering template 65/96 segment 4/5
2026-09-06T20:07:52.976+01:00 INFO : 2 points above threshold
2026-09-06T20:07:52.984+01:00 INFO : Filtering template 65/96 segment 5/5
2026-09-06T20:07:53.043+01:00 INFO : 65: generating IMRPhenomD from 30.0 Hz
2026-09-06T20:07:53.046+01:00 INFO : Decompressing waveform using inline_linear
2026-09-06T20:07:53.285+01:00 INFO : Filtering template 66/96 segment 1/5
2026-09-06T20:07:53.355+01:00 INFO : 1 points above threshold
2026-09-06T20:07:53.373+01:00 INFO : Filtering template 66/96 segment 2/5
2026-09-06T20:07:53.432+01:00 INFO : 1 points above threshold
2026-09-06T20:07:53.438+01:00 INFO : Filtering template 66/96 segment 3/5
2026-09-06T20:07:53.498+01:00 INFO : 2 points above threshold
2026-09-06T20:07:53.505+01:00 INFO : Filtering template 66/96 segment 4/5
2026-09-06T20:07:53.565+01:00 INFO : 1 points above threshold
2026-09-06T20:07:53.571+01:00 INFO : Filtering template 66/96 segment 5/5
2026-09-06T20:07:53.630+01:00 INFO : 66: generating IMRPhenomD from 30.0 Hz
2026-09-06T20:07:53.633+01:00 INFO : Decompressing waveform using inline_linear
2026-09-06T20:07:53.887+01:00 INFO : Filtering template 67/96 segment 1/5
2026-09-06T20:07:53.957+01:00 INFO : 3 points above threshold
2026-09-06T20:07:53.980+01:00 INFO : Filtering template 67/96 segment 2/5
2026-09-06T20:07:54.039+01:00 INFO : Filtering template 67/96 segment 3/5
2026-09-06T20:07:54.098+01:00 INFO : 1 points above threshold
2026-09-06T20:07:54.104+01:00 INFO : Filtering template 67/96 segment 4/5
2026-09-06T20:07:54.164+01:00 INFO : Filtering template 67/96 segment 5/5
2026-09-06T20:07:54.223+01:00 INFO : 67: generating IMRPhenomD from 30.0 Hz
2026-09-06T20:07:54.226+01:00 INFO : Decompressing waveform using inline_linear
2026-09-06T20:07:54.493+01:00 INFO : Filtering template 68/96 segment 1/5
2026-09-06T20:07:54.563+01:00 INFO : 1 points above threshold
2026-09-06T20:07:54.581+01:00 INFO : Filtering template 68/96 segment 2/5
2026-09-06T20:07:54.640+01:00 INFO : 1 points above threshold
2026-09-06T20:07:54.646+01:00 INFO : Filtering template 68/96 segment 3/5
2026-09-06T20:07:54.706+01:00 INFO : 1 points above threshold
2026-09-06T20:07:54.712+01:00 INFO : Filtering template 68/96 segment 4/5
2026-09-06T20:07:54.771+01:00 INFO : 1 points above threshold
2026-09-06T20:07:54.777+01:00 INFO : Filtering template 68/96 segment 5/5
2026-09-06T20:07:54.836+01:00 INFO : 1 points above threshold
2026-09-06T20:07:54.843+01:00 INFO : 68: generating IMRPhenomD from 30.0 Hz
2026-09-06T20:07:54.845+01:00 INFO : Decompressing waveform using inline_linear
2026-09-06T20:07:55.125+01:00 INFO : Filtering template 69/96 segment 1/5
2026-09-06T20:07:55.195+01:00 INFO : Filtering template 69/96 segment 2/5
2026-09-06T20:07:55.256+01:00 INFO : Filtering template 69/96 segment 3/5
2026-09-06T20:07:55.320+01:00 INFO : 1 points above threshold
2026-09-06T20:07:55.340+01:00 INFO : Filtering template 69/96 segment 4/5
2026-09-06T20:07:55.399+01:00 INFO : 2 points above threshold
2026-09-06T20:07:55.407+01:00 INFO : Filtering template 69/96 segment 5/5
2026-09-06T20:07:55.467+01:00 INFO : 69: generating IMRPhenomD from 30.0 Hz
2026-09-06T20:07:55.469+01:00 INFO : Decompressing waveform using inline_linear
2026-09-06T20:07:55.755+01:00 INFO : Filtering template 70/96 segment 1/5
2026-09-06T20:07:55.824+01:00 INFO : 2 points above threshold
2026-09-06T20:07:55.845+01:00 INFO : Filtering template 70/96 segment 2/5
2026-09-06T20:07:55.904+01:00 INFO : 2 points above threshold
2026-09-06T20:07:55.912+01:00 INFO : Filtering template 70/96 segment 3/5
2026-09-06T20:07:55.972+01:00 INFO : Filtering template 70/96 segment 4/5
2026-09-06T20:07:56.031+01:00 INFO : 2 points above threshold
2026-09-06T20:07:56.038+01:00 INFO : Filtering template 70/96 segment 5/5
2026-09-06T20:07:56.098+01:00 INFO : 2 points above threshold
2026-09-06T20:07:56.106+01:00 INFO : 70: generating IMRPhenomD from 30.0 Hz
2026-09-06T20:07:56.108+01:00 INFO : Decompressing waveform using inline_linear
2026-09-06T20:07:56.401+01:00 INFO : Filtering template 71/96 segment 1/5
2026-09-06T20:07:56.470+01:00 INFO : Filtering template 71/96 segment 2/5
2026-09-06T20:07:56.530+01:00 INFO : 1 points above threshold
2026-09-06T20:07:56.548+01:00 INFO : Filtering template 71/96 segment 3/5
2026-09-06T20:07:56.607+01:00 INFO : 1 points above threshold
2026-09-06T20:07:56.613+01:00 INFO : Filtering template 71/96 segment 4/5
2026-09-06T20:07:56.673+01:00 INFO : 3 points above threshold
2026-09-06T20:07:56.682+01:00 INFO : Filtering template 71/96 segment 5/5
2026-09-06T20:07:56.742+01:00 INFO : 71: generating IMRPhenomD from 30.0 Hz
2026-09-06T20:07:56.745+01:00 INFO : Decompressing waveform using inline_linear
2026-09-06T20:07:57.044+01:00 INFO : Filtering template 72/96 segment 1/5
2026-09-06T20:07:57.113+01:00 INFO : 2 points above threshold
2026-09-06T20:07:57.139+01:00 INFO : Filtering template 72/96 segment 2/5
2026-09-06T20:07:57.198+01:00 INFO : 1 points above threshold
2026-09-06T20:07:57.204+01:00 INFO : Filtering template 72/96 segment 3/5
2026-09-06T20:07:57.263+01:00 INFO : 1 points above threshold
2026-09-06T20:07:57.269+01:00 INFO : Filtering template 72/96 segment 4/5
2026-09-06T20:07:57.328+01:00 INFO : 3 points above threshold
2026-09-06T20:07:57.338+01:00 INFO : Filtering template 72/96 segment 5/5
2026-09-06T20:07:57.397+01:00 INFO : 3 points above threshold
2026-09-06T20:07:57.408+01:00 INFO : 72: generating IMRPhenomD from 30.0 Hz
2026-09-06T20:07:57.410+01:00 INFO : Decompressing waveform using inline_linear
2026-09-06T20:07:57.702+01:00 INFO : Filtering template 73/96 segment 1/5
2026-09-06T20:07:57.772+01:00 INFO : 1 points above threshold
2026-09-06T20:07:57.800+01:00 INFO : Filtering template 73/96 segment 2/5
2026-09-06T20:07:57.859+01:00 INFO : 1 points above threshold
2026-09-06T20:07:57.865+01:00 INFO : Filtering template 73/96 segment 3/5
2026-09-06T20:07:57.925+01:00 INFO : 1 points above threshold
2026-09-06T20:07:57.931+01:00 INFO : Filtering template 73/96 segment 4/5
2026-09-06T20:07:57.991+01:00 INFO : Filtering template 73/96 segment 5/5
2026-09-06T20:07:58.050+01:00 INFO : 1 points above threshold
2026-09-06T20:07:58.057+01:00 INFO : 73: generating IMRPhenomD from 30.0 Hz
2026-09-06T20:07:58.059+01:00 INFO : Decompressing waveform using inline_linear
2026-09-06T20:07:58.359+01:00 INFO : Filtering template 74/96 segment 1/5
2026-09-06T20:07:58.436+01:00 INFO : 3 points above threshold
2026-09-06T20:07:58.467+01:00 INFO : Filtering template 74/96 segment 2/5
2026-09-06T20:07:58.526+01:00 INFO : 3 points above threshold
2026-09-06T20:07:58.536+01:00 INFO : Filtering template 74/96 segment 3/5
2026-09-06T20:07:58.595+01:00 INFO : Filtering template 74/96 segment 4/5
2026-09-06T20:07:58.655+01:00 INFO : 1 points above threshold
2026-09-06T20:07:58.661+01:00 INFO : Filtering template 74/96 segment 5/5
2026-09-06T20:07:58.721+01:00 INFO : 74: generating IMRPhenomD from 30.0 Hz
2026-09-06T20:07:58.723+01:00 INFO : Decompressing waveform using inline_linear
2026-09-06T20:07:59.025+01:00 INFO : Filtering template 75/96 segment 1/5
2026-09-06T20:07:59.107+01:00 INFO : Filtering template 75/96 segment 2/5
2026-09-06T20:07:59.167+01:00 INFO : 1 points above threshold
2026-09-06T20:07:59.193+01:00 INFO : Filtering template 75/96 segment 3/5
2026-09-06T20:07:59.252+01:00 INFO : 2 points above threshold
2026-09-06T20:07:59.260+01:00 INFO : Filtering template 75/96 segment 4/5
2026-09-06T20:07:59.320+01:00 INFO : Filtering template 75/96 segment 5/5
2026-09-06T20:07:59.379+01:00 INFO : 2 points above threshold
2026-09-06T20:07:59.387+01:00 INFO : 75: generating IMRPhenomD from 30.0 Hz
2026-09-06T20:07:59.390+01:00 INFO : Decompressing waveform using inline_linear
2026-09-06T20:07:59.626+01:00 INFO : Filtering template 76/96 segment 1/5
2026-09-06T20:07:59.696+01:00 INFO : 1 points above threshold
2026-09-06T20:07:59.715+01:00 INFO : Filtering template 76/96 segment 2/5
2026-09-06T20:07:59.774+01:00 INFO : Filtering template 76/96 segment 3/5
2026-09-06T20:07:59.833+01:00 INFO : 1 points above threshold
2026-09-06T20:07:59.839+01:00 INFO : Filtering template 76/96 segment 4/5
2026-09-06T20:07:59.899+01:00 INFO : Filtering template 76/96 segment 5/5
2026-09-06T20:07:59.958+01:00 INFO : 2 points above threshold
2026-09-06T20:07:59.966+01:00 INFO : 76: generating IMRPhenomD from 30.0 Hz
2026-09-06T20:07:59.969+01:00 INFO : Decompressing waveform using inline_linear
2026-09-06T20:08:00.220+01:00 INFO : Filtering template 77/96 segment 1/5
2026-09-06T20:08:00.290+01:00 INFO : Filtering template 77/96 segment 2/5
2026-09-06T20:08:00.351+01:00 INFO : 1 points above threshold
2026-09-06T20:08:00.370+01:00 INFO : Filtering template 77/96 segment 3/5
2026-09-06T20:08:00.437+01:00 INFO : Filtering template 77/96 segment 4/5
2026-09-06T20:08:00.496+01:00 INFO : 1 points above threshold
2026-09-06T20:08:00.502+01:00 INFO : Filtering template 77/96 segment 5/5
2026-09-06T20:08:00.562+01:00 INFO : 77: generating IMRPhenomD from 30.0 Hz
2026-09-06T20:08:00.564+01:00 INFO : Decompressing waveform using inline_linear
2026-09-06T20:08:00.829+01:00 INFO : Filtering template 78/96 segment 1/5
2026-09-06T20:08:00.898+01:00 INFO : Filtering template 78/96 segment 2/5
2026-09-06T20:08:00.958+01:00 INFO : Filtering template 78/96 segment 3/5
2026-09-06T20:08:01.017+01:00 INFO : Filtering template 78/96 segment 4/5
2026-09-06T20:08:01.077+01:00 INFO : 1 points above threshold
2026-09-06T20:08:01.095+01:00 INFO : Filtering template 78/96 segment 5/5
2026-09-06T20:08:01.155+01:00 INFO : 78: generating IMRPhenomD from 30.0 Hz
2026-09-06T20:08:01.158+01:00 INFO : Decompressing waveform using inline_linear
2026-09-06T20:08:01.436+01:00 INFO : Filtering template 79/96 segment 1/5
2026-09-06T20:08:01.505+01:00 INFO : 2 points above threshold
2026-09-06T20:08:01.525+01:00 INFO : Filtering template 79/96 segment 2/5
2026-09-06T20:08:01.585+01:00 INFO : Filtering template 79/96 segment 3/5
2026-09-06T20:08:01.644+01:00 INFO : 1 points above threshold
2026-09-06T20:08:01.650+01:00 INFO : Filtering template 79/96 segment 4/5
2026-09-06T20:08:01.709+01:00 INFO : 1 points above threshold
2026-09-06T20:08:01.715+01:00 INFO : Filtering template 79/96 segment 5/5
2026-09-06T20:08:01.774+01:00 INFO : 3 points above threshold
2026-09-06T20:08:01.785+01:00 INFO : 79: generating IMRPhenomD from 30.0 Hz
2026-09-06T20:08:01.787+01:00 INFO : Decompressing waveform using inline_linear
2026-09-06T20:08:02.072+01:00 INFO : Filtering template 80/96 segment 1/5
2026-09-06T20:08:02.142+01:00 INFO : 2 points above threshold
2026-09-06T20:08:02.162+01:00 INFO : Filtering template 80/96 segment 2/5
2026-09-06T20:08:02.221+01:00 INFO : 1 points above threshold
2026-09-06T20:08:02.227+01:00 INFO : Filtering template 80/96 segment 3/5
2026-09-06T20:08:02.287+01:00 INFO : 1 points above threshold
2026-09-06T20:08:02.293+01:00 INFO : Filtering template 80/96 segment 4/5
2026-09-06T20:08:02.352+01:00 INFO : Filtering template 80/96 segment 5/5
2026-09-06T20:08:02.411+01:00 INFO : 1 points above threshold
2026-09-06T20:08:02.418+01:00 INFO : 80: generating IMRPhenomD from 30.0 Hz
2026-09-06T20:08:02.420+01:00 INFO : Decompressing waveform using inline_linear
2026-09-06T20:08:02.714+01:00 INFO : Filtering template 81/96 segment 1/5
2026-09-06T20:08:02.783+01:00 INFO : 1 points above threshold
2026-09-06T20:08:02.801+01:00 INFO : Filtering template 81/96 segment 2/5
2026-09-06T20:08:02.861+01:00 INFO : 2 points above threshold
2026-09-06T20:08:02.868+01:00 INFO : Filtering template 81/96 segment 3/5
2026-09-06T20:08:02.928+01:00 INFO : 1 points above threshold
2026-09-06T20:08:02.934+01:00 INFO : Filtering template 81/96 segment 4/5
2026-09-06T20:08:02.993+01:00 INFO : Filtering template 81/96 segment 5/5
2026-09-06T20:08:03.053+01:00 INFO : 1 points above threshold
2026-09-06T20:08:03.059+01:00 INFO : 81: generating IMRPhenomD from 30.0 Hz
2026-09-06T20:08:03.061+01:00 INFO : Decompressing waveform using inline_linear
2026-09-06T20:08:03.361+01:00 INFO : Filtering template 82/96 segment 1/5
2026-09-06T20:08:03.430+01:00 INFO : Filtering template 82/96 segment 2/5
2026-09-06T20:08:03.489+01:00 INFO : 2 points above threshold
2026-09-06T20:08:03.515+01:00 INFO : Filtering template 82/96 segment 3/5
2026-09-06T20:08:03.574+01:00 INFO : 1 points above threshold
2026-09-06T20:08:03.580+01:00 INFO : Filtering template 82/96 segment 4/5
2026-09-06T20:08:03.639+01:00 INFO : Filtering template 82/96 segment 5/5
2026-09-06T20:08:03.698+01:00 INFO : 82: generating IMRPhenomD from 30.0 Hz
2026-09-06T20:08:03.701+01:00 INFO : Decompressing waveform using inline_linear
2026-09-06T20:08:03.994+01:00 INFO : Filtering template 83/96 segment 1/5
2026-09-06T20:08:04.064+01:00 INFO : 1 points above threshold
2026-09-06T20:08:04.093+01:00 INFO : Filtering template 83/96 segment 2/5
2026-09-06T20:08:04.152+01:00 INFO : 2 points above threshold
2026-09-06T20:08:04.160+01:00 INFO : Filtering template 83/96 segment 3/5
2026-09-06T20:08:04.219+01:00 INFO : 2 points above threshold
2026-09-06T20:08:04.227+01:00 INFO : Filtering template 83/96 segment 4/5
2026-09-06T20:08:04.286+01:00 INFO : 3 points above threshold
2026-09-06T20:08:04.296+01:00 INFO : Filtering template 83/96 segment 5/5
2026-09-06T20:08:04.355+01:00 INFO : 3 points above threshold
2026-09-06T20:08:04.366+01:00 INFO : 83: generating IMRPhenomD from 30.0 Hz
2026-09-06T20:08:04.368+01:00 INFO : Decompressing waveform using inline_linear
2026-09-06T20:08:04.669+01:00 INFO : Filtering template 84/96 segment 1/5
2026-09-06T20:08:04.747+01:00 INFO : Filtering template 84/96 segment 2/5
2026-09-06T20:08:04.806+01:00 INFO : Filtering template 84/96 segment 3/5
2026-09-06T20:08:04.866+01:00 INFO : 1 points above threshold
2026-09-06T20:08:04.893+01:00 INFO : Filtering template 84/96 segment 4/5
2026-09-06T20:08:04.952+01:00 INFO : 3 points above threshold
2026-09-06T20:08:04.962+01:00 INFO : Filtering template 84/96 segment 5/5
2026-09-06T20:08:05.021+01:00 INFO : 84: generating IMRPhenomD from 30.0 Hz
2026-09-06T20:08:05.024+01:00 INFO : Decompressing waveform using inline_linear
2026-09-06T20:08:05.326+01:00 INFO : Filtering template 85/96 segment 1/5
2026-09-06T20:08:05.409+01:00 INFO : 1 points above threshold
2026-09-06T20:08:05.436+01:00 INFO : Filtering template 85/96 segment 2/5
2026-09-06T20:08:05.499+01:00 INFO : 2 points above threshold
2026-09-06T20:08:05.508+01:00 INFO : Filtering template 85/96 segment 3/5
2026-09-06T20:08:05.568+01:00 INFO : 1 points above threshold
2026-09-06T20:08:05.574+01:00 INFO : Filtering template 85/96 segment 4/5
2026-09-06T20:08:05.633+01:00 INFO : 3 points above threshold
2026-09-06T20:08:05.643+01:00 INFO : Filtering template 85/96 segment 5/5
2026-09-06T20:08:05.702+01:00 INFO : 2 points above threshold
2026-09-06T20:08:05.711+01:00 INFO : 85: generating IMRPhenomD from 30.0 Hz
2026-09-06T20:08:05.713+01:00 INFO : Decompressing waveform using inline_linear
2026-09-06T20:08:06.014+01:00 INFO : Filtering template 86/96 segment 1/5
2026-09-06T20:08:06.096+01:00 INFO : 2 points above threshold
2026-09-06T20:08:06.125+01:00 INFO : Filtering template 86/96 segment 2/5
2026-09-06T20:08:06.184+01:00 INFO : 2 points above threshold
2026-09-06T20:08:06.192+01:00 INFO : Filtering template 86/96 segment 3/5
2026-09-06T20:08:06.251+01:00 INFO : 1 points above threshold
2026-09-06T20:08:06.257+01:00 INFO : Filtering template 86/96 segment 4/5
2026-09-06T20:08:06.316+01:00 INFO : 1 points above threshold
2026-09-06T20:08:06.322+01:00 INFO : Filtering template 86/96 segment 5/5
2026-09-06T20:08:06.381+01:00 INFO : 2 points above threshold
2026-09-06T20:08:06.389+01:00 INFO : 86: generating IMRPhenomD from 30.0 Hz
2026-09-06T20:08:06.392+01:00 INFO : Decompressing waveform using inline_linear
2026-09-06T20:08:06.693+01:00 INFO : Filtering template 87/96 segment 1/5
2026-09-06T20:08:06.775+01:00 INFO : 1 points above threshold
2026-09-06T20:08:06.802+01:00 INFO : Filtering template 87/96 segment 2/5
2026-09-06T20:08:06.861+01:00 INFO : 2 points above threshold
2026-09-06T20:08:06.869+01:00 INFO : Filtering template 87/96 segment 3/5
2026-09-06T20:08:06.928+01:00 INFO : 1 points above threshold
2026-09-06T20:08:06.934+01:00 INFO : Filtering template 87/96 segment 4/5
2026-09-06T20:08:06.993+01:00 INFO : 1 points above threshold
2026-09-06T20:08:06.999+01:00 INFO : Filtering template 87/96 segment 5/5
2026-09-06T20:08:07.058+01:00 INFO : 1 points above threshold
2026-09-06T20:08:07.065+01:00 INFO : 87: generating IMRPhenomD from 30.0 Hz
2026-09-06T20:08:07.067+01:00 INFO : Decompressing waveform using inline_linear
2026-09-06T20:08:07.291+01:00 INFO : Filtering template 88/96 segment 1/5
2026-09-06T20:08:07.361+01:00 INFO : 2 points above threshold
2026-09-06T20:08:07.381+01:00 INFO : Filtering template 88/96 segment 2/5
2026-09-06T20:08:07.440+01:00 INFO : 1 points above threshold
2026-09-06T20:08:07.446+01:00 INFO : Filtering template 88/96 segment 3/5
2026-09-06T20:08:07.506+01:00 INFO : Filtering template 88/96 segment 4/5
2026-09-06T20:08:07.565+01:00 INFO : Filtering template 88/96 segment 5/5
2026-09-06T20:08:07.624+01:00 INFO : 2 points above threshold
2026-09-06T20:08:07.633+01:00 INFO : 88: generating IMRPhenomD from 30.0 Hz
2026-09-06T20:08:07.635+01:00 INFO : Decompressing waveform using inline_linear
2026-09-06T20:08:07.868+01:00 INFO : Filtering template 89/96 segment 1/5
2026-09-06T20:08:07.938+01:00 INFO : 2 points above threshold
2026-09-06T20:08:07.959+01:00 INFO : Filtering template 89/96 segment 2/5
2026-09-06T20:08:08.018+01:00 INFO : 1 points above threshold
2026-09-06T20:08:08.024+01:00 INFO : Filtering template 89/96 segment 3/5
2026-09-06T20:08:08.083+01:00 INFO : 2 points above threshold
2026-09-06T20:08:08.091+01:00 INFO : Filtering template 89/96 segment 4/5
2026-09-06T20:08:08.150+01:00 INFO : Filtering template 89/96 segment 5/5
2026-09-06T20:08:08.210+01:00 INFO : 89: generating IMRPhenomD from 30.0 Hz
2026-09-06T20:08:08.213+01:00 INFO : Decompressing waveform using inline_linear
2026-09-06T20:08:08.448+01:00 INFO : Filtering template 90/96 segment 1/5
2026-09-06T20:08:08.518+01:00 INFO : Filtering template 90/96 segment 2/5
2026-09-06T20:08:08.577+01:00 INFO : 1 points above threshold
2026-09-06T20:08:08.597+01:00 INFO : Filtering template 90/96 segment 3/5
2026-09-06T20:08:08.656+01:00 INFO : 3 points above threshold
2026-09-06T20:08:08.666+01:00 INFO : Filtering template 90/96 segment 4/5
2026-09-06T20:08:08.725+01:00 INFO : Filtering template 90/96 segment 5/5
2026-09-06T20:08:08.785+01:00 INFO : 1 points above threshold
2026-09-06T20:08:08.791+01:00 INFO : 90: generating IMRPhenomD from 30.0 Hz
2026-09-06T20:08:08.793+01:00 INFO : Decompressing waveform using inline_linear
2026-09-06T20:08:09.034+01:00 INFO : Filtering template 91/96 segment 1/5
2026-09-06T20:08:09.104+01:00 INFO : Filtering template 91/96 segment 2/5
2026-09-06T20:08:09.163+01:00 INFO : 2 points above threshold
2026-09-06T20:08:09.183+01:00 INFO : Filtering template 91/96 segment 3/5
2026-09-06T20:08:09.243+01:00 INFO : 3 points above threshold
2026-09-06T20:08:09.253+01:00 INFO : Filtering template 91/96 segment 4/5
2026-09-06T20:08:09.312+01:00 INFO : Filtering template 91/96 segment 5/5
2026-09-06T20:08:09.371+01:00 INFO : 1 points above threshold
2026-09-06T20:08:09.377+01:00 INFO : 91: generating IMRPhenomD from 30.0 Hz
2026-09-06T20:08:09.380+01:00 INFO : Decompressing waveform using inline_linear
2026-09-06T20:08:09.632+01:00 INFO : Filtering template 92/96 segment 1/5
2026-09-06T20:08:09.701+01:00 INFO : 2 points above threshold
2026-09-06T20:08:09.722+01:00 INFO : Filtering template 92/96 segment 2/5
2026-09-06T20:08:09.781+01:00 INFO : 1 points above threshold
2026-09-06T20:08:09.787+01:00 INFO : Filtering template 92/96 segment 3/5
2026-09-06T20:08:09.846+01:00 INFO : 2 points above threshold
2026-09-06T20:08:09.854+01:00 INFO : Filtering template 92/96 segment 4/5
2026-09-06T20:08:09.913+01:00 INFO : 1 points above threshold
2026-09-06T20:08:09.919+01:00 INFO : Filtering template 92/96 segment 5/5
2026-09-06T20:08:09.979+01:00 INFO : 1 points above threshold
2026-09-06T20:08:09.985+01:00 INFO : 92: generating IMRPhenomD from 30.0 Hz
2026-09-06T20:08:09.988+01:00 INFO : Decompressing waveform using inline_linear
2026-09-06T20:08:10.240+01:00 INFO : Filtering template 93/96 segment 1/5
2026-09-06T20:08:10.310+01:00 INFO : Filtering template 93/96 segment 2/5
2026-09-06T20:08:10.370+01:00 INFO : 3 points above threshold
2026-09-06T20:08:10.392+01:00 INFO : Filtering template 93/96 segment 3/5
2026-09-06T20:08:10.452+01:00 INFO : 3 points above threshold
2026-09-06T20:08:10.462+01:00 INFO : Filtering template 93/96 segment 4/5
2026-09-06T20:08:10.521+01:00 INFO : 1 points above threshold
2026-09-06T20:08:10.527+01:00 INFO : Filtering template 93/96 segment 5/5
2026-09-06T20:08:10.588+01:00 INFO : 1 points above threshold
2026-09-06T20:08:10.595+01:00 INFO : 93: generating IMRPhenomD from 30.0 Hz
2026-09-06T20:08:10.598+01:00 INFO : Decompressing waveform using inline_linear
2026-09-06T20:08:10.864+01:00 INFO : Filtering template 94/96 segment 1/5
2026-09-06T20:08:10.934+01:00 INFO : 1 points above threshold
2026-09-06T20:08:10.952+01:00 INFO : Filtering template 94/96 segment 2/5
2026-09-06T20:08:11.012+01:00 INFO : 2 points above threshold
2026-09-06T20:08:11.019+01:00 INFO : Filtering template 94/96 segment 3/5
2026-09-06T20:08:11.079+01:00 INFO : 4 points above threshold
2026-09-06T20:08:11.088+01:00 INFO : Filtering template 94/96 segment 4/5
2026-09-06T20:08:11.147+01:00 INFO : Filtering template 94/96 segment 5/5
2026-09-06T20:08:11.207+01:00 INFO : 2 points above threshold
2026-09-06T20:08:11.215+01:00 INFO : 94: generating IMRPhenomD from 30.0 Hz
2026-09-06T20:08:11.217+01:00 INFO : Decompressing waveform using inline_linear
2026-09-06T20:08:11.483+01:00 INFO : Filtering template 95/96 segment 1/5
2026-09-06T20:08:11.552+01:00 INFO : 3 points above threshold
2026-09-06T20:08:11.575+01:00 INFO : Filtering template 95/96 segment 2/5
2026-09-06T20:08:11.634+01:00 INFO : 2 points above threshold
2026-09-06T20:08:11.642+01:00 INFO : Filtering template 95/96 segment 3/5
2026-09-06T20:08:11.701+01:00 INFO : 2 points above threshold
2026-09-06T20:08:11.709+01:00 INFO : Filtering template 95/96 segment 4/5
2026-09-06T20:08:11.768+01:00 INFO : 1 points above threshold
2026-09-06T20:08:11.774+01:00 INFO : Filtering template 95/96 segment 5/5
2026-09-06T20:08:11.834+01:00 INFO : 95: generating IMRPhenomD from 30.0 Hz
2026-09-06T20:08:11.836+01:00 INFO : Decompressing waveform using inline_linear
2026-09-06T20:08:12.101+01:00 INFO : Filtering template 96/96 segment 1/5
2026-09-06T20:08:12.171+01:00 INFO : 2 points above threshold
2026-09-06T20:08:12.192+01:00 INFO : Filtering template 96/96 segment 2/5
2026-09-06T20:08:12.251+01:00 INFO : Filtering template 96/96 segment 3/5
2026-09-06T20:08:12.310+01:00 INFO : Filtering template 96/96 segment 4/5
2026-09-06T20:08:12.370+01:00 INFO : 1 points above threshold
2026-09-06T20:08:12.376+01:00 INFO : Filtering template 96/96 segment 5/5
2026-09-06T20:08:12.435+01:00 INFO : We currently have 527 triggers
2026-09-06T20:08:12.435+01:00 INFO : Removing triggers with NewSNR below threshold
2026-09-06T20:08:12.436+01:00 INFO : 475 remaining triggers
2026-09-06T20:08:12.436+01:00 INFO : Outputting 475 triggers
2026-09-06T20:08:12.436+01:00 INFO : Writing out triggers
2026-09-06T20:08:12.446+01:00 INFO : Finished
