2026-09-06T20:08:40.576+01:00 INFO : Running with CPU support: 1 threads
2026-09-06T20:08:40.576+01:00 INFO : Reading Frames
2026-09-06T20:08:47.267+01:00 INFO : Highpass Filtering
2026-09-06T20:08:47.719+01:00 INFO : Resampling data
2026-09-06T20:08:47.731+01:00 INFO : Converting to float32
/home/xangma/pycbc-torch-inspiral-reference-20260906/source-v5/pycbc/types/array.py:872: RuntimeWarning: divide by zero encountered in divide
  return self._data.__rtruediv__(other)
2026-09-06T20:08:52.981+01:00 INFO : Highpass Filtering
2026-09-06T20:08:53.423+01:00 INFO : Remove Padding
2026-09-06T20:08:53.448+01:00 INFO : Making frequency-domain data segments
2026-09-06T20:08:55.990+01:00 INFO : Overwhitening frequency-domain data segments
2026-09-06T20:08:56.011+01:00 INFO : Read in template bank
2026-09-06T20:08:56.041+01:00 INFO : Full template bank size: 96
2026-09-06T20:08:56.042+01:00 INFO : Template bank size after thinning: 96
2026-09-06T20:08:56.042+01:00 INFO : 0: generating IMRPhenomD from 30.0 Hz
2026-09-06T20:08:56.045+01:00 INFO : Decompressing waveform using inline_linear
2026-09-06T20:08:56.052+01:00 INFO : Filtering template 1/96 segment 1/5
2026-09-06T20:08:56.098+01:00 INFO : 1 points above threshold
2026-09-06T20:08:56.123+01:00 INFO : Filtering template 1/96 segment 2/5
2026-09-06T20:08:56.141+01:00 INFO : Filtering template 1/96 segment 3/5
2026-09-06T20:08:56.159+01:00 INFO : 1 points above threshold
2026-09-06T20:08:56.164+01:00 INFO : Filtering template 1/96 segment 4/5
2026-09-06T20:08:56.182+01:00 INFO : Filtering template 1/96 segment 5/5
2026-09-06T20:08:56.200+01:00 INFO : 1 points above threshold
2026-09-06T20:08:56.205+01:00 INFO : 1: generating IMRPhenomD from 30.0 Hz
2026-09-06T20:08:56.208+01:00 INFO : Decompressing waveform using inline_linear
2026-09-06T20:08:56.214+01:00 INFO : Filtering template 2/96 segment 1/5
2026-09-06T20:08:56.234+01:00 INFO : 1 points above threshold
2026-09-06T20:08:56.251+01:00 INFO : Filtering template 2/96 segment 2/5
2026-09-06T20:08:56.268+01:00 INFO : 1 points above threshold
2026-09-06T20:08:56.274+01:00 INFO : Filtering template 2/96 segment 3/5
2026-09-06T20:08:56.291+01:00 INFO : 2 points above threshold
2026-09-06T20:08:56.299+01:00 INFO : Filtering template 2/96 segment 4/5
2026-09-06T20:08:56.316+01:00 INFO : Filtering template 2/96 segment 5/5
2026-09-06T20:08:56.334+01:00 INFO : 1 points above threshold
2026-09-06T20:08:56.340+01:00 INFO : 2: generating IMRPhenomD from 30.0 Hz
2026-09-06T20:08:56.343+01:00 INFO : Decompressing waveform using inline_linear
2026-09-06T20:08:56.348+01:00 INFO : Filtering template 3/96 segment 1/5
2026-09-06T20:08:56.368+01:00 INFO : 3 points above threshold
2026-09-06T20:08:56.388+01:00 INFO : Filtering template 3/96 segment 2/5
2026-09-06T20:08:56.406+01:00 INFO : Filtering template 3/96 segment 3/5
2026-09-06T20:08:56.425+01:00 INFO : 1 points above threshold
2026-09-06T20:08:56.431+01:00 INFO : Filtering template 3/96 segment 4/5
2026-09-06T20:08:56.450+01:00 INFO : 1 points above threshold
2026-09-06T20:08:56.455+01:00 INFO : Filtering template 3/96 segment 5/5
2026-09-06T20:08:56.475+01:00 INFO : 3: generating IMRPhenomD from 30.0 Hz
2026-09-06T20:08:56.479+01:00 INFO : Decompressing waveform using inline_linear
2026-09-06T20:08:56.484+01:00 INFO : Filtering template 4/96 segment 1/5
2026-09-06T20:08:56.505+01:00 INFO : 1 points above threshold
2026-09-06T20:08:56.523+01:00 INFO : Filtering template 4/96 segment 2/5
2026-09-06T20:08:56.540+01:00 INFO : 1 points above threshold
2026-09-06T20:08:56.546+01:00 INFO : Filtering template 4/96 segment 3/5
2026-09-06T20:08:56.563+01:00 INFO : 2 points above threshold
2026-09-06T20:08:56.571+01:00 INFO : Filtering template 4/96 segment 4/5
2026-09-06T20:08:56.588+01:00 INFO : 2 points above threshold
2026-09-06T20:08:56.595+01:00 INFO : Filtering template 4/96 segment 5/5
2026-09-06T20:08:56.613+01:00 INFO : 2 points above threshold
2026-09-06T20:08:56.620+01:00 INFO : 4: generating IMRPhenomD from 30.0 Hz
2026-09-06T20:08:56.623+01:00 INFO : Decompressing waveform using inline_linear
2026-09-06T20:08:56.628+01:00 INFO : Filtering template 5/96 segment 1/5
2026-09-06T20:08:56.648+01:00 INFO : 1 points above threshold
2026-09-06T20:08:56.664+01:00 INFO : Filtering template 5/96 segment 2/5
2026-09-06T20:08:56.682+01:00 INFO : 2 points above threshold
2026-09-06T20:08:56.689+01:00 INFO : Filtering template 5/96 segment 3/5
2026-09-06T20:08:56.707+01:00 INFO : 2 points above threshold
2026-09-06T20:08:56.714+01:00 INFO : Filtering template 5/96 segment 4/5
2026-09-06T20:08:56.732+01:00 INFO : 2 points above threshold
2026-09-06T20:08:56.740+01:00 INFO : Filtering template 5/96 segment 5/5
2026-09-06T20:08:56.758+01:00 INFO : 5: generating IMRPhenomD from 30.0 Hz
2026-09-06T20:08:56.761+01:00 INFO : Decompressing waveform using inline_linear
2026-09-06T20:08:56.766+01:00 INFO : Filtering template 6/96 segment 1/5
2026-09-06T20:08:56.786+01:00 INFO : 1 points above threshold
2026-09-06T20:08:56.802+01:00 INFO : Filtering template 6/96 segment 2/5
2026-09-06T20:08:56.820+01:00 INFO : Filtering template 6/96 segment 3/5
2026-09-06T20:08:56.837+01:00 INFO : Filtering template 6/96 segment 4/5
2026-09-06T20:08:56.855+01:00 INFO : Filtering template 6/96 segment 5/5
2026-09-06T20:08:56.873+01:00 INFO : 1 points above threshold
2026-09-06T20:08:56.878+01:00 INFO : 6: generating IMRPhenomD from 30.0 Hz
2026-09-06T20:08:56.881+01:00 INFO : Decompressing waveform using inline_linear
2026-09-06T20:08:56.886+01:00 INFO : Filtering template 7/96 segment 1/5
2026-09-06T20:08:56.907+01:00 INFO : 2 points above threshold
2026-09-06T20:08:56.924+01:00 INFO : Filtering template 7/96 segment 2/5
2026-09-06T20:08:56.942+01:00 INFO : Filtering template 7/96 segment 3/5
2026-09-06T20:08:56.960+01:00 INFO : Filtering template 7/96 segment 4/5
2026-09-06T20:08:56.978+01:00 INFO : 1 points above threshold
2026-09-06T20:08:56.983+01:00 INFO : Filtering template 7/96 segment 5/5
2026-09-06T20:08:57.001+01:00 INFO : 7: generating IMRPhenomD from 30.0 Hz
2026-09-06T20:08:57.004+01:00 INFO : Decompressing waveform using inline_linear
2026-09-06T20:08:57.009+01:00 INFO : Filtering template 8/96 segment 1/5
2026-09-06T20:08:57.029+01:00 INFO : 2 points above threshold
2026-09-06T20:08:57.047+01:00 INFO : Filtering template 8/96 segment 2/5
2026-09-06T20:08:57.064+01:00 INFO : 1 points above threshold
2026-09-06T20:08:57.070+01:00 INFO : Filtering template 8/96 segment 3/5
2026-09-06T20:08:57.087+01:00 INFO : 4 points above threshold
2026-09-06T20:08:57.096+01:00 INFO : Filtering template 8/96 segment 4/5
2026-09-06T20:08:57.114+01:00 INFO : Filtering template 8/96 segment 5/5
2026-09-06T20:08:57.132+01:00 INFO : 8: generating IMRPhenomD from 30.0 Hz
2026-09-06T20:08:57.135+01:00 INFO : Decompressing waveform using inline_linear
2026-09-06T20:08:57.140+01:00 INFO : Filtering template 9/96 segment 1/5
2026-09-06T20:08:57.160+01:00 INFO : Filtering template 9/96 segment 2/5
2026-09-06T20:08:57.178+01:00 INFO : 1 points above threshold
2026-09-06T20:08:57.193+01:00 INFO : Filtering template 9/96 segment 3/5
2026-09-06T20:08:57.211+01:00 INFO : 2 points above threshold
2026-09-06T20:08:57.218+01:00 INFO : Filtering template 9/96 segment 4/5
2026-09-06T20:08:57.236+01:00 INFO : 1 points above threshold
2026-09-06T20:08:57.241+01:00 INFO : Filtering template 9/96 segment 5/5
2026-09-06T20:08:57.259+01:00 INFO : 3 points above threshold
2026-09-06T20:08:57.268+01:00 INFO : 9: generating IMRPhenomD from 30.0 Hz
2026-09-06T20:08:57.271+01:00 INFO : Decompressing waveform using inline_linear
2026-09-06T20:08:57.276+01:00 INFO : Filtering template 10/96 segment 1/5
2026-09-06T20:08:57.296+01:00 INFO : 1 points above threshold
2026-09-06T20:08:57.312+01:00 INFO : Filtering template 10/96 segment 2/5
2026-09-06T20:08:57.330+01:00 INFO : 1 points above threshold
2026-09-06T20:08:57.335+01:00 INFO : Filtering template 10/96 segment 3/5
2026-09-06T20:08:57.353+01:00 INFO : Filtering template 10/96 segment 4/5
2026-09-06T20:08:57.370+01:00 INFO : 2 points above threshold
2026-09-06T20:08:57.377+01:00 INFO : Filtering template 10/96 segment 5/5
2026-09-06T20:08:57.395+01:00 INFO : 1 points above threshold
2026-09-06T20:08:57.401+01:00 INFO : 10: generating IMRPhenomD from 30.0 Hz
2026-09-06T20:08:57.404+01:00 INFO : Decompressing waveform using inline_linear
2026-09-06T20:08:57.409+01:00 INFO : Filtering template 11/96 segment 1/5
2026-09-06T20:08:57.429+01:00 INFO : 4 points above threshold
2026-09-06T20:08:57.448+01:00 INFO : Filtering template 11/96 segment 2/5
2026-09-06T20:08:57.465+01:00 INFO : 2 points above threshold
2026-09-06T20:08:57.472+01:00 INFO : Filtering template 11/96 segment 3/5
2026-09-06T20:08:57.490+01:00 INFO : 1 points above threshold
2026-09-06T20:08:57.495+01:00 INFO : Filtering template 11/96 segment 4/5
2026-09-06T20:08:57.513+01:00 INFO : Filtering template 11/96 segment 5/5
2026-09-06T20:08:57.531+01:00 INFO : 11: generating IMRPhenomD from 30.0 Hz
2026-09-06T20:08:57.534+01:00 INFO : Decompressing waveform using inline_linear
2026-09-06T20:08:57.539+01:00 INFO : Filtering template 12/96 segment 1/5
2026-09-06T20:08:57.559+01:00 INFO : 1 points above threshold
2026-09-06T20:08:57.575+01:00 INFO : Filtering template 12/96 segment 2/5
2026-09-06T20:08:57.592+01:00 INFO : 1 points above threshold
2026-09-06T20:08:57.598+01:00 INFO : Filtering template 12/96 segment 3/5
2026-09-06T20:08:57.615+01:00 INFO : 1 points above threshold
2026-09-06T20:08:57.621+01:00 INFO : Filtering template 12/96 segment 4/5
2026-09-06T20:08:57.638+01:00 INFO : 3 points above threshold
2026-09-06T20:08:57.648+01:00 INFO : Filtering template 12/96 segment 5/5
2026-09-06T20:08:57.666+01:00 INFO : 12: generating IMRPhenomD from 30.0 Hz
2026-09-06T20:08:57.669+01:00 INFO : Decompressing waveform using inline_linear
2026-09-06T20:08:57.674+01:00 INFO : Filtering template 13/96 segment 1/5
2026-09-06T20:08:57.694+01:00 INFO : Filtering template 13/96 segment 2/5
2026-09-06T20:08:57.712+01:00 INFO : 4 points above threshold
2026-09-06T20:08:57.731+01:00 INFO : Filtering template 13/96 segment 3/5
2026-09-06T20:08:57.748+01:00 INFO : Filtering template 13/96 segment 4/5
2026-09-06T20:08:57.766+01:00 INFO : Filtering template 13/96 segment 5/5
2026-09-06T20:08:57.783+01:00 INFO : 1 points above threshold
2026-09-06T20:08:57.789+01:00 INFO : 13: generating IMRPhenomD from 30.0 Hz
2026-09-06T20:08:57.792+01:00 INFO : Decompressing waveform using inline_linear
2026-09-06T20:08:57.797+01:00 INFO : Filtering template 14/96 segment 1/5
2026-09-06T20:08:57.817+01:00 INFO : 1 points above threshold
2026-09-06T20:08:57.833+01:00 INFO : Filtering template 14/96 segment 2/5
2026-09-06T20:08:57.850+01:00 INFO : 2 points above threshold
2026-09-06T20:08:57.857+01:00 INFO : Filtering template 14/96 segment 3/5
2026-09-06T20:08:57.875+01:00 INFO : 3 points above threshold
2026-09-06T20:08:57.885+01:00 INFO : Filtering template 14/96 segment 4/5
2026-09-06T20:08:57.902+01:00 INFO : 2 points above threshold
2026-09-06T20:08:57.910+01:00 INFO : Filtering template 14/96 segment 5/5
2026-09-06T20:08:57.927+01:00 INFO : 14: generating IMRPhenomD from 30.0 Hz
2026-09-06T20:08:57.937+01:00 INFO : Decompressing waveform using inline_linear
2026-09-06T20:08:57.942+01:00 INFO : Filtering template 15/96 segment 1/5
2026-09-06T20:08:57.964+01:00 INFO : 1 points above threshold
2026-09-06T20:08:57.986+01:00 INFO : Filtering template 15/96 segment 2/5
2026-09-06T20:08:58.003+01:00 INFO : Filtering template 15/96 segment 3/5
2026-09-06T20:08:58.021+01:00 INFO : 1 points above threshold
2026-09-06T20:08:58.026+01:00 INFO : Filtering template 15/96 segment 4/5
2026-09-06T20:08:58.044+01:00 INFO : 1 points above threshold
2026-09-06T20:08:58.049+01:00 INFO : Filtering template 15/96 segment 5/5
2026-09-06T20:08:58.067+01:00 INFO : 3 points above threshold
2026-09-06T20:08:58.076+01:00 INFO : 15: generating IMRPhenomD from 30.0 Hz
2026-09-06T20:08:58.079+01:00 INFO : Decompressing waveform using inline_linear
2026-09-06T20:08:58.084+01:00 INFO : Filtering template 16/96 segment 1/5
2026-09-06T20:08:58.105+01:00 INFO : 1 points above threshold
2026-09-06T20:08:58.121+01:00 INFO : Filtering template 16/96 segment 2/5
2026-09-06T20:08:58.139+01:00 INFO : 2 points above threshold
2026-09-06T20:08:58.146+01:00 INFO : Filtering template 16/96 segment 3/5
2026-09-06T20:08:58.164+01:00 INFO : 3 points above threshold
2026-09-06T20:08:58.173+01:00 INFO : Filtering template 16/96 segment 4/5
2026-09-06T20:08:58.190+01:00 INFO : 2 points above threshold
2026-09-06T20:08:58.198+01:00 INFO : Filtering template 16/96 segment 5/5
2026-09-06T20:08:58.216+01:00 INFO : 16: generating IMRPhenomD from 30.0 Hz
2026-09-06T20:08:58.219+01:00 INFO : Decompressing waveform using inline_linear
2026-09-06T20:08:58.224+01:00 INFO : Filtering template 17/96 segment 1/5
2026-09-06T20:08:58.244+01:00 INFO : 2 points above threshold
2026-09-06T20:08:58.261+01:00 INFO : Filtering template 17/96 segment 2/5
2026-09-06T20:08:58.279+01:00 INFO : 3 points above threshold
2026-09-06T20:08:58.288+01:00 INFO : Filtering template 17/96 segment 3/5
2026-09-06T20:08:58.306+01:00 INFO : Filtering template 17/96 segment 4/5
2026-09-06T20:08:58.323+01:00 INFO : 2 points above threshold
2026-09-06T20:08:58.330+01:00 INFO : Filtering template 17/96 segment 5/5
2026-09-06T20:08:58.348+01:00 INFO : 3 points above threshold
2026-09-06T20:08:58.358+01:00 INFO : 17: generating IMRPhenomD from 30.0 Hz
2026-09-06T20:08:58.361+01:00 INFO : Decompressing waveform using inline_linear
2026-09-06T20:08:58.366+01:00 INFO : Filtering template 18/96 segment 1/5
2026-09-06T20:08:58.386+01:00 INFO : Filtering template 18/96 segment 2/5
2026-09-06T20:08:58.404+01:00 INFO : Filtering template 18/96 segment 3/5
2026-09-06T20:08:58.421+01:00 INFO : 1 points above threshold
2026-09-06T20:08:58.437+01:00 INFO : Filtering template 18/96 segment 4/5
2026-09-06T20:08:58.455+01:00 INFO : Filtering template 18/96 segment 5/5
2026-09-06T20:08:58.472+01:00 INFO : 2 points above threshold
2026-09-06T20:08:58.480+01:00 INFO : 18: generating IMRPhenomD from 30.0 Hz
2026-09-06T20:08:58.483+01:00 INFO : Decompressing waveform using inline_linear
2026-09-06T20:08:58.488+01:00 INFO : Filtering template 19/96 segment 1/5
2026-09-06T20:08:58.508+01:00 INFO : 3 points above threshold
2026-09-06T20:08:58.527+01:00 INFO : Filtering template 19/96 segment 2/5
2026-09-06T20:08:58.545+01:00 INFO : 1 points above threshold
2026-09-06T20:08:58.550+01:00 INFO : Filtering template 19/96 segment 3/5
2026-09-06T20:08:58.568+01:00 INFO : 1 points above threshold
2026-09-06T20:08:58.574+01:00 INFO : Filtering template 19/96 segment 4/5
2026-09-06T20:08:58.591+01:00 INFO : 3 points above threshold
2026-09-06T20:08:58.601+01:00 INFO : Filtering template 19/96 segment 5/5
2026-09-06T20:08:58.618+01:00 INFO : 1 points above threshold
2026-09-06T20:08:58.624+01:00 INFO : 19: generating IMRPhenomD from 30.0 Hz
2026-09-06T20:08:58.627+01:00 INFO : Decompressing waveform using inline_linear
2026-09-06T20:08:58.632+01:00 INFO : Filtering template 20/96 segment 1/5
2026-09-06T20:08:58.652+01:00 INFO : 1 points above threshold
2026-09-06T20:08:58.668+01:00 INFO : Filtering template 20/96 segment 2/5
2026-09-06T20:08:58.686+01:00 INFO : 3 points above threshold
2026-09-06T20:08:58.695+01:00 INFO : Filtering template 20/96 segment 3/5
2026-09-06T20:08:58.713+01:00 INFO : Filtering template 20/96 segment 4/5
2026-09-06T20:08:58.730+01:00 INFO : 2 points above threshold
2026-09-06T20:08:58.738+01:00 INFO : Filtering template 20/96 segment 5/5
2026-09-06T20:08:58.756+01:00 INFO : 20: generating IMRPhenomD from 30.0 Hz
2026-09-06T20:08:58.759+01:00 INFO : Decompressing waveform using inline_linear
2026-09-06T20:08:58.764+01:00 INFO : Filtering template 21/96 segment 1/5
2026-09-06T20:08:58.784+01:00 INFO : 1 points above threshold
2026-09-06T20:08:58.802+01:00 INFO : Filtering template 21/96 segment 2/5
2026-09-06T20:08:58.820+01:00 INFO : 1 points above threshold
2026-09-06T20:08:58.825+01:00 INFO : Filtering template 21/96 segment 3/5
2026-09-06T20:08:58.843+01:00 INFO : 1 points above threshold
2026-09-06T20:08:58.848+01:00 INFO : Filtering template 21/96 segment 4/5
2026-09-06T20:08:58.866+01:00 INFO : Filtering template 21/96 segment 5/5
2026-09-06T20:08:58.884+01:00 INFO : 21: generating IMRPhenomD from 30.0 Hz
2026-09-06T20:08:58.887+01:00 INFO : Decompressing waveform using inline_linear
2026-09-06T20:08:58.892+01:00 INFO : Filtering template 22/96 segment 1/5
2026-09-06T20:08:58.912+01:00 INFO : 5 points above threshold
2026-09-06T20:08:58.934+01:00 INFO : Filtering template 22/96 segment 2/5
2026-09-06T20:08:58.952+01:00 INFO : Filtering template 22/96 segment 3/5
2026-09-06T20:08:58.970+01:00 INFO : Filtering template 22/96 segment 4/5
2026-09-06T20:08:58.987+01:00 INFO : 1 points above threshold
2026-09-06T20:08:58.993+01:00 INFO : Filtering template 22/96 segment 5/5
2026-09-06T20:08:59.010+01:00 INFO : 1 points above threshold
2026-09-06T20:08:59.016+01:00 INFO : 22: generating IMRPhenomD from 30.0 Hz
2026-09-06T20:08:59.019+01:00 INFO : Decompressing waveform using inline_linear
2026-09-06T20:08:59.024+01:00 INFO : Filtering template 23/96 segment 1/5
2026-09-06T20:08:59.044+01:00 INFO : 2 points above threshold
2026-09-06T20:08:59.062+01:00 INFO : Filtering template 23/96 segment 2/5
2026-09-06T20:08:59.079+01:00 INFO : 1 points above threshold
2026-09-06T20:08:59.084+01:00 INFO : Filtering template 23/96 segment 3/5
2026-09-06T20:08:59.102+01:00 INFO : 1 points above threshold
2026-09-06T20:08:59.107+01:00 INFO : Filtering template 23/96 segment 4/5
2026-09-06T20:08:59.125+01:00 INFO : Filtering template 23/96 segment 5/5
2026-09-06T20:08:59.143+01:00 INFO : 23: generating IMRPhenomD from 30.0 Hz
2026-09-06T20:08:59.146+01:00 INFO : Decompressing waveform using inline_linear
2026-09-06T20:08:59.151+01:00 INFO : Filtering template 24/96 segment 1/5
2026-09-06T20:08:59.171+01:00 INFO : 1 points above threshold
2026-09-06T20:08:59.187+01:00 INFO : Filtering template 24/96 segment 2/5
2026-09-06T20:08:59.204+01:00 INFO : 2 points above threshold
2026-09-06T20:08:59.212+01:00 INFO : Filtering template 24/96 segment 3/5
2026-09-06T20:08:59.229+01:00 INFO : 1 points above threshold
2026-09-06T20:08:59.234+01:00 INFO : Filtering template 24/96 segment 4/5
2026-09-06T20:08:59.252+01:00 INFO : Filtering template 24/96 segment 5/5
2026-09-06T20:08:59.270+01:00 INFO : 2 points above threshold
2026-09-06T20:08:59.278+01:00 INFO : 24: generating IMRPhenomD from 30.0 Hz
2026-09-06T20:08:59.281+01:00 INFO : Decompressing waveform using inline_linear
2026-09-06T20:08:59.286+01:00 INFO : Filtering template 25/96 segment 1/5
2026-09-06T20:08:59.306+01:00 INFO : 2 points above threshold
2026-09-06T20:08:59.323+01:00 INFO : Filtering template 25/96 segment 2/5
2026-09-06T20:08:59.341+01:00 INFO : Filtering template 25/96 segment 3/5
2026-09-06T20:08:59.358+01:00 INFO : Filtering template 25/96 segment 4/5
2026-09-06T20:08:59.376+01:00 INFO : Filtering template 25/96 segment 5/5
2026-09-06T20:08:59.394+01:00 INFO : 25: generating IMRPhenomD from 30.0 Hz
2026-09-06T20:08:59.397+01:00 INFO : Decompressing waveform using inline_linear
2026-09-06T20:08:59.402+01:00 INFO : Filtering template 26/96 segment 1/5
2026-09-06T20:08:59.422+01:00 INFO : Filtering template 26/96 segment 2/5
2026-09-06T20:08:59.440+01:00 INFO : 2 points above threshold
2026-09-06T20:08:59.458+01:00 INFO : Filtering template 26/96 segment 3/5
2026-09-06T20:08:59.475+01:00 INFO : Filtering template 26/96 segment 4/5
2026-09-06T20:08:59.493+01:00 INFO : 2 points above threshold
2026-09-06T20:08:59.500+01:00 INFO : Filtering template 26/96 segment 5/5
2026-09-06T20:08:59.518+01:00 INFO : 2 points above threshold
2026-09-06T20:08:59.525+01:00 INFO : 26: generating IMRPhenomD from 30.0 Hz
2026-09-06T20:08:59.528+01:00 INFO : Decompressing waveform using inline_linear
2026-09-06T20:08:59.533+01:00 INFO : Filtering template 27/96 segment 1/5
2026-09-06T20:08:59.553+01:00 INFO : 3 points above threshold
2026-09-06T20:08:59.573+01:00 INFO : Filtering template 27/96 segment 2/5
2026-09-06T20:08:59.590+01:00 INFO : Filtering template 27/96 segment 3/5
2026-09-06T20:08:59.608+01:00 INFO : 1 points above threshold
2026-09-06T20:08:59.613+01:00 INFO : Filtering template 27/96 segment 4/5
2026-09-06T20:08:59.631+01:00 INFO : Filtering template 27/96 segment 5/5
2026-09-06T20:08:59.649+01:00 INFO : 27: generating IMRPhenomD from 30.0 Hz
2026-09-06T20:08:59.652+01:00 INFO : Decompressing waveform using inline_linear
2026-09-06T20:08:59.657+01:00 INFO : Filtering template 28/96 segment 1/5
2026-09-06T20:08:59.677+01:00 INFO : 3 points above threshold
2026-09-06T20:08:59.697+01:00 INFO : Filtering template 28/96 segment 2/5
2026-09-06T20:08:59.714+01:00 INFO : 1 points above threshold
2026-09-06T20:08:59.720+01:00 INFO : Filtering template 28/96 segment 3/5
2026-09-06T20:08:59.737+01:00 INFO : 2 points above threshold
2026-09-06T20:08:59.744+01:00 INFO : Filtering template 28/96 segment 4/5
2026-09-06T20:08:59.762+01:00 INFO : 1 points above threshold
2026-09-06T20:08:59.768+01:00 INFO : Filtering template 28/96 segment 5/5
2026-09-06T20:08:59.785+01:00 INFO : 28: generating IMRPhenomD from 30.0 Hz
2026-09-06T20:08:59.788+01:00 INFO : Decompressing waveform using inline_linear
2026-09-06T20:08:59.794+01:00 INFO : Filtering template 29/96 segment 1/5
2026-09-06T20:08:59.813+01:00 INFO : 2 points above threshold
2026-09-06T20:08:59.831+01:00 INFO : Filtering template 29/96 segment 2/5
2026-09-06T20:08:59.849+01:00 INFO : 2 points above threshold
2026-09-06T20:08:59.856+01:00 INFO : Filtering template 29/96 segment 3/5
2026-09-06T20:08:59.873+01:00 INFO : 1 points above threshold
2026-09-06T20:08:59.879+01:00 INFO : Filtering template 29/96 segment 4/5
2026-09-06T20:08:59.897+01:00 INFO : 2 points above threshold
2026-09-06T20:08:59.904+01:00 INFO : Filtering template 29/96 segment 5/5
2026-09-06T20:08:59.921+01:00 INFO : 2 points above threshold
2026-09-06T20:08:59.929+01:00 INFO : 29: generating IMRPhenomD from 30.0 Hz
2026-09-06T20:08:59.932+01:00 INFO : Decompressing waveform using inline_linear
2026-09-06T20:08:59.937+01:00 INFO : Filtering template 30/96 segment 1/5
2026-09-06T20:08:59.957+01:00 INFO : 1 points above threshold
2026-09-06T20:08:59.972+01:00 INFO : Filtering template 30/96 segment 2/5
2026-09-06T20:08:59.990+01:00 INFO : 1 points above threshold
2026-09-06T20:08:59.995+01:00 INFO : Filtering template 30/96 segment 3/5
2026-09-06T20:09:00.013+01:00 INFO : 1 points above threshold
2026-09-06T20:09:00.018+01:00 INFO : Filtering template 30/96 segment 4/5
2026-09-06T20:09:00.036+01:00 INFO : Filtering template 30/96 segment 5/5
2026-09-06T20:09:00.054+01:00 INFO : 30: generating IMRPhenomD from 30.0 Hz
2026-09-06T20:09:00.057+01:00 INFO : Decompressing waveform using inline_linear
2026-09-06T20:09:00.062+01:00 INFO : Filtering template 31/96 segment 1/5
2026-09-06T20:09:00.082+01:00 INFO : Filtering template 31/96 segment 2/5
2026-09-06T20:09:00.100+01:00 INFO : 1 points above threshold
2026-09-06T20:09:00.115+01:00 INFO : Filtering template 31/96 segment 3/5
2026-09-06T20:09:00.133+01:00 INFO : Filtering template 31/96 segment 4/5
2026-09-06T20:09:00.150+01:00 INFO : 1 points above threshold
2026-09-06T20:09:00.155+01:00 INFO : Filtering template 31/96 segment 5/5
2026-09-06T20:09:00.173+01:00 INFO : 1 points above threshold
2026-09-06T20:09:00.179+01:00 INFO : 31: generating IMRPhenomD from 30.0 Hz
2026-09-06T20:09:00.182+01:00 INFO : Decompressing waveform using inline_linear
2026-09-06T20:09:00.187+01:00 INFO : Filtering template 32/96 segment 1/5
2026-09-06T20:09:00.206+01:00 INFO : Filtering template 32/96 segment 2/5
2026-09-06T20:09:00.224+01:00 INFO : Filtering template 32/96 segment 3/5
2026-09-06T20:09:00.242+01:00 INFO : Filtering template 32/96 segment 4/5
2026-09-06T20:09:00.260+01:00 INFO : 3 points above threshold
2026-09-06T20:09:00.279+01:00 INFO : Filtering template 32/96 segment 5/5
2026-09-06T20:09:00.297+01:00 INFO : 2 points above threshold
2026-09-06T20:09:00.304+01:00 INFO : 32: generating IMRPhenomD from 30.0 Hz
2026-09-06T20:09:00.307+01:00 INFO : Decompressing waveform using inline_linear
2026-09-06T20:09:00.312+01:00 INFO : Filtering template 33/96 segment 1/5
2026-09-06T20:09:00.332+01:00 INFO : 2 points above threshold
2026-09-06T20:09:00.349+01:00 INFO : Filtering template 33/96 segment 2/5
2026-09-06T20:09:00.367+01:00 INFO : Filtering template 33/96 segment 3/5
2026-09-06T20:09:00.385+01:00 INFO : Filtering template 33/96 segment 4/5
2026-09-06T20:09:00.402+01:00 INFO : 1 points above threshold
2026-09-06T20:09:00.407+01:00 INFO : Filtering template 33/96 segment 5/5
2026-09-06T20:09:00.425+01:00 INFO : 33: generating IMRPhenomD from 30.0 Hz
2026-09-06T20:09:00.428+01:00 INFO : Decompressing waveform using inline_linear
2026-09-06T20:09:00.433+01:00 INFO : Filtering template 34/96 segment 1/5
2026-09-06T20:09:00.453+01:00 INFO : Filtering template 34/96 segment 2/5
2026-09-06T20:09:00.471+01:00 INFO : 1 points above threshold
2026-09-06T20:09:00.486+01:00 INFO : Filtering template 34/96 segment 3/5
2026-09-06T20:09:00.504+01:00 INFO : 1 points above threshold
2026-09-06T20:09:00.509+01:00 INFO : Filtering template 34/96 segment 4/5
2026-09-06T20:09:00.527+01:00 INFO : Filtering template 34/96 segment 5/5
2026-09-06T20:09:00.545+01:00 INFO : 1 points above threshold
2026-09-06T20:09:00.550+01:00 INFO : 34: generating IMRPhenomD from 30.0 Hz
2026-09-06T20:09:00.553+01:00 INFO : Decompressing waveform using inline_linear
2026-09-06T20:09:00.558+01:00 INFO : Filtering template 35/96 segment 1/5
2026-09-06T20:09:00.578+01:00 INFO : 1 points above threshold
2026-09-06T20:09:00.594+01:00 INFO : Filtering template 35/96 segment 2/5
2026-09-06T20:09:00.611+01:00 INFO : 1 points above threshold
2026-09-06T20:09:00.616+01:00 INFO : Filtering template 35/96 segment 3/5
2026-09-06T20:09:00.634+01:00 INFO : 1 points above threshold
2026-09-06T20:09:00.639+01:00 INFO : Filtering template 35/96 segment 4/5
2026-09-06T20:09:00.657+01:00 INFO : Filtering template 35/96 segment 5/5
2026-09-06T20:09:00.675+01:00 INFO : 35: generating IMRPhenomD from 30.0 Hz
2026-09-06T20:09:00.678+01:00 INFO : Decompressing waveform using inline_linear
2026-09-06T20:09:00.683+01:00 INFO : Filtering template 36/96 segment 1/5
2026-09-06T20:09:00.703+01:00 INFO : 3 points above threshold
2026-09-06T20:09:00.722+01:00 INFO : Filtering template 36/96 segment 2/5
2026-09-06T20:09:00.740+01:00 INFO : 1 points above threshold
2026-09-06T20:09:00.746+01:00 INFO : Filtering template 36/96 segment 3/5
2026-09-06T20:09:00.763+01:00 INFO : 2 points above threshold
2026-09-06T20:09:00.770+01:00 INFO : Filtering template 36/96 segment 4/5
2026-09-06T20:09:00.788+01:00 INFO : Filtering template 36/96 segment 5/5
2026-09-06T20:09:00.806+01:00 INFO : 1 points above threshold
2026-09-06T20:09:00.811+01:00 INFO : 36: generating IMRPhenomD from 30.0 Hz
2026-09-06T20:09:00.814+01:00 INFO : Decompressing waveform using inline_linear
2026-09-06T20:09:00.819+01:00 INFO : Filtering template 37/96 segment 1/5
2026-09-06T20:09:00.839+01:00 INFO : 2 points above threshold
2026-09-06T20:09:00.857+01:00 INFO : Filtering template 37/96 segment 2/5
2026-09-06T20:09:00.874+01:00 INFO : 3 points above threshold
2026-09-06T20:09:00.884+01:00 INFO : Filtering template 37/96 segment 3/5
2026-09-06T20:09:00.901+01:00 INFO : 1 points above threshold
2026-09-06T20:09:00.907+01:00 INFO : Filtering template 37/96 segment 4/5
2026-09-06T20:09:00.924+01:00 INFO : 3 points above threshold
2026-09-06T20:09:00.933+01:00 INFO : Filtering template 37/96 segment 5/5
2026-09-06T20:09:00.951+01:00 INFO : 37: generating IMRPhenomD from 30.0 Hz
2026-09-06T20:09:00.954+01:00 INFO : Decompressing waveform using inline_linear
2026-09-06T20:09:00.959+01:00 INFO : Filtering template 38/96 segment 1/5
2026-09-06T20:09:00.979+01:00 INFO : Filtering template 38/96 segment 2/5
2026-09-06T20:09:00.997+01:00 INFO : Filtering template 38/96 segment 3/5
2026-09-06T20:09:01.015+01:00 INFO : 1 points above threshold
2026-09-06T20:09:01.030+01:00 INFO : Filtering template 38/96 segment 4/5
2026-09-06T20:09:01.048+01:00 INFO : 1 points above threshold
2026-09-06T20:09:01.053+01:00 INFO : Filtering template 38/96 segment 5/5
2026-09-06T20:09:01.071+01:00 INFO : 1 points above threshold
2026-09-06T20:09:01.076+01:00 INFO : 38: generating IMRPhenomD from 30.0 Hz
2026-09-06T20:09:01.079+01:00 INFO : Decompressing waveform using inline_linear
2026-09-06T20:09:01.084+01:00 INFO : Filtering template 39/96 segment 1/5
2026-09-06T20:09:01.104+01:00 INFO : Filtering template 39/96 segment 2/5
2026-09-06T20:09:01.122+01:00 INFO : 2 points above threshold
2026-09-06T20:09:01.140+01:00 INFO : Filtering template 39/96 segment 3/5
2026-09-06T20:09:01.157+01:00 INFO : Filtering template 39/96 segment 4/5
2026-09-06T20:09:01.175+01:00 INFO : 2 points above threshold
2026-09-06T20:09:01.182+01:00 INFO : Filtering template 39/96 segment 5/5
2026-09-06T20:09:01.200+01:00 INFO : 39: generating IMRPhenomD from 30.0 Hz
2026-09-06T20:09:01.203+01:00 INFO : Decompressing waveform using inline_linear
2026-09-06T20:09:01.208+01:00 INFO : Filtering template 40/96 segment 1/5
2026-09-06T20:09:01.228+01:00 INFO : Filtering template 40/96 segment 2/5
2026-09-06T20:09:01.245+01:00 INFO : Filtering template 40/96 segment 3/5
2026-09-06T20:09:01.263+01:00 INFO : Filtering template 40/96 segment 4/5
2026-09-06T20:09:01.281+01:00 INFO : 2 points above threshold
2026-09-06T20:09:01.298+01:00 INFO : Filtering template 40/96 segment 5/5
2026-09-06T20:09:01.316+01:00 INFO : 40: generating IMRPhenomD from 30.0 Hz
2026-09-06T20:09:01.319+01:00 INFO : Decompressing waveform using inline_linear
2026-09-06T20:09:01.324+01:00 INFO : Filtering template 41/96 segment 1/5
2026-09-06T20:09:01.344+01:00 INFO : Filtering template 41/96 segment 2/5
2026-09-06T20:09:01.362+01:00 INFO : Filtering template 41/96 segment 3/5
2026-09-06T20:09:01.379+01:00 INFO : 2 points above threshold
2026-09-06T20:09:01.397+01:00 INFO : Filtering template 41/96 segment 4/5
2026-09-06T20:09:01.414+01:00 INFO : 2 points above threshold
2026-09-06T20:09:01.421+01:00 INFO : Filtering template 41/96 segment 5/5
2026-09-06T20:09:01.439+01:00 INFO : 41: generating IMRPhenomD from 30.0 Hz
2026-09-06T20:09:01.442+01:00 INFO : Decompressing waveform using inline_linear
2026-09-06T20:09:01.447+01:00 INFO : Filtering template 42/96 segment 1/5
2026-09-06T20:09:01.467+01:00 INFO : Filtering template 42/96 segment 2/5
2026-09-06T20:09:01.485+01:00 INFO : 1 points above threshold
2026-09-06T20:09:01.501+01:00 INFO : Filtering template 42/96 segment 3/5
2026-09-06T20:09:01.520+01:00 INFO : Filtering template 42/96 segment 4/5
2026-09-06T20:09:01.539+01:00 INFO : 1 points above threshold
2026-09-06T20:09:01.544+01:00 INFO : Filtering template 42/96 segment 5/5
2026-09-06T20:09:01.564+01:00 INFO : 1 points above threshold
2026-09-06T20:09:01.571+01:00 INFO : 42: generating IMRPhenomD from 30.0 Hz
2026-09-06T20:09:01.575+01:00 INFO : Decompressing waveform using inline_linear
2026-09-06T20:09:01.580+01:00 INFO : Filtering template 43/96 segment 1/5
2026-09-06T20:09:01.602+01:00 INFO : 1 points above threshold
2026-09-06T20:09:01.617+01:00 INFO : Filtering template 43/96 segment 2/5
2026-09-06T20:09:01.635+01:00 INFO : 2 points above threshold
2026-09-06T20:09:01.642+01:00 INFO : Filtering template 43/96 segment 3/5
2026-09-06T20:09:01.660+01:00 INFO : 1 points above threshold
2026-09-06T20:09:01.665+01:00 INFO : Filtering template 43/96 segment 4/5
2026-09-06T20:09:01.682+01:00 INFO : Filtering template 43/96 segment 5/5
2026-09-06T20:09:01.700+01:00 INFO : 43: generating IMRPhenomD from 30.0 Hz
2026-09-06T20:09:01.704+01:00 INFO : Decompressing waveform using inline_linear
2026-09-06T20:09:01.709+01:00 INFO : Filtering template 44/96 segment 1/5
2026-09-06T20:09:01.728+01:00 INFO : 1 points above threshold
2026-09-06T20:09:01.744+01:00 INFO : Filtering template 44/96 segment 2/5
2026-09-06T20:09:01.762+01:00 INFO : Filtering template 44/96 segment 3/5
2026-09-06T20:09:01.779+01:00 INFO : Filtering template 44/96 segment 4/5
2026-09-06T20:09:01.797+01:00 INFO : 1 points above threshold
2026-09-06T20:09:01.802+01:00 INFO : Filtering template 44/96 segment 5/5
2026-09-06T20:09:01.820+01:00 INFO : 44: generating IMRPhenomD from 30.0 Hz
2026-09-06T20:09:01.823+01:00 INFO : Decompressing waveform using inline_linear
2026-09-06T20:09:01.828+01:00 INFO : Filtering template 45/96 segment 1/5
2026-09-06T20:09:01.848+01:00 INFO : 2 points above threshold
2026-09-06T20:09:01.866+01:00 INFO : Filtering template 45/96 segment 2/5
2026-09-06T20:09:01.884+01:00 INFO : 1 points above threshold
2026-09-06T20:09:01.889+01:00 INFO : Filtering template 45/96 segment 3/5
2026-09-06T20:09:01.907+01:00 INFO : 1 points above threshold
2026-09-06T20:09:01.912+01:00 INFO : Filtering template 45/96 segment 4/5
2026-09-06T20:09:01.930+01:00 INFO : Filtering template 45/96 segment 5/5
2026-09-06T20:09:01.948+01:00 INFO : 45: generating IMRPhenomD from 30.0 Hz
2026-09-06T20:09:01.951+01:00 INFO : Decompressing waveform using inline_linear
2026-09-06T20:09:01.956+01:00 INFO : Filtering template 46/96 segment 1/5
2026-09-06T20:09:01.976+01:00 INFO : Filtering template 46/96 segment 2/5
2026-09-06T20:09:01.993+01:00 INFO : Filtering template 46/96 segment 3/5
2026-09-06T20:09:02.011+01:00 INFO : 1 points above threshold
2026-09-06T20:09:02.027+01:00 INFO : Filtering template 46/96 segment 4/5
2026-09-06T20:09:02.045+01:00 INFO : 3 points above threshold
2026-09-06T20:09:02.054+01:00 INFO : Filtering template 46/96 segment 5/5
2026-09-06T20:09:02.071+01:00 INFO : 1 points above threshold
2026-09-06T20:09:02.077+01:00 INFO : 46: generating IMRPhenomD from 30.0 Hz
2026-09-06T20:09:02.080+01:00 INFO : Decompressing waveform using inline_linear
2026-09-06T20:09:02.085+01:00 INFO : Filtering template 47/96 segment 1/5
2026-09-06T20:09:02.105+01:00 INFO : 3 points above threshold
2026-09-06T20:09:02.126+01:00 INFO : Filtering template 47/96 segment 2/5
2026-09-06T20:09:02.143+01:00 INFO : Filtering template 47/96 segment 3/5
2026-09-06T20:09:02.161+01:00 INFO : 2 points above threshold
2026-09-06T20:09:02.168+01:00 INFO : Filtering template 47/96 segment 4/5
2026-09-06T20:09:02.186+01:00 INFO : 1 points above threshold
2026-09-06T20:09:02.191+01:00 INFO : Filtering template 47/96 segment 5/5
2026-09-06T20:09:02.208+01:00 INFO : 1 points above threshold
2026-09-06T20:09:02.214+01:00 INFO : 47: generating IMRPhenomD from 30.0 Hz
2026-09-06T20:09:02.217+01:00 INFO : Decompressing waveform using inline_linear
2026-09-06T20:09:02.222+01:00 INFO : Filtering template 48/96 segment 1/5
2026-09-06T20:09:02.242+01:00 INFO : 3 points above threshold
2026-09-06T20:09:02.263+01:00 INFO : Filtering template 48/96 segment 2/5
2026-09-06T20:09:02.281+01:00 INFO : 1 points above threshold
2026-09-06T20:09:02.286+01:00 INFO : Filtering template 48/96 segment 3/5
2026-09-06T20:09:02.303+01:00 INFO : 1 points above threshold
2026-09-06T20:09:02.309+01:00 INFO : Filtering template 48/96 segment 4/5
2026-09-06T20:09:02.326+01:00 INFO : 2 points above threshold
2026-09-06T20:09:02.333+01:00 INFO : Filtering template 48/96 segment 5/5
2026-09-06T20:09:02.351+01:00 INFO : 1 points above threshold
2026-09-06T20:09:02.357+01:00 INFO : 48: generating IMRPhenomD from 30.0 Hz
2026-09-06T20:09:02.360+01:00 INFO : Decompressing waveform using inline_linear
2026-09-06T20:09:02.365+01:00 INFO : Filtering template 49/96 segment 1/5
2026-09-06T20:09:02.385+01:00 INFO : 1 points above threshold
2026-09-06T20:09:02.401+01:00 INFO : Filtering template 49/96 segment 2/5
2026-09-06T20:09:02.419+01:00 INFO : 1 points above threshold
2026-09-06T20:09:02.424+01:00 INFO : Filtering template 49/96 segment 3/5
2026-09-06T20:09:02.442+01:00 INFO : 2 points above threshold
2026-09-06T20:09:02.449+01:00 INFO : Filtering template 49/96 segment 4/5
2026-09-06T20:09:02.466+01:00 INFO : Filtering template 49/96 segment 5/5
2026-09-06T20:09:02.484+01:00 INFO : 49: generating IMRPhenomD from 30.0 Hz
2026-09-06T20:09:02.487+01:00 INFO : Decompressing waveform using inline_linear
2026-09-06T20:09:02.492+01:00 INFO : Filtering template 50/96 segment 1/5
2026-09-06T20:09:02.513+01:00 INFO : Filtering template 50/96 segment 2/5
2026-09-06T20:09:02.530+01:00 INFO : 2 points above threshold
2026-09-06T20:09:02.549+01:00 INFO : Filtering template 50/96 segment 3/5
2026-09-06T20:09:02.567+01:00 INFO : 4 points above threshold
2026-09-06T20:09:02.575+01:00 INFO : Filtering template 50/96 segment 4/5
2026-09-06T20:09:02.593+01:00 INFO : 2 points above threshold
2026-09-06T20:09:02.600+01:00 INFO : Filtering template 50/96 segment 5/5
2026-09-06T20:09:02.618+01:00 INFO : 50: generating IMRPhenomD from 30.0 Hz
2026-09-06T20:09:02.621+01:00 INFO : Decompressing waveform using inline_linear
2026-09-06T20:09:02.626+01:00 INFO : Filtering template 51/96 segment 1/5
2026-09-06T20:09:02.646+01:00 INFO : 1 points above threshold
2026-09-06T20:09:02.662+01:00 INFO : Filtering template 51/96 segment 2/5
2026-09-06T20:09:02.679+01:00 INFO : 1 points above threshold
2026-09-06T20:09:02.685+01:00 INFO : Filtering template 51/96 segment 3/5
2026-09-06T20:09:02.702+01:00 INFO : Filtering template 51/96 segment 4/5
2026-09-06T20:09:02.720+01:00 INFO : 1 points above threshold
2026-09-06T20:09:02.725+01:00 INFO : Filtering template 51/96 segment 5/5
2026-09-06T20:09:02.742+01:00 INFO : 2 points above threshold
2026-09-06T20:09:02.750+01:00 INFO : 51: generating IMRPhenomD from 30.0 Hz
2026-09-06T20:09:02.753+01:00 INFO : Decompressing waveform using inline_linear
2026-09-06T20:09:02.758+01:00 INFO : Filtering template 52/96 segment 1/5
2026-09-06T20:09:02.778+01:00 INFO : 1 points above threshold
2026-09-06T20:09:02.793+01:00 INFO : Filtering template 52/96 segment 2/5
2026-09-06T20:09:02.811+01:00 INFO : 1 points above threshold
2026-09-06T20:09:02.816+01:00 INFO : Filtering template 52/96 segment 3/5
2026-09-06T20:09:02.834+01:00 INFO : Filtering template 52/96 segment 4/5
2026-09-06T20:09:02.852+01:00 INFO : 3 points above threshold
2026-09-06T20:09:02.861+01:00 INFO : Filtering template 52/96 segment 5/5
2026-09-06T20:09:02.879+01:00 INFO : 1 points above threshold
2026-09-06T20:09:02.884+01:00 INFO : 52: generating IMRPhenomD from 30.0 Hz
2026-09-06T20:09:02.887+01:00 INFO : Decompressing waveform using inline_linear
2026-09-06T20:09:02.892+01:00 INFO : Filtering template 53/96 segment 1/5
2026-09-06T20:09:02.912+01:00 INFO : 3 points above threshold
2026-09-06T20:09:02.932+01:00 INFO : Filtering template 53/96 segment 2/5
2026-09-06T20:09:02.949+01:00 INFO : 2 points above threshold
2026-09-06T20:09:02.957+01:00 INFO : Filtering template 53/96 segment 3/5
2026-09-06T20:09:02.974+01:00 INFO : 2 points above threshold
2026-09-06T20:09:02.981+01:00 INFO : Filtering template 53/96 segment 4/5
2026-09-06T20:09:02.999+01:00 INFO : 1 points above threshold
2026-09-06T20:09:03.004+01:00 INFO : Filtering template 53/96 segment 5/5
2026-09-06T20:09:03.021+01:00 INFO : 1 points above threshold
2026-09-06T20:09:03.027+01:00 INFO : 53: generating IMRPhenomD from 30.0 Hz
2026-09-06T20:09:03.030+01:00 INFO : Decompressing waveform using inline_linear
2026-09-06T20:09:03.035+01:00 INFO : Filtering template 54/96 segment 1/5
2026-09-06T20:09:03.055+01:00 INFO : Filtering template 54/96 segment 2/5
2026-09-06T20:09:03.073+01:00 INFO : Filtering template 54/96 segment 3/5
2026-09-06T20:09:03.090+01:00 INFO : 2 points above threshold
2026-09-06T20:09:03.108+01:00 INFO : Filtering template 54/96 segment 4/5
2026-09-06T20:09:03.126+01:00 INFO : 5 points above threshold
2026-09-06T20:09:03.138+01:00 INFO : Filtering template 54/96 segment 5/5
2026-09-06T20:09:03.155+01:00 INFO : 54: generating IMRPhenomD from 30.0 Hz
2026-09-06T20:09:03.159+01:00 INFO : Decompressing waveform using inline_linear
2026-09-06T20:09:03.164+01:00 INFO : Filtering template 55/96 segment 1/5
2026-09-06T20:09:03.184+01:00 INFO : Filtering template 55/96 segment 2/5
2026-09-06T20:09:03.201+01:00 INFO : 1 points above threshold
2026-09-06T20:09:03.217+01:00 INFO : Filtering template 55/96 segment 3/5
2026-09-06T20:09:03.234+01:00 INFO : 3 points above threshold
2026-09-06T20:09:03.244+01:00 INFO : Filtering template 55/96 segment 4/5
2026-09-06T20:09:03.261+01:00 INFO : 1 points above threshold
2026-09-06T20:09:03.267+01:00 INFO : Filtering template 55/96 segment 5/5
2026-09-06T20:09:03.284+01:00 INFO : 1 points above threshold
2026-09-06T20:09:03.290+01:00 INFO : 55: generating IMRPhenomD from 30.0 Hz
2026-09-06T20:09:03.308+01:00 INFO : Decompressing waveform using inline_linear
2026-09-06T20:09:03.313+01:00 INFO : Filtering template 56/96 segment 1/5
2026-09-06T20:09:03.336+01:00 INFO : 1 points above threshold
2026-09-06T20:09:03.357+01:00 INFO : Filtering template 56/96 segment 2/5
2026-09-06T20:09:03.374+01:00 INFO : 1 points above threshold
2026-09-06T20:09:03.380+01:00 INFO : Filtering template 56/96 segment 3/5
2026-09-06T20:09:03.397+01:00 INFO : 3 points above threshold
2026-09-06T20:09:03.407+01:00 INFO : Filtering template 56/96 segment 4/5
2026-09-06T20:09:03.424+01:00 INFO : Filtering template 56/96 segment 5/5
2026-09-06T20:09:03.442+01:00 INFO : 1 points above threshold
2026-09-06T20:09:03.447+01:00 INFO : 56: generating IMRPhenomD from 30.0 Hz
2026-09-06T20:09:03.450+01:00 INFO : Decompressing waveform using inline_linear
2026-09-06T20:09:03.455+01:00 INFO : Filtering template 57/96 segment 1/5
2026-09-06T20:09:03.475+01:00 INFO : 1 points above threshold
2026-09-06T20:09:03.492+01:00 INFO : Filtering template 57/96 segment 2/5
2026-09-06T20:09:03.510+01:00 INFO : 2 points above threshold
2026-09-06T20:09:03.517+01:00 INFO : Filtering template 57/96 segment 3/5
2026-09-06T20:09:03.534+01:00 INFO : 2 points above threshold
2026-09-06T20:09:03.542+01:00 INFO : Filtering template 57/96 segment 4/5
2026-09-06T20:09:03.559+01:00 INFO : 2 points above threshold
2026-09-06T20:09:03.566+01:00 INFO : Filtering template 57/96 segment 5/5
2026-09-06T20:09:03.584+01:00 INFO : 57: generating IMRPhenomD from 30.0 Hz
2026-09-06T20:09:03.587+01:00 INFO : Decompressing waveform using inline_linear
2026-09-06T20:09:03.592+01:00 INFO : Filtering template 58/96 segment 1/5
2026-09-06T20:09:03.612+01:00 INFO : 1 points above threshold
2026-09-06T20:09:03.628+01:00 INFO : Filtering template 58/96 segment 2/5
2026-09-06T20:09:03.645+01:00 INFO : 2 points above threshold
2026-09-06T20:09:03.653+01:00 INFO : Filtering template 58/96 segment 3/5
2026-09-06T20:09:03.670+01:00 INFO : 1 points above threshold
2026-09-06T20:09:03.675+01:00 INFO : Filtering template 58/96 segment 4/5
2026-09-06T20:09:03.693+01:00 INFO : 1 points above threshold
2026-09-06T20:09:03.698+01:00 INFO : Filtering template 58/96 segment 5/5
2026-09-06T20:09:03.716+01:00 INFO : 2 points above threshold
2026-09-06T20:09:03.723+01:00 INFO : 58: generating IMRPhenomD from 30.0 Hz
2026-09-06T20:09:03.726+01:00 INFO : Decompressing waveform using inline_linear
2026-09-06T20:09:03.731+01:00 INFO : Filtering template 59/96 segment 1/5
2026-09-06T20:09:03.751+01:00 INFO : 1 points above threshold
2026-09-06T20:09:03.767+01:00 INFO : Filtering template 59/96 segment 2/5
2026-09-06T20:09:03.784+01:00 INFO : 2 points above threshold
2026-09-06T20:09:03.792+01:00 INFO : Filtering template 59/96 segment 3/5
2026-09-06T20:09:03.809+01:00 INFO : 2 points above threshold
2026-09-06T20:09:03.816+01:00 INFO : Filtering template 59/96 segment 4/5
2026-09-06T20:09:03.834+01:00 INFO : 1 points above threshold
2026-09-06T20:09:03.839+01:00 INFO : Filtering template 59/96 segment 5/5
2026-09-06T20:09:03.857+01:00 INFO : 59: generating IMRPhenomD from 30.0 Hz
2026-09-06T20:09:03.860+01:00 INFO : Decompressing waveform using inline_linear
2026-09-06T20:09:03.865+01:00 INFO : Filtering template 60/96 segment 1/5
2026-09-06T20:09:03.885+01:00 INFO : Filtering template 60/96 segment 2/5
2026-09-06T20:09:03.903+01:00 INFO : Filtering template 60/96 segment 3/5
2026-09-06T20:09:03.921+01:00 INFO : 1 points above threshold
2026-09-06T20:09:03.936+01:00 INFO : Filtering template 60/96 segment 4/5
2026-09-06T20:09:03.954+01:00 INFO : 2 points above threshold
2026-09-06T20:09:03.961+01:00 INFO : Filtering template 60/96 segment 5/5
2026-09-06T20:09:03.979+01:00 INFO : 60: generating IMRPhenomD from 30.0 Hz
2026-09-06T20:09:03.982+01:00 INFO : Decompressing waveform using inline_linear
2026-09-06T20:09:03.987+01:00 INFO : Filtering template 61/96 segment 1/5
2026-09-06T20:09:04.007+01:00 INFO : Filtering template 61/96 segment 2/5
2026-09-06T20:09:04.025+01:00 INFO : 2 points above threshold
2026-09-06T20:09:04.042+01:00 INFO : Filtering template 61/96 segment 3/5
2026-09-06T20:09:04.060+01:00 INFO : 1 points above threshold
2026-09-06T20:09:04.065+01:00 INFO : Filtering template 61/96 segment 4/5
2026-09-06T20:09:04.083+01:00 INFO : 1 points above threshold
2026-09-06T20:09:04.088+01:00 INFO : Filtering template 61/96 segment 5/5
2026-09-06T20:09:04.106+01:00 INFO : 61: generating IMRPhenomD from 30.0 Hz
2026-09-06T20:09:04.109+01:00 INFO : Decompressing waveform using inline_linear
2026-09-06T20:09:04.114+01:00 INFO : Filtering template 62/96 segment 1/5
2026-09-06T20:09:04.134+01:00 INFO : 2 points above threshold
2026-09-06T20:09:04.152+01:00 INFO : Filtering template 62/96 segment 2/5
2026-09-06T20:09:04.169+01:00 INFO : Filtering template 62/96 segment 3/5
2026-09-06T20:09:04.187+01:00 INFO : Filtering template 62/96 segment 4/5
2026-09-06T20:09:04.204+01:00 INFO : 5 points above threshold
2026-09-06T20:09:04.216+01:00 INFO : Filtering template 62/96 segment 5/5
2026-09-06T20:09:04.234+01:00 INFO : 62: generating IMRPhenomD from 30.0 Hz
2026-09-06T20:09:04.237+01:00 INFO : Decompressing waveform using inline_linear
2026-09-06T20:09:04.242+01:00 INFO : Filtering template 63/96 segment 1/5
2026-09-06T20:09:04.262+01:00 INFO : Filtering template 63/96 segment 2/5
2026-09-06T20:09:04.280+01:00 INFO : 1 points above threshold
2026-09-06T20:09:04.295+01:00 INFO : Filtering template 63/96 segment 3/5
2026-09-06T20:09:04.313+01:00 INFO : 2 points above threshold
2026-09-06T20:09:04.320+01:00 INFO : Filtering template 63/96 segment 4/5
2026-09-06T20:09:04.338+01:00 INFO : 1 points above threshold
2026-09-06T20:09:04.343+01:00 INFO : Filtering template 63/96 segment 5/5
2026-09-06T20:09:04.360+01:00 INFO : 1 points above threshold
2026-09-06T20:09:04.366+01:00 INFO : 63: generating IMRPhenomD from 30.0 Hz
2026-09-06T20:09:04.369+01:00 INFO : Decompressing waveform using inline_linear
2026-09-06T20:09:04.374+01:00 INFO : Filtering template 64/96 segment 1/5
2026-09-06T20:09:04.394+01:00 INFO : 2 points above threshold
2026-09-06T20:09:04.412+01:00 INFO : Filtering template 64/96 segment 2/5
2026-09-06T20:09:04.429+01:00 INFO : 1 points above threshold
2026-09-06T20:09:04.434+01:00 INFO : Filtering template 64/96 segment 3/5
2026-09-06T20:09:04.452+01:00 INFO : Filtering template 64/96 segment 4/5
2026-09-06T20:09:04.470+01:00 INFO : Filtering template 64/96 segment 5/5
2026-09-06T20:09:04.487+01:00 INFO : 64: generating IMRPhenomD from 30.0 Hz
2026-09-06T20:09:04.491+01:00 INFO : Decompressing waveform using inline_linear
2026-09-06T20:09:04.496+01:00 INFO : Filtering template 65/96 segment 1/5
2026-09-06T20:09:04.515+01:00 INFO : 2 points above threshold
2026-09-06T20:09:04.533+01:00 INFO : Filtering template 65/96 segment 2/5
2026-09-06T20:09:04.551+01:00 INFO : 2 points above threshold
2026-09-06T20:09:04.558+01:00 INFO : Filtering template 65/96 segment 3/5
2026-09-06T20:09:04.575+01:00 INFO : 1 points above threshold
2026-09-06T20:09:04.581+01:00 INFO : Filtering template 65/96 segment 4/5
2026-09-06T20:09:04.598+01:00 INFO : 2 points above threshold
2026-09-06T20:09:04.605+01:00 INFO : Filtering template 65/96 segment 5/5
2026-09-06T20:09:04.623+01:00 INFO : 65: generating IMRPhenomD from 30.0 Hz
2026-09-06T20:09:04.626+01:00 INFO : Decompressing waveform using inline_linear
2026-09-06T20:09:04.631+01:00 INFO : Filtering template 66/96 segment 1/5
2026-09-06T20:09:04.651+01:00 INFO : 1 points above threshold
2026-09-06T20:09:04.667+01:00 INFO : Filtering template 66/96 segment 2/5
2026-09-06T20:09:04.684+01:00 INFO : 1 points above threshold
2026-09-06T20:09:04.690+01:00 INFO : Filtering template 66/96 segment 3/5
2026-09-06T20:09:04.707+01:00 INFO : 2 points above threshold
2026-09-06T20:09:04.714+01:00 INFO : Filtering template 66/96 segment 4/5
2026-09-06T20:09:04.732+01:00 INFO : 1 points above threshold
2026-09-06T20:09:04.737+01:00 INFO : Filtering template 66/96 segment 5/5
2026-09-06T20:09:04.755+01:00 INFO : 66: generating IMRPhenomD from 30.0 Hz
2026-09-06T20:09:04.758+01:00 INFO : Decompressing waveform using inline_linear
2026-09-06T20:09:04.763+01:00 INFO : Filtering template 67/96 segment 1/5
2026-09-06T20:09:04.783+01:00 INFO : 3 points above threshold
2026-09-06T20:09:04.803+01:00 INFO : Filtering template 67/96 segment 2/5
2026-09-06T20:09:04.820+01:00 INFO : Filtering template 67/96 segment 3/5
2026-09-06T20:09:04.838+01:00 INFO : 1 points above threshold
2026-09-06T20:09:04.843+01:00 INFO : Filtering template 67/96 segment 4/5
2026-09-06T20:09:04.861+01:00 INFO : Filtering template 67/96 segment 5/5
2026-09-06T20:09:04.879+01:00 INFO : 67: generating IMRPhenomD from 30.0 Hz
2026-09-06T20:09:04.882+01:00 INFO : Decompressing waveform using inline_linear
2026-09-06T20:09:04.887+01:00 INFO : Filtering template 68/96 segment 1/5
2026-09-06T20:09:04.907+01:00 INFO : 1 points above threshold
2026-09-06T20:09:04.922+01:00 INFO : Filtering template 68/96 segment 2/5
2026-09-06T20:09:04.940+01:00 INFO : 1 points above threshold
2026-09-06T20:09:04.945+01:00 INFO : Filtering template 68/96 segment 3/5
2026-09-06T20:09:04.963+01:00 INFO : 1 points above threshold
2026-09-06T20:09:04.968+01:00 INFO : Filtering template 68/96 segment 4/5
2026-09-06T20:09:04.986+01:00 INFO : 1 points above threshold
2026-09-06T20:09:04.991+01:00 INFO : Filtering template 68/96 segment 5/5
2026-09-06T20:09:05.009+01:00 INFO : 1 points above threshold
2026-09-06T20:09:05.014+01:00 INFO : 68: generating IMRPhenomD from 30.0 Hz
2026-09-06T20:09:05.017+01:00 INFO : Decompressing waveform using inline_linear
2026-09-06T20:09:05.022+01:00 INFO : Filtering template 69/96 segment 1/5
2026-09-06T20:09:05.042+01:00 INFO : Filtering template 69/96 segment 2/5
2026-09-06T20:09:05.060+01:00 INFO : Filtering template 69/96 segment 3/5
2026-09-06T20:09:05.078+01:00 INFO : 1 points above threshold
2026-09-06T20:09:05.093+01:00 INFO : Filtering template 69/96 segment 4/5
2026-09-06T20:09:05.111+01:00 INFO : 2 points above threshold
2026-09-06T20:09:05.118+01:00 INFO : Filtering template 69/96 segment 5/5
2026-09-06T20:09:05.136+01:00 INFO : 69: generating IMRPhenomD from 30.0 Hz
2026-09-06T20:09:05.139+01:00 INFO : Decompressing waveform using inline_linear
2026-09-06T20:09:05.144+01:00 INFO : Filtering template 70/96 segment 1/5
2026-09-06T20:09:05.164+01:00 INFO : 2 points above threshold
2026-09-06T20:09:05.182+01:00 INFO : Filtering template 70/96 segment 2/5
2026-09-06T20:09:05.199+01:00 INFO : 2 points above threshold
2026-09-06T20:09:05.206+01:00 INFO : Filtering template 70/96 segment 3/5
2026-09-06T20:09:05.224+01:00 INFO : Filtering template 70/96 segment 4/5
2026-09-06T20:09:05.241+01:00 INFO : 2 points above threshold
2026-09-06T20:09:05.249+01:00 INFO : Filtering template 70/96 segment 5/5
2026-09-06T20:09:05.266+01:00 INFO : 2 points above threshold
2026-09-06T20:09:05.274+01:00 INFO : 70: generating IMRPhenomD from 30.0 Hz
2026-09-06T20:09:05.277+01:00 INFO : Decompressing waveform using inline_linear
2026-09-06T20:09:05.282+01:00 INFO : Filtering template 71/96 segment 1/5
2026-09-06T20:09:05.302+01:00 INFO : Filtering template 71/96 segment 2/5
2026-09-06T20:09:05.319+01:00 INFO : 1 points above threshold
2026-09-06T20:09:05.335+01:00 INFO : Filtering template 71/96 segment 3/5
2026-09-06T20:09:05.352+01:00 INFO : 1 points above threshold
2026-09-06T20:09:05.358+01:00 INFO : Filtering template 71/96 segment 4/5
2026-09-06T20:09:05.375+01:00 INFO : 3 points above threshold
2026-09-06T20:09:05.384+01:00 INFO : Filtering template 71/96 segment 5/5
2026-09-06T20:09:05.402+01:00 INFO : 71: generating IMRPhenomD from 30.0 Hz
2026-09-06T20:09:05.406+01:00 INFO : Decompressing waveform using inline_linear
2026-09-06T20:09:05.411+01:00 INFO : Filtering template 72/96 segment 1/5
2026-09-06T20:09:05.430+01:00 INFO : 2 points above threshold
2026-09-06T20:09:05.448+01:00 INFO : Filtering template 72/96 segment 2/5
2026-09-06T20:09:05.465+01:00 INFO : 1 points above threshold
2026-09-06T20:09:05.471+01:00 INFO : Filtering template 72/96 segment 3/5
2026-09-06T20:09:05.488+01:00 INFO : 1 points above threshold
2026-09-06T20:09:05.494+01:00 INFO : Filtering template 72/96 segment 4/5
2026-09-06T20:09:05.511+01:00 INFO : 3 points above threshold
2026-09-06T20:09:05.521+01:00 INFO : Filtering template 72/96 segment 5/5
2026-09-06T20:09:05.538+01:00 INFO : 3 points above threshold
2026-09-06T20:09:05.548+01:00 INFO : 72: generating IMRPhenomD from 30.0 Hz
2026-09-06T20:09:05.551+01:00 INFO : Decompressing waveform using inline_linear
2026-09-06T20:09:05.556+01:00 INFO : Filtering template 73/96 segment 1/5
2026-09-06T20:09:05.576+01:00 INFO : 1 points above threshold
2026-09-06T20:09:05.591+01:00 INFO : Filtering template 73/96 segment 2/5
2026-09-06T20:09:05.609+01:00 INFO : 1 points above threshold
2026-09-06T20:09:05.614+01:00 INFO : Filtering template 73/96 segment 3/5
2026-09-06T20:09:05.632+01:00 INFO : 1 points above threshold
2026-09-06T20:09:05.640+01:00 INFO : Filtering template 73/96 segment 4/5
2026-09-06T20:09:05.658+01:00 INFO : Filtering template 73/96 segment 5/5
2026-09-06T20:09:05.675+01:00 INFO : 1 points above threshold
2026-09-06T20:09:05.681+01:00 INFO : 73: generating IMRPhenomD from 30.0 Hz
2026-09-06T20:09:05.684+01:00 INFO : Decompressing waveform using inline_linear
2026-09-06T20:09:05.689+01:00 INFO : Filtering template 74/96 segment 1/5
2026-09-06T20:09:05.709+01:00 INFO : 3 points above threshold
2026-09-06T20:09:05.728+01:00 INFO : Filtering template 74/96 segment 2/5
2026-09-06T20:09:05.746+01:00 INFO : 3 points above threshold
2026-09-06T20:09:05.755+01:00 INFO : Filtering template 74/96 segment 3/5
2026-09-06T20:09:05.773+01:00 INFO : Filtering template 74/96 segment 4/5
2026-09-06T20:09:05.791+01:00 INFO : 1 points above threshold
2026-09-06T20:09:05.796+01:00 INFO : Filtering template 74/96 segment 5/5
2026-09-06T20:09:05.814+01:00 INFO : 74: generating IMRPhenomD from 30.0 Hz
2026-09-06T20:09:05.817+01:00 INFO : Decompressing waveform using inline_linear
2026-09-06T20:09:05.822+01:00 INFO : Filtering template 75/96 segment 1/5
2026-09-06T20:09:05.842+01:00 INFO : Filtering template 75/96 segment 2/5
2026-09-06T20:09:05.859+01:00 INFO : 1 points above threshold
2026-09-06T20:09:05.875+01:00 INFO : Filtering template 75/96 segment 3/5
2026-09-06T20:09:05.893+01:00 INFO : 2 points above threshold
2026-09-06T20:09:05.900+01:00 INFO : Filtering template 75/96 segment 4/5
2026-09-06T20:09:05.917+01:00 INFO : Filtering template 75/96 segment 5/5
2026-09-06T20:09:05.935+01:00 INFO : 2 points above threshold
2026-09-06T20:09:05.943+01:00 INFO : 75: generating IMRPhenomD from 30.0 Hz
2026-09-06T20:09:05.946+01:00 INFO : Decompressing waveform using inline_linear
2026-09-06T20:09:05.951+01:00 INFO : Filtering template 76/96 segment 1/5
2026-09-06T20:09:05.970+01:00 INFO : 1 points above threshold
2026-09-06T20:09:05.986+01:00 INFO : Filtering template 76/96 segment 2/5
2026-09-06T20:09:06.004+01:00 INFO : Filtering template 76/96 segment 3/5
2026-09-06T20:09:06.021+01:00 INFO : 1 points above threshold
2026-09-06T20:09:06.027+01:00 INFO : Filtering template 76/96 segment 4/5
2026-09-06T20:09:06.044+01:00 INFO : Filtering template 76/96 segment 5/5
2026-09-06T20:09:06.062+01:00 INFO : 2 points above threshold
2026-09-06T20:09:06.070+01:00 INFO : 76: generating IMRPhenomD from 30.0 Hz
2026-09-06T20:09:06.073+01:00 INFO : Decompressing waveform using inline_linear
2026-09-06T20:09:06.077+01:00 INFO : Filtering template 77/96 segment 1/5
2026-09-06T20:09:06.097+01:00 INFO : Filtering template 77/96 segment 2/5
2026-09-06T20:09:06.115+01:00 INFO : 1 points above threshold
2026-09-06T20:09:06.130+01:00 INFO : Filtering template 77/96 segment 3/5
2026-09-06T20:09:06.148+01:00 INFO : Filtering template 77/96 segment 4/5
2026-09-06T20:09:06.166+01:00 INFO : 1 points above threshold
2026-09-06T20:09:06.171+01:00 INFO : Filtering template 77/96 segment 5/5
2026-09-06T20:09:06.189+01:00 INFO : 77: generating IMRPhenomD from 30.0 Hz
2026-09-06T20:09:06.192+01:00 INFO : Decompressing waveform using inline_linear
2026-09-06T20:09:06.197+01:00 INFO : Filtering template 78/96 segment 1/5
2026-09-06T20:09:06.217+01:00 INFO : Filtering template 78/96 segment 2/5
2026-09-06T20:09:06.235+01:00 INFO : Filtering template 78/96 segment 3/5
2026-09-06T20:09:06.252+01:00 INFO : Filtering template 78/96 segment 4/5
2026-09-06T20:09:06.270+01:00 INFO : 1 points above threshold
2026-09-06T20:09:06.286+01:00 INFO : Filtering template 78/96 segment 5/5
2026-09-06T20:09:06.303+01:00 INFO : 78: generating IMRPhenomD from 30.0 Hz
2026-09-06T20:09:06.307+01:00 INFO : Decompressing waveform using inline_linear
2026-09-06T20:09:06.312+01:00 INFO : Filtering template 79/96 segment 1/5
2026-09-06T20:09:06.331+01:00 INFO : 2 points above threshold
2026-09-06T20:09:06.349+01:00 INFO : Filtering template 79/96 segment 2/5
2026-09-06T20:09:06.366+01:00 INFO : Filtering template 79/96 segment 3/5
2026-09-06T20:09:06.384+01:00 INFO : 1 points above threshold
2026-09-06T20:09:06.389+01:00 INFO : Filtering template 79/96 segment 4/5
2026-09-06T20:09:06.407+01:00 INFO : 1 points above threshold
2026-09-06T20:09:06.412+01:00 INFO : Filtering template 79/96 segment 5/5
2026-09-06T20:09:06.430+01:00 INFO : 3 points above threshold
2026-09-06T20:09:06.440+01:00 INFO : 79: generating IMRPhenomD from 30.0 Hz
2026-09-06T20:09:06.443+01:00 INFO : Decompressing waveform using inline_linear
2026-09-06T20:09:06.448+01:00 INFO : Filtering template 80/96 segment 1/5
2026-09-06T20:09:06.467+01:00 INFO : 2 points above threshold
2026-09-06T20:09:06.485+01:00 INFO : Filtering template 80/96 segment 2/5
2026-09-06T20:09:06.502+01:00 INFO : 1 points above threshold
2026-09-06T20:09:06.508+01:00 INFO : Filtering template 80/96 segment 3/5
2026-09-06T20:09:06.525+01:00 INFO : 1 points above threshold
2026-09-06T20:09:06.531+01:00 INFO : Filtering template 80/96 segment 4/5
2026-09-06T20:09:06.548+01:00 INFO : Filtering template 80/96 segment 5/5
2026-09-06T20:09:06.566+01:00 INFO : 1 points above threshold
2026-09-06T20:09:06.571+01:00 INFO : 80: generating IMRPhenomD from 30.0 Hz
2026-09-06T20:09:06.574+01:00 INFO : Decompressing waveform using inline_linear
2026-09-06T20:09:06.579+01:00 INFO : Filtering template 81/96 segment 1/5
2026-09-06T20:09:06.603+01:00 INFO : 1 points above threshold
2026-09-06T20:09:06.620+01:00 INFO : Filtering template 81/96 segment 2/5
2026-09-06T20:09:06.639+01:00 INFO : 2 points above threshold
2026-09-06T20:09:06.647+01:00 INFO : Filtering template 81/96 segment 3/5
2026-09-06T20:09:06.666+01:00 INFO : 1 points above threshold
2026-09-06T20:09:06.672+01:00 INFO : Filtering template 81/96 segment 4/5
2026-09-06T20:09:06.691+01:00 INFO : Filtering template 81/96 segment 5/5
2026-09-06T20:09:06.708+01:00 INFO : 1 points above threshold
2026-09-06T20:09:06.714+01:00 INFO : 81: generating IMRPhenomD from 30.0 Hz
2026-09-06T20:09:06.717+01:00 INFO : Decompressing waveform using inline_linear
2026-09-06T20:09:06.722+01:00 INFO : Filtering template 82/96 segment 1/5
2026-09-06T20:09:06.742+01:00 INFO : Filtering template 82/96 segment 2/5
2026-09-06T20:09:06.759+01:00 INFO : 2 points above threshold
2026-09-06T20:09:06.777+01:00 INFO : Filtering template 82/96 segment 3/5
2026-09-06T20:09:06.794+01:00 INFO : 1 points above threshold
2026-09-06T20:09:06.800+01:00 INFO : Filtering template 82/96 segment 4/5
2026-09-06T20:09:06.818+01:00 INFO : Filtering template 82/96 segment 5/5
2026-09-06T20:09:06.836+01:00 INFO : 82: generating IMRPhenomD from 30.0 Hz
2026-09-06T20:09:06.839+01:00 INFO : Decompressing waveform using inline_linear
2026-09-06T20:09:06.844+01:00 INFO : Filtering template 83/96 segment 1/5
2026-09-06T20:09:06.864+01:00 INFO : 1 points above threshold
2026-09-06T20:09:06.879+01:00 INFO : Filtering template 83/96 segment 2/5
2026-09-06T20:09:06.897+01:00 INFO : 2 points above threshold
2026-09-06T20:09:06.904+01:00 INFO : Filtering template 83/96 segment 3/5
2026-09-06T20:09:06.922+01:00 INFO : 2 points above threshold
2026-09-06T20:09:06.929+01:00 INFO : Filtering template 83/96 segment 4/5
2026-09-06T20:09:06.946+01:00 INFO : 3 points above threshold
2026-09-06T20:09:06.956+01:00 INFO : Filtering template 83/96 segment 5/5
2026-09-06T20:09:06.973+01:00 INFO : 3 points above threshold
2026-09-06T20:09:06.983+01:00 INFO : 83: generating IMRPhenomD from 30.0 Hz
2026-09-06T20:09:06.986+01:00 INFO : Decompressing waveform using inline_linear
2026-09-06T20:09:06.991+01:00 INFO : Filtering template 84/96 segment 1/5
2026-09-06T20:09:07.011+01:00 INFO : Filtering template 84/96 segment 2/5
2026-09-06T20:09:07.028+01:00 INFO : Filtering template 84/96 segment 3/5
2026-09-06T20:09:07.046+01:00 INFO : 1 points above threshold
2026-09-06T20:09:07.062+01:00 INFO : Filtering template 84/96 segment 4/5
2026-09-06T20:09:07.079+01:00 INFO : 3 points above threshold
2026-09-06T20:09:07.089+01:00 INFO : Filtering template 84/96 segment 5/5
2026-09-06T20:09:07.106+01:00 INFO : 84: generating IMRPhenomD from 30.0 Hz
2026-09-06T20:09:07.110+01:00 INFO : Decompressing waveform using inline_linear
2026-09-06T20:09:07.115+01:00 INFO : Filtering template 85/96 segment 1/5
2026-09-06T20:09:07.134+01:00 INFO : 1 points above threshold
2026-09-06T20:09:07.150+01:00 INFO : Filtering template 85/96 segment 2/5
2026-09-06T20:09:07.168+01:00 INFO : 2 points above threshold
2026-09-06T20:09:07.175+01:00 INFO : Filtering template 85/96 segment 3/5
2026-09-06T20:09:07.192+01:00 INFO : 1 points above threshold
2026-09-06T20:09:07.198+01:00 INFO : Filtering template 85/96 segment 4/5
2026-09-06T20:09:07.215+01:00 INFO : 3 points above threshold
2026-09-06T20:09:07.224+01:00 INFO : Filtering template 85/96 segment 5/5
2026-09-06T20:09:07.242+01:00 INFO : 2 points above threshold
2026-09-06T20:09:07.249+01:00 INFO : 85: generating IMRPhenomD from 30.0 Hz
2026-09-06T20:09:07.252+01:00 INFO : Decompressing waveform using inline_linear
2026-09-06T20:09:07.257+01:00 INFO : Filtering template 86/96 segment 1/5
2026-09-06T20:09:07.277+01:00 INFO : 2 points above threshold
2026-09-06T20:09:07.295+01:00 INFO : Filtering template 86/96 segment 2/5
2026-09-06T20:09:07.312+01:00 INFO : 2 points above threshold
2026-09-06T20:09:07.320+01:00 INFO : Filtering template 86/96 segment 3/5
2026-09-06T20:09:07.337+01:00 INFO : 1 points above threshold
2026-09-06T20:09:07.342+01:00 INFO : Filtering template 86/96 segment 4/5
2026-09-06T20:09:07.361+01:00 INFO : 1 points above threshold
2026-09-06T20:09:07.366+01:00 INFO : Filtering template 86/96 segment 5/5
2026-09-06T20:09:07.383+01:00 INFO : 2 points above threshold
2026-09-06T20:09:07.391+01:00 INFO : 86: generating IMRPhenomD from 30.0 Hz
2026-09-06T20:09:07.394+01:00 INFO : Decompressing waveform using inline_linear
2026-09-06T20:09:07.399+01:00 INFO : Filtering template 87/96 segment 1/5
2026-09-06T20:09:07.419+01:00 INFO : 1 points above threshold
2026-09-06T20:09:07.434+01:00 INFO : Filtering template 87/96 segment 2/5
2026-09-06T20:09:07.452+01:00 INFO : 2 points above threshold
2026-09-06T20:09:07.459+01:00 INFO : Filtering template 87/96 segment 3/5
2026-09-06T20:09:07.477+01:00 INFO : 1 points above threshold
2026-09-06T20:09:07.482+01:00 INFO : Filtering template 87/96 segment 4/5
2026-09-06T20:09:07.500+01:00 INFO : 1 points above threshold
2026-09-06T20:09:07.505+01:00 INFO : Filtering template 87/96 segment 5/5
2026-09-06T20:09:07.522+01:00 INFO : 1 points above threshold
2026-09-06T20:09:07.528+01:00 INFO : 87: generating IMRPhenomD from 30.0 Hz
2026-09-06T20:09:07.531+01:00 INFO : Decompressing waveform using inline_linear
2026-09-06T20:09:07.536+01:00 INFO : Filtering template 88/96 segment 1/5
2026-09-06T20:09:07.556+01:00 INFO : 2 points above threshold
2026-09-06T20:09:07.574+01:00 INFO : Filtering template 88/96 segment 2/5
2026-09-06T20:09:07.592+01:00 INFO : 1 points above threshold
2026-09-06T20:09:07.597+01:00 INFO : Filtering template 88/96 segment 3/5
2026-09-06T20:09:07.615+01:00 INFO : Filtering template 88/96 segment 4/5
2026-09-06T20:09:07.633+01:00 INFO : Filtering template 88/96 segment 5/5
2026-09-06T20:09:07.650+01:00 INFO : 2 points above threshold
2026-09-06T20:09:07.658+01:00 INFO : 88: generating IMRPhenomD from 30.0 Hz
2026-09-06T20:09:07.661+01:00 INFO : Decompressing waveform using inline_linear
2026-09-06T20:09:07.666+01:00 INFO : Filtering template 89/96 segment 1/5
2026-09-06T20:09:07.685+01:00 INFO : 2 points above threshold
2026-09-06T20:09:07.704+01:00 INFO : Filtering template 89/96 segment 2/5
2026-09-06T20:09:07.722+01:00 INFO : 1 points above threshold
2026-09-06T20:09:07.727+01:00 INFO : Filtering template 89/96 segment 3/5
2026-09-06T20:09:07.745+01:00 INFO : 2 points above threshold
2026-09-06T20:09:07.752+01:00 INFO : Filtering template 89/96 segment 4/5
2026-09-06T20:09:07.770+01:00 INFO : Filtering template 89/96 segment 5/5
2026-09-06T20:09:07.788+01:00 INFO : 89: generating IMRPhenomD from 30.0 Hz
2026-09-06T20:09:07.791+01:00 INFO : Decompressing waveform using inline_linear
2026-09-06T20:09:07.796+01:00 INFO : Filtering template 90/96 segment 1/5
2026-09-06T20:09:07.816+01:00 INFO : Filtering template 90/96 segment 2/5
2026-09-06T20:09:07.833+01:00 INFO : 1 points above threshold
2026-09-06T20:09:07.850+01:00 INFO : Filtering template 90/96 segment 3/5
2026-09-06T20:09:07.868+01:00 INFO : 3 points above threshold
2026-09-06T20:09:07.877+01:00 INFO : Filtering template 90/96 segment 4/5
2026-09-06T20:09:07.895+01:00 INFO : Filtering template 90/96 segment 5/5
2026-09-06T20:09:07.912+01:00 INFO : 1 points above threshold
2026-09-06T20:09:07.918+01:00 INFO : 90: generating IMRPhenomD from 30.0 Hz
2026-09-06T20:09:07.921+01:00 INFO : Decompressing waveform using inline_linear
2026-09-06T20:09:07.926+01:00 INFO : Filtering template 91/96 segment 1/5
2026-09-06T20:09:07.946+01:00 INFO : Filtering template 91/96 segment 2/5
2026-09-06T20:09:07.963+01:00 INFO : 2 points above threshold
2026-09-06T20:09:07.982+01:00 INFO : Filtering template 91/96 segment 3/5
2026-09-06T20:09:08.000+01:00 INFO : 3 points above threshold
2026-09-06T20:09:08.009+01:00 INFO : Filtering template 91/96 segment 4/5
2026-09-06T20:09:08.027+01:00 INFO : Filtering template 91/96 segment 5/5
2026-09-06T20:09:08.044+01:00 INFO : 1 points above threshold
2026-09-06T20:09:08.050+01:00 INFO : 91: generating IMRPhenomD from 30.0 Hz
2026-09-06T20:09:08.053+01:00 INFO : Decompressing waveform using inline_linear
2026-09-06T20:09:08.058+01:00 INFO : Filtering template 92/96 segment 1/5
2026-09-06T20:09:08.078+01:00 INFO : 2 points above threshold
2026-09-06T20:09:08.095+01:00 INFO : Filtering template 92/96 segment 2/5
2026-09-06T20:09:08.113+01:00 INFO : 1 points above threshold
2026-09-06T20:09:08.118+01:00 INFO : Filtering template 92/96 segment 3/5
2026-09-06T20:09:08.136+01:00 INFO : 2 points above threshold
2026-09-06T20:09:08.143+01:00 INFO : Filtering template 92/96 segment 4/5
2026-09-06T20:09:08.161+01:00 INFO : 1 points above threshold
2026-09-06T20:09:08.166+01:00 INFO : Filtering template 92/96 segment 5/5
2026-09-06T20:09:08.183+01:00 INFO : 1 points above threshold
2026-09-06T20:09:08.189+01:00 INFO : 92: generating IMRPhenomD from 30.0 Hz
2026-09-06T20:09:08.192+01:00 INFO : Decompressing waveform using inline_linear
2026-09-06T20:09:08.197+01:00 INFO : Filtering template 93/96 segment 1/5
2026-09-06T20:09:08.217+01:00 INFO : Filtering template 93/96 segment 2/5
2026-09-06T20:09:08.235+01:00 INFO : 3 points above threshold
2026-09-06T20:09:08.254+01:00 INFO : Filtering template 93/96 segment 3/5
2026-09-06T20:09:08.272+01:00 INFO : 3 points above threshold
2026-09-06T20:09:08.281+01:00 INFO : Filtering template 93/96 segment 4/5
2026-09-06T20:09:08.299+01:00 INFO : 1 points above threshold
2026-09-06T20:09:08.304+01:00 INFO : Filtering template 93/96 segment 5/5
2026-09-06T20:09:08.322+01:00 INFO : 1 points above threshold
2026-09-06T20:09:08.327+01:00 INFO : 93: generating IMRPhenomD from 30.0 Hz
2026-09-06T20:09:08.330+01:00 INFO : Decompressing waveform using inline_linear
2026-09-06T20:09:08.335+01:00 INFO : Filtering template 94/96 segment 1/5
2026-09-06T20:09:08.355+01:00 INFO : 1 points above threshold
2026-09-06T20:09:08.371+01:00 INFO : Filtering template 94/96 segment 2/5
2026-09-06T20:09:08.388+01:00 INFO : 2 points above threshold
2026-09-06T20:09:08.396+01:00 INFO : Filtering template 94/96 segment 3/5
2026-09-06T20:09:08.413+01:00 INFO : 4 points above threshold
2026-09-06T20:09:08.422+01:00 INFO : Filtering template 94/96 segment 4/5
2026-09-06T20:09:08.439+01:00 INFO : Filtering template 94/96 segment 5/5
2026-09-06T20:09:08.457+01:00 INFO : 2 points above threshold
2026-09-06T20:09:08.465+01:00 INFO : 94: generating IMRPhenomD from 30.0 Hz
2026-09-06T20:09:08.468+01:00 INFO : Decompressing waveform using inline_linear
2026-09-06T20:09:08.473+01:00 INFO : Filtering template 95/96 segment 1/5
2026-09-06T20:09:08.493+01:00 INFO : 3 points above threshold
2026-09-06T20:09:08.512+01:00 INFO : Filtering template 95/96 segment 2/5
2026-09-06T20:09:08.530+01:00 INFO : 2 points above threshold
2026-09-06T20:09:08.537+01:00 INFO : Filtering template 95/96 segment 3/5
2026-09-06T20:09:08.555+01:00 INFO : 2 points above threshold
2026-09-06T20:09:08.562+01:00 INFO : Filtering template 95/96 segment 4/5
2026-09-06T20:09:08.580+01:00 INFO : 1 points above threshold
2026-09-06T20:09:08.585+01:00 INFO : Filtering template 95/96 segment 5/5
2026-09-06T20:09:08.603+01:00 INFO : 95: generating IMRPhenomD from 30.0 Hz
2026-09-06T20:09:08.606+01:00 INFO : Decompressing waveform using inline_linear
2026-09-06T20:09:08.611+01:00 INFO : Filtering template 96/96 segment 1/5
2026-09-06T20:09:08.631+01:00 INFO : 2 points above threshold
2026-09-06T20:09:08.648+01:00 INFO : Filtering template 96/96 segment 2/5
2026-09-06T20:09:08.666+01:00 INFO : Filtering template 96/96 segment 3/5
2026-09-06T20:09:08.683+01:00 INFO : Filtering template 96/96 segment 4/5
2026-09-06T20:09:08.701+01:00 INFO : 1 points above threshold
2026-09-06T20:09:08.706+01:00 INFO : Filtering template 96/96 segment 5/5
2026-09-06T20:09:08.724+01:00 INFO : We currently have 527 triggers
2026-09-06T20:09:08.724+01:00 INFO : Removing triggers with NewSNR below threshold
2026-09-06T20:09:08.725+01:00 INFO : 475 remaining triggers
2026-09-06T20:09:08.725+01:00 INFO : Outputting 475 triggers
2026-09-06T20:09:08.725+01:00 INFO : Writing out triggers
2026-09-06T20:09:08.738+01:00 INFO : Finished
