2026-09-06T17:43:15.425+01:00 INFO : Running with CPU support: 1 threads
2026-09-06T17:43:15.425+01:00 INFO : Reading Frames
2026-09-06T17:43:22.125+01:00 INFO : Highpass Filtering
2026-09-06T17:43:22.577+01:00 INFO : Resampling data
2026-09-06T17:43:22.589+01:00 INFO : Converting to float32
/home/xangma/pycbc-torch-inspiral-reference-20260906/source/pycbc/types/array.py:872: RuntimeWarning: divide by zero encountered in divide
  return self._data.__rtruediv__(other)
2026-09-06T17:43:27.682+01:00 INFO : Highpass Filtering
2026-09-06T17:43:28.124+01:00 INFO : Remove Padding
2026-09-06T17:43:28.146+01:00 INFO : Making frequency-domain data segments
/home/xangma/pycbc-torch-inspiral-reference-20260906/source/pycbc/types/array.py:872: RuntimeWarning: divide by zero encountered in divide
  return self._data.__rtruediv__(other)
2026-09-06T17:43:29.853+01:00 INFO : Overwhitening frequency-domain data segments
2026-09-06T17:43:29.873+01:00 INFO : Read in template bank
2026-09-06T17:43:29.883+01:00 INFO : Full template bank size: 96
2026-09-06T17:43:29.883+01:00 INFO : Template bank size after thinning: 96
2026-09-06T17:43:29.884+01:00 INFO : 0: generating IMRPhenomD from 30.0 Hz
2026-09-06T17:43:29.886+01:00 INFO : Decompressing waveform using inline_linear
2026-09-06T17:43:29.893+01:00 INFO : Filtering template 1/96 segment 1/5
2026-09-06T17:43:29.922+01:00 INFO : 1 points above threshold
2026-09-06T17:43:29.943+01:00 INFO : Filtering template 1/96 segment 2/5
2026-09-06T17:43:29.961+01:00 INFO : Filtering template 1/96 segment 3/5
2026-09-06T17:43:29.979+01:00 INFO : 1 points above threshold
2026-09-06T17:43:29.984+01:00 INFO : Filtering template 1/96 segment 4/5
2026-09-06T17:43:30.002+01:00 INFO : Filtering template 1/96 segment 5/5
2026-09-06T17:43:30.020+01:00 INFO : 1 points above threshold
2026-09-06T17:43:30.025+01:00 INFO : 1: generating IMRPhenomD from 30.0 Hz
2026-09-06T17:43:30.028+01:00 INFO : Decompressing waveform using inline_linear
2026-09-06T17:43:30.033+01:00 INFO : Filtering template 2/96 segment 1/5
2026-09-06T17:43:30.053+01:00 INFO : 1 points above threshold
2026-09-06T17:43:30.068+01:00 INFO : Filtering template 2/96 segment 2/5
2026-09-06T17:43:30.085+01:00 INFO : 1 points above threshold
2026-09-06T17:43:30.091+01:00 INFO : Filtering template 2/96 segment 3/5
2026-09-06T17:43:30.108+01:00 INFO : 2 points above threshold
2026-09-06T17:43:30.114+01:00 INFO : Filtering template 2/96 segment 4/5
2026-09-06T17:43:30.132+01:00 INFO : 1 points above threshold
2026-09-06T17:43:30.137+01:00 INFO : Filtering template 2/96 segment 5/5
2026-09-06T17:43:30.155+01:00 INFO : 1 points above threshold
2026-09-06T17:43:30.160+01:00 INFO : 2: generating IMRPhenomD from 30.0 Hz
2026-09-06T17:43:30.163+01:00 INFO : Decompressing waveform using inline_linear
2026-09-06T17:43:30.168+01:00 INFO : Filtering template 3/96 segment 1/5
2026-09-06T17:43:30.188+01:00 INFO : 3 points above threshold
2026-09-06T17:43:30.204+01:00 INFO : Filtering template 3/96 segment 2/5
2026-09-06T17:43:30.222+01:00 INFO : Filtering template 3/96 segment 3/5
2026-09-06T17:43:30.240+01:00 INFO : 1 points above threshold
2026-09-06T17:43:30.245+01:00 INFO : Filtering template 3/96 segment 4/5
2026-09-06T17:43:30.263+01:00 INFO : 1 points above threshold
2026-09-06T17:43:30.268+01:00 INFO : Filtering template 3/96 segment 5/5
2026-09-06T17:43:30.286+01:00 INFO : 3: generating IMRPhenomD from 30.0 Hz
2026-09-06T17:43:30.289+01:00 INFO : Decompressing waveform using inline_linear
2026-09-06T17:43:30.294+01:00 INFO : Filtering template 4/96 segment 1/5
2026-09-06T17:43:30.314+01:00 INFO : 1 points above threshold
2026-09-06T17:43:30.328+01:00 INFO : Filtering template 4/96 segment 2/5
2026-09-06T17:43:30.346+01:00 INFO : 1 points above threshold
2026-09-06T17:43:30.351+01:00 INFO : Filtering template 4/96 segment 3/5
2026-09-06T17:43:30.369+01:00 INFO : 2 points above threshold
2026-09-06T17:43:30.374+01:00 INFO : Filtering template 4/96 segment 4/5
2026-09-06T17:43:30.392+01:00 INFO : 2 points above threshold
2026-09-06T17:43:30.397+01:00 INFO : Filtering template 4/96 segment 5/5
2026-09-06T17:43:30.415+01:00 INFO : 2 points above threshold
2026-09-06T17:43:30.420+01:00 INFO : 4: generating IMRPhenomD from 30.0 Hz
2026-09-06T17:43:30.423+01:00 INFO : Decompressing waveform using inline_linear
2026-09-06T17:43:30.427+01:00 INFO : Filtering template 5/96 segment 1/5
2026-09-06T17:43:30.447+01:00 INFO : 1 points above threshold
2026-09-06T17:43:30.462+01:00 INFO : Filtering template 5/96 segment 2/5
2026-09-06T17:43:30.480+01:00 INFO : 2 points above threshold
2026-09-06T17:43:30.485+01:00 INFO : Filtering template 5/96 segment 3/5
2026-09-06T17:43:30.502+01:00 INFO : 2 points above threshold
2026-09-06T17:43:30.508+01:00 INFO : Filtering template 5/96 segment 4/5
2026-09-06T17:43:30.526+01:00 INFO : 2 points above threshold
2026-09-06T17:43:30.531+01:00 INFO : Filtering template 5/96 segment 5/5
2026-09-06T17:43:30.549+01:00 INFO : 5: generating IMRPhenomD from 30.0 Hz
2026-09-06T17:43:30.552+01:00 INFO : Decompressing waveform using inline_linear
2026-09-06T17:43:30.556+01:00 INFO : Filtering template 6/96 segment 1/5
2026-09-06T17:43:30.576+01:00 INFO : 1 points above threshold
2026-09-06T17:43:30.591+01:00 INFO : Filtering template 6/96 segment 2/5
2026-09-06T17:43:30.609+01:00 INFO : Filtering template 6/96 segment 3/5
2026-09-06T17:43:30.627+01:00 INFO : Filtering template 6/96 segment 4/5
2026-09-06T17:43:30.644+01:00 INFO : 1 points above threshold
2026-09-06T17:43:30.650+01:00 INFO : Filtering template 6/96 segment 5/5
2026-09-06T17:43:30.667+01:00 INFO : 1 points above threshold
2026-09-06T17:43:30.673+01:00 INFO : 6: generating IMRPhenomD from 30.0 Hz
2026-09-06T17:43:30.675+01:00 INFO : Decompressing waveform using inline_linear
2026-09-06T17:43:30.680+01:00 INFO : Filtering template 7/96 segment 1/5
2026-09-06T17:43:30.700+01:00 INFO : 2 points above threshold
2026-09-06T17:43:30.715+01:00 INFO : Filtering template 7/96 segment 2/5
2026-09-06T17:43:30.732+01:00 INFO : Filtering template 7/96 segment 3/5
2026-09-06T17:43:30.751+01:00 INFO : Filtering template 7/96 segment 4/5
2026-09-06T17:43:30.768+01:00 INFO : 1 points above threshold
2026-09-06T17:43:30.773+01:00 INFO : Filtering template 7/96 segment 5/5
2026-09-06T17:43:30.791+01:00 INFO : 7: generating IMRPhenomD from 30.0 Hz
2026-09-06T17:43:30.794+01:00 INFO : Decompressing waveform using inline_linear
2026-09-06T17:43:30.799+01:00 INFO : Filtering template 8/96 segment 1/5
2026-09-06T17:43:30.819+01:00 INFO : 1 points above threshold
2026-09-06T17:43:30.834+01:00 INFO : Filtering template 8/96 segment 2/5
2026-09-06T17:43:30.851+01:00 INFO : 1 points above threshold
2026-09-06T17:43:30.857+01:00 INFO : Filtering template 8/96 segment 3/5
2026-09-06T17:43:30.875+01:00 INFO : 4 points above threshold
2026-09-06T17:43:30.880+01:00 INFO : Filtering template 8/96 segment 4/5
2026-09-06T17:43:30.898+01:00 INFO : Filtering template 8/96 segment 5/5
2026-09-06T17:43:30.916+01:00 INFO : 8: generating IMRPhenomD from 30.0 Hz
2026-09-06T17:43:30.919+01:00 INFO : Decompressing waveform using inline_linear
2026-09-06T17:43:30.924+01:00 INFO : Filtering template 9/96 segment 1/5
2026-09-06T17:43:30.944+01:00 INFO : Filtering template 9/96 segment 2/5
2026-09-06T17:43:30.962+01:00 INFO : 1 points above threshold
2026-09-06T17:43:30.975+01:00 INFO : Filtering template 9/96 segment 3/5
2026-09-06T17:43:30.992+01:00 INFO : 2 points above threshold
2026-09-06T17:43:30.997+01:00 INFO : Filtering template 9/96 segment 4/5
2026-09-06T17:43:31.015+01:00 INFO : 1 points above threshold
2026-09-06T17:43:31.020+01:00 INFO : Filtering template 9/96 segment 5/5
2026-09-06T17:43:31.038+01:00 INFO : 3 points above threshold
2026-09-06T17:43:31.045+01:00 INFO : 9: generating IMRPhenomD from 30.0 Hz
2026-09-06T17:43:31.048+01:00 INFO : Decompressing waveform using inline_linear
2026-09-06T17:43:31.053+01:00 INFO : Filtering template 10/96 segment 1/5
2026-09-06T17:43:31.073+01:00 INFO : 1 points above threshold
2026-09-06T17:43:31.086+01:00 INFO : Filtering template 10/96 segment 2/5
2026-09-06T17:43:31.103+01:00 INFO : 1 points above threshold
2026-09-06T17:43:31.108+01:00 INFO : Filtering template 10/96 segment 3/5
2026-09-06T17:43:31.126+01:00 INFO : Filtering template 10/96 segment 4/5
2026-09-06T17:43:31.144+01:00 INFO : 2 points above threshold
2026-09-06T17:43:31.149+01:00 INFO : Filtering template 10/96 segment 5/5
2026-09-06T17:43:31.167+01:00 INFO : 1 points above threshold
2026-09-06T17:43:31.172+01:00 INFO : 10: generating IMRPhenomD from 30.0 Hz
2026-09-06T17:43:31.175+01:00 INFO : Decompressing waveform using inline_linear
2026-09-06T17:43:31.180+01:00 INFO : Filtering template 11/96 segment 1/5
2026-09-06T17:43:31.200+01:00 INFO : 4 points above threshold
2026-09-06T17:43:31.213+01:00 INFO : Filtering template 11/96 segment 2/5
2026-09-06T17:43:31.231+01:00 INFO : 2 points above threshold
2026-09-06T17:43:31.236+01:00 INFO : Filtering template 11/96 segment 3/5
2026-09-06T17:43:31.253+01:00 INFO : 1 points above threshold
2026-09-06T17:43:31.259+01:00 INFO : Filtering template 11/96 segment 4/5
2026-09-06T17:43:31.276+01:00 INFO : Filtering template 11/96 segment 5/5
2026-09-06T17:43:31.295+01:00 INFO : 11: generating IMRPhenomD from 30.0 Hz
2026-09-06T17:43:31.298+01:00 INFO : Decompressing waveform using inline_linear
2026-09-06T17:43:31.302+01:00 INFO : Filtering template 12/96 segment 1/5
2026-09-06T17:43:31.322+01:00 INFO : 1 points above threshold
2026-09-06T17:43:31.335+01:00 INFO : Filtering template 12/96 segment 2/5
2026-09-06T17:43:31.353+01:00 INFO : 1 points above threshold
2026-09-06T17:43:31.358+01:00 INFO : Filtering template 12/96 segment 3/5
2026-09-06T17:43:31.376+01:00 INFO : 1 points above threshold
2026-09-06T17:43:31.381+01:00 INFO : Filtering template 12/96 segment 4/5
2026-09-06T17:43:31.399+01:00 INFO : 3 points above threshold
2026-09-06T17:43:31.406+01:00 INFO : Filtering template 12/96 segment 5/5
2026-09-06T17:43:31.424+01:00 INFO : 12: generating IMRPhenomD from 30.0 Hz
2026-09-06T17:43:31.427+01:00 INFO : Decompressing waveform using inline_linear
2026-09-06T17:43:31.432+01:00 INFO : Filtering template 13/96 segment 1/5
2026-09-06T17:43:31.452+01:00 INFO : Filtering template 13/96 segment 2/5
2026-09-06T17:43:31.469+01:00 INFO : 4 points above threshold
2026-09-06T17:43:31.482+01:00 INFO : Filtering template 13/96 segment 3/5
2026-09-06T17:43:31.500+01:00 INFO : Filtering template 13/96 segment 4/5
2026-09-06T17:43:31.518+01:00 INFO : Filtering template 13/96 segment 5/5
2026-09-06T17:43:31.536+01:00 INFO : 1 points above threshold
2026-09-06T17:43:31.541+01:00 INFO : 13: generating IMRPhenomD from 30.0 Hz
2026-09-06T17:43:31.544+01:00 INFO : Decompressing waveform using inline_linear
2026-09-06T17:43:31.549+01:00 INFO : Filtering template 14/96 segment 1/5
2026-09-06T17:43:31.569+01:00 INFO : 1 points above threshold
2026-09-06T17:43:31.582+01:00 INFO : Filtering template 14/96 segment 2/5
2026-09-06T17:43:31.599+01:00 INFO : 2 points above threshold
2026-09-06T17:43:31.605+01:00 INFO : Filtering template 14/96 segment 3/5
2026-09-06T17:43:31.623+01:00 INFO : 3 points above threshold
2026-09-06T17:43:31.630+01:00 INFO : Filtering template 14/96 segment 4/5
2026-09-06T17:43:31.648+01:00 INFO : 2 points above threshold
2026-09-06T17:43:31.653+01:00 INFO : Filtering template 14/96 segment 5/5
2026-09-06T17:43:31.671+01:00 INFO : 14: generating IMRPhenomD from 30.0 Hz
2026-09-06T17:43:31.674+01:00 INFO : Decompressing waveform using inline_linear
2026-09-06T17:43:31.678+01:00 INFO : Filtering template 15/96 segment 1/5
2026-09-06T17:43:31.698+01:00 INFO : 1 points above threshold
2026-09-06T17:43:31.711+01:00 INFO : Filtering template 15/96 segment 2/5
2026-09-06T17:43:31.729+01:00 INFO : Filtering template 15/96 segment 3/5
2026-09-06T17:43:31.747+01:00 INFO : 1 points above threshold
2026-09-06T17:43:31.752+01:00 INFO : Filtering template 15/96 segment 4/5
2026-09-06T17:43:31.770+01:00 INFO : 1 points above threshold
2026-09-06T17:43:31.775+01:00 INFO : Filtering template 15/96 segment 5/5
2026-09-06T17:43:31.793+01:00 INFO : 3 points above threshold
2026-09-06T17:43:31.800+01:00 INFO : 15: generating IMRPhenomD from 30.0 Hz
2026-09-06T17:43:31.803+01:00 INFO : Decompressing waveform using inline_linear
2026-09-06T17:43:31.807+01:00 INFO : Filtering template 16/96 segment 1/5
2026-09-06T17:43:31.827+01:00 INFO : 1 points above threshold
2026-09-06T17:43:31.841+01:00 INFO : Filtering template 16/96 segment 2/5
2026-09-06T17:43:31.858+01:00 INFO : 2 points above threshold
2026-09-06T17:43:31.864+01:00 INFO : Filtering template 16/96 segment 3/5
2026-09-06T17:43:31.881+01:00 INFO : 3 points above threshold
2026-09-06T17:43:31.888+01:00 INFO : Filtering template 16/96 segment 4/5
2026-09-06T17:43:31.906+01:00 INFO : 2 points above threshold
2026-09-06T17:43:31.911+01:00 INFO : Filtering template 16/96 segment 5/5
2026-09-06T17:43:31.929+01:00 INFO : 16: generating IMRPhenomD from 30.0 Hz
2026-09-06T17:43:31.932+01:00 INFO : Decompressing waveform using inline_linear
2026-09-06T17:43:31.937+01:00 INFO : Filtering template 17/96 segment 1/5
2026-09-06T17:43:31.957+01:00 INFO : 2 points above threshold
2026-09-06T17:43:31.971+01:00 INFO : Filtering template 17/96 segment 2/5
2026-09-06T17:43:31.989+01:00 INFO : 3 points above threshold
2026-09-06T17:43:31.996+01:00 INFO : Filtering template 17/96 segment 3/5
2026-09-06T17:43:32.014+01:00 INFO : Filtering template 17/96 segment 4/5
2026-09-06T17:43:32.032+01:00 INFO : 2 points above threshold
2026-09-06T17:43:32.037+01:00 INFO : Filtering template 17/96 segment 5/5
2026-09-06T17:43:32.055+01:00 INFO : 3 points above threshold
2026-09-06T17:43:32.062+01:00 INFO : 17: generating IMRPhenomD from 30.0 Hz
2026-09-06T17:43:32.065+01:00 INFO : Decompressing waveform using inline_linear
2026-09-06T17:43:32.069+01:00 INFO : Filtering template 18/96 segment 1/5
2026-09-06T17:43:32.089+01:00 INFO : Filtering template 18/96 segment 2/5
2026-09-06T17:43:32.107+01:00 INFO : Filtering template 18/96 segment 3/5
2026-09-06T17:43:32.125+01:00 INFO : 1 points above threshold
2026-09-06T17:43:32.140+01:00 INFO : Filtering template 18/96 segment 4/5
2026-09-06T17:43:32.157+01:00 INFO : Filtering template 18/96 segment 5/5
2026-09-06T17:43:32.175+01:00 INFO : 2 points above threshold
2026-09-06T17:43:32.180+01:00 INFO : 18: generating IMRPhenomD from 30.0 Hz
2026-09-06T17:43:32.183+01:00 INFO : Decompressing waveform using inline_linear
2026-09-06T17:43:32.188+01:00 INFO : Filtering template 19/96 segment 1/5
2026-09-06T17:43:32.208+01:00 INFO : 3 points above threshold
2026-09-06T17:43:32.225+01:00 INFO : Filtering template 19/96 segment 2/5
2026-09-06T17:43:32.242+01:00 INFO : 1 points above threshold
2026-09-06T17:43:32.247+01:00 INFO : Filtering template 19/96 segment 3/5
2026-09-06T17:43:32.265+01:00 INFO : 1 points above threshold
2026-09-06T17:43:32.270+01:00 INFO : Filtering template 19/96 segment 4/5
2026-09-06T17:43:32.288+01:00 INFO : 3 points above threshold
2026-09-06T17:43:32.295+01:00 INFO : Filtering template 19/96 segment 5/5
2026-09-06T17:43:32.313+01:00 INFO : 1 points above threshold
2026-09-06T17:43:32.318+01:00 INFO : 19: generating IMRPhenomD from 30.0 Hz
2026-09-06T17:43:32.321+01:00 INFO : Decompressing waveform using inline_linear
2026-09-06T17:43:32.326+01:00 INFO : Filtering template 20/96 segment 1/5
2026-09-06T17:43:32.346+01:00 INFO : 1 points above threshold
2026-09-06T17:43:32.361+01:00 INFO : Filtering template 20/96 segment 2/5
2026-09-06T17:43:32.378+01:00 INFO : 3 points above threshold
2026-09-06T17:43:32.385+01:00 INFO : Filtering template 20/96 segment 3/5
2026-09-06T17:43:32.403+01:00 INFO : Filtering template 20/96 segment 4/5
2026-09-06T17:43:32.421+01:00 INFO : 2 points above threshold
2026-09-06T17:43:32.426+01:00 INFO : Filtering template 20/96 segment 5/5
2026-09-06T17:43:32.444+01:00 INFO : 20: generating IMRPhenomD from 30.0 Hz
2026-09-06T17:43:32.447+01:00 INFO : Decompressing waveform using inline_linear
2026-09-06T17:43:32.452+01:00 INFO : Filtering template 21/96 segment 1/5
2026-09-06T17:43:32.472+01:00 INFO : 1 points above threshold
2026-09-06T17:43:32.486+01:00 INFO : Filtering template 21/96 segment 2/5
2026-09-06T17:43:32.504+01:00 INFO : 1 points above threshold
2026-09-06T17:43:32.509+01:00 INFO : Filtering template 21/96 segment 3/5
2026-09-06T17:43:32.527+01:00 INFO : 1 points above threshold
2026-09-06T17:43:32.532+01:00 INFO : Filtering template 21/96 segment 4/5
2026-09-06T17:43:32.550+01:00 INFO : Filtering template 21/96 segment 5/5
2026-09-06T17:43:32.568+01:00 INFO : 21: generating IMRPhenomD from 30.0 Hz
2026-09-06T17:43:32.571+01:00 INFO : Decompressing waveform using inline_linear
2026-09-06T17:43:32.576+01:00 INFO : Filtering template 22/96 segment 1/5
2026-09-06T17:43:32.595+01:00 INFO : 5 points above threshold
2026-09-06T17:43:32.612+01:00 INFO : Filtering template 22/96 segment 2/5
2026-09-06T17:43:32.630+01:00 INFO : Filtering template 22/96 segment 3/5
2026-09-06T17:43:32.648+01:00 INFO : Filtering template 22/96 segment 4/5
2026-09-06T17:43:32.666+01:00 INFO : 1 points above threshold
2026-09-06T17:43:32.671+01:00 INFO : Filtering template 22/96 segment 5/5
2026-09-06T17:43:32.689+01:00 INFO : 1 points above threshold
2026-09-06T17:43:32.694+01:00 INFO : 22: generating IMRPhenomD from 30.0 Hz
2026-09-06T17:43:32.697+01:00 INFO : Decompressing waveform using inline_linear
2026-09-06T17:43:32.702+01:00 INFO : Filtering template 23/96 segment 1/5
2026-09-06T17:43:32.721+01:00 INFO : 2 points above threshold
2026-09-06T17:43:32.737+01:00 INFO : Filtering template 23/96 segment 2/5
2026-09-06T17:43:32.755+01:00 INFO : 1 points above threshold
2026-09-06T17:43:32.760+01:00 INFO : Filtering template 23/96 segment 3/5
2026-09-06T17:43:32.778+01:00 INFO : 1 points above threshold
2026-09-06T17:43:32.783+01:00 INFO : Filtering template 23/96 segment 4/5
2026-09-06T17:43:32.801+01:00 INFO : Filtering template 23/96 segment 5/5
2026-09-06T17:43:32.819+01:00 INFO : 23: generating IMRPhenomD from 30.0 Hz
2026-09-06T17:43:32.822+01:00 INFO : Decompressing waveform using inline_linear
2026-09-06T17:43:32.826+01:00 INFO : Filtering template 24/96 segment 1/5
2026-09-06T17:43:32.846+01:00 INFO : 1 points above threshold
2026-09-06T17:43:32.861+01:00 INFO : Filtering template 24/96 segment 2/5
2026-09-06T17:43:32.879+01:00 INFO : 2 points above threshold
2026-09-06T17:43:32.884+01:00 INFO : Filtering template 24/96 segment 3/5
2026-09-06T17:43:32.902+01:00 INFO : 1 points above threshold
2026-09-06T17:43:32.907+01:00 INFO : Filtering template 24/96 segment 4/5
2026-09-06T17:43:32.924+01:00 INFO : Filtering template 24/96 segment 5/5
2026-09-06T17:43:32.943+01:00 INFO : 2 points above threshold
2026-09-06T17:43:32.964+01:00 INFO : 24: generating IMRPhenomD from 30.0 Hz
2026-09-06T17:43:32.967+01:00 INFO : Decompressing waveform using inline_linear
2026-09-06T17:43:32.972+01:00 INFO : Filtering template 25/96 segment 1/5
2026-09-06T17:43:32.992+01:00 INFO : 2 points above threshold
2026-09-06T17:43:33.007+01:00 INFO : Filtering template 25/96 segment 2/5
2026-09-06T17:43:33.025+01:00 INFO : Filtering template 25/96 segment 3/5
2026-09-06T17:43:33.042+01:00 INFO : Filtering template 25/96 segment 4/5
2026-09-06T17:43:33.060+01:00 INFO : Filtering template 25/96 segment 5/5
2026-09-06T17:43:33.078+01:00 INFO : 25: generating IMRPhenomD from 30.0 Hz
2026-09-06T17:43:33.081+01:00 INFO : Decompressing waveform using inline_linear
2026-09-06T17:43:33.086+01:00 INFO : Filtering template 26/96 segment 1/5
2026-09-06T17:43:33.106+01:00 INFO : Filtering template 26/96 segment 2/5
2026-09-06T17:43:33.124+01:00 INFO : 2 points above threshold
2026-09-06T17:43:33.138+01:00 INFO : Filtering template 26/96 segment 3/5
2026-09-06T17:43:33.156+01:00 INFO : Filtering template 26/96 segment 4/5
2026-09-06T17:43:33.174+01:00 INFO : 2 points above threshold
2026-09-06T17:43:33.179+01:00 INFO : Filtering template 26/96 segment 5/5
2026-09-06T17:43:33.196+01:00 INFO : 2 points above threshold
2026-09-06T17:43:33.202+01:00 INFO : 26: generating IMRPhenomD from 30.0 Hz
2026-09-06T17:43:33.204+01:00 INFO : Decompressing waveform using inline_linear
2026-09-06T17:43:33.209+01:00 INFO : Filtering template 27/96 segment 1/5
2026-09-06T17:43:33.229+01:00 INFO : 3 points above threshold
2026-09-06T17:43:33.245+01:00 INFO : Filtering template 27/96 segment 2/5
2026-09-06T17:43:33.263+01:00 INFO : Filtering template 27/96 segment 3/5
2026-09-06T17:43:33.281+01:00 INFO : 1 points above threshold
2026-09-06T17:43:33.286+01:00 INFO : Filtering template 27/96 segment 4/5
2026-09-06T17:43:33.304+01:00 INFO : Filtering template 27/96 segment 5/5
2026-09-06T17:43:33.322+01:00 INFO : 27: generating IMRPhenomD from 30.0 Hz
2026-09-06T17:43:33.325+01:00 INFO : Decompressing waveform using inline_linear
2026-09-06T17:43:33.329+01:00 INFO : Filtering template 28/96 segment 1/5
2026-09-06T17:43:33.349+01:00 INFO : 4 points above threshold
2026-09-06T17:43:33.364+01:00 INFO : Filtering template 28/96 segment 2/5
2026-09-06T17:43:33.382+01:00 INFO : 1 points above threshold
2026-09-06T17:43:33.387+01:00 INFO : Filtering template 28/96 segment 3/5
2026-09-06T17:43:33.404+01:00 INFO : 2 points above threshold
2026-09-06T17:43:33.410+01:00 INFO : Filtering template 28/96 segment 4/5
2026-09-06T17:43:33.427+01:00 INFO : Filtering template 28/96 segment 5/5
2026-09-06T17:43:33.446+01:00 INFO : 28: generating IMRPhenomD from 30.0 Hz
2026-09-06T17:43:33.448+01:00 INFO : Decompressing waveform using inline_linear
2026-09-06T17:43:33.453+01:00 INFO : Filtering template 29/96 segment 1/5
2026-09-06T17:43:33.473+01:00 INFO : 2 points above threshold
2026-09-06T17:43:33.488+01:00 INFO : Filtering template 29/96 segment 2/5
2026-09-06T17:43:33.506+01:00 INFO : 2 points above threshold
2026-09-06T17:43:33.511+01:00 INFO : Filtering template 29/96 segment 3/5
2026-09-06T17:43:33.529+01:00 INFO : 1 points above threshold
2026-09-06T17:43:33.534+01:00 INFO : Filtering template 29/96 segment 4/5
2026-09-06T17:43:33.551+01:00 INFO : 2 points above threshold
2026-09-06T17:43:33.557+01:00 INFO : Filtering template 29/96 segment 5/5
2026-09-06T17:43:33.574+01:00 INFO : 3 points above threshold
2026-09-06T17:43:33.582+01:00 INFO : 29: generating IMRPhenomD from 30.0 Hz
2026-09-06T17:43:33.584+01:00 INFO : Decompressing waveform using inline_linear
2026-09-06T17:43:33.589+01:00 INFO : Filtering template 30/96 segment 1/5
2026-09-06T17:43:33.609+01:00 INFO : 1 points above threshold
2026-09-06T17:43:33.623+01:00 INFO : Filtering template 30/96 segment 2/5
2026-09-06T17:43:33.641+01:00 INFO : 1 points above threshold
2026-09-06T17:43:33.646+01:00 INFO : Filtering template 30/96 segment 3/5
2026-09-06T17:43:33.664+01:00 INFO : 1 points above threshold
2026-09-06T17:43:33.669+01:00 INFO : Filtering template 30/96 segment 4/5
2026-09-06T17:43:33.687+01:00 INFO : Filtering template 30/96 segment 5/5
2026-09-06T17:43:33.705+01:00 INFO : 30: generating IMRPhenomD from 30.0 Hz
2026-09-06T17:43:33.708+01:00 INFO : Decompressing waveform using inline_linear
2026-09-06T17:43:33.713+01:00 INFO : Filtering template 31/96 segment 1/5
2026-09-06T17:43:33.733+01:00 INFO : Filtering template 31/96 segment 2/5
2026-09-06T17:43:33.751+01:00 INFO : 1 points above threshold
2026-09-06T17:43:33.765+01:00 INFO : Filtering template 31/96 segment 3/5
2026-09-06T17:43:33.783+01:00 INFO : Filtering template 31/96 segment 4/5
2026-09-06T17:43:33.801+01:00 INFO : 1 points above threshold
2026-09-06T17:43:33.806+01:00 INFO : Filtering template 31/96 segment 5/5
2026-09-06T17:43:33.823+01:00 INFO : 1 points above threshold
2026-09-06T17:43:33.829+01:00 INFO : 31: generating IMRPhenomD from 30.0 Hz
2026-09-06T17:43:33.831+01:00 INFO : Decompressing waveform using inline_linear
2026-09-06T17:43:33.836+01:00 INFO : Filtering template 32/96 segment 1/5
2026-09-06T17:43:33.856+01:00 INFO : Filtering template 32/96 segment 2/5
2026-09-06T17:43:33.874+01:00 INFO : Filtering template 32/96 segment 3/5
2026-09-06T17:43:33.892+01:00 INFO : Filtering template 32/96 segment 4/5
2026-09-06T17:43:33.910+01:00 INFO : 3 points above threshold
2026-09-06T17:43:33.926+01:00 INFO : Filtering template 32/96 segment 5/5
2026-09-06T17:43:33.944+01:00 INFO : 2 points above threshold
2026-09-06T17:43:33.949+01:00 INFO : 32: generating IMRPhenomD from 30.0 Hz
2026-09-06T17:43:33.952+01:00 INFO : Decompressing waveform using inline_linear
2026-09-06T17:43:33.957+01:00 INFO : Filtering template 33/96 segment 1/5
2026-09-06T17:43:33.977+01:00 INFO : 2 points above threshold
2026-09-06T17:43:33.991+01:00 INFO : Filtering template 33/96 segment 2/5
2026-09-06T17:43:34.009+01:00 INFO : Filtering template 33/96 segment 3/5
2026-09-06T17:43:34.027+01:00 INFO : Filtering template 33/96 segment 4/5
2026-09-06T17:43:34.045+01:00 INFO : 1 points above threshold
2026-09-06T17:43:34.050+01:00 INFO : Filtering template 33/96 segment 5/5
2026-09-06T17:43:34.068+01:00 INFO : 33: generating IMRPhenomD from 30.0 Hz
2026-09-06T17:43:34.071+01:00 INFO : Decompressing waveform using inline_linear
2026-09-06T17:43:34.076+01:00 INFO : Filtering template 34/96 segment 1/5
2026-09-06T17:43:34.096+01:00 INFO : Filtering template 34/96 segment 2/5
2026-09-06T17:43:34.113+01:00 INFO : 1 points above threshold
2026-09-06T17:43:34.128+01:00 INFO : Filtering template 34/96 segment 3/5
2026-09-06T17:43:34.145+01:00 INFO : 1 points above threshold
2026-09-06T17:43:34.151+01:00 INFO : Filtering template 34/96 segment 4/5
2026-09-06T17:43:34.168+01:00 INFO : Filtering template 34/96 segment 5/5
2026-09-06T17:43:34.186+01:00 INFO : 1 points above threshold
2026-09-06T17:43:34.192+01:00 INFO : 34: generating IMRPhenomD from 30.0 Hz
2026-09-06T17:43:34.194+01:00 INFO : Decompressing waveform using inline_linear
2026-09-06T17:43:34.199+01:00 INFO : Filtering template 35/96 segment 1/5
2026-09-06T17:43:34.219+01:00 INFO : 1 points above threshold
2026-09-06T17:43:34.233+01:00 INFO : Filtering template 35/96 segment 2/5
2026-09-06T17:43:34.251+01:00 INFO : 1 points above threshold
2026-09-06T17:43:34.256+01:00 INFO : Filtering template 35/96 segment 3/5
2026-09-06T17:43:34.274+01:00 INFO : 1 points above threshold
2026-09-06T17:43:34.279+01:00 INFO : Filtering template 35/96 segment 4/5
2026-09-06T17:43:34.297+01:00 INFO : Filtering template 35/96 segment 5/5
2026-09-06T17:43:34.315+01:00 INFO : 35: generating IMRPhenomD from 30.0 Hz
2026-09-06T17:43:34.318+01:00 INFO : Decompressing waveform using inline_linear
2026-09-06T17:43:34.323+01:00 INFO : Filtering template 36/96 segment 1/5
2026-09-06T17:43:34.343+01:00 INFO : 3 points above threshold
2026-09-06T17:43:34.359+01:00 INFO : Filtering template 36/96 segment 2/5
2026-09-06T17:43:34.377+01:00 INFO : 1 points above threshold
2026-09-06T17:43:34.382+01:00 INFO : Filtering template 36/96 segment 3/5
2026-09-06T17:43:34.400+01:00 INFO : 2 points above threshold
2026-09-06T17:43:34.405+01:00 INFO : Filtering template 36/96 segment 4/5
2026-09-06T17:43:34.423+01:00 INFO : Filtering template 36/96 segment 5/5
2026-09-06T17:43:34.441+01:00 INFO : 1 points above threshold
2026-09-06T17:43:34.446+01:00 INFO : 36: generating IMRPhenomD from 30.0 Hz
2026-09-06T17:43:34.449+01:00 INFO : Decompressing waveform using inline_linear
2026-09-06T17:43:34.453+01:00 INFO : Filtering template 37/96 segment 1/5
2026-09-06T17:43:34.473+01:00 INFO : 2 points above threshold
2026-09-06T17:43:34.488+01:00 INFO : Filtering template 37/96 segment 2/5
2026-09-06T17:43:34.506+01:00 INFO : 3 points above threshold
2026-09-06T17:43:34.513+01:00 INFO : Filtering template 37/96 segment 3/5
2026-09-06T17:43:34.530+01:00 INFO : 1 points above threshold
2026-09-06T17:43:34.536+01:00 INFO : Filtering template 37/96 segment 4/5
2026-09-06T17:43:34.553+01:00 INFO : 3 points above threshold
2026-09-06T17:43:34.560+01:00 INFO : Filtering template 37/96 segment 5/5
2026-09-06T17:43:34.578+01:00 INFO : 37: generating IMRPhenomD from 30.0 Hz
2026-09-06T17:43:34.581+01:00 INFO : Decompressing waveform using inline_linear
2026-09-06T17:43:34.586+01:00 INFO : Filtering template 38/96 segment 1/5
2026-09-06T17:43:34.606+01:00 INFO : Filtering template 38/96 segment 2/5
2026-09-06T17:43:34.625+01:00 INFO : Filtering template 38/96 segment 3/5
2026-09-06T17:43:34.645+01:00 INFO : 1 points above threshold
2026-09-06T17:43:34.661+01:00 INFO : Filtering template 38/96 segment 4/5
2026-09-06T17:43:34.680+01:00 INFO : 1 points above threshold
2026-09-06T17:43:34.686+01:00 INFO : Filtering template 38/96 segment 5/5
2026-09-06T17:43:34.704+01:00 INFO : 1 points above threshold
2026-09-06T17:43:34.710+01:00 INFO : 38: generating IMRPhenomD from 30.0 Hz
2026-09-06T17:43:34.713+01:00 INFO : Decompressing waveform using inline_linear
2026-09-06T17:43:34.717+01:00 INFO : Filtering template 39/96 segment 1/5
2026-09-06T17:43:34.737+01:00 INFO : Filtering template 39/96 segment 2/5
2026-09-06T17:43:34.755+01:00 INFO : 2 points above threshold
2026-09-06T17:43:34.770+01:00 INFO : Filtering template 39/96 segment 3/5
2026-09-06T17:43:34.788+01:00 INFO : Filtering template 39/96 segment 4/5
2026-09-06T17:43:34.805+01:00 INFO : 2 points above threshold
2026-09-06T17:43:34.810+01:00 INFO : Filtering template 39/96 segment 5/5
2026-09-06T17:43:34.828+01:00 INFO : 39: generating IMRPhenomD from 30.0 Hz
2026-09-06T17:43:34.831+01:00 INFO : Decompressing waveform using inline_linear
2026-09-06T17:43:34.836+01:00 INFO : Filtering template 40/96 segment 1/5
2026-09-06T17:43:34.856+01:00 INFO : Filtering template 40/96 segment 2/5
2026-09-06T17:43:34.874+01:00 INFO : Filtering template 40/96 segment 3/5
2026-09-06T17:43:34.892+01:00 INFO : Filtering template 40/96 segment 4/5
2026-09-06T17:43:34.909+01:00 INFO : 2 points above threshold
2026-09-06T17:43:34.924+01:00 INFO : Filtering template 40/96 segment 5/5
2026-09-06T17:43:34.942+01:00 INFO : 40: generating IMRPhenomD from 30.0 Hz
2026-09-06T17:43:34.945+01:00 INFO : Decompressing waveform using inline_linear
2026-09-06T17:43:34.950+01:00 INFO : Filtering template 41/96 segment 1/5
2026-09-06T17:43:34.970+01:00 INFO : Filtering template 41/96 segment 2/5
2026-09-06T17:43:34.988+01:00 INFO : Filtering template 41/96 segment 3/5
2026-09-06T17:43:35.005+01:00 INFO : 2 points above threshold
2026-09-06T17:43:35.020+01:00 INFO : Filtering template 41/96 segment 4/5
2026-09-06T17:43:35.038+01:00 INFO : 2 points above threshold
2026-09-06T17:43:35.043+01:00 INFO : Filtering template 41/96 segment 5/5
2026-09-06T17:43:35.061+01:00 INFO : 41: generating IMRPhenomD from 30.0 Hz
2026-09-06T17:43:35.063+01:00 INFO : Decompressing waveform using inline_linear
2026-09-06T17:43:35.068+01:00 INFO : Filtering template 42/96 segment 1/5
2026-09-06T17:43:35.088+01:00 INFO : Filtering template 42/96 segment 2/5
2026-09-06T17:43:35.106+01:00 INFO : 2 points above threshold
2026-09-06T17:43:35.120+01:00 INFO : Filtering template 42/96 segment 3/5
2026-09-06T17:43:35.138+01:00 INFO : Filtering template 42/96 segment 4/5
2026-09-06T17:43:35.156+01:00 INFO : 1 points above threshold
2026-09-06T17:43:35.161+01:00 INFO : Filtering template 42/96 segment 5/5
2026-09-06T17:43:35.179+01:00 INFO : 1 points above threshold
2026-09-06T17:43:35.184+01:00 INFO : 42: generating IMRPhenomD from 30.0 Hz
2026-09-06T17:43:35.187+01:00 INFO : Decompressing waveform using inline_linear
2026-09-06T17:43:35.191+01:00 INFO : Filtering template 43/96 segment 1/5
2026-09-06T17:43:35.211+01:00 INFO : 1 points above threshold
2026-09-06T17:43:35.226+01:00 INFO : Filtering template 43/96 segment 2/5
2026-09-06T17:43:35.244+01:00 INFO : 2 points above threshold
2026-09-06T17:43:35.249+01:00 INFO : Filtering template 43/96 segment 3/5
2026-09-06T17:43:35.267+01:00 INFO : 1 points above threshold
2026-09-06T17:43:35.272+01:00 INFO : Filtering template 43/96 segment 4/5
2026-09-06T17:43:35.290+01:00 INFO : Filtering template 43/96 segment 5/5
2026-09-06T17:43:35.308+01:00 INFO : 43: generating IMRPhenomD from 30.0 Hz
2026-09-06T17:43:35.310+01:00 INFO : Decompressing waveform using inline_linear
2026-09-06T17:43:35.315+01:00 INFO : Filtering template 44/96 segment 1/5
2026-09-06T17:43:35.335+01:00 INFO : 1 points above threshold
2026-09-06T17:43:35.350+01:00 INFO : Filtering template 44/96 segment 2/5
2026-09-06T17:43:35.368+01:00 INFO : Filtering template 44/96 segment 3/5
2026-09-06T17:43:35.385+01:00 INFO : Filtering template 44/96 segment 4/5
2026-09-06T17:43:35.403+01:00 INFO : 1 points above threshold
2026-09-06T17:43:35.408+01:00 INFO : Filtering template 44/96 segment 5/5
2026-09-06T17:43:35.426+01:00 INFO : 44: generating IMRPhenomD from 30.0 Hz
2026-09-06T17:43:35.429+01:00 INFO : Decompressing waveform using inline_linear
2026-09-06T17:43:35.434+01:00 INFO : Filtering template 45/96 segment 1/5
2026-09-06T17:43:35.454+01:00 INFO : 2 points above threshold
2026-09-06T17:43:35.468+01:00 INFO : Filtering template 45/96 segment 2/5
2026-09-06T17:43:35.486+01:00 INFO : 1 points above threshold
2026-09-06T17:43:35.491+01:00 INFO : Filtering template 45/96 segment 3/5
2026-09-06T17:43:35.510+01:00 INFO : 1 points above threshold
2026-09-06T17:43:35.515+01:00 INFO : Filtering template 45/96 segment 4/5
2026-09-06T17:43:35.533+01:00 INFO : Filtering template 45/96 segment 5/5
2026-09-06T17:43:35.551+01:00 INFO : 45: generating IMRPhenomD from 30.0 Hz
2026-09-06T17:43:35.554+01:00 INFO : Decompressing waveform using inline_linear
2026-09-06T17:43:35.559+01:00 INFO : Filtering template 46/96 segment 1/5
2026-09-06T17:43:35.579+01:00 INFO : Filtering template 46/96 segment 2/5
2026-09-06T17:43:35.596+01:00 INFO : Filtering template 46/96 segment 3/5
2026-09-06T17:43:35.614+01:00 INFO : 1 points above threshold
2026-09-06T17:43:35.629+01:00 INFO : Filtering template 46/96 segment 4/5
2026-09-06T17:43:35.647+01:00 INFO : 3 points above threshold
2026-09-06T17:43:35.654+01:00 INFO : Filtering template 46/96 segment 5/5
2026-09-06T17:43:35.671+01:00 INFO : 1 points above threshold
2026-09-06T17:43:35.677+01:00 INFO : 46: generating IMRPhenomD from 30.0 Hz
2026-09-06T17:43:35.680+01:00 INFO : Decompressing waveform using inline_linear
2026-09-06T17:43:35.684+01:00 INFO : Filtering template 47/96 segment 1/5
2026-09-06T17:43:35.704+01:00 INFO : 3 points above threshold
2026-09-06T17:43:35.721+01:00 INFO : Filtering template 47/96 segment 2/5
2026-09-06T17:43:35.738+01:00 INFO : Filtering template 47/96 segment 3/5
2026-09-06T17:43:35.756+01:00 INFO : 2 points above threshold
2026-09-06T17:43:35.761+01:00 INFO : Filtering template 47/96 segment 4/5
2026-09-06T17:43:35.779+01:00 INFO : 1 points above threshold
2026-09-06T17:43:35.784+01:00 INFO : Filtering template 47/96 segment 5/5
2026-09-06T17:43:35.802+01:00 INFO : 1 points above threshold
2026-09-06T17:43:35.807+01:00 INFO : 47: generating IMRPhenomD from 30.0 Hz
2026-09-06T17:43:35.810+01:00 INFO : Decompressing waveform using inline_linear
2026-09-06T17:43:35.815+01:00 INFO : Filtering template 48/96 segment 1/5
2026-09-06T17:43:35.835+01:00 INFO : 3 points above threshold
2026-09-06T17:43:35.851+01:00 INFO : Filtering template 48/96 segment 2/5
2026-09-06T17:43:35.869+01:00 INFO : 1 points above threshold
2026-09-06T17:43:35.874+01:00 INFO : Filtering template 48/96 segment 3/5
2026-09-06T17:43:35.892+01:00 INFO : 1 points above threshold
2026-09-06T17:43:35.897+01:00 INFO : Filtering template 48/96 segment 4/5
2026-09-06T17:43:35.915+01:00 INFO : 2 points above threshold
2026-09-06T17:43:35.920+01:00 INFO : Filtering template 48/96 segment 5/5
2026-09-06T17:43:35.938+01:00 INFO : 1 points above threshold
2026-09-06T17:43:35.943+01:00 INFO : 48: generating IMRPhenomD from 30.0 Hz
2026-09-06T17:43:35.946+01:00 INFO : Decompressing waveform using inline_linear
2026-09-06T17:43:35.951+01:00 INFO : Filtering template 49/96 segment 1/5
2026-09-06T17:43:35.971+01:00 INFO : 1 points above threshold
2026-09-06T17:43:35.985+01:00 INFO : Filtering template 49/96 segment 2/5
2026-09-06T17:43:36.003+01:00 INFO : 1 points above threshold
2026-09-06T17:43:36.008+01:00 INFO : Filtering template 49/96 segment 3/5
2026-09-06T17:43:36.026+01:00 INFO : 2 points above threshold
2026-09-06T17:43:36.031+01:00 INFO : Filtering template 49/96 segment 4/5
2026-09-06T17:43:36.050+01:00 INFO : Filtering template 49/96 segment 5/5
2026-09-06T17:43:36.068+01:00 INFO : 49: generating IMRPhenomD from 30.0 Hz
2026-09-06T17:43:36.086+01:00 INFO : Decompressing waveform using inline_linear
2026-09-06T17:43:36.091+01:00 INFO : Filtering template 50/96 segment 1/5
2026-09-06T17:43:36.114+01:00 INFO : Filtering template 50/96 segment 2/5
2026-09-06T17:43:36.132+01:00 INFO : 2 points above threshold
2026-09-06T17:43:36.150+01:00 INFO : Filtering template 50/96 segment 3/5
2026-09-06T17:43:36.168+01:00 INFO : 4 points above threshold
2026-09-06T17:43:36.173+01:00 INFO : Filtering template 50/96 segment 4/5
2026-09-06T17:43:36.191+01:00 INFO : 2 points above threshold
2026-09-06T17:43:36.196+01:00 INFO : Filtering template 50/96 segment 5/5
2026-09-06T17:43:36.214+01:00 INFO : 50: generating IMRPhenomD from 30.0 Hz
2026-09-06T17:43:36.217+01:00 INFO : Decompressing waveform using inline_linear
2026-09-06T17:43:36.221+01:00 INFO : Filtering template 51/96 segment 1/5
2026-09-06T17:43:36.241+01:00 INFO : 1 points above threshold
2026-09-06T17:43:36.256+01:00 INFO : Filtering template 51/96 segment 2/5
2026-09-06T17:43:36.274+01:00 INFO : 1 points above threshold
2026-09-06T17:43:36.279+01:00 INFO : Filtering template 51/96 segment 3/5
2026-09-06T17:43:36.297+01:00 INFO : Filtering template 51/96 segment 4/5
2026-09-06T17:43:36.315+01:00 INFO : 1 points above threshold
2026-09-06T17:43:36.320+01:00 INFO : Filtering template 51/96 segment 5/5
2026-09-06T17:43:36.338+01:00 INFO : 2 points above threshold
2026-09-06T17:43:36.343+01:00 INFO : 51: generating IMRPhenomD from 30.0 Hz
2026-09-06T17:43:36.345+01:00 INFO : Decompressing waveform using inline_linear
2026-09-06T17:43:36.350+01:00 INFO : Filtering template 52/96 segment 1/5
2026-09-06T17:43:36.370+01:00 INFO : 1 points above threshold
2026-09-06T17:43:36.385+01:00 INFO : Filtering template 52/96 segment 2/5
2026-09-06T17:43:36.403+01:00 INFO : 1 points above threshold
2026-09-06T17:43:36.408+01:00 INFO : Filtering template 52/96 segment 3/5
2026-09-06T17:43:36.426+01:00 INFO : Filtering template 52/96 segment 4/5
2026-09-06T17:43:36.444+01:00 INFO : 3 points above threshold
2026-09-06T17:43:36.451+01:00 INFO : Filtering template 52/96 segment 5/5
2026-09-06T17:43:36.468+01:00 INFO : 1 points above threshold
2026-09-06T17:43:36.474+01:00 INFO : 52: generating IMRPhenomD from 30.0 Hz
2026-09-06T17:43:36.476+01:00 INFO : Decompressing waveform using inline_linear
2026-09-06T17:43:36.481+01:00 INFO : Filtering template 53/96 segment 1/5
2026-09-06T17:43:36.501+01:00 INFO : 3 points above threshold
2026-09-06T17:43:36.517+01:00 INFO : Filtering template 53/96 segment 2/5
2026-09-06T17:43:36.535+01:00 INFO : 2 points above threshold
2026-09-06T17:43:36.540+01:00 INFO : Filtering template 53/96 segment 3/5
2026-09-06T17:43:36.558+01:00 INFO : 2 points above threshold
2026-09-06T17:43:36.563+01:00 INFO : Filtering template 53/96 segment 4/5
2026-09-06T17:43:36.581+01:00 INFO : 1 points above threshold
2026-09-06T17:43:36.586+01:00 INFO : Filtering template 53/96 segment 5/5
2026-09-06T17:43:36.604+01:00 INFO : 1 points above threshold
2026-09-06T17:43:36.609+01:00 INFO : 53: generating IMRPhenomD from 30.0 Hz
2026-09-06T17:43:36.612+01:00 INFO : Decompressing waveform using inline_linear
2026-09-06T17:43:36.616+01:00 INFO : Filtering template 54/96 segment 1/5
2026-09-06T17:43:36.636+01:00 INFO : Filtering template 54/96 segment 2/5
2026-09-06T17:43:36.654+01:00 INFO : Filtering template 54/96 segment 3/5
2026-09-06T17:43:36.672+01:00 INFO : 3 points above threshold
2026-09-06T17:43:36.689+01:00 INFO : Filtering template 54/96 segment 4/5
2026-09-06T17:43:36.707+01:00 INFO : 5 points above threshold
2026-09-06T17:43:36.715+01:00 INFO : Filtering template 54/96 segment 5/5
2026-09-06T17:43:36.733+01:00 INFO : 54: generating IMRPhenomD from 30.0 Hz
2026-09-06T17:43:36.736+01:00 INFO : Decompressing waveform using inline_linear
2026-09-06T17:43:36.740+01:00 INFO : Filtering template 55/96 segment 1/5
2026-09-06T17:43:36.760+01:00 INFO : Filtering template 55/96 segment 2/5
2026-09-06T17:43:36.778+01:00 INFO : 1 points above threshold
2026-09-06T17:43:36.793+01:00 INFO : Filtering template 55/96 segment 3/5
2026-09-06T17:43:36.811+01:00 INFO : 3 points above threshold
2026-09-06T17:43:36.818+01:00 INFO : Filtering template 55/96 segment 4/5
2026-09-06T17:43:36.836+01:00 INFO : 1 points above threshold
2026-09-06T17:43:36.842+01:00 INFO : Filtering template 55/96 segment 5/5
2026-09-06T17:43:36.859+01:00 INFO : 1 points above threshold
2026-09-06T17:43:36.865+01:00 INFO : 55: generating IMRPhenomD from 30.0 Hz
2026-09-06T17:43:36.867+01:00 INFO : Decompressing waveform using inline_linear
2026-09-06T17:43:36.872+01:00 INFO : Filtering template 56/96 segment 1/5
2026-09-06T17:43:36.892+01:00 INFO : 1 points above threshold
2026-09-06T17:43:36.907+01:00 INFO : Filtering template 56/96 segment 2/5
2026-09-06T17:43:36.925+01:00 INFO : 1 points above threshold
2026-09-06T17:43:36.930+01:00 INFO : Filtering template 56/96 segment 3/5
2026-09-06T17:43:36.948+01:00 INFO : 4 points above threshold
2026-09-06T17:43:36.953+01:00 INFO : Filtering template 56/96 segment 4/5
2026-09-06T17:43:36.970+01:00 INFO : Filtering template 56/96 segment 5/5
2026-09-06T17:43:36.988+01:00 INFO : 1 points above threshold
2026-09-06T17:43:36.994+01:00 INFO : 56: generating IMRPhenomD from 30.0 Hz
2026-09-06T17:43:36.996+01:00 INFO : Decompressing waveform using inline_linear
2026-09-06T17:43:37.001+01:00 INFO : Filtering template 57/96 segment 1/5
2026-09-06T17:43:37.021+01:00 INFO : 1 points above threshold
2026-09-06T17:43:37.036+01:00 INFO : Filtering template 57/96 segment 2/5
2026-09-06T17:43:37.054+01:00 INFO : 2 points above threshold
2026-09-06T17:43:37.059+01:00 INFO : Filtering template 57/96 segment 3/5
2026-09-06T17:43:37.076+01:00 INFO : 2 points above threshold
2026-09-06T17:43:37.081+01:00 INFO : Filtering template 57/96 segment 4/5
2026-09-06T17:43:37.099+01:00 INFO : 2 points above threshold
2026-09-06T17:43:37.104+01:00 INFO : Filtering template 57/96 segment 5/5
2026-09-06T17:43:37.122+01:00 INFO : 57: generating IMRPhenomD from 30.0 Hz
2026-09-06T17:43:37.125+01:00 INFO : Decompressing waveform using inline_linear
2026-09-06T17:43:37.130+01:00 INFO : Filtering template 58/96 segment 1/5
2026-09-06T17:43:37.150+01:00 INFO : 1 points above threshold
2026-09-06T17:43:37.165+01:00 INFO : Filtering template 58/96 segment 2/5
2026-09-06T17:43:37.183+01:00 INFO : 2 points above threshold
2026-09-06T17:43:37.188+01:00 INFO : Filtering template 58/96 segment 3/5
2026-09-06T17:43:37.205+01:00 INFO : 1 points above threshold
2026-09-06T17:43:37.210+01:00 INFO : Filtering template 58/96 segment 4/5
2026-09-06T17:43:37.228+01:00 INFO : 1 points above threshold
2026-09-06T17:43:37.233+01:00 INFO : Filtering template 58/96 segment 5/5
2026-09-06T17:43:37.251+01:00 INFO : 2 points above threshold
2026-09-06T17:43:37.256+01:00 INFO : 58: generating IMRPhenomD from 30.0 Hz
2026-09-06T17:43:37.259+01:00 INFO : Decompressing waveform using inline_linear
2026-09-06T17:43:37.264+01:00 INFO : Filtering template 59/96 segment 1/5
2026-09-06T17:43:37.284+01:00 INFO : 1 points above threshold
2026-09-06T17:43:37.298+01:00 INFO : Filtering template 59/96 segment 2/5
2026-09-06T17:43:37.316+01:00 INFO : 2 points above threshold
2026-09-06T17:43:37.321+01:00 INFO : Filtering template 59/96 segment 3/5
2026-09-06T17:43:37.339+01:00 INFO : 2 points above threshold
2026-09-06T17:43:37.344+01:00 INFO : Filtering template 59/96 segment 4/5
2026-09-06T17:43:37.362+01:00 INFO : 1 points above threshold
2026-09-06T17:43:37.367+01:00 INFO : Filtering template 59/96 segment 5/5
2026-09-06T17:43:37.385+01:00 INFO : 59: generating IMRPhenomD from 30.0 Hz
2026-09-06T17:43:37.388+01:00 INFO : Decompressing waveform using inline_linear
2026-09-06T17:43:37.393+01:00 INFO : Filtering template 60/96 segment 1/5
2026-09-06T17:43:37.413+01:00 INFO : Filtering template 60/96 segment 2/5
2026-09-06T17:43:37.431+01:00 INFO : Filtering template 60/96 segment 3/5
2026-09-06T17:43:37.449+01:00 INFO : 1 points above threshold
2026-09-06T17:43:37.463+01:00 INFO : Filtering template 60/96 segment 4/5
2026-09-06T17:43:37.481+01:00 INFO : 2 points above threshold
2026-09-06T17:43:37.486+01:00 INFO : Filtering template 60/96 segment 5/5
2026-09-06T17:43:37.504+01:00 INFO : 60: generating IMRPhenomD from 30.0 Hz
2026-09-06T17:43:37.507+01:00 INFO : Decompressing waveform using inline_linear
2026-09-06T17:43:37.512+01:00 INFO : Filtering template 61/96 segment 1/5
2026-09-06T17:43:37.532+01:00 INFO : Filtering template 61/96 segment 2/5
2026-09-06T17:43:37.550+01:00 INFO : 2 points above threshold
2026-09-06T17:43:37.564+01:00 INFO : Filtering template 61/96 segment 3/5
2026-09-06T17:43:37.582+01:00 INFO : 1 points above threshold
2026-09-06T17:43:37.587+01:00 INFO : Filtering template 61/96 segment 4/5
2026-09-06T17:43:37.605+01:00 INFO : 1 points above threshold
2026-09-06T17:43:37.610+01:00 INFO : Filtering template 61/96 segment 5/5
2026-09-06T17:43:37.629+01:00 INFO : 61: generating IMRPhenomD from 30.0 Hz
2026-09-06T17:43:37.631+01:00 INFO : Decompressing waveform using inline_linear
2026-09-06T17:43:37.636+01:00 INFO : Filtering template 62/96 segment 1/5
2026-09-06T17:43:37.656+01:00 INFO : 2 points above threshold
2026-09-06T17:43:37.671+01:00 INFO : Filtering template 62/96 segment 2/5
2026-09-06T17:43:37.689+01:00 INFO : Filtering template 62/96 segment 3/5
2026-09-06T17:43:37.707+01:00 INFO : Filtering template 62/96 segment 4/5
2026-09-06T17:43:37.724+01:00 INFO : 5 points above threshold
2026-09-06T17:43:37.732+01:00 INFO : Filtering template 62/96 segment 5/5
2026-09-06T17:43:37.750+01:00 INFO : 62: generating IMRPhenomD from 30.0 Hz
2026-09-06T17:43:37.752+01:00 INFO : Decompressing waveform using inline_linear
2026-09-06T17:43:37.757+01:00 INFO : Filtering template 63/96 segment 1/5
2026-09-06T17:43:37.777+01:00 INFO : Filtering template 63/96 segment 2/5
2026-09-06T17:43:37.795+01:00 INFO : 1 points above threshold
2026-09-06T17:43:37.810+01:00 INFO : Filtering template 63/96 segment 3/5
2026-09-06T17:43:37.828+01:00 INFO : 2 points above threshold
2026-09-06T17:43:37.833+01:00 INFO : Filtering template 63/96 segment 4/5
2026-09-06T17:43:37.851+01:00 INFO : 1 points above threshold
2026-09-06T17:43:37.856+01:00 INFO : Filtering template 63/96 segment 5/5
2026-09-06T17:43:37.874+01:00 INFO : 1 points above threshold
2026-09-06T17:43:37.879+01:00 INFO : 63: generating IMRPhenomD from 30.0 Hz
2026-09-06T17:43:37.882+01:00 INFO : Decompressing waveform using inline_linear
2026-09-06T17:43:37.887+01:00 INFO : Filtering template 64/96 segment 1/5
2026-09-06T17:43:37.907+01:00 INFO : 2 points above threshold
2026-09-06T17:43:37.922+01:00 INFO : Filtering template 64/96 segment 2/5
2026-09-06T17:43:37.940+01:00 INFO : 1 points above threshold
2026-09-06T17:43:37.945+01:00 INFO : Filtering template 64/96 segment 3/5
2026-09-06T17:43:37.963+01:00 INFO : Filtering template 64/96 segment 4/5
2026-09-06T17:43:37.981+01:00 INFO : Filtering template 64/96 segment 5/5
2026-09-06T17:43:37.999+01:00 INFO : 64: generating IMRPhenomD from 30.0 Hz
2026-09-06T17:43:38.002+01:00 INFO : Decompressing waveform using inline_linear
2026-09-06T17:43:38.007+01:00 INFO : Filtering template 65/96 segment 1/5
2026-09-06T17:43:38.027+01:00 INFO : 2 points above threshold
2026-09-06T17:43:38.042+01:00 INFO : Filtering template 65/96 segment 2/5
2026-09-06T17:43:38.060+01:00 INFO : 2 points above threshold
2026-09-06T17:43:38.065+01:00 INFO : Filtering template 65/96 segment 3/5
2026-09-06T17:43:38.082+01:00 INFO : 1 points above threshold
2026-09-06T17:43:38.087+01:00 INFO : Filtering template 65/96 segment 4/5
2026-09-06T17:43:38.105+01:00 INFO : 2 points above threshold
2026-09-06T17:43:38.110+01:00 INFO : Filtering template 65/96 segment 5/5
2026-09-06T17:43:38.128+01:00 INFO : 65: generating IMRPhenomD from 30.0 Hz
2026-09-06T17:43:38.131+01:00 INFO : Decompressing waveform using inline_linear
2026-09-06T17:43:38.136+01:00 INFO : Filtering template 66/96 segment 1/5
2026-09-06T17:43:38.156+01:00 INFO : 1 points above threshold
2026-09-06T17:43:38.170+01:00 INFO : Filtering template 66/96 segment 2/5
2026-09-06T17:43:38.188+01:00 INFO : 1 points above threshold
2026-09-06T17:43:38.193+01:00 INFO : Filtering template 66/96 segment 3/5
2026-09-06T17:43:38.211+01:00 INFO : 2 points above threshold
2026-09-06T17:43:38.216+01:00 INFO : Filtering template 66/96 segment 4/5
2026-09-06T17:43:38.234+01:00 INFO : 1 points above threshold
2026-09-06T17:43:38.239+01:00 INFO : Filtering template 66/96 segment 5/5
2026-09-06T17:43:38.257+01:00 INFO : 66: generating IMRPhenomD from 30.0 Hz
2026-09-06T17:43:38.260+01:00 INFO : Decompressing waveform using inline_linear
2026-09-06T17:43:38.264+01:00 INFO : Filtering template 67/96 segment 1/5
2026-09-06T17:43:38.284+01:00 INFO : 3 points above threshold
2026-09-06T17:43:38.301+01:00 INFO : Filtering template 67/96 segment 2/5
2026-09-06T17:43:38.319+01:00 INFO : Filtering template 67/96 segment 3/5
2026-09-06T17:43:38.336+01:00 INFO : 1 points above threshold
2026-09-06T17:43:38.342+01:00 INFO : Filtering template 67/96 segment 4/5
2026-09-06T17:43:38.359+01:00 INFO : Filtering template 67/96 segment 5/5
2026-09-06T17:43:38.377+01:00 INFO : 67: generating IMRPhenomD from 30.0 Hz
2026-09-06T17:43:38.380+01:00 INFO : Decompressing waveform using inline_linear
2026-09-06T17:43:38.385+01:00 INFO : Filtering template 68/96 segment 1/5
2026-09-06T17:43:38.405+01:00 INFO : 1 points above threshold
2026-09-06T17:43:38.419+01:00 INFO : Filtering template 68/96 segment 2/5
2026-09-06T17:43:38.437+01:00 INFO : 1 points above threshold
2026-09-06T17:43:38.442+01:00 INFO : Filtering template 68/96 segment 3/5
2026-09-06T17:43:38.460+01:00 INFO : 1 points above threshold
2026-09-06T17:43:38.465+01:00 INFO : Filtering template 68/96 segment 4/5
2026-09-06T17:43:38.483+01:00 INFO : 1 points above threshold
2026-09-06T17:43:38.488+01:00 INFO : Filtering template 68/96 segment 5/5
2026-09-06T17:43:38.506+01:00 INFO : 1 points above threshold
2026-09-06T17:43:38.511+01:00 INFO : 68: generating IMRPhenomD from 30.0 Hz
2026-09-06T17:43:38.514+01:00 INFO : Decompressing waveform using inline_linear
2026-09-06T17:43:38.518+01:00 INFO : Filtering template 69/96 segment 1/5
2026-09-06T17:43:38.538+01:00 INFO : Filtering template 69/96 segment 2/5
2026-09-06T17:43:38.556+01:00 INFO : Filtering template 69/96 segment 3/5
2026-09-06T17:43:38.574+01:00 INFO : 1 points above threshold
2026-09-06T17:43:38.589+01:00 INFO : Filtering template 69/96 segment 4/5
2026-09-06T17:43:38.606+01:00 INFO : 2 points above threshold
2026-09-06T17:43:38.611+01:00 INFO : Filtering template 69/96 segment 5/5
2026-09-06T17:43:38.629+01:00 INFO : 69: generating IMRPhenomD from 30.0 Hz
2026-09-06T17:43:38.632+01:00 INFO : Decompressing waveform using inline_linear
2026-09-06T17:43:38.637+01:00 INFO : Filtering template 70/96 segment 1/5
2026-09-06T17:43:38.657+01:00 INFO : 2 points above threshold
2026-09-06T17:43:38.672+01:00 INFO : Filtering template 70/96 segment 2/5
2026-09-06T17:43:38.689+01:00 INFO : 2 points above threshold
2026-09-06T17:43:38.695+01:00 INFO : Filtering template 70/96 segment 3/5
2026-09-06T17:43:38.712+01:00 INFO : Filtering template 70/96 segment 4/5
2026-09-06T17:43:38.730+01:00 INFO : 2 points above threshold
2026-09-06T17:43:38.735+01:00 INFO : Filtering template 70/96 segment 5/5
2026-09-06T17:43:38.753+01:00 INFO : 2 points above threshold
2026-09-06T17:43:38.758+01:00 INFO : 70: generating IMRPhenomD from 30.0 Hz
2026-09-06T17:43:38.761+01:00 INFO : Decompressing waveform using inline_linear
2026-09-06T17:43:38.765+01:00 INFO : Filtering template 71/96 segment 1/5
2026-09-06T17:43:38.785+01:00 INFO : Filtering template 71/96 segment 2/5
2026-09-06T17:43:38.803+01:00 INFO : 1 points above threshold
2026-09-06T17:43:38.818+01:00 INFO : Filtering template 71/96 segment 3/5
2026-09-06T17:43:38.836+01:00 INFO : 1 points above threshold
2026-09-06T17:43:38.841+01:00 INFO : Filtering template 71/96 segment 4/5
2026-09-06T17:43:38.858+01:00 INFO : 3 points above threshold
2026-09-06T17:43:38.865+01:00 INFO : Filtering template 71/96 segment 5/5
2026-09-06T17:43:38.883+01:00 INFO : 1 points above threshold
2026-09-06T17:43:38.889+01:00 INFO : 71: generating IMRPhenomD from 30.0 Hz
2026-09-06T17:43:38.891+01:00 INFO : Decompressing waveform using inline_linear
2026-09-06T17:43:38.896+01:00 INFO : Filtering template 72/96 segment 1/5
2026-09-06T17:43:38.916+01:00 INFO : 2 points above threshold
2026-09-06T17:43:38.930+01:00 INFO : Filtering template 72/96 segment 2/5
2026-09-06T17:43:38.948+01:00 INFO : 1 points above threshold
2026-09-06T17:43:38.953+01:00 INFO : Filtering template 72/96 segment 3/5
2026-09-06T17:43:38.971+01:00 INFO : 1 points above threshold
2026-09-06T17:43:38.976+01:00 INFO : Filtering template 72/96 segment 4/5
2026-09-06T17:43:38.994+01:00 INFO : 4 points above threshold
2026-09-06T17:43:38.999+01:00 INFO : Filtering template 72/96 segment 5/5
2026-09-06T17:43:39.017+01:00 INFO : 3 points above threshold
2026-09-06T17:43:39.024+01:00 INFO : 72: generating IMRPhenomD from 30.0 Hz
2026-09-06T17:43:39.027+01:00 INFO : Decompressing waveform using inline_linear
2026-09-06T17:43:39.032+01:00 INFO : Filtering template 73/96 segment 1/5
2026-09-06T17:43:39.052+01:00 INFO : 1 points above threshold
2026-09-06T17:43:39.066+01:00 INFO : Filtering template 73/96 segment 2/5
2026-09-06T17:43:39.084+01:00 INFO : Filtering template 73/96 segment 3/5
2026-09-06T17:43:39.102+01:00 INFO : 1 points above threshold
2026-09-06T17:43:39.107+01:00 INFO : Filtering template 73/96 segment 4/5
2026-09-06T17:43:39.125+01:00 INFO : Filtering template 73/96 segment 5/5
2026-09-06T17:43:39.143+01:00 INFO : 1 points above threshold
2026-09-06T17:43:39.148+01:00 INFO : 73: generating IMRPhenomD from 30.0 Hz
2026-09-06T17:43:39.151+01:00 INFO : Decompressing waveform using inline_linear
2026-09-06T17:43:39.155+01:00 INFO : Filtering template 74/96 segment 1/5
2026-09-06T17:43:39.176+01:00 INFO : 2 points above threshold
2026-09-06T17:43:39.190+01:00 INFO : Filtering template 74/96 segment 2/5
2026-09-06T17:43:39.208+01:00 INFO : 3 points above threshold
2026-09-06T17:43:39.215+01:00 INFO : Filtering template 74/96 segment 3/5
2026-09-06T17:43:39.233+01:00 INFO : Filtering template 74/96 segment 4/5
2026-09-06T17:43:39.250+01:00 INFO : 1 points above threshold
2026-09-06T17:43:39.256+01:00 INFO : Filtering template 74/96 segment 5/5
2026-09-06T17:43:39.274+01:00 INFO : 74: generating IMRPhenomD from 30.0 Hz
2026-09-06T17:43:39.276+01:00 INFO : Decompressing waveform using inline_linear
2026-09-06T17:43:39.281+01:00 INFO : Filtering template 75/96 segment 1/5
2026-09-06T17:43:39.301+01:00 INFO : Filtering template 75/96 segment 2/5
2026-09-06T17:43:39.319+01:00 INFO : 1 points above threshold
2026-09-06T17:43:39.333+01:00 INFO : Filtering template 75/96 segment 3/5
2026-09-06T17:43:39.351+01:00 INFO : 2 points above threshold
2026-09-06T17:43:39.356+01:00 INFO : Filtering template 75/96 segment 4/5
2026-09-06T17:43:39.374+01:00 INFO : Filtering template 75/96 segment 5/5
2026-09-06T17:43:39.392+01:00 INFO : 2 points above threshold
2026-09-06T17:43:39.397+01:00 INFO : 75: generating IMRPhenomD from 30.0 Hz
2026-09-06T17:43:39.400+01:00 INFO : Decompressing waveform using inline_linear
2026-09-06T17:43:39.404+01:00 INFO : Filtering template 76/96 segment 1/5
2026-09-06T17:43:39.424+01:00 INFO : 1 points above threshold
2026-09-06T17:43:39.439+01:00 INFO : Filtering template 76/96 segment 2/5
2026-09-06T17:43:39.457+01:00 INFO : Filtering template 76/96 segment 3/5
2026-09-06T17:43:39.475+01:00 INFO : 1 points above threshold
2026-09-06T17:43:39.480+01:00 INFO : Filtering template 76/96 segment 4/5
2026-09-06T17:43:39.498+01:00 INFO : Filtering template 76/96 segment 5/5
2026-09-06T17:43:39.515+01:00 INFO : 2 points above threshold
2026-09-06T17:43:39.521+01:00 INFO : 76: generating IMRPhenomD from 30.0 Hz
2026-09-06T17:43:39.523+01:00 INFO : Decompressing waveform using inline_linear
2026-09-06T17:43:39.528+01:00 INFO : Filtering template 77/96 segment 1/5
2026-09-06T17:43:39.548+01:00 INFO : Filtering template 77/96 segment 2/5
2026-09-06T17:43:39.566+01:00 INFO : 1 points above threshold
2026-09-06T17:43:39.581+01:00 INFO : Filtering template 77/96 segment 3/5
2026-09-06T17:43:39.599+01:00 INFO : Filtering template 77/96 segment 4/5
2026-09-06T17:43:39.616+01:00 INFO : 1 points above threshold
2026-09-06T17:43:39.621+01:00 INFO : Filtering template 77/96 segment 5/5
2026-09-06T17:43:39.639+01:00 INFO : 77: generating IMRPhenomD from 30.0 Hz
2026-09-06T17:43:39.642+01:00 INFO : Decompressing waveform using inline_linear
2026-09-06T17:43:39.647+01:00 INFO : Filtering template 78/96 segment 1/5
2026-09-06T17:43:39.667+01:00 INFO : Filtering template 78/96 segment 2/5
2026-09-06T17:43:39.685+01:00 INFO : Filtering template 78/96 segment 3/5
2026-09-06T17:43:39.705+01:00 INFO : Filtering template 78/96 segment 4/5
2026-09-06T17:43:39.724+01:00 INFO : 1 points above threshold
2026-09-06T17:43:39.740+01:00 INFO : Filtering template 78/96 segment 5/5
2026-09-06T17:43:39.760+01:00 INFO : 78: generating IMRPhenomD from 30.0 Hz
2026-09-06T17:43:39.763+01:00 INFO : Decompressing waveform using inline_linear
2026-09-06T17:43:39.768+01:00 INFO : Filtering template 79/96 segment 1/5
2026-09-06T17:43:39.789+01:00 INFO : 2 points above threshold
2026-09-06T17:43:39.804+01:00 INFO : Filtering template 79/96 segment 2/5
2026-09-06T17:43:39.823+01:00 INFO : Filtering template 79/96 segment 3/5
2026-09-06T17:43:39.841+01:00 INFO : 1 points above threshold
2026-09-06T17:43:39.846+01:00 INFO : Filtering template 79/96 segment 4/5
2026-09-06T17:43:39.863+01:00 INFO : 1 points above threshold
2026-09-06T17:43:39.869+01:00 INFO : Filtering template 79/96 segment 5/5
2026-09-06T17:43:39.887+01:00 INFO : 3 points above threshold
2026-09-06T17:43:39.894+01:00 INFO : 79: generating IMRPhenomD from 30.0 Hz
2026-09-06T17:43:39.896+01:00 INFO : Decompressing waveform using inline_linear
2026-09-06T17:43:39.901+01:00 INFO : Filtering template 80/96 segment 1/5
2026-09-06T17:43:39.921+01:00 INFO : 2 points above threshold
2026-09-06T17:43:39.936+01:00 INFO : Filtering template 80/96 segment 2/5
2026-09-06T17:43:39.953+01:00 INFO : 1 points above threshold
2026-09-06T17:43:39.959+01:00 INFO : Filtering template 80/96 segment 3/5
2026-09-06T17:43:39.976+01:00 INFO : 1 points above threshold
2026-09-06T17:43:39.981+01:00 INFO : Filtering template 80/96 segment 4/5
2026-09-06T17:43:39.999+01:00 INFO : Filtering template 80/96 segment 5/5
2026-09-06T17:43:40.017+01:00 INFO : 1 points above threshold
2026-09-06T17:43:40.023+01:00 INFO : 80: generating IMRPhenomD from 30.0 Hz
2026-09-06T17:43:40.025+01:00 INFO : Decompressing waveform using inline_linear
2026-09-06T17:43:40.030+01:00 INFO : Filtering template 81/96 segment 1/5
2026-09-06T17:43:40.050+01:00 INFO : 1 points above threshold
2026-09-06T17:43:40.065+01:00 INFO : Filtering template 81/96 segment 2/5
2026-09-06T17:43:40.083+01:00 INFO : 2 points above threshold
2026-09-06T17:43:40.088+01:00 INFO : Filtering template 81/96 segment 3/5
2026-09-06T17:43:40.105+01:00 INFO : 1 points above threshold
2026-09-06T17:43:40.111+01:00 INFO : Filtering template 81/96 segment 4/5
2026-09-06T17:43:40.128+01:00 INFO : Filtering template 81/96 segment 5/5
2026-09-06T17:43:40.146+01:00 INFO : 1 points above threshold
2026-09-06T17:43:40.152+01:00 INFO : 81: generating IMRPhenomD from 30.0 Hz
2026-09-06T17:43:40.154+01:00 INFO : Decompressing waveform using inline_linear
2026-09-06T17:43:40.159+01:00 INFO : Filtering template 82/96 segment 1/5
2026-09-06T17:43:40.179+01:00 INFO : Filtering template 82/96 segment 2/5
2026-09-06T17:43:40.197+01:00 INFO : 2 points above threshold
2026-09-06T17:43:40.212+01:00 INFO : Filtering template 82/96 segment 3/5
2026-09-06T17:43:40.229+01:00 INFO : 1 points above threshold
2026-09-06T17:43:40.234+01:00 INFO : Filtering template 82/96 segment 4/5
2026-09-06T17:43:40.252+01:00 INFO : Filtering template 82/96 segment 5/5
2026-09-06T17:43:40.271+01:00 INFO : 82: generating IMRPhenomD from 30.0 Hz
2026-09-06T17:43:40.273+01:00 INFO : Decompressing waveform using inline_linear
2026-09-06T17:43:40.278+01:00 INFO : Filtering template 83/96 segment 1/5
2026-09-06T17:43:40.298+01:00 INFO : 1 points above threshold
2026-09-06T17:43:40.312+01:00 INFO : Filtering template 83/96 segment 2/5
2026-09-06T17:43:40.330+01:00 INFO : 2 points above threshold
2026-09-06T17:43:40.335+01:00 INFO : Filtering template 83/96 segment 3/5
2026-09-06T17:43:40.353+01:00 INFO : 2 points above threshold
2026-09-06T17:43:40.358+01:00 INFO : Filtering template 83/96 segment 4/5
2026-09-06T17:43:40.376+01:00 INFO : 3 points above threshold
2026-09-06T17:43:40.383+01:00 INFO : Filtering template 83/96 segment 5/5
2026-09-06T17:43:40.401+01:00 INFO : 3 points above threshold
2026-09-06T17:43:40.408+01:00 INFO : 83: generating IMRPhenomD from 30.0 Hz
2026-09-06T17:43:40.411+01:00 INFO : Decompressing waveform using inline_linear
2026-09-06T17:43:40.416+01:00 INFO : Filtering template 84/96 segment 1/5
2026-09-06T17:43:40.435+01:00 INFO : Filtering template 84/96 segment 2/5
2026-09-06T17:43:40.453+01:00 INFO : Filtering template 84/96 segment 3/5
2026-09-06T17:43:40.471+01:00 INFO : 1 points above threshold
2026-09-06T17:43:40.486+01:00 INFO : Filtering template 84/96 segment 4/5
2026-09-06T17:43:40.504+01:00 INFO : 3 points above threshold
2026-09-06T17:43:40.510+01:00 INFO : Filtering template 84/96 segment 5/5
2026-09-06T17:43:40.529+01:00 INFO : 84: generating IMRPhenomD from 30.0 Hz
2026-09-06T17:43:40.531+01:00 INFO : Decompressing waveform using inline_linear
2026-09-06T17:43:40.536+01:00 INFO : Filtering template 85/96 segment 1/5
2026-09-06T17:43:40.556+01:00 INFO : 1 points above threshold
2026-09-06T17:43:40.571+01:00 INFO : Filtering template 85/96 segment 2/5
2026-09-06T17:43:40.589+01:00 INFO : 2 points above threshold
2026-09-06T17:43:40.594+01:00 INFO : Filtering template 85/96 segment 3/5
2026-09-06T17:43:40.611+01:00 INFO : 1 points above threshold
2026-09-06T17:43:40.616+01:00 INFO : Filtering template 85/96 segment 4/5
2026-09-06T17:43:40.634+01:00 INFO : 3 points above threshold
2026-09-06T17:43:40.641+01:00 INFO : Filtering template 85/96 segment 5/5
2026-09-06T17:43:40.659+01:00 INFO : 2 points above threshold
2026-09-06T17:43:40.664+01:00 INFO : 85: generating IMRPhenomD from 30.0 Hz
2026-09-06T17:43:40.667+01:00 INFO : Decompressing waveform using inline_linear
2026-09-06T17:43:40.672+01:00 INFO : Filtering template 86/96 segment 1/5
2026-09-06T17:43:40.692+01:00 INFO : 2 points above threshold
2026-09-06T17:43:40.708+01:00 INFO : Filtering template 86/96 segment 2/5
2026-09-06T17:43:40.726+01:00 INFO : 2 points above threshold
2026-09-06T17:43:40.731+01:00 INFO : Filtering template 86/96 segment 3/5
2026-09-06T17:43:40.748+01:00 INFO : 1 points above threshold
2026-09-06T17:43:40.754+01:00 INFO : Filtering template 86/96 segment 4/5
2026-09-06T17:43:40.771+01:00 INFO : 1 points above threshold
2026-09-06T17:43:40.776+01:00 INFO : Filtering template 86/96 segment 5/5
2026-09-06T17:43:40.794+01:00 INFO : 2 points above threshold
2026-09-06T17:43:40.800+01:00 INFO : 86: generating IMRPhenomD from 30.0 Hz
2026-09-06T17:43:40.802+01:00 INFO : Decompressing waveform using inline_linear
2026-09-06T17:43:40.807+01:00 INFO : Filtering template 87/96 segment 1/5
2026-09-06T17:43:40.827+01:00 INFO : 1 points above threshold
2026-09-06T17:43:40.842+01:00 INFO : Filtering template 87/96 segment 2/5
2026-09-06T17:43:40.860+01:00 INFO : 2 points above threshold
2026-09-06T17:43:40.865+01:00 INFO : Filtering template 87/96 segment 3/5
2026-09-06T17:43:40.883+01:00 INFO : 1 points above threshold
2026-09-06T17:43:40.888+01:00 INFO : Filtering template 87/96 segment 4/5
2026-09-06T17:43:40.906+01:00 INFO : 1 points above threshold
2026-09-06T17:43:40.911+01:00 INFO : Filtering template 87/96 segment 5/5
2026-09-06T17:43:40.929+01:00 INFO : 1 points above threshold
2026-09-06T17:43:40.934+01:00 INFO : 87: generating IMRPhenomD from 30.0 Hz
2026-09-06T17:43:40.937+01:00 INFO : Decompressing waveform using inline_linear
2026-09-06T17:43:40.941+01:00 INFO : Filtering template 88/96 segment 1/5
2026-09-06T17:43:40.961+01:00 INFO : 2 points above threshold
2026-09-06T17:43:40.976+01:00 INFO : Filtering template 88/96 segment 2/5
2026-09-06T17:43:40.994+01:00 INFO : 1 points above threshold
2026-09-06T17:43:40.999+01:00 INFO : Filtering template 88/96 segment 3/5
2026-09-06T17:43:41.017+01:00 INFO : Filtering template 88/96 segment 4/5
2026-09-06T17:43:41.035+01:00 INFO : Filtering template 88/96 segment 5/5
2026-09-06T17:43:41.053+01:00 INFO : 2 points above threshold
2026-09-06T17:43:41.058+01:00 INFO : 88: generating IMRPhenomD from 30.0 Hz
2026-09-06T17:43:41.061+01:00 INFO : Decompressing waveform using inline_linear
2026-09-06T17:43:41.066+01:00 INFO : Filtering template 89/96 segment 1/5
2026-09-06T17:43:41.086+01:00 INFO : 2 points above threshold
2026-09-06T17:43:41.101+01:00 INFO : Filtering template 89/96 segment 2/5
2026-09-06T17:43:41.118+01:00 INFO : 1 points above threshold
2026-09-06T17:43:41.123+01:00 INFO : Filtering template 89/96 segment 3/5
2026-09-06T17:43:41.141+01:00 INFO : 2 points above threshold
2026-09-06T17:43:41.146+01:00 INFO : Filtering template 89/96 segment 4/5
2026-09-06T17:43:41.164+01:00 INFO : 1 points above threshold
2026-09-06T17:43:41.169+01:00 INFO : Filtering template 89/96 segment 5/5
2026-09-06T17:43:41.187+01:00 INFO : 89: generating IMRPhenomD from 30.0 Hz
2026-09-06T17:43:41.190+01:00 INFO : Decompressing waveform using inline_linear
2026-09-06T17:43:41.195+01:00 INFO : Filtering template 90/96 segment 1/5
2026-09-06T17:43:41.215+01:00 INFO : Filtering template 90/96 segment 2/5
2026-09-06T17:43:41.232+01:00 INFO : 1 points above threshold
2026-09-06T17:43:41.247+01:00 INFO : Filtering template 90/96 segment 3/5
2026-09-06T17:43:41.265+01:00 INFO : 3 points above threshold
2026-09-06T17:43:41.272+01:00 INFO : Filtering template 90/96 segment 4/5
2026-09-06T17:43:41.290+01:00 INFO : Filtering template 90/96 segment 5/5
2026-09-06T17:43:41.308+01:00 INFO : 1 points above threshold
2026-09-06T17:43:41.313+01:00 INFO : 90: generating IMRPhenomD from 30.0 Hz
2026-09-06T17:43:41.315+01:00 INFO : Decompressing waveform using inline_linear
2026-09-06T17:43:41.320+01:00 INFO : Filtering template 91/96 segment 1/5
2026-09-06T17:43:41.340+01:00 INFO : Filtering template 91/96 segment 2/5
2026-09-06T17:43:41.358+01:00 INFO : 2 points above threshold
2026-09-06T17:43:41.372+01:00 INFO : Filtering template 91/96 segment 3/5
2026-09-06T17:43:41.390+01:00 INFO : 3 points above threshold
2026-09-06T17:43:41.397+01:00 INFO : Filtering template 91/96 segment 4/5
2026-09-06T17:43:41.415+01:00 INFO : Filtering template 91/96 segment 5/5
2026-09-06T17:43:41.433+01:00 INFO : 1 points above threshold
2026-09-06T17:43:41.438+01:00 INFO : 91: generating IMRPhenomD from 30.0 Hz
2026-09-06T17:43:41.441+01:00 INFO : Decompressing waveform using inline_linear
2026-09-06T17:43:41.446+01:00 INFO : Filtering template 92/96 segment 1/5
2026-09-06T17:43:41.466+01:00 INFO : 2 points above threshold
2026-09-06T17:43:41.480+01:00 INFO : Filtering template 92/96 segment 2/5
2026-09-06T17:43:41.498+01:00 INFO : 1 points above threshold
2026-09-06T17:43:41.503+01:00 INFO : Filtering template 92/96 segment 3/5
2026-09-06T17:43:41.521+01:00 INFO : 2 points above threshold
2026-09-06T17:43:41.526+01:00 INFO : Filtering template 92/96 segment 4/5
2026-09-06T17:43:41.544+01:00 INFO : 1 points above threshold
2026-09-06T17:43:41.549+01:00 INFO : Filtering template 92/96 segment 5/5
2026-09-06T17:43:41.567+01:00 INFO : 92: generating IMRPhenomD from 30.0 Hz
2026-09-06T17:43:41.570+01:00 INFO : Decompressing waveform using inline_linear
2026-09-06T17:43:41.574+01:00 INFO : Filtering template 93/96 segment 1/5
2026-09-06T17:43:41.594+01:00 INFO : Filtering template 93/96 segment 2/5
2026-09-06T17:43:41.612+01:00 INFO : 3 points above threshold
2026-09-06T17:43:41.629+01:00 INFO : Filtering template 93/96 segment 3/5
2026-09-06T17:43:41.646+01:00 INFO : 3 points above threshold
2026-09-06T17:43:41.653+01:00 INFO : Filtering template 93/96 segment 4/5
2026-09-06T17:43:41.671+01:00 INFO : 1 points above threshold
2026-09-06T17:43:41.676+01:00 INFO : Filtering template 93/96 segment 5/5
2026-09-06T17:43:41.694+01:00 INFO : 1 points above threshold
2026-09-06T17:43:41.699+01:00 INFO : 93: generating IMRPhenomD from 30.0 Hz
2026-09-06T17:43:41.702+01:00 INFO : Decompressing waveform using inline_linear
2026-09-06T17:43:41.707+01:00 INFO : Filtering template 94/96 segment 1/5
2026-09-06T17:43:41.727+01:00 INFO : 1 points above threshold
2026-09-06T17:43:41.741+01:00 INFO : Filtering template 94/96 segment 2/5
2026-09-06T17:43:41.759+01:00 INFO : 1 points above threshold
2026-09-06T17:43:41.764+01:00 INFO : Filtering template 94/96 segment 3/5
2026-09-06T17:43:41.782+01:00 INFO : 4 points above threshold
2026-09-06T17:43:41.787+01:00 INFO : Filtering template 94/96 segment 4/5
2026-09-06T17:43:41.805+01:00 INFO : Filtering template 94/96 segment 5/5
2026-09-06T17:43:41.823+01:00 INFO : 2 points above threshold
2026-09-06T17:43:41.828+01:00 INFO : 94: generating IMRPhenomD from 30.0 Hz
2026-09-06T17:43:41.831+01:00 INFO : Decompressing waveform using inline_linear
2026-09-06T17:43:41.835+01:00 INFO : Filtering template 95/96 segment 1/5
2026-09-06T17:43:41.855+01:00 INFO : 3 points above threshold
2026-09-06T17:43:41.872+01:00 INFO : Filtering template 95/96 segment 2/5
2026-09-06T17:43:41.890+01:00 INFO : 2 points above threshold
2026-09-06T17:43:41.895+01:00 INFO : Filtering template 95/96 segment 3/5
2026-09-06T17:43:41.913+01:00 INFO : 2 points above threshold
2026-09-06T17:43:41.918+01:00 INFO : Filtering template 95/96 segment 4/5
2026-09-06T17:43:41.935+01:00 INFO : 1 points above threshold
2026-09-06T17:43:41.940+01:00 INFO : Filtering template 95/96 segment 5/5
2026-09-06T17:43:41.958+01:00 INFO : 95: generating IMRPhenomD from 30.0 Hz
2026-09-06T17:43:41.976+01:00 INFO : Decompressing waveform using inline_linear
2026-09-06T17:43:41.980+01:00 INFO : Filtering template 96/96 segment 1/5
2026-09-06T17:43:42.006+01:00 INFO : 2 points above threshold
2026-09-06T17:43:42.022+01:00 INFO : Filtering template 96/96 segment 2/5
2026-09-06T17:43:42.040+01:00 INFO : Filtering template 96/96 segment 3/5
2026-09-06T17:43:42.058+01:00 INFO : Filtering template 96/96 segment 4/5
2026-09-06T17:43:42.076+01:00 INFO : 1 points above threshold
2026-09-06T17:43:42.081+01:00 INFO : Filtering template 96/96 segment 5/5
2026-09-06T17:43:42.099+01:00 INFO : We currently have 531 triggers
2026-09-06T17:43:42.099+01:00 INFO : Removing triggers with NewSNR below threshold
2026-09-06T17:43:42.099+01:00 INFO : 479 remaining triggers
2026-09-06T17:43:42.100+01:00 INFO : Outputting 479 triggers
2026-09-06T17:43:42.100+01:00 INFO : Writing out triggers
2026-09-06T17:43:42.110+01:00 INFO : Finished
