2026-09-06T19:55:05.911+01:00 INFO : Running with Torch support on device cpu
2026-09-06T19:55:05.911+01:00 INFO : Reading Frames
2026-09-06T19:55:12.594+01:00 INFO : Highpass Filtering
2026-09-06T19:55:13.046+01:00 INFO : Resampling data
2026-09-06T19:55:13.058+01:00 INFO : Converting to float32
/home/xangma/pycbc-torch-inspiral-reference-20260906/source-v5/pycbc/types/array.py:872: RuntimeWarning: divide by zero encountered in divide
  return self._data.__rtruediv__(other)
2026-09-06T19:55:18.130+01:00 INFO : Highpass Filtering
2026-09-06T19:55:18.575+01:00 INFO : Remove Padding
2026-09-06T19:55:18.623+01:00 INFO : Making frequency-domain data segments
2026-09-06T19:55:21.022+01:00 INFO : Overwhitening frequency-domain data segments
2026-09-06T19:55:21.045+01:00 INFO : Read in template bank
2026-09-06T19:55:21.057+01:00 INFO : Full template bank size: 96
2026-09-06T19:55:21.057+01:00 INFO : Template bank size after thinning: 96
2026-09-06T19:55:21.058+01:00 INFO : 0: generating IMRPhenomD from 30.0 Hz
2026-09-06T19:55:21.060+01:00 INFO : Decompressing waveform using inline_linear
2026-09-06T19:55:21.350+01:00 INFO : Filtering template 1/96 segment 1/5
2026-09-06T19:55:21.441+01:00 INFO : 1 points above threshold
2026-09-06T19:55:21.472+01:00 INFO : Filtering template 1/96 segment 2/5
2026-09-06T19:55:21.532+01:00 INFO : Filtering template 1/96 segment 3/5
2026-09-06T19:55:21.591+01:00 INFO : 1 points above threshold
2026-09-06T19:55:21.597+01:00 INFO : Filtering template 1/96 segment 4/5
2026-09-06T19:55:21.657+01:00 INFO : Filtering template 1/96 segment 5/5
2026-09-06T19:55:21.716+01:00 INFO : 1 points above threshold
2026-09-06T19:55:21.722+01:00 INFO : 1: generating IMRPhenomD from 30.0 Hz
2026-09-06T19:55:21.725+01:00 INFO : Decompressing waveform using inline_linear
2026-09-06T19:55:22.022+01:00 INFO : Filtering template 2/96 segment 1/5
2026-09-06T19:55:22.092+01:00 INFO : 1 points above threshold
2026-09-06T19:55:22.118+01:00 INFO : Filtering template 2/96 segment 2/5
2026-09-06T19:55:22.178+01:00 INFO : 1 points above threshold
2026-09-06T19:55:22.184+01:00 INFO : Filtering template 2/96 segment 3/5
2026-09-06T19:55:22.243+01:00 INFO : 2 points above threshold
2026-09-06T19:55:22.251+01:00 INFO : Filtering template 2/96 segment 4/5
2026-09-06T19:55:22.310+01:00 INFO : Filtering template 2/96 segment 5/5
2026-09-06T19:55:22.370+01:00 INFO : 1 points above threshold
2026-09-06T19:55:22.376+01:00 INFO : 2: generating IMRPhenomD from 30.0 Hz
2026-09-06T19:55:22.379+01:00 INFO : Decompressing waveform using inline_linear
2026-09-06T19:55:22.670+01:00 INFO : Filtering template 3/96 segment 1/5
2026-09-06T19:55:22.740+01:00 INFO : 3 points above threshold
2026-09-06T19:55:22.771+01:00 INFO : Filtering template 3/96 segment 2/5
2026-09-06T19:55:22.830+01:00 INFO : Filtering template 3/96 segment 3/5
2026-09-06T19:55:22.890+01:00 INFO : 1 points above threshold
2026-09-06T19:55:22.896+01:00 INFO : Filtering template 3/96 segment 4/5
2026-09-06T19:55:22.955+01:00 INFO : 1 points above threshold
2026-09-06T19:55:22.961+01:00 INFO : Filtering template 3/96 segment 5/5
2026-09-06T19:55:23.021+01:00 INFO : 3: generating IMRPhenomD from 30.0 Hz
2026-09-06T19:55:23.024+01:00 INFO : Decompressing waveform using inline_linear
2026-09-06T19:55:23.328+01:00 INFO : Filtering template 4/96 segment 1/5
2026-09-06T19:55:23.403+01:00 INFO : 1 points above threshold
2026-09-06T19:55:23.429+01:00 INFO : Filtering template 4/96 segment 2/5
2026-09-06T19:55:23.489+01:00 INFO : 1 points above threshold
2026-09-06T19:55:23.495+01:00 INFO : Filtering template 4/96 segment 3/5
2026-09-06T19:55:23.555+01:00 INFO : 2 points above threshold
2026-09-06T19:55:23.563+01:00 INFO : Filtering template 4/96 segment 4/5
2026-09-06T19:55:23.622+01:00 INFO : 2 points above threshold
2026-09-06T19:55:23.630+01:00 INFO : Filtering template 4/96 segment 5/5
2026-09-06T19:55:23.689+01:00 INFO : 2 points above threshold
2026-09-06T19:55:23.697+01:00 INFO : 4: generating IMRPhenomD from 30.0 Hz
2026-09-06T19:55:23.700+01:00 INFO : Decompressing waveform using inline_linear
2026-09-06T19:55:23.993+01:00 INFO : Filtering template 5/96 segment 1/5
2026-09-06T19:55:24.063+01:00 INFO : 1 points above threshold
2026-09-06T19:55:24.092+01:00 INFO : Filtering template 5/96 segment 2/5
2026-09-06T19:55:24.151+01:00 INFO : 2 points above threshold
2026-09-06T19:55:24.159+01:00 INFO : Filtering template 5/96 segment 3/5
2026-09-06T19:55:24.218+01:00 INFO : 2 points above threshold
2026-09-06T19:55:24.226+01:00 INFO : Filtering template 5/96 segment 4/5
2026-09-06T19:55:24.286+01:00 INFO : 2 points above threshold
2026-09-06T19:55:24.293+01:00 INFO : Filtering template 5/96 segment 5/5
2026-09-06T19:55:24.353+01:00 INFO : 5: generating IMRPhenomD from 30.0 Hz
2026-09-06T19:55:24.356+01:00 INFO : Decompressing waveform using inline_linear
2026-09-06T19:55:24.656+01:00 INFO : Filtering template 6/96 segment 1/5
2026-09-06T19:55:24.731+01:00 INFO : 1 points above threshold
2026-09-06T19:55:24.758+01:00 INFO : Filtering template 6/96 segment 2/5
2026-09-06T19:55:24.818+01:00 INFO : Filtering template 6/96 segment 3/5
2026-09-06T19:55:24.877+01:00 INFO : Filtering template 6/96 segment 4/5
2026-09-06T19:55:24.937+01:00 INFO : Filtering template 6/96 segment 5/5
2026-09-06T19:55:24.997+01:00 INFO : 1 points above threshold
2026-09-06T19:55:25.003+01:00 INFO : 6: generating IMRPhenomD from 30.0 Hz
2026-09-06T19:55:25.005+01:00 INFO : Decompressing waveform using inline_linear
2026-09-06T19:55:25.311+01:00 INFO : Filtering template 7/96 segment 1/5
2026-09-06T19:55:25.388+01:00 INFO : 2 points above threshold
2026-09-06T19:55:25.416+01:00 INFO : Filtering template 7/96 segment 2/5
2026-09-06T19:55:25.475+01:00 INFO : Filtering template 7/96 segment 3/5
2026-09-06T19:55:25.535+01:00 INFO : Filtering template 7/96 segment 4/5
2026-09-06T19:55:25.594+01:00 INFO : 1 points above threshold
2026-09-06T19:55:25.600+01:00 INFO : Filtering template 7/96 segment 5/5
2026-09-06T19:55:25.660+01:00 INFO : 7: generating IMRPhenomD from 30.0 Hz
2026-09-06T19:55:25.662+01:00 INFO : Decompressing waveform using inline_linear
2026-09-06T19:55:25.964+01:00 INFO : Filtering template 8/96 segment 1/5
2026-09-06T19:55:26.046+01:00 INFO : 2 points above threshold
2026-09-06T19:55:26.075+01:00 INFO : Filtering template 8/96 segment 2/5
2026-09-06T19:55:26.134+01:00 INFO : 1 points above threshold
2026-09-06T19:55:26.140+01:00 INFO : Filtering template 8/96 segment 3/5
2026-09-06T19:55:26.200+01:00 INFO : 4 points above threshold
2026-09-06T19:55:26.209+01:00 INFO : Filtering template 8/96 segment 4/5
2026-09-06T19:55:26.269+01:00 INFO : Filtering template 8/96 segment 5/5
2026-09-06T19:55:26.329+01:00 INFO : 8: generating IMRPhenomD from 30.0 Hz
2026-09-06T19:55:26.331+01:00 INFO : Decompressing waveform using inline_linear
2026-09-06T19:55:26.633+01:00 INFO : Filtering template 9/96 segment 1/5
2026-09-06T19:55:26.715+01:00 INFO : Filtering template 9/96 segment 2/5
2026-09-06T19:55:26.774+01:00 INFO : 1 points above threshold
2026-09-06T19:55:26.801+01:00 INFO : Filtering template 9/96 segment 3/5
2026-09-06T19:55:26.860+01:00 INFO : 2 points above threshold
2026-09-06T19:55:26.868+01:00 INFO : Filtering template 9/96 segment 4/5
2026-09-06T19:55:26.928+01:00 INFO : 1 points above threshold
2026-09-06T19:55:26.934+01:00 INFO : Filtering template 9/96 segment 5/5
2026-09-06T19:55:26.993+01:00 INFO : 3 points above threshold
2026-09-06T19:55:27.003+01:00 INFO : 9: generating IMRPhenomD from 30.0 Hz
2026-09-06T19:55:27.006+01:00 INFO : Decompressing waveform using inline_linear
2026-09-06T19:55:27.306+01:00 INFO : Filtering template 10/96 segment 1/5
2026-09-06T19:55:27.389+01:00 INFO : 1 points above threshold
2026-09-06T19:55:27.415+01:00 INFO : Filtering template 10/96 segment 2/5
2026-09-06T19:55:27.474+01:00 INFO : 1 points above threshold
2026-09-06T19:55:27.480+01:00 INFO : Filtering template 10/96 segment 3/5
2026-09-06T19:55:27.540+01:00 INFO : Filtering template 10/96 segment 4/5
2026-09-06T19:55:27.599+01:00 INFO : 2 points above threshold
2026-09-06T19:55:27.607+01:00 INFO : Filtering template 10/96 segment 5/5
2026-09-06T19:55:27.666+01:00 INFO : 1 points above threshold
2026-09-06T19:55:27.673+01:00 INFO : 10: generating IMRPhenomD from 30.0 Hz
2026-09-06T19:55:27.675+01:00 INFO : Decompressing waveform using inline_linear
2026-09-06T19:55:27.979+01:00 INFO : Filtering template 11/96 segment 1/5
2026-09-06T19:55:28.061+01:00 INFO : 4 points above threshold
2026-09-06T19:55:28.091+01:00 INFO : Filtering template 11/96 segment 2/5
2026-09-06T19:55:28.150+01:00 INFO : 2 points above threshold
2026-09-06T19:55:28.158+01:00 INFO : Filtering template 11/96 segment 3/5
2026-09-06T19:55:28.218+01:00 INFO : 1 points above threshold
2026-09-06T19:55:28.224+01:00 INFO : Filtering template 11/96 segment 4/5
2026-09-06T19:55:28.283+01:00 INFO : Filtering template 11/96 segment 5/5
2026-09-06T19:55:28.342+01:00 INFO : 11: generating IMRPhenomD from 30.0 Hz
2026-09-06T19:55:28.345+01:00 INFO : Decompressing waveform using inline_linear
2026-09-06T19:55:28.649+01:00 INFO : Filtering template 12/96 segment 1/5
2026-09-06T19:55:28.731+01:00 INFO : 1 points above threshold
2026-09-06T19:55:28.757+01:00 INFO : Filtering template 12/96 segment 2/5
2026-09-06T19:55:28.817+01:00 INFO : 1 points above threshold
2026-09-06T19:55:28.823+01:00 INFO : Filtering template 12/96 segment 3/5
2026-09-06T19:55:28.882+01:00 INFO : 1 points above threshold
2026-09-06T19:55:28.888+01:00 INFO : Filtering template 12/96 segment 4/5
2026-09-06T19:55:28.947+01:00 INFO : 3 points above threshold
2026-09-06T19:55:28.957+01:00 INFO : Filtering template 12/96 segment 5/5
2026-09-06T19:55:29.017+01:00 INFO : 12: generating IMRPhenomD from 30.0 Hz
2026-09-06T19:55:29.020+01:00 INFO : Decompressing waveform using inline_linear
2026-09-06T19:55:29.322+01:00 INFO : Filtering template 13/96 segment 1/5
2026-09-06T19:55:29.405+01:00 INFO : Filtering template 13/96 segment 2/5
2026-09-06T19:55:29.464+01:00 INFO : 4 points above threshold
2026-09-06T19:55:29.494+01:00 INFO : Filtering template 13/96 segment 3/5
2026-09-06T19:55:29.554+01:00 INFO : Filtering template 13/96 segment 4/5
2026-09-06T19:55:29.613+01:00 INFO : Filtering template 13/96 segment 5/5
2026-09-06T19:55:29.673+01:00 INFO : 1 points above threshold
2026-09-06T19:55:29.679+01:00 INFO : 13: generating IMRPhenomD from 30.0 Hz
2026-09-06T19:55:29.681+01:00 INFO : Decompressing waveform using inline_linear
2026-09-06T19:55:29.985+01:00 INFO : Filtering template 14/96 segment 1/5
2026-09-06T19:55:30.067+01:00 INFO : 1 points above threshold
2026-09-06T19:55:30.094+01:00 INFO : Filtering template 14/96 segment 2/5
2026-09-06T19:55:30.153+01:00 INFO : 2 points above threshold
2026-09-06T19:55:30.161+01:00 INFO : Filtering template 14/96 segment 3/5
2026-09-06T19:55:30.220+01:00 INFO : 3 points above threshold
2026-09-06T19:55:30.230+01:00 INFO : Filtering template 14/96 segment 4/5
2026-09-06T19:55:30.290+01:00 INFO : 2 points above threshold
2026-09-06T19:55:30.298+01:00 INFO : Filtering template 14/96 segment 5/5
2026-09-06T19:55:30.358+01:00 INFO : 14: generating IMRPhenomD from 30.0 Hz
2026-09-06T19:55:30.361+01:00 INFO : Decompressing waveform using inline_linear
2026-09-06T19:55:30.612+01:00 INFO : Filtering template 15/96 segment 1/5
2026-09-06T19:55:30.682+01:00 INFO : 1 points above threshold
2026-09-06T19:55:30.700+01:00 INFO : Filtering template 15/96 segment 2/5
2026-09-06T19:55:30.760+01:00 INFO : Filtering template 15/96 segment 3/5
2026-09-06T19:55:30.819+01:00 INFO : 1 points above threshold
2026-09-06T19:55:30.825+01:00 INFO : Filtering template 15/96 segment 4/5
2026-09-06T19:55:30.885+01:00 INFO : 1 points above threshold
2026-09-06T19:55:30.891+01:00 INFO : Filtering template 15/96 segment 5/5
2026-09-06T19:55:30.950+01:00 INFO : 3 points above threshold
2026-09-06T19:55:30.961+01:00 INFO : 15: generating IMRPhenomD from 30.0 Hz
2026-09-06T19:55:30.963+01:00 INFO : Decompressing waveform using inline_linear
2026-09-06T19:55:31.231+01:00 INFO : Filtering template 16/96 segment 1/5
2026-09-06T19:55:31.300+01:00 INFO : 1 points above threshold
2026-09-06T19:55:31.319+01:00 INFO : Filtering template 16/96 segment 2/5
2026-09-06T19:55:31.378+01:00 INFO : 2 points above threshold
2026-09-06T19:55:31.386+01:00 INFO : Filtering template 16/96 segment 3/5
2026-09-06T19:55:31.445+01:00 INFO : 3 points above threshold
2026-09-06T19:55:31.455+01:00 INFO : Filtering template 16/96 segment 4/5
2026-09-06T19:55:31.515+01:00 INFO : 2 points above threshold
2026-09-06T19:55:31.523+01:00 INFO : Filtering template 16/96 segment 5/5
2026-09-06T19:55:31.583+01:00 INFO : 16: generating IMRPhenomD from 30.0 Hz
2026-09-06T19:55:31.585+01:00 INFO : Decompressing waveform using inline_linear
2026-09-06T19:55:31.853+01:00 INFO : Filtering template 17/96 segment 1/5
2026-09-06T19:55:31.922+01:00 INFO : 2 points above threshold
2026-09-06T19:55:31.943+01:00 INFO : Filtering template 17/96 segment 2/5
2026-09-06T19:55:32.002+01:00 INFO : 3 points above threshold
2026-09-06T19:55:32.012+01:00 INFO : Filtering template 17/96 segment 3/5
2026-09-06T19:55:32.072+01:00 INFO : Filtering template 17/96 segment 4/5
2026-09-06T19:55:32.131+01:00 INFO : 2 points above threshold
2026-09-06T19:55:32.139+01:00 INFO : Filtering template 17/96 segment 5/5
2026-09-06T19:55:32.199+01:00 INFO : 3 points above threshold
2026-09-06T19:55:32.209+01:00 INFO : 17: generating IMRPhenomD from 30.0 Hz
2026-09-06T19:55:32.211+01:00 INFO : Decompressing waveform using inline_linear
2026-09-06T19:55:32.491+01:00 INFO : Filtering template 18/96 segment 1/5
2026-09-06T19:55:32.561+01:00 INFO : Filtering template 18/96 segment 2/5
2026-09-06T19:55:32.620+01:00 INFO : Filtering template 18/96 segment 3/5
2026-09-06T19:55:32.680+01:00 INFO : 1 points above threshold
2026-09-06T19:55:32.698+01:00 INFO : Filtering template 18/96 segment 4/5
2026-09-06T19:55:32.758+01:00 INFO : Filtering template 18/96 segment 5/5
2026-09-06T19:55:32.818+01:00 INFO : 2 points above threshold
2026-09-06T19:55:32.826+01:00 INFO : 18: generating IMRPhenomD from 30.0 Hz
2026-09-06T19:55:32.828+01:00 INFO : Decompressing waveform using inline_linear
2026-09-06T19:55:33.109+01:00 INFO : Filtering template 19/96 segment 1/5
2026-09-06T19:55:33.178+01:00 INFO : 3 points above threshold
2026-09-06T19:55:33.201+01:00 INFO : Filtering template 19/96 segment 2/5
2026-09-06T19:55:33.260+01:00 INFO : 1 points above threshold
2026-09-06T19:55:33.266+01:00 INFO : Filtering template 19/96 segment 3/5
2026-09-06T19:55:33.325+01:00 INFO : 1 points above threshold
2026-09-06T19:55:33.331+01:00 INFO : Filtering template 19/96 segment 4/5
2026-09-06T19:55:33.391+01:00 INFO : 3 points above threshold
2026-09-06T19:55:33.401+01:00 INFO : Filtering template 19/96 segment 5/5
2026-09-06T19:55:33.460+01:00 INFO : 1 points above threshold
2026-09-06T19:55:33.466+01:00 INFO : 19: generating IMRPhenomD from 30.0 Hz
2026-09-06T19:55:33.469+01:00 INFO : Decompressing waveform using inline_linear
2026-09-06T19:55:33.757+01:00 INFO : Filtering template 20/96 segment 1/5
2026-09-06T19:55:33.827+01:00 INFO : 1 points above threshold
2026-09-06T19:55:33.845+01:00 INFO : Filtering template 20/96 segment 2/5
2026-09-06T19:55:33.905+01:00 INFO : 3 points above threshold
2026-09-06T19:55:33.915+01:00 INFO : Filtering template 20/96 segment 3/5
2026-09-06T19:55:33.974+01:00 INFO : Filtering template 20/96 segment 4/5
2026-09-06T19:55:34.033+01:00 INFO : 2 points above threshold
2026-09-06T19:55:34.041+01:00 INFO : Filtering template 20/96 segment 5/5
2026-09-06T19:55:34.102+01:00 INFO : 20: generating IMRPhenomD from 30.0 Hz
2026-09-06T19:55:34.104+01:00 INFO : Decompressing waveform using inline_linear
2026-09-06T19:55:34.391+01:00 INFO : Filtering template 21/96 segment 1/5
2026-09-06T19:55:34.461+01:00 INFO : 1 points above threshold
2026-09-06T19:55:34.480+01:00 INFO : Filtering template 21/96 segment 2/5
2026-09-06T19:55:34.539+01:00 INFO : 1 points above threshold
2026-09-06T19:55:34.545+01:00 INFO : Filtering template 21/96 segment 3/5
2026-09-06T19:55:34.604+01:00 INFO : 1 points above threshold
2026-09-06T19:55:34.610+01:00 INFO : Filtering template 21/96 segment 4/5
2026-09-06T19:55:34.670+01:00 INFO : Filtering template 21/96 segment 5/5
2026-09-06T19:55:34.730+01:00 INFO : 21: generating IMRPhenomD from 30.0 Hz
2026-09-06T19:55:34.733+01:00 INFO : Decompressing waveform using inline_linear
2026-09-06T19:55:35.027+01:00 INFO : Filtering template 22/96 segment 1/5
2026-09-06T19:55:35.097+01:00 INFO : 5 points above threshold
2026-09-06T19:55:35.122+01:00 INFO : Filtering template 22/96 segment 2/5
2026-09-06T19:55:35.181+01:00 INFO : Filtering template 22/96 segment 3/5
2026-09-06T19:55:35.241+01:00 INFO : Filtering template 22/96 segment 4/5
2026-09-06T19:55:35.300+01:00 INFO : 1 points above threshold
2026-09-06T19:55:35.306+01:00 INFO : Filtering template 22/96 segment 5/5
2026-09-06T19:55:35.365+01:00 INFO : 1 points above threshold
2026-09-06T19:55:35.371+01:00 INFO : 22: generating IMRPhenomD from 30.0 Hz
2026-09-06T19:55:35.374+01:00 INFO : Decompressing waveform using inline_linear
2026-09-06T19:55:35.667+01:00 INFO : Filtering template 23/96 segment 1/5
2026-09-06T19:55:35.737+01:00 INFO : 2 points above threshold
2026-09-06T19:55:35.763+01:00 INFO : Filtering template 23/96 segment 2/5
2026-09-06T19:55:35.822+01:00 INFO : 1 points above threshold
2026-09-06T19:55:35.828+01:00 INFO : Filtering template 23/96 segment 3/5
2026-09-06T19:55:35.888+01:00 INFO : 1 points above threshold
2026-09-06T19:55:35.894+01:00 INFO : Filtering template 23/96 segment 4/5
2026-09-06T19:55:35.953+01:00 INFO : Filtering template 23/96 segment 5/5
2026-09-06T19:55:36.013+01:00 INFO : 23: generating IMRPhenomD from 30.0 Hz
2026-09-06T19:55:36.016+01:00 INFO : Decompressing waveform using inline_linear
2026-09-06T19:55:36.310+01:00 INFO : Filtering template 24/96 segment 1/5
2026-09-06T19:55:36.380+01:00 INFO : 1 points above threshold
2026-09-06T19:55:36.404+01:00 INFO : Filtering template 24/96 segment 2/5
2026-09-06T19:55:36.463+01:00 INFO : 2 points above threshold
2026-09-06T19:55:36.471+01:00 INFO : Filtering template 24/96 segment 3/5
2026-09-06T19:55:36.531+01:00 INFO : 1 points above threshold
2026-09-06T19:55:36.537+01:00 INFO : Filtering template 24/96 segment 4/5
2026-09-06T19:55:36.596+01:00 INFO : Filtering template 24/96 segment 5/5
2026-09-06T19:55:36.656+01:00 INFO : 2 points above threshold
2026-09-06T19:55:36.664+01:00 INFO : 24: generating IMRPhenomD from 30.0 Hz
2026-09-06T19:55:36.666+01:00 INFO : Decompressing waveform using inline_linear
2026-09-06T19:55:36.930+01:00 INFO : Filtering template 25/96 segment 1/5
2026-09-06T19:55:36.999+01:00 INFO : 2 points above threshold
2026-09-06T19:55:37.020+01:00 INFO : Filtering template 25/96 segment 2/5
2026-09-06T19:55:37.079+01:00 INFO : Filtering template 25/96 segment 3/5
2026-09-06T19:55:37.139+01:00 INFO : Filtering template 25/96 segment 4/5
2026-09-06T19:55:37.198+01:00 INFO : Filtering template 25/96 segment 5/5
2026-09-06T19:55:37.258+01:00 INFO : 25: generating IMRPhenomD from 30.0 Hz
2026-09-06T19:55:37.261+01:00 INFO : Decompressing waveform using inline_linear
2026-09-06T19:55:37.540+01:00 INFO : Filtering template 26/96 segment 1/5
2026-09-06T19:55:37.610+01:00 INFO : Filtering template 26/96 segment 2/5
2026-09-06T19:55:37.669+01:00 INFO : 2 points above threshold
2026-09-06T19:55:37.689+01:00 INFO : Filtering template 26/96 segment 3/5
2026-09-06T19:55:37.749+01:00 INFO : Filtering template 26/96 segment 4/5
2026-09-06T19:55:37.809+01:00 INFO : 2 points above threshold
2026-09-06T19:55:37.816+01:00 INFO : Filtering template 26/96 segment 5/5
2026-09-06T19:55:37.876+01:00 INFO : 2 points above threshold
2026-09-06T19:55:37.884+01:00 INFO : 26: generating IMRPhenomD from 30.0 Hz
2026-09-06T19:55:37.887+01:00 INFO : Decompressing waveform using inline_linear
2026-09-06T19:55:38.154+01:00 INFO : Filtering template 27/96 segment 1/5
2026-09-06T19:55:38.224+01:00 INFO : 3 points above threshold
2026-09-06T19:55:38.247+01:00 INFO : Filtering template 27/96 segment 2/5
2026-09-06T19:55:38.306+01:00 INFO : Filtering template 27/96 segment 3/5
2026-09-06T19:55:38.366+01:00 INFO : 1 points above threshold
2026-09-06T19:55:38.372+01:00 INFO : Filtering template 27/96 segment 4/5
2026-09-06T19:55:38.431+01:00 INFO : Filtering template 27/96 segment 5/5
2026-09-06T19:55:38.491+01:00 INFO : 27: generating IMRPhenomD from 30.0 Hz
2026-09-06T19:55:38.494+01:00 INFO : Decompressing waveform using inline_linear
2026-09-06T19:55:38.782+01:00 INFO : Filtering template 28/96 segment 1/5
2026-09-06T19:55:38.851+01:00 INFO : 3 points above threshold
2026-09-06T19:55:38.874+01:00 INFO : Filtering template 28/96 segment 2/5
2026-09-06T19:55:38.933+01:00 INFO : 1 points above threshold
2026-09-06T19:55:38.939+01:00 INFO : Filtering template 28/96 segment 3/5
2026-09-06T19:55:38.999+01:00 INFO : 2 points above threshold
2026-09-06T19:55:39.006+01:00 INFO : Filtering template 28/96 segment 4/5
2026-09-06T19:55:39.066+01:00 INFO : 1 points above threshold
2026-09-06T19:55:39.072+01:00 INFO : Filtering template 28/96 segment 5/5
2026-09-06T19:55:39.131+01:00 INFO : 28: generating IMRPhenomD from 30.0 Hz
2026-09-06T19:55:39.134+01:00 INFO : Decompressing waveform using inline_linear
2026-09-06T19:55:39.427+01:00 INFO : Filtering template 29/96 segment 1/5
2026-09-06T19:55:39.497+01:00 INFO : 2 points above threshold
2026-09-06T19:55:39.522+01:00 INFO : Filtering template 29/96 segment 2/5
2026-09-06T19:55:39.582+01:00 INFO : 2 points above threshold
2026-09-06T19:55:39.589+01:00 INFO : Filtering template 29/96 segment 3/5
2026-09-06T19:55:39.649+01:00 INFO : 1 points above threshold
2026-09-06T19:55:39.655+01:00 INFO : Filtering template 29/96 segment 4/5
2026-09-06T19:55:39.714+01:00 INFO : 2 points above threshold
2026-09-06T19:55:39.722+01:00 INFO : Filtering template 29/96 segment 5/5
2026-09-06T19:55:39.781+01:00 INFO : 2 points above threshold
2026-09-06T19:55:39.789+01:00 INFO : 29: generating IMRPhenomD from 30.0 Hz
2026-09-06T19:55:39.792+01:00 INFO : Decompressing waveform using inline_linear
2026-09-06T19:55:40.079+01:00 INFO : Filtering template 30/96 segment 1/5
2026-09-06T19:55:40.149+01:00 INFO : 1 points above threshold
2026-09-06T19:55:40.175+01:00 INFO : Filtering template 30/96 segment 2/5
2026-09-06T19:55:40.234+01:00 INFO : 1 points above threshold
2026-09-06T19:55:40.240+01:00 INFO : Filtering template 30/96 segment 3/5
2026-09-06T19:55:40.300+01:00 INFO : 1 points above threshold
2026-09-06T19:55:40.306+01:00 INFO : Filtering template 30/96 segment 4/5
2026-09-06T19:55:40.365+01:00 INFO : Filtering template 30/96 segment 5/5
2026-09-06T19:55:40.425+01:00 INFO : 30: generating IMRPhenomD from 30.0 Hz
2026-09-06T19:55:40.427+01:00 INFO : Decompressing waveform using inline_linear
2026-09-06T19:55:40.719+01:00 INFO : Filtering template 31/96 segment 1/5
2026-09-06T19:55:40.789+01:00 INFO : Filtering template 31/96 segment 2/5
2026-09-06T19:55:40.848+01:00 INFO : 1 points above threshold
2026-09-06T19:55:40.878+01:00 INFO : Filtering template 31/96 segment 3/5
2026-09-06T19:55:40.937+01:00 INFO : Filtering template 31/96 segment 4/5
2026-09-06T19:55:40.997+01:00 INFO : 1 points above threshold
2026-09-06T19:55:41.003+01:00 INFO : Filtering template 31/96 segment 5/5
2026-09-06T19:55:41.062+01:00 INFO : 1 points above threshold
2026-09-06T19:55:41.068+01:00 INFO : 31: generating IMRPhenomD from 30.0 Hz
2026-09-06T19:55:41.071+01:00 INFO : Decompressing waveform using inline_linear
2026-09-06T19:55:41.373+01:00 INFO : Filtering template 32/96 segment 1/5
2026-09-06T19:55:41.450+01:00 INFO : Filtering template 32/96 segment 2/5
2026-09-06T19:55:41.510+01:00 INFO : Filtering template 32/96 segment 3/5
2026-09-06T19:55:41.569+01:00 INFO : Filtering template 32/96 segment 4/5
2026-09-06T19:55:41.628+01:00 INFO : 3 points above threshold
2026-09-06T19:55:41.659+01:00 INFO : Filtering template 32/96 segment 5/5
2026-09-06T19:55:41.718+01:00 INFO : 2 points above threshold
2026-09-06T19:55:41.726+01:00 INFO : 32: generating IMRPhenomD from 30.0 Hz
2026-09-06T19:55:41.729+01:00 INFO : Decompressing waveform using inline_linear
2026-09-06T19:55:42.032+01:00 INFO : Filtering template 33/96 segment 1/5
2026-09-06T19:55:42.114+01:00 INFO : 2 points above threshold
2026-09-06T19:55:42.142+01:00 INFO : Filtering template 33/96 segment 2/5
2026-09-06T19:55:42.202+01:00 INFO : Filtering template 33/96 segment 3/5
2026-09-06T19:55:42.261+01:00 INFO : Filtering template 33/96 segment 4/5
2026-09-06T19:55:42.321+01:00 INFO : 1 points above threshold
2026-09-06T19:55:42.327+01:00 INFO : Filtering template 33/96 segment 5/5
2026-09-06T19:55:42.386+01:00 INFO : 33: generating IMRPhenomD from 30.0 Hz
2026-09-06T19:55:42.389+01:00 INFO : Decompressing waveform using inline_linear
2026-09-06T19:55:42.691+01:00 INFO : Filtering template 34/96 segment 1/5
2026-09-06T19:55:42.772+01:00 INFO : Filtering template 34/96 segment 2/5
2026-09-06T19:55:42.832+01:00 INFO : 1 points above threshold
2026-09-06T19:55:42.859+01:00 INFO : Filtering template 34/96 segment 3/5
2026-09-06T19:55:42.919+01:00 INFO : 1 points above threshold
2026-09-06T19:55:42.925+01:00 INFO : Filtering template 34/96 segment 4/5
2026-09-06T19:55:42.984+01:00 INFO : Filtering template 34/96 segment 5/5
2026-09-06T19:55:43.043+01:00 INFO : 1 points above threshold
2026-09-06T19:55:43.050+01:00 INFO : 34: generating IMRPhenomD from 30.0 Hz
2026-09-06T19:55:43.052+01:00 INFO : Decompressing waveform using inline_linear
2026-09-06T19:55:43.355+01:00 INFO : Filtering template 35/96 segment 1/5
2026-09-06T19:55:43.437+01:00 INFO : 1 points above threshold
2026-09-06T19:55:43.463+01:00 INFO : Filtering template 35/96 segment 2/5
2026-09-06T19:55:43.522+01:00 INFO : 1 points above threshold
2026-09-06T19:55:43.528+01:00 INFO : Filtering template 35/96 segment 3/5
2026-09-06T19:55:43.588+01:00 INFO : 1 points above threshold
2026-09-06T19:55:43.594+01:00 INFO : Filtering template 35/96 segment 4/5
2026-09-06T19:55:43.654+01:00 INFO : Filtering template 35/96 segment 5/5
2026-09-06T19:55:43.713+01:00 INFO : 35: generating IMRPhenomD from 30.0 Hz
2026-09-06T19:55:43.716+01:00 INFO : Decompressing waveform using inline_linear
2026-09-06T19:55:43.955+01:00 INFO : Filtering template 36/96 segment 1/5
2026-09-06T19:55:44.025+01:00 INFO : 3 points above threshold
2026-09-06T19:55:44.048+01:00 INFO : Filtering template 36/96 segment 2/5
2026-09-06T19:55:44.107+01:00 INFO : 1 points above threshold
2026-09-06T19:55:44.113+01:00 INFO : Filtering template 36/96 segment 3/5
2026-09-06T19:55:44.173+01:00 INFO : 2 points above threshold
2026-09-06T19:55:44.181+01:00 INFO : Filtering template 36/96 segment 4/5
2026-09-06T19:55:44.240+01:00 INFO : Filtering template 36/96 segment 5/5
2026-09-06T19:55:44.300+01:00 INFO : 1 points above threshold
2026-09-06T19:55:44.306+01:00 INFO : 36: generating IMRPhenomD from 30.0 Hz
2026-09-06T19:55:44.309+01:00 INFO : Decompressing waveform using inline_linear
2026-09-06T19:55:44.576+01:00 INFO : Filtering template 37/96 segment 1/5
2026-09-06T19:55:44.645+01:00 INFO : 2 points above threshold
2026-09-06T19:55:44.666+01:00 INFO : Filtering template 37/96 segment 2/5
2026-09-06T19:55:44.725+01:00 INFO : 3 points above threshold
2026-09-06T19:55:44.735+01:00 INFO : Filtering template 37/96 segment 3/5
2026-09-06T19:55:44.794+01:00 INFO : 1 points above threshold
2026-09-06T19:55:44.800+01:00 INFO : Filtering template 37/96 segment 4/5
2026-09-06T19:55:44.860+01:00 INFO : 3 points above threshold
2026-09-06T19:55:44.870+01:00 INFO : Filtering template 37/96 segment 5/5
2026-09-06T19:55:44.930+01:00 INFO : 37: generating IMRPhenomD from 30.0 Hz
2026-09-06T19:55:44.933+01:00 INFO : Decompressing waveform using inline_linear
2026-09-06T19:55:45.187+01:00 INFO : Filtering template 38/96 segment 1/5
2026-09-06T19:55:45.257+01:00 INFO : Filtering template 38/96 segment 2/5
2026-09-06T19:55:45.316+01:00 INFO : Filtering template 38/96 segment 3/5
2026-09-06T19:55:45.376+01:00 INFO : 1 points above threshold
2026-09-06T19:55:45.394+01:00 INFO : Filtering template 38/96 segment 4/5
2026-09-06T19:55:45.454+01:00 INFO : 1 points above threshold
2026-09-06T19:55:45.460+01:00 INFO : Filtering template 38/96 segment 5/5
2026-09-06T19:55:45.519+01:00 INFO : 1 points above threshold
2026-09-06T19:55:45.525+01:00 INFO : 38: generating IMRPhenomD from 30.0 Hz
2026-09-06T19:55:45.528+01:00 INFO : Decompressing waveform using inline_linear
2026-09-06T19:55:45.795+01:00 INFO : Filtering template 39/96 segment 1/5
2026-09-06T19:55:45.864+01:00 INFO : Filtering template 39/96 segment 2/5
2026-09-06T19:55:45.924+01:00 INFO : 2 points above threshold
2026-09-06T19:55:45.944+01:00 INFO : Filtering template 39/96 segment 3/5
2026-09-06T19:55:46.004+01:00 INFO : Filtering template 39/96 segment 4/5
2026-09-06T19:55:46.063+01:00 INFO : 2 points above threshold
2026-09-06T19:55:46.071+01:00 INFO : Filtering template 39/96 segment 5/5
2026-09-06T19:55:46.131+01:00 INFO : 39: generating IMRPhenomD from 30.0 Hz
2026-09-06T19:55:46.134+01:00 INFO : Decompressing waveform using inline_linear
2026-09-06T19:55:46.414+01:00 INFO : Filtering template 40/96 segment 1/5
2026-09-06T19:55:46.483+01:00 INFO : Filtering template 40/96 segment 2/5
2026-09-06T19:55:46.543+01:00 INFO : Filtering template 40/96 segment 3/5
2026-09-06T19:55:46.602+01:00 INFO : Filtering template 40/96 segment 4/5
2026-09-06T19:55:46.662+01:00 INFO : 2 points above threshold
2026-09-06T19:55:46.682+01:00 INFO : Filtering template 40/96 segment 5/5
2026-09-06T19:55:46.741+01:00 INFO : 40: generating IMRPhenomD from 30.0 Hz
2026-09-06T19:55:46.744+01:00 INFO : Decompressing waveform using inline_linear
2026-09-06T19:55:47.031+01:00 INFO : Filtering template 41/96 segment 1/5
2026-09-06T19:55:47.101+01:00 INFO : Filtering template 41/96 segment 2/5
2026-09-06T19:55:47.160+01:00 INFO : Filtering template 41/96 segment 3/5
2026-09-06T19:55:47.220+01:00 INFO : 2 points above threshold
2026-09-06T19:55:47.240+01:00 INFO : Filtering template 41/96 segment 4/5
2026-09-06T19:55:47.300+01:00 INFO : 2 points above threshold
2026-09-06T19:55:47.307+01:00 INFO : Filtering template 41/96 segment 5/5
2026-09-06T19:55:47.367+01:00 INFO : 41: generating IMRPhenomD from 30.0 Hz
2026-09-06T19:55:47.370+01:00 INFO : Decompressing waveform using inline_linear
2026-09-06T19:55:47.663+01:00 INFO : Filtering template 42/96 segment 1/5
2026-09-06T19:55:47.733+01:00 INFO : Filtering template 42/96 segment 2/5
2026-09-06T19:55:47.792+01:00 INFO : 1 points above threshold
2026-09-06T19:55:47.816+01:00 INFO : Filtering template 42/96 segment 3/5
2026-09-06T19:55:47.875+01:00 INFO : Filtering template 42/96 segment 4/5
2026-09-06T19:55:47.936+01:00 INFO : 1 points above threshold
2026-09-06T19:55:47.942+01:00 INFO : Filtering template 42/96 segment 5/5
2026-09-06T19:55:48.001+01:00 INFO : 1 points above threshold
2026-09-06T19:55:48.007+01:00 INFO : 42: generating IMRPhenomD from 30.0 Hz
2026-09-06T19:55:48.010+01:00 INFO : Decompressing waveform using inline_linear
2026-09-06T19:55:48.305+01:00 INFO : Filtering template 43/96 segment 1/5
2026-09-06T19:55:48.374+01:00 INFO : 1 points above threshold
2026-09-06T19:55:48.400+01:00 INFO : Filtering template 43/96 segment 2/5
2026-09-06T19:55:48.460+01:00 INFO : 2 points above threshold
2026-09-06T19:55:48.468+01:00 INFO : Filtering template 43/96 segment 3/5
2026-09-06T19:55:48.527+01:00 INFO : 1 points above threshold
2026-09-06T19:55:48.533+01:00 INFO : Filtering template 43/96 segment 4/5
2026-09-06T19:55:48.593+01:00 INFO : Filtering template 43/96 segment 5/5
2026-09-06T19:55:48.652+01:00 INFO : 43: generating IMRPhenomD from 30.0 Hz
2026-09-06T19:55:48.655+01:00 INFO : Decompressing waveform using inline_linear
2026-09-06T19:55:48.961+01:00 INFO : Filtering template 44/96 segment 1/5
2026-09-06T19:55:49.036+01:00 INFO : 1 points above threshold
2026-09-06T19:55:49.063+01:00 INFO : Filtering template 44/96 segment 2/5
2026-09-06T19:55:49.122+01:00 INFO : Filtering template 44/96 segment 3/5
2026-09-06T19:55:49.182+01:00 INFO : Filtering template 44/96 segment 4/5
2026-09-06T19:55:49.241+01:00 INFO : 1 points above threshold
2026-09-06T19:55:49.247+01:00 INFO : Filtering template 44/96 segment 5/5
2026-09-06T19:55:49.307+01:00 INFO : 44: generating IMRPhenomD from 30.0 Hz
2026-09-06T19:55:49.310+01:00 INFO : Decompressing waveform using inline_linear
2026-09-06T19:55:49.615+01:00 INFO : Filtering template 45/96 segment 1/5
2026-09-06T19:55:49.691+01:00 INFO : 2 points above threshold
2026-09-06T19:55:49.720+01:00 INFO : Filtering template 45/96 segment 2/5
2026-09-06T19:55:49.779+01:00 INFO : 1 points above threshold
2026-09-06T19:55:49.785+01:00 INFO : Filtering template 45/96 segment 3/5
2026-09-06T19:55:49.845+01:00 INFO : 1 points above threshold
2026-09-06T19:55:49.851+01:00 INFO : Filtering template 45/96 segment 4/5
2026-09-06T19:55:49.910+01:00 INFO : Filtering template 45/96 segment 5/5
2026-09-06T19:55:49.970+01:00 INFO : 45: generating IMRPhenomD from 30.0 Hz
2026-09-06T19:55:49.973+01:00 INFO : Decompressing waveform using inline_linear
2026-09-06T19:55:50.275+01:00 INFO : Filtering template 46/96 segment 1/5
2026-09-06T19:55:50.357+01:00 INFO : Filtering template 46/96 segment 2/5
2026-09-06T19:55:50.417+01:00 INFO : Filtering template 46/96 segment 3/5
2026-09-06T19:55:50.476+01:00 INFO : 1 points above threshold
2026-09-06T19:55:50.503+01:00 INFO : Filtering template 46/96 segment 4/5
2026-09-06T19:55:50.562+01:00 INFO : 3 points above threshold
2026-09-06T19:55:50.572+01:00 INFO : Filtering template 46/96 segment 5/5
2026-09-06T19:55:50.632+01:00 INFO : 1 points above threshold
2026-09-06T19:55:50.638+01:00 INFO : 46: generating IMRPhenomD from 30.0 Hz
2026-09-06T19:55:50.640+01:00 INFO : Decompressing waveform using inline_linear
2026-09-06T19:55:50.891+01:00 INFO : Filtering template 47/96 segment 1/5
2026-09-06T19:55:50.961+01:00 INFO : 3 points above threshold
2026-09-06T19:55:50.984+01:00 INFO : Filtering template 47/96 segment 2/5
2026-09-06T19:55:51.043+01:00 INFO : Filtering template 47/96 segment 3/5
2026-09-06T19:55:51.103+01:00 INFO : 2 points above threshold
2026-09-06T19:55:51.111+01:00 INFO : Filtering template 47/96 segment 4/5
2026-09-06T19:55:51.170+01:00 INFO : 1 points above threshold
2026-09-06T19:55:51.176+01:00 INFO : Filtering template 47/96 segment 5/5
2026-09-06T19:55:51.235+01:00 INFO : 1 points above threshold
2026-09-06T19:55:51.242+01:00 INFO : 47: generating IMRPhenomD from 30.0 Hz
2026-09-06T19:55:51.244+01:00 INFO : Decompressing waveform using inline_linear
2026-09-06T19:55:51.511+01:00 INFO : Filtering template 48/96 segment 1/5
2026-09-06T19:55:51.581+01:00 INFO : 3 points above threshold
2026-09-06T19:55:51.603+01:00 INFO : Filtering template 48/96 segment 2/5
2026-09-06T19:55:51.663+01:00 INFO : 1 points above threshold
2026-09-06T19:55:51.669+01:00 INFO : Filtering template 48/96 segment 3/5
2026-09-06T19:55:51.728+01:00 INFO : 1 points above threshold
2026-09-06T19:55:51.734+01:00 INFO : Filtering template 48/96 segment 4/5
2026-09-06T19:55:51.794+01:00 INFO : 2 points above threshold
2026-09-06T19:55:51.802+01:00 INFO : Filtering template 48/96 segment 5/5
2026-09-06T19:55:51.862+01:00 INFO : 1 points above threshold
2026-09-06T19:55:51.868+01:00 INFO : 48: generating IMRPhenomD from 30.0 Hz
2026-09-06T19:55:51.870+01:00 INFO : Decompressing waveform using inline_linear
2026-09-06T19:55:52.138+01:00 INFO : Filtering template 49/96 segment 1/5
2026-09-06T19:55:52.208+01:00 INFO : 1 points above threshold
2026-09-06T19:55:52.227+01:00 INFO : Filtering template 49/96 segment 2/5
2026-09-06T19:55:52.287+01:00 INFO : 1 points above threshold
2026-09-06T19:55:52.293+01:00 INFO : Filtering template 49/96 segment 3/5
2026-09-06T19:55:52.352+01:00 INFO : 2 points above threshold
2026-09-06T19:55:52.360+01:00 INFO : Filtering template 49/96 segment 4/5
2026-09-06T19:55:52.419+01:00 INFO : Filtering template 49/96 segment 5/5
2026-09-06T19:55:52.479+01:00 INFO : 49: generating IMRPhenomD from 30.0 Hz
2026-09-06T19:55:52.482+01:00 INFO : Decompressing waveform using inline_linear
2026-09-06T19:55:52.762+01:00 INFO : Filtering template 50/96 segment 1/5
2026-09-06T19:55:52.831+01:00 INFO : Filtering template 50/96 segment 2/5
2026-09-06T19:55:52.891+01:00 INFO : 2 points above threshold
2026-09-06T19:55:52.912+01:00 INFO : Filtering template 50/96 segment 3/5
2026-09-06T19:55:52.971+01:00 INFO : 4 points above threshold
2026-09-06T19:55:52.980+01:00 INFO : Filtering template 50/96 segment 4/5
2026-09-06T19:55:53.040+01:00 INFO : 2 points above threshold
2026-09-06T19:55:53.047+01:00 INFO : Filtering template 50/96 segment 5/5
2026-09-06T19:55:53.107+01:00 INFO : 50: generating IMRPhenomD from 30.0 Hz
2026-09-06T19:55:53.110+01:00 INFO : Decompressing waveform using inline_linear
2026-09-06T19:55:53.389+01:00 INFO : Filtering template 51/96 segment 1/5
2026-09-06T19:55:53.458+01:00 INFO : 1 points above threshold
2026-09-06T19:55:53.477+01:00 INFO : Filtering template 51/96 segment 2/5
2026-09-06T19:55:53.536+01:00 INFO : 1 points above threshold
2026-09-06T19:55:53.542+01:00 INFO : Filtering template 51/96 segment 3/5
2026-09-06T19:55:53.602+01:00 INFO : Filtering template 51/96 segment 4/5
2026-09-06T19:55:53.661+01:00 INFO : 1 points above threshold
2026-09-06T19:55:53.667+01:00 INFO : Filtering template 51/96 segment 5/5
2026-09-06T19:55:53.727+01:00 INFO : 2 points above threshold
2026-09-06T19:55:53.735+01:00 INFO : 51: generating IMRPhenomD from 30.0 Hz
2026-09-06T19:55:53.738+01:00 INFO : Decompressing waveform using inline_linear
2026-09-06T19:55:54.031+01:00 INFO : Filtering template 52/96 segment 1/5
2026-09-06T19:55:54.100+01:00 INFO : 1 points above threshold
2026-09-06T19:55:54.119+01:00 INFO : Filtering template 52/96 segment 2/5
2026-09-06T19:55:54.178+01:00 INFO : 1 points above threshold
2026-09-06T19:55:54.184+01:00 INFO : Filtering template 52/96 segment 3/5
2026-09-06T19:55:54.244+01:00 INFO : Filtering template 52/96 segment 4/5
2026-09-06T19:55:54.303+01:00 INFO : 3 points above threshold
2026-09-06T19:55:54.313+01:00 INFO : Filtering template 52/96 segment 5/5
2026-09-06T19:55:54.373+01:00 INFO : 1 points above threshold
2026-09-06T19:55:54.379+01:00 INFO : 52: generating IMRPhenomD from 30.0 Hz
2026-09-06T19:55:54.381+01:00 INFO : Decompressing waveform using inline_linear
2026-09-06T19:55:54.681+01:00 INFO : Filtering template 53/96 segment 1/5
2026-09-06T19:55:54.751+01:00 INFO : 3 points above threshold
2026-09-06T19:55:54.779+01:00 INFO : Filtering template 53/96 segment 2/5
2026-09-06T19:55:54.838+01:00 INFO : 2 points above threshold
2026-09-06T19:55:54.846+01:00 INFO : Filtering template 53/96 segment 3/5
2026-09-06T19:55:54.906+01:00 INFO : 2 points above threshold
2026-09-06T19:55:54.914+01:00 INFO : Filtering template 53/96 segment 4/5
2026-09-06T19:55:54.973+01:00 INFO : 1 points above threshold
2026-09-06T19:55:54.979+01:00 INFO : Filtering template 53/96 segment 5/5
2026-09-06T19:55:55.038+01:00 INFO : 1 points above threshold
2026-09-06T19:55:55.045+01:00 INFO : 53: generating IMRPhenomD from 30.0 Hz
2026-09-06T19:55:55.047+01:00 INFO : Decompressing waveform using inline_linear
2026-09-06T19:55:55.342+01:00 INFO : Filtering template 54/96 segment 1/5
2026-09-06T19:55:55.411+01:00 INFO : Filtering template 54/96 segment 2/5
2026-09-06T19:55:55.471+01:00 INFO : Filtering template 54/96 segment 3/5
2026-09-06T19:55:55.530+01:00 INFO : 2 points above threshold
2026-09-06T19:55:55.558+01:00 INFO : Filtering template 54/96 segment 4/5
2026-09-06T19:55:55.617+01:00 INFO : 5 points above threshold
2026-09-06T19:55:55.630+01:00 INFO : Filtering template 54/96 segment 5/5
2026-09-06T19:55:55.689+01:00 INFO : 54: generating IMRPhenomD from 30.0 Hz
2026-09-06T19:55:55.692+01:00 INFO : Decompressing waveform using inline_linear
2026-09-06T19:55:55.997+01:00 INFO : Filtering template 55/96 segment 1/5
2026-09-06T19:55:56.072+01:00 INFO : Filtering template 55/96 segment 2/5
2026-09-06T19:55:56.131+01:00 INFO : 1 points above threshold
2026-09-06T19:55:56.158+01:00 INFO : Filtering template 55/96 segment 3/5
2026-09-06T19:55:56.217+01:00 INFO : 3 points above threshold
2026-09-06T19:55:56.227+01:00 INFO : Filtering template 55/96 segment 4/5
2026-09-06T19:55:56.287+01:00 INFO : 1 points above threshold
2026-09-06T19:55:56.293+01:00 INFO : Filtering template 55/96 segment 5/5
2026-09-06T19:55:56.352+01:00 INFO : 1 points above threshold
2026-09-06T19:55:56.359+01:00 INFO : 55: generating IMRPhenomD from 30.0 Hz
2026-09-06T19:55:56.361+01:00 INFO : Decompressing waveform using inline_linear
2026-09-06T19:55:56.615+01:00 INFO : Filtering template 56/96 segment 1/5
2026-09-06T19:55:56.685+01:00 INFO : 1 points above threshold
2026-09-06T19:55:56.704+01:00 INFO : Filtering template 56/96 segment 2/5
2026-09-06T19:55:56.764+01:00 INFO : 1 points above threshold
2026-09-06T19:55:56.769+01:00 INFO : Filtering template 56/96 segment 3/5
2026-09-06T19:55:56.829+01:00 INFO : 3 points above threshold
2026-09-06T19:55:56.839+01:00 INFO : Filtering template 56/96 segment 4/5
2026-09-06T19:55:56.899+01:00 INFO : Filtering template 56/96 segment 5/5
2026-09-06T19:55:56.958+01:00 INFO : 1 points above threshold
2026-09-06T19:55:56.966+01:00 INFO : 56: generating IMRPhenomD from 30.0 Hz
2026-09-06T19:55:56.968+01:00 INFO : Decompressing waveform using inline_linear
2026-09-06T19:55:57.236+01:00 INFO : Filtering template 57/96 segment 1/5
2026-09-06T19:55:57.305+01:00 INFO : 1 points above threshold
2026-09-06T19:55:57.324+01:00 INFO : Filtering template 57/96 segment 2/5
2026-09-06T19:55:57.383+01:00 INFO : 2 points above threshold
2026-09-06T19:55:57.391+01:00 INFO : Filtering template 57/96 segment 3/5
2026-09-06T19:55:57.451+01:00 INFO : 2 points above threshold
2026-09-06T19:55:57.459+01:00 INFO : Filtering template 57/96 segment 4/5
2026-09-06T19:55:57.518+01:00 INFO : 2 points above threshold
2026-09-06T19:55:57.526+01:00 INFO : Filtering template 57/96 segment 5/5
2026-09-06T19:55:57.586+01:00 INFO : 57: generating IMRPhenomD from 30.0 Hz
2026-09-06T19:55:57.588+01:00 INFO : Decompressing waveform using inline_linear
2026-09-06T19:55:57.855+01:00 INFO : Filtering template 58/96 segment 1/5
2026-09-06T19:55:57.925+01:00 INFO : 1 points above threshold
2026-09-06T19:55:57.943+01:00 INFO : Filtering template 58/96 segment 2/5
2026-09-06T19:55:58.003+01:00 INFO : 2 points above threshold
2026-09-06T19:55:58.011+01:00 INFO : Filtering template 58/96 segment 3/5
2026-09-06T19:55:58.070+01:00 INFO : 1 points above threshold
2026-09-06T19:55:58.076+01:00 INFO : Filtering template 58/96 segment 4/5
2026-09-06T19:55:58.136+01:00 INFO : 1 points above threshold
2026-09-06T19:55:58.142+01:00 INFO : Filtering template 58/96 segment 5/5
2026-09-06T19:55:58.201+01:00 INFO : 2 points above threshold
2026-09-06T19:55:58.209+01:00 INFO : 58: generating IMRPhenomD from 30.0 Hz
2026-09-06T19:55:58.212+01:00 INFO : Decompressing waveform using inline_linear
2026-09-06T19:55:58.479+01:00 INFO : Filtering template 59/96 segment 1/5
2026-09-06T19:55:58.549+01:00 INFO : 1 points above threshold
2026-09-06T19:55:58.567+01:00 INFO : Filtering template 59/96 segment 2/5
2026-09-06T19:55:58.627+01:00 INFO : 2 points above threshold
2026-09-06T19:55:58.635+01:00 INFO : Filtering template 59/96 segment 3/5
2026-09-06T19:55:58.695+01:00 INFO : 2 points above threshold
2026-09-06T19:55:58.702+01:00 INFO : Filtering template 59/96 segment 4/5
2026-09-06T19:55:58.762+01:00 INFO : 1 points above threshold
2026-09-06T19:55:58.768+01:00 INFO : Filtering template 59/96 segment 5/5
2026-09-06T19:55:58.828+01:00 INFO : 59: generating IMRPhenomD from 30.0 Hz
2026-09-06T19:55:58.831+01:00 INFO : Decompressing waveform using inline_linear
2026-09-06T19:55:59.118+01:00 INFO : Filtering template 60/96 segment 1/5
2026-09-06T19:55:59.188+01:00 INFO : Filtering template 60/96 segment 2/5
2026-09-06T19:55:59.247+01:00 INFO : Filtering template 60/96 segment 3/5
2026-09-06T19:55:59.306+01:00 INFO : 1 points above threshold
2026-09-06T19:55:59.325+01:00 INFO : Filtering template 60/96 segment 4/5
2026-09-06T19:55:59.384+01:00 INFO : 2 points above threshold
2026-09-06T19:55:59.392+01:00 INFO : Filtering template 60/96 segment 5/5
2026-09-06T19:55:59.452+01:00 INFO : 60: generating IMRPhenomD from 30.0 Hz
2026-09-06T19:55:59.454+01:00 INFO : Decompressing waveform using inline_linear
2026-09-06T19:55:59.742+01:00 INFO : Filtering template 61/96 segment 1/5
2026-09-06T19:55:59.811+01:00 INFO : Filtering template 61/96 segment 2/5
2026-09-06T19:55:59.871+01:00 INFO : 2 points above threshold
2026-09-06T19:55:59.891+01:00 INFO : Filtering template 61/96 segment 3/5
2026-09-06T19:55:59.951+01:00 INFO : 1 points above threshold
2026-09-06T19:55:59.957+01:00 INFO : Filtering template 61/96 segment 4/5
2026-09-06T19:56:00.016+01:00 INFO : 1 points above threshold
2026-09-06T19:56:00.022+01:00 INFO : Filtering template 61/96 segment 5/5
2026-09-06T19:56:00.082+01:00 INFO : 61: generating IMRPhenomD from 30.0 Hz
2026-09-06T19:56:00.084+01:00 INFO : Decompressing waveform using inline_linear
2026-09-06T19:56:00.383+01:00 INFO : Filtering template 62/96 segment 1/5
2026-09-06T19:56:00.453+01:00 INFO : 2 points above threshold
2026-09-06T19:56:00.479+01:00 INFO : Filtering template 62/96 segment 2/5
2026-09-06T19:56:00.538+01:00 INFO : Filtering template 62/96 segment 3/5
2026-09-06T19:56:00.598+01:00 INFO : Filtering template 62/96 segment 4/5
2026-09-06T19:56:00.657+01:00 INFO : 5 points above threshold
2026-09-06T19:56:00.670+01:00 INFO : Filtering template 62/96 segment 5/5
2026-09-06T19:56:00.730+01:00 INFO : 62: generating IMRPhenomD from 30.0 Hz
2026-09-06T19:56:00.732+01:00 INFO : Decompressing waveform using inline_linear
2026-09-06T19:56:01.027+01:00 INFO : Filtering template 63/96 segment 1/5
2026-09-06T19:56:01.096+01:00 INFO : Filtering template 63/96 segment 2/5
2026-09-06T19:56:01.156+01:00 INFO : 1 points above threshold
2026-09-06T19:56:01.184+01:00 INFO : Filtering template 63/96 segment 3/5
2026-09-06T19:56:01.244+01:00 INFO : 2 points above threshold
2026-09-06T19:56:01.252+01:00 INFO : Filtering template 63/96 segment 4/5
2026-09-06T19:56:01.311+01:00 INFO : 1 points above threshold
2026-09-06T19:56:01.317+01:00 INFO : Filtering template 63/96 segment 5/5
2026-09-06T19:56:01.376+01:00 INFO : 1 points above threshold
2026-09-06T19:56:01.383+01:00 INFO : 63: generating IMRPhenomD from 30.0 Hz
2026-09-06T19:56:01.385+01:00 INFO : Decompressing waveform using inline_linear
2026-09-06T19:56:01.687+01:00 INFO : Filtering template 64/96 segment 1/5
2026-09-06T19:56:01.765+01:00 INFO : 2 points above threshold
2026-09-06T19:56:01.793+01:00 INFO : Filtering template 64/96 segment 2/5
2026-09-06T19:56:01.853+01:00 INFO : 1 points above threshold
2026-09-06T19:56:01.859+01:00 INFO : Filtering template 64/96 segment 3/5
2026-09-06T19:56:01.918+01:00 INFO : Filtering template 64/96 segment 4/5
2026-09-06T19:56:01.978+01:00 INFO : Filtering template 64/96 segment 5/5
2026-09-06T19:56:02.037+01:00 INFO : 64: generating IMRPhenomD from 30.0 Hz
2026-09-06T19:56:02.040+01:00 INFO : Decompressing waveform using inline_linear
2026-09-06T19:56:02.343+01:00 INFO : Filtering template 65/96 segment 1/5
2026-09-06T19:56:02.425+01:00 INFO : 2 points above threshold
2026-09-06T19:56:02.454+01:00 INFO : Filtering template 65/96 segment 2/5
2026-09-06T19:56:02.513+01:00 INFO : 2 points above threshold
2026-09-06T19:56:02.521+01:00 INFO : Filtering template 65/96 segment 3/5
2026-09-06T19:56:02.580+01:00 INFO : 1 points above threshold
2026-09-06T19:56:02.586+01:00 INFO : Filtering template 65/96 segment 4/5
2026-09-06T19:56:02.646+01:00 INFO : 2 points above threshold
2026-09-06T19:56:02.654+01:00 INFO : Filtering template 65/96 segment 5/5
2026-09-06T19:56:02.714+01:00 INFO : 65: generating IMRPhenomD from 30.0 Hz
2026-09-06T19:56:02.716+01:00 INFO : Decompressing waveform using inline_linear
2026-09-06T19:56:02.968+01:00 INFO : Filtering template 66/96 segment 1/5
2026-09-06T19:56:03.037+01:00 INFO : 1 points above threshold
2026-09-06T19:56:03.056+01:00 INFO : Filtering template 66/96 segment 2/5
2026-09-06T19:56:03.116+01:00 INFO : 1 points above threshold
2026-09-06T19:56:03.122+01:00 INFO : Filtering template 66/96 segment 3/5
2026-09-06T19:56:03.181+01:00 INFO : 2 points above threshold
2026-09-06T19:56:03.189+01:00 INFO : Filtering template 66/96 segment 4/5
2026-09-06T19:56:03.248+01:00 INFO : 1 points above threshold
2026-09-06T19:56:03.254+01:00 INFO : Filtering template 66/96 segment 5/5
2026-09-06T19:56:03.314+01:00 INFO : 66: generating IMRPhenomD from 30.0 Hz
2026-09-06T19:56:03.317+01:00 INFO : Decompressing waveform using inline_linear
2026-09-06T19:56:03.584+01:00 INFO : Filtering template 67/96 segment 1/5
2026-09-06T19:56:03.653+01:00 INFO : 3 points above threshold
2026-09-06T19:56:03.676+01:00 INFO : Filtering template 67/96 segment 2/5
2026-09-06T19:56:03.735+01:00 INFO : Filtering template 67/96 segment 3/5
2026-09-06T19:56:03.795+01:00 INFO : 1 points above threshold
2026-09-06T19:56:03.805+01:00 INFO : Filtering template 67/96 segment 4/5
2026-09-06T19:56:03.864+01:00 INFO : Filtering template 67/96 segment 5/5
2026-09-06T19:56:03.925+01:00 INFO : 67: generating IMRPhenomD from 30.0 Hz
2026-09-06T19:56:03.927+01:00 INFO : Decompressing waveform using inline_linear
2026-09-06T19:56:04.194+01:00 INFO : Filtering template 68/96 segment 1/5
2026-09-06T19:56:04.264+01:00 INFO : 1 points above threshold
2026-09-06T19:56:04.283+01:00 INFO : Filtering template 68/96 segment 2/5
2026-09-06T19:56:04.342+01:00 INFO : 1 points above threshold
2026-09-06T19:56:04.348+01:00 INFO : Filtering template 68/96 segment 3/5
2026-09-06T19:56:04.408+01:00 INFO : 1 points above threshold
2026-09-06T19:56:04.413+01:00 INFO : Filtering template 68/96 segment 4/5
2026-09-06T19:56:04.473+01:00 INFO : 1 points above threshold
2026-09-06T19:56:04.479+01:00 INFO : Filtering template 68/96 segment 5/5
2026-09-06T19:56:04.538+01:00 INFO : 1 points above threshold
2026-09-06T19:56:04.544+01:00 INFO : 68: generating IMRPhenomD from 30.0 Hz
2026-09-06T19:56:04.547+01:00 INFO : Decompressing waveform using inline_linear
2026-09-06T19:56:04.814+01:00 INFO : Filtering template 69/96 segment 1/5
2026-09-06T19:56:04.884+01:00 INFO : Filtering template 69/96 segment 2/5
2026-09-06T19:56:04.943+01:00 INFO : Filtering template 69/96 segment 3/5
2026-09-06T19:56:05.003+01:00 INFO : 1 points above threshold
2026-09-06T19:56:05.021+01:00 INFO : Filtering template 69/96 segment 4/5
2026-09-06T19:56:05.081+01:00 INFO : 2 points above threshold
2026-09-06T19:56:05.089+01:00 INFO : Filtering template 69/96 segment 5/5
2026-09-06T19:56:05.148+01:00 INFO : 69: generating IMRPhenomD from 30.0 Hz
2026-09-06T19:56:05.151+01:00 INFO : Decompressing waveform using inline_linear
2026-09-06T19:56:05.438+01:00 INFO : Filtering template 70/96 segment 1/5
2026-09-06T19:56:05.507+01:00 INFO : 2 points above threshold
2026-09-06T19:56:05.527+01:00 INFO : Filtering template 70/96 segment 2/5
2026-09-06T19:56:05.587+01:00 INFO : 2 points above threshold
2026-09-06T19:56:05.595+01:00 INFO : Filtering template 70/96 segment 3/5
2026-09-06T19:56:05.654+01:00 INFO : Filtering template 70/96 segment 4/5
2026-09-06T19:56:05.713+01:00 INFO : 2 points above threshold
2026-09-06T19:56:05.721+01:00 INFO : Filtering template 70/96 segment 5/5
2026-09-06T19:56:05.780+01:00 INFO : 2 points above threshold
2026-09-06T19:56:05.789+01:00 INFO : 70: generating IMRPhenomD from 30.0 Hz
2026-09-06T19:56:05.791+01:00 INFO : Decompressing waveform using inline_linear
2026-09-06T19:56:06.077+01:00 INFO : Filtering template 71/96 segment 1/5
2026-09-06T19:56:06.147+01:00 INFO : Filtering template 71/96 segment 2/5
2026-09-06T19:56:06.206+01:00 INFO : 1 points above threshold
2026-09-06T19:56:06.225+01:00 INFO : Filtering template 71/96 segment 3/5
2026-09-06T19:56:06.284+01:00 INFO : 1 points above threshold
2026-09-06T19:56:06.290+01:00 INFO : Filtering template 71/96 segment 4/5
2026-09-06T19:56:06.349+01:00 INFO : 3 points above threshold
2026-09-06T19:56:06.359+01:00 INFO : Filtering template 71/96 segment 5/5
2026-09-06T19:56:06.419+01:00 INFO : 71: generating IMRPhenomD from 30.0 Hz
2026-09-06T19:56:06.421+01:00 INFO : Decompressing waveform using inline_linear
2026-09-06T19:56:06.720+01:00 INFO : Filtering template 72/96 segment 1/5
2026-09-06T19:56:06.790+01:00 INFO : 2 points above threshold
2026-09-06T19:56:06.815+01:00 INFO : Filtering template 72/96 segment 2/5
2026-09-06T19:56:06.875+01:00 INFO : 1 points above threshold
2026-09-06T19:56:06.881+01:00 INFO : Filtering template 72/96 segment 3/5
2026-09-06T19:56:06.941+01:00 INFO : 1 points above threshold
2026-09-06T19:56:06.947+01:00 INFO : Filtering template 72/96 segment 4/5
2026-09-06T19:56:07.007+01:00 INFO : 3 points above threshold
2026-09-06T19:56:07.017+01:00 INFO : Filtering template 72/96 segment 5/5
2026-09-06T19:56:07.076+01:00 INFO : 3 points above threshold
2026-09-06T19:56:07.086+01:00 INFO : 72: generating IMRPhenomD from 30.0 Hz
2026-09-06T19:56:07.089+01:00 INFO : Decompressing waveform using inline_linear
2026-09-06T19:56:07.382+01:00 INFO : Filtering template 73/96 segment 1/5
2026-09-06T19:56:07.451+01:00 INFO : 1 points above threshold
2026-09-06T19:56:07.480+01:00 INFO : Filtering template 73/96 segment 2/5
2026-09-06T19:56:07.540+01:00 INFO : 1 points above threshold
2026-09-06T19:56:07.546+01:00 INFO : Filtering template 73/96 segment 3/5
2026-09-06T19:56:07.605+01:00 INFO : 1 points above threshold
2026-09-06T19:56:07.611+01:00 INFO : Filtering template 73/96 segment 4/5
2026-09-06T19:56:07.671+01:00 INFO : Filtering template 73/96 segment 5/5
2026-09-06T19:56:07.730+01:00 INFO : 1 points above threshold
2026-09-06T19:56:07.737+01:00 INFO : 73: generating IMRPhenomD from 30.0 Hz
2026-09-06T19:56:07.739+01:00 INFO : Decompressing waveform using inline_linear
2026-09-06T19:56:08.039+01:00 INFO : Filtering template 74/96 segment 1/5
2026-09-06T19:56:08.116+01:00 INFO : 3 points above threshold
2026-09-06T19:56:08.147+01:00 INFO : Filtering template 74/96 segment 2/5
2026-09-06T19:56:08.206+01:00 INFO : 3 points above threshold
2026-09-06T19:56:08.216+01:00 INFO : Filtering template 74/96 segment 3/5
2026-09-06T19:56:08.276+01:00 INFO : Filtering template 74/96 segment 4/5
2026-09-06T19:56:08.336+01:00 INFO : 1 points above threshold
2026-09-06T19:56:08.342+01:00 INFO : Filtering template 74/96 segment 5/5
2026-09-06T19:56:08.401+01:00 INFO : 74: generating IMRPhenomD from 30.0 Hz
2026-09-06T19:56:08.404+01:00 INFO : Decompressing waveform using inline_linear
2026-09-06T19:56:08.706+01:00 INFO : Filtering template 75/96 segment 1/5
2026-09-06T19:56:08.788+01:00 INFO : Filtering template 75/96 segment 2/5
2026-09-06T19:56:08.848+01:00 INFO : 1 points above threshold
2026-09-06T19:56:08.874+01:00 INFO : Filtering template 75/96 segment 3/5
2026-09-06T19:56:08.934+01:00 INFO : 2 points above threshold
2026-09-06T19:56:08.942+01:00 INFO : Filtering template 75/96 segment 4/5
2026-09-06T19:56:09.002+01:00 INFO : Filtering template 75/96 segment 5/5
2026-09-06T19:56:09.061+01:00 INFO : 2 points above threshold
2026-09-06T19:56:09.069+01:00 INFO : 75: generating IMRPhenomD from 30.0 Hz
2026-09-06T19:56:09.072+01:00 INFO : Decompressing waveform using inline_linear
2026-09-06T19:56:09.322+01:00 INFO : Filtering template 76/96 segment 1/5
2026-09-06T19:56:09.392+01:00 INFO : 1 points above threshold
2026-09-06T19:56:09.411+01:00 INFO : Filtering template 76/96 segment 2/5
2026-09-06T19:56:09.470+01:00 INFO : Filtering template 76/96 segment 3/5
2026-09-06T19:56:09.530+01:00 INFO : 1 points above threshold
2026-09-06T19:56:09.536+01:00 INFO : Filtering template 76/96 segment 4/5
2026-09-06T19:56:09.595+01:00 INFO : Filtering template 76/96 segment 5/5
2026-09-06T19:56:09.655+01:00 INFO : 2 points above threshold
2026-09-06T19:56:09.663+01:00 INFO : 76: generating IMRPhenomD from 30.0 Hz
2026-09-06T19:56:09.665+01:00 INFO : Decompressing waveform using inline_linear
2026-09-06T19:56:09.932+01:00 INFO : Filtering template 77/96 segment 1/5
2026-09-06T19:56:10.001+01:00 INFO : Filtering template 77/96 segment 2/5
2026-09-06T19:56:10.061+01:00 INFO : 1 points above threshold
2026-09-06T19:56:10.080+01:00 INFO : Filtering template 77/96 segment 3/5
2026-09-06T19:56:10.139+01:00 INFO : Filtering template 77/96 segment 4/5
2026-09-06T19:56:10.199+01:00 INFO : 1 points above threshold
2026-09-06T19:56:10.205+01:00 INFO : Filtering template 77/96 segment 5/5
2026-09-06T19:56:10.265+01:00 INFO : 77: generating IMRPhenomD from 30.0 Hz
2026-09-06T19:56:10.267+01:00 INFO : Decompressing waveform using inline_linear
2026-09-06T19:56:10.532+01:00 INFO : Filtering template 78/96 segment 1/5
2026-09-06T19:56:10.602+01:00 INFO : Filtering template 78/96 segment 2/5
2026-09-06T19:56:10.662+01:00 INFO : Filtering template 78/96 segment 3/5
2026-09-06T19:56:10.721+01:00 INFO : Filtering template 78/96 segment 4/5
2026-09-06T19:56:10.781+01:00 INFO : 1 points above threshold
2026-09-06T19:56:10.800+01:00 INFO : Filtering template 78/96 segment 5/5
2026-09-06T19:56:10.860+01:00 INFO : 78: generating IMRPhenomD from 30.0 Hz
2026-09-06T19:56:10.862+01:00 INFO : Decompressing waveform using inline_linear
2026-09-06T19:56:11.128+01:00 INFO : Filtering template 79/96 segment 1/5
2026-09-06T19:56:11.198+01:00 INFO : 2 points above threshold
2026-09-06T19:56:11.218+01:00 INFO : Filtering template 79/96 segment 2/5
2026-09-06T19:56:11.278+01:00 INFO : Filtering template 79/96 segment 3/5
2026-09-06T19:56:11.337+01:00 INFO : 1 points above threshold
2026-09-06T19:56:11.343+01:00 INFO : Filtering template 79/96 segment 4/5
2026-09-06T19:56:11.403+01:00 INFO : 1 points above threshold
2026-09-06T19:56:11.409+01:00 INFO : Filtering template 79/96 segment 5/5
2026-09-06T19:56:11.468+01:00 INFO : 3 points above threshold
2026-09-06T19:56:11.478+01:00 INFO : 79: generating IMRPhenomD from 30.0 Hz
2026-09-06T19:56:11.481+01:00 INFO : Decompressing waveform using inline_linear
2026-09-06T19:56:11.766+01:00 INFO : Filtering template 80/96 segment 1/5
2026-09-06T19:56:11.836+01:00 INFO : 2 points above threshold
2026-09-06T19:56:11.857+01:00 INFO : Filtering template 80/96 segment 2/5
2026-09-06T19:56:11.917+01:00 INFO : 1 points above threshold
2026-09-06T19:56:11.923+01:00 INFO : Filtering template 80/96 segment 3/5
2026-09-06T19:56:11.982+01:00 INFO : 1 points above threshold
2026-09-06T19:56:11.988+01:00 INFO : Filtering template 80/96 segment 4/5
2026-09-06T19:56:12.048+01:00 INFO : Filtering template 80/96 segment 5/5
2026-09-06T19:56:12.108+01:00 INFO : 1 points above threshold
2026-09-06T19:56:12.114+01:00 INFO : 80: generating IMRPhenomD from 30.0 Hz
2026-09-06T19:56:12.117+01:00 INFO : Decompressing waveform using inline_linear
2026-09-06T19:56:12.403+01:00 INFO : Filtering template 81/96 segment 1/5
2026-09-06T19:56:12.473+01:00 INFO : 1 points above threshold
2026-09-06T19:56:12.491+01:00 INFO : Filtering template 81/96 segment 2/5
2026-09-06T19:56:12.551+01:00 INFO : 2 points above threshold
2026-09-06T19:56:12.559+01:00 INFO : Filtering template 81/96 segment 3/5
2026-09-06T19:56:12.618+01:00 INFO : 1 points above threshold
2026-09-06T19:56:12.624+01:00 INFO : Filtering template 81/96 segment 4/5
2026-09-06T19:56:12.684+01:00 INFO : Filtering template 81/96 segment 5/5
2026-09-06T19:56:12.743+01:00 INFO : 1 points above threshold
2026-09-06T19:56:12.750+01:00 INFO : 81: generating IMRPhenomD from 30.0 Hz
2026-09-06T19:56:12.752+01:00 INFO : Decompressing waveform using inline_linear
2026-09-06T19:56:13.051+01:00 INFO : Filtering template 82/96 segment 1/5
2026-09-06T19:56:13.121+01:00 INFO : Filtering template 82/96 segment 2/5
2026-09-06T19:56:13.180+01:00 INFO : 2 points above threshold
2026-09-06T19:56:13.206+01:00 INFO : Filtering template 82/96 segment 3/5
2026-09-06T19:56:13.265+01:00 INFO : 1 points above threshold
2026-09-06T19:56:13.271+01:00 INFO : Filtering template 82/96 segment 4/5
2026-09-06T19:56:13.331+01:00 INFO : Filtering template 82/96 segment 5/5
2026-09-06T19:56:13.391+01:00 INFO : 82: generating IMRPhenomD from 30.0 Hz
2026-09-06T19:56:13.393+01:00 INFO : Decompressing waveform using inline_linear
2026-09-06T19:56:13.687+01:00 INFO : Filtering template 83/96 segment 1/5
2026-09-06T19:56:13.757+01:00 INFO : 1 points above threshold
2026-09-06T19:56:13.786+01:00 INFO : Filtering template 83/96 segment 2/5
2026-09-06T19:56:13.846+01:00 INFO : 2 points above threshold
2026-09-06T19:56:13.854+01:00 INFO : Filtering template 83/96 segment 3/5
2026-09-06T19:56:13.914+01:00 INFO : 2 points above threshold
2026-09-06T19:56:13.921+01:00 INFO : Filtering template 83/96 segment 4/5
2026-09-06T19:56:13.981+01:00 INFO : 3 points above threshold
2026-09-06T19:56:13.991+01:00 INFO : Filtering template 83/96 segment 5/5
2026-09-06T19:56:14.050+01:00 INFO : 3 points above threshold
2026-09-06T19:56:14.061+01:00 INFO : 83: generating IMRPhenomD from 30.0 Hz
2026-09-06T19:56:14.063+01:00 INFO : Decompressing waveform using inline_linear
2026-09-06T19:56:14.364+01:00 INFO : Filtering template 84/96 segment 1/5
2026-09-06T19:56:14.441+01:00 INFO : Filtering template 84/96 segment 2/5
2026-09-06T19:56:14.501+01:00 INFO : Filtering template 84/96 segment 3/5
2026-09-06T19:56:14.560+01:00 INFO : 1 points above threshold
2026-09-06T19:56:14.587+01:00 INFO : Filtering template 84/96 segment 4/5
2026-09-06T19:56:14.646+01:00 INFO : 3 points above threshold
2026-09-06T19:56:14.656+01:00 INFO : Filtering template 84/96 segment 5/5
2026-09-06T19:56:14.716+01:00 INFO : 84: generating IMRPhenomD from 30.0 Hz
2026-09-06T19:56:14.719+01:00 INFO : Decompressing waveform using inline_linear
2026-09-06T19:56:15.021+01:00 INFO : Filtering template 85/96 segment 1/5
2026-09-06T19:56:15.103+01:00 INFO : 1 points above threshold
2026-09-06T19:56:15.130+01:00 INFO : Filtering template 85/96 segment 2/5
2026-09-06T19:56:15.189+01:00 INFO : 2 points above threshold
2026-09-06T19:56:15.197+01:00 INFO : Filtering template 85/96 segment 3/5
2026-09-06T19:56:15.256+01:00 INFO : 1 points above threshold
2026-09-06T19:56:15.262+01:00 INFO : Filtering template 85/96 segment 4/5
2026-09-06T19:56:15.322+01:00 INFO : 3 points above threshold
2026-09-06T19:56:15.332+01:00 INFO : Filtering template 85/96 segment 5/5
2026-09-06T19:56:15.391+01:00 INFO : 2 points above threshold
2026-09-06T19:56:15.400+01:00 INFO : 85: generating IMRPhenomD from 30.0 Hz
2026-09-06T19:56:15.402+01:00 INFO : Decompressing waveform using inline_linear
2026-09-06T19:56:15.704+01:00 INFO : Filtering template 86/96 segment 1/5
2026-09-06T19:56:15.786+01:00 INFO : 2 points above threshold
2026-09-06T19:56:15.815+01:00 INFO : Filtering template 86/96 segment 2/5
2026-09-06T19:56:15.874+01:00 INFO : 2 points above threshold
2026-09-06T19:56:15.882+01:00 INFO : Filtering template 86/96 segment 3/5
2026-09-06T19:56:15.941+01:00 INFO : 1 points above threshold
2026-09-06T19:56:15.947+01:00 INFO : Filtering template 86/96 segment 4/5
2026-09-06T19:56:16.007+01:00 INFO : 1 points above threshold
2026-09-06T19:56:16.013+01:00 INFO : Filtering template 86/96 segment 5/5
2026-09-06T19:56:16.072+01:00 INFO : 2 points above threshold
2026-09-06T19:56:16.081+01:00 INFO : 86: generating IMRPhenomD from 30.0 Hz
2026-09-06T19:56:16.083+01:00 INFO : Decompressing waveform using inline_linear
2026-09-06T19:56:16.384+01:00 INFO : Filtering template 87/96 segment 1/5
2026-09-06T19:56:16.466+01:00 INFO : 1 points above threshold
2026-09-06T19:56:16.493+01:00 INFO : Filtering template 87/96 segment 2/5
2026-09-06T19:56:16.552+01:00 INFO : 2 points above threshold
2026-09-06T19:56:16.560+01:00 INFO : Filtering template 87/96 segment 3/5
2026-09-06T19:56:16.620+01:00 INFO : 1 points above threshold
2026-09-06T19:56:16.625+01:00 INFO : Filtering template 87/96 segment 4/5
2026-09-06T19:56:16.685+01:00 INFO : 1 points above threshold
2026-09-06T19:56:16.691+01:00 INFO : Filtering template 87/96 segment 5/5
2026-09-06T19:56:16.750+01:00 INFO : 1 points above threshold
2026-09-06T19:56:16.757+01:00 INFO : 87: generating IMRPhenomD from 30.0 Hz
2026-09-06T19:56:16.759+01:00 INFO : Decompressing waveform using inline_linear
2026-09-06T19:56:16.998+01:00 INFO : Filtering template 88/96 segment 1/5
2026-09-06T19:56:17.068+01:00 INFO : 2 points above threshold
2026-09-06T19:56:17.088+01:00 INFO : Filtering template 88/96 segment 2/5
2026-09-06T19:56:17.148+01:00 INFO : 1 points above threshold
2026-09-06T19:56:17.154+01:00 INFO : Filtering template 88/96 segment 3/5
2026-09-06T19:56:17.214+01:00 INFO : Filtering template 88/96 segment 4/5
2026-09-06T19:56:17.273+01:00 INFO : Filtering template 88/96 segment 5/5
2026-09-06T19:56:17.333+01:00 INFO : 2 points above threshold
2026-09-06T19:56:17.341+01:00 INFO : 88: generating IMRPhenomD from 30.0 Hz
2026-09-06T19:56:17.344+01:00 INFO : Decompressing waveform using inline_linear
2026-09-06T19:56:17.598+01:00 INFO : Filtering template 89/96 segment 1/5
2026-09-06T19:56:17.667+01:00 INFO : 2 points above threshold
2026-09-06T19:56:17.688+01:00 INFO : Filtering template 89/96 segment 2/5
2026-09-06T19:56:17.747+01:00 INFO : 1 points above threshold
2026-09-06T19:56:17.753+01:00 INFO : Filtering template 89/96 segment 3/5
2026-09-06T19:56:17.813+01:00 INFO : 2 points above threshold
2026-09-06T19:56:17.821+01:00 INFO : Filtering template 89/96 segment 4/5
2026-09-06T19:56:17.880+01:00 INFO : Filtering template 89/96 segment 5/5
2026-09-06T19:56:17.941+01:00 INFO : 89: generating IMRPhenomD from 30.0 Hz
2026-09-06T19:56:17.943+01:00 INFO : Decompressing waveform using inline_linear
2026-09-06T19:56:18.197+01:00 INFO : Filtering template 90/96 segment 1/5
2026-09-06T19:56:18.267+01:00 INFO : Filtering template 90/96 segment 2/5
2026-09-06T19:56:18.326+01:00 INFO : 1 points above threshold
2026-09-06T19:56:18.345+01:00 INFO : Filtering template 90/96 segment 3/5
2026-09-06T19:56:18.404+01:00 INFO : 3 points above threshold
2026-09-06T19:56:18.414+01:00 INFO : Filtering template 90/96 segment 4/5
2026-09-06T19:56:18.474+01:00 INFO : Filtering template 90/96 segment 5/5
2026-09-06T19:56:18.534+01:00 INFO : 1 points above threshold
2026-09-06T19:56:18.540+01:00 INFO : 90: generating IMRPhenomD from 30.0 Hz
2026-09-06T19:56:18.542+01:00 INFO : Decompressing waveform using inline_linear
2026-09-06T19:56:18.795+01:00 INFO : Filtering template 91/96 segment 1/5
2026-09-06T19:56:18.865+01:00 INFO : Filtering template 91/96 segment 2/5
2026-09-06T19:56:18.925+01:00 INFO : 2 points above threshold
2026-09-06T19:56:18.945+01:00 INFO : Filtering template 91/96 segment 3/5
2026-09-06T19:56:19.005+01:00 INFO : 3 points above threshold
2026-09-06T19:56:19.015+01:00 INFO : Filtering template 91/96 segment 4/5
2026-09-06T19:56:19.074+01:00 INFO : Filtering template 91/96 segment 5/5
2026-09-06T19:56:19.134+01:00 INFO : 1 points above threshold
2026-09-06T19:56:19.140+01:00 INFO : 91: generating IMRPhenomD from 30.0 Hz
2026-09-06T19:56:19.142+01:00 INFO : Decompressing waveform using inline_linear
2026-09-06T19:56:19.408+01:00 INFO : Filtering template 92/96 segment 1/5
2026-09-06T19:56:19.477+01:00 INFO : 2 points above threshold
2026-09-06T19:56:19.498+01:00 INFO : Filtering template 92/96 segment 2/5
2026-09-06T19:56:19.557+01:00 INFO : 1 points above threshold
2026-09-06T19:56:19.563+01:00 INFO : Filtering template 92/96 segment 3/5
2026-09-06T19:56:19.623+01:00 INFO : 2 points above threshold
2026-09-06T19:56:19.631+01:00 INFO : Filtering template 92/96 segment 4/5
2026-09-06T19:56:19.690+01:00 INFO : 1 points above threshold
2026-09-06T19:56:19.696+01:00 INFO : Filtering template 92/96 segment 5/5
2026-09-06T19:56:19.755+01:00 INFO : 1 points above threshold
2026-09-06T19:56:19.762+01:00 INFO : 92: generating IMRPhenomD from 30.0 Hz
2026-09-06T19:56:19.764+01:00 INFO : Decompressing waveform using inline_linear
2026-09-06T19:56:20.030+01:00 INFO : Filtering template 93/96 segment 1/5
2026-09-06T19:56:20.099+01:00 INFO : Filtering template 93/96 segment 2/5
2026-09-06T19:56:20.159+01:00 INFO : 3 points above threshold
2026-09-06T19:56:20.181+01:00 INFO : Filtering template 93/96 segment 3/5
2026-09-06T19:56:20.241+01:00 INFO : 3 points above threshold
2026-09-06T19:56:20.251+01:00 INFO : Filtering template 93/96 segment 4/5
2026-09-06T19:56:20.310+01:00 INFO : 1 points above threshold
2026-09-06T19:56:20.316+01:00 INFO : Filtering template 93/96 segment 5/5
2026-09-06T19:56:20.375+01:00 INFO : 1 points above threshold
2026-09-06T19:56:20.382+01:00 INFO : 93: generating IMRPhenomD from 30.0 Hz
2026-09-06T19:56:20.384+01:00 INFO : Decompressing waveform using inline_linear
2026-09-06T19:56:20.669+01:00 INFO : Filtering template 94/96 segment 1/5
2026-09-06T19:56:20.739+01:00 INFO : 1 points above threshold
2026-09-06T19:56:20.758+01:00 INFO : Filtering template 94/96 segment 2/5
2026-09-06T19:56:20.817+01:00 INFO : 2 points above threshold
2026-09-06T19:56:20.825+01:00 INFO : Filtering template 94/96 segment 3/5
2026-09-06T19:56:20.885+01:00 INFO : 4 points above threshold
2026-09-06T19:56:20.894+01:00 INFO : Filtering template 94/96 segment 4/5
2026-09-06T19:56:20.954+01:00 INFO : Filtering template 94/96 segment 5/5
2026-09-06T19:56:21.014+01:00 INFO : 2 points above threshold
2026-09-06T19:56:21.022+01:00 INFO : 94: generating IMRPhenomD from 30.0 Hz
2026-09-06T19:56:21.024+01:00 INFO : Decompressing waveform using inline_linear
2026-09-06T19:56:21.309+01:00 INFO : Filtering template 95/96 segment 1/5
2026-09-06T19:56:21.378+01:00 INFO : 3 points above threshold
2026-09-06T19:56:21.400+01:00 INFO : Filtering template 95/96 segment 2/5
2026-09-06T19:56:21.460+01:00 INFO : 2 points above threshold
2026-09-06T19:56:21.468+01:00 INFO : Filtering template 95/96 segment 3/5
2026-09-06T19:56:21.527+01:00 INFO : 2 points above threshold
2026-09-06T19:56:21.535+01:00 INFO : Filtering template 95/96 segment 4/5
2026-09-06T19:56:21.595+01:00 INFO : 1 points above threshold
2026-09-06T19:56:21.601+01:00 INFO : Filtering template 95/96 segment 5/5
2026-09-06T19:56:21.661+01:00 INFO : 95: generating IMRPhenomD from 30.0 Hz
2026-09-06T19:56:21.663+01:00 INFO : Decompressing waveform using inline_linear
2026-09-06T19:56:21.960+01:00 INFO : Filtering template 96/96 segment 1/5
2026-09-06T19:56:22.030+01:00 INFO : 2 points above threshold
2026-09-06T19:56:22.055+01:00 INFO : Filtering template 96/96 segment 2/5
2026-09-06T19:56:22.115+01:00 INFO : Filtering template 96/96 segment 3/5
2026-09-06T19:56:22.175+01:00 INFO : Filtering template 96/96 segment 4/5
2026-09-06T19:56:22.235+01:00 INFO : 1 points above threshold
2026-09-06T19:56:22.240+01:00 INFO : Filtering template 96/96 segment 5/5
2026-09-06T19:56:22.300+01:00 INFO : We currently have 527 triggers
2026-09-06T19:56:22.300+01:00 INFO : Removing triggers with NewSNR below threshold
2026-09-06T19:56:22.301+01:00 INFO : 475 remaining triggers
2026-09-06T19:56:22.301+01:00 INFO : Outputting 475 triggers
2026-09-06T19:56:22.301+01:00 INFO : Writing out triggers
2026-09-06T19:56:22.312+01:00 INFO : Finished
