2026-09-06T20:12:03.020+01:00 INFO : Running with Torch support on device cpu
2026-09-06T20:12:03.021+01:00 INFO : Reading Frames
2026-09-06T20:12:09.715+01:00 INFO : Highpass Filtering
2026-09-06T20:12:10.176+01:00 INFO : Resampling data
2026-09-06T20:12:10.188+01:00 INFO : Converting to float32
/home/xangma/pycbc-torch-inspiral-reference-20260906/source-v5/pycbc/types/array.py:872: RuntimeWarning: divide by zero encountered in divide
  return self._data.__rtruediv__(other)
2026-09-06T20:12:15.272+01:00 INFO : Highpass Filtering
2026-09-06T20:12:15.762+01:00 INFO : Remove Padding
2026-09-06T20:12:15.785+01:00 INFO : Making frequency-domain data segments
2026-09-06T20:12:18.064+01:00 INFO : Overwhitening frequency-domain data segments
2026-09-06T20:12:18.088+01:00 INFO : Read in template bank
2026-09-06T20:12:18.098+01:00 INFO : Full template bank size: 96
2026-09-06T20:12:18.098+01:00 INFO : Template bank size after thinning: 96
2026-09-06T20:12:18.098+01:00 INFO : 0: generating IMRPhenomD from 30.0 Hz
2026-09-06T20:12:18.101+01:00 INFO : Decompressing waveform using inline_linear
2026-09-06T20:12:18.390+01:00 INFO : Filtering template 1/96 segment 1/5
2026-09-06T20:12:18.481+01:00 INFO : 1 points above threshold
2026-09-06T20:12:18.507+01:00 INFO : Filtering template 1/96 segment 2/5
2026-09-06T20:12:18.566+01:00 INFO : Filtering template 1/96 segment 3/5
2026-09-06T20:12:18.625+01:00 INFO : 1 points above threshold
2026-09-06T20:12:18.631+01:00 INFO : Filtering template 1/96 segment 4/5
2026-09-06T20:12:18.690+01:00 INFO : Filtering template 1/96 segment 5/5
2026-09-06T20:12:18.749+01:00 INFO : 1 points above threshold
2026-09-06T20:12:18.756+01:00 INFO : 1: generating IMRPhenomD from 30.0 Hz
2026-09-06T20:12:18.758+01:00 INFO : Decompressing waveform using inline_linear
2026-09-06T20:12:19.060+01:00 INFO : Filtering template 2/96 segment 1/5
2026-09-06T20:12:19.129+01:00 INFO : 1 points above threshold
2026-09-06T20:12:19.153+01:00 INFO : Filtering template 2/96 segment 2/5
2026-09-06T20:12:19.212+01:00 INFO : 1 points above threshold
2026-09-06T20:12:19.218+01:00 INFO : Filtering template 2/96 segment 3/5
2026-09-06T20:12:19.277+01:00 INFO : 2 points above threshold
2026-09-06T20:12:19.285+01:00 INFO : Filtering template 2/96 segment 4/5
2026-09-06T20:12:19.344+01:00 INFO : Filtering template 2/96 segment 5/5
2026-09-06T20:12:19.404+01:00 INFO : 1 points above threshold
2026-09-06T20:12:19.410+01:00 INFO : 2: generating IMRPhenomD from 30.0 Hz
2026-09-06T20:12:19.412+01:00 INFO : Decompressing waveform using inline_linear
2026-09-06T20:12:19.707+01:00 INFO : Filtering template 3/96 segment 1/5
2026-09-06T20:12:19.777+01:00 INFO : 3 points above threshold
2026-09-06T20:12:19.807+01:00 INFO : Filtering template 3/96 segment 2/5
2026-09-06T20:12:19.866+01:00 INFO : Filtering template 3/96 segment 3/5
2026-09-06T20:12:19.926+01:00 INFO : 1 points above threshold
2026-09-06T20:12:19.932+01:00 INFO : Filtering template 3/96 segment 4/5
2026-09-06T20:12:19.991+01:00 INFO : 1 points above threshold
2026-09-06T20:12:19.997+01:00 INFO : Filtering template 3/96 segment 5/5
2026-09-06T20:12:20.056+01:00 INFO : 3: generating IMRPhenomD from 30.0 Hz
2026-09-06T20:12:20.059+01:00 INFO : Decompressing waveform using inline_linear
2026-09-06T20:12:20.355+01:00 INFO : Filtering template 4/96 segment 1/5
2026-09-06T20:12:20.425+01:00 INFO : 1 points above threshold
2026-09-06T20:12:20.452+01:00 INFO : Filtering template 4/96 segment 2/5
2026-09-06T20:12:20.511+01:00 INFO : 1 points above threshold
2026-09-06T20:12:20.517+01:00 INFO : Filtering template 4/96 segment 3/5
2026-09-06T20:12:20.576+01:00 INFO : 2 points above threshold
2026-09-06T20:12:20.584+01:00 INFO : Filtering template 4/96 segment 4/5
2026-09-06T20:12:20.643+01:00 INFO : 2 points above threshold
2026-09-06T20:12:20.650+01:00 INFO : Filtering template 4/96 segment 5/5
2026-09-06T20:12:20.710+01:00 INFO : 2 points above threshold
2026-09-06T20:12:20.718+01:00 INFO : 4: generating IMRPhenomD from 30.0 Hz
2026-09-06T20:12:20.721+01:00 INFO : Decompressing waveform using inline_linear
2026-09-06T20:12:21.013+01:00 INFO : Filtering template 5/96 segment 1/5
2026-09-06T20:12:21.082+01:00 INFO : 1 points above threshold
2026-09-06T20:12:21.106+01:00 INFO : Filtering template 5/96 segment 2/5
2026-09-06T20:12:21.165+01:00 INFO : 2 points above threshold
2026-09-06T20:12:21.173+01:00 INFO : Filtering template 5/96 segment 3/5
2026-09-06T20:12:21.232+01:00 INFO : 2 points above threshold
2026-09-06T20:12:21.240+01:00 INFO : Filtering template 5/96 segment 4/5
2026-09-06T20:12:21.299+01:00 INFO : 2 points above threshold
2026-09-06T20:12:21.307+01:00 INFO : Filtering template 5/96 segment 5/5
2026-09-06T20:12:21.367+01:00 INFO : 5: generating IMRPhenomD from 30.0 Hz
2026-09-06T20:12:21.369+01:00 INFO : Decompressing waveform using inline_linear
2026-09-06T20:12:21.678+01:00 INFO : Filtering template 6/96 segment 1/5
2026-09-06T20:12:21.747+01:00 INFO : 1 points above threshold
2026-09-06T20:12:21.773+01:00 INFO : Filtering template 6/96 segment 2/5
2026-09-06T20:12:21.833+01:00 INFO : Filtering template 6/96 segment 3/5
2026-09-06T20:12:21.892+01:00 INFO : Filtering template 6/96 segment 4/5
2026-09-06T20:12:21.951+01:00 INFO : Filtering template 6/96 segment 5/5
2026-09-06T20:12:22.011+01:00 INFO : 1 points above threshold
2026-09-06T20:12:22.017+01:00 INFO : 6: generating IMRPhenomD from 30.0 Hz
2026-09-06T20:12:22.020+01:00 INFO : Decompressing waveform using inline_linear
2026-09-06T20:12:22.325+01:00 INFO : Filtering template 7/96 segment 1/5
2026-09-06T20:12:22.400+01:00 INFO : 2 points above threshold
2026-09-06T20:12:22.428+01:00 INFO : Filtering template 7/96 segment 2/5
2026-09-06T20:12:22.487+01:00 INFO : Filtering template 7/96 segment 3/5
2026-09-06T20:12:22.546+01:00 INFO : Filtering template 7/96 segment 4/5
2026-09-06T20:12:22.605+01:00 INFO : 1 points above threshold
2026-09-06T20:12:22.611+01:00 INFO : Filtering template 7/96 segment 5/5
2026-09-06T20:12:22.671+01:00 INFO : 7: generating IMRPhenomD from 30.0 Hz
2026-09-06T20:12:22.673+01:00 INFO : Decompressing waveform using inline_linear
2026-09-06T20:12:22.978+01:00 INFO : Filtering template 8/96 segment 1/5
2026-09-06T20:12:23.055+01:00 INFO : 2 points above threshold
2026-09-06T20:12:23.083+01:00 INFO : Filtering template 8/96 segment 2/5
2026-09-06T20:12:23.142+01:00 INFO : 1 points above threshold
2026-09-06T20:12:23.148+01:00 INFO : Filtering template 8/96 segment 3/5
2026-09-06T20:12:23.207+01:00 INFO : 4 points above threshold
2026-09-06T20:12:23.216+01:00 INFO : Filtering template 8/96 segment 4/5
2026-09-06T20:12:23.276+01:00 INFO : Filtering template 8/96 segment 5/5
2026-09-06T20:12:23.335+01:00 INFO : 8: generating IMRPhenomD from 30.0 Hz
2026-09-06T20:12:23.338+01:00 INFO : Decompressing waveform using inline_linear
2026-09-06T20:12:23.640+01:00 INFO : Filtering template 9/96 segment 1/5
2026-09-06T20:12:23.721+01:00 INFO : Filtering template 9/96 segment 2/5
2026-09-06T20:12:23.781+01:00 INFO : 1 points above threshold
2026-09-06T20:12:23.807+01:00 INFO : Filtering template 9/96 segment 3/5
2026-09-06T20:12:23.866+01:00 INFO : 2 points above threshold
2026-09-06T20:12:23.874+01:00 INFO : Filtering template 9/96 segment 4/5
2026-09-06T20:12:23.933+01:00 INFO : 1 points above threshold
2026-09-06T20:12:23.939+01:00 INFO : Filtering template 9/96 segment 5/5
2026-09-06T20:12:23.999+01:00 INFO : 3 points above threshold
2026-09-06T20:12:24.009+01:00 INFO : 9: generating IMRPhenomD from 30.0 Hz
2026-09-06T20:12:24.011+01:00 INFO : Decompressing waveform using inline_linear
2026-09-06T20:12:24.313+01:00 INFO : Filtering template 10/96 segment 1/5
2026-09-06T20:12:24.395+01:00 INFO : 1 points above threshold
2026-09-06T20:12:24.421+01:00 INFO : Filtering template 10/96 segment 2/5
2026-09-06T20:12:24.480+01:00 INFO : 1 points above threshold
2026-09-06T20:12:24.486+01:00 INFO : Filtering template 10/96 segment 3/5
2026-09-06T20:12:24.545+01:00 INFO : Filtering template 10/96 segment 4/5
2026-09-06T20:12:24.604+01:00 INFO : 2 points above threshold
2026-09-06T20:12:24.612+01:00 INFO : Filtering template 10/96 segment 5/5
2026-09-06T20:12:24.671+01:00 INFO : 1 points above threshold
2026-09-06T20:12:24.677+01:00 INFO : 10: generating IMRPhenomD from 30.0 Hz
2026-09-06T20:12:24.680+01:00 INFO : Decompressing waveform using inline_linear
2026-09-06T20:12:24.985+01:00 INFO : Filtering template 11/96 segment 1/5
2026-09-06T20:12:25.067+01:00 INFO : 4 points above threshold
2026-09-06T20:12:25.097+01:00 INFO : Filtering template 11/96 segment 2/5
2026-09-06T20:12:25.156+01:00 INFO : 2 points above threshold
2026-09-06T20:12:25.164+01:00 INFO : Filtering template 11/96 segment 3/5
2026-09-06T20:12:25.223+01:00 INFO : 1 points above threshold
2026-09-06T20:12:25.229+01:00 INFO : Filtering template 11/96 segment 4/5
2026-09-06T20:12:25.288+01:00 INFO : Filtering template 11/96 segment 5/5
2026-09-06T20:12:25.348+01:00 INFO : 11: generating IMRPhenomD from 30.0 Hz
2026-09-06T20:12:25.350+01:00 INFO : Decompressing waveform using inline_linear
2026-09-06T20:12:25.663+01:00 INFO : Filtering template 12/96 segment 1/5
2026-09-06T20:12:25.745+01:00 INFO : 1 points above threshold
2026-09-06T20:12:25.772+01:00 INFO : Filtering template 12/96 segment 2/5
2026-09-06T20:12:25.831+01:00 INFO : 1 points above threshold
2026-09-06T20:12:25.837+01:00 INFO : Filtering template 12/96 segment 3/5
2026-09-06T20:12:25.896+01:00 INFO : 1 points above threshold
2026-09-06T20:12:25.902+01:00 INFO : Filtering template 12/96 segment 4/5
2026-09-06T20:12:25.961+01:00 INFO : 3 points above threshold
2026-09-06T20:12:25.971+01:00 INFO : Filtering template 12/96 segment 5/5
2026-09-06T20:12:26.031+01:00 INFO : 12: generating IMRPhenomD from 30.0 Hz
2026-09-06T20:12:26.033+01:00 INFO : Decompressing waveform using inline_linear
2026-09-06T20:12:26.336+01:00 INFO : Filtering template 13/96 segment 1/5
2026-09-06T20:12:26.418+01:00 INFO : Filtering template 13/96 segment 2/5
2026-09-06T20:12:26.477+01:00 INFO : 4 points above threshold
2026-09-06T20:12:26.508+01:00 INFO : Filtering template 13/96 segment 3/5
2026-09-06T20:12:26.566+01:00 INFO : Filtering template 13/96 segment 4/5
2026-09-06T20:12:26.626+01:00 INFO : Filtering template 13/96 segment 5/5
2026-09-06T20:12:26.685+01:00 INFO : 1 points above threshold
2026-09-06T20:12:26.691+01:00 INFO : 13: generating IMRPhenomD from 30.0 Hz
2026-09-06T20:12:26.694+01:00 INFO : Decompressing waveform using inline_linear
2026-09-06T20:12:26.997+01:00 INFO : Filtering template 14/96 segment 1/5
2026-09-06T20:12:27.080+01:00 INFO : 1 points above threshold
2026-09-06T20:12:27.106+01:00 INFO : Filtering template 14/96 segment 2/5
2026-09-06T20:12:27.165+01:00 INFO : 2 points above threshold
2026-09-06T20:12:27.173+01:00 INFO : Filtering template 14/96 segment 3/5
2026-09-06T20:12:27.232+01:00 INFO : 3 points above threshold
2026-09-06T20:12:27.242+01:00 INFO : Filtering template 14/96 segment 4/5
2026-09-06T20:12:27.301+01:00 INFO : 2 points above threshold
2026-09-06T20:12:27.309+01:00 INFO : Filtering template 14/96 segment 5/5
2026-09-06T20:12:27.369+01:00 INFO : 14: generating IMRPhenomD from 30.0 Hz
2026-09-06T20:12:27.371+01:00 INFO : Decompressing waveform using inline_linear
2026-09-06T20:12:27.675+01:00 INFO : Filtering template 15/96 segment 1/5
2026-09-06T20:12:27.757+01:00 INFO : 1 points above threshold
2026-09-06T20:12:27.783+01:00 INFO : Filtering template 15/96 segment 2/5
2026-09-06T20:12:27.842+01:00 INFO : Filtering template 15/96 segment 3/5
2026-09-06T20:12:27.902+01:00 INFO : 1 points above threshold
2026-09-06T20:12:27.908+01:00 INFO : Filtering template 15/96 segment 4/5
2026-09-06T20:12:27.967+01:00 INFO : 1 points above threshold
2026-09-06T20:12:27.973+01:00 INFO : Filtering template 15/96 segment 5/5
2026-09-06T20:12:28.032+01:00 INFO : 3 points above threshold
2026-09-06T20:12:28.042+01:00 INFO : 15: generating IMRPhenomD from 30.0 Hz
2026-09-06T20:12:28.045+01:00 INFO : Decompressing waveform using inline_linear
2026-09-06T20:12:28.283+01:00 INFO : Filtering template 16/96 segment 1/5
2026-09-06T20:12:28.352+01:00 INFO : 1 points above threshold
2026-09-06T20:12:28.371+01:00 INFO : Filtering template 16/96 segment 2/5
2026-09-06T20:12:28.430+01:00 INFO : 2 points above threshold
2026-09-06T20:12:28.438+01:00 INFO : Filtering template 16/96 segment 3/5
2026-09-06T20:12:28.497+01:00 INFO : 3 points above threshold
2026-09-06T20:12:28.507+01:00 INFO : Filtering template 16/96 segment 4/5
2026-09-06T20:12:28.566+01:00 INFO : 2 points above threshold
2026-09-06T20:12:28.574+01:00 INFO : Filtering template 16/96 segment 5/5
2026-09-06T20:12:28.633+01:00 INFO : 16: generating IMRPhenomD from 30.0 Hz
2026-09-06T20:12:28.636+01:00 INFO : Decompressing waveform using inline_linear
2026-09-06T20:12:28.904+01:00 INFO : Filtering template 17/96 segment 1/5
2026-09-06T20:12:28.973+01:00 INFO : 2 points above threshold
2026-09-06T20:12:28.993+01:00 INFO : Filtering template 17/96 segment 2/5
2026-09-06T20:12:29.052+01:00 INFO : 3 points above threshold
2026-09-06T20:12:29.062+01:00 INFO : Filtering template 17/96 segment 3/5
2026-09-06T20:12:29.121+01:00 INFO : Filtering template 17/96 segment 4/5
2026-09-06T20:12:29.180+01:00 INFO : 2 points above threshold
2026-09-06T20:12:29.188+01:00 INFO : Filtering template 17/96 segment 5/5
2026-09-06T20:12:29.247+01:00 INFO : 3 points above threshold
2026-09-06T20:12:29.258+01:00 INFO : 17: generating IMRPhenomD from 30.0 Hz
2026-09-06T20:12:29.261+01:00 INFO : Decompressing waveform using inline_linear
2026-09-06T20:12:29.541+01:00 INFO : Filtering template 18/96 segment 1/5
2026-09-06T20:12:29.610+01:00 INFO : Filtering template 18/96 segment 2/5
2026-09-06T20:12:29.669+01:00 INFO : Filtering template 18/96 segment 3/5
2026-09-06T20:12:29.728+01:00 INFO : 1 points above threshold
2026-09-06T20:12:29.747+01:00 INFO : Filtering template 18/96 segment 4/5
2026-09-06T20:12:29.806+01:00 INFO : Filtering template 18/96 segment 5/5
2026-09-06T20:12:29.865+01:00 INFO : 2 points above threshold
2026-09-06T20:12:29.873+01:00 INFO : 18: generating IMRPhenomD from 30.0 Hz
2026-09-06T20:12:29.876+01:00 INFO : Decompressing waveform using inline_linear
2026-09-06T20:12:30.165+01:00 INFO : Filtering template 19/96 segment 1/5
2026-09-06T20:12:30.235+01:00 INFO : 3 points above threshold
2026-09-06T20:12:30.257+01:00 INFO : Filtering template 19/96 segment 2/5
2026-09-06T20:12:30.316+01:00 INFO : 1 points above threshold
2026-09-06T20:12:30.322+01:00 INFO : Filtering template 19/96 segment 3/5
2026-09-06T20:12:30.381+01:00 INFO : 1 points above threshold
2026-09-06T20:12:30.387+01:00 INFO : Filtering template 19/96 segment 4/5
2026-09-06T20:12:30.446+01:00 INFO : 3 points above threshold
2026-09-06T20:12:30.458+01:00 INFO : Filtering template 19/96 segment 5/5
2026-09-06T20:12:30.522+01:00 INFO : 1 points above threshold
2026-09-06T20:12:30.529+01:00 INFO : 19: generating IMRPhenomD from 30.0 Hz
2026-09-06T20:12:30.532+01:00 INFO : Decompressing waveform using inline_linear
2026-09-06T20:12:30.827+01:00 INFO : Filtering template 20/96 segment 1/5
2026-09-06T20:12:30.896+01:00 INFO : 1 points above threshold
2026-09-06T20:12:30.915+01:00 INFO : Filtering template 20/96 segment 2/5
2026-09-06T20:12:30.974+01:00 INFO : 3 points above threshold
2026-09-06T20:12:30.984+01:00 INFO : Filtering template 20/96 segment 3/5
2026-09-06T20:12:31.043+01:00 INFO : Filtering template 20/96 segment 4/5
2026-09-06T20:12:31.102+01:00 INFO : 2 points above threshold
2026-09-06T20:12:31.109+01:00 INFO : Filtering template 20/96 segment 5/5
2026-09-06T20:12:31.169+01:00 INFO : 20: generating IMRPhenomD from 30.0 Hz
2026-09-06T20:12:31.172+01:00 INFO : Decompressing waveform using inline_linear
2026-09-06T20:12:31.471+01:00 INFO : Filtering template 21/96 segment 1/5
2026-09-06T20:12:31.540+01:00 INFO : 1 points above threshold
2026-09-06T20:12:31.564+01:00 INFO : Filtering template 21/96 segment 2/5
2026-09-06T20:12:31.623+01:00 INFO : 1 points above threshold
2026-09-06T20:12:31.629+01:00 INFO : Filtering template 21/96 segment 3/5
2026-09-06T20:12:31.688+01:00 INFO : 1 points above threshold
2026-09-06T20:12:31.694+01:00 INFO : Filtering template 21/96 segment 4/5
2026-09-06T20:12:31.753+01:00 INFO : Filtering template 21/96 segment 5/5
2026-09-06T20:12:31.812+01:00 INFO : 21: generating IMRPhenomD from 30.0 Hz
2026-09-06T20:12:31.815+01:00 INFO : Decompressing waveform using inline_linear
2026-09-06T20:12:32.110+01:00 INFO : Filtering template 22/96 segment 1/5
2026-09-06T20:12:32.179+01:00 INFO : 5 points above threshold
2026-09-06T20:12:32.214+01:00 INFO : Filtering template 22/96 segment 2/5
2026-09-06T20:12:32.273+01:00 INFO : Filtering template 22/96 segment 3/5
2026-09-06T20:12:32.333+01:00 INFO : Filtering template 22/96 segment 4/5
2026-09-06T20:12:32.392+01:00 INFO : 1 points above threshold
2026-09-06T20:12:32.398+01:00 INFO : Filtering template 22/96 segment 5/5
2026-09-06T20:12:32.457+01:00 INFO : 1 points above threshold
2026-09-06T20:12:32.463+01:00 INFO : 22: generating IMRPhenomD from 30.0 Hz
2026-09-06T20:12:32.466+01:00 INFO : Decompressing waveform using inline_linear
2026-09-06T20:12:32.769+01:00 INFO : Filtering template 23/96 segment 1/5
2026-09-06T20:12:32.846+01:00 INFO : 2 points above threshold
2026-09-06T20:12:32.874+01:00 INFO : Filtering template 23/96 segment 2/5
2026-09-06T20:12:32.934+01:00 INFO : 1 points above threshold
2026-09-06T20:12:32.939+01:00 INFO : Filtering template 23/96 segment 3/5
2026-09-06T20:12:32.998+01:00 INFO : 1 points above threshold
2026-09-06T20:12:33.004+01:00 INFO : Filtering template 23/96 segment 4/5
2026-09-06T20:12:33.063+01:00 INFO : Filtering template 23/96 segment 5/5
2026-09-06T20:12:33.123+01:00 INFO : 23: generating IMRPhenomD from 30.0 Hz
2026-09-06T20:12:33.125+01:00 INFO : Decompressing waveform using inline_linear
2026-09-06T20:12:33.428+01:00 INFO : Filtering template 24/96 segment 1/5
2026-09-06T20:12:33.511+01:00 INFO : 1 points above threshold
2026-09-06T20:12:33.537+01:00 INFO : Filtering template 24/96 segment 2/5
2026-09-06T20:12:33.596+01:00 INFO : 2 points above threshold
2026-09-06T20:12:33.604+01:00 INFO : Filtering template 24/96 segment 3/5
2026-09-06T20:12:33.663+01:00 INFO : 1 points above threshold
2026-09-06T20:12:33.669+01:00 INFO : Filtering template 24/96 segment 4/5
2026-09-06T20:12:33.728+01:00 INFO : Filtering template 24/96 segment 5/5
2026-09-06T20:12:33.787+01:00 INFO : 2 points above threshold
2026-09-06T20:12:33.795+01:00 INFO : 24: generating IMRPhenomD from 30.0 Hz
2026-09-06T20:12:33.798+01:00 INFO : Decompressing waveform using inline_linear
2026-09-06T20:12:34.100+01:00 INFO : Filtering template 25/96 segment 1/5
2026-09-06T20:12:34.183+01:00 INFO : 2 points above threshold
2026-09-06T20:12:34.211+01:00 INFO : Filtering template 25/96 segment 2/5
2026-09-06T20:12:34.270+01:00 INFO : Filtering template 25/96 segment 3/5
2026-09-06T20:12:34.329+01:00 INFO : Filtering template 25/96 segment 4/5
2026-09-06T20:12:34.388+01:00 INFO : Filtering template 25/96 segment 5/5
2026-09-06T20:12:34.448+01:00 INFO : 25: generating IMRPhenomD from 30.0 Hz
2026-09-06T20:12:34.450+01:00 INFO : Decompressing waveform using inline_linear
2026-09-06T20:12:34.753+01:00 INFO : Filtering template 26/96 segment 1/5
2026-09-06T20:12:34.835+01:00 INFO : Filtering template 26/96 segment 2/5
2026-09-06T20:12:34.894+01:00 INFO : 2 points above threshold
2026-09-06T20:12:34.922+01:00 INFO : Filtering template 26/96 segment 3/5
2026-09-06T20:12:34.981+01:00 INFO : Filtering template 26/96 segment 4/5
2026-09-06T20:12:35.040+01:00 INFO : 2 points above threshold
2026-09-06T20:12:35.048+01:00 INFO : Filtering template 26/96 segment 5/5
2026-09-06T20:12:35.108+01:00 INFO : 2 points above threshold
2026-09-06T20:12:35.116+01:00 INFO : 26: generating IMRPhenomD from 30.0 Hz
2026-09-06T20:12:35.118+01:00 INFO : Decompressing waveform using inline_linear
2026-09-06T20:12:35.420+01:00 INFO : Filtering template 27/96 segment 1/5
2026-09-06T20:12:35.503+01:00 INFO : 3 points above threshold
2026-09-06T20:12:35.533+01:00 INFO : Filtering template 27/96 segment 2/5
2026-09-06T20:12:35.594+01:00 INFO : Filtering template 27/96 segment 3/5
2026-09-06T20:12:35.659+01:00 INFO : 1 points above threshold
2026-09-06T20:12:35.665+01:00 INFO : Filtering template 27/96 segment 4/5
2026-09-06T20:12:35.724+01:00 INFO : Filtering template 27/96 segment 5/5
2026-09-06T20:12:35.784+01:00 INFO : 27: generating IMRPhenomD from 30.0 Hz
2026-09-06T20:12:35.787+01:00 INFO : Decompressing waveform using inline_linear
2026-09-06T20:12:36.013+01:00 INFO : Filtering template 28/96 segment 1/5
2026-09-06T20:12:36.082+01:00 INFO : 3 points above threshold
2026-09-06T20:12:36.105+01:00 INFO : Filtering template 28/96 segment 2/5
2026-09-06T20:12:36.164+01:00 INFO : 1 points above threshold
2026-09-06T20:12:36.170+01:00 INFO : Filtering template 28/96 segment 3/5
2026-09-06T20:12:36.229+01:00 INFO : 2 points above threshold
2026-09-06T20:12:36.237+01:00 INFO : Filtering template 28/96 segment 4/5
2026-09-06T20:12:36.296+01:00 INFO : 1 points above threshold
2026-09-06T20:12:36.302+01:00 INFO : Filtering template 28/96 segment 5/5
2026-09-06T20:12:36.361+01:00 INFO : 28: generating IMRPhenomD from 30.0 Hz
2026-09-06T20:12:36.364+01:00 INFO : Decompressing waveform using inline_linear
2026-09-06T20:12:36.618+01:00 INFO : Filtering template 29/96 segment 1/5
2026-09-06T20:12:36.687+01:00 INFO : 2 points above threshold
2026-09-06T20:12:36.707+01:00 INFO : Filtering template 29/96 segment 2/5
2026-09-06T20:12:36.766+01:00 INFO : 2 points above threshold
2026-09-06T20:12:36.774+01:00 INFO : Filtering template 29/96 segment 3/5
2026-09-06T20:12:36.833+01:00 INFO : 1 points above threshold
2026-09-06T20:12:36.839+01:00 INFO : Filtering template 29/96 segment 4/5
2026-09-06T20:12:36.899+01:00 INFO : 2 points above threshold
2026-09-06T20:12:36.907+01:00 INFO : Filtering template 29/96 segment 5/5
2026-09-06T20:12:36.966+01:00 INFO : 2 points above threshold
2026-09-06T20:12:36.974+01:00 INFO : 29: generating IMRPhenomD from 30.0 Hz
2026-09-06T20:12:36.977+01:00 INFO : Decompressing waveform using inline_linear
2026-09-06T20:12:37.231+01:00 INFO : Filtering template 30/96 segment 1/5
2026-09-06T20:12:37.301+01:00 INFO : 1 points above threshold
2026-09-06T20:12:37.319+01:00 INFO : Filtering template 30/96 segment 2/5
2026-09-06T20:12:37.378+01:00 INFO : 1 points above threshold
2026-09-06T20:12:37.384+01:00 INFO : Filtering template 30/96 segment 3/5
2026-09-06T20:12:37.443+01:00 INFO : 1 points above threshold
2026-09-06T20:12:37.449+01:00 INFO : Filtering template 30/96 segment 4/5
2026-09-06T20:12:37.508+01:00 INFO : Filtering template 30/96 segment 5/5
2026-09-06T20:12:37.568+01:00 INFO : 30: generating IMRPhenomD from 30.0 Hz
2026-09-06T20:12:37.571+01:00 INFO : Decompressing waveform using inline_linear
2026-09-06T20:12:37.825+01:00 INFO : Filtering template 31/96 segment 1/5
2026-09-06T20:12:37.895+01:00 INFO : Filtering template 31/96 segment 2/5
2026-09-06T20:12:37.954+01:00 INFO : 1 points above threshold
2026-09-06T20:12:37.972+01:00 INFO : Filtering template 31/96 segment 3/5
2026-09-06T20:12:38.031+01:00 INFO : Filtering template 31/96 segment 4/5
2026-09-06T20:12:38.091+01:00 INFO : 1 points above threshold
2026-09-06T20:12:38.097+01:00 INFO : Filtering template 31/96 segment 5/5
2026-09-06T20:12:38.156+01:00 INFO : 1 points above threshold
2026-09-06T20:12:38.162+01:00 INFO : 31: generating IMRPhenomD from 30.0 Hz
2026-09-06T20:12:38.165+01:00 INFO : Decompressing waveform using inline_linear
2026-09-06T20:12:38.432+01:00 INFO : Filtering template 32/96 segment 1/5
2026-09-06T20:12:38.501+01:00 INFO : Filtering template 32/96 segment 2/5
2026-09-06T20:12:38.560+01:00 INFO : Filtering template 32/96 segment 3/5
2026-09-06T20:12:38.619+01:00 INFO : Filtering template 32/96 segment 4/5
2026-09-06T20:12:38.678+01:00 INFO : 3 points above threshold
2026-09-06T20:12:38.701+01:00 INFO : Filtering template 32/96 segment 5/5
2026-09-06T20:12:38.760+01:00 INFO : 2 points above threshold
2026-09-06T20:12:38.768+01:00 INFO : 32: generating IMRPhenomD from 30.0 Hz
2026-09-06T20:12:38.770+01:00 INFO : Decompressing waveform using inline_linear
2026-09-06T20:12:39.051+01:00 INFO : Filtering template 33/96 segment 1/5
2026-09-06T20:12:39.120+01:00 INFO : 2 points above threshold
2026-09-06T20:12:39.141+01:00 INFO : Filtering template 33/96 segment 2/5
2026-09-06T20:12:39.200+01:00 INFO : Filtering template 33/96 segment 3/5
2026-09-06T20:12:39.259+01:00 INFO : Filtering template 33/96 segment 4/5
2026-09-06T20:12:39.319+01:00 INFO : 1 points above threshold
2026-09-06T20:12:39.324+01:00 INFO : Filtering template 33/96 segment 5/5
2026-09-06T20:12:39.384+01:00 INFO : 33: generating IMRPhenomD from 30.0 Hz
2026-09-06T20:12:39.387+01:00 INFO : Decompressing waveform using inline_linear
2026-09-06T20:12:39.674+01:00 INFO : Filtering template 34/96 segment 1/5
2026-09-06T20:12:39.743+01:00 INFO : Filtering template 34/96 segment 2/5
2026-09-06T20:12:39.802+01:00 INFO : 1 points above threshold
2026-09-06T20:12:39.821+01:00 INFO : Filtering template 34/96 segment 3/5
2026-09-06T20:12:39.881+01:00 INFO : 1 points above threshold
2026-09-06T20:12:39.887+01:00 INFO : Filtering template 34/96 segment 4/5
2026-09-06T20:12:39.946+01:00 INFO : Filtering template 34/96 segment 5/5
2026-09-06T20:12:40.005+01:00 INFO : 1 points above threshold
2026-09-06T20:12:40.011+01:00 INFO : 34: generating IMRPhenomD from 30.0 Hz
2026-09-06T20:12:40.013+01:00 INFO : Decompressing waveform using inline_linear
2026-09-06T20:12:40.307+01:00 INFO : Filtering template 35/96 segment 1/5
2026-09-06T20:12:40.377+01:00 INFO : 1 points above threshold
2026-09-06T20:12:40.395+01:00 INFO : Filtering template 35/96 segment 2/5
2026-09-06T20:12:40.455+01:00 INFO : 1 points above threshold
2026-09-06T20:12:40.461+01:00 INFO : Filtering template 35/96 segment 3/5
2026-09-06T20:12:40.520+01:00 INFO : 1 points above threshold
2026-09-06T20:12:40.527+01:00 INFO : Filtering template 35/96 segment 4/5
2026-09-06T20:12:40.586+01:00 INFO : Filtering template 35/96 segment 5/5
2026-09-06T20:12:40.645+01:00 INFO : 35: generating IMRPhenomD from 30.0 Hz
2026-09-06T20:12:40.648+01:00 INFO : Decompressing waveform using inline_linear
2026-09-06T20:12:40.954+01:00 INFO : Filtering template 36/96 segment 1/5
2026-09-06T20:12:41.023+01:00 INFO : 3 points above threshold
2026-09-06T20:12:41.051+01:00 INFO : Filtering template 36/96 segment 2/5
2026-09-06T20:12:41.110+01:00 INFO : 1 points above threshold
2026-09-06T20:12:41.116+01:00 INFO : Filtering template 36/96 segment 3/5
2026-09-06T20:12:41.175+01:00 INFO : 2 points above threshold
2026-09-06T20:12:41.183+01:00 INFO : Filtering template 36/96 segment 4/5
2026-09-06T20:12:41.242+01:00 INFO : Filtering template 36/96 segment 5/5
2026-09-06T20:12:41.301+01:00 INFO : 1 points above threshold
2026-09-06T20:12:41.307+01:00 INFO : 36: generating IMRPhenomD from 30.0 Hz
2026-09-06T20:12:41.310+01:00 INFO : Decompressing waveform using inline_linear
2026-09-06T20:12:41.604+01:00 INFO : Filtering template 37/96 segment 1/5
2026-09-06T20:12:41.673+01:00 INFO : 2 points above threshold
2026-09-06T20:12:41.704+01:00 INFO : Filtering template 37/96 segment 2/5
2026-09-06T20:12:41.763+01:00 INFO : 3 points above threshold
2026-09-06T20:12:41.773+01:00 INFO : Filtering template 37/96 segment 3/5
2026-09-06T20:12:41.832+01:00 INFO : 1 points above threshold
2026-09-06T20:12:41.838+01:00 INFO : Filtering template 37/96 segment 4/5
2026-09-06T20:12:41.897+01:00 INFO : 3 points above threshold
2026-09-06T20:12:41.907+01:00 INFO : Filtering template 37/96 segment 5/5
2026-09-06T20:12:41.967+01:00 INFO : 37: generating IMRPhenomD from 30.0 Hz
2026-09-06T20:12:41.970+01:00 INFO : Decompressing waveform using inline_linear
2026-09-06T20:12:42.218+01:00 INFO : Filtering template 38/96 segment 1/5
2026-09-06T20:12:42.287+01:00 INFO : Filtering template 38/96 segment 2/5
2026-09-06T20:12:42.346+01:00 INFO : Filtering template 38/96 segment 3/5
2026-09-06T20:12:42.406+01:00 INFO : 1 points above threshold
2026-09-06T20:12:42.424+01:00 INFO : Filtering template 38/96 segment 4/5
2026-09-06T20:12:42.483+01:00 INFO : 1 points above threshold
2026-09-06T20:12:42.489+01:00 INFO : Filtering template 38/96 segment 5/5
2026-09-06T20:12:42.549+01:00 INFO : 1 points above threshold
2026-09-06T20:12:42.555+01:00 INFO : 38: generating IMRPhenomD from 30.0 Hz
2026-09-06T20:12:42.557+01:00 INFO : Decompressing waveform using inline_linear
2026-09-06T20:12:42.811+01:00 INFO : Filtering template 39/96 segment 1/5
2026-09-06T20:12:42.880+01:00 INFO : Filtering template 39/96 segment 2/5
2026-09-06T20:12:42.940+01:00 INFO : 2 points above threshold
2026-09-06T20:12:42.960+01:00 INFO : Filtering template 39/96 segment 3/5
2026-09-06T20:12:43.019+01:00 INFO : Filtering template 39/96 segment 4/5
2026-09-06T20:12:43.079+01:00 INFO : 2 points above threshold
2026-09-06T20:12:43.087+01:00 INFO : Filtering template 39/96 segment 5/5
2026-09-06T20:12:43.146+01:00 INFO : 39: generating IMRPhenomD from 30.0 Hz
2026-09-06T20:12:43.149+01:00 INFO : Decompressing waveform using inline_linear
2026-09-06T20:12:43.416+01:00 INFO : Filtering template 40/96 segment 1/5
2026-09-06T20:12:43.485+01:00 INFO : Filtering template 40/96 segment 2/5
2026-09-06T20:12:43.544+01:00 INFO : Filtering template 40/96 segment 3/5
2026-09-06T20:12:43.603+01:00 INFO : Filtering template 40/96 segment 4/5
2026-09-06T20:12:43.662+01:00 INFO : 2 points above threshold
2026-09-06T20:12:43.683+01:00 INFO : Filtering template 40/96 segment 5/5
2026-09-06T20:12:43.742+01:00 INFO : 40: generating IMRPhenomD from 30.0 Hz
2026-09-06T20:12:43.744+01:00 INFO : Decompressing waveform using inline_linear
2026-09-06T20:12:44.012+01:00 INFO : Filtering template 41/96 segment 1/5
2026-09-06T20:12:44.081+01:00 INFO : Filtering template 41/96 segment 2/5
2026-09-06T20:12:44.140+01:00 INFO : Filtering template 41/96 segment 3/5
2026-09-06T20:12:44.199+01:00 INFO : 2 points above threshold
2026-09-06T20:12:44.220+01:00 INFO : Filtering template 41/96 segment 4/5
2026-09-06T20:12:44.279+01:00 INFO : 2 points above threshold
2026-09-06T20:12:44.286+01:00 INFO : Filtering template 41/96 segment 5/5
2026-09-06T20:12:44.346+01:00 INFO : 41: generating IMRPhenomD from 30.0 Hz
2026-09-06T20:12:44.348+01:00 INFO : Decompressing waveform using inline_linear
2026-09-06T20:12:44.615+01:00 INFO : Filtering template 42/96 segment 1/5
2026-09-06T20:12:44.684+01:00 INFO : Filtering template 42/96 segment 2/5
2026-09-06T20:12:44.743+01:00 INFO : 1 points above threshold
2026-09-06T20:12:44.761+01:00 INFO : Filtering template 42/96 segment 3/5
2026-09-06T20:12:44.820+01:00 INFO : Filtering template 42/96 segment 4/5
2026-09-06T20:12:44.880+01:00 INFO : 1 points above threshold
2026-09-06T20:12:44.886+01:00 INFO : Filtering template 42/96 segment 5/5
2026-09-06T20:12:44.945+01:00 INFO : 1 points above threshold
2026-09-06T20:12:44.951+01:00 INFO : 42: generating IMRPhenomD from 30.0 Hz
2026-09-06T20:12:44.953+01:00 INFO : Decompressing waveform using inline_linear
2026-09-06T20:12:45.243+01:00 INFO : Filtering template 43/96 segment 1/5
2026-09-06T20:12:45.312+01:00 INFO : 1 points above threshold
2026-09-06T20:12:45.331+01:00 INFO : Filtering template 43/96 segment 2/5
2026-09-06T20:12:45.390+01:00 INFO : 2 points above threshold
2026-09-06T20:12:45.398+01:00 INFO : Filtering template 43/96 segment 3/5
2026-09-06T20:12:45.457+01:00 INFO : 1 points above threshold
2026-09-06T20:12:45.463+01:00 INFO : Filtering template 43/96 segment 4/5
2026-09-06T20:12:45.522+01:00 INFO : Filtering template 43/96 segment 5/5
2026-09-06T20:12:45.581+01:00 INFO : 43: generating IMRPhenomD from 30.0 Hz
2026-09-06T20:12:45.584+01:00 INFO : Decompressing waveform using inline_linear
2026-09-06T20:12:45.882+01:00 INFO : Filtering template 44/96 segment 1/5
2026-09-06T20:12:45.952+01:00 INFO : 1 points above threshold
2026-09-06T20:12:45.971+01:00 INFO : Filtering template 44/96 segment 2/5
2026-09-06T20:12:46.030+01:00 INFO : Filtering template 44/96 segment 3/5
2026-09-06T20:12:46.089+01:00 INFO : Filtering template 44/96 segment 4/5
2026-09-06T20:12:46.149+01:00 INFO : 1 points above threshold
2026-09-06T20:12:46.155+01:00 INFO : Filtering template 44/96 segment 5/5
2026-09-06T20:12:46.214+01:00 INFO : 44: generating IMRPhenomD from 30.0 Hz
2026-09-06T20:12:46.217+01:00 INFO : Decompressing waveform using inline_linear
2026-09-06T20:12:46.517+01:00 INFO : Filtering template 45/96 segment 1/5
2026-09-06T20:12:46.586+01:00 INFO : 2 points above threshold
2026-09-06T20:12:46.612+01:00 INFO : Filtering template 45/96 segment 2/5
2026-09-06T20:12:46.671+01:00 INFO : 1 points above threshold
2026-09-06T20:12:46.677+01:00 INFO : Filtering template 45/96 segment 3/5
2026-09-06T20:12:46.736+01:00 INFO : 1 points above threshold
2026-09-06T20:12:46.742+01:00 INFO : Filtering template 45/96 segment 4/5
2026-09-06T20:12:46.801+01:00 INFO : Filtering template 45/96 segment 5/5
2026-09-06T20:12:46.861+01:00 INFO : 45: generating IMRPhenomD from 30.0 Hz
2026-09-06T20:12:46.863+01:00 INFO : Decompressing waveform using inline_linear
2026-09-06T20:12:47.158+01:00 INFO : Filtering template 46/96 segment 1/5
2026-09-06T20:12:47.228+01:00 INFO : Filtering template 46/96 segment 2/5
2026-09-06T20:12:47.288+01:00 INFO : Filtering template 46/96 segment 3/5
2026-09-06T20:12:47.347+01:00 INFO : 1 points above threshold
2026-09-06T20:12:47.376+01:00 INFO : Filtering template 46/96 segment 4/5
2026-09-06T20:12:47.435+01:00 INFO : 3 points above threshold
2026-09-06T20:12:47.445+01:00 INFO : Filtering template 46/96 segment 5/5
2026-09-06T20:12:47.504+01:00 INFO : 1 points above threshold
2026-09-06T20:12:47.510+01:00 INFO : 46: generating IMRPhenomD from 30.0 Hz
2026-09-06T20:12:47.513+01:00 INFO : Decompressing waveform using inline_linear
2026-09-06T20:12:47.815+01:00 INFO : Filtering template 47/96 segment 1/5
2026-09-06T20:12:47.892+01:00 INFO : 3 points above threshold
2026-09-06T20:12:47.923+01:00 INFO : Filtering template 47/96 segment 2/5
2026-09-06T20:12:47.982+01:00 INFO : Filtering template 47/96 segment 3/5
2026-09-06T20:12:48.041+01:00 INFO : 2 points above threshold
2026-09-06T20:12:48.049+01:00 INFO : Filtering template 47/96 segment 4/5
2026-09-06T20:12:48.108+01:00 INFO : 1 points above threshold
2026-09-06T20:12:48.114+01:00 INFO : Filtering template 47/96 segment 5/5
2026-09-06T20:12:48.174+01:00 INFO : 1 points above threshold
2026-09-06T20:12:48.180+01:00 INFO : 47: generating IMRPhenomD from 30.0 Hz
2026-09-06T20:12:48.182+01:00 INFO : Decompressing waveform using inline_linear
2026-09-06T20:12:48.485+01:00 INFO : Filtering template 48/96 segment 1/5
2026-09-06T20:12:48.567+01:00 INFO : 3 points above threshold
2026-09-06T20:12:48.597+01:00 INFO : Filtering template 48/96 segment 2/5
2026-09-06T20:12:48.656+01:00 INFO : 1 points above threshold
2026-09-06T20:12:48.662+01:00 INFO : Filtering template 48/96 segment 3/5
2026-09-06T20:12:48.722+01:00 INFO : 1 points above threshold
2026-09-06T20:12:48.729+01:00 INFO : Filtering template 48/96 segment 4/5
2026-09-06T20:12:48.788+01:00 INFO : 2 points above threshold
2026-09-06T20:12:48.796+01:00 INFO : Filtering template 48/96 segment 5/5
2026-09-06T20:12:48.855+01:00 INFO : 1 points above threshold
2026-09-06T20:12:48.862+01:00 INFO : 48: generating IMRPhenomD from 30.0 Hz
2026-09-06T20:12:48.865+01:00 INFO : Decompressing waveform using inline_linear
2026-09-06T20:12:49.056+01:00 INFO : Filtering template 49/96 segment 1/5
2026-09-06T20:12:49.125+01:00 INFO : 1 points above threshold
2026-09-06T20:12:49.144+01:00 INFO : Filtering template 49/96 segment 2/5
2026-09-06T20:12:49.203+01:00 INFO : 1 points above threshold
2026-09-06T20:12:49.209+01:00 INFO : Filtering template 49/96 segment 3/5
2026-09-06T20:12:49.269+01:00 INFO : 2 points above threshold
2026-09-06T20:12:49.276+01:00 INFO : Filtering template 49/96 segment 4/5
2026-09-06T20:12:49.336+01:00 INFO : Filtering template 49/96 segment 5/5
2026-09-06T20:12:49.396+01:00 INFO : 49: generating IMRPhenomD from 30.0 Hz
2026-09-06T20:12:49.398+01:00 INFO : Decompressing waveform using inline_linear
2026-09-06T20:12:49.570+01:00 INFO : Filtering template 50/96 segment 1/5
2026-09-06T20:12:49.639+01:00 INFO : Filtering template 50/96 segment 2/5
2026-09-06T20:12:49.698+01:00 INFO : 2 points above threshold
2026-09-06T20:12:49.719+01:00 INFO : Filtering template 50/96 segment 3/5
2026-09-06T20:12:49.778+01:00 INFO : 4 points above threshold
2026-09-06T20:12:49.788+01:00 INFO : Filtering template 50/96 segment 4/5
2026-09-06T20:12:49.847+01:00 INFO : 2 points above threshold
2026-09-06T20:12:49.855+01:00 INFO : Filtering template 50/96 segment 5/5
2026-09-06T20:12:49.914+01:00 INFO : 50: generating IMRPhenomD from 30.0 Hz
2026-09-06T20:12:49.917+01:00 INFO : Decompressing waveform using inline_linear
2026-09-06T20:12:50.110+01:00 INFO : Filtering template 51/96 segment 1/5
2026-09-06T20:12:50.180+01:00 INFO : 1 points above threshold
2026-09-06T20:12:50.198+01:00 INFO : Filtering template 51/96 segment 2/5
2026-09-06T20:12:50.257+01:00 INFO : 1 points above threshold
2026-09-06T20:12:50.263+01:00 INFO : Filtering template 51/96 segment 3/5
2026-09-06T20:12:50.322+01:00 INFO : Filtering template 51/96 segment 4/5
2026-09-06T20:12:50.382+01:00 INFO : 1 points above threshold
2026-09-06T20:12:50.388+01:00 INFO : Filtering template 51/96 segment 5/5
2026-09-06T20:12:50.447+01:00 INFO : 2 points above threshold
2026-09-06T20:12:50.455+01:00 INFO : 51: generating IMRPhenomD from 30.0 Hz
2026-09-06T20:12:50.457+01:00 INFO : Decompressing waveform using inline_linear
2026-09-06T20:12:50.686+01:00 INFO : Filtering template 52/96 segment 1/5
2026-09-06T20:12:50.755+01:00 INFO : 1 points above threshold
2026-09-06T20:12:50.774+01:00 INFO : Filtering template 52/96 segment 2/5
2026-09-06T20:12:50.833+01:00 INFO : 1 points above threshold
2026-09-06T20:12:50.839+01:00 INFO : Filtering template 52/96 segment 3/5
2026-09-06T20:12:50.901+01:00 INFO : Filtering template 52/96 segment 4/5
2026-09-06T20:12:50.964+01:00 INFO : 3 points above threshold
2026-09-06T20:12:50.974+01:00 INFO : Filtering template 52/96 segment 5/5
2026-09-06T20:12:51.033+01:00 INFO : 1 points above threshold
2026-09-06T20:12:51.039+01:00 INFO : 52: generating IMRPhenomD from 30.0 Hz
2026-09-06T20:12:51.042+01:00 INFO : Decompressing waveform using inline_linear
2026-09-06T20:12:51.270+01:00 INFO : Filtering template 53/96 segment 1/5
2026-09-06T20:12:51.340+01:00 INFO : 3 points above threshold
2026-09-06T20:12:51.362+01:00 INFO : Filtering template 53/96 segment 2/5
2026-09-06T20:12:51.421+01:00 INFO : 2 points above threshold
2026-09-06T20:12:51.429+01:00 INFO : Filtering template 53/96 segment 3/5
2026-09-06T20:12:51.488+01:00 INFO : 2 points above threshold
2026-09-06T20:12:51.496+01:00 INFO : Filtering template 53/96 segment 4/5
2026-09-06T20:12:51.555+01:00 INFO : 1 points above threshold
2026-09-06T20:12:51.561+01:00 INFO : Filtering template 53/96 segment 5/5
2026-09-06T20:12:51.620+01:00 INFO : 1 points above threshold
2026-09-06T20:12:51.627+01:00 INFO : 53: generating IMRPhenomD from 30.0 Hz
2026-09-06T20:12:51.629+01:00 INFO : Decompressing waveform using inline_linear
2026-09-06T20:12:51.870+01:00 INFO : Filtering template 54/96 segment 1/5
2026-09-06T20:12:51.940+01:00 INFO : Filtering template 54/96 segment 2/5
2026-09-06T20:12:51.999+01:00 INFO : Filtering template 54/96 segment 3/5
2026-09-06T20:12:52.059+01:00 INFO : 2 points above threshold
2026-09-06T20:12:52.079+01:00 INFO : Filtering template 54/96 segment 4/5
2026-09-06T20:12:52.138+01:00 INFO : 5 points above threshold
2026-09-06T20:12:52.151+01:00 INFO : Filtering template 54/96 segment 5/5
2026-09-06T20:12:52.210+01:00 INFO : 54: generating IMRPhenomD from 30.0 Hz
2026-09-06T20:12:52.213+01:00 INFO : Decompressing waveform using inline_linear
2026-09-06T20:12:52.454+01:00 INFO : Filtering template 55/96 segment 1/5
2026-09-06T20:12:52.523+01:00 INFO : Filtering template 55/96 segment 2/5
2026-09-06T20:12:52.583+01:00 INFO : 1 points above threshold
2026-09-06T20:12:52.601+01:00 INFO : Filtering template 55/96 segment 3/5
2026-09-06T20:12:52.660+01:00 INFO : 3 points above threshold
2026-09-06T20:12:52.670+01:00 INFO : Filtering template 55/96 segment 4/5
2026-09-06T20:12:52.729+01:00 INFO : 1 points above threshold
2026-09-06T20:12:52.735+01:00 INFO : Filtering template 55/96 segment 5/5
2026-09-06T20:12:52.794+01:00 INFO : 1 points above threshold
2026-09-06T20:12:52.801+01:00 INFO : 55: generating IMRPhenomD from 30.0 Hz
2026-09-06T20:12:52.803+01:00 INFO : Decompressing waveform using inline_linear
2026-09-06T20:12:53.045+01:00 INFO : Filtering template 56/96 segment 1/5
2026-09-06T20:12:53.114+01:00 INFO : 1 points above threshold
2026-09-06T20:12:53.132+01:00 INFO : Filtering template 56/96 segment 2/5
2026-09-06T20:12:53.191+01:00 INFO : 1 points above threshold
2026-09-06T20:12:53.197+01:00 INFO : Filtering template 56/96 segment 3/5
2026-09-06T20:12:53.256+01:00 INFO : 3 points above threshold
2026-09-06T20:12:53.266+01:00 INFO : Filtering template 56/96 segment 4/5
2026-09-06T20:12:53.325+01:00 INFO : Filtering template 56/96 segment 5/5
2026-09-06T20:12:53.384+01:00 INFO : 1 points above threshold
2026-09-06T20:12:53.391+01:00 INFO : 56: generating IMRPhenomD from 30.0 Hz
2026-09-06T20:12:53.393+01:00 INFO : Decompressing waveform using inline_linear
2026-09-06T20:12:53.648+01:00 INFO : Filtering template 57/96 segment 1/5
2026-09-06T20:12:53.718+01:00 INFO : 1 points above threshold
2026-09-06T20:12:53.736+01:00 INFO : Filtering template 57/96 segment 2/5
2026-09-06T20:12:53.795+01:00 INFO : 2 points above threshold
2026-09-06T20:12:53.803+01:00 INFO : Filtering template 57/96 segment 3/5
2026-09-06T20:12:53.862+01:00 INFO : 2 points above threshold
2026-09-06T20:12:53.870+01:00 INFO : Filtering template 57/96 segment 4/5
2026-09-06T20:12:53.930+01:00 INFO : 2 points above threshold
2026-09-06T20:12:53.938+01:00 INFO : Filtering template 57/96 segment 5/5
2026-09-06T20:12:53.997+01:00 INFO : 57: generating IMRPhenomD from 30.0 Hz
2026-09-06T20:12:54.000+01:00 INFO : Decompressing waveform using inline_linear
2026-09-06T20:12:54.254+01:00 INFO : Filtering template 58/96 segment 1/5
2026-09-06T20:12:54.323+01:00 INFO : 1 points above threshold
2026-09-06T20:12:54.342+01:00 INFO : Filtering template 58/96 segment 2/5
2026-09-06T20:12:54.401+01:00 INFO : 2 points above threshold
2026-09-06T20:12:54.409+01:00 INFO : Filtering template 58/96 segment 3/5
2026-09-06T20:12:54.468+01:00 INFO : 1 points above threshold
2026-09-06T20:12:54.474+01:00 INFO : Filtering template 58/96 segment 4/5
2026-09-06T20:12:54.533+01:00 INFO : 1 points above threshold
2026-09-06T20:12:54.539+01:00 INFO : Filtering template 58/96 segment 5/5
2026-09-06T20:12:54.598+01:00 INFO : 2 points above threshold
2026-09-06T20:12:54.606+01:00 INFO : 58: generating IMRPhenomD from 30.0 Hz
2026-09-06T20:12:54.609+01:00 INFO : Decompressing waveform using inline_linear
2026-09-06T20:12:54.817+01:00 INFO : Filtering template 59/96 segment 1/5
2026-09-06T20:12:54.886+01:00 INFO : 1 points above threshold
2026-09-06T20:12:54.905+01:00 INFO : Filtering template 59/96 segment 2/5
2026-09-06T20:12:54.964+01:00 INFO : 2 points above threshold
2026-09-06T20:12:54.972+01:00 INFO : Filtering template 59/96 segment 3/5
2026-09-06T20:12:55.031+01:00 INFO : 2 points above threshold
2026-09-06T20:12:55.039+01:00 INFO : Filtering template 59/96 segment 4/5
2026-09-06T20:12:55.098+01:00 INFO : 1 points above threshold
2026-09-06T20:12:55.104+01:00 INFO : Filtering template 59/96 segment 5/5
2026-09-06T20:12:55.163+01:00 INFO : 59: generating IMRPhenomD from 30.0 Hz
2026-09-06T20:12:55.166+01:00 INFO : Decompressing waveform using inline_linear
2026-09-06T20:12:55.359+01:00 INFO : Filtering template 60/96 segment 1/5
2026-09-06T20:12:55.428+01:00 INFO : Filtering template 60/96 segment 2/5
2026-09-06T20:12:55.487+01:00 INFO : Filtering template 60/96 segment 3/5
2026-09-06T20:12:55.546+01:00 INFO : 1 points above threshold
2026-09-06T20:12:55.565+01:00 INFO : Filtering template 60/96 segment 4/5
2026-09-06T20:12:55.624+01:00 INFO : 2 points above threshold
2026-09-06T20:12:55.632+01:00 INFO : Filtering template 60/96 segment 5/5
2026-09-06T20:12:55.691+01:00 INFO : 60: generating IMRPhenomD from 30.0 Hz
2026-09-06T20:12:55.694+01:00 INFO : Decompressing waveform using inline_linear
2026-09-06T20:12:55.934+01:00 INFO : Filtering template 61/96 segment 1/5
2026-09-06T20:12:56.011+01:00 INFO : Filtering template 61/96 segment 2/5
2026-09-06T20:12:56.076+01:00 INFO : 2 points above threshold
2026-09-06T20:12:56.096+01:00 INFO : Filtering template 61/96 segment 3/5
2026-09-06T20:12:56.156+01:00 INFO : 1 points above threshold
2026-09-06T20:12:56.162+01:00 INFO : Filtering template 61/96 segment 4/5
2026-09-06T20:12:56.221+01:00 INFO : 1 points above threshold
2026-09-06T20:12:56.227+01:00 INFO : Filtering template 61/96 segment 5/5
2026-09-06T20:12:56.286+01:00 INFO : 61: generating IMRPhenomD from 30.0 Hz
2026-09-06T20:12:56.289+01:00 INFO : Decompressing waveform using inline_linear
2026-09-06T20:12:56.518+01:00 INFO : Filtering template 62/96 segment 1/5
2026-09-06T20:12:56.587+01:00 INFO : 2 points above threshold
2026-09-06T20:12:56.608+01:00 INFO : Filtering template 62/96 segment 2/5
2026-09-06T20:12:56.667+01:00 INFO : Filtering template 62/96 segment 3/5
2026-09-06T20:12:56.727+01:00 INFO : Filtering template 62/96 segment 4/5
2026-09-06T20:12:56.786+01:00 INFO : 5 points above threshold
2026-09-06T20:12:56.799+01:00 INFO : Filtering template 62/96 segment 5/5
2026-09-06T20:12:56.859+01:00 INFO : 62: generating IMRPhenomD from 30.0 Hz
2026-09-06T20:12:56.861+01:00 INFO : Decompressing waveform using inline_linear
2026-09-06T20:12:57.097+01:00 INFO : Filtering template 63/96 segment 1/5
2026-09-06T20:12:57.167+01:00 INFO : Filtering template 63/96 segment 2/5
2026-09-06T20:12:57.226+01:00 INFO : 1 points above threshold
2026-09-06T20:12:57.245+01:00 INFO : Filtering template 63/96 segment 3/5
2026-09-06T20:12:57.304+01:00 INFO : 2 points above threshold
2026-09-06T20:12:57.312+01:00 INFO : Filtering template 63/96 segment 4/5
2026-09-06T20:12:57.372+01:00 INFO : 1 points above threshold
2026-09-06T20:12:57.377+01:00 INFO : Filtering template 63/96 segment 5/5
2026-09-06T20:12:57.437+01:00 INFO : 1 points above threshold
2026-09-06T20:12:57.443+01:00 INFO : 63: generating IMRPhenomD from 30.0 Hz
2026-09-06T20:12:57.445+01:00 INFO : Decompressing waveform using inline_linear
2026-09-06T20:12:57.686+01:00 INFO : Filtering template 64/96 segment 1/5
2026-09-06T20:12:57.756+01:00 INFO : 2 points above threshold
2026-09-06T20:12:57.777+01:00 INFO : Filtering template 64/96 segment 2/5
2026-09-06T20:12:57.836+01:00 INFO : 1 points above threshold
2026-09-06T20:12:57.842+01:00 INFO : Filtering template 64/96 segment 3/5
2026-09-06T20:12:57.902+01:00 INFO : Filtering template 64/96 segment 4/5
2026-09-06T20:12:57.961+01:00 INFO : Filtering template 64/96 segment 5/5
2026-09-06T20:12:58.021+01:00 INFO : 64: generating IMRPhenomD from 30.0 Hz
2026-09-06T20:12:58.023+01:00 INFO : Decompressing waveform using inline_linear
2026-09-06T20:12:58.264+01:00 INFO : Filtering template 65/96 segment 1/5
2026-09-06T20:12:58.334+01:00 INFO : 2 points above threshold
2026-09-06T20:12:58.354+01:00 INFO : Filtering template 65/96 segment 2/5
2026-09-06T20:12:58.413+01:00 INFO : 2 points above threshold
2026-09-06T20:12:58.421+01:00 INFO : Filtering template 65/96 segment 3/5
2026-09-06T20:12:58.480+01:00 INFO : 1 points above threshold
2026-09-06T20:12:58.486+01:00 INFO : Filtering template 65/96 segment 4/5
2026-09-06T20:12:58.545+01:00 INFO : 2 points above threshold
2026-09-06T20:12:58.553+01:00 INFO : Filtering template 65/96 segment 5/5
2026-09-06T20:12:58.612+01:00 INFO : 65: generating IMRPhenomD from 30.0 Hz
2026-09-06T20:12:58.615+01:00 INFO : Decompressing waveform using inline_linear
2026-09-06T20:12:58.857+01:00 INFO : Filtering template 66/96 segment 1/5
2026-09-06T20:12:58.927+01:00 INFO : 1 points above threshold
2026-09-06T20:12:58.946+01:00 INFO : Filtering template 66/96 segment 2/5
2026-09-06T20:12:59.005+01:00 INFO : 1 points above threshold
2026-09-06T20:12:59.011+01:00 INFO : Filtering template 66/96 segment 3/5
2026-09-06T20:12:59.070+01:00 INFO : 2 points above threshold
2026-09-06T20:12:59.078+01:00 INFO : Filtering template 66/96 segment 4/5
2026-09-06T20:12:59.137+01:00 INFO : 1 points above threshold
2026-09-06T20:12:59.143+01:00 INFO : Filtering template 66/96 segment 5/5
2026-09-06T20:12:59.203+01:00 INFO : 66: generating IMRPhenomD from 30.0 Hz
2026-09-06T20:12:59.206+01:00 INFO : Decompressing waveform using inline_linear
2026-09-06T20:12:59.462+01:00 INFO : Filtering template 67/96 segment 1/5
2026-09-06T20:12:59.531+01:00 INFO : 3 points above threshold
2026-09-06T20:12:59.553+01:00 INFO : Filtering template 67/96 segment 2/5
2026-09-06T20:12:59.613+01:00 INFO : Filtering template 67/96 segment 3/5
2026-09-06T20:12:59.672+01:00 INFO : 1 points above threshold
2026-09-06T20:12:59.678+01:00 INFO : Filtering template 67/96 segment 4/5
2026-09-06T20:12:59.737+01:00 INFO : Filtering template 67/96 segment 5/5
2026-09-06T20:12:59.797+01:00 INFO : 67: generating IMRPhenomD from 30.0 Hz
2026-09-06T20:12:59.799+01:00 INFO : Decompressing waveform using inline_linear
2026-09-06T20:13:00.053+01:00 INFO : Filtering template 68/96 segment 1/5
2026-09-06T20:13:00.123+01:00 INFO : 1 points above threshold
2026-09-06T20:13:00.142+01:00 INFO : Filtering template 68/96 segment 2/5
2026-09-06T20:13:00.201+01:00 INFO : 1 points above threshold
2026-09-06T20:13:00.207+01:00 INFO : Filtering template 68/96 segment 3/5
2026-09-06T20:13:00.266+01:00 INFO : 1 points above threshold
2026-09-06T20:13:00.272+01:00 INFO : Filtering template 68/96 segment 4/5
2026-09-06T20:13:00.331+01:00 INFO : 1 points above threshold
2026-09-06T20:13:00.337+01:00 INFO : Filtering template 68/96 segment 5/5
2026-09-06T20:13:00.396+01:00 INFO : 1 points above threshold
2026-09-06T20:13:00.403+01:00 INFO : 68: generating IMRPhenomD from 30.0 Hz
2026-09-06T20:13:00.405+01:00 INFO : Decompressing waveform using inline_linear
2026-09-06T20:13:00.673+01:00 INFO : Filtering template 69/96 segment 1/5
2026-09-06T20:13:00.742+01:00 INFO : Filtering template 69/96 segment 2/5
2026-09-06T20:13:00.802+01:00 INFO : Filtering template 69/96 segment 3/5
2026-09-06T20:13:00.861+01:00 INFO : 1 points above threshold
2026-09-06T20:13:00.880+01:00 INFO : Filtering template 69/96 segment 4/5
2026-09-06T20:13:00.940+01:00 INFO : 2 points above threshold
2026-09-06T20:13:00.947+01:00 INFO : Filtering template 69/96 segment 5/5
2026-09-06T20:13:01.007+01:00 INFO : 69: generating IMRPhenomD from 30.0 Hz
2026-09-06T20:13:01.009+01:00 INFO : Decompressing waveform using inline_linear
2026-09-06T20:13:01.284+01:00 INFO : Filtering template 70/96 segment 1/5
2026-09-06T20:13:01.353+01:00 INFO : 2 points above threshold
2026-09-06T20:13:01.373+01:00 INFO : Filtering template 70/96 segment 2/5
2026-09-06T20:13:01.432+01:00 INFO : 2 points above threshold
2026-09-06T20:13:01.440+01:00 INFO : Filtering template 70/96 segment 3/5
2026-09-06T20:13:01.499+01:00 INFO : Filtering template 70/96 segment 4/5
2026-09-06T20:13:01.558+01:00 INFO : 2 points above threshold
2026-09-06T20:13:01.566+01:00 INFO : Filtering template 70/96 segment 5/5
2026-09-06T20:13:01.625+01:00 INFO : 2 points above threshold
2026-09-06T20:13:01.634+01:00 INFO : 70: generating IMRPhenomD from 30.0 Hz
2026-09-06T20:13:01.636+01:00 INFO : Decompressing waveform using inline_linear
2026-09-06T20:13:01.864+01:00 INFO : Filtering template 71/96 segment 1/5
2026-09-06T20:13:01.934+01:00 INFO : Filtering template 71/96 segment 2/5
2026-09-06T20:13:01.993+01:00 INFO : 1 points above threshold
2026-09-06T20:13:02.011+01:00 INFO : Filtering template 71/96 segment 3/5
2026-09-06T20:13:02.070+01:00 INFO : 1 points above threshold
2026-09-06T20:13:02.076+01:00 INFO : Filtering template 71/96 segment 4/5
2026-09-06T20:13:02.135+01:00 INFO : 3 points above threshold
2026-09-06T20:13:02.145+01:00 INFO : Filtering template 71/96 segment 5/5
2026-09-06T20:13:02.209+01:00 INFO : 71: generating IMRPhenomD from 30.0 Hz
2026-09-06T20:13:02.212+01:00 INFO : Decompressing waveform using inline_linear
2026-09-06T20:13:02.451+01:00 INFO : Filtering template 72/96 segment 1/5
2026-09-06T20:13:02.521+01:00 INFO : 2 points above threshold
2026-09-06T20:13:02.541+01:00 INFO : Filtering template 72/96 segment 2/5
2026-09-06T20:13:02.600+01:00 INFO : 1 points above threshold
2026-09-06T20:13:02.606+01:00 INFO : Filtering template 72/96 segment 3/5
2026-09-06T20:13:02.665+01:00 INFO : 1 points above threshold
2026-09-06T20:13:02.671+01:00 INFO : Filtering template 72/96 segment 4/5
2026-09-06T20:13:02.730+01:00 INFO : 3 points above threshold
2026-09-06T20:13:02.740+01:00 INFO : Filtering template 72/96 segment 5/5
2026-09-06T20:13:02.799+01:00 INFO : 3 points above threshold
2026-09-06T20:13:02.809+01:00 INFO : 72: generating IMRPhenomD from 30.0 Hz
2026-09-06T20:13:02.812+01:00 INFO : Decompressing waveform using inline_linear
2026-09-06T20:13:03.045+01:00 INFO : Filtering template 73/96 segment 1/5
2026-09-06T20:13:03.114+01:00 INFO : 1 points above threshold
2026-09-06T20:13:03.133+01:00 INFO : Filtering template 73/96 segment 2/5
2026-09-06T20:13:03.192+01:00 INFO : 1 points above threshold
2026-09-06T20:13:03.198+01:00 INFO : Filtering template 73/96 segment 3/5
2026-09-06T20:13:03.258+01:00 INFO : 1 points above threshold
2026-09-06T20:13:03.264+01:00 INFO : Filtering template 73/96 segment 4/5
2026-09-06T20:13:03.323+01:00 INFO : Filtering template 73/96 segment 5/5
2026-09-06T20:13:03.383+01:00 INFO : 1 points above threshold
2026-09-06T20:13:03.389+01:00 INFO : 73: generating IMRPhenomD from 30.0 Hz
2026-09-06T20:13:03.391+01:00 INFO : Decompressing waveform using inline_linear
2026-09-06T20:13:03.631+01:00 INFO : Filtering template 74/96 segment 1/5
2026-09-06T20:13:03.700+01:00 INFO : 3 points above threshold
2026-09-06T20:13:03.723+01:00 INFO : Filtering template 74/96 segment 2/5
2026-09-06T20:13:03.782+01:00 INFO : 3 points above threshold
2026-09-06T20:13:03.792+01:00 INFO : Filtering template 74/96 segment 3/5
2026-09-06T20:13:03.851+01:00 INFO : Filtering template 74/96 segment 4/5
2026-09-06T20:13:03.911+01:00 INFO : 1 points above threshold
2026-09-06T20:13:03.917+01:00 INFO : Filtering template 74/96 segment 5/5
2026-09-06T20:13:03.977+01:00 INFO : 74: generating IMRPhenomD from 30.0 Hz
2026-09-06T20:13:03.979+01:00 INFO : Decompressing waveform using inline_linear
2026-09-06T20:13:04.220+01:00 INFO : Filtering template 75/96 segment 1/5
2026-09-06T20:13:04.289+01:00 INFO : Filtering template 75/96 segment 2/5
2026-09-06T20:13:04.348+01:00 INFO : 1 points above threshold
2026-09-06T20:13:04.367+01:00 INFO : Filtering template 75/96 segment 3/5
2026-09-06T20:13:04.426+01:00 INFO : 2 points above threshold
2026-09-06T20:13:04.434+01:00 INFO : Filtering template 75/96 segment 4/5
2026-09-06T20:13:04.493+01:00 INFO : Filtering template 75/96 segment 5/5
2026-09-06T20:13:04.553+01:00 INFO : 2 points above threshold
2026-09-06T20:13:04.561+01:00 INFO : 75: generating IMRPhenomD from 30.0 Hz
2026-09-06T20:13:04.563+01:00 INFO : Decompressing waveform using inline_linear
2026-09-06T20:13:04.817+01:00 INFO : Filtering template 76/96 segment 1/5
2026-09-06T20:13:04.886+01:00 INFO : 1 points above threshold
2026-09-06T20:13:04.905+01:00 INFO : Filtering template 76/96 segment 2/5
2026-09-06T20:13:04.964+01:00 INFO : Filtering template 76/96 segment 3/5
2026-09-06T20:13:05.023+01:00 INFO : 1 points above threshold
2026-09-06T20:13:05.029+01:00 INFO : Filtering template 76/96 segment 4/5
2026-09-06T20:13:05.088+01:00 INFO : Filtering template 76/96 segment 5/5
2026-09-06T20:13:05.147+01:00 INFO : 2 points above threshold
2026-09-06T20:13:05.156+01:00 INFO : 76: generating IMRPhenomD from 30.0 Hz
2026-09-06T20:13:05.158+01:00 INFO : Decompressing waveform using inline_linear
2026-09-06T20:13:05.409+01:00 INFO : Filtering template 77/96 segment 1/5
2026-09-06T20:13:05.478+01:00 INFO : Filtering template 77/96 segment 2/5
2026-09-06T20:13:05.538+01:00 INFO : 1 points above threshold
2026-09-06T20:13:05.556+01:00 INFO : Filtering template 77/96 segment 3/5
2026-09-06T20:13:05.615+01:00 INFO : Filtering template 77/96 segment 4/5
2026-09-06T20:13:05.674+01:00 INFO : 1 points above threshold
2026-09-06T20:13:05.680+01:00 INFO : Filtering template 77/96 segment 5/5
2026-09-06T20:13:05.740+01:00 INFO : 77: generating IMRPhenomD from 30.0 Hz
2026-09-06T20:13:05.742+01:00 INFO : Decompressing waveform using inline_linear
2026-09-06T20:13:06.007+01:00 INFO : Filtering template 78/96 segment 1/5
2026-09-06T20:13:06.077+01:00 INFO : Filtering template 78/96 segment 2/5
2026-09-06T20:13:06.136+01:00 INFO : Filtering template 78/96 segment 3/5
2026-09-06T20:13:06.197+01:00 INFO : Filtering template 78/96 segment 4/5
2026-09-06T20:13:06.261+01:00 INFO : 1 points above threshold
2026-09-06T20:13:06.280+01:00 INFO : Filtering template 78/96 segment 5/5
2026-09-06T20:13:06.339+01:00 INFO : 78: generating IMRPhenomD from 30.0 Hz
2026-09-06T20:13:06.342+01:00 INFO : Decompressing waveform using inline_linear
2026-09-06T20:13:06.620+01:00 INFO : Filtering template 79/96 segment 1/5
2026-09-06T20:13:06.689+01:00 INFO : 2 points above threshold
2026-09-06T20:13:06.709+01:00 INFO : Filtering template 79/96 segment 2/5
2026-09-06T20:13:06.768+01:00 INFO : Filtering template 79/96 segment 3/5
2026-09-06T20:13:06.828+01:00 INFO : 1 points above threshold
2026-09-06T20:13:06.833+01:00 INFO : Filtering template 79/96 segment 4/5
2026-09-06T20:13:06.893+01:00 INFO : 1 points above threshold
2026-09-06T20:13:06.899+01:00 INFO : Filtering template 79/96 segment 5/5
2026-09-06T20:13:06.958+01:00 INFO : 3 points above threshold
2026-09-06T20:13:06.968+01:00 INFO : 79: generating IMRPhenomD from 30.0 Hz
2026-09-06T20:13:06.971+01:00 INFO : Decompressing waveform using inline_linear
2026-09-06T20:13:07.255+01:00 INFO : Filtering template 80/96 segment 1/5
2026-09-06T20:13:07.325+01:00 INFO : 2 points above threshold
2026-09-06T20:13:07.345+01:00 INFO : Filtering template 80/96 segment 2/5
2026-09-06T20:13:07.404+01:00 INFO : 1 points above threshold
2026-09-06T20:13:07.410+01:00 INFO : Filtering template 80/96 segment 3/5
2026-09-06T20:13:07.469+01:00 INFO : 1 points above threshold
2026-09-06T20:13:07.475+01:00 INFO : Filtering template 80/96 segment 4/5
2026-09-06T20:13:07.534+01:00 INFO : Filtering template 80/96 segment 5/5
2026-09-06T20:13:07.594+01:00 INFO : 1 points above threshold
2026-09-06T20:13:07.600+01:00 INFO : 80: generating IMRPhenomD from 30.0 Hz
2026-09-06T20:13:07.602+01:00 INFO : Decompressing waveform using inline_linear
2026-09-06T20:13:07.895+01:00 INFO : Filtering template 81/96 segment 1/5
2026-09-06T20:13:07.965+01:00 INFO : 1 points above threshold
2026-09-06T20:13:07.983+01:00 INFO : Filtering template 81/96 segment 2/5
2026-09-06T20:13:08.043+01:00 INFO : 2 points above threshold
2026-09-06T20:13:08.050+01:00 INFO : Filtering template 81/96 segment 3/5
2026-09-06T20:13:08.110+01:00 INFO : 1 points above threshold
2026-09-06T20:13:08.116+01:00 INFO : Filtering template 81/96 segment 4/5
2026-09-06T20:13:08.175+01:00 INFO : Filtering template 81/96 segment 5/5
2026-09-06T20:13:08.234+01:00 INFO : 1 points above threshold
2026-09-06T20:13:08.240+01:00 INFO : 81: generating IMRPhenomD from 30.0 Hz
2026-09-06T20:13:08.243+01:00 INFO : Decompressing waveform using inline_linear
2026-09-06T20:13:08.541+01:00 INFO : Filtering template 82/96 segment 1/5
2026-09-06T20:13:08.610+01:00 INFO : Filtering template 82/96 segment 2/5
2026-09-06T20:13:08.669+01:00 INFO : 2 points above threshold
2026-09-06T20:13:08.695+01:00 INFO : Filtering template 82/96 segment 3/5
2026-09-06T20:13:08.754+01:00 INFO : 1 points above threshold
2026-09-06T20:13:08.760+01:00 INFO : Filtering template 82/96 segment 4/5
2026-09-06T20:13:08.819+01:00 INFO : Filtering template 82/96 segment 5/5
2026-09-06T20:13:08.879+01:00 INFO : 82: generating IMRPhenomD from 30.0 Hz
2026-09-06T20:13:08.881+01:00 INFO : Decompressing waveform using inline_linear
2026-09-06T20:13:09.175+01:00 INFO : Filtering template 83/96 segment 1/5
2026-09-06T20:13:09.245+01:00 INFO : 1 points above threshold
2026-09-06T20:13:09.271+01:00 INFO : Filtering template 83/96 segment 2/5
2026-09-06T20:13:09.330+01:00 INFO : 2 points above threshold
2026-09-06T20:13:09.338+01:00 INFO : Filtering template 83/96 segment 3/5
2026-09-06T20:13:09.397+01:00 INFO : 2 points above threshold
2026-09-06T20:13:09.405+01:00 INFO : Filtering template 83/96 segment 4/5
2026-09-06T20:13:09.464+01:00 INFO : 3 points above threshold
2026-09-06T20:13:09.474+01:00 INFO : Filtering template 83/96 segment 5/5
2026-09-06T20:13:09.533+01:00 INFO : 3 points above threshold
2026-09-06T20:13:09.543+01:00 INFO : 83: generating IMRPhenomD from 30.0 Hz
2026-09-06T20:13:09.546+01:00 INFO : Decompressing waveform using inline_linear
2026-09-06T20:13:09.778+01:00 INFO : Filtering template 84/96 segment 1/5
2026-09-06T20:13:09.848+01:00 INFO : Filtering template 84/96 segment 2/5
2026-09-06T20:13:09.907+01:00 INFO : Filtering template 84/96 segment 3/5
2026-09-06T20:13:09.966+01:00 INFO : 1 points above threshold
2026-09-06T20:13:09.985+01:00 INFO : Filtering template 84/96 segment 4/5
2026-09-06T20:13:10.044+01:00 INFO : 3 points above threshold
2026-09-06T20:13:10.054+01:00 INFO : Filtering template 84/96 segment 5/5
2026-09-06T20:13:10.114+01:00 INFO : 84: generating IMRPhenomD from 30.0 Hz
2026-09-06T20:13:10.116+01:00 INFO : Decompressing waveform using inline_linear
2026-09-06T20:13:10.357+01:00 INFO : Filtering template 85/96 segment 1/5
2026-09-06T20:13:10.426+01:00 INFO : 1 points above threshold
2026-09-06T20:13:10.444+01:00 INFO : Filtering template 85/96 segment 2/5
2026-09-06T20:13:10.504+01:00 INFO : 2 points above threshold
2026-09-06T20:13:10.512+01:00 INFO : Filtering template 85/96 segment 3/5
2026-09-06T20:13:10.571+01:00 INFO : 1 points above threshold
2026-09-06T20:13:10.577+01:00 INFO : Filtering template 85/96 segment 4/5
2026-09-06T20:13:10.636+01:00 INFO : 3 points above threshold
2026-09-06T20:13:10.646+01:00 INFO : Filtering template 85/96 segment 5/5
2026-09-06T20:13:10.705+01:00 INFO : 2 points above threshold
2026-09-06T20:13:10.713+01:00 INFO : 85: generating IMRPhenomD from 30.0 Hz
2026-09-06T20:13:10.716+01:00 INFO : Decompressing waveform using inline_linear
2026-09-06T20:13:10.956+01:00 INFO : Filtering template 86/96 segment 1/5
2026-09-06T20:13:11.025+01:00 INFO : 2 points above threshold
2026-09-06T20:13:11.045+01:00 INFO : Filtering template 86/96 segment 2/5
2026-09-06T20:13:11.105+01:00 INFO : 2 points above threshold
2026-09-06T20:13:11.112+01:00 INFO : Filtering template 86/96 segment 3/5
2026-09-06T20:13:11.171+01:00 INFO : 1 points above threshold
2026-09-06T20:13:11.177+01:00 INFO : Filtering template 86/96 segment 4/5
2026-09-06T20:13:11.237+01:00 INFO : 1 points above threshold
2026-09-06T20:13:11.243+01:00 INFO : Filtering template 86/96 segment 5/5
2026-09-06T20:13:11.306+01:00 INFO : 2 points above threshold
2026-09-06T20:13:11.315+01:00 INFO : 86: generating IMRPhenomD from 30.0 Hz
2026-09-06T20:13:11.318+01:00 INFO : Decompressing waveform using inline_linear
2026-09-06T20:13:11.573+01:00 INFO : Filtering template 87/96 segment 1/5
2026-09-06T20:13:11.642+01:00 INFO : 1 points above threshold
2026-09-06T20:13:11.661+01:00 INFO : Filtering template 87/96 segment 2/5
2026-09-06T20:13:11.720+01:00 INFO : 2 points above threshold
2026-09-06T20:13:11.728+01:00 INFO : Filtering template 87/96 segment 3/5
2026-09-06T20:13:11.787+01:00 INFO : 1 points above threshold
2026-09-06T20:13:11.793+01:00 INFO : Filtering template 87/96 segment 4/5
2026-09-06T20:13:11.852+01:00 INFO : 1 points above threshold
2026-09-06T20:13:11.858+01:00 INFO : Filtering template 87/96 segment 5/5
2026-09-06T20:13:11.917+01:00 INFO : 1 points above threshold
2026-09-06T20:13:11.924+01:00 INFO : 87: generating IMRPhenomD from 30.0 Hz
2026-09-06T20:13:11.926+01:00 INFO : Decompressing waveform using inline_linear
2026-09-06T20:13:12.178+01:00 INFO : Filtering template 88/96 segment 1/5
2026-09-06T20:13:12.247+01:00 INFO : 2 points above threshold
2026-09-06T20:13:12.268+01:00 INFO : Filtering template 88/96 segment 2/5
2026-09-06T20:13:12.327+01:00 INFO : 1 points above threshold
2026-09-06T20:13:12.333+01:00 INFO : Filtering template 88/96 segment 3/5
2026-09-06T20:13:12.392+01:00 INFO : Filtering template 88/96 segment 4/5
2026-09-06T20:13:12.452+01:00 INFO : Filtering template 88/96 segment 5/5
2026-09-06T20:13:12.511+01:00 INFO : 2 points above threshold
2026-09-06T20:13:12.519+01:00 INFO : 88: generating IMRPhenomD from 30.0 Hz
2026-09-06T20:13:12.521+01:00 INFO : Decompressing waveform using inline_linear
2026-09-06T20:13:12.774+01:00 INFO : Filtering template 89/96 segment 1/5
2026-09-06T20:13:12.843+01:00 INFO : 2 points above threshold
2026-09-06T20:13:12.864+01:00 INFO : Filtering template 89/96 segment 2/5
2026-09-06T20:13:12.923+01:00 INFO : 1 points above threshold
2026-09-06T20:13:12.929+01:00 INFO : Filtering template 89/96 segment 3/5
2026-09-06T20:13:12.988+01:00 INFO : 2 points above threshold
2026-09-06T20:13:12.996+01:00 INFO : Filtering template 89/96 segment 4/5
2026-09-06T20:13:13.055+01:00 INFO : Filtering template 89/96 segment 5/5
2026-09-06T20:13:13.115+01:00 INFO : 89: generating IMRPhenomD from 30.0 Hz
2026-09-06T20:13:13.117+01:00 INFO : Decompressing waveform using inline_linear
2026-09-06T20:13:13.384+01:00 INFO : Filtering template 90/96 segment 1/5
2026-09-06T20:13:13.453+01:00 INFO : Filtering template 90/96 segment 2/5
2026-09-06T20:13:13.512+01:00 INFO : 1 points above threshold
2026-09-06T20:13:13.531+01:00 INFO : Filtering template 90/96 segment 3/5
2026-09-06T20:13:13.590+01:00 INFO : 3 points above threshold
2026-09-06T20:13:13.600+01:00 INFO : Filtering template 90/96 segment 4/5
2026-09-06T20:13:13.659+01:00 INFO : Filtering template 90/96 segment 5/5
2026-09-06T20:13:13.719+01:00 INFO : 1 points above threshold
2026-09-06T20:13:13.725+01:00 INFO : 90: generating IMRPhenomD from 30.0 Hz
2026-09-06T20:13:13.728+01:00 INFO : Decompressing waveform using inline_linear
2026-09-06T20:13:14.007+01:00 INFO : Filtering template 91/96 segment 1/5
2026-09-06T20:13:14.076+01:00 INFO : Filtering template 91/96 segment 2/5
2026-09-06T20:13:14.136+01:00 INFO : 2 points above threshold
2026-09-06T20:13:14.156+01:00 INFO : Filtering template 91/96 segment 3/5
2026-09-06T20:13:14.215+01:00 INFO : 3 points above threshold
2026-09-06T20:13:14.225+01:00 INFO : Filtering template 91/96 segment 4/5
2026-09-06T20:13:14.284+01:00 INFO : Filtering template 91/96 segment 5/5
2026-09-06T20:13:14.343+01:00 INFO : 1 points above threshold
2026-09-06T20:13:14.350+01:00 INFO : 91: generating IMRPhenomD from 30.0 Hz
2026-09-06T20:13:14.352+01:00 INFO : Decompressing waveform using inline_linear
2026-09-06T20:13:14.631+01:00 INFO : Filtering template 92/96 segment 1/5
2026-09-06T20:13:14.700+01:00 INFO : 2 points above threshold
2026-09-06T20:13:14.721+01:00 INFO : Filtering template 92/96 segment 2/5
2026-09-06T20:13:14.780+01:00 INFO : 1 points above threshold
2026-09-06T20:13:14.786+01:00 INFO : Filtering template 92/96 segment 3/5
2026-09-06T20:13:14.845+01:00 INFO : 2 points above threshold
2026-09-06T20:13:14.853+01:00 INFO : Filtering template 92/96 segment 4/5
2026-09-06T20:13:14.912+01:00 INFO : 1 points above threshold
2026-09-06T20:13:14.918+01:00 INFO : Filtering template 92/96 segment 5/5
2026-09-06T20:13:14.977+01:00 INFO : 1 points above threshold
2026-09-06T20:13:14.984+01:00 INFO : 92: generating IMRPhenomD from 30.0 Hz
2026-09-06T20:13:14.986+01:00 INFO : Decompressing waveform using inline_linear
2026-09-06T20:13:15.277+01:00 INFO : Filtering template 93/96 segment 1/5
2026-09-06T20:13:15.346+01:00 INFO : Filtering template 93/96 segment 2/5
2026-09-06T20:13:15.406+01:00 INFO : 3 points above threshold
2026-09-06T20:13:15.428+01:00 INFO : Filtering template 93/96 segment 3/5
2026-09-06T20:13:15.487+01:00 INFO : 3 points above threshold
2026-09-06T20:13:15.497+01:00 INFO : Filtering template 93/96 segment 4/5
2026-09-06T20:13:15.556+01:00 INFO : 1 points above threshold
2026-09-06T20:13:15.562+01:00 INFO : Filtering template 93/96 segment 5/5
2026-09-06T20:13:15.622+01:00 INFO : 1 points above threshold
2026-09-06T20:13:15.628+01:00 INFO : 93: generating IMRPhenomD from 30.0 Hz
2026-09-06T20:13:15.630+01:00 INFO : Decompressing waveform using inline_linear
2026-09-06T20:13:15.921+01:00 INFO : Filtering template 94/96 segment 1/5
2026-09-06T20:13:15.990+01:00 INFO : 1 points above threshold
2026-09-06T20:13:16.009+01:00 INFO : Filtering template 94/96 segment 2/5
2026-09-06T20:13:16.068+01:00 INFO : 2 points above threshold
2026-09-06T20:13:16.076+01:00 INFO : Filtering template 94/96 segment 3/5
2026-09-06T20:13:16.135+01:00 INFO : 4 points above threshold
2026-09-06T20:13:16.145+01:00 INFO : Filtering template 94/96 segment 4/5
2026-09-06T20:13:16.204+01:00 INFO : Filtering template 94/96 segment 5/5
2026-09-06T20:13:16.264+01:00 INFO : 2 points above threshold
2026-09-06T20:13:16.272+01:00 INFO : 94: generating IMRPhenomD from 30.0 Hz
2026-09-06T20:13:16.274+01:00 INFO : Decompressing waveform using inline_linear
2026-09-06T20:13:16.580+01:00 INFO : Filtering template 95/96 segment 1/5
2026-09-06T20:13:16.649+01:00 INFO : 3 points above threshold
2026-09-06T20:13:16.677+01:00 INFO : Filtering template 95/96 segment 2/5
2026-09-06T20:13:16.737+01:00 INFO : 2 points above threshold
2026-09-06T20:13:16.745+01:00 INFO : Filtering template 95/96 segment 3/5
2026-09-06T20:13:16.804+01:00 INFO : 2 points above threshold
2026-09-06T20:13:16.812+01:00 INFO : Filtering template 95/96 segment 4/5
2026-09-06T20:13:16.871+01:00 INFO : 1 points above threshold
2026-09-06T20:13:16.877+01:00 INFO : Filtering template 95/96 segment 5/5
2026-09-06T20:13:16.937+01:00 INFO : 95: generating IMRPhenomD from 30.0 Hz
2026-09-06T20:13:16.939+01:00 INFO : Decompressing waveform using inline_linear
2026-09-06T20:13:17.230+01:00 INFO : Filtering template 96/96 segment 1/5
2026-09-06T20:13:17.300+01:00 INFO : 2 points above threshold
2026-09-06T20:13:17.330+01:00 INFO : Filtering template 96/96 segment 2/5
2026-09-06T20:13:17.389+01:00 INFO : Filtering template 96/96 segment 3/5
2026-09-06T20:13:17.448+01:00 INFO : Filtering template 96/96 segment 4/5
2026-09-06T20:13:17.508+01:00 INFO : 1 points above threshold
2026-09-06T20:13:17.514+01:00 INFO : Filtering template 96/96 segment 5/5
2026-09-06T20:13:17.573+01:00 INFO : We currently have 527 triggers
2026-09-06T20:13:17.573+01:00 INFO : Removing triggers with NewSNR below threshold
2026-09-06T20:13:17.573+01:00 INFO : 475 remaining triggers
2026-09-06T20:13:17.573+01:00 INFO : Outputting 475 triggers
2026-09-06T20:13:17.573+01:00 INFO : Writing out triggers
2026-09-06T20:13:17.584+01:00 INFO : Finished
