2026-09-06T23:46:46.491+01:00 INFO : Running with CPU support: 1 threads
2026-09-06T23:46:46.491+01:00 INFO : Reading Frames
2026-09-06T23:46:53.256+01:00 INFO : Highpass Filtering
2026-09-06T23:46:53.715+01:00 INFO : Resampling data
2026-09-06T23:46:53.726+01:00 INFO : Converting to float32
/home/xangma/pycbc-torch-maintainer-benchmark-20260906/original/pycbc/types/array.py:393: RuntimeWarning: divide by zero encountered in divide
  return self._data.__rtruediv__(other)
2026-09-06T23:46:58.934+01:00 INFO : Highpass Filtering
2026-09-06T23:46:59.385+01:00 INFO : Remove Padding
2026-09-06T23:46:59.385+01:00 INFO : Making frequency-domain data segments
2026-09-06T23:47:01.118+01:00 INFO : Overwhitening frequency-domain data segments
2026-09-06T23:47:01.138+01:00 INFO : Read in template bank
2026-09-06T23:47:01.148+01:00 INFO : Full template bank size: 96
2026-09-06T23:47:01.149+01:00 INFO : Template bank size after thinning: 96
2026-09-06T23:47:01.149+01:00 INFO : 0: generating IMRPhenomD from 30.0 Hz
2026-09-06T23:47:01.152+01:00 INFO : Decompressing waveform using inline_linear
2026-09-06T23:47:01.158+01:00 INFO : Filtering template 1/96 segment 1/5
2026-09-06T23:47:01.185+01:00 INFO : 1 points above threshold
2026-09-06T23:47:01.204+01:00 INFO : Filtering template 1/96 segment 2/5
2026-09-06T23:47:01.222+01:00 INFO : Filtering template 1/96 segment 3/5
2026-09-06T23:47:01.239+01:00 INFO : 1 points above threshold
2026-09-06T23:47:01.245+01:00 INFO : Filtering template 1/96 segment 4/5
2026-09-06T23:47:01.263+01:00 INFO : Filtering template 1/96 segment 5/5
2026-09-06T23:47:01.280+01:00 INFO : 1 points above threshold
2026-09-06T23:47:01.286+01:00 INFO : 1: generating IMRPhenomD from 30.0 Hz
2026-09-06T23:47:01.289+01:00 INFO : Decompressing waveform using inline_linear
2026-09-06T23:47:01.294+01:00 INFO : Filtering template 2/96 segment 1/5
2026-09-06T23:47:01.314+01:00 INFO : 1 points above threshold
2026-09-06T23:47:01.331+01:00 INFO : Filtering template 2/96 segment 2/5
2026-09-06T23:47:01.348+01:00 INFO : 1 points above threshold
2026-09-06T23:47:01.354+01:00 INFO : Filtering template 2/96 segment 3/5
2026-09-06T23:47:01.371+01:00 INFO : 2 points above threshold
2026-09-06T23:47:01.376+01:00 INFO : Filtering template 2/96 segment 4/5
2026-09-06T23:47:01.394+01:00 INFO : Filtering template 2/96 segment 5/5
2026-09-06T23:47:01.412+01:00 INFO : 1 points above threshold
2026-09-06T23:47:01.417+01:00 INFO : 2: generating IMRPhenomD from 30.0 Hz
2026-09-06T23:47:01.420+01:00 INFO : Decompressing waveform using inline_linear
2026-09-06T23:47:01.425+01:00 INFO : Filtering template 3/96 segment 1/5
2026-09-06T23:47:01.445+01:00 INFO : 3 points above threshold
2026-09-06T23:47:01.462+01:00 INFO : Filtering template 3/96 segment 2/5
2026-09-06T23:47:01.479+01:00 INFO : Filtering template 3/96 segment 3/5
2026-09-06T23:47:01.498+01:00 INFO : 1 points above threshold
2026-09-06T23:47:01.503+01:00 INFO : Filtering template 3/96 segment 4/5
2026-09-06T23:47:01.520+01:00 INFO : 1 points above threshold
2026-09-06T23:47:01.526+01:00 INFO : Filtering template 3/96 segment 5/5
2026-09-06T23:47:01.543+01:00 INFO : 3: generating IMRPhenomD from 30.0 Hz
2026-09-06T23:47:01.546+01:00 INFO : Decompressing waveform using inline_linear
2026-09-06T23:47:01.551+01:00 INFO : Filtering template 4/96 segment 1/5
2026-09-06T23:47:01.572+01:00 INFO : 1 points above threshold
2026-09-06T23:47:01.586+01:00 INFO : Filtering template 4/96 segment 2/5
2026-09-06T23:47:01.604+01:00 INFO : 1 points above threshold
2026-09-06T23:47:01.609+01:00 INFO : Filtering template 4/96 segment 3/5
2026-09-06T23:47:01.627+01:00 INFO : 2 points above threshold
2026-09-06T23:47:01.632+01:00 INFO : Filtering template 4/96 segment 4/5
2026-09-06T23:47:01.650+01:00 INFO : 2 points above threshold
2026-09-06T23:47:01.655+01:00 INFO : Filtering template 4/96 segment 5/5
2026-09-06T23:47:01.673+01:00 INFO : 2 points above threshold
2026-09-06T23:47:01.678+01:00 INFO : 4: generating IMRPhenomD from 30.0 Hz
2026-09-06T23:47:01.681+01:00 INFO : Decompressing waveform using inline_linear
2026-09-06T23:47:01.686+01:00 INFO : Filtering template 5/96 segment 1/5
2026-09-06T23:47:01.706+01:00 INFO : 1 points above threshold
2026-09-06T23:47:01.720+01:00 INFO : Filtering template 5/96 segment 2/5
2026-09-06T23:47:01.738+01:00 INFO : 2 points above threshold
2026-09-06T23:47:01.744+01:00 INFO : Filtering template 5/96 segment 3/5
2026-09-06T23:47:01.761+01:00 INFO : 2 points above threshold
2026-09-06T23:47:01.766+01:00 INFO : Filtering template 5/96 segment 4/5
2026-09-06T23:47:01.784+01:00 INFO : 2 points above threshold
2026-09-06T23:47:01.789+01:00 INFO : Filtering template 5/96 segment 5/5
2026-09-06T23:47:01.807+01:00 INFO : 5: generating IMRPhenomD from 30.0 Hz
2026-09-06T23:47:01.810+01:00 INFO : Decompressing waveform using inline_linear
2026-09-06T23:47:01.815+01:00 INFO : Filtering template 6/96 segment 1/5
2026-09-06T23:47:01.835+01:00 INFO : 1 points above threshold
2026-09-06T23:47:01.850+01:00 INFO : Filtering template 6/96 segment 2/5
2026-09-06T23:47:01.868+01:00 INFO : Filtering template 6/96 segment 3/5
2026-09-06T23:47:01.886+01:00 INFO : Filtering template 6/96 segment 4/5
2026-09-06T23:47:01.904+01:00 INFO : Filtering template 6/96 segment 5/5
2026-09-06T23:47:01.922+01:00 INFO : 1 points above threshold
2026-09-06T23:47:01.927+01:00 INFO : 6: generating IMRPhenomD from 30.0 Hz
2026-09-06T23:47:01.930+01:00 INFO : Decompressing waveform using inline_linear
2026-09-06T23:47:01.934+01:00 INFO : Filtering template 7/96 segment 1/5
2026-09-06T23:47:01.954+01:00 INFO : 2 points above threshold
2026-09-06T23:47:01.970+01:00 INFO : Filtering template 7/96 segment 2/5
2026-09-06T23:47:01.987+01:00 INFO : Filtering template 7/96 segment 3/5
2026-09-06T23:47:02.005+01:00 INFO : Filtering template 7/96 segment 4/5
2026-09-06T23:47:02.023+01:00 INFO : 1 points above threshold
2026-09-06T23:47:02.028+01:00 INFO : Filtering template 7/96 segment 5/5
2026-09-06T23:47:02.046+01:00 INFO : 7: generating IMRPhenomD from 30.0 Hz
2026-09-06T23:47:02.049+01:00 INFO : Decompressing waveform using inline_linear
2026-09-06T23:47:02.054+01:00 INFO : Filtering template 8/96 segment 1/5
2026-09-06T23:47:02.074+01:00 INFO : 2 points above threshold
2026-09-06T23:47:02.089+01:00 INFO : Filtering template 8/96 segment 2/5
2026-09-06T23:47:02.106+01:00 INFO : 1 points above threshold
2026-09-06T23:47:02.112+01:00 INFO : Filtering template 8/96 segment 3/5
2026-09-06T23:47:02.130+01:00 INFO : 4 points above threshold
2026-09-06T23:47:02.135+01:00 INFO : Filtering template 8/96 segment 4/5
2026-09-06T23:47:02.153+01:00 INFO : Filtering template 8/96 segment 5/5
2026-09-06T23:47:02.170+01:00 INFO : 8: generating IMRPhenomD from 30.0 Hz
2026-09-06T23:47:02.173+01:00 INFO : Decompressing waveform using inline_linear
2026-09-06T23:47:02.178+01:00 INFO : Filtering template 9/96 segment 1/5
2026-09-06T23:47:02.198+01:00 INFO : Filtering template 9/96 segment 2/5
2026-09-06T23:47:02.216+01:00 INFO : 1 points above threshold
2026-09-06T23:47:02.231+01:00 INFO : Filtering template 9/96 segment 3/5
2026-09-06T23:47:02.248+01:00 INFO : 2 points above threshold
2026-09-06T23:47:02.254+01:00 INFO : Filtering template 9/96 segment 4/5
2026-09-06T23:47:02.271+01:00 INFO : 1 points above threshold
2026-09-06T23:47:02.276+01:00 INFO : Filtering template 9/96 segment 5/5
2026-09-06T23:47:02.294+01:00 INFO : 3 points above threshold
2026-09-06T23:47:02.302+01:00 INFO : 9: generating IMRPhenomD from 30.0 Hz
2026-09-06T23:47:02.304+01:00 INFO : Decompressing waveform using inline_linear
2026-09-06T23:47:02.309+01:00 INFO : Filtering template 10/96 segment 1/5
2026-09-06T23:47:02.329+01:00 INFO : 1 points above threshold
2026-09-06T23:47:02.342+01:00 INFO : Filtering template 10/96 segment 2/5
2026-09-06T23:47:02.360+01:00 INFO : 1 points above threshold
2026-09-06T23:47:02.366+01:00 INFO : Filtering template 10/96 segment 3/5
2026-09-06T23:47:02.383+01:00 INFO : Filtering template 10/96 segment 4/5
2026-09-06T23:47:02.401+01:00 INFO : 2 points above threshold
2026-09-06T23:47:02.406+01:00 INFO : Filtering template 10/96 segment 5/5
2026-09-06T23:47:02.424+01:00 INFO : 1 points above threshold
2026-09-06T23:47:02.429+01:00 INFO : 10: generating IMRPhenomD from 30.0 Hz
2026-09-06T23:47:02.432+01:00 INFO : Decompressing waveform using inline_linear
2026-09-06T23:47:02.437+01:00 INFO : Filtering template 11/96 segment 1/5
2026-09-06T23:47:02.457+01:00 INFO : 4 points above threshold
2026-09-06T23:47:02.470+01:00 INFO : Filtering template 11/96 segment 2/5
2026-09-06T23:47:02.488+01:00 INFO : 2 points above threshold
2026-09-06T23:47:02.493+01:00 INFO : Filtering template 11/96 segment 3/5
2026-09-06T23:47:02.510+01:00 INFO : 1 points above threshold
2026-09-06T23:47:02.516+01:00 INFO : Filtering template 11/96 segment 4/5
2026-09-06T23:47:02.534+01:00 INFO : Filtering template 11/96 segment 5/5
2026-09-06T23:47:02.552+01:00 INFO : 11: generating IMRPhenomD from 30.0 Hz
2026-09-06T23:47:02.554+01:00 INFO : Decompressing waveform using inline_linear
2026-09-06T23:47:02.559+01:00 INFO : Filtering template 12/96 segment 1/5
2026-09-06T23:47:02.579+01:00 INFO : 1 points above threshold
2026-09-06T23:47:02.592+01:00 INFO : Filtering template 12/96 segment 2/5
2026-09-06T23:47:02.610+01:00 INFO : 1 points above threshold
2026-09-06T23:47:02.615+01:00 INFO : Filtering template 12/96 segment 3/5
2026-09-06T23:47:02.633+01:00 INFO : 1 points above threshold
2026-09-06T23:47:02.638+01:00 INFO : Filtering template 12/96 segment 4/5
2026-09-06T23:47:02.656+01:00 INFO : 3 points above threshold
2026-09-06T23:47:02.663+01:00 INFO : Filtering template 12/96 segment 5/5
2026-09-06T23:47:02.681+01:00 INFO : 12: generating IMRPhenomD from 30.0 Hz
2026-09-06T23:47:02.684+01:00 INFO : Decompressing waveform using inline_linear
2026-09-06T23:47:02.689+01:00 INFO : Filtering template 13/96 segment 1/5
2026-09-06T23:47:02.709+01:00 INFO : Filtering template 13/96 segment 2/5
2026-09-06T23:47:02.727+01:00 INFO : 4 points above threshold
2026-09-06T23:47:02.740+01:00 INFO : Filtering template 13/96 segment 3/5
2026-09-06T23:47:02.757+01:00 INFO : Filtering template 13/96 segment 4/5
2026-09-06T23:47:02.776+01:00 INFO : Filtering template 13/96 segment 5/5
2026-09-06T23:47:02.793+01:00 INFO : 1 points above threshold
2026-09-06T23:47:02.799+01:00 INFO : 13: generating IMRPhenomD from 30.0 Hz
2026-09-06T23:47:02.801+01:00 INFO : Decompressing waveform using inline_linear
2026-09-06T23:47:02.806+01:00 INFO : Filtering template 14/96 segment 1/5
2026-09-06T23:47:02.826+01:00 INFO : 1 points above threshold
2026-09-06T23:47:02.839+01:00 INFO : Filtering template 14/96 segment 2/5
2026-09-06T23:47:02.857+01:00 INFO : 2 points above threshold
2026-09-06T23:47:02.863+01:00 INFO : Filtering template 14/96 segment 3/5
2026-09-06T23:47:02.880+01:00 INFO : 3 points above threshold
2026-09-06T23:47:02.887+01:00 INFO : Filtering template 14/96 segment 4/5
2026-09-06T23:47:02.905+01:00 INFO : 2 points above threshold
2026-09-06T23:47:02.910+01:00 INFO : Filtering template 14/96 segment 5/5
2026-09-06T23:47:02.928+01:00 INFO : 14: generating IMRPhenomD from 30.0 Hz
2026-09-06T23:47:02.931+01:00 INFO : Decompressing waveform using inline_linear
2026-09-06T23:47:02.936+01:00 INFO : Filtering template 15/96 segment 1/5
2026-09-06T23:47:02.956+01:00 INFO : 1 points above threshold
2026-09-06T23:47:02.969+01:00 INFO : Filtering template 15/96 segment 2/5
2026-09-06T23:47:02.986+01:00 INFO : Filtering template 15/96 segment 3/5
2026-09-06T23:47:03.004+01:00 INFO : 1 points above threshold
2026-09-06T23:47:03.010+01:00 INFO : Filtering template 15/96 segment 4/5
2026-09-06T23:47:03.027+01:00 INFO : 1 points above threshold
2026-09-06T23:47:03.032+01:00 INFO : Filtering template 15/96 segment 5/5
2026-09-06T23:47:03.050+01:00 INFO : 3 points above threshold
2026-09-06T23:47:03.057+01:00 INFO : 15: generating IMRPhenomD from 30.0 Hz
2026-09-06T23:47:03.060+01:00 INFO : Decompressing waveform using inline_linear
2026-09-06T23:47:03.065+01:00 INFO : Filtering template 16/96 segment 1/5
2026-09-06T23:47:03.085+01:00 INFO : 1 points above threshold
2026-09-06T23:47:03.098+01:00 INFO : Filtering template 16/96 segment 2/5
2026-09-06T23:47:03.116+01:00 INFO : 2 points above threshold
2026-09-06T23:47:03.121+01:00 INFO : Filtering template 16/96 segment 3/5
2026-09-06T23:47:03.138+01:00 INFO : 3 points above threshold
2026-09-06T23:47:03.145+01:00 INFO : Filtering template 16/96 segment 4/5
2026-09-06T23:47:03.164+01:00 INFO : 2 points above threshold
2026-09-06T23:47:03.169+01:00 INFO : Filtering template 16/96 segment 5/5
2026-09-06T23:47:03.187+01:00 INFO : 16: generating IMRPhenomD from 30.0 Hz
2026-09-06T23:47:03.190+01:00 INFO : Decompressing waveform using inline_linear
2026-09-06T23:47:03.194+01:00 INFO : Filtering template 17/96 segment 1/5
2026-09-06T23:47:03.214+01:00 INFO : 2 points above threshold
2026-09-06T23:47:03.227+01:00 INFO : Filtering template 17/96 segment 2/5
2026-09-06T23:47:03.246+01:00 INFO : 3 points above threshold
2026-09-06T23:47:03.253+01:00 INFO : Filtering template 17/96 segment 3/5
2026-09-06T23:47:03.270+01:00 INFO : Filtering template 17/96 segment 4/5
2026-09-06T23:47:03.288+01:00 INFO : 2 points above threshold
2026-09-06T23:47:03.293+01:00 INFO : Filtering template 17/96 segment 5/5
2026-09-06T23:47:03.311+01:00 INFO : 3 points above threshold
2026-09-06T23:47:03.319+01:00 INFO : 17: generating IMRPhenomD from 30.0 Hz
2026-09-06T23:47:03.321+01:00 INFO : Decompressing waveform using inline_linear
2026-09-06T23:47:03.326+01:00 INFO : Filtering template 18/96 segment 1/5
2026-09-06T23:47:03.346+01:00 INFO : Filtering template 18/96 segment 2/5
2026-09-06T23:47:03.364+01:00 INFO : Filtering template 18/96 segment 3/5
2026-09-06T23:47:03.381+01:00 INFO : 1 points above threshold
2026-09-06T23:47:03.394+01:00 INFO : Filtering template 18/96 segment 4/5
2026-09-06T23:47:03.413+01:00 INFO : Filtering template 18/96 segment 5/5
2026-09-06T23:47:03.430+01:00 INFO : 2 points above threshold
2026-09-06T23:47:03.435+01:00 INFO : 18: generating IMRPhenomD from 30.0 Hz
2026-09-06T23:47:03.438+01:00 INFO : Decompressing waveform using inline_linear
2026-09-06T23:47:03.443+01:00 INFO : Filtering template 19/96 segment 1/5
2026-09-06T23:47:03.463+01:00 INFO : 3 points above threshold
2026-09-06T23:47:03.480+01:00 INFO : Filtering template 19/96 segment 2/5
2026-09-06T23:47:03.498+01:00 INFO : 1 points above threshold
2026-09-06T23:47:03.503+01:00 INFO : Filtering template 19/96 segment 3/5
2026-09-06T23:47:03.520+01:00 INFO : 1 points above threshold
2026-09-06T23:47:03.526+01:00 INFO : Filtering template 19/96 segment 4/5
2026-09-06T23:47:03.543+01:00 INFO : 3 points above threshold
2026-09-06T23:47:03.550+01:00 INFO : Filtering template 19/96 segment 5/5
2026-09-06T23:47:03.568+01:00 INFO : 1 points above threshold
2026-09-06T23:47:03.574+01:00 INFO : 19: generating IMRPhenomD from 30.0 Hz
2026-09-06T23:47:03.576+01:00 INFO : Decompressing waveform using inline_linear
2026-09-06T23:47:03.581+01:00 INFO : Filtering template 20/96 segment 1/5
2026-09-06T23:47:03.601+01:00 INFO : 1 points above threshold
2026-09-06T23:47:03.616+01:00 INFO : Filtering template 20/96 segment 2/5
2026-09-06T23:47:03.634+01:00 INFO : 3 points above threshold
2026-09-06T23:47:03.641+01:00 INFO : Filtering template 20/96 segment 3/5
2026-09-06T23:47:03.658+01:00 INFO : Filtering template 20/96 segment 4/5
2026-09-06T23:47:03.676+01:00 INFO : 2 points above threshold
2026-09-06T23:47:03.681+01:00 INFO : Filtering template 20/96 segment 5/5
2026-09-06T23:47:03.699+01:00 INFO : 20: generating IMRPhenomD from 30.0 Hz
2026-09-06T23:47:03.702+01:00 INFO : Decompressing waveform using inline_linear
2026-09-06T23:47:03.707+01:00 INFO : Filtering template 21/96 segment 1/5
2026-09-06T23:47:03.727+01:00 INFO : 1 points above threshold
2026-09-06T23:47:03.742+01:00 INFO : Filtering template 21/96 segment 2/5
2026-09-06T23:47:03.759+01:00 INFO : 1 points above threshold
2026-09-06T23:47:03.765+01:00 INFO : Filtering template 21/96 segment 3/5
2026-09-06T23:47:03.782+01:00 INFO : 1 points above threshold
2026-09-06T23:47:03.787+01:00 INFO : Filtering template 21/96 segment 4/5
2026-09-06T23:47:03.805+01:00 INFO : Filtering template 21/96 segment 5/5
2026-09-06T23:47:03.823+01:00 INFO : 21: generating IMRPhenomD from 30.0 Hz
2026-09-06T23:47:03.826+01:00 INFO : Decompressing waveform using inline_linear
2026-09-06T23:47:03.831+01:00 INFO : Filtering template 22/96 segment 1/5
2026-09-06T23:47:03.851+01:00 INFO : 5 points above threshold
2026-09-06T23:47:03.868+01:00 INFO : Filtering template 22/96 segment 2/5
2026-09-06T23:47:03.886+01:00 INFO : Filtering template 22/96 segment 3/5
2026-09-06T23:47:03.904+01:00 INFO : Filtering template 22/96 segment 4/5
2026-09-06T23:47:03.922+01:00 INFO : 1 points above threshold
2026-09-06T23:47:03.927+01:00 INFO : Filtering template 22/96 segment 5/5
2026-09-06T23:47:03.945+01:00 INFO : 1 points above threshold
2026-09-06T23:47:03.951+01:00 INFO : 22: generating IMRPhenomD from 30.0 Hz
2026-09-06T23:47:03.954+01:00 INFO : Decompressing waveform using inline_linear
2026-09-06T23:47:03.958+01:00 INFO : Filtering template 23/96 segment 1/5
2026-09-06T23:47:03.979+01:00 INFO : 2 points above threshold
2026-09-06T23:47:03.993+01:00 INFO : Filtering template 23/96 segment 2/5
2026-09-06T23:47:04.011+01:00 INFO : 1 points above threshold
2026-09-06T23:47:04.016+01:00 INFO : Filtering template 23/96 segment 3/5
2026-09-06T23:47:04.034+01:00 INFO : 1 points above threshold
2026-09-06T23:47:04.040+01:00 INFO : Filtering template 23/96 segment 4/5
2026-09-06T23:47:04.057+01:00 INFO : Filtering template 23/96 segment 5/5
2026-09-06T23:47:04.075+01:00 INFO : 23: generating IMRPhenomD from 30.0 Hz
2026-09-06T23:47:04.078+01:00 INFO : Decompressing waveform using inline_linear
2026-09-06T23:47:04.083+01:00 INFO : Filtering template 24/96 segment 1/5
2026-09-06T23:47:04.103+01:00 INFO : 1 points above threshold
2026-09-06T23:47:04.118+01:00 INFO : Filtering template 24/96 segment 2/5
2026-09-06T23:47:04.136+01:00 INFO : 2 points above threshold
2026-09-06T23:47:04.141+01:00 INFO : Filtering template 24/96 segment 3/5
2026-09-06T23:47:04.159+01:00 INFO : 1 points above threshold
2026-09-06T23:47:04.164+01:00 INFO : Filtering template 24/96 segment 4/5
2026-09-06T23:47:04.182+01:00 INFO : Filtering template 24/96 segment 5/5
2026-09-06T23:47:04.200+01:00 INFO : 2 points above threshold
2026-09-06T23:47:04.205+01:00 INFO : 24: generating IMRPhenomD from 30.0 Hz
2026-09-06T23:47:04.208+01:00 INFO : Decompressing waveform using inline_linear
2026-09-06T23:47:04.213+01:00 INFO : Filtering template 25/96 segment 1/5
2026-09-06T23:47:04.233+01:00 INFO : 2 points above threshold
2026-09-06T23:47:04.249+01:00 INFO : Filtering template 25/96 segment 2/5
2026-09-06T23:47:04.267+01:00 INFO : Filtering template 25/96 segment 3/5
2026-09-06T23:47:04.285+01:00 INFO : Filtering template 25/96 segment 4/5
2026-09-06T23:47:04.303+01:00 INFO : Filtering template 25/96 segment 5/5
2026-09-06T23:47:04.322+01:00 INFO : 25: generating IMRPhenomD from 30.0 Hz
2026-09-06T23:47:04.324+01:00 INFO : Decompressing waveform using inline_linear
2026-09-06T23:47:04.329+01:00 INFO : Filtering template 26/96 segment 1/5
2026-09-06T23:47:04.350+01:00 INFO : Filtering template 26/96 segment 2/5
2026-09-06T23:47:04.367+01:00 INFO : 2 points above threshold
2026-09-06T23:47:04.382+01:00 INFO : Filtering template 26/96 segment 3/5
2026-09-06T23:47:04.400+01:00 INFO : Filtering template 26/96 segment 4/5
2026-09-06T23:47:04.418+01:00 INFO : 2 points above threshold
2026-09-06T23:47:04.423+01:00 INFO : Filtering template 26/96 segment 5/5
2026-09-06T23:47:04.441+01:00 INFO : 2 points above threshold
2026-09-06T23:47:04.446+01:00 INFO : 26: generating IMRPhenomD from 30.0 Hz
2026-09-06T23:47:04.449+01:00 INFO : Decompressing waveform using inline_linear
2026-09-06T23:47:04.454+01:00 INFO : Filtering template 27/96 segment 1/5
2026-09-06T23:47:04.474+01:00 INFO : 3 points above threshold
2026-09-06T23:47:04.491+01:00 INFO : Filtering template 27/96 segment 2/5
2026-09-06T23:47:04.509+01:00 INFO : Filtering template 27/96 segment 3/5
2026-09-06T23:47:04.527+01:00 INFO : 1 points above threshold
2026-09-06T23:47:04.532+01:00 INFO : Filtering template 27/96 segment 4/5
2026-09-06T23:47:04.550+01:00 INFO : Filtering template 27/96 segment 5/5
2026-09-06T23:47:04.568+01:00 INFO : 27: generating IMRPhenomD from 30.0 Hz
2026-09-06T23:47:04.570+01:00 INFO : Decompressing waveform using inline_linear
2026-09-06T23:47:04.575+01:00 INFO : Filtering template 28/96 segment 1/5
2026-09-06T23:47:04.596+01:00 INFO : 3 points above threshold
2026-09-06T23:47:04.612+01:00 INFO : Filtering template 28/96 segment 2/5
2026-09-06T23:47:04.630+01:00 INFO : 1 points above threshold
2026-09-06T23:47:04.635+01:00 INFO : Filtering template 28/96 segment 3/5
2026-09-06T23:47:04.653+01:00 INFO : 2 points above threshold
2026-09-06T23:47:04.658+01:00 INFO : Filtering template 28/96 segment 4/5
2026-09-06T23:47:04.676+01:00 INFO : 1 points above threshold
2026-09-06T23:47:04.681+01:00 INFO : Filtering template 28/96 segment 5/5
2026-09-06T23:47:04.699+01:00 INFO : 28: generating IMRPhenomD from 30.0 Hz
2026-09-06T23:47:04.702+01:00 INFO : Decompressing waveform using inline_linear
2026-09-06T23:47:04.707+01:00 INFO : Filtering template 29/96 segment 1/5
2026-09-06T23:47:04.727+01:00 INFO : 2 points above threshold
2026-09-06T23:47:04.742+01:00 INFO : Filtering template 29/96 segment 2/5
2026-09-06T23:47:04.760+01:00 INFO : 2 points above threshold
2026-09-06T23:47:04.765+01:00 INFO : Filtering template 29/96 segment 3/5
2026-09-06T23:47:04.783+01:00 INFO : 1 points above threshold
2026-09-06T23:47:04.788+01:00 INFO : Filtering template 29/96 segment 4/5
2026-09-06T23:47:04.806+01:00 INFO : 2 points above threshold
2026-09-06T23:47:04.811+01:00 INFO : Filtering template 29/96 segment 5/5
2026-09-06T23:47:04.829+01:00 INFO : 2 points above threshold
2026-09-06T23:47:04.834+01:00 INFO : 29: generating IMRPhenomD from 30.0 Hz
2026-09-06T23:47:04.837+01:00 INFO : Decompressing waveform using inline_linear
2026-09-06T23:47:04.842+01:00 INFO : Filtering template 30/96 segment 1/5
2026-09-06T23:47:04.862+01:00 INFO : 1 points above threshold
2026-09-06T23:47:04.877+01:00 INFO : Filtering template 30/96 segment 2/5
2026-09-06T23:47:04.894+01:00 INFO : 1 points above threshold
2026-09-06T23:47:04.900+01:00 INFO : Filtering template 30/96 segment 3/5
2026-09-06T23:47:04.918+01:00 INFO : 1 points above threshold
2026-09-06T23:47:04.923+01:00 INFO : Filtering template 30/96 segment 4/5
2026-09-06T23:47:04.941+01:00 INFO : Filtering template 30/96 segment 5/5
2026-09-06T23:47:04.959+01:00 INFO : 30: generating IMRPhenomD from 30.0 Hz
2026-09-06T23:47:04.961+01:00 INFO : Decompressing waveform using inline_linear
2026-09-06T23:47:04.966+01:00 INFO : Filtering template 31/96 segment 1/5
2026-09-06T23:47:04.987+01:00 INFO : Filtering template 31/96 segment 2/5
2026-09-06T23:47:05.005+01:00 INFO : 1 points above threshold
2026-09-06T23:47:05.019+01:00 INFO : Filtering template 31/96 segment 3/5
2026-09-06T23:47:05.038+01:00 INFO : Filtering template 31/96 segment 4/5
2026-09-06T23:47:05.056+01:00 INFO : 1 points above threshold
2026-09-06T23:47:05.061+01:00 INFO : Filtering template 31/96 segment 5/5
2026-09-06T23:47:05.079+01:00 INFO : 1 points above threshold
2026-09-06T23:47:05.084+01:00 INFO : 31: generating IMRPhenomD from 30.0 Hz
2026-09-06T23:47:05.087+01:00 INFO : Decompressing waveform using inline_linear
2026-09-06T23:47:05.092+01:00 INFO : Filtering template 32/96 segment 1/5
2026-09-06T23:47:05.112+01:00 INFO : Filtering template 32/96 segment 2/5
2026-09-06T23:47:05.130+01:00 INFO : Filtering template 32/96 segment 3/5
2026-09-06T23:47:05.148+01:00 INFO : Filtering template 32/96 segment 4/5
2026-09-06T23:47:05.166+01:00 INFO : 3 points above threshold
2026-09-06T23:47:05.183+01:00 INFO : Filtering template 32/96 segment 5/5
2026-09-06T23:47:05.201+01:00 INFO : 2 points above threshold
2026-09-06T23:47:05.206+01:00 INFO : 32: generating IMRPhenomD from 30.0 Hz
2026-09-06T23:47:05.209+01:00 INFO : Decompressing waveform using inline_linear
2026-09-06T23:47:05.214+01:00 INFO : Filtering template 33/96 segment 1/5
2026-09-06T23:47:05.234+01:00 INFO : 2 points above threshold
2026-09-06T23:47:05.248+01:00 INFO : Filtering template 33/96 segment 2/5
2026-09-06T23:47:05.266+01:00 INFO : Filtering template 33/96 segment 3/5
2026-09-06T23:47:05.284+01:00 INFO : Filtering template 33/96 segment 4/5
2026-09-06T23:47:05.302+01:00 INFO : 1 points above threshold
2026-09-06T23:47:05.308+01:00 INFO : Filtering template 33/96 segment 5/5
2026-09-06T23:47:05.326+01:00 INFO : 33: generating IMRPhenomD from 30.0 Hz
2026-09-06T23:47:05.329+01:00 INFO : Decompressing waveform using inline_linear
2026-09-06T23:47:05.334+01:00 INFO : Filtering template 34/96 segment 1/5
2026-09-06T23:47:05.354+01:00 INFO : Filtering template 34/96 segment 2/5
2026-09-06T23:47:05.372+01:00 INFO : 1 points above threshold
2026-09-06T23:47:05.387+01:00 INFO : Filtering template 34/96 segment 3/5
2026-09-06T23:47:05.404+01:00 INFO : 1 points above threshold
2026-09-06T23:47:05.410+01:00 INFO : Filtering template 34/96 segment 4/5
2026-09-06T23:47:05.427+01:00 INFO : Filtering template 34/96 segment 5/5
2026-09-06T23:47:05.445+01:00 INFO : 1 points above threshold
2026-09-06T23:47:05.450+01:00 INFO : 34: generating IMRPhenomD from 30.0 Hz
2026-09-06T23:47:05.453+01:00 INFO : Decompressing waveform using inline_linear
2026-09-06T23:47:05.458+01:00 INFO : Filtering template 35/96 segment 1/5
2026-09-06T23:47:05.478+01:00 INFO : 1 points above threshold
2026-09-06T23:47:05.493+01:00 INFO : Filtering template 35/96 segment 2/5
2026-09-06T23:47:05.511+01:00 INFO : 1 points above threshold
2026-09-06T23:47:05.516+01:00 INFO : Filtering template 35/96 segment 3/5
2026-09-06T23:47:05.534+01:00 INFO : 1 points above threshold
2026-09-06T23:47:05.539+01:00 INFO : Filtering template 35/96 segment 4/5
2026-09-06T23:47:05.557+01:00 INFO : Filtering template 35/96 segment 5/5
2026-09-06T23:47:05.575+01:00 INFO : 35: generating IMRPhenomD from 30.0 Hz
2026-09-06T23:47:05.578+01:00 INFO : Decompressing waveform using inline_linear
2026-09-06T23:47:05.582+01:00 INFO : Filtering template 36/96 segment 1/5
2026-09-06T23:47:05.602+01:00 INFO : 3 points above threshold
2026-09-06T23:47:05.619+01:00 INFO : Filtering template 36/96 segment 2/5
2026-09-06T23:47:05.637+01:00 INFO : 1 points above threshold
2026-09-06T23:47:05.642+01:00 INFO : Filtering template 36/96 segment 3/5
2026-09-06T23:47:05.660+01:00 INFO : 2 points above threshold
2026-09-06T23:47:05.665+01:00 INFO : Filtering template 36/96 segment 4/5
2026-09-06T23:47:05.682+01:00 INFO : Filtering template 36/96 segment 5/5
2026-09-06T23:47:05.700+01:00 INFO : 1 points above threshold
2026-09-06T23:47:05.706+01:00 INFO : 36: generating IMRPhenomD from 30.0 Hz
2026-09-06T23:47:05.709+01:00 INFO : Decompressing waveform using inline_linear
2026-09-06T23:47:05.713+01:00 INFO : Filtering template 37/96 segment 1/5
2026-09-06T23:47:05.733+01:00 INFO : 2 points above threshold
2026-09-06T23:47:05.748+01:00 INFO : Filtering template 37/96 segment 2/5
2026-09-06T23:47:05.765+01:00 INFO : 3 points above threshold
2026-09-06T23:47:05.773+01:00 INFO : Filtering template 37/96 segment 3/5
2026-09-06T23:47:05.791+01:00 INFO : 1 points above threshold
2026-09-06T23:47:05.796+01:00 INFO : Filtering template 37/96 segment 4/5
2026-09-06T23:47:05.814+01:00 INFO : 3 points above threshold
2026-09-06T23:47:05.821+01:00 INFO : Filtering template 37/96 segment 5/5
2026-09-06T23:47:05.839+01:00 INFO : 37: generating IMRPhenomD from 30.0 Hz
2026-09-06T23:47:05.842+01:00 INFO : Decompressing waveform using inline_linear
2026-09-06T23:47:05.847+01:00 INFO : Filtering template 38/96 segment 1/5
2026-09-06T23:47:05.867+01:00 INFO : Filtering template 38/96 segment 2/5
2026-09-06T23:47:05.885+01:00 INFO : Filtering template 38/96 segment 3/5
2026-09-06T23:47:05.905+01:00 INFO : 1 points above threshold
2026-09-06T23:47:05.920+01:00 INFO : Filtering template 38/96 segment 4/5
2026-09-06T23:47:05.939+01:00 INFO : 1 points above threshold
2026-09-06T23:47:05.944+01:00 INFO : Filtering template 38/96 segment 5/5
2026-09-06T23:47:05.969+01:00 INFO : 1 points above threshold
2026-09-06T23:47:05.976+01:00 INFO : 38: generating IMRPhenomD from 30.0 Hz
2026-09-06T23:47:05.980+01:00 INFO : Decompressing waveform using inline_linear
2026-09-06T23:47:05.986+01:00 INFO : Filtering template 39/96 segment 1/5
2026-09-06T23:47:06.007+01:00 INFO : Filtering template 39/96 segment 2/5
2026-09-06T23:47:06.026+01:00 INFO : 2 points above threshold
2026-09-06T23:47:06.041+01:00 INFO : Filtering template 39/96 segment 3/5
2026-09-06T23:47:06.058+01:00 INFO : Filtering template 39/96 segment 4/5
2026-09-06T23:47:06.076+01:00 INFO : 2 points above threshold
2026-09-06T23:47:06.081+01:00 INFO : Filtering template 39/96 segment 5/5
2026-09-06T23:47:06.099+01:00 INFO : 39: generating IMRPhenomD from 30.0 Hz
2026-09-06T23:47:06.102+01:00 INFO : Decompressing waveform using inline_linear
2026-09-06T23:47:06.107+01:00 INFO : Filtering template 40/96 segment 1/5
2026-09-06T23:47:06.127+01:00 INFO : Filtering template 40/96 segment 2/5
2026-09-06T23:47:06.145+01:00 INFO : Filtering template 40/96 segment 3/5
2026-09-06T23:47:06.162+01:00 INFO : Filtering template 40/96 segment 4/5
2026-09-06T23:47:06.181+01:00 INFO : 2 points above threshold
2026-09-06T23:47:06.195+01:00 INFO : Filtering template 40/96 segment 5/5
2026-09-06T23:47:06.213+01:00 INFO : 40: generating IMRPhenomD from 30.0 Hz
2026-09-06T23:47:06.216+01:00 INFO : Decompressing waveform using inline_linear
2026-09-06T23:47:06.221+01:00 INFO : Filtering template 41/96 segment 1/5
2026-09-06T23:47:06.240+01:00 INFO : Filtering template 41/96 segment 2/5
2026-09-06T23:47:06.259+01:00 INFO : Filtering template 41/96 segment 3/5
2026-09-06T23:47:06.276+01:00 INFO : 2 points above threshold
2026-09-06T23:47:06.292+01:00 INFO : Filtering template 41/96 segment 4/5
2026-09-06T23:47:06.310+01:00 INFO : 2 points above threshold
2026-09-06T23:47:06.315+01:00 INFO : Filtering template 41/96 segment 5/5
2026-09-06T23:47:06.333+01:00 INFO : 41: generating IMRPhenomD from 30.0 Hz
2026-09-06T23:47:06.336+01:00 INFO : Decompressing waveform using inline_linear
2026-09-06T23:47:06.341+01:00 INFO : Filtering template 42/96 segment 1/5
2026-09-06T23:47:06.361+01:00 INFO : Filtering template 42/96 segment 2/5
2026-09-06T23:47:06.379+01:00 INFO : 1 points above threshold
2026-09-06T23:47:06.393+01:00 INFO : Filtering template 42/96 segment 3/5
2026-09-06T23:47:06.411+01:00 INFO : Filtering template 42/96 segment 4/5
2026-09-06T23:47:06.429+01:00 INFO : 1 points above threshold
2026-09-06T23:47:06.435+01:00 INFO : Filtering template 42/96 segment 5/5
2026-09-06T23:47:06.452+01:00 INFO : 1 points above threshold
2026-09-06T23:47:06.458+01:00 INFO : 42: generating IMRPhenomD from 30.0 Hz
2026-09-06T23:47:06.460+01:00 INFO : Decompressing waveform using inline_linear
2026-09-06T23:47:06.465+01:00 INFO : Filtering template 43/96 segment 1/5
2026-09-06T23:47:06.485+01:00 INFO : 1 points above threshold
2026-09-06T23:47:06.500+01:00 INFO : Filtering template 43/96 segment 2/5
2026-09-06T23:47:06.518+01:00 INFO : 2 points above threshold
2026-09-06T23:47:06.523+01:00 INFO : Filtering template 43/96 segment 3/5
2026-09-06T23:47:06.541+01:00 INFO : 1 points above threshold
2026-09-06T23:47:06.546+01:00 INFO : Filtering template 43/96 segment 4/5
2026-09-06T23:47:06.563+01:00 INFO : Filtering template 43/96 segment 5/5
2026-09-06T23:47:06.582+01:00 INFO : 43: generating IMRPhenomD from 30.0 Hz
2026-09-06T23:47:06.596+01:00 INFO : Decompressing waveform using inline_linear
2026-09-06T23:47:06.601+01:00 INFO : Filtering template 44/96 segment 1/5
2026-09-06T23:47:06.629+01:00 INFO : 1 points above threshold
2026-09-06T23:47:06.647+01:00 INFO : Filtering template 44/96 segment 2/5
2026-09-06T23:47:06.665+01:00 INFO : Filtering template 44/96 segment 3/5
2026-09-06T23:47:06.683+01:00 INFO : Filtering template 44/96 segment 4/5
2026-09-06T23:47:06.701+01:00 INFO : 1 points above threshold
2026-09-06T23:47:06.706+01:00 INFO : Filtering template 44/96 segment 5/5
2026-09-06T23:47:06.724+01:00 INFO : 44: generating IMRPhenomD from 30.0 Hz
2026-09-06T23:47:06.726+01:00 INFO : Decompressing waveform using inline_linear
2026-09-06T23:47:06.731+01:00 INFO : Filtering template 45/96 segment 1/5
2026-09-06T23:47:06.752+01:00 INFO : 2 points above threshold
2026-09-06T23:47:06.766+01:00 INFO : Filtering template 45/96 segment 2/5
2026-09-06T23:47:06.784+01:00 INFO : 1 points above threshold
2026-09-06T23:47:06.789+01:00 INFO : Filtering template 45/96 segment 3/5
2026-09-06T23:47:06.807+01:00 INFO : 1 points above threshold
2026-09-06T23:47:06.812+01:00 INFO : Filtering template 45/96 segment 4/5
2026-09-06T23:47:06.830+01:00 INFO : Filtering template 45/96 segment 5/5
2026-09-06T23:47:06.848+01:00 INFO : 45: generating IMRPhenomD from 30.0 Hz
2026-09-06T23:47:06.850+01:00 INFO : Decompressing waveform using inline_linear
2026-09-06T23:47:06.855+01:00 INFO : Filtering template 46/96 segment 1/5
2026-09-06T23:47:06.875+01:00 INFO : Filtering template 46/96 segment 2/5
2026-09-06T23:47:06.893+01:00 INFO : Filtering template 46/96 segment 3/5
2026-09-06T23:47:06.911+01:00 INFO : 1 points above threshold
2026-09-06T23:47:06.926+01:00 INFO : Filtering template 46/96 segment 4/5
2026-09-06T23:47:06.943+01:00 INFO : 3 points above threshold
2026-09-06T23:47:06.950+01:00 INFO : Filtering template 46/96 segment 5/5
2026-09-06T23:47:06.968+01:00 INFO : 1 points above threshold
2026-09-06T23:47:06.973+01:00 INFO : 46: generating IMRPhenomD from 30.0 Hz
2026-09-06T23:47:06.976+01:00 INFO : Decompressing waveform using inline_linear
2026-09-06T23:47:06.981+01:00 INFO : Filtering template 47/96 segment 1/5
2026-09-06T23:47:07.001+01:00 INFO : 3 points above threshold
2026-09-06T23:47:07.017+01:00 INFO : Filtering template 47/96 segment 2/5
2026-09-06T23:47:07.035+01:00 INFO : Filtering template 47/96 segment 3/5
2026-09-06T23:47:07.053+01:00 INFO : 2 points above threshold
2026-09-06T23:47:07.058+01:00 INFO : Filtering template 47/96 segment 4/5
2026-09-06T23:47:07.076+01:00 INFO : 1 points above threshold
2026-09-06T23:47:07.083+01:00 INFO : Filtering template 47/96 segment 5/5
2026-09-06T23:47:07.100+01:00 INFO : 1 points above threshold
2026-09-06T23:47:07.105+01:00 INFO : 47: generating IMRPhenomD from 30.0 Hz
2026-09-06T23:47:07.108+01:00 INFO : Decompressing waveform using inline_linear
2026-09-06T23:47:07.113+01:00 INFO : Filtering template 48/96 segment 1/5
2026-09-06T23:47:07.133+01:00 INFO : 3 points above threshold
2026-09-06T23:47:07.150+01:00 INFO : Filtering template 48/96 segment 2/5
2026-09-06T23:47:07.167+01:00 INFO : 1 points above threshold
2026-09-06T23:47:07.173+01:00 INFO : Filtering template 48/96 segment 3/5
2026-09-06T23:47:07.190+01:00 INFO : 1 points above threshold
2026-09-06T23:47:07.195+01:00 INFO : Filtering template 48/96 segment 4/5
2026-09-06T23:47:07.213+01:00 INFO : 2 points above threshold
2026-09-06T23:47:07.218+01:00 INFO : Filtering template 48/96 segment 5/5
2026-09-06T23:47:07.236+01:00 INFO : 1 points above threshold
2026-09-06T23:47:07.241+01:00 INFO : 48: generating IMRPhenomD from 30.0 Hz
2026-09-06T23:47:07.244+01:00 INFO : Decompressing waveform using inline_linear
2026-09-06T23:47:07.249+01:00 INFO : Filtering template 49/96 segment 1/5
2026-09-06T23:47:07.269+01:00 INFO : 1 points above threshold
2026-09-06T23:47:07.284+01:00 INFO : Filtering template 49/96 segment 2/5
2026-09-06T23:47:07.301+01:00 INFO : 1 points above threshold
2026-09-06T23:47:07.307+01:00 INFO : Filtering template 49/96 segment 3/5
2026-09-06T23:47:07.325+01:00 INFO : 2 points above threshold
2026-09-06T23:47:07.330+01:00 INFO : Filtering template 49/96 segment 4/5
2026-09-06T23:47:07.347+01:00 INFO : Filtering template 49/96 segment 5/5
2026-09-06T23:47:07.365+01:00 INFO : 49: generating IMRPhenomD from 30.0 Hz
2026-09-06T23:47:07.368+01:00 INFO : Decompressing waveform using inline_linear
2026-09-06T23:47:07.373+01:00 INFO : Filtering template 50/96 segment 1/5
2026-09-06T23:47:07.393+01:00 INFO : Filtering template 50/96 segment 2/5
2026-09-06T23:47:07.411+01:00 INFO : 2 points above threshold
2026-09-06T23:47:07.426+01:00 INFO : Filtering template 50/96 segment 3/5
2026-09-06T23:47:07.443+01:00 INFO : 4 points above threshold
2026-09-06T23:47:07.448+01:00 INFO : Filtering template 50/96 segment 4/5
2026-09-06T23:47:07.467+01:00 INFO : 2 points above threshold
2026-09-06T23:47:07.472+01:00 INFO : Filtering template 50/96 segment 5/5
2026-09-06T23:47:07.490+01:00 INFO : 50: generating IMRPhenomD from 30.0 Hz
2026-09-06T23:47:07.492+01:00 INFO : Decompressing waveform using inline_linear
2026-09-06T23:47:07.497+01:00 INFO : Filtering template 51/96 segment 1/5
2026-09-06T23:47:07.517+01:00 INFO : 1 points above threshold
2026-09-06T23:47:07.532+01:00 INFO : Filtering template 51/96 segment 2/5
2026-09-06T23:47:07.550+01:00 INFO : 1 points above threshold
2026-09-06T23:47:07.555+01:00 INFO : Filtering template 51/96 segment 3/5
2026-09-06T23:47:07.573+01:00 INFO : Filtering template 51/96 segment 4/5
2026-09-06T23:47:07.591+01:00 INFO : 1 points above threshold
2026-09-06T23:47:07.596+01:00 INFO : Filtering template 51/96 segment 5/5
2026-09-06T23:47:07.613+01:00 INFO : 2 points above threshold
2026-09-06T23:47:07.619+01:00 INFO : 51: generating IMRPhenomD from 30.0 Hz
2026-09-06T23:47:07.622+01:00 INFO : Decompressing waveform using inline_linear
2026-09-06T23:47:07.627+01:00 INFO : Filtering template 52/96 segment 1/5
2026-09-06T23:47:07.647+01:00 INFO : 1 points above threshold
2026-09-06T23:47:07.661+01:00 INFO : Filtering template 52/96 segment 2/5
2026-09-06T23:47:07.679+01:00 INFO : 1 points above threshold
2026-09-06T23:47:07.684+01:00 INFO : Filtering template 52/96 segment 3/5
2026-09-06T23:47:07.702+01:00 INFO : Filtering template 52/96 segment 4/5
2026-09-06T23:47:07.720+01:00 INFO : 3 points above threshold
2026-09-06T23:47:07.727+01:00 INFO : Filtering template 52/96 segment 5/5
2026-09-06T23:47:07.744+01:00 INFO : 1 points above threshold
2026-09-06T23:47:07.750+01:00 INFO : 52: generating IMRPhenomD from 30.0 Hz
2026-09-06T23:47:07.752+01:00 INFO : Decompressing waveform using inline_linear
2026-09-06T23:47:07.757+01:00 INFO : Filtering template 53/96 segment 1/5
2026-09-06T23:47:07.777+01:00 INFO : 3 points above threshold
2026-09-06T23:47:07.794+01:00 INFO : Filtering template 53/96 segment 2/5
2026-09-06T23:47:07.811+01:00 INFO : 2 points above threshold
2026-09-06T23:47:07.817+01:00 INFO : Filtering template 53/96 segment 3/5
2026-09-06T23:47:07.834+01:00 INFO : 2 points above threshold
2026-09-06T23:47:07.839+01:00 INFO : Filtering template 53/96 segment 4/5
2026-09-06T23:47:07.857+01:00 INFO : 1 points above threshold
2026-09-06T23:47:07.862+01:00 INFO : Filtering template 53/96 segment 5/5
2026-09-06T23:47:07.880+01:00 INFO : 1 points above threshold
2026-09-06T23:47:07.886+01:00 INFO : 53: generating IMRPhenomD from 30.0 Hz
2026-09-06T23:47:07.888+01:00 INFO : Decompressing waveform using inline_linear
2026-09-06T23:47:07.893+01:00 INFO : Filtering template 54/96 segment 1/5
2026-09-06T23:47:07.913+01:00 INFO : Filtering template 54/96 segment 2/5
2026-09-06T23:47:07.931+01:00 INFO : Filtering template 54/96 segment 3/5
2026-09-06T23:47:07.949+01:00 INFO : 2 points above threshold
2026-09-06T23:47:07.963+01:00 INFO : Filtering template 54/96 segment 4/5
2026-09-06T23:47:07.981+01:00 INFO : 5 points above threshold
2026-09-06T23:47:07.988+01:00 INFO : Filtering template 54/96 segment 5/5
2026-09-06T23:47:08.006+01:00 INFO : 54: generating IMRPhenomD from 30.0 Hz
2026-09-06T23:47:08.009+01:00 INFO : Decompressing waveform using inline_linear
2026-09-06T23:47:08.014+01:00 INFO : Filtering template 55/96 segment 1/5
2026-09-06T23:47:08.034+01:00 INFO : Filtering template 55/96 segment 2/5
2026-09-06T23:47:08.052+01:00 INFO : 1 points above threshold
2026-09-06T23:47:08.067+01:00 INFO : Filtering template 55/96 segment 3/5
2026-09-06T23:47:08.085+01:00 INFO : 3 points above threshold
2026-09-06T23:47:08.091+01:00 INFO : Filtering template 55/96 segment 4/5
2026-09-06T23:47:08.110+01:00 INFO : 1 points above threshold
2026-09-06T23:47:08.115+01:00 INFO : Filtering template 55/96 segment 5/5
2026-09-06T23:47:08.132+01:00 INFO : 1 points above threshold
2026-09-06T23:47:08.138+01:00 INFO : 55: generating IMRPhenomD from 30.0 Hz
2026-09-06T23:47:08.140+01:00 INFO : Decompressing waveform using inline_linear
2026-09-06T23:47:08.145+01:00 INFO : Filtering template 56/96 segment 1/5
2026-09-06T23:47:08.165+01:00 INFO : 1 points above threshold
2026-09-06T23:47:08.180+01:00 INFO : Filtering template 56/96 segment 2/5
2026-09-06T23:47:08.198+01:00 INFO : 1 points above threshold
2026-09-06T23:47:08.203+01:00 INFO : Filtering template 56/96 segment 3/5
2026-09-06T23:47:08.221+01:00 INFO : 3 points above threshold
2026-09-06T23:47:08.228+01:00 INFO : Filtering template 56/96 segment 4/5
2026-09-06T23:47:08.245+01:00 INFO : Filtering template 56/96 segment 5/5
2026-09-06T23:47:08.264+01:00 INFO : 1 points above threshold
2026-09-06T23:47:08.269+01:00 INFO : 56: generating IMRPhenomD from 30.0 Hz
2026-09-06T23:47:08.272+01:00 INFO : Decompressing waveform using inline_linear
2026-09-06T23:47:08.276+01:00 INFO : Filtering template 57/96 segment 1/5
2026-09-06T23:47:08.296+01:00 INFO : 1 points above threshold
2026-09-06T23:47:08.311+01:00 INFO : Filtering template 57/96 segment 2/5
2026-09-06T23:47:08.329+01:00 INFO : 2 points above threshold
2026-09-06T23:47:08.334+01:00 INFO : Filtering template 57/96 segment 3/5
2026-09-06T23:47:08.352+01:00 INFO : 2 points above threshold
2026-09-06T23:47:08.357+01:00 INFO : Filtering template 57/96 segment 4/5
2026-09-06T23:47:08.375+01:00 INFO : 2 points above threshold
2026-09-06T23:47:08.380+01:00 INFO : Filtering template 57/96 segment 5/5
2026-09-06T23:47:08.398+01:00 INFO : 57: generating IMRPhenomD from 30.0 Hz
2026-09-06T23:47:08.401+01:00 INFO : Decompressing waveform using inline_linear
2026-09-06T23:47:08.405+01:00 INFO : Filtering template 58/96 segment 1/5
2026-09-06T23:47:08.426+01:00 INFO : 1 points above threshold
2026-09-06T23:47:08.441+01:00 INFO : Filtering template 58/96 segment 2/5
2026-09-06T23:47:08.459+01:00 INFO : 2 points above threshold
2026-09-06T23:47:08.464+01:00 INFO : Filtering template 58/96 segment 3/5
2026-09-06T23:47:08.482+01:00 INFO : 1 points above threshold
2026-09-06T23:47:08.487+01:00 INFO : Filtering template 58/96 segment 4/5
2026-09-06T23:47:08.505+01:00 INFO : 1 points above threshold
2026-09-06T23:47:08.510+01:00 INFO : Filtering template 58/96 segment 5/5
2026-09-06T23:47:08.528+01:00 INFO : 2 points above threshold
2026-09-06T23:47:08.533+01:00 INFO : 58: generating IMRPhenomD from 30.0 Hz
2026-09-06T23:47:08.536+01:00 INFO : Decompressing waveform using inline_linear
2026-09-06T23:47:08.541+01:00 INFO : Filtering template 59/96 segment 1/5
2026-09-06T23:47:08.561+01:00 INFO : 1 points above threshold
2026-09-06T23:47:08.576+01:00 INFO : Filtering template 59/96 segment 2/5
2026-09-06T23:47:08.594+01:00 INFO : 2 points above threshold
2026-09-06T23:47:08.599+01:00 INFO : Filtering template 59/96 segment 3/5
2026-09-06T23:47:08.616+01:00 INFO : 2 points above threshold
2026-09-06T23:47:08.621+01:00 INFO : Filtering template 59/96 segment 4/5
2026-09-06T23:47:08.639+01:00 INFO : 1 points above threshold
2026-09-06T23:47:08.644+01:00 INFO : Filtering template 59/96 segment 5/5
2026-09-06T23:47:08.662+01:00 INFO : 59: generating IMRPhenomD from 30.0 Hz
2026-09-06T23:47:08.665+01:00 INFO : Decompressing waveform using inline_linear
2026-09-06T23:47:08.670+01:00 INFO : Filtering template 60/96 segment 1/5
2026-09-06T23:47:08.690+01:00 INFO : Filtering template 60/96 segment 2/5
2026-09-06T23:47:08.708+01:00 INFO : Filtering template 60/96 segment 3/5
2026-09-06T23:47:08.725+01:00 INFO : 1 points above threshold
2026-09-06T23:47:08.741+01:00 INFO : Filtering template 60/96 segment 4/5
2026-09-06T23:47:08.758+01:00 INFO : 2 points above threshold
2026-09-06T23:47:08.763+01:00 INFO : Filtering template 60/96 segment 5/5
2026-09-06T23:47:08.781+01:00 INFO : 60: generating IMRPhenomD from 30.0 Hz
2026-09-06T23:47:08.784+01:00 INFO : Decompressing waveform using inline_linear
2026-09-06T23:47:08.789+01:00 INFO : Filtering template 61/96 segment 1/5
2026-09-06T23:47:08.809+01:00 INFO : Filtering template 61/96 segment 2/5
2026-09-06T23:47:08.827+01:00 INFO : 2 points above threshold
2026-09-06T23:47:08.841+01:00 INFO : Filtering template 61/96 segment 3/5
2026-09-06T23:47:08.859+01:00 INFO : 1 points above threshold
2026-09-06T23:47:08.864+01:00 INFO : Filtering template 61/96 segment 4/5
2026-09-06T23:47:08.882+01:00 INFO : 1 points above threshold
2026-09-06T23:47:08.887+01:00 INFO : Filtering template 61/96 segment 5/5
2026-09-06T23:47:08.906+01:00 INFO : 61: generating IMRPhenomD from 30.0 Hz
2026-09-06T23:47:08.908+01:00 INFO : Decompressing waveform using inline_linear
2026-09-06T23:47:08.913+01:00 INFO : Filtering template 62/96 segment 1/5
2026-09-06T23:47:08.933+01:00 INFO : 2 points above threshold
2026-09-06T23:47:08.948+01:00 INFO : Filtering template 62/96 segment 2/5
2026-09-06T23:47:08.965+01:00 INFO : Filtering template 62/96 segment 3/5
2026-09-06T23:47:08.983+01:00 INFO : Filtering template 62/96 segment 4/5
2026-09-06T23:47:09.001+01:00 INFO : 5 points above threshold
2026-09-06T23:47:09.008+01:00 INFO : Filtering template 62/96 segment 5/5
2026-09-06T23:47:09.026+01:00 INFO : 62: generating IMRPhenomD from 30.0 Hz
2026-09-06T23:47:09.029+01:00 INFO : Decompressing waveform using inline_linear
2026-09-06T23:47:09.034+01:00 INFO : Filtering template 63/96 segment 1/5
2026-09-06T23:47:09.054+01:00 INFO : Filtering template 63/96 segment 2/5
2026-09-06T23:47:09.072+01:00 INFO : 1 points above threshold
2026-09-06T23:47:09.087+01:00 INFO : Filtering template 63/96 segment 3/5
2026-09-06T23:47:09.104+01:00 INFO : 2 points above threshold
2026-09-06T23:47:09.109+01:00 INFO : Filtering template 63/96 segment 4/5
2026-09-06T23:47:09.127+01:00 INFO : 1 points above threshold
2026-09-06T23:47:09.133+01:00 INFO : Filtering template 63/96 segment 5/5
2026-09-06T23:47:09.150+01:00 INFO : 1 points above threshold
2026-09-06T23:47:09.156+01:00 INFO : 63: generating IMRPhenomD from 30.0 Hz
2026-09-06T23:47:09.158+01:00 INFO : Decompressing waveform using inline_linear
2026-09-06T23:47:09.163+01:00 INFO : Filtering template 64/96 segment 1/5
2026-09-06T23:47:09.183+01:00 INFO : 2 points above threshold
2026-09-06T23:47:09.198+01:00 INFO : Filtering template 64/96 segment 2/5
2026-09-06T23:47:09.216+01:00 INFO : 1 points above threshold
2026-09-06T23:47:09.221+01:00 INFO : Filtering template 64/96 segment 3/5
2026-09-06T23:47:09.239+01:00 INFO : Filtering template 64/96 segment 4/5
2026-09-06T23:47:09.256+01:00 INFO : Filtering template 64/96 segment 5/5
2026-09-06T23:47:09.274+01:00 INFO : 64: generating IMRPhenomD from 30.0 Hz
2026-09-06T23:47:09.277+01:00 INFO : Decompressing waveform using inline_linear
2026-09-06T23:47:09.282+01:00 INFO : Filtering template 65/96 segment 1/5
2026-09-06T23:47:09.302+01:00 INFO : 2 points above threshold
2026-09-06T23:47:09.317+01:00 INFO : Filtering template 65/96 segment 2/5
2026-09-06T23:47:09.334+01:00 INFO : 2 points above threshold
2026-09-06T23:47:09.340+01:00 INFO : Filtering template 65/96 segment 3/5
2026-09-06T23:47:09.357+01:00 INFO : 1 points above threshold
2026-09-06T23:47:09.362+01:00 INFO : Filtering template 65/96 segment 4/5
2026-09-06T23:47:09.380+01:00 INFO : 2 points above threshold
2026-09-06T23:47:09.386+01:00 INFO : Filtering template 65/96 segment 5/5
2026-09-06T23:47:09.403+01:00 INFO : 65: generating IMRPhenomD from 30.0 Hz
2026-09-06T23:47:09.406+01:00 INFO : Decompressing waveform using inline_linear
2026-09-06T23:47:09.411+01:00 INFO : Filtering template 66/96 segment 1/5
2026-09-06T23:47:09.431+01:00 INFO : 1 points above threshold
2026-09-06T23:47:09.445+01:00 INFO : Filtering template 66/96 segment 2/5
2026-09-06T23:47:09.463+01:00 INFO : 1 points above threshold
2026-09-06T23:47:09.469+01:00 INFO : Filtering template 66/96 segment 3/5
2026-09-06T23:47:09.486+01:00 INFO : 2 points above threshold
2026-09-06T23:47:09.491+01:00 INFO : Filtering template 66/96 segment 4/5
2026-09-06T23:47:09.509+01:00 INFO : 1 points above threshold
2026-09-06T23:47:09.514+01:00 INFO : Filtering template 66/96 segment 5/5
2026-09-06T23:47:09.532+01:00 INFO : 66: generating IMRPhenomD from 30.0 Hz
2026-09-06T23:47:09.535+01:00 INFO : Decompressing waveform using inline_linear
2026-09-06T23:47:09.540+01:00 INFO : Filtering template 67/96 segment 1/5
2026-09-06T23:47:09.560+01:00 INFO : 3 points above threshold
2026-09-06T23:47:09.576+01:00 INFO : Filtering template 67/96 segment 2/5
2026-09-06T23:47:09.594+01:00 INFO : Filtering template 67/96 segment 3/5
2026-09-06T23:47:09.612+01:00 INFO : 1 points above threshold
2026-09-06T23:47:09.618+01:00 INFO : Filtering template 67/96 segment 4/5
2026-09-06T23:47:09.635+01:00 INFO : Filtering template 67/96 segment 5/5
2026-09-06T23:47:09.653+01:00 INFO : 67: generating IMRPhenomD from 30.0 Hz
2026-09-06T23:47:09.656+01:00 INFO : Decompressing waveform using inline_linear
2026-09-06T23:47:09.661+01:00 INFO : Filtering template 68/96 segment 1/5
2026-09-06T23:47:09.680+01:00 INFO : 1 points above threshold
2026-09-06T23:47:09.696+01:00 INFO : Filtering template 68/96 segment 2/5
2026-09-06T23:47:09.713+01:00 INFO : 1 points above threshold
2026-09-06T23:47:09.718+01:00 INFO : Filtering template 68/96 segment 3/5
2026-09-06T23:47:09.736+01:00 INFO : 1 points above threshold
2026-09-06T23:47:09.741+01:00 INFO : Filtering template 68/96 segment 4/5
2026-09-06T23:47:09.759+01:00 INFO : 1 points above threshold
2026-09-06T23:47:09.764+01:00 INFO : Filtering template 68/96 segment 5/5
2026-09-06T23:47:09.782+01:00 INFO : 1 points above threshold
2026-09-06T23:47:09.787+01:00 INFO : 68: generating IMRPhenomD from 30.0 Hz
2026-09-06T23:47:09.790+01:00 INFO : Decompressing waveform using inline_linear
2026-09-06T23:47:09.795+01:00 INFO : Filtering template 69/96 segment 1/5
2026-09-06T23:47:09.815+01:00 INFO : Filtering template 69/96 segment 2/5
2026-09-06T23:47:09.833+01:00 INFO : Filtering template 69/96 segment 3/5
2026-09-06T23:47:09.851+01:00 INFO : 1 points above threshold
2026-09-06T23:47:09.865+01:00 INFO : Filtering template 69/96 segment 4/5
2026-09-06T23:47:09.883+01:00 INFO : 2 points above threshold
2026-09-06T23:47:09.888+01:00 INFO : Filtering template 69/96 segment 5/5
2026-09-06T23:47:09.906+01:00 INFO : 69: generating IMRPhenomD from 30.0 Hz
2026-09-06T23:47:09.909+01:00 INFO : Decompressing waveform using inline_linear
2026-09-06T23:47:09.914+01:00 INFO : Filtering template 70/96 segment 1/5
2026-09-06T23:47:09.934+01:00 INFO : 2 points above threshold
2026-09-06T23:47:09.949+01:00 INFO : Filtering template 70/96 segment 2/5
2026-09-06T23:47:09.966+01:00 INFO : 2 points above threshold
2026-09-06T23:47:09.971+01:00 INFO : Filtering template 70/96 segment 3/5
2026-09-06T23:47:09.989+01:00 INFO : Filtering template 70/96 segment 4/5
2026-09-06T23:47:10.007+01:00 INFO : 2 points above threshold
2026-09-06T23:47:10.012+01:00 INFO : Filtering template 70/96 segment 5/5
2026-09-06T23:47:10.030+01:00 INFO : 2 points above threshold
2026-09-06T23:47:10.035+01:00 INFO : 70: generating IMRPhenomD from 30.0 Hz
2026-09-06T23:47:10.038+01:00 INFO : Decompressing waveform using inline_linear
2026-09-06T23:47:10.043+01:00 INFO : Filtering template 71/96 segment 1/5
2026-09-06T23:47:10.063+01:00 INFO : Filtering template 71/96 segment 2/5
2026-09-06T23:47:10.080+01:00 INFO : 1 points above threshold
2026-09-06T23:47:10.095+01:00 INFO : Filtering template 71/96 segment 3/5
2026-09-06T23:47:10.113+01:00 INFO : 1 points above threshold
2026-09-06T23:47:10.118+01:00 INFO : Filtering template 71/96 segment 4/5
2026-09-06T23:47:10.136+01:00 INFO : 3 points above threshold
2026-09-06T23:47:10.143+01:00 INFO : Filtering template 71/96 segment 5/5
2026-09-06T23:47:10.161+01:00 INFO : 71: generating IMRPhenomD from 30.0 Hz
2026-09-06T23:47:10.164+01:00 INFO : Decompressing waveform using inline_linear
2026-09-06T23:47:10.169+01:00 INFO : Filtering template 72/96 segment 1/5
2026-09-06T23:47:10.189+01:00 INFO : 2 points above threshold
2026-09-06T23:47:10.203+01:00 INFO : Filtering template 72/96 segment 2/5
2026-09-06T23:47:10.221+01:00 INFO : 1 points above threshold
2026-09-06T23:47:10.226+01:00 INFO : Filtering template 72/96 segment 3/5
2026-09-06T23:47:10.244+01:00 INFO : 1 points above threshold
2026-09-06T23:47:10.249+01:00 INFO : Filtering template 72/96 segment 4/5
2026-09-06T23:47:10.267+01:00 INFO : 3 points above threshold
2026-09-06T23:47:10.274+01:00 INFO : Filtering template 72/96 segment 5/5
2026-09-06T23:47:10.291+01:00 INFO : 3 points above threshold
2026-09-06T23:47:10.299+01:00 INFO : 72: generating IMRPhenomD from 30.0 Hz
2026-09-06T23:47:10.301+01:00 INFO : Decompressing waveform using inline_linear
2026-09-06T23:47:10.306+01:00 INFO : Filtering template 73/96 segment 1/5
2026-09-06T23:47:10.326+01:00 INFO : 1 points above threshold
2026-09-06T23:47:10.341+01:00 INFO : Filtering template 73/96 segment 2/5
2026-09-06T23:47:10.359+01:00 INFO : 1 points above threshold
2026-09-06T23:47:10.365+01:00 INFO : Filtering template 73/96 segment 3/5
2026-09-06T23:47:10.382+01:00 INFO : 1 points above threshold
2026-09-06T23:47:10.387+01:00 INFO : Filtering template 73/96 segment 4/5
2026-09-06T23:47:10.406+01:00 INFO : Filtering template 73/96 segment 5/5
2026-09-06T23:47:10.423+01:00 INFO : 1 points above threshold
2026-09-06T23:47:10.429+01:00 INFO : 73: generating IMRPhenomD from 30.0 Hz
2026-09-06T23:47:10.431+01:00 INFO : Decompressing waveform using inline_linear
2026-09-06T23:47:10.436+01:00 INFO : Filtering template 74/96 segment 1/5
2026-09-06T23:47:10.456+01:00 INFO : 3 points above threshold
2026-09-06T23:47:10.472+01:00 INFO : Filtering template 74/96 segment 2/5
2026-09-06T23:47:10.491+01:00 INFO : 3 points above threshold
2026-09-06T23:47:10.498+01:00 INFO : Filtering template 74/96 segment 3/5
2026-09-06T23:47:10.516+01:00 INFO : Filtering template 74/96 segment 4/5
2026-09-06T23:47:10.533+01:00 INFO : 1 points above threshold
2026-09-06T23:47:10.538+01:00 INFO : Filtering template 74/96 segment 5/5
2026-09-06T23:47:10.556+01:00 INFO : 74: generating IMRPhenomD from 30.0 Hz
2026-09-06T23:47:10.559+01:00 INFO : Decompressing waveform using inline_linear
2026-09-06T23:47:10.564+01:00 INFO : Filtering template 75/96 segment 1/5
2026-09-06T23:47:10.584+01:00 INFO : Filtering template 75/96 segment 2/5
2026-09-06T23:47:10.602+01:00 INFO : 1 points above threshold
2026-09-06T23:47:10.617+01:00 INFO : Filtering template 75/96 segment 3/5
2026-09-06T23:47:10.634+01:00 INFO : 2 points above threshold
2026-09-06T23:47:10.639+01:00 INFO : Filtering template 75/96 segment 4/5
2026-09-06T23:47:10.658+01:00 INFO : Filtering template 75/96 segment 5/5
2026-09-06T23:47:10.675+01:00 INFO : 2 points above threshold
2026-09-06T23:47:10.681+01:00 INFO : 75: generating IMRPhenomD from 30.0 Hz
2026-09-06T23:47:10.683+01:00 INFO : Decompressing waveform using inline_linear
2026-09-06T23:47:10.688+01:00 INFO : Filtering template 76/96 segment 1/5
2026-09-06T23:47:10.708+01:00 INFO : 1 points above threshold
2026-09-06T23:47:10.723+01:00 INFO : Filtering template 76/96 segment 2/5
2026-09-06T23:47:10.741+01:00 INFO : Filtering template 76/96 segment 3/5
2026-09-06T23:47:10.759+01:00 INFO : 1 points above threshold
2026-09-06T23:47:10.764+01:00 INFO : Filtering template 76/96 segment 4/5
2026-09-06T23:47:10.781+01:00 INFO : Filtering template 76/96 segment 5/5
2026-09-06T23:47:10.799+01:00 INFO : 2 points above threshold
2026-09-06T23:47:10.805+01:00 INFO : 76: generating IMRPhenomD from 30.0 Hz
2026-09-06T23:47:10.807+01:00 INFO : Decompressing waveform using inline_linear
2026-09-06T23:47:10.812+01:00 INFO : Filtering template 77/96 segment 1/5
2026-09-06T23:47:10.832+01:00 INFO : Filtering template 77/96 segment 2/5
2026-09-06T23:47:10.850+01:00 INFO : 1 points above threshold
2026-09-06T23:47:10.864+01:00 INFO : Filtering template 77/96 segment 3/5
2026-09-06T23:47:10.883+01:00 INFO : Filtering template 77/96 segment 4/5
2026-09-06T23:47:10.900+01:00 INFO : 1 points above threshold
2026-09-06T23:47:10.905+01:00 INFO : Filtering template 77/96 segment 5/5
2026-09-06T23:47:10.923+01:00 INFO : 77: generating IMRPhenomD from 30.0 Hz
2026-09-06T23:47:10.926+01:00 INFO : Decompressing waveform using inline_linear
2026-09-06T23:47:10.931+01:00 INFO : Filtering template 78/96 segment 1/5
2026-09-06T23:47:10.951+01:00 INFO : Filtering template 78/96 segment 2/5
2026-09-06T23:47:10.969+01:00 INFO : Filtering template 78/96 segment 3/5
2026-09-06T23:47:10.987+01:00 INFO : Filtering template 78/96 segment 4/5
2026-09-06T23:47:11.005+01:00 INFO : 1 points above threshold
2026-09-06T23:47:11.020+01:00 INFO : Filtering template 78/96 segment 5/5
2026-09-06T23:47:11.039+01:00 INFO : 78: generating IMRPhenomD from 30.0 Hz
2026-09-06T23:47:11.042+01:00 INFO : Decompressing waveform using inline_linear
2026-09-06T23:47:11.047+01:00 INFO : Filtering template 79/96 segment 1/5
2026-09-06T23:47:11.070+01:00 INFO : 2 points above threshold
2026-09-06T23:47:11.085+01:00 INFO : Filtering template 79/96 segment 2/5
2026-09-06T23:47:11.104+01:00 INFO : Filtering template 79/96 segment 3/5
2026-09-06T23:47:11.123+01:00 INFO : 1 points above threshold
2026-09-06T23:47:11.128+01:00 INFO : Filtering template 79/96 segment 4/5
2026-09-06T23:47:11.146+01:00 INFO : 1 points above threshold
2026-09-06T23:47:11.151+01:00 INFO : Filtering template 79/96 segment 5/5
2026-09-06T23:47:11.169+01:00 INFO : 3 points above threshold
2026-09-06T23:47:11.176+01:00 INFO : 79: generating IMRPhenomD from 30.0 Hz
2026-09-06T23:47:11.179+01:00 INFO : Decompressing waveform using inline_linear
2026-09-06T23:47:11.183+01:00 INFO : Filtering template 80/96 segment 1/5
2026-09-06T23:47:11.204+01:00 INFO : 2 points above threshold
2026-09-06T23:47:11.218+01:00 INFO : Filtering template 80/96 segment 2/5
2026-09-06T23:47:11.236+01:00 INFO : 1 points above threshold
2026-09-06T23:47:11.241+01:00 INFO : Filtering template 80/96 segment 3/5
2026-09-06T23:47:11.259+01:00 INFO : 1 points above threshold
2026-09-06T23:47:11.264+01:00 INFO : Filtering template 80/96 segment 4/5
2026-09-06T23:47:11.282+01:00 INFO : Filtering template 80/96 segment 5/5
2026-09-06T23:47:11.300+01:00 INFO : 1 points above threshold
2026-09-06T23:47:11.305+01:00 INFO : 80: generating IMRPhenomD from 30.0 Hz
2026-09-06T23:47:11.322+01:00 INFO : Decompressing waveform using inline_linear
2026-09-06T23:47:11.327+01:00 INFO : Filtering template 81/96 segment 1/5
2026-09-06T23:47:11.356+01:00 INFO : 1 points above threshold
2026-09-06T23:47:11.374+01:00 INFO : Filtering template 81/96 segment 2/5
2026-09-06T23:47:11.392+01:00 INFO : 2 points above threshold
2026-09-06T23:47:11.397+01:00 INFO : Filtering template 81/96 segment 3/5
2026-09-06T23:47:11.414+01:00 INFO : 1 points above threshold
2026-09-06T23:47:11.419+01:00 INFO : Filtering template 81/96 segment 4/5
2026-09-06T23:47:11.437+01:00 INFO : Filtering template 81/96 segment 5/5
2026-09-06T23:47:11.455+01:00 INFO : 1 points above threshold
2026-09-06T23:47:11.461+01:00 INFO : 81: generating IMRPhenomD from 30.0 Hz
2026-09-06T23:47:11.464+01:00 INFO : Decompressing waveform using inline_linear
2026-09-06T23:47:11.468+01:00 INFO : Filtering template 82/96 segment 1/5
2026-09-06T23:47:11.488+01:00 INFO : Filtering template 82/96 segment 2/5
2026-09-06T23:47:11.506+01:00 INFO : 2 points above threshold
2026-09-06T23:47:11.522+01:00 INFO : Filtering template 82/96 segment 3/5
2026-09-06T23:47:11.541+01:00 INFO : 1 points above threshold
2026-09-06T23:47:11.546+01:00 INFO : Filtering template 82/96 segment 4/5
2026-09-06T23:47:11.563+01:00 INFO : Filtering template 82/96 segment 5/5
2026-09-06T23:47:11.581+01:00 INFO : 82: generating IMRPhenomD from 30.0 Hz
2026-09-06T23:47:11.584+01:00 INFO : Decompressing waveform using inline_linear
2026-09-06T23:47:11.589+01:00 INFO : Filtering template 83/96 segment 1/5
2026-09-06T23:47:11.609+01:00 INFO : 1 points above threshold
2026-09-06T23:47:11.624+01:00 INFO : Filtering template 83/96 segment 2/5
2026-09-06T23:47:11.642+01:00 INFO : 2 points above threshold
2026-09-06T23:47:11.647+01:00 INFO : Filtering template 83/96 segment 3/5
2026-09-06T23:47:11.664+01:00 INFO : 2 points above threshold
2026-09-06T23:47:11.670+01:00 INFO : Filtering template 83/96 segment 4/5
2026-09-06T23:47:11.687+01:00 INFO : 3 points above threshold
2026-09-06T23:47:11.695+01:00 INFO : Filtering template 83/96 segment 5/5
2026-09-06T23:47:11.712+01:00 INFO : 3 points above threshold
2026-09-06T23:47:11.720+01:00 INFO : 83: generating IMRPhenomD from 30.0 Hz
2026-09-06T23:47:11.722+01:00 INFO : Decompressing waveform using inline_linear
2026-09-06T23:47:11.727+01:00 INFO : Filtering template 84/96 segment 1/5
2026-09-06T23:47:11.747+01:00 INFO : Filtering template 84/96 segment 2/5
2026-09-06T23:47:11.765+01:00 INFO : Filtering template 84/96 segment 3/5
2026-09-06T23:47:11.783+01:00 INFO : 1 points above threshold
2026-09-06T23:47:11.798+01:00 INFO : Filtering template 84/96 segment 4/5
2026-09-06T23:47:11.816+01:00 INFO : 3 points above threshold
2026-09-06T23:47:11.823+01:00 INFO : Filtering template 84/96 segment 5/5
2026-09-06T23:47:11.840+01:00 INFO : 84: generating IMRPhenomD from 30.0 Hz
2026-09-06T23:47:11.843+01:00 INFO : Decompressing waveform using inline_linear
2026-09-06T23:47:11.848+01:00 INFO : Filtering template 85/96 segment 1/5
2026-09-06T23:47:11.868+01:00 INFO : 1 points above threshold
2026-09-06T23:47:11.883+01:00 INFO : Filtering template 85/96 segment 2/5
2026-09-06T23:47:11.901+01:00 INFO : 2 points above threshold
2026-09-06T23:47:11.906+01:00 INFO : Filtering template 85/96 segment 3/5
2026-09-06T23:47:11.924+01:00 INFO : 1 points above threshold
2026-09-06T23:47:11.929+01:00 INFO : Filtering template 85/96 segment 4/5
2026-09-06T23:47:11.947+01:00 INFO : 3 points above threshold
2026-09-06T23:47:11.954+01:00 INFO : Filtering template 85/96 segment 5/5
2026-09-06T23:47:11.971+01:00 INFO : 2 points above threshold
2026-09-06T23:47:11.977+01:00 INFO : 85: generating IMRPhenomD from 30.0 Hz
2026-09-06T23:47:11.979+01:00 INFO : Decompressing waveform using inline_linear
2026-09-06T23:47:11.984+01:00 INFO : Filtering template 86/96 segment 1/5
2026-09-06T23:47:12.004+01:00 INFO : 2 points above threshold
2026-09-06T23:47:12.019+01:00 INFO : Filtering template 86/96 segment 2/5
2026-09-06T23:47:12.037+01:00 INFO : 2 points above threshold
2026-09-06T23:47:12.042+01:00 INFO : Filtering template 86/96 segment 3/5
2026-09-06T23:47:12.060+01:00 INFO : 1 points above threshold
2026-09-06T23:47:12.065+01:00 INFO : Filtering template 86/96 segment 4/5
2026-09-06T23:47:12.082+01:00 INFO : 1 points above threshold
2026-09-06T23:47:12.088+01:00 INFO : Filtering template 86/96 segment 5/5
2026-09-06T23:47:12.106+01:00 INFO : 2 points above threshold
2026-09-06T23:47:12.111+01:00 INFO : 86: generating IMRPhenomD from 30.0 Hz
2026-09-06T23:47:12.114+01:00 INFO : Decompressing waveform using inline_linear
2026-09-06T23:47:12.119+01:00 INFO : Filtering template 87/96 segment 1/5
2026-09-06T23:47:12.139+01:00 INFO : 1 points above threshold
2026-09-06T23:47:12.154+01:00 INFO : Filtering template 87/96 segment 2/5
2026-09-06T23:47:12.172+01:00 INFO : 2 points above threshold
2026-09-06T23:47:12.177+01:00 INFO : Filtering template 87/96 segment 3/5
2026-09-06T23:47:12.195+01:00 INFO : 1 points above threshold
2026-09-06T23:47:12.200+01:00 INFO : Filtering template 87/96 segment 4/5
2026-09-06T23:47:12.218+01:00 INFO : 1 points above threshold
2026-09-06T23:47:12.223+01:00 INFO : Filtering template 87/96 segment 5/5
2026-09-06T23:47:12.241+01:00 INFO : 1 points above threshold
2026-09-06T23:47:12.246+01:00 INFO : 87: generating IMRPhenomD from 30.0 Hz
2026-09-06T23:47:12.249+01:00 INFO : Decompressing waveform using inline_linear
2026-09-06T23:47:12.254+01:00 INFO : Filtering template 88/96 segment 1/5
2026-09-06T23:47:12.274+01:00 INFO : 2 points above threshold
2026-09-06T23:47:12.288+01:00 INFO : Filtering template 88/96 segment 2/5
2026-09-06T23:47:12.306+01:00 INFO : 1 points above threshold
2026-09-06T23:47:12.311+01:00 INFO : Filtering template 88/96 segment 3/5
2026-09-06T23:47:12.329+01:00 INFO : Filtering template 88/96 segment 4/5
2026-09-06T23:47:12.347+01:00 INFO : Filtering template 88/96 segment 5/5
2026-09-06T23:47:12.364+01:00 INFO : 2 points above threshold
2026-09-06T23:47:12.370+01:00 INFO : 88: generating IMRPhenomD from 30.0 Hz
2026-09-06T23:47:12.372+01:00 INFO : Decompressing waveform using inline_linear
2026-09-06T23:47:12.377+01:00 INFO : Filtering template 89/96 segment 1/5
2026-09-06T23:47:12.397+01:00 INFO : 2 points above threshold
2026-09-06T23:47:12.412+01:00 INFO : Filtering template 89/96 segment 2/5
2026-09-06T23:47:12.430+01:00 INFO : 1 points above threshold
2026-09-06T23:47:12.435+01:00 INFO : Filtering template 89/96 segment 3/5
2026-09-06T23:47:12.453+01:00 INFO : 2 points above threshold
2026-09-06T23:47:12.458+01:00 INFO : Filtering template 89/96 segment 4/5
2026-09-06T23:47:12.475+01:00 INFO : Filtering template 89/96 segment 5/5
2026-09-06T23:47:12.494+01:00 INFO : 89: generating IMRPhenomD from 30.0 Hz
2026-09-06T23:47:12.496+01:00 INFO : Decompressing waveform using inline_linear
2026-09-06T23:47:12.501+01:00 INFO : Filtering template 90/96 segment 1/5
2026-09-06T23:47:12.521+01:00 INFO : Filtering template 90/96 segment 2/5
2026-09-06T23:47:12.539+01:00 INFO : 1 points above threshold
2026-09-06T23:47:12.554+01:00 INFO : Filtering template 90/96 segment 3/5
2026-09-06T23:47:12.572+01:00 INFO : 3 points above threshold
2026-09-06T23:47:12.579+01:00 INFO : Filtering template 90/96 segment 4/5
2026-09-06T23:47:12.597+01:00 INFO : Filtering template 90/96 segment 5/5
2026-09-06T23:47:12.614+01:00 INFO : 1 points above threshold
2026-09-06T23:47:12.620+01:00 INFO : 90: generating IMRPhenomD from 30.0 Hz
2026-09-06T23:47:12.622+01:00 INFO : Decompressing waveform using inline_linear
2026-09-06T23:47:12.627+01:00 INFO : Filtering template 91/96 segment 1/5
2026-09-06T23:47:12.648+01:00 INFO : Filtering template 91/96 segment 2/5
2026-09-06T23:47:12.665+01:00 INFO : 2 points above threshold
2026-09-06T23:47:12.680+01:00 INFO : Filtering template 91/96 segment 3/5
2026-09-06T23:47:12.698+01:00 INFO : 3 points above threshold
2026-09-06T23:47:12.705+01:00 INFO : Filtering template 91/96 segment 4/5
2026-09-06T23:47:12.723+01:00 INFO : Filtering template 91/96 segment 5/5
2026-09-06T23:47:12.741+01:00 INFO : 1 points above threshold
2026-09-06T23:47:12.746+01:00 INFO : 91: generating IMRPhenomD from 30.0 Hz
2026-09-06T23:47:12.749+01:00 INFO : Decompressing waveform using inline_linear
2026-09-06T23:47:12.753+01:00 INFO : Filtering template 92/96 segment 1/5
2026-09-06T23:47:12.773+01:00 INFO : 2 points above threshold
2026-09-06T23:47:12.788+01:00 INFO : Filtering template 92/96 segment 2/5
2026-09-06T23:47:12.806+01:00 INFO : 1 points above threshold
2026-09-06T23:47:12.811+01:00 INFO : Filtering template 92/96 segment 3/5
2026-09-06T23:47:12.829+01:00 INFO : 2 points above threshold
2026-09-06T23:47:12.834+01:00 INFO : Filtering template 92/96 segment 4/5
2026-09-06T23:47:12.852+01:00 INFO : 1 points above threshold
2026-09-06T23:47:12.857+01:00 INFO : Filtering template 92/96 segment 5/5
2026-09-06T23:47:12.875+01:00 INFO : 1 points above threshold
2026-09-06T23:47:12.880+01:00 INFO : 92: generating IMRPhenomD from 30.0 Hz
2026-09-06T23:47:12.883+01:00 INFO : Decompressing waveform using inline_linear
2026-09-06T23:47:12.888+01:00 INFO : Filtering template 93/96 segment 1/5
2026-09-06T23:47:12.908+01:00 INFO : Filtering template 93/96 segment 2/5
2026-09-06T23:47:12.925+01:00 INFO : 3 points above threshold
2026-09-06T23:47:12.942+01:00 INFO : Filtering template 93/96 segment 3/5
2026-09-06T23:47:12.960+01:00 INFO : 3 points above threshold
2026-09-06T23:47:12.967+01:00 INFO : Filtering template 93/96 segment 4/5
2026-09-06T23:47:12.985+01:00 INFO : 1 points above threshold
2026-09-06T23:47:12.990+01:00 INFO : Filtering template 93/96 segment 5/5
2026-09-06T23:47:13.008+01:00 INFO : 1 points above threshold
2026-09-06T23:47:13.013+01:00 INFO : 93: generating IMRPhenomD from 30.0 Hz
2026-09-06T23:47:13.016+01:00 INFO : Decompressing waveform using inline_linear
2026-09-06T23:47:13.020+01:00 INFO : Filtering template 94/96 segment 1/5
2026-09-06T23:47:13.041+01:00 INFO : 1 points above threshold
2026-09-06T23:47:13.055+01:00 INFO : Filtering template 94/96 segment 2/5
2026-09-06T23:47:13.073+01:00 INFO : 2 points above threshold
2026-09-06T23:47:13.078+01:00 INFO : Filtering template 94/96 segment 3/5
2026-09-06T23:47:13.096+01:00 INFO : 4 points above threshold
2026-09-06T23:47:13.101+01:00 INFO : Filtering template 94/96 segment 4/5
2026-09-06T23:47:13.119+01:00 INFO : Filtering template 94/96 segment 5/5
2026-09-06T23:47:13.137+01:00 INFO : 2 points above threshold
2026-09-06T23:47:13.142+01:00 INFO : 94: generating IMRPhenomD from 30.0 Hz
2026-09-06T23:47:13.145+01:00 INFO : Decompressing waveform using inline_linear
2026-09-06T23:47:13.149+01:00 INFO : Filtering template 95/96 segment 1/5
2026-09-06T23:47:13.169+01:00 INFO : 3 points above threshold
2026-09-06T23:47:13.187+01:00 INFO : Filtering template 95/96 segment 2/5
2026-09-06T23:47:13.205+01:00 INFO : 2 points above threshold
2026-09-06T23:47:13.210+01:00 INFO : Filtering template 95/96 segment 3/5
2026-09-06T23:47:13.228+01:00 INFO : 2 points above threshold
2026-09-06T23:47:13.233+01:00 INFO : Filtering template 95/96 segment 4/5
2026-09-06T23:47:13.251+01:00 INFO : 1 points above threshold
2026-09-06T23:47:13.256+01:00 INFO : Filtering template 95/96 segment 5/5
2026-09-06T23:47:13.274+01:00 INFO : 95: generating IMRPhenomD from 30.0 Hz
2026-09-06T23:47:13.276+01:00 INFO : Decompressing waveform using inline_linear
2026-09-06T23:47:13.281+01:00 INFO : Filtering template 96/96 segment 1/5
2026-09-06T23:47:13.302+01:00 INFO : 2 points above threshold
2026-09-06T23:47:13.316+01:00 INFO : Filtering template 96/96 segment 2/5
2026-09-06T23:47:13.334+01:00 INFO : Filtering template 96/96 segment 3/5
2026-09-06T23:47:13.352+01:00 INFO : Filtering template 96/96 segment 4/5
2026-09-06T23:47:13.370+01:00 INFO : 1 points above threshold
2026-09-06T23:47:13.375+01:00 INFO : Filtering template 96/96 segment 5/5
2026-09-06T23:47:13.393+01:00 INFO : We currently have 527 triggers
2026-09-06T23:47:13.393+01:00 INFO : Removing triggers with NewSNR below threshold
2026-09-06T23:47:13.393+01:00 INFO : 477 remaining triggers
2026-09-06T23:47:13.393+01:00 INFO : Outputting 477 triggers
2026-09-06T23:47:13.393+01:00 INFO : Writing out triggers
2026-09-06T23:47:13.404+01:00 INFO : Finished
[ perf record: Woken up 382 times to write data ]
[ perf record: Captured and wrote 95.571 MB /home/xangma/pycbc-torch-maintainer-benchmark-20260906/runs/original-cpu-perf/perf.data (5798 samples) ]
