2026-09-06T17:52:40.881+01:00 INFO : Running with CPU support: 1 threads
2026-09-06T17:52:40.881+01:00 INFO : Reading Frames
2026-09-06T17:52:47.612+01:00 INFO : Highpass Filtering
2026-09-06T17:52:48.066+01:00 INFO : Resampling data
2026-09-06T17:52:48.078+01:00 INFO : Converting to float32
/home/xangma/pycbc-torch-inspiral-reference-20260906/source/pycbc/types/array.py:872: RuntimeWarning: divide by zero encountered in divide
  return self._data.__rtruediv__(other)
2026-09-06T17:52:53.174+01:00 INFO : Highpass Filtering
2026-09-06T17:52:53.615+01:00 INFO : Remove Padding
2026-09-06T17:52:53.637+01:00 INFO : Making frequency-domain data segments
/home/xangma/pycbc-torch-inspiral-reference-20260906/source/pycbc/types/array.py:872: RuntimeWarning: divide by zero encountered in divide
  return self._data.__rtruediv__(other)
2026-09-06T17:52:55.709+01:00 INFO : Overwhitening frequency-domain data segments
2026-09-06T17:52:55.734+01:00 INFO : Read in template bank
2026-09-06T17:52:55.744+01:00 INFO : Full template bank size: 96
2026-09-06T17:52:55.744+01:00 INFO : Template bank size after thinning: 96
2026-09-06T17:52:55.744+01:00 INFO : 0: generating IMRPhenomD from 30.0 Hz
2026-09-06T17:52:55.769+01:00 INFO : Decompressing waveform using inline_linear
2026-09-06T17:52:55.779+01:00 INFO : Filtering template 1/96 segment 1/3
2026-09-06T17:52:55.864+01:00 INFO : 1 points above threshold
2026-09-06T17:52:55.897+01:00 INFO : Filtering template 1/96 segment 2/3
2026-09-06T17:52:55.935+01:00 INFO : 1 points above threshold
2026-09-06T17:52:55.945+01:00 INFO : Filtering template 1/96 segment 3/3
2026-09-06T17:52:55.983+01:00 INFO : 1 points above threshold
2026-09-06T17:52:55.993+01:00 INFO : 1: generating IMRPhenomD from 30.0 Hz
2026-09-06T17:52:55.998+01:00 INFO : Decompressing waveform using inline_linear
2026-09-06T17:52:56.007+01:00 INFO : Filtering template 2/96 segment 1/3
2026-09-06T17:52:56.051+01:00 INFO : 1 points above threshold
2026-09-06T17:52:56.080+01:00 INFO : Filtering template 2/96 segment 2/3
2026-09-06T17:52:56.118+01:00 INFO : 3 points above threshold
2026-09-06T17:52:56.132+01:00 INFO : Filtering template 2/96 segment 3/3
2026-09-06T17:52:56.170+01:00 INFO : 1 points above threshold
2026-09-06T17:52:56.180+01:00 INFO : 2: generating IMRPhenomD from 30.0 Hz
2026-09-06T17:52:56.184+01:00 INFO : Decompressing waveform using inline_linear
2026-09-06T17:52:56.194+01:00 INFO : Filtering template 3/96 segment 1/3
2026-09-06T17:52:56.237+01:00 INFO : 3 points above threshold
2026-09-06T17:52:56.269+01:00 INFO : Filtering template 3/96 segment 2/3
2026-09-06T17:52:56.307+01:00 INFO : 1 points above threshold
2026-09-06T17:52:56.317+01:00 INFO : Filtering template 3/96 segment 3/3
2026-09-06T17:52:56.355+01:00 INFO : 1 points above threshold
2026-09-06T17:52:56.365+01:00 INFO : 3: generating IMRPhenomD from 30.0 Hz
2026-09-06T17:52:56.369+01:00 INFO : Decompressing waveform using inline_linear
2026-09-06T17:52:56.378+01:00 INFO : Filtering template 4/96 segment 1/3
2026-09-06T17:52:56.422+01:00 INFO : 1 points above threshold
2026-09-06T17:52:56.450+01:00 INFO : Filtering template 4/96 segment 2/3
2026-09-06T17:52:56.488+01:00 INFO : 3 points above threshold
2026-09-06T17:52:56.502+01:00 INFO : Filtering template 4/96 segment 3/3
2026-09-06T17:52:56.540+01:00 INFO : 4 points above threshold
2026-09-06T17:52:56.550+01:00 INFO : 4: generating IMRPhenomD from 30.0 Hz
2026-09-06T17:52:56.554+01:00 INFO : Decompressing waveform using inline_linear
2026-09-06T17:52:56.563+01:00 INFO : Filtering template 5/96 segment 1/3
2026-09-06T17:52:56.607+01:00 INFO : 1 points above threshold
2026-09-06T17:52:56.635+01:00 INFO : Filtering template 5/96 segment 2/3
2026-09-06T17:52:56.673+01:00 INFO : 4 points above threshold
2026-09-06T17:52:56.683+01:00 INFO : Filtering template 5/96 segment 3/3
2026-09-06T17:52:56.721+01:00 INFO : 2 points above threshold
2026-09-06T17:52:56.732+01:00 INFO : 5: generating IMRPhenomD from 30.0 Hz
2026-09-06T17:52:56.737+01:00 INFO : Decompressing waveform using inline_linear
2026-09-06T17:52:56.746+01:00 INFO : Filtering template 6/96 segment 1/3
2026-09-06T17:52:56.790+01:00 INFO : 1 points above threshold
2026-09-06T17:52:56.818+01:00 INFO : Filtering template 6/96 segment 2/3
2026-09-06T17:52:56.856+01:00 INFO : Filtering template 6/96 segment 3/3
2026-09-06T17:52:56.894+01:00 INFO : 2 points above threshold
2026-09-06T17:52:56.904+01:00 INFO : 6: generating IMRPhenomD from 30.0 Hz
2026-09-06T17:52:56.908+01:00 INFO : Decompressing waveform using inline_linear
2026-09-06T17:52:56.917+01:00 INFO : Filtering template 7/96 segment 1/3
2026-09-06T17:52:56.961+01:00 INFO : 2 points above threshold
2026-09-06T17:52:56.989+01:00 INFO : Filtering template 7/96 segment 2/3
2026-09-06T17:52:57.027+01:00 INFO : Filtering template 7/96 segment 3/3
2026-09-06T17:52:57.065+01:00 INFO : 1 points above threshold
2026-09-06T17:52:57.075+01:00 INFO : 7: generating IMRPhenomD from 30.0 Hz
2026-09-06T17:52:57.080+01:00 INFO : Decompressing waveform using inline_linear
2026-09-06T17:52:57.089+01:00 INFO : Filtering template 8/96 segment 1/3
2026-09-06T17:52:57.132+01:00 INFO : 1 points above threshold
2026-09-06T17:52:57.160+01:00 INFO : Filtering template 8/96 segment 2/3
2026-09-06T17:52:57.198+01:00 INFO : 5 points above threshold
2026-09-06T17:52:57.213+01:00 INFO : Filtering template 8/96 segment 3/3
2026-09-06T17:52:57.251+01:00 INFO : 8: generating IMRPhenomD from 30.0 Hz
2026-09-06T17:52:57.255+01:00 INFO : Decompressing waveform using inline_linear
2026-09-06T17:52:57.264+01:00 INFO : Filtering template 9/96 segment 1/3
2026-09-06T17:52:57.308+01:00 INFO : Filtering template 9/96 segment 2/3
2026-09-06T17:52:57.346+01:00 INFO : 4 points above threshold
2026-09-06T17:52:57.374+01:00 INFO : Filtering template 9/96 segment 3/3
2026-09-06T17:52:57.412+01:00 INFO : 3 points above threshold
2026-09-06T17:52:57.426+01:00 INFO : 9: generating IMRPhenomD from 30.0 Hz
2026-09-06T17:52:57.434+01:00 INFO : Decompressing waveform using inline_linear
2026-09-06T17:52:57.443+01:00 INFO : Filtering template 10/96 segment 1/3
2026-09-06T17:52:57.490+01:00 INFO : 2 points above threshold
2026-09-06T17:52:57.522+01:00 INFO : Filtering template 10/96 segment 2/3
2026-09-06T17:52:57.560+01:00 INFO : Filtering template 10/96 segment 3/3
2026-09-06T17:52:57.598+01:00 INFO : 3 points above threshold
2026-09-06T17:52:57.612+01:00 INFO : 10: generating IMRPhenomD from 30.0 Hz
2026-09-06T17:52:57.616+01:00 INFO : Decompressing waveform using inline_linear
2026-09-06T17:52:57.625+01:00 INFO : Filtering template 11/96 segment 1/3
2026-09-06T17:52:57.669+01:00 INFO : 5 points above threshold
2026-09-06T17:52:57.701+01:00 INFO : Filtering template 11/96 segment 2/3
2026-09-06T17:52:57.739+01:00 INFO : 3 points above threshold
2026-09-06T17:52:57.753+01:00 INFO : Filtering template 11/96 segment 3/3
2026-09-06T17:52:57.791+01:00 INFO : 11: generating IMRPhenomD from 30.0 Hz
2026-09-06T17:52:57.795+01:00 INFO : Decompressing waveform using inline_linear
2026-09-06T17:52:57.804+01:00 INFO : Filtering template 12/96 segment 1/3
2026-09-06T17:52:57.848+01:00 INFO : 1 points above threshold
2026-09-06T17:52:57.876+01:00 INFO : Filtering template 12/96 segment 2/3
2026-09-06T17:52:57.915+01:00 INFO : 4 points above threshold
2026-09-06T17:52:57.925+01:00 INFO : Filtering template 12/96 segment 3/3
2026-09-06T17:52:57.963+01:00 INFO : 1 points above threshold
2026-09-06T17:52:57.973+01:00 INFO : 12: generating IMRPhenomD from 30.0 Hz
2026-09-06T17:52:57.977+01:00 INFO : Decompressing waveform using inline_linear
2026-09-06T17:52:57.986+01:00 INFO : Filtering template 13/96 segment 1/3
2026-09-06T17:52:58.030+01:00 INFO : 2 points above threshold
2026-09-06T17:52:58.057+01:00 INFO : Filtering template 13/96 segment 2/3
2026-09-06T17:52:58.095+01:00 INFO : 2 points above threshold
2026-09-06T17:52:58.105+01:00 INFO : Filtering template 13/96 segment 3/3
2026-09-06T17:52:58.143+01:00 INFO : 1 points above threshold
2026-09-06T17:52:58.153+01:00 INFO : 13: generating IMRPhenomD from 30.0 Hz
2026-09-06T17:52:58.158+01:00 INFO : Decompressing waveform using inline_linear
2026-09-06T17:52:58.167+01:00 INFO : Filtering template 14/96 segment 1/3
2026-09-06T17:52:58.210+01:00 INFO : 2 points above threshold
2026-09-06T17:52:58.238+01:00 INFO : Filtering template 14/96 segment 2/3
2026-09-06T17:52:58.276+01:00 INFO : 3 points above threshold
2026-09-06T17:52:58.290+01:00 INFO : Filtering template 14/96 segment 3/3
2026-09-06T17:52:58.328+01:00 INFO : 2 points above threshold
2026-09-06T17:52:58.338+01:00 INFO : 14: generating IMRPhenomD from 30.0 Hz
2026-09-06T17:52:58.342+01:00 INFO : Decompressing waveform using inline_linear
2026-09-06T17:52:58.351+01:00 INFO : Filtering template 15/96 segment 1/3
2026-09-06T17:52:58.395+01:00 INFO : 1 points above threshold
2026-09-06T17:52:58.422+01:00 INFO : Filtering template 15/96 segment 2/3
2026-09-06T17:52:58.461+01:00 INFO : 1 points above threshold
2026-09-06T17:52:58.471+01:00 INFO : Filtering template 15/96 segment 3/3
2026-09-06T17:52:58.509+01:00 INFO : 3 points above threshold
2026-09-06T17:52:58.522+01:00 INFO : 15: generating IMRPhenomD from 30.0 Hz
2026-09-06T17:52:58.527+01:00 INFO : Decompressing waveform using inline_linear
2026-09-06T17:52:58.536+01:00 INFO : Filtering template 16/96 segment 1/3
2026-09-06T17:52:58.580+01:00 INFO : 3 points above threshold
2026-09-06T17:52:58.611+01:00 INFO : Filtering template 16/96 segment 2/3
2026-09-06T17:52:58.649+01:00 INFO : 4 points above threshold
2026-09-06T17:52:58.659+01:00 INFO : Filtering template 16/96 segment 3/3
2026-09-06T17:52:58.697+01:00 INFO : 1 points above threshold
2026-09-06T17:52:58.707+01:00 INFO : 16: generating IMRPhenomD from 30.0 Hz
2026-09-06T17:52:58.711+01:00 INFO : Decompressing waveform using inline_linear
2026-09-06T17:52:58.720+01:00 INFO : Filtering template 17/96 segment 1/3
2026-09-06T17:52:58.764+01:00 INFO : 3 points above threshold
2026-09-06T17:52:58.795+01:00 INFO : Filtering template 17/96 segment 2/3
2026-09-06T17:52:58.833+01:00 INFO : 4 points above threshold
2026-09-06T17:52:58.843+01:00 INFO : Filtering template 17/96 segment 3/3
2026-09-06T17:52:58.881+01:00 INFO : 3 points above threshold
2026-09-06T17:52:58.895+01:00 INFO : 17: generating IMRPhenomD from 30.0 Hz
2026-09-06T17:52:58.899+01:00 INFO : Decompressing waveform using inline_linear
2026-09-06T17:52:58.909+01:00 INFO : Filtering template 18/96 segment 1/3
2026-09-06T17:52:58.952+01:00 INFO : Filtering template 18/96 segment 2/3
2026-09-06T17:52:58.990+01:00 INFO : 1 points above threshold
2026-09-06T17:52:59.018+01:00 INFO : Filtering template 18/96 segment 3/3
2026-09-06T17:52:59.056+01:00 INFO : 2 points above threshold
2026-09-06T17:52:59.066+01:00 INFO : 18: generating IMRPhenomD from 30.0 Hz
2026-09-06T17:52:59.070+01:00 INFO : Decompressing waveform using inline_linear
2026-09-06T17:52:59.080+01:00 INFO : Filtering template 19/96 segment 1/3
2026-09-06T17:52:59.123+01:00 INFO : 4 points above threshold
2026-09-06T17:52:59.151+01:00 INFO : Filtering template 19/96 segment 2/3
2026-09-06T17:52:59.189+01:00 INFO : 2 points above threshold
2026-09-06T17:52:59.199+01:00 INFO : Filtering template 19/96 segment 3/3
2026-09-06T17:52:59.237+01:00 INFO : 3 points above threshold
2026-09-06T17:52:59.251+01:00 INFO : 19: generating IMRPhenomD from 30.0 Hz
2026-09-06T17:52:59.255+01:00 INFO : Decompressing waveform using inline_linear
2026-09-06T17:52:59.264+01:00 INFO : Filtering template 20/96 segment 1/3
2026-09-06T17:52:59.308+01:00 INFO : 2 points above threshold
2026-09-06T17:52:59.336+01:00 INFO : Filtering template 20/96 segment 2/3
2026-09-06T17:52:59.373+01:00 INFO : 4 points above threshold
2026-09-06T17:52:59.383+01:00 INFO : Filtering template 20/96 segment 3/3
2026-09-06T17:52:59.421+01:00 INFO : 1 points above threshold
2026-09-06T17:52:59.431+01:00 INFO : 20: generating IMRPhenomD from 30.0 Hz
2026-09-06T17:52:59.435+01:00 INFO : Decompressing waveform using inline_linear
2026-09-06T17:52:59.445+01:00 INFO : Filtering template 21/96 segment 1/3
2026-09-06T17:52:59.488+01:00 INFO : 1 points above threshold
2026-09-06T17:52:59.516+01:00 INFO : Filtering template 21/96 segment 2/3
2026-09-06T17:52:59.554+01:00 INFO : 2 points above threshold
2026-09-06T17:52:59.564+01:00 INFO : Filtering template 21/96 segment 3/3
2026-09-06T17:52:59.602+01:00 INFO : 21: generating IMRPhenomD from 30.0 Hz
2026-09-06T17:52:59.606+01:00 INFO : Decompressing waveform using inline_linear
2026-09-06T17:52:59.616+01:00 INFO : Filtering template 22/96 segment 1/3
2026-09-06T17:52:59.659+01:00 INFO : 5 points above threshold
2026-09-06T17:52:59.692+01:00 INFO : Filtering template 22/96 segment 2/3
2026-09-06T17:52:59.731+01:00 INFO : Filtering template 22/96 segment 3/3
2026-09-06T17:52:59.769+01:00 INFO : 2 points above threshold
2026-09-06T17:52:59.779+01:00 INFO : 22: generating IMRPhenomD from 30.0 Hz
2026-09-06T17:52:59.783+01:00 INFO : Decompressing waveform using inline_linear
2026-09-06T17:52:59.792+01:00 INFO : Filtering template 23/96 segment 1/3
2026-09-06T17:52:59.836+01:00 INFO : 3 points above threshold
2026-09-06T17:52:59.867+01:00 INFO : Filtering template 23/96 segment 2/3
2026-09-06T17:52:59.906+01:00 INFO : 1 points above threshold
2026-09-06T17:52:59.916+01:00 INFO : Filtering template 23/96 segment 3/3
2026-09-06T17:52:59.954+01:00 INFO : 23: generating IMRPhenomD from 30.0 Hz
2026-09-06T17:52:59.958+01:00 INFO : Decompressing waveform using inline_linear
2026-09-06T17:52:59.967+01:00 INFO : Filtering template 24/96 segment 1/3
2026-09-06T17:53:00.011+01:00 INFO : 1 points above threshold
2026-09-06T17:53:00.039+01:00 INFO : Filtering template 24/96 segment 2/3
2026-09-06T17:53:00.077+01:00 INFO : 3 points above threshold
2026-09-06T17:53:00.091+01:00 INFO : Filtering template 24/96 segment 3/3
2026-09-06T17:53:00.129+01:00 INFO : 2 points above threshold
2026-09-06T17:53:00.139+01:00 INFO : 24: generating IMRPhenomD from 30.0 Hz
2026-09-06T17:53:00.143+01:00 INFO : Decompressing waveform using inline_linear
2026-09-06T17:53:00.152+01:00 INFO : Filtering template 25/96 segment 1/3
2026-09-06T17:53:00.196+01:00 INFO : 2 points above threshold
2026-09-06T17:53:00.224+01:00 INFO : Filtering template 25/96 segment 2/3
2026-09-06T17:53:00.262+01:00 INFO : Filtering template 25/96 segment 3/3
2026-09-06T17:53:00.301+01:00 INFO : 25: generating IMRPhenomD from 30.0 Hz
2026-09-06T17:53:00.305+01:00 INFO : Decompressing waveform using inline_linear
2026-09-06T17:53:00.314+01:00 INFO : Filtering template 26/96 segment 1/3
2026-09-06T17:53:00.358+01:00 INFO : Filtering template 26/96 segment 2/3
2026-09-06T17:53:00.396+01:00 INFO : 2 points above threshold
2026-09-06T17:53:00.423+01:00 INFO : Filtering template 26/96 segment 3/3
2026-09-06T17:53:00.461+01:00 INFO : 4 points above threshold
2026-09-06T17:53:00.471+01:00 INFO : 26: generating IMRPhenomD from 30.0 Hz
2026-09-06T17:53:00.476+01:00 INFO : Decompressing waveform using inline_linear
2026-09-06T17:53:00.485+01:00 INFO : Filtering template 27/96 segment 1/3
2026-09-06T17:53:00.528+01:00 INFO : 2 points above threshold
2026-09-06T17:53:00.557+01:00 INFO : Filtering template 27/96 segment 2/3
2026-09-06T17:53:00.597+01:00 INFO : 1 points above threshold
2026-09-06T17:53:00.607+01:00 INFO : Filtering template 27/96 segment 3/3
2026-09-06T17:53:00.648+01:00 INFO : 27: generating IMRPhenomD from 30.0 Hz
2026-09-06T17:53:00.653+01:00 INFO : Decompressing waveform using inline_linear
2026-09-06T17:53:00.662+01:00 INFO : Filtering template 28/96 segment 1/3
2026-09-06T17:53:00.706+01:00 INFO : 5 points above threshold
2026-09-06T17:53:00.738+01:00 INFO : Filtering template 28/96 segment 2/3
2026-09-06T17:53:00.776+01:00 INFO : 2 points above threshold
2026-09-06T17:53:00.786+01:00 INFO : Filtering template 28/96 segment 3/3
2026-09-06T17:53:00.824+01:00 INFO : 28: generating IMRPhenomD from 30.0 Hz
2026-09-06T17:53:00.828+01:00 INFO : Decompressing waveform using inline_linear
2026-09-06T17:53:00.837+01:00 INFO : Filtering template 29/96 segment 1/3
2026-09-06T17:53:00.881+01:00 INFO : 3 points above threshold
2026-09-06T17:53:00.913+01:00 INFO : Filtering template 29/96 segment 2/3
2026-09-06T17:53:00.951+01:00 INFO : 2 points above threshold
2026-09-06T17:53:00.961+01:00 INFO : Filtering template 29/96 segment 3/3
2026-09-06T17:53:00.999+01:00 INFO : 5 points above threshold
2026-09-06T17:53:01.013+01:00 INFO : 29: generating IMRPhenomD from 30.0 Hz
2026-09-06T17:53:01.017+01:00 INFO : Decompressing waveform using inline_linear
2026-09-06T17:53:01.026+01:00 INFO : Filtering template 30/96 segment 1/3
2026-09-06T17:53:01.070+01:00 INFO : 2 points above threshold
2026-09-06T17:53:01.098+01:00 INFO : Filtering template 30/96 segment 2/3
2026-09-06T17:53:01.136+01:00 INFO : 1 points above threshold
2026-09-06T17:53:01.146+01:00 INFO : Filtering template 30/96 segment 3/3
2026-09-06T17:53:01.184+01:00 INFO : 30: generating IMRPhenomD from 30.0 Hz
2026-09-06T17:53:01.188+01:00 INFO : Decompressing waveform using inline_linear
2026-09-06T17:53:01.197+01:00 INFO : Filtering template 31/96 segment 1/3
2026-09-06T17:53:01.241+01:00 INFO : Filtering template 31/96 segment 2/3
2026-09-06T17:53:01.279+01:00 INFO : 1 points above threshold
2026-09-06T17:53:01.312+01:00 INFO : Filtering template 31/96 segment 3/3
2026-09-06T17:53:01.350+01:00 INFO : 2 points above threshold
2026-09-06T17:53:01.360+01:00 INFO : 31: generating IMRPhenomD from 30.0 Hz
2026-09-06T17:53:01.365+01:00 INFO : Decompressing waveform using inline_linear
2026-09-06T17:53:01.374+01:00 INFO : Filtering template 32/96 segment 1/3
2026-09-06T17:53:01.417+01:00 INFO : Filtering template 32/96 segment 2/3
2026-09-06T17:53:01.455+01:00 INFO : 1 points above threshold
2026-09-06T17:53:01.483+01:00 INFO : Filtering template 32/96 segment 3/3
2026-09-06T17:53:01.521+01:00 INFO : 4 points above threshold
2026-09-06T17:53:01.532+01:00 INFO : 32: generating IMRPhenomD from 30.0 Hz
2026-09-06T17:53:01.536+01:00 INFO : Decompressing waveform using inline_linear
2026-09-06T17:53:01.545+01:00 INFO : Filtering template 33/96 segment 1/3
2026-09-06T17:53:01.589+01:00 INFO : 2 points above threshold
2026-09-06T17:53:01.616+01:00 INFO : Filtering template 33/96 segment 2/3
2026-09-06T17:53:01.655+01:00 INFO : Filtering template 33/96 segment 3/3
2026-09-06T17:53:01.693+01:00 INFO : 1 points above threshold
2026-09-06T17:53:01.703+01:00 INFO : 33: generating IMRPhenomD from 30.0 Hz
2026-09-06T17:53:01.707+01:00 INFO : Decompressing waveform using inline_linear
2026-09-06T17:53:01.716+01:00 INFO : Filtering template 34/96 segment 1/3
2026-09-06T17:53:01.760+01:00 INFO : 1 points above threshold
2026-09-06T17:53:01.787+01:00 INFO : Filtering template 34/96 segment 2/3
2026-09-06T17:53:01.826+01:00 INFO : 1 points above threshold
2026-09-06T17:53:01.835+01:00 INFO : Filtering template 34/96 segment 3/3
2026-09-06T17:53:01.874+01:00 INFO : 1 points above threshold
2026-09-06T17:53:01.884+01:00 INFO : 34: generating IMRPhenomD from 30.0 Hz
2026-09-06T17:53:01.888+01:00 INFO : Decompressing waveform using inline_linear
2026-09-06T17:53:01.897+01:00 INFO : Filtering template 35/96 segment 1/3
2026-09-06T17:53:01.941+01:00 INFO : 2 points above threshold
2026-09-06T17:53:01.969+01:00 INFO : Filtering template 35/96 segment 2/3
2026-09-06T17:53:02.007+01:00 INFO : 1 points above threshold
2026-09-06T17:53:02.017+01:00 INFO : Filtering template 35/96 segment 3/3
2026-09-06T17:53:02.055+01:00 INFO : 35: generating IMRPhenomD from 30.0 Hz
2026-09-06T17:53:02.059+01:00 INFO : Decompressing waveform using inline_linear
2026-09-06T17:53:02.069+01:00 INFO : Filtering template 36/96 segment 1/3
2026-09-06T17:53:02.112+01:00 INFO : 4 points above threshold
2026-09-06T17:53:02.140+01:00 INFO : Filtering template 36/96 segment 2/3
2026-09-06T17:53:02.178+01:00 INFO : 2 points above threshold
2026-09-06T17:53:02.188+01:00 INFO : Filtering template 36/96 segment 3/3
2026-09-06T17:53:02.226+01:00 INFO : 1 points above threshold
2026-09-06T17:53:02.236+01:00 INFO : 36: generating IMRPhenomD from 30.0 Hz
2026-09-06T17:53:02.240+01:00 INFO : Decompressing waveform using inline_linear
2026-09-06T17:53:02.249+01:00 INFO : Filtering template 37/96 segment 1/3
2026-09-06T17:53:02.293+01:00 INFO : 5 points above threshold
2026-09-06T17:53:02.325+01:00 INFO : Filtering template 37/96 segment 2/3
2026-09-06T17:53:02.363+01:00 INFO : 1 points above threshold
2026-09-06T17:53:02.373+01:00 INFO : Filtering template 37/96 segment 3/3
2026-09-06T17:53:02.411+01:00 INFO : 3 points above threshold
2026-09-06T17:53:02.425+01:00 INFO : 37: generating IMRPhenomD from 30.0 Hz
2026-09-06T17:53:02.429+01:00 INFO : Decompressing waveform using inline_linear
2026-09-06T17:53:02.438+01:00 INFO : Filtering template 38/96 segment 1/3
2026-09-06T17:53:02.482+01:00 INFO : Filtering template 38/96 segment 2/3
2026-09-06T17:53:02.520+01:00 INFO : 1 points above threshold
2026-09-06T17:53:02.548+01:00 INFO : Filtering template 38/96 segment 3/3
2026-09-06T17:53:02.586+01:00 INFO : 2 points above threshold
2026-09-06T17:53:02.596+01:00 INFO : 38: generating IMRPhenomD from 30.0 Hz
2026-09-06T17:53:02.600+01:00 INFO : Decompressing waveform using inline_linear
2026-09-06T17:53:02.609+01:00 INFO : Filtering template 39/96 segment 1/3
2026-09-06T17:53:02.653+01:00 INFO : Filtering template 39/96 segment 2/3
2026-09-06T17:53:02.691+01:00 INFO : 3 points above threshold
2026-09-06T17:53:02.724+01:00 INFO : Filtering template 39/96 segment 3/3
2026-09-06T17:53:02.762+01:00 INFO : 1 points above threshold
2026-09-06T17:53:02.772+01:00 INFO : 39: generating IMRPhenomD from 30.0 Hz
2026-09-06T17:53:02.776+01:00 INFO : Decompressing waveform using inline_linear
2026-09-06T17:53:02.785+01:00 INFO : Filtering template 40/96 segment 1/3
2026-09-06T17:53:02.828+01:00 INFO : Filtering template 40/96 segment 2/3
2026-09-06T17:53:02.867+01:00 INFO : 1 points above threshold
2026-09-06T17:53:02.894+01:00 INFO : Filtering template 40/96 segment 3/3
2026-09-06T17:53:02.932+01:00 INFO : 1 points above threshold
2026-09-06T17:53:02.942+01:00 INFO : 40: generating IMRPhenomD from 30.0 Hz
2026-09-06T17:53:02.947+01:00 INFO : Decompressing waveform using inline_linear
2026-09-06T17:53:02.956+01:00 INFO : Filtering template 41/96 segment 1/3
2026-09-06T17:53:02.999+01:00 INFO : Filtering template 41/96 segment 2/3
2026-09-06T17:53:03.038+01:00 INFO : 4 points above threshold
2026-09-06T17:53:03.066+01:00 INFO : Filtering template 41/96 segment 3/3
2026-09-06T17:53:03.104+01:00 INFO : 41: generating IMRPhenomD from 30.0 Hz
2026-09-06T17:53:03.108+01:00 INFO : Decompressing waveform using inline_linear
2026-09-06T17:53:03.117+01:00 INFO : Filtering template 42/96 segment 1/3
2026-09-06T17:53:03.161+01:00 INFO : Filtering template 42/96 segment 2/3
2026-09-06T17:53:03.199+01:00 INFO : 2 points above threshold
2026-09-06T17:53:03.227+01:00 INFO : Filtering template 42/96 segment 3/3
2026-09-06T17:53:03.265+01:00 INFO : 2 points above threshold
2026-09-06T17:53:03.275+01:00 INFO : 42: generating IMRPhenomD from 30.0 Hz
2026-09-06T17:53:03.279+01:00 INFO : Decompressing waveform using inline_linear
2026-09-06T17:53:03.288+01:00 INFO : Filtering template 43/96 segment 1/3
2026-09-06T17:53:03.332+01:00 INFO : 2 points above threshold
2026-09-06T17:53:03.360+01:00 INFO : Filtering template 43/96 segment 2/3
2026-09-06T17:53:03.398+01:00 INFO : 2 points above threshold
2026-09-06T17:53:03.408+01:00 INFO : Filtering template 43/96 segment 3/3
2026-09-06T17:53:03.446+01:00 INFO : 43: generating IMRPhenomD from 30.0 Hz
2026-09-06T17:53:03.450+01:00 INFO : Decompressing waveform using inline_linear
2026-09-06T17:53:03.460+01:00 INFO : Filtering template 44/96 segment 1/3
2026-09-06T17:53:03.503+01:00 INFO : 1 points above threshold
2026-09-06T17:53:03.531+01:00 INFO : Filtering template 44/96 segment 2/3
2026-09-06T17:53:03.569+01:00 INFO : 1 points above threshold
2026-09-06T17:53:03.581+01:00 INFO : Filtering template 44/96 segment 3/3
2026-09-06T17:53:03.619+01:00 INFO : 44: generating IMRPhenomD from 30.0 Hz
2026-09-06T17:53:03.623+01:00 INFO : Decompressing waveform using inline_linear
2026-09-06T17:53:03.632+01:00 INFO : Filtering template 45/96 segment 1/3
2026-09-06T17:53:03.676+01:00 INFO : 3 points above threshold
2026-09-06T17:53:03.707+01:00 INFO : Filtering template 45/96 segment 2/3
2026-09-06T17:53:03.745+01:00 INFO : 1 points above threshold
2026-09-06T17:53:03.755+01:00 INFO : Filtering template 45/96 segment 3/3
2026-09-06T17:53:03.793+01:00 INFO : 45: generating IMRPhenomD from 30.0 Hz
2026-09-06T17:53:03.798+01:00 INFO : Decompressing waveform using inline_linear
2026-09-06T17:53:03.807+01:00 INFO : Filtering template 46/96 segment 1/3
2026-09-06T17:53:03.850+01:00 INFO : Filtering template 46/96 segment 2/3
2026-09-06T17:53:03.888+01:00 INFO : 1 points above threshold
2026-09-06T17:53:03.916+01:00 INFO : Filtering template 46/96 segment 3/3
2026-09-06T17:53:03.954+01:00 INFO : 4 points above threshold
2026-09-06T17:53:03.964+01:00 INFO : 46: generating IMRPhenomD from 30.0 Hz
2026-09-06T17:53:03.969+01:00 INFO : Decompressing waveform using inline_linear
2026-09-06T17:53:03.978+01:00 INFO : Filtering template 47/96 segment 1/3
2026-09-06T17:53:04.021+01:00 INFO : 3 points above threshold
2026-09-06T17:53:04.053+01:00 INFO : Filtering template 47/96 segment 2/3
2026-09-06T17:53:04.091+01:00 INFO : 3 points above threshold
2026-09-06T17:53:04.105+01:00 INFO : Filtering template 47/96 segment 3/3
2026-09-06T17:53:04.143+01:00 INFO : 1 points above threshold
2026-09-06T17:53:04.153+01:00 INFO : 47: generating IMRPhenomD from 30.0 Hz
2026-09-06T17:53:04.157+01:00 INFO : Decompressing waveform using inline_linear
2026-09-06T17:53:04.166+01:00 INFO : Filtering template 48/96 segment 1/3
2026-09-06T17:53:04.210+01:00 INFO : 4 points above threshold
2026-09-06T17:53:04.237+01:00 INFO : Filtering template 48/96 segment 2/3
2026-09-06T17:53:04.276+01:00 INFO : 2 points above threshold
2026-09-06T17:53:04.285+01:00 INFO : Filtering template 48/96 segment 3/3
2026-09-06T17:53:04.323+01:00 INFO : 2 points above threshold
2026-09-06T17:53:04.333+01:00 INFO : 48: generating IMRPhenomD from 30.0 Hz
2026-09-06T17:53:04.337+01:00 INFO : Decompressing waveform using inline_linear
2026-09-06T17:53:04.347+01:00 INFO : Filtering template 49/96 segment 1/3
2026-09-06T17:53:04.390+01:00 INFO : 1 points above threshold
2026-09-06T17:53:04.418+01:00 INFO : Filtering template 49/96 segment 2/3
2026-09-06T17:53:04.456+01:00 INFO : 3 points above threshold
2026-09-06T17:53:04.470+01:00 INFO : Filtering template 49/96 segment 3/3
2026-09-06T17:53:04.508+01:00 INFO : 49: generating IMRPhenomD from 30.0 Hz
2026-09-06T17:53:04.512+01:00 INFO : Decompressing waveform using inline_linear
2026-09-06T17:53:04.521+01:00 INFO : Filtering template 50/96 segment 1/3
2026-09-06T17:53:04.565+01:00 INFO : 1 points above threshold
2026-09-06T17:53:04.593+01:00 INFO : Filtering template 50/96 segment 2/3
2026-09-06T17:53:04.631+01:00 INFO : 6 points above threshold
2026-09-06T17:53:04.646+01:00 INFO : Filtering template 50/96 segment 3/3
2026-09-06T17:53:04.684+01:00 INFO : 1 points above threshold
2026-09-06T17:53:04.694+01:00 INFO : 50: generating IMRPhenomD from 30.0 Hz
2026-09-06T17:53:04.698+01:00 INFO : Decompressing waveform using inline_linear
2026-09-06T17:53:04.707+01:00 INFO : Filtering template 51/96 segment 1/3
2026-09-06T17:53:04.751+01:00 INFO : 2 points above threshold
2026-09-06T17:53:04.779+01:00 INFO : Filtering template 51/96 segment 2/3
2026-09-06T17:53:04.817+01:00 INFO : 1 points above threshold
2026-09-06T17:53:04.826+01:00 INFO : Filtering template 51/96 segment 3/3
2026-09-06T17:53:04.864+01:00 INFO : 2 points above threshold
2026-09-06T17:53:04.874+01:00 INFO : 51: generating IMRPhenomD from 30.0 Hz
2026-09-06T17:53:04.893+01:00 INFO : Decompressing waveform using inline_linear
2026-09-06T17:53:04.903+01:00 INFO : Filtering template 52/96 segment 1/3
2026-09-06T17:53:04.952+01:00 INFO : 1 points above threshold
2026-09-06T17:53:04.984+01:00 INFO : Filtering template 52/96 segment 2/3
2026-09-06T17:53:05.022+01:00 INFO : 2 points above threshold
2026-09-06T17:53:05.032+01:00 INFO : Filtering template 52/96 segment 3/3
2026-09-06T17:53:05.070+01:00 INFO : 3 points above threshold
2026-09-06T17:53:05.083+01:00 INFO : 52: generating IMRPhenomD from 30.0 Hz
2026-09-06T17:53:05.088+01:00 INFO : Decompressing waveform using inline_linear
2026-09-06T17:53:05.097+01:00 INFO : Filtering template 53/96 segment 1/3
2026-09-06T17:53:05.141+01:00 INFO : 4 points above threshold
2026-09-06T17:53:05.168+01:00 INFO : Filtering template 53/96 segment 2/3
2026-09-06T17:53:05.206+01:00 INFO : 3 points above threshold
2026-09-06T17:53:05.220+01:00 INFO : Filtering template 53/96 segment 3/3
2026-09-06T17:53:05.258+01:00 INFO : 2 points above threshold
2026-09-06T17:53:05.268+01:00 INFO : 53: generating IMRPhenomD from 30.0 Hz
2026-09-06T17:53:05.272+01:00 INFO : Decompressing waveform using inline_linear
2026-09-06T17:53:05.281+01:00 INFO : Filtering template 54/96 segment 1/3
2026-09-06T17:53:05.325+01:00 INFO : Filtering template 54/96 segment 2/3
2026-09-06T17:53:05.363+01:00 INFO : 4 points above threshold
2026-09-06T17:53:05.391+01:00 INFO : Filtering template 54/96 segment 3/3
2026-09-06T17:53:05.429+01:00 INFO : 3 points above threshold
2026-09-06T17:53:05.443+01:00 INFO : 54: generating IMRPhenomD from 30.0 Hz
2026-09-06T17:53:05.447+01:00 INFO : Decompressing waveform using inline_linear
2026-09-06T17:53:05.456+01:00 INFO : Filtering template 55/96 segment 1/3
2026-09-06T17:53:05.500+01:00 INFO : 1 points above threshold
2026-09-06T17:53:05.528+01:00 INFO : Filtering template 55/96 segment 2/3
2026-09-06T17:53:05.566+01:00 INFO : 3 points above threshold
2026-09-06T17:53:05.579+01:00 INFO : Filtering template 55/96 segment 3/3
2026-09-06T17:53:05.617+01:00 INFO : 2 points above threshold
2026-09-06T17:53:05.627+01:00 INFO : 55: generating IMRPhenomD from 30.0 Hz
2026-09-06T17:53:05.631+01:00 INFO : Decompressing waveform using inline_linear
2026-09-06T17:53:05.640+01:00 INFO : Filtering template 56/96 segment 1/3
2026-09-06T17:53:05.687+01:00 INFO : 2 points above threshold
2026-09-06T17:53:05.716+01:00 INFO : Filtering template 56/96 segment 2/3
2026-09-06T17:53:05.759+01:00 INFO : 4 points above threshold
2026-09-06T17:53:05.769+01:00 INFO : Filtering template 56/96 segment 3/3
2026-09-06T17:53:05.807+01:00 INFO : 1 points above threshold
2026-09-06T17:53:05.817+01:00 INFO : 56: generating IMRPhenomD from 30.0 Hz
2026-09-06T17:53:05.822+01:00 INFO : Decompressing waveform using inline_linear
2026-09-06T17:53:05.831+01:00 INFO : Filtering template 57/96 segment 1/3
2026-09-06T17:53:05.875+01:00 INFO : 2 points above threshold
2026-09-06T17:53:05.902+01:00 INFO : Filtering template 57/96 segment 2/3
2026-09-06T17:53:05.940+01:00 INFO : 4 points above threshold
2026-09-06T17:53:05.950+01:00 INFO : Filtering template 57/96 segment 3/3
2026-09-06T17:53:05.989+01:00 INFO : 1 points above threshold
2026-09-06T17:53:05.999+01:00 INFO : 57: generating IMRPhenomD from 30.0 Hz
2026-09-06T17:53:06.003+01:00 INFO : Decompressing waveform using inline_linear
2026-09-06T17:53:06.012+01:00 INFO : Filtering template 58/96 segment 1/3
2026-09-06T17:53:06.056+01:00 INFO : 1 points above threshold
2026-09-06T17:53:06.083+01:00 INFO : Filtering template 58/96 segment 2/3
2026-09-06T17:53:06.121+01:00 INFO : 3 points above threshold
2026-09-06T17:53:06.135+01:00 INFO : Filtering template 58/96 segment 3/3
2026-09-06T17:53:06.173+01:00 INFO : 2 points above threshold
2026-09-06T17:53:06.183+01:00 INFO : 58: generating IMRPhenomD from 30.0 Hz
2026-09-06T17:53:06.187+01:00 INFO : Decompressing waveform using inline_linear
2026-09-06T17:53:06.196+01:00 INFO : Filtering template 59/96 segment 1/3
2026-09-06T17:53:06.240+01:00 INFO : 2 points above threshold
2026-09-06T17:53:06.268+01:00 INFO : Filtering template 59/96 segment 2/3
2026-09-06T17:53:06.306+01:00 INFO : 3 points above threshold
2026-09-06T17:53:06.319+01:00 INFO : Filtering template 59/96 segment 3/3
2026-09-06T17:53:06.357+01:00 INFO : 1 points above threshold
2026-09-06T17:53:06.368+01:00 INFO : 59: generating IMRPhenomD from 30.0 Hz
2026-09-06T17:53:06.372+01:00 INFO : Decompressing waveform using inline_linear
2026-09-06T17:53:06.381+01:00 INFO : Filtering template 60/96 segment 1/3
2026-09-06T17:53:06.424+01:00 INFO : Filtering template 60/96 segment 2/3
2026-09-06T17:53:06.463+01:00 INFO : 1 points above threshold
2026-09-06T17:53:06.490+01:00 INFO : Filtering template 60/96 segment 3/3
2026-09-06T17:53:06.528+01:00 INFO : 2 points above threshold
2026-09-06T17:53:06.538+01:00 INFO : 60: generating IMRPhenomD from 30.0 Hz
2026-09-06T17:53:06.542+01:00 INFO : Decompressing waveform using inline_linear
2026-09-06T17:53:06.552+01:00 INFO : Filtering template 61/96 segment 1/3
2026-09-06T17:53:06.595+01:00 INFO : 1 points above threshold
2026-09-06T17:53:06.623+01:00 INFO : Filtering template 61/96 segment 2/3
2026-09-06T17:53:06.661+01:00 INFO : 2 points above threshold
2026-09-06T17:53:06.671+01:00 INFO : Filtering template 61/96 segment 3/3
2026-09-06T17:53:06.709+01:00 INFO : 1 points above threshold
2026-09-06T17:53:06.719+01:00 INFO : 61: generating IMRPhenomD from 30.0 Hz
2026-09-06T17:53:06.723+01:00 INFO : Decompressing waveform using inline_linear
2026-09-06T17:53:06.733+01:00 INFO : Filtering template 62/96 segment 1/3
2026-09-06T17:53:06.776+01:00 INFO : 2 points above threshold
2026-09-06T17:53:06.804+01:00 INFO : Filtering template 62/96 segment 2/3
2026-09-06T17:53:06.842+01:00 INFO : 1 points above threshold
2026-09-06T17:53:06.852+01:00 INFO : Filtering template 62/96 segment 3/3
2026-09-06T17:53:06.890+01:00 INFO : 4 points above threshold
2026-09-06T17:53:06.900+01:00 INFO : 62: generating IMRPhenomD from 30.0 Hz
2026-09-06T17:53:06.904+01:00 INFO : Decompressing waveform using inline_linear
2026-09-06T17:53:06.913+01:00 INFO : Filtering template 63/96 segment 1/3
2026-09-06T17:53:06.957+01:00 INFO : 1 points above threshold
2026-09-06T17:53:06.986+01:00 INFO : Filtering template 63/96 segment 2/3
2026-09-06T17:53:07.024+01:00 INFO : 3 points above threshold
2026-09-06T17:53:07.037+01:00 INFO : Filtering template 63/96 segment 3/3
2026-09-06T17:53:07.075+01:00 INFO : 2 points above threshold
2026-09-06T17:53:07.085+01:00 INFO : 63: generating IMRPhenomD from 30.0 Hz
2026-09-06T17:53:07.089+01:00 INFO : Decompressing waveform using inline_linear
2026-09-06T17:53:07.099+01:00 INFO : Filtering template 64/96 segment 1/3
2026-09-06T17:53:07.142+01:00 INFO : 2 points above threshold
2026-09-06T17:53:07.170+01:00 INFO : Filtering template 64/96 segment 2/3
2026-09-06T17:53:07.208+01:00 INFO : 1 points above threshold
2026-09-06T17:53:07.218+01:00 INFO : Filtering template 64/96 segment 3/3
2026-09-06T17:53:07.256+01:00 INFO : 64: generating IMRPhenomD from 30.0 Hz
2026-09-06T17:53:07.260+01:00 INFO : Decompressing waveform using inline_linear
2026-09-06T17:53:07.269+01:00 INFO : Filtering template 65/96 segment 1/3
2026-09-06T17:53:07.313+01:00 INFO : 3 points above threshold
2026-09-06T17:53:07.345+01:00 INFO : Filtering template 65/96 segment 2/3
2026-09-06T17:53:07.383+01:00 INFO : 3 points above threshold
2026-09-06T17:53:07.396+01:00 INFO : Filtering template 65/96 segment 3/3
2026-09-06T17:53:07.435+01:00 INFO : 1 points above threshold
2026-09-06T17:53:07.445+01:00 INFO : 65: generating IMRPhenomD from 30.0 Hz
2026-09-06T17:53:07.449+01:00 INFO : Decompressing waveform using inline_linear
2026-09-06T17:53:07.458+01:00 INFO : Filtering template 66/96 segment 1/3
2026-09-06T17:53:07.502+01:00 INFO : 2 points above threshold
2026-09-06T17:53:07.529+01:00 INFO : Filtering template 66/96 segment 2/3
2026-09-06T17:53:07.567+01:00 INFO : 2 points above threshold
2026-09-06T17:53:07.577+01:00 INFO : Filtering template 66/96 segment 3/3
2026-09-06T17:53:07.615+01:00 INFO : 1 points above threshold
2026-09-06T17:53:07.626+01:00 INFO : 66: generating IMRPhenomD from 30.0 Hz
2026-09-06T17:53:07.630+01:00 INFO : Decompressing waveform using inline_linear
2026-09-06T17:53:07.639+01:00 INFO : Filtering template 67/96 segment 1/3
2026-09-06T17:53:07.683+01:00 INFO : 3 points above threshold
2026-09-06T17:53:07.714+01:00 INFO : Filtering template 67/96 segment 2/3
2026-09-06T17:53:07.752+01:00 INFO : 1 points above threshold
2026-09-06T17:53:07.762+01:00 INFO : Filtering template 67/96 segment 3/3
2026-09-06T17:53:07.801+01:00 INFO : 67: generating IMRPhenomD from 30.0 Hz
2026-09-06T17:53:07.805+01:00 INFO : Decompressing waveform using inline_linear
2026-09-06T17:53:07.814+01:00 INFO : Filtering template 68/96 segment 1/3
2026-09-06T17:53:07.858+01:00 INFO : 2 points above threshold
2026-09-06T17:53:07.885+01:00 INFO : Filtering template 68/96 segment 2/3
2026-09-06T17:53:07.924+01:00 INFO : 1 points above threshold
2026-09-06T17:53:07.933+01:00 INFO : Filtering template 68/96 segment 3/3
2026-09-06T17:53:07.971+01:00 INFO : 2 points above threshold
2026-09-06T17:53:07.981+01:00 INFO : 68: generating IMRPhenomD from 30.0 Hz
2026-09-06T17:53:07.986+01:00 INFO : Decompressing waveform using inline_linear
2026-09-06T17:53:07.995+01:00 INFO : Filtering template 69/96 segment 1/3
2026-09-06T17:53:08.038+01:00 INFO : Filtering template 69/96 segment 2/3
2026-09-06T17:53:08.076+01:00 INFO : 1 points above threshold
2026-09-06T17:53:08.104+01:00 INFO : Filtering template 69/96 segment 3/3
2026-09-06T17:53:08.142+01:00 INFO : 2 points above threshold
2026-09-06T17:53:08.152+01:00 INFO : 69: generating IMRPhenomD from 30.0 Hz
2026-09-06T17:53:08.156+01:00 INFO : Decompressing waveform using inline_linear
2026-09-06T17:53:08.165+01:00 INFO : Filtering template 70/96 segment 1/3
2026-09-06T17:53:08.209+01:00 INFO : 4 points above threshold
2026-09-06T17:53:08.237+01:00 INFO : Filtering template 70/96 segment 2/3
2026-09-06T17:53:08.275+01:00 INFO : Filtering template 70/96 segment 3/3
2026-09-06T17:53:08.313+01:00 INFO : 4 points above threshold
2026-09-06T17:53:08.323+01:00 INFO : 70: generating IMRPhenomD from 30.0 Hz
2026-09-06T17:53:08.327+01:00 INFO : Decompressing waveform using inline_linear
2026-09-06T17:53:08.336+01:00 INFO : Filtering template 71/96 segment 1/3
2026-09-06T17:53:08.380+01:00 INFO : Filtering template 71/96 segment 2/3
2026-09-06T17:53:08.419+01:00 INFO : 2 points above threshold
2026-09-06T17:53:08.446+01:00 INFO : Filtering template 71/96 segment 3/3
2026-09-06T17:53:08.484+01:00 INFO : 4 points above threshold
2026-09-06T17:53:08.494+01:00 INFO : 71: generating IMRPhenomD from 30.0 Hz
2026-09-06T17:53:08.498+01:00 INFO : Decompressing waveform using inline_linear
2026-09-06T17:53:08.507+01:00 INFO : Filtering template 72/96 segment 1/3
2026-09-06T17:53:08.551+01:00 INFO : 2 points above threshold
2026-09-06T17:53:08.579+01:00 INFO : Filtering template 72/96 segment 2/3
2026-09-06T17:53:08.617+01:00 INFO : 3 points above threshold
2026-09-06T17:53:08.631+01:00 INFO : Filtering template 72/96 segment 3/3
2026-09-06T17:53:08.669+01:00 INFO : 6 points above threshold
2026-09-06T17:53:08.684+01:00 INFO : 72: generating IMRPhenomD from 30.0 Hz
2026-09-06T17:53:08.688+01:00 INFO : Decompressing waveform using inline_linear
2026-09-06T17:53:08.697+01:00 INFO : Filtering template 73/96 segment 1/3
2026-09-06T17:53:08.741+01:00 INFO : 1 points above threshold
2026-09-06T17:53:08.768+01:00 INFO : Filtering template 73/96 segment 2/3
2026-09-06T17:53:08.807+01:00 INFO : 1 points above threshold
2026-09-06T17:53:08.817+01:00 INFO : Filtering template 73/96 segment 3/3
2026-09-06T17:53:08.855+01:00 INFO : 1 points above threshold
2026-09-06T17:53:08.865+01:00 INFO : 73: generating IMRPhenomD from 30.0 Hz
2026-09-06T17:53:08.869+01:00 INFO : Decompressing waveform using inline_linear
2026-09-06T17:53:08.878+01:00 INFO : Filtering template 74/96 segment 1/3
2026-09-06T17:53:08.922+01:00 INFO : 2 points above threshold
2026-09-06T17:53:08.950+01:00 INFO : Filtering template 74/96 segment 2/3
2026-09-06T17:53:08.988+01:00 INFO : 3 points above threshold
2026-09-06T17:53:09.002+01:00 INFO : Filtering template 74/96 segment 3/3
2026-09-06T17:53:09.040+01:00 INFO : 1 points above threshold
2026-09-06T17:53:09.050+01:00 INFO : 74: generating IMRPhenomD from 30.0 Hz
2026-09-06T17:53:09.054+01:00 INFO : Decompressing waveform using inline_linear
2026-09-06T17:53:09.063+01:00 INFO : Filtering template 75/96 segment 1/3
2026-09-06T17:53:09.107+01:00 INFO : Filtering template 75/96 segment 2/3
2026-09-06T17:53:09.145+01:00 INFO : 3 points above threshold
2026-09-06T17:53:09.176+01:00 INFO : Filtering template 75/96 segment 3/3
2026-09-06T17:53:09.214+01:00 INFO : 2 points above threshold
2026-09-06T17:53:09.224+01:00 INFO : 75: generating IMRPhenomD from 30.0 Hz
2026-09-06T17:53:09.228+01:00 INFO : Decompressing waveform using inline_linear
2026-09-06T17:53:09.238+01:00 INFO : Filtering template 76/96 segment 1/3
2026-09-06T17:53:09.281+01:00 INFO : 1 points above threshold
2026-09-06T17:53:09.309+01:00 INFO : Filtering template 76/96 segment 2/3
2026-09-06T17:53:09.347+01:00 INFO : 1 points above threshold
2026-09-06T17:53:09.357+01:00 INFO : Filtering template 76/96 segment 3/3
2026-09-06T17:53:09.395+01:00 INFO : 2 points above threshold
2026-09-06T17:53:09.405+01:00 INFO : 76: generating IMRPhenomD from 30.0 Hz
2026-09-06T17:53:09.409+01:00 INFO : Decompressing waveform using inline_linear
2026-09-06T17:53:09.418+01:00 INFO : Filtering template 77/96 segment 1/3
2026-09-06T17:53:09.463+01:00 INFO : 1 points above threshold
2026-09-06T17:53:09.491+01:00 INFO : Filtering template 77/96 segment 2/3
2026-09-06T17:53:09.529+01:00 INFO : Filtering template 77/96 segment 3/3
2026-09-06T17:53:09.567+01:00 INFO : 1 points above threshold
2026-09-06T17:53:09.577+01:00 INFO : 77: generating IMRPhenomD from 30.0 Hz
2026-09-06T17:53:09.581+01:00 INFO : Decompressing waveform using inline_linear
2026-09-06T17:53:09.590+01:00 INFO : Filtering template 78/96 segment 1/3
2026-09-06T17:53:09.634+01:00 INFO : Filtering template 78/96 segment 2/3
2026-09-06T17:53:09.673+01:00 INFO : Filtering template 78/96 segment 3/3
2026-09-06T17:53:09.711+01:00 INFO : 1 points above threshold
2026-09-06T17:53:09.739+01:00 INFO : 78: generating IMRPhenomD from 30.0 Hz
2026-09-06T17:53:09.743+01:00 INFO : Decompressing waveform using inline_linear
2026-09-06T17:53:09.752+01:00 INFO : Filtering template 79/96 segment 1/3
2026-09-06T17:53:09.796+01:00 INFO : 2 points above threshold
2026-09-06T17:53:09.824+01:00 INFO : Filtering template 79/96 segment 2/3
2026-09-06T17:53:09.862+01:00 INFO : 1 points above threshold
2026-09-06T17:53:09.872+01:00 INFO : Filtering template 79/96 segment 3/3
2026-09-06T17:53:09.911+01:00 INFO : 4 points above threshold
2026-09-06T17:53:09.921+01:00 INFO : 79: generating IMRPhenomD from 30.0 Hz
2026-09-06T17:53:09.925+01:00 INFO : Decompressing waveform using inline_linear
2026-09-06T17:53:09.934+01:00 INFO : Filtering template 80/96 segment 1/3
2026-09-06T17:53:09.978+01:00 INFO : 3 points above threshold
2026-09-06T17:53:10.011+01:00 INFO : Filtering template 80/96 segment 2/3
2026-09-06T17:53:10.049+01:00 INFO : 1 points above threshold
2026-09-06T17:53:10.059+01:00 INFO : Filtering template 80/96 segment 3/3
2026-09-06T17:53:10.097+01:00 INFO : 1 points above threshold
2026-09-06T17:53:10.109+01:00 INFO : 80: generating IMRPhenomD from 30.0 Hz
2026-09-06T17:53:10.113+01:00 INFO : Decompressing waveform using inline_linear
2026-09-06T17:53:10.122+01:00 INFO : Filtering template 81/96 segment 1/3
2026-09-06T17:53:10.166+01:00 INFO : 2 points above threshold
2026-09-06T17:53:10.193+01:00 INFO : Filtering template 81/96 segment 2/3
2026-09-06T17:53:10.232+01:00 INFO : 2 points above threshold
2026-09-06T17:53:10.242+01:00 INFO : Filtering template 81/96 segment 3/3
2026-09-06T17:53:10.280+01:00 INFO : 1 points above threshold
2026-09-06T17:53:10.290+01:00 INFO : 81: generating IMRPhenomD from 30.0 Hz
2026-09-06T17:53:10.294+01:00 INFO : Decompressing waveform using inline_linear
2026-09-06T17:53:10.303+01:00 INFO : Filtering template 82/96 segment 1/3
2026-09-06T17:53:10.347+01:00 INFO : 1 points above threshold
2026-09-06T17:53:10.375+01:00 INFO : Filtering template 82/96 segment 2/3
2026-09-06T17:53:10.413+01:00 INFO : 2 points above threshold
2026-09-06T17:53:10.422+01:00 INFO : Filtering template 82/96 segment 3/3
2026-09-06T17:53:10.461+01:00 INFO : 82: generating IMRPhenomD from 30.0 Hz
2026-09-06T17:53:10.465+01:00 INFO : Decompressing waveform using inline_linear
2026-09-06T17:53:10.474+01:00 INFO : Filtering template 83/96 segment 1/3
2026-09-06T17:53:10.518+01:00 INFO : 2 points above threshold
2026-09-06T17:53:10.546+01:00 INFO : Filtering template 83/96 segment 2/3
2026-09-06T17:53:10.584+01:00 INFO : 5 points above threshold
2026-09-06T17:53:10.598+01:00 INFO : Filtering template 83/96 segment 3/3
2026-09-06T17:53:10.636+01:00 INFO : 4 points above threshold
2026-09-06T17:53:10.647+01:00 INFO : 83: generating IMRPhenomD from 30.0 Hz
2026-09-06T17:53:10.651+01:00 INFO : Decompressing waveform using inline_linear
2026-09-06T17:53:10.660+01:00 INFO : Filtering template 84/96 segment 1/3
2026-09-06T17:53:10.704+01:00 INFO : Filtering template 84/96 segment 2/3
2026-09-06T17:53:10.742+01:00 INFO : 2 points above threshold
2026-09-06T17:53:10.770+01:00 INFO : Filtering template 84/96 segment 3/3
2026-09-06T17:53:10.813+01:00 INFO : 2 points above threshold
2026-09-06T17:53:10.826+01:00 INFO : 84: generating IMRPhenomD from 30.0 Hz
2026-09-06T17:53:10.832+01:00 INFO : Decompressing waveform using inline_linear
2026-09-06T17:53:10.841+01:00 INFO : Filtering template 85/96 segment 1/3
2026-09-06T17:53:10.886+01:00 INFO : 2 points above threshold
2026-09-06T17:53:10.914+01:00 INFO : Filtering template 85/96 segment 2/3
2026-09-06T17:53:10.952+01:00 INFO : 3 points above threshold
2026-09-06T17:53:10.965+01:00 INFO : Filtering template 85/96 segment 3/3
2026-09-06T17:53:11.004+01:00 INFO : 4 points above threshold
2026-09-06T17:53:11.014+01:00 INFO : 85: generating IMRPhenomD from 30.0 Hz
2026-09-06T17:53:11.018+01:00 INFO : Decompressing waveform using inline_linear
2026-09-06T17:53:11.027+01:00 INFO : Filtering template 86/96 segment 1/3
2026-09-06T17:53:11.071+01:00 INFO : 3 points above threshold
2026-09-06T17:53:11.102+01:00 INFO : Filtering template 86/96 segment 2/3
2026-09-06T17:53:11.140+01:00 INFO : 2 points above threshold
2026-09-06T17:53:11.150+01:00 INFO : Filtering template 86/96 segment 3/3
2026-09-06T17:53:11.188+01:00 INFO : 2 points above threshold
2026-09-06T17:53:11.198+01:00 INFO : 86: generating IMRPhenomD from 30.0 Hz
2026-09-06T17:53:11.202+01:00 INFO : Decompressing waveform using inline_linear
2026-09-06T17:53:11.211+01:00 INFO : Filtering template 87/96 segment 1/3
2026-09-06T17:53:11.255+01:00 INFO : 1 points above threshold
2026-09-06T17:53:11.283+01:00 INFO : Filtering template 87/96 segment 2/3
2026-09-06T17:53:11.321+01:00 INFO : 3 points above threshold
2026-09-06T17:53:11.335+01:00 INFO : Filtering template 87/96 segment 3/3
2026-09-06T17:53:11.373+01:00 INFO : 2 points above threshold
2026-09-06T17:53:11.383+01:00 INFO : 87: generating IMRPhenomD from 30.0 Hz
2026-09-06T17:53:11.387+01:00 INFO : Decompressing waveform using inline_linear
2026-09-06T17:53:11.396+01:00 INFO : Filtering template 88/96 segment 1/3
2026-09-06T17:53:11.440+01:00 INFO : 2 points above threshold
2026-09-06T17:53:11.467+01:00 INFO : Filtering template 88/96 segment 2/3
2026-09-06T17:53:11.505+01:00 INFO : 1 points above threshold
2026-09-06T17:53:11.515+01:00 INFO : Filtering template 88/96 segment 3/3
2026-09-06T17:53:11.553+01:00 INFO : 2 points above threshold
2026-09-06T17:53:11.563+01:00 INFO : 88: generating IMRPhenomD from 30.0 Hz
2026-09-06T17:53:11.567+01:00 INFO : Decompressing waveform using inline_linear
2026-09-06T17:53:11.576+01:00 INFO : Filtering template 89/96 segment 1/3
2026-09-06T17:53:11.620+01:00 INFO : 2 points above threshold
2026-09-06T17:53:11.647+01:00 INFO : Filtering template 89/96 segment 2/3
2026-09-06T17:53:11.686+01:00 INFO : 3 points above threshold
2026-09-06T17:53:11.699+01:00 INFO : Filtering template 89/96 segment 3/3
2026-09-06T17:53:11.737+01:00 INFO : 1 points above threshold
2026-09-06T17:53:11.747+01:00 INFO : 89: generating IMRPhenomD from 30.0 Hz
2026-09-06T17:53:11.751+01:00 INFO : Decompressing waveform using inline_linear
2026-09-06T17:53:11.761+01:00 INFO : Filtering template 90/96 segment 1/3
2026-09-06T17:53:11.804+01:00 INFO : 1 points above threshold
2026-09-06T17:53:11.832+01:00 INFO : Filtering template 90/96 segment 2/3
2026-09-06T17:53:11.870+01:00 INFO : 3 points above threshold
2026-09-06T17:53:11.884+01:00 INFO : Filtering template 90/96 segment 3/3
2026-09-06T17:53:11.922+01:00 INFO : 1 points above threshold
2026-09-06T17:53:11.932+01:00 INFO : 90: generating IMRPhenomD from 30.0 Hz
2026-09-06T17:53:11.936+01:00 INFO : Decompressing waveform using inline_linear
2026-09-06T17:53:11.946+01:00 INFO : Filtering template 91/96 segment 1/3
2026-09-06T17:53:11.989+01:00 INFO : Filtering template 91/96 segment 2/3
2026-09-06T17:53:12.028+01:00 INFO : 5 points above threshold
2026-09-06T17:53:12.060+01:00 INFO : Filtering template 91/96 segment 3/3
2026-09-06T17:53:12.098+01:00 INFO : 1 points above threshold
2026-09-06T17:53:12.108+01:00 INFO : 91: generating IMRPhenomD from 30.0 Hz
2026-09-06T17:53:12.112+01:00 INFO : Decompressing waveform using inline_linear
2026-09-06T17:53:12.121+01:00 INFO : Filtering template 92/96 segment 1/3
2026-09-06T17:53:12.164+01:00 INFO : 2 points above threshold
2026-09-06T17:53:12.192+01:00 INFO : Filtering template 92/96 segment 2/3
2026-09-06T17:53:12.230+01:00 INFO : 4 points above threshold
2026-09-06T17:53:12.240+01:00 INFO : Filtering template 92/96 segment 3/3
2026-09-06T17:53:12.278+01:00 INFO : 92: generating IMRPhenomD from 30.0 Hz
2026-09-06T17:53:12.282+01:00 INFO : Decompressing waveform using inline_linear
2026-09-06T17:53:12.292+01:00 INFO : Filtering template 93/96 segment 1/3
2026-09-06T17:53:12.335+01:00 INFO : 2 points above threshold
2026-09-06T17:53:12.363+01:00 INFO : Filtering template 93/96 segment 2/3
2026-09-06T17:53:12.401+01:00 INFO : 5 points above threshold
2026-09-06T17:53:12.415+01:00 INFO : Filtering template 93/96 segment 3/3
2026-09-06T17:53:12.453+01:00 INFO : 1 points above threshold
2026-09-06T17:53:12.463+01:00 INFO : 93: generating IMRPhenomD from 30.0 Hz
2026-09-06T17:53:12.467+01:00 INFO : Decompressing waveform using inline_linear
2026-09-06T17:53:12.476+01:00 INFO : Filtering template 94/96 segment 1/3
2026-09-06T17:53:12.520+01:00 INFO : 2 points above threshold
2026-09-06T17:53:12.547+01:00 INFO : Filtering template 94/96 segment 2/3
2026-09-06T17:53:12.586+01:00 INFO : 5 points above threshold
2026-09-06T17:53:12.600+01:00 INFO : Filtering template 94/96 segment 3/3
2026-09-06T17:53:12.638+01:00 INFO : 2 points above threshold
2026-09-06T17:53:12.648+01:00 INFO : 94: generating IMRPhenomD from 30.0 Hz
2026-09-06T17:53:12.652+01:00 INFO : Decompressing waveform using inline_linear
2026-09-06T17:53:12.661+01:00 INFO : Filtering template 95/96 segment 1/3
2026-09-06T17:53:12.705+01:00 INFO : 3 points above threshold
2026-09-06T17:53:12.736+01:00 INFO : Filtering template 95/96 segment 2/3
2026-09-06T17:53:12.775+01:00 INFO : 4 points above threshold
2026-09-06T17:53:12.785+01:00 INFO : Filtering template 95/96 segment 3/3
2026-09-06T17:53:12.822+01:00 INFO : 1 points above threshold
2026-09-06T17:53:12.832+01:00 INFO : 95: generating IMRPhenomD from 30.0 Hz
2026-09-06T17:53:12.837+01:00 INFO : Decompressing waveform using inline_linear
2026-09-06T17:53:12.846+01:00 INFO : Filtering template 96/96 segment 1/3
2026-09-06T17:53:12.889+01:00 INFO : 2 points above threshold
2026-09-06T17:53:12.917+01:00 INFO : Filtering template 96/96 segment 2/3
2026-09-06T17:53:12.955+01:00 INFO : Filtering template 96/96 segment 3/3
2026-09-06T17:53:12.993+01:00 INFO : 1 points above threshold
2026-09-06T17:53:13.003+01:00 INFO : We currently have 528 triggers
2026-09-06T17:53:13.003+01:00 INFO : Removing triggers with NewSNR below threshold
2026-09-06T17:53:13.004+01:00 INFO : 475 remaining triggers
2026-09-06T17:53:13.004+01:00 INFO : Outputting 475 triggers
2026-09-06T17:53:13.004+01:00 INFO : Writing out triggers
2026-09-06T17:53:13.032+01:00 INFO : Finished
