{"label": "r0-b1-branch_standard", "route": "branch_standard", "batch": 1, "replicate": 0, "cell_index": 0, "started_utc": "2026-09-06T13:20:40.350112+00:00", "status": "running", "session": "cpu-t4"}
{"label": "r0-b1-branch_standard", "status": "completed", "finished_utc": "2026-09-06T13:20:44.872166+00:00"}
{"label": "r0-b1-torch_cpu", "route": "torch_cpu", "batch": 1, "replicate": 0, "cell_index": 0, "started_utc": "2026-09-06T13:20:44.872564+00:00", "status": "running", "session": "cpu-t4"}
{"label": "r0-b1-torch_cpu", "status": "completed", "finished_utc": "2026-09-06T13:20:49.562839+00:00"}
{"label": "r0-b1-torch_cpu_native", "route": "torch_cpu_native", "batch": 1, "replicate": 0, "cell_index": 0, "started_utc": "2026-09-06T13:20:49.563409+00:00", "status": "running", "session": "cpu-t4"}
{"label": "r0-b1-torch_cpu_native", "status": "completed", "finished_utc": "2026-09-06T13:20:54.421921+00:00"}
{"label": "r0-b8-torch_cpu", "route": "torch_cpu", "batch": 8, "replicate": 0, "cell_index": 1, "started_utc": "2026-09-06T13:20:54.422559+00:00", "status": "running", "session": "cpu-t4"}
{"label": "r0-b8-torch_cpu", "status": "completed", "finished_utc": "2026-09-06T13:20:59.494727+00:00"}
{"label": "r0-b8-torch_cpu_native", "route": "torch_cpu_native", "batch": 8, "replicate": 0, "cell_index": 1, "started_utc": "2026-09-06T13:20:59.495489+00:00", "status": "running", "session": "cpu-t4"}
{"label": "r0-b8-torch_cpu_native", "status": "completed", "finished_utc": "2026-09-06T13:21:04.528127+00:00"}
{"label": "r0-b8-branch_standard", "route": "branch_standard", "batch": 8, "replicate": 0, "cell_index": 1, "started_utc": "2026-09-06T13:21:04.528708+00:00", "status": "running", "session": "cpu-t4"}
{"label": "r0-b8-branch_standard", "status": "completed", "finished_utc": "2026-09-06T13:21:09.168831+00:00"}
{"label": "r0-b32-torch_cpu_native", "route": "torch_cpu_native", "batch": 32, "replicate": 0, "cell_index": 2, "started_utc": "2026-09-06T13:21:09.169599+00:00", "status": "running", "session": "cpu-t4"}
{"label": "r0-b32-torch_cpu_native", "status": "completed", "finished_utc": "2026-09-06T13:21:14.571646+00:00"}
{"label": "r0-b32-branch_standard", "route": "branch_standard", "batch": 32, "replicate": 0, "cell_index": 2, "started_utc": "2026-09-06T13:21:14.572387+00:00", "status": "running", "session": "cpu-t4"}
{"label": "r0-b32-branch_standard", "status": "completed", "finished_utc": "2026-09-06T13:21:19.513434+00:00"}
{"label": "r0-b32-torch_cpu", "route": "torch_cpu", "batch": 32, "replicate": 0, "cell_index": 2, "started_utc": "2026-09-06T13:21:19.514203+00:00", "status": "running", "session": "cpu-t4"}
{"label": "r0-b32-torch_cpu", "status": "completed", "finished_utc": "2026-09-06T13:21:25.562543+00:00"}
{"label": "r0-b128-branch_standard", "route": "branch_standard", "batch": 128, "replicate": 0, "cell_index": 3, "started_utc": "2026-09-06T13:21:25.563368+00:00", "status": "running", "session": "cpu-t4"}
{"label": "r0-b128-branch_standard", "status": "completed", "finished_utc": "2026-09-06T13:21:31.979252+00:00"}
{"label": "r0-b128-torch_cpu", "route": "torch_cpu", "batch": 128, "replicate": 0, "cell_index": 3, "started_utc": "2026-09-06T13:21:31.980106+00:00", "status": "running", "session": "cpu-t4"}
{"label": "r0-b128-torch_cpu", "status": "completed", "finished_utc": "2026-09-06T13:21:43.400976+00:00"}
{"label": "r0-b128-torch_cpu_native", "route": "torch_cpu_native", "batch": 128, "replicate": 0, "cell_index": 3, "started_utc": "2026-09-06T13:21:43.401911+00:00", "status": "running", "session": "cpu-t4"}
{"label": "r0-b128-torch_cpu_native", "status": "completed", "finished_utc": "2026-09-06T13:21:50.539648+00:00"}
{"label": "r0-b512-torch_cpu", "route": "torch_cpu", "batch": 512, "replicate": 0, "cell_index": 4, "started_utc": "2026-09-06T13:21:50.540490+00:00", "status": "running", "session": "cpu-t4"}
{"label": "r0-b512-torch_cpu", "status": "completed", "finished_utc": "2026-09-06T13:22:20.966864+00:00"}
{"label": "r0-b512-torch_cpu_native", "route": "torch_cpu_native", "batch": 512, "replicate": 0, "cell_index": 4, "started_utc": "2026-09-06T13:22:20.967706+00:00", "status": "running", "session": "cpu-t4"}
{"label": "r0-b512-torch_cpu_native", "status": "completed", "finished_utc": "2026-09-06T13:22:34.959951+00:00"}
{"label": "r0-b512-branch_standard", "route": "branch_standard", "batch": 512, "replicate": 0, "cell_index": 4, "started_utc": "2026-09-06T13:22:34.960825+00:00", "status": "running", "session": "cpu-t4"}
{"label": "r0-b512-branch_standard", "status": "completed", "finished_utc": "2026-09-06T13:22:46.870232+00:00"}
{"label": "r0-b1024-torch_cpu_native", "route": "torch_cpu_native", "batch": 1024, "replicate": 0, "cell_index": 5, "started_utc": "2026-09-06T13:22:46.871150+00:00", "status": "running", "session": "cpu-t4"}
{"label": "r0-b1024-torch_cpu_native", "status": "completed", "finished_utc": "2026-09-06T13:23:11.793494+00:00"}
{"label": "r0-b1024-branch_standard", "route": "branch_standard", "batch": 1024, "replicate": 0, "cell_index": 5, "started_utc": "2026-09-06T13:23:11.794395+00:00", "status": "running", "session": "cpu-t4"}
{"label": "r0-b1024-branch_standard", "status": "completed", "finished_utc": "2026-09-06T13:23:31.578598+00:00"}
{"label": "r0-b1024-torch_cpu", "route": "torch_cpu", "batch": 1024, "replicate": 0, "cell_index": 5, "started_utc": "2026-09-06T13:23:31.579533+00:00", "status": "running", "session": "cpu-t4"}
{"label": "r0-b1024-torch_cpu", "status": "completed", "finished_utc": "2026-09-06T13:24:27.858218+00:00"}
{"label": "r1-b1-branch_standard", "route": "branch_standard", "batch": 1, "replicate": 1, "cell_index": 6, "started_utc": "2026-09-06T13:24:27.859193+00:00", "status": "running", "session": "cpu-t4"}
{"label": "r1-b1-branch_standard", "status": "completed", "finished_utc": "2026-09-06T13:24:32.408352+00:00"}
{"label": "r1-b1-torch_cpu_native", "route": "torch_cpu_native", "batch": 1, "replicate": 1, "cell_index": 6, "started_utc": "2026-09-06T13:24:32.409339+00:00", "status": "running", "session": "cpu-t4"}
{"label": "r1-b1-torch_cpu_native", "status": "completed", "finished_utc": "2026-09-06T13:24:37.167931+00:00"}
{"label": "r1-b1-torch_cpu", "route": "torch_cpu", "batch": 1, "replicate": 1, "cell_index": 6, "started_utc": "2026-09-06T13:24:37.169043+00:00", "status": "running", "session": "cpu-t4"}
{"label": "r1-b1-torch_cpu", "status": "completed", "finished_utc": "2026-09-06T13:24:41.874685+00:00"}
{"label": "r1-b8-torch_cpu", "route": "torch_cpu", "batch": 8, "replicate": 1, "cell_index": 7, "started_utc": "2026-09-06T13:24:41.875712+00:00", "status": "running", "session": "cpu-t4"}
{"label": "r1-b8-torch_cpu", "status": "completed", "finished_utc": "2026-09-06T13:24:46.876578+00:00"}
{"label": "r1-b8-branch_standard", "route": "branch_standard", "batch": 8, "replicate": 1, "cell_index": 7, "started_utc": "2026-09-06T13:24:46.877737+00:00", "status": "running", "session": "cpu-t4"}
{"label": "r1-b8-branch_standard", "status": "completed", "finished_utc": "2026-09-06T13:24:51.505520+00:00"}
{"label": "r1-b8-torch_cpu_native", "route": "torch_cpu_native", "batch": 8, "replicate": 1, "cell_index": 7, "started_utc": "2026-09-06T13:24:51.506606+00:00", "status": "running", "session": "cpu-t4"}
{"label": "r1-b8-torch_cpu_native", "status": "completed", "finished_utc": "2026-09-06T13:24:56.583174+00:00"}
{"label": "r1-b32-torch_cpu_native", "route": "torch_cpu_native", "batch": 32, "replicate": 1, "cell_index": 8, "started_utc": "2026-09-06T13:24:56.584266+00:00", "status": "running", "session": "cpu-t4"}
{"label": "r1-b32-torch_cpu_native", "status": "completed", "finished_utc": "2026-09-06T13:25:01.978492+00:00"}
{"label": "r1-b32-torch_cpu", "route": "torch_cpu", "batch": 32, "replicate": 1, "cell_index": 8, "started_utc": "2026-09-06T13:25:01.979616+00:00", "status": "running", "session": "cpu-t4"}
{"label": "r1-b32-torch_cpu", "status": "completed", "finished_utc": "2026-09-06T13:25:08.006508+00:00"}
{"label": "r1-b32-branch_standard", "route": "branch_standard", "batch": 32, "replicate": 1, "cell_index": 8, "started_utc": "2026-09-06T13:25:08.007654+00:00", "status": "running", "session": "cpu-t4"}
{"label": "r1-b32-branch_standard", "status": "completed", "finished_utc": "2026-09-06T13:25:13.018035+00:00"}
{"label": "r1-b128-branch_standard", "route": "branch_standard", "batch": 128, "replicate": 1, "cell_index": 9, "started_utc": "2026-09-06T13:25:13.019200+00:00", "status": "running", "session": "cpu-t4"}
{"label": "r1-b128-branch_standard", "status": "completed", "finished_utc": "2026-09-06T13:25:19.476569+00:00"}
{"label": "r1-b128-torch_cpu_native", "route": "torch_cpu_native", "batch": 128, "replicate": 1, "cell_index": 9, "started_utc": "2026-09-06T13:25:19.477767+00:00", "status": "running", "session": "cpu-t4"}
{"label": "r1-b128-torch_cpu_native", "status": "completed", "finished_utc": "2026-09-06T13:25:26.649112+00:00"}
{"label": "r1-b128-torch_cpu", "route": "torch_cpu", "batch": 128, "replicate": 1, "cell_index": 9, "started_utc": "2026-09-06T13:25:26.650456+00:00", "status": "running", "session": "cpu-t4"}
{"label": "r1-b128-torch_cpu", "status": "completed", "finished_utc": "2026-09-06T13:25:37.967028+00:00"}
{"label": "r1-b512-torch_cpu", "route": "torch_cpu", "batch": 512, "replicate": 1, "cell_index": 10, "started_utc": "2026-09-06T13:25:37.968228+00:00", "status": "running", "session": "cpu-t4"}
{"label": "r1-b512-torch_cpu", "status": "completed", "finished_utc": "2026-09-06T13:26:08.353880+00:00"}
{"label": "r1-b512-branch_standard", "route": "branch_standard", "batch": 512, "replicate": 1, "cell_index": 10, "started_utc": "2026-09-06T13:26:08.355218+00:00", "status": "running", "session": "cpu-t4"}
{"label": "r1-b512-branch_standard", "status": "completed", "finished_utc": "2026-09-06T13:26:20.496300+00:00"}
{"label": "r1-b512-torch_cpu_native", "route": "torch_cpu_native", "batch": 512, "replicate": 1, "cell_index": 10, "started_utc": "2026-09-06T13:26:20.497589+00:00", "status": "running", "session": "cpu-t4"}
{"label": "r1-b512-torch_cpu_native", "status": "completed", "finished_utc": "2026-09-06T13:26:34.631260+00:00"}
{"label": "r1-b1024-torch_cpu_native", "route": "torch_cpu_native", "batch": 1024, "replicate": 1, "cell_index": 11, "started_utc": "2026-09-06T13:26:34.632569+00:00", "status": "running", "session": "cpu-t4"}
{"label": "r1-b1024-torch_cpu_native", "status": "completed", "finished_utc": "2026-09-06T13:26:59.543170+00:00"}
{"label": "r1-b1024-torch_cpu", "route": "torch_cpu", "batch": 1024, "replicate": 1, "cell_index": 11, "started_utc": "2026-09-06T13:26:59.544495+00:00", "status": "running", "session": "cpu-t4"}
{"label": "r1-b1024-torch_cpu", "status": "completed", "finished_utc": "2026-09-06T13:27:55.961183+00:00"}
{"label": "r1-b1024-branch_standard", "route": "branch_standard", "batch": 1024, "replicate": 1, "cell_index": 11, "started_utc": "2026-09-06T13:27:55.962453+00:00", "status": "running", "session": "cpu-t4"}
{"label": "r1-b1024-branch_standard", "status": "completed", "finished_utc": "2026-09-06T13:28:15.281417+00:00"}
{"label": "r2-b1-torch_cpu_native", "route": "torch_cpu_native", "batch": 1, "replicate": 2, "cell_index": 12, "started_utc": "2026-09-06T13:28:15.282773+00:00", "status": "running", "session": "cpu-t4"}
{"label": "r2-b1-torch_cpu_native", "status": "completed", "finished_utc": "2026-09-06T13:28:20.049027+00:00"}
{"label": "r2-b1-branch_standard", "route": "branch_standard", "batch": 1, "replicate": 2, "cell_index": 12, "started_utc": "2026-09-06T13:28:20.050384+00:00", "status": "running", "session": "cpu-t4"}
{"label": "r2-b1-branch_standard", "status": "completed", "finished_utc": "2026-09-06T13:28:24.688767+00:00"}
{"label": "r2-b1-torch_cpu", "route": "torch_cpu", "batch": 1, "replicate": 2, "cell_index": 12, "started_utc": "2026-09-06T13:28:24.690161+00:00", "status": "running", "session": "cpu-t4"}
{"label": "r2-b1-torch_cpu", "status": "completed", "finished_utc": "2026-09-06T13:28:29.434857+00:00"}
{"label": "r2-b8-branch_standard", "route": "branch_standard", "batch": 8, "replicate": 2, "cell_index": 13, "started_utc": "2026-09-06T13:28:29.436300+00:00", "status": "running", "session": "cpu-t4"}
{"label": "r2-b8-branch_standard", "status": "completed", "finished_utc": "2026-09-06T13:28:34.122900+00:00"}
{"label": "r2-b8-torch_cpu", "route": "torch_cpu", "batch": 8, "replicate": 2, "cell_index": 13, "started_utc": "2026-09-06T13:28:34.124376+00:00", "status": "running", "session": "cpu-t4"}
{"label": "r2-b8-torch_cpu", "status": "completed", "finished_utc": "2026-09-06T13:28:39.134073+00:00"}
{"label": "r2-b8-torch_cpu_native", "route": "torch_cpu_native", "batch": 8, "replicate": 2, "cell_index": 13, "started_utc": "2026-09-06T13:28:39.135545+00:00", "status": "running", "session": "cpu-t4"}
{"label": "r2-b8-torch_cpu_native", "status": "completed", "finished_utc": "2026-09-06T13:28:44.075417+00:00"}
{"label": "r2-b32-torch_cpu", "route": "torch_cpu", "batch": 32, "replicate": 2, "cell_index": 14, "started_utc": "2026-09-06T13:28:44.076941+00:00", "status": "running", "session": "cpu-t4"}
{"label": "r2-b32-torch_cpu", "status": "completed", "finished_utc": "2026-09-06T13:28:50.054196+00:00"}
{"label": "r2-b32-torch_cpu_native", "route": "torch_cpu_native", "batch": 32, "replicate": 2, "cell_index": 14, "started_utc": "2026-09-06T13:28:50.055677+00:00", "status": "running", "session": "cpu-t4"}
{"label": "r2-b32-torch_cpu_native", "status": "completed", "finished_utc": "2026-09-06T13:28:55.477206+00:00"}
{"label": "r2-b32-branch_standard", "route": "branch_standard", "batch": 32, "replicate": 2, "cell_index": 14, "started_utc": "2026-09-06T13:28:55.478786+00:00", "status": "running", "session": "cpu-t4"}
{"label": "r2-b32-branch_standard", "status": "completed", "finished_utc": "2026-09-06T13:29:00.494400+00:00"}
{"label": "r2-b128-torch_cpu_native", "route": "torch_cpu_native", "batch": 128, "replicate": 2, "cell_index": 15, "started_utc": "2026-09-06T13:29:00.495956+00:00", "status": "running", "session": "cpu-t4"}
{"label": "r2-b128-torch_cpu_native", "status": "completed", "finished_utc": "2026-09-06T13:29:07.560335+00:00"}
{"label": "r2-b128-branch_standard", "route": "branch_standard", "batch": 128, "replicate": 2, "cell_index": 15, "started_utc": "2026-09-06T13:29:07.561956+00:00", "status": "running", "session": "cpu-t4"}
{"label": "r2-b128-branch_standard", "status": "completed", "finished_utc": "2026-09-06T13:29:13.943815+00:00"}
{"label": "r2-b128-torch_cpu", "route": "torch_cpu", "batch": 128, "replicate": 2, "cell_index": 15, "started_utc": "2026-09-06T13:29:13.945476+00:00", "status": "running", "session": "cpu-t4"}
{"label": "r2-b128-torch_cpu", "status": "completed", "finished_utc": "2026-09-06T13:29:25.362156+00:00"}
{"label": "r2-b512-branch_standard", "route": "branch_standard", "batch": 512, "replicate": 2, "cell_index": 16, "started_utc": "2026-09-06T13:29:25.363780+00:00", "status": "running", "session": "cpu-t4"}
{"label": "r2-b512-branch_standard", "status": "completed", "finished_utc": "2026-09-06T13:29:37.362216+00:00"}
{"label": "r2-b512-torch_cpu", "route": "torch_cpu", "batch": 512, "replicate": 2, "cell_index": 16, "started_utc": "2026-09-06T13:29:37.363861+00:00", "status": "running", "session": "cpu-t4"}
{"label": "r2-b512-torch_cpu", "status": "completed", "finished_utc": "2026-09-06T13:30:07.707177+00:00"}
{"label": "r2-b512-torch_cpu_native", "route": "torch_cpu_native", "batch": 512, "replicate": 2, "cell_index": 16, "started_utc": "2026-09-06T13:30:07.708772+00:00", "status": "running", "session": "cpu-t4"}
{"label": "r2-b512-torch_cpu_native", "status": "completed", "finished_utc": "2026-09-06T13:30:21.845409+00:00"}
{"label": "r2-b1024-torch_cpu", "route": "torch_cpu", "batch": 1024, "replicate": 2, "cell_index": 17, "started_utc": "2026-09-06T13:30:21.847046+00:00", "status": "running", "session": "cpu-t4"}
{"label": "r2-b1024-torch_cpu", "status": "completed", "finished_utc": "2026-09-06T13:31:18.086136+00:00"}
{"label": "r2-b1024-torch_cpu_native", "route": "torch_cpu_native", "batch": 1024, "replicate": 2, "cell_index": 17, "started_utc": "2026-09-06T13:31:18.087813+00:00", "status": "running", "session": "cpu-t4"}
{"label": "r2-b1024-torch_cpu_native", "status": "completed", "finished_utc": "2026-09-06T13:31:42.907962+00:00"}
{"label": "r2-b1024-branch_standard", "route": "branch_standard", "batch": 1024, "replicate": 2, "cell_index": 17, "started_utc": "2026-09-06T13:31:42.909649+00:00", "status": "running", "session": "cpu-t4"}
{"label": "r2-b1024-branch_standard", "status": "completed", "finished_utc": "2026-09-06T13:32:02.506198+00:00"}
