{"label": "r0-b1-branch_standard", "route": "branch_standard", "batch": 1, "replicate": 0, "cell_index": 0, "started_utc": "2026-09-06T12:47:48.215635+00:00", "status": "running", "session": "cpu-t1"}
{"label": "r0-b1-branch_standard", "status": "completed", "finished_utc": "2026-09-06T12:47:52.866130+00:00"}
{"label": "r0-b1-torch_cpu", "route": "torch_cpu", "batch": 1, "replicate": 0, "cell_index": 0, "started_utc": "2026-09-06T12:47:52.866613+00:00", "status": "running", "session": "cpu-t1"}
{"label": "r0-b1-torch_cpu", "status": "completed", "finished_utc": "2026-09-06T12:47:57.711631+00:00"}
{"label": "r0-b1-torch_cpu_native", "route": "torch_cpu_native", "batch": 1, "replicate": 0, "cell_index": 0, "started_utc": "2026-09-06T12:47:57.712218+00:00", "status": "running", "session": "cpu-t1"}
{"label": "r0-b1-torch_cpu_native", "status": "completed", "finished_utc": "2026-09-06T12:48:02.512184+00:00"}
{"label": "r0-b8-torch_cpu", "route": "torch_cpu", "batch": 8, "replicate": 0, "cell_index": 1, "started_utc": "2026-09-06T12:48:02.512837+00:00", "status": "running", "session": "cpu-t1"}
{"label": "r0-b8-torch_cpu", "status": "completed", "finished_utc": "2026-09-06T12:48:07.934384+00:00"}
{"label": "r0-b8-torch_cpu_native", "route": "torch_cpu_native", "batch": 8, "replicate": 0, "cell_index": 1, "started_utc": "2026-09-06T12:48:07.935200+00:00", "status": "running", "session": "cpu-t1"}
{"label": "r0-b8-torch_cpu_native", "status": "completed", "finished_utc": "2026-09-06T12:48:12.918458+00:00"}
{"label": "r0-b8-branch_standard", "route": "branch_standard", "batch": 8, "replicate": 0, "cell_index": 1, "started_utc": "2026-09-06T12:48:12.919159+00:00", "status": "running", "session": "cpu-t1"}
{"label": "r0-b8-branch_standard", "status": "completed", "finished_utc": "2026-09-06T12:48:17.622149+00:00"}
{"label": "r0-b32-torch_cpu_native", "route": "torch_cpu_native", "batch": 32, "replicate": 0, "cell_index": 2, "started_utc": "2026-09-06T12:48:17.622960+00:00", "status": "running", "session": "cpu-t1"}
{"label": "r0-b32-torch_cpu_native", "status": "completed", "finished_utc": "2026-09-06T12:48:23.503798+00:00"}
{"label": "r0-b32-branch_standard", "route": "branch_standard", "batch": 32, "replicate": 0, "cell_index": 2, "started_utc": "2026-09-06T12:48:23.504542+00:00", "status": "running", "session": "cpu-t1"}
{"label": "r0-b32-branch_standard", "status": "completed", "finished_utc": "2026-09-06T12:48:28.829279+00:00"}
{"label": "r0-b32-torch_cpu", "route": "torch_cpu", "batch": 32, "replicate": 0, "cell_index": 2, "started_utc": "2026-09-06T12:48:28.829918+00:00", "status": "running", "session": "cpu-t1"}
{"label": "r0-b32-torch_cpu", "status": "completed", "finished_utc": "2026-09-06T12:48:36.480279+00:00"}
{"label": "r0-b128-branch_standard", "route": "branch_standard", "batch": 128, "replicate": 0, "cell_index": 3, "started_utc": "2026-09-06T12:48:36.481073+00:00", "status": "running", "session": "cpu-t1"}
{"label": "r0-b128-branch_standard", "status": "completed", "finished_utc": "2026-09-06T12:48:44.488349+00:00"}
{"label": "r0-b128-torch_cpu", "route": "torch_cpu", "batch": 128, "replicate": 0, "cell_index": 3, "started_utc": "2026-09-06T12:48:44.489153+00:00", "status": "running", "session": "cpu-t1"}
{"label": "r0-b128-torch_cpu", "status": "completed", "finished_utc": "2026-09-06T12:49:04.980953+00:00"}
{"label": "r0-b128-torch_cpu_native", "route": "torch_cpu_native", "batch": 128, "replicate": 0, "cell_index": 3, "started_utc": "2026-09-06T12:49:04.981898+00:00", "status": "running", "session": "cpu-t1"}
{"label": "r0-b128-torch_cpu_native", "status": "completed", "finished_utc": "2026-09-06T12:49:14.094417+00:00"}
{"label": "r0-b512-torch_cpu", "route": "torch_cpu", "batch": 512, "replicate": 0, "cell_index": 4, "started_utc": "2026-09-06T12:49:14.095297+00:00", "status": "running", "session": "cpu-t1"}
{"label": "r0-b512-torch_cpu", "status": "completed", "finished_utc": "2026-09-06T12:50:21.130579+00:00"}
{"label": "r0-b512-torch_cpu_native", "route": "torch_cpu_native", "batch": 512, "replicate": 0, "cell_index": 4, "started_utc": "2026-09-06T12:50:21.131424+00:00", "status": "running", "session": "cpu-t1"}
{"label": "r0-b512-torch_cpu_native", "status": "completed", "finished_utc": "2026-09-06T12:50:43.617869+00:00"}
{"label": "r0-b512-branch_standard", "route": "branch_standard", "batch": 512, "replicate": 0, "cell_index": 4, "started_utc": "2026-09-06T12:50:43.618858+00:00", "status": "running", "session": "cpu-t1"}
{"label": "r0-b512-branch_standard", "status": "completed", "finished_utc": "2026-09-06T12:51:02.039746+00:00"}
{"label": "r0-b1024-torch_cpu_native", "route": "torch_cpu_native", "batch": 1024, "replicate": 0, "cell_index": 5, "started_utc": "2026-09-06T12:51:02.040691+00:00", "status": "running", "session": "cpu-t1"}
{"label": "r0-b1024-torch_cpu_native", "status": "completed", "finished_utc": "2026-09-06T12:51:55.024158+00:00"}
{"label": "r0-b1024-branch_standard", "route": "branch_standard", "batch": 1024, "replicate": 0, "cell_index": 5, "started_utc": "2026-09-06T12:51:55.025097+00:00", "status": "running", "session": "cpu-t1"}
{"label": "r0-b1024-branch_standard", "status": "completed", "finished_utc": "2026-09-06T12:52:27.319738+00:00"}
{"label": "r0-b1024-torch_cpu", "route": "torch_cpu", "batch": 1024, "replicate": 0, "cell_index": 5, "started_utc": "2026-09-06T12:52:27.320737+00:00", "status": "running", "session": "cpu-t1"}
{"label": "r0-b1024-torch_cpu", "status": "completed", "finished_utc": "2026-09-06T12:54:38.489416+00:00"}
{"label": "r1-b1-branch_standard", "route": "branch_standard", "batch": 1, "replicate": 1, "cell_index": 6, "started_utc": "2026-09-06T12:54:38.490451+00:00", "status": "running", "session": "cpu-t1"}
{"label": "r1-b1-branch_standard", "status": "completed", "finished_utc": "2026-09-06T12:54:43.005748+00:00"}
{"label": "r1-b1-torch_cpu_native", "route": "torch_cpu_native", "batch": 1, "replicate": 1, "cell_index": 6, "started_utc": "2026-09-06T12:54:43.006630+00:00", "status": "running", "session": "cpu-t1"}
{"label": "r1-b1-torch_cpu_native", "status": "completed", "finished_utc": "2026-09-06T12:54:47.770745+00:00"}
{"label": "r1-b1-torch_cpu", "route": "torch_cpu", "batch": 1, "replicate": 1, "cell_index": 6, "started_utc": "2026-09-06T12:54:47.771744+00:00", "status": "running", "session": "cpu-t1"}
{"label": "r1-b1-torch_cpu", "status": "completed", "finished_utc": "2026-09-06T12:54:52.654163+00:00"}
{"label": "r1-b8-torch_cpu", "route": "torch_cpu", "batch": 8, "replicate": 1, "cell_index": 7, "started_utc": "2026-09-06T12:54:52.655230+00:00", "status": "running", "session": "cpu-t1"}
{"label": "r1-b8-torch_cpu", "status": "completed", "finished_utc": "2026-09-06T12:54:58.030025+00:00"}
{"label": "r1-b8-branch_standard", "route": "branch_standard", "batch": 8, "replicate": 1, "cell_index": 7, "started_utc": "2026-09-06T12:54:58.031170+00:00", "status": "running", "session": "cpu-t1"}
{"label": "r1-b8-branch_standard", "status": "completed", "finished_utc": "2026-09-06T12:55:02.753540+00:00"}
{"label": "r1-b8-torch_cpu_native", "route": "torch_cpu_native", "batch": 8, "replicate": 1, "cell_index": 7, "started_utc": "2026-09-06T12:55:02.754606+00:00", "status": "running", "session": "cpu-t1"}
{"label": "r1-b8-torch_cpu_native", "status": "completed", "finished_utc": "2026-09-06T12:55:07.749286+00:00"}
{"label": "r1-b32-torch_cpu_native", "route": "torch_cpu_native", "batch": 32, "replicate": 1, "cell_index": 8, "started_utc": "2026-09-06T12:55:07.750381+00:00", "status": "running", "session": "cpu-t1"}
{"label": "r1-b32-torch_cpu_native", "status": "completed", "finished_utc": "2026-09-06T12:55:13.644997+00:00"}
{"label": "r1-b32-torch_cpu", "route": "torch_cpu", "batch": 32, "replicate": 1, "cell_index": 8, "started_utc": "2026-09-06T12:55:13.645951+00:00", "status": "running", "session": "cpu-t1"}
{"label": "r1-b32-torch_cpu", "status": "completed", "finished_utc": "2026-09-06T12:55:21.257569+00:00"}
{"label": "r1-b32-branch_standard", "route": "branch_standard", "batch": 32, "replicate": 1, "cell_index": 8, "started_utc": "2026-09-06T12:55:21.258741+00:00", "status": "running", "session": "cpu-t1"}
{"label": "r1-b32-branch_standard", "status": "completed", "finished_utc": "2026-09-06T12:55:26.605774+00:00"}
{"label": "r1-b128-branch_standard", "route": "branch_standard", "batch": 128, "replicate": 1, "cell_index": 9, "started_utc": "2026-09-06T12:55:26.606779+00:00", "status": "running", "session": "cpu-t1"}
{"label": "r1-b128-branch_standard", "status": "completed", "finished_utc": "2026-09-06T12:55:34.601758+00:00"}
{"label": "r1-b128-torch_cpu_native", "route": "torch_cpu_native", "batch": 128, "replicate": 1, "cell_index": 9, "started_utc": "2026-09-06T12:55:34.602767+00:00", "status": "running", "session": "cpu-t1"}
{"label": "r1-b128-torch_cpu_native", "status": "completed", "finished_utc": "2026-09-06T12:55:43.715284+00:00"}
{"label": "r1-b128-torch_cpu", "route": "torch_cpu", "batch": 128, "replicate": 1, "cell_index": 9, "started_utc": "2026-09-06T12:55:43.716585+00:00", "status": "running", "session": "cpu-t1"}
{"label": "r1-b128-torch_cpu", "status": "completed", "finished_utc": "2026-09-06T12:56:04.120788+00:00"}
{"label": "r1-b512-torch_cpu", "route": "torch_cpu", "batch": 512, "replicate": 1, "cell_index": 10, "started_utc": "2026-09-06T12:56:04.122123+00:00", "status": "running", "session": "cpu-t1"}
{"label": "r1-b512-torch_cpu", "status": "completed", "finished_utc": "2026-09-06T12:57:11.141519+00:00"}
{"label": "r1-b512-branch_standard", "route": "branch_standard", "batch": 512, "replicate": 1, "cell_index": 10, "started_utc": "2026-09-06T12:57:11.142755+00:00", "status": "running", "session": "cpu-t1"}
{"label": "r1-b512-branch_standard", "status": "completed", "finished_utc": "2026-09-06T12:57:29.520040+00:00"}
{"label": "r1-b512-torch_cpu_native", "route": "torch_cpu_native", "batch": 512, "replicate": 1, "cell_index": 10, "started_utc": "2026-09-06T12:57:29.521134+00:00", "status": "running", "session": "cpu-t1"}
{"label": "r1-b512-torch_cpu_native", "status": "completed", "finished_utc": "2026-09-06T12:57:52.002704+00:00"}
{"label": "r1-b1024-torch_cpu_native", "route": "torch_cpu_native", "batch": 1024, "replicate": 1, "cell_index": 11, "started_utc": "2026-09-06T12:57:52.003987+00:00", "status": "running", "session": "cpu-t1"}
{"label": "r1-b1024-torch_cpu_native", "status": "completed", "finished_utc": "2026-09-06T12:58:37.015791+00:00"}
{"label": "r1-b1024-torch_cpu", "route": "torch_cpu", "batch": 1024, "replicate": 1, "cell_index": 11, "started_utc": "2026-09-06T12:58:37.017108+00:00", "status": "running", "session": "cpu-t1"}
{"label": "r1-b1024-torch_cpu", "status": "completed", "finished_utc": "2026-09-06T13:00:49.230319+00:00"}
{"label": "r1-b1024-branch_standard", "route": "branch_standard", "batch": 1024, "replicate": 1, "cell_index": 11, "started_utc": "2026-09-06T13:00:49.231428+00:00", "status": "running", "session": "cpu-t1"}
{"label": "r1-b1024-branch_standard", "status": "completed", "finished_utc": "2026-09-06T13:01:21.615180+00:00"}
{"label": "r2-b1-torch_cpu_native", "route": "torch_cpu_native", "batch": 1, "replicate": 2, "cell_index": 12, "started_utc": "2026-09-06T13:01:21.616582+00:00", "status": "running", "session": "cpu-t1"}
{"label": "r2-b1-torch_cpu_native", "status": "completed", "finished_utc": "2026-09-06T13:01:26.373760+00:00"}
{"label": "r2-b1-branch_standard", "route": "branch_standard", "batch": 1, "replicate": 2, "cell_index": 12, "started_utc": "2026-09-06T13:01:26.375215+00:00", "status": "running", "session": "cpu-t1"}
{"label": "r2-b1-branch_standard", "status": "completed", "finished_utc": "2026-09-06T13:01:31.000082+00:00"}
{"label": "r2-b1-torch_cpu", "route": "torch_cpu", "batch": 1, "replicate": 2, "cell_index": 12, "started_utc": "2026-09-06T13:01:31.001242+00:00", "status": "running", "session": "cpu-t1"}
{"label": "r2-b1-torch_cpu", "status": "completed", "finished_utc": "2026-09-06T13:01:35.832079+00:00"}
{"label": "r2-b8-branch_standard", "route": "branch_standard", "batch": 8, "replicate": 2, "cell_index": 13, "started_utc": "2026-09-06T13:01:35.833252+00:00", "status": "running", "session": "cpu-t1"}
{"label": "r2-b8-branch_standard", "status": "completed", "finished_utc": "2026-09-06T13:01:40.568456+00:00"}
{"label": "r2-b8-torch_cpu", "route": "torch_cpu", "batch": 8, "replicate": 2, "cell_index": 13, "started_utc": "2026-09-06T13:01:40.569939+00:00", "status": "running", "session": "cpu-t1"}
{"label": "r2-b8-torch_cpu", "status": "completed", "finished_utc": "2026-09-06T13:01:46.088992+00:00"}
{"label": "r2-b8-torch_cpu_native", "route": "torch_cpu_native", "batch": 8, "replicate": 2, "cell_index": 13, "started_utc": "2026-09-06T13:01:46.090516+00:00", "status": "running", "session": "cpu-t1"}
{"label": "r2-b8-torch_cpu_native", "status": "completed", "finished_utc": "2026-09-06T13:01:51.193696+00:00"}
{"label": "r2-b32-torch_cpu", "route": "torch_cpu", "batch": 32, "replicate": 2, "cell_index": 14, "started_utc": "2026-09-06T13:01:51.195220+00:00", "status": "running", "session": "cpu-t1"}
{"label": "r2-b32-torch_cpu", "status": "completed", "finished_utc": "2026-09-06T13:01:58.797119+00:00"}
{"label": "r2-b32-torch_cpu_native", "route": "torch_cpu_native", "batch": 32, "replicate": 2, "cell_index": 14, "started_utc": "2026-09-06T13:01:58.798615+00:00", "status": "running", "session": "cpu-t1"}
{"label": "r2-b32-torch_cpu_native", "status": "completed", "finished_utc": "2026-09-06T13:02:04.584359+00:00"}
{"label": "r2-b32-branch_standard", "route": "branch_standard", "batch": 32, "replicate": 2, "cell_index": 14, "started_utc": "2026-09-06T13:02:04.585974+00:00", "status": "running", "session": "cpu-t1"}
{"label": "r2-b32-branch_standard", "status": "completed", "finished_utc": "2026-09-06T13:02:10.112445+00:00"}
{"label": "r2-b128-torch_cpu_native", "route": "torch_cpu_native", "batch": 128, "replicate": 2, "cell_index": 15, "started_utc": "2026-09-06T13:02:10.114011+00:00", "status": "running", "session": "cpu-t1"}
{"label": "r2-b128-torch_cpu_native", "status": "completed", "finished_utc": "2026-09-06T13:02:19.241047+00:00"}
{"label": "r2-b128-branch_standard", "route": "branch_standard", "batch": 128, "replicate": 2, "cell_index": 15, "started_utc": "2026-09-06T13:02:19.242604+00:00", "status": "running", "session": "cpu-t1"}
{"label": "r2-b128-branch_standard", "status": "completed", "finished_utc": "2026-09-06T13:02:27.219071+00:00"}
{"label": "r2-b128-torch_cpu", "route": "torch_cpu", "batch": 128, "replicate": 2, "cell_index": 15, "started_utc": "2026-09-06T13:02:27.220800+00:00", "status": "running", "session": "cpu-t1"}
{"label": "r2-b128-torch_cpu", "status": "completed", "finished_utc": "2026-09-06T13:02:47.653076+00:00"}
{"label": "r2-b512-branch_standard", "route": "branch_standard", "batch": 512, "replicate": 2, "cell_index": 16, "started_utc": "2026-09-06T13:02:47.654718+00:00", "status": "running", "session": "cpu-t1"}
{"label": "r2-b512-branch_standard", "status": "completed", "finished_utc": "2026-09-06T13:03:06.083911+00:00"}
{"label": "r2-b512-torch_cpu", "route": "torch_cpu", "batch": 512, "replicate": 2, "cell_index": 16, "started_utc": "2026-09-06T13:03:06.085217+00:00", "status": "running", "session": "cpu-t1"}
{"label": "r2-b512-torch_cpu", "status": "completed", "finished_utc": "2026-09-06T13:04:12.560428+00:00"}
{"label": "r2-b512-torch_cpu_native", "route": "torch_cpu_native", "batch": 512, "replicate": 2, "cell_index": 16, "started_utc": "2026-09-06T13:04:12.562032+00:00", "status": "running", "session": "cpu-t1"}
{"label": "r2-b512-torch_cpu_native", "status": "completed", "finished_utc": "2026-09-06T13:04:35.174405+00:00"}
{"label": "r2-b1024-torch_cpu", "route": "torch_cpu", "batch": 1024, "replicate": 2, "cell_index": 17, "started_utc": "2026-09-06T13:04:35.176068+00:00", "status": "running", "session": "cpu-t1"}
{"label": "r2-b1024-torch_cpu", "status": "completed", "finished_utc": "2026-09-06T13:06:46.723985+00:00"}
{"label": "r2-b1024-torch_cpu_native", "route": "torch_cpu_native", "batch": 1024, "replicate": 2, "cell_index": 17, "started_utc": "2026-09-06T13:06:46.725672+00:00", "status": "running", "session": "cpu-t1"}
{"label": "r2-b1024-torch_cpu_native", "status": "completed", "finished_utc": "2026-09-06T13:07:29.235953+00:00"}
{"label": "r2-b1024-branch_standard", "route": "branch_standard", "batch": 1024, "replicate": 2, "cell_index": 17, "started_utc": "2026-09-06T13:07:29.237664+00:00", "status": "running", "session": "cpu-t1"}
{"label": "r2-b1024-branch_standard", "status": "completed", "finished_utc": "2026-09-06T13:08:01.591868+00:00"}
