{"label": "r0-b1-branch_standard", "route": "branch_standard", "batch": 1, "replicate": 0, "cell_index": 0, "started_utc": "2026-09-06T13:08:03.749436+00:00", "status": "running", "session": "main-t4"}
{"label": "r0-b1-branch_standard", "status": "completed", "finished_utc": "2026-09-06T13:08:08.284685+00:00"}
{"label": "r0-b1-torch_cpu", "route": "torch_cpu", "batch": 1, "replicate": 0, "cell_index": 0, "started_utc": "2026-09-06T13:08:08.285150+00:00", "status": "running", "session": "main-t4"}
{"label": "r0-b1-torch_cpu", "status": "completed", "finished_utc": "2026-09-06T13:08:13.003125+00:00"}
{"label": "r0-b1-torch_cpu_native", "route": "torch_cpu_native", "batch": 1, "replicate": 0, "cell_index": 0, "started_utc": "2026-09-06T13:08:13.003713+00:00", "status": "running", "session": "main-t4"}
{"label": "r0-b1-torch_cpu_native", "status": "completed", "finished_utc": "2026-09-06T13:08:17.668630+00:00"}
{"label": "r0-b8-torch_cpu", "route": "torch_cpu", "batch": 8, "replicate": 0, "cell_index": 1, "started_utc": "2026-09-06T13:08:17.669229+00:00", "status": "running", "session": "main-t4"}
{"label": "r0-b8-torch_cpu", "status": "completed", "finished_utc": "2026-09-06T13:08:22.687726+00:00"}
{"label": "r0-b8-torch_cpu_native", "route": "torch_cpu_native", "batch": 8, "replicate": 0, "cell_index": 1, "started_utc": "2026-09-06T13:08:22.688462+00:00", "status": "running", "session": "main-t4"}
{"label": "r0-b8-torch_cpu_native", "status": "completed", "finished_utc": "2026-09-06T13:08:27.698509+00:00"}
{"label": "r0-b8-branch_standard", "route": "branch_standard", "batch": 8, "replicate": 0, "cell_index": 1, "started_utc": "2026-09-06T13:08:27.699191+00:00", "status": "running", "session": "main-t4"}
{"label": "r0-b8-branch_standard", "status": "completed", "finished_utc": "2026-09-06T13:08:32.327938+00:00"}
{"label": "r0-b32-torch_cpu_native", "route": "torch_cpu_native", "batch": 32, "replicate": 0, "cell_index": 2, "started_utc": "2026-09-06T13:08:32.328661+00:00", "status": "running", "session": "main-t4"}
{"label": "r0-b32-torch_cpu_native", "status": "completed", "finished_utc": "2026-09-06T13:08:37.900412+00:00"}
{"label": "r0-b32-branch_standard", "route": "branch_standard", "batch": 32, "replicate": 0, "cell_index": 2, "started_utc": "2026-09-06T13:08:37.901166+00:00", "status": "running", "session": "main-t4"}
{"label": "r0-b32-branch_standard", "status": "completed", "finished_utc": "2026-09-06T13:08:42.866264+00:00"}
{"label": "r0-b32-torch_cpu", "route": "torch_cpu", "batch": 32, "replicate": 0, "cell_index": 2, "started_utc": "2026-09-06T13:08:42.867115+00:00", "status": "running", "session": "main-t4"}
{"label": "r0-b32-torch_cpu", "status": "completed", "finished_utc": "2026-09-06T13:08:48.740329+00:00"}
{"label": "r0-b128-branch_standard", "route": "branch_standard", "batch": 128, "replicate": 0, "cell_index": 3, "started_utc": "2026-09-06T13:08:48.741175+00:00", "status": "running", "session": "main-t4"}
{"label": "r0-b128-branch_standard", "status": "completed", "finished_utc": "2026-09-06T13:08:55.101296+00:00"}
{"label": "r0-b128-torch_cpu", "route": "torch_cpu", "batch": 128, "replicate": 0, "cell_index": 3, "started_utc": "2026-09-06T13:08:55.102134+00:00", "status": "running", "session": "main-t4"}
{"label": "r0-b128-torch_cpu", "status": "completed", "finished_utc": "2026-09-06T13:09:06.300561+00:00"}
{"label": "r0-b128-torch_cpu_native", "route": "torch_cpu_native", "batch": 128, "replicate": 0, "cell_index": 3, "started_utc": "2026-09-06T13:09:06.301389+00:00", "status": "running", "session": "main-t4"}
{"label": "r0-b128-torch_cpu_native", "status": "completed", "finished_utc": "2026-09-06T13:09:15.347794+00:00"}
{"label": "r0-b512-torch_cpu", "route": "torch_cpu", "batch": 512, "replicate": 0, "cell_index": 4, "started_utc": "2026-09-06T13:09:15.348667+00:00", "status": "running", "session": "main-t4"}
{"label": "r0-b512-torch_cpu", "status": "completed", "finished_utc": "2026-09-06T13:09:45.547613+00:00"}
{"label": "r0-b512-torch_cpu_native", "route": "torch_cpu_native", "batch": 512, "replicate": 0, "cell_index": 4, "started_utc": "2026-09-06T13:09:45.548506+00:00", "status": "running", "session": "main-t4"}
{"label": "r0-b512-torch_cpu_native", "status": "completed", "finished_utc": "2026-09-06T13:10:07.287191+00:00"}
{"label": "r0-b512-branch_standard", "route": "branch_standard", "batch": 512, "replicate": 0, "cell_index": 4, "started_utc": "2026-09-06T13:10:07.288132+00:00", "status": "running", "session": "main-t4"}
{"label": "r0-b512-branch_standard", "status": "completed", "finished_utc": "2026-09-06T13:10:19.147901+00:00"}
{"label": "r0-b1024-torch_cpu_native", "route": "torch_cpu_native", "batch": 1024, "replicate": 0, "cell_index": 5, "started_utc": "2026-09-06T13:10:19.148834+00:00", "status": "running", "session": "main-t4"}
{"label": "r0-b1024-torch_cpu_native", "status": "completed", "finished_utc": "2026-09-06T13:10:59.263741+00:00"}
{"label": "r0-b1024-branch_standard", "route": "branch_standard", "batch": 1024, "replicate": 0, "cell_index": 5, "started_utc": "2026-09-06T13:10:59.264781+00:00", "status": "running", "session": "main-t4"}
{"label": "r0-b1024-branch_standard", "status": "completed", "finished_utc": "2026-09-06T13:11:18.412461+00:00"}
{"label": "r0-b1024-torch_cpu", "route": "torch_cpu", "batch": 1024, "replicate": 0, "cell_index": 5, "started_utc": "2026-09-06T13:11:18.413447+00:00", "status": "running", "session": "main-t4"}
{"label": "r0-b1024-torch_cpu", "status": "completed", "finished_utc": "2026-09-06T13:12:14.729216+00:00"}
{"label": "r1-b1-branch_standard", "route": "branch_standard", "batch": 1, "replicate": 1, "cell_index": 6, "started_utc": "2026-09-06T13:12:14.730218+00:00", "status": "running", "session": "main-t4"}
{"label": "r1-b1-branch_standard", "status": "completed", "finished_utc": "2026-09-06T13:12:19.268293+00:00"}
{"label": "r1-b1-torch_cpu_native", "route": "torch_cpu_native", "batch": 1, "replicate": 1, "cell_index": 6, "started_utc": "2026-09-06T13:12:19.269298+00:00", "status": "running", "session": "main-t4"}
{"label": "r1-b1-torch_cpu_native", "status": "completed", "finished_utc": "2026-09-06T13:12:23.951223+00:00"}
{"label": "r1-b1-torch_cpu", "route": "torch_cpu", "batch": 1, "replicate": 1, "cell_index": 6, "started_utc": "2026-09-06T13:12:23.952302+00:00", "status": "running", "session": "main-t4"}
{"label": "r1-b1-torch_cpu", "status": "completed", "finished_utc": "2026-09-06T13:12:28.664719+00:00"}
{"label": "r1-b8-torch_cpu", "route": "torch_cpu", "batch": 8, "replicate": 1, "cell_index": 7, "started_utc": "2026-09-06T13:12:28.665771+00:00", "status": "running", "session": "main-t4"}
{"label": "r1-b8-torch_cpu", "status": "completed", "finished_utc": "2026-09-06T13:12:33.673492+00:00"}
{"label": "r1-b8-branch_standard", "route": "branch_standard", "batch": 8, "replicate": 1, "cell_index": 7, "started_utc": "2026-09-06T13:12:33.674650+00:00", "status": "running", "session": "main-t4"}
{"label": "r1-b8-branch_standard", "status": "completed", "finished_utc": "2026-09-06T13:12:38.333180+00:00"}
{"label": "r1-b8-torch_cpu_native", "route": "torch_cpu_native", "batch": 8, "replicate": 1, "cell_index": 7, "started_utc": "2026-09-06T13:12:38.334294+00:00", "status": "running", "session": "main-t4"}
{"label": "r1-b8-torch_cpu_native", "status": "completed", "finished_utc": "2026-09-06T13:12:43.379136+00:00"}
{"label": "r1-b32-torch_cpu_native", "route": "torch_cpu_native", "batch": 32, "replicate": 1, "cell_index": 8, "started_utc": "2026-09-06T13:12:43.380234+00:00", "status": "running", "session": "main-t4"}
{"label": "r1-b32-torch_cpu_native", "status": "completed", "finished_utc": "2026-09-06T13:12:49.051038+00:00"}
{"label": "r1-b32-torch_cpu", "route": "torch_cpu", "batch": 32, "replicate": 1, "cell_index": 8, "started_utc": "2026-09-06T13:12:49.052181+00:00", "status": "running", "session": "main-t4"}
{"label": "r1-b32-torch_cpu", "status": "completed", "finished_utc": "2026-09-06T13:12:55.013679+00:00"}
{"label": "r1-b32-branch_standard", "route": "branch_standard", "batch": 32, "replicate": 1, "cell_index": 8, "started_utc": "2026-09-06T13:12:55.014914+00:00", "status": "running", "session": "main-t4"}
{"label": "r1-b32-branch_standard", "status": "completed", "finished_utc": "2026-09-06T13:13:00.045911+00:00"}
{"label": "r1-b128-branch_standard", "route": "branch_standard", "batch": 128, "replicate": 1, "cell_index": 9, "started_utc": "2026-09-06T13:13:00.047113+00:00", "status": "running", "session": "main-t4"}
{"label": "r1-b128-branch_standard", "status": "completed", "finished_utc": "2026-09-06T13:13:06.382671+00:00"}
{"label": "r1-b128-torch_cpu_native", "route": "torch_cpu_native", "batch": 128, "replicate": 1, "cell_index": 9, "started_utc": "2026-09-06T13:13:06.383926+00:00", "status": "running", "session": "main-t4"}
{"label": "r1-b128-torch_cpu_native", "status": "completed", "finished_utc": "2026-09-06T13:13:15.491150+00:00"}
{"label": "r1-b128-torch_cpu", "route": "torch_cpu", "batch": 128, "replicate": 1, "cell_index": 9, "started_utc": "2026-09-06T13:13:15.492354+00:00", "status": "running", "session": "main-t4"}
{"label": "r1-b128-torch_cpu", "status": "completed", "finished_utc": "2026-09-06T13:13:26.734000+00:00"}
{"label": "r1-b512-torch_cpu", "route": "torch_cpu", "batch": 512, "replicate": 1, "cell_index": 10, "started_utc": "2026-09-06T13:13:26.735229+00:00", "status": "running", "session": "main-t4"}
{"label": "r1-b512-torch_cpu", "status": "completed", "finished_utc": "2026-09-06T13:13:57.019793+00:00"}
{"label": "r1-b512-branch_standard", "route": "branch_standard", "batch": 512, "replicate": 1, "cell_index": 10, "started_utc": "2026-09-06T13:13:57.021094+00:00", "status": "running", "session": "main-t4"}
{"label": "r1-b512-branch_standard", "status": "completed", "finished_utc": "2026-09-06T13:14:08.866333+00:00"}
{"label": "r1-b512-torch_cpu_native", "route": "torch_cpu_native", "batch": 512, "replicate": 1, "cell_index": 10, "started_utc": "2026-09-06T13:14:08.867636+00:00", "status": "running", "session": "main-t4"}
{"label": "r1-b512-torch_cpu_native", "status": "completed", "finished_utc": "2026-09-06T13:14:30.663654+00:00"}
{"label": "r1-b1024-torch_cpu_native", "route": "torch_cpu_native", "batch": 1024, "replicate": 1, "cell_index": 11, "started_utc": "2026-09-06T13:14:30.665070+00:00", "status": "running", "session": "main-t4"}
{"label": "r1-b1024-torch_cpu_native", "status": "completed", "finished_utc": "2026-09-06T13:15:10.725062+00:00"}
{"label": "r1-b1024-torch_cpu", "route": "torch_cpu", "batch": 1024, "replicate": 1, "cell_index": 11, "started_utc": "2026-09-06T13:15:10.726342+00:00", "status": "running", "session": "main-t4"}
{"label": "r1-b1024-torch_cpu", "status": "completed", "finished_utc": "2026-09-06T13:16:06.786799+00:00"}
{"label": "r1-b1024-branch_standard", "route": "branch_standard", "batch": 1024, "replicate": 1, "cell_index": 11, "started_utc": "2026-09-06T13:16:06.788182+00:00", "status": "running", "session": "main-t4"}
{"label": "r1-b1024-branch_standard", "status": "completed", "finished_utc": "2026-09-06T13:16:25.978851+00:00"}
{"label": "r2-b1-torch_cpu_native", "route": "torch_cpu_native", "batch": 1, "replicate": 2, "cell_index": 12, "started_utc": "2026-09-06T13:16:25.980215+00:00", "status": "running", "session": "main-t4"}
{"label": "r2-b1-torch_cpu_native", "status": "completed", "finished_utc": "2026-09-06T13:16:30.726614+00:00"}
{"label": "r2-b1-branch_standard", "route": "branch_standard", "batch": 1, "replicate": 2, "cell_index": 12, "started_utc": "2026-09-06T13:16:30.728014+00:00", "status": "running", "session": "main-t4"}
{"label": "r2-b1-branch_standard", "status": "completed", "finished_utc": "2026-09-06T13:16:35.161088+00:00"}
{"label": "r2-b1-torch_cpu", "route": "torch_cpu", "batch": 1, "replicate": 2, "cell_index": 12, "started_utc": "2026-09-06T13:16:35.162688+00:00", "status": "running", "session": "main-t4"}
{"label": "r2-b1-torch_cpu", "status": "completed", "finished_utc": "2026-09-06T13:16:39.795837+00:00"}
{"label": "r2-b8-branch_standard", "route": "branch_standard", "batch": 8, "replicate": 2, "cell_index": 13, "started_utc": "2026-09-06T13:16:39.797277+00:00", "status": "running", "session": "main-t4"}
{"label": "r2-b8-branch_standard", "status": "completed", "finished_utc": "2026-09-06T13:16:44.325290+00:00"}
{"label": "r2-b8-torch_cpu", "route": "torch_cpu", "batch": 8, "replicate": 2, "cell_index": 13, "started_utc": "2026-09-06T13:16:44.326861+00:00", "status": "running", "session": "main-t4"}
{"label": "r2-b8-torch_cpu", "status": "completed", "finished_utc": "2026-09-06T13:16:49.354050+00:00"}
{"label": "r2-b8-torch_cpu_native", "route": "torch_cpu_native", "batch": 8, "replicate": 2, "cell_index": 13, "started_utc": "2026-09-06T13:16:49.355631+00:00", "status": "running", "session": "main-t4"}
{"label": "r2-b8-torch_cpu_native", "status": "completed", "finished_utc": "2026-09-06T13:16:54.366739+00:00"}
{"label": "r2-b32-torch_cpu", "route": "torch_cpu", "batch": 32, "replicate": 2, "cell_index": 14, "started_utc": "2026-09-06T13:16:54.368277+00:00", "status": "running", "session": "main-t4"}
{"label": "r2-b32-torch_cpu", "status": "completed", "finished_utc": "2026-09-06T13:17:00.331892+00:00"}
{"label": "r2-b32-torch_cpu_native", "route": "torch_cpu_native", "batch": 32, "replicate": 2, "cell_index": 14, "started_utc": "2026-09-06T13:17:00.333409+00:00", "status": "running", "session": "main-t4"}
{"label": "r2-b32-torch_cpu_native", "status": "completed", "finished_utc": "2026-09-06T13:17:06.010216+00:00"}
{"label": "r2-b32-branch_standard", "route": "branch_standard", "batch": 32, "replicate": 2, "cell_index": 14, "started_utc": "2026-09-06T13:17:06.011831+00:00", "status": "running", "session": "main-t4"}
{"label": "r2-b32-branch_standard", "status": "completed", "finished_utc": "2026-09-06T13:17:11.067966+00:00"}
{"label": "r2-b128-torch_cpu_native", "route": "torch_cpu_native", "batch": 128, "replicate": 2, "cell_index": 15, "started_utc": "2026-09-06T13:17:11.069607+00:00", "status": "running", "session": "main-t4"}
{"label": "r2-b128-torch_cpu_native", "status": "completed", "finished_utc": "2026-09-06T13:17:20.212039+00:00"}
{"label": "r2-b128-branch_standard", "route": "branch_standard", "batch": 128, "replicate": 2, "cell_index": 15, "started_utc": "2026-09-06T13:17:20.213676+00:00", "status": "running", "session": "main-t4"}
{"label": "r2-b128-branch_standard", "status": "completed", "finished_utc": "2026-09-06T13:17:26.502060+00:00"}
{"label": "r2-b128-torch_cpu", "route": "torch_cpu", "batch": 128, "replicate": 2, "cell_index": 15, "started_utc": "2026-09-06T13:17:26.503709+00:00", "status": "running", "session": "main-t4"}
{"label": "r2-b128-torch_cpu", "status": "completed", "finished_utc": "2026-09-06T13:17:37.889175+00:00"}
{"label": "r2-b512-branch_standard", "route": "branch_standard", "batch": 512, "replicate": 2, "cell_index": 16, "started_utc": "2026-09-06T13:17:37.890885+00:00", "status": "running", "session": "main-t4"}
{"label": "r2-b512-branch_standard", "status": "completed", "finished_utc": "2026-09-06T13:17:49.740526+00:00"}
{"label": "r2-b512-torch_cpu", "route": "torch_cpu", "batch": 512, "replicate": 2, "cell_index": 16, "started_utc": "2026-09-06T13:17:49.742144+00:00", "status": "running", "session": "main-t4"}
{"label": "r2-b512-torch_cpu", "status": "completed", "finished_utc": "2026-09-06T13:18:20.061568+00:00"}
{"label": "r2-b512-torch_cpu_native", "route": "torch_cpu_native", "batch": 512, "replicate": 2, "cell_index": 16, "started_utc": "2026-09-06T13:18:20.063165+00:00", "status": "running", "session": "main-t4"}
{"label": "r2-b512-torch_cpu_native", "status": "completed", "finished_utc": "2026-09-06T13:18:42.008437+00:00"}
{"label": "r2-b1024-torch_cpu", "route": "torch_cpu", "batch": 1024, "replicate": 2, "cell_index": 17, "started_utc": "2026-09-06T13:18:42.010250+00:00", "status": "running", "session": "main-t4"}
{"label": "r2-b1024-torch_cpu", "status": "completed", "finished_utc": "2026-09-06T13:19:38.421010+00:00"}
{"label": "r2-b1024-torch_cpu_native", "route": "torch_cpu_native", "batch": 1024, "replicate": 2, "cell_index": 17, "started_utc": "2026-09-06T13:19:38.422693+00:00", "status": "running", "session": "main-t4"}
{"label": "r2-b1024-torch_cpu_native", "status": "completed", "finished_utc": "2026-09-06T13:20:18.708745+00:00"}
{"label": "r2-b1024-branch_standard", "route": "branch_standard", "batch": 1024, "replicate": 2, "cell_index": 17, "started_utc": "2026-09-06T13:20:18.710421+00:00", "status": "running", "session": "main-t4"}
{"label": "r2-b1024-branch_standard", "status": "completed", "finished_utc": "2026-09-06T13:20:38.172630+00:00"}
