2026-09-06T23:40:39.796+01:00 INFO : Running with Torch support on device cpu
2026-09-06T23:40:39.796+01:00 INFO : Reading Frames
2026-09-06T23:40:46.468+01:00 INFO : Highpass Filtering
2026-09-06T23:40:46.922+01:00 INFO : Resampling data
2026-09-06T23:40:46.933+01:00 INFO : Converting to float32
/home/xangma/pycbc-torch-inspiral-reference-20260906/source-v6/pycbc/types/array.py:872: RuntimeWarning: divide by zero encountered in divide
  return self._data.__rtruediv__(other)
2026-09-06T23:40:51.994+01:00 INFO : Highpass Filtering
2026-09-06T23:40:52.435+01:00 INFO : Remove Padding
2026-09-06T23:40:52.457+01:00 INFO : Making frequency-domain data segments
2026-09-06T23:40:54.799+01:00 INFO : Overwhitening frequency-domain data segments
2026-09-06T23:40:54.823+01:00 INFO : Read in template bank
2026-09-06T23:40:54.832+01:00 INFO : Full template bank size: 96
2026-09-06T23:40:54.833+01:00 INFO : Template bank size after thinning: 96
2026-09-06T23:40:54.833+01:00 INFO : 0: generating IMRPhenomD from 30.0 Hz
2026-09-06T23:40:54.835+01:00 INFO : Decompressing waveform using inline_linear
2026-09-06T23:40:54.843+01:00 INFO : Filtering template 1/96 segment 1/5
2026-09-06T23:40:54.934+01:00 INFO : 1 points above threshold
2026-09-06T23:40:54.966+01:00 INFO : Filtering template 1/96 segment 2/5
2026-09-06T23:40:55.007+01:00 INFO : Filtering template 1/96 segment 3/5
2026-09-06T23:40:55.047+01:00 INFO : 1 points above threshold
2026-09-06T23:40:55.054+01:00 INFO : Filtering template 1/96 segment 4/5
2026-09-06T23:40:55.094+01:00 INFO : Filtering template 1/96 segment 5/5
2026-09-06T23:40:55.135+01:00 INFO : 1 points above threshold
2026-09-06T23:40:55.141+01:00 INFO : 1: generating IMRPhenomD from 30.0 Hz
2026-09-06T23:40:55.144+01:00 INFO : Decompressing waveform using inline_linear
2026-09-06T23:40:55.149+01:00 INFO : Filtering template 2/96 segment 1/5
2026-09-06T23:40:55.200+01:00 INFO : 1 points above threshold
2026-09-06T23:40:55.222+01:00 INFO : Filtering template 2/96 segment 2/5
2026-09-06T23:40:55.262+01:00 INFO : 1 points above threshold
2026-09-06T23:40:55.268+01:00 INFO : Filtering template 2/96 segment 3/5
2026-09-06T23:40:55.309+01:00 INFO : 2 points above threshold
2026-09-06T23:40:55.317+01:00 INFO : Filtering template 2/96 segment 4/5
2026-09-06T23:40:55.358+01:00 INFO : Filtering template 2/96 segment 5/5
2026-09-06T23:40:55.399+01:00 INFO : 1 points above threshold
2026-09-06T23:40:55.405+01:00 INFO : 2: generating IMRPhenomD from 30.0 Hz
2026-09-06T23:40:55.408+01:00 INFO : Decompressing waveform using inline_linear
2026-09-06T23:40:55.413+01:00 INFO : Filtering template 3/96 segment 1/5
2026-09-06T23:40:55.464+01:00 INFO : 3 points above threshold
2026-09-06T23:40:55.486+01:00 INFO : Filtering template 3/96 segment 2/5
2026-09-06T23:40:55.527+01:00 INFO : Filtering template 3/96 segment 3/5
2026-09-06T23:40:55.568+01:00 INFO : 1 points above threshold
2026-09-06T23:40:55.574+01:00 INFO : Filtering template 3/96 segment 4/5
2026-09-06T23:40:55.615+01:00 INFO : 1 points above threshold
2026-09-06T23:40:55.621+01:00 INFO : Filtering template 3/96 segment 5/5
2026-09-06T23:40:55.662+01:00 INFO : 3: generating IMRPhenomD from 30.0 Hz
2026-09-06T23:40:55.664+01:00 INFO : Decompressing waveform using inline_linear
2026-09-06T23:40:55.669+01:00 INFO : Filtering template 4/96 segment 1/5
2026-09-06T23:40:55.720+01:00 INFO : 1 points above threshold
2026-09-06T23:40:55.744+01:00 INFO : Filtering template 4/96 segment 2/5
2026-09-06T23:40:55.785+01:00 INFO : 1 points above threshold
2026-09-06T23:40:55.791+01:00 INFO : Filtering template 4/96 segment 3/5
2026-09-06T23:40:55.832+01:00 INFO : 2 points above threshold
2026-09-06T23:40:55.839+01:00 INFO : Filtering template 4/96 segment 4/5
2026-09-06T23:40:55.880+01:00 INFO : 2 points above threshold
2026-09-06T23:40:55.888+01:00 INFO : Filtering template 4/96 segment 5/5
2026-09-06T23:40:55.929+01:00 INFO : 2 points above threshold
2026-09-06T23:40:55.937+01:00 INFO : 4: generating IMRPhenomD from 30.0 Hz
2026-09-06T23:40:55.940+01:00 INFO : Decompressing waveform using inline_linear
2026-09-06T23:40:55.945+01:00 INFO : Filtering template 5/96 segment 1/5
2026-09-06T23:40:55.995+01:00 INFO : 1 points above threshold
2026-09-06T23:40:56.014+01:00 INFO : Filtering template 5/96 segment 2/5
2026-09-06T23:40:56.055+01:00 INFO : 2 points above threshold
2026-09-06T23:40:56.063+01:00 INFO : Filtering template 5/96 segment 3/5
2026-09-06T23:40:56.104+01:00 INFO : 2 points above threshold
2026-09-06T23:40:56.111+01:00 INFO : Filtering template 5/96 segment 4/5
2026-09-06T23:40:56.152+01:00 INFO : 2 points above threshold
2026-09-06T23:40:56.160+01:00 INFO : Filtering template 5/96 segment 5/5
2026-09-06T23:40:56.201+01:00 INFO : 5: generating IMRPhenomD from 30.0 Hz
2026-09-06T23:40:56.204+01:00 INFO : Decompressing waveform using inline_linear
2026-09-06T23:40:56.209+01:00 INFO : Filtering template 6/96 segment 1/5
2026-09-06T23:40:56.260+01:00 INFO : 1 points above threshold
2026-09-06T23:40:56.279+01:00 INFO : Filtering template 6/96 segment 2/5
2026-09-06T23:40:56.319+01:00 INFO : Filtering template 6/96 segment 3/5
2026-09-06T23:40:56.360+01:00 INFO : Filtering template 6/96 segment 4/5
2026-09-06T23:40:56.401+01:00 INFO : Filtering template 6/96 segment 5/5
2026-09-06T23:40:56.442+01:00 INFO : 1 points above threshold
2026-09-06T23:40:56.448+01:00 INFO : 6: generating IMRPhenomD from 30.0 Hz
2026-09-06T23:40:56.450+01:00 INFO : Decompressing waveform using inline_linear
2026-09-06T23:40:56.455+01:00 INFO : Filtering template 7/96 segment 1/5
2026-09-06T23:40:56.506+01:00 INFO : 2 points above threshold
2026-09-06T23:40:56.529+01:00 INFO : Filtering template 7/96 segment 2/5
2026-09-06T23:40:56.570+01:00 INFO : Filtering template 7/96 segment 3/5
2026-09-06T23:40:56.611+01:00 INFO : Filtering template 7/96 segment 4/5
2026-09-06T23:40:56.652+01:00 INFO : 1 points above threshold
2026-09-06T23:40:56.658+01:00 INFO : Filtering template 7/96 segment 5/5
2026-09-06T23:40:56.699+01:00 INFO : 7: generating IMRPhenomD from 30.0 Hz
2026-09-06T23:40:56.701+01:00 INFO : Decompressing waveform using inline_linear
2026-09-06T23:40:56.706+01:00 INFO : Filtering template 8/96 segment 1/5
2026-09-06T23:40:56.757+01:00 INFO : 2 points above threshold
2026-09-06T23:40:56.780+01:00 INFO : Filtering template 8/96 segment 2/5
2026-09-06T23:40:56.821+01:00 INFO : 1 points above threshold
2026-09-06T23:40:56.827+01:00 INFO : Filtering template 8/96 segment 3/5
2026-09-06T23:40:56.868+01:00 INFO : 4 points above threshold
2026-09-06T23:40:56.877+01:00 INFO : Filtering template 8/96 segment 4/5
2026-09-06T23:40:56.918+01:00 INFO : Filtering template 8/96 segment 5/5
2026-09-06T23:40:56.959+01:00 INFO : 8: generating IMRPhenomD from 30.0 Hz
2026-09-06T23:40:56.961+01:00 INFO : Decompressing waveform using inline_linear
2026-09-06T23:40:56.966+01:00 INFO : Filtering template 9/96 segment 1/5
2026-09-06T23:40:57.017+01:00 INFO : Filtering template 9/96 segment 2/5
2026-09-06T23:40:57.058+01:00 INFO : 1 points above threshold
2026-09-06T23:40:57.082+01:00 INFO : Filtering template 9/96 segment 3/5
2026-09-06T23:40:57.123+01:00 INFO : 2 points above threshold
2026-09-06T23:40:57.130+01:00 INFO : Filtering template 9/96 segment 4/5
2026-09-06T23:40:57.171+01:00 INFO : 1 points above threshold
2026-09-06T23:40:57.177+01:00 INFO : Filtering template 9/96 segment 5/5
2026-09-06T23:40:57.218+01:00 INFO : 3 points above threshold
2026-09-06T23:40:57.228+01:00 INFO : 9: generating IMRPhenomD from 30.0 Hz
2026-09-06T23:40:57.230+01:00 INFO : Decompressing waveform using inline_linear
2026-09-06T23:40:57.235+01:00 INFO : Filtering template 10/96 segment 1/5
2026-09-06T23:40:57.286+01:00 INFO : 1 points above threshold
2026-09-06T23:40:57.311+01:00 INFO : Filtering template 10/96 segment 2/5
2026-09-06T23:40:57.351+01:00 INFO : 1 points above threshold
2026-09-06T23:40:57.357+01:00 INFO : Filtering template 10/96 segment 3/5
2026-09-06T23:40:57.398+01:00 INFO : Filtering template 10/96 segment 4/5
2026-09-06T23:40:57.439+01:00 INFO : 2 points above threshold
2026-09-06T23:40:57.447+01:00 INFO : Filtering template 10/96 segment 5/5
2026-09-06T23:40:57.487+01:00 INFO : 1 points above threshold
2026-09-06T23:40:57.494+01:00 INFO : 10: generating IMRPhenomD from 30.0 Hz
2026-09-06T23:40:57.496+01:00 INFO : Decompressing waveform using inline_linear
2026-09-06T23:40:57.501+01:00 INFO : Filtering template 11/96 segment 1/5
2026-09-06T23:40:57.552+01:00 INFO : 4 points above threshold
2026-09-06T23:40:57.580+01:00 INFO : Filtering template 11/96 segment 2/5
2026-09-06T23:40:57.620+01:00 INFO : 2 points above threshold
2026-09-06T23:40:57.628+01:00 INFO : Filtering template 11/96 segment 3/5
2026-09-06T23:40:57.668+01:00 INFO : 1 points above threshold
2026-09-06T23:40:57.674+01:00 INFO : Filtering template 11/96 segment 4/5
2026-09-06T23:40:57.715+01:00 INFO : Filtering template 11/96 segment 5/5
2026-09-06T23:40:57.756+01:00 INFO : 11: generating IMRPhenomD from 30.0 Hz
2026-09-06T23:40:57.759+01:00 INFO : Decompressing waveform using inline_linear
2026-09-06T23:40:57.764+01:00 INFO : Filtering template 12/96 segment 1/5
2026-09-06T23:40:57.814+01:00 INFO : 1 points above threshold
2026-09-06T23:40:57.838+01:00 INFO : Filtering template 12/96 segment 2/5
2026-09-06T23:40:57.879+01:00 INFO : 1 points above threshold
2026-09-06T23:40:57.885+01:00 INFO : Filtering template 12/96 segment 3/5
2026-09-06T23:40:57.926+01:00 INFO : 1 points above threshold
2026-09-06T23:40:57.932+01:00 INFO : Filtering template 12/96 segment 4/5
2026-09-06T23:40:57.973+01:00 INFO : 3 points above threshold
2026-09-06T23:40:57.983+01:00 INFO : Filtering template 12/96 segment 5/5
2026-09-06T23:40:58.024+01:00 INFO : 12: generating IMRPhenomD from 30.0 Hz
2026-09-06T23:40:58.026+01:00 INFO : Decompressing waveform using inline_linear
2026-09-06T23:40:58.031+01:00 INFO : Filtering template 13/96 segment 1/5
2026-09-06T23:40:58.083+01:00 INFO : Filtering template 13/96 segment 2/5
2026-09-06T23:40:58.123+01:00 INFO : 4 points above threshold
2026-09-06T23:40:58.151+01:00 INFO : Filtering template 13/96 segment 3/5
2026-09-06T23:40:58.192+01:00 INFO : Filtering template 13/96 segment 4/5
2026-09-06T23:40:58.233+01:00 INFO : Filtering template 13/96 segment 5/5
2026-09-06T23:40:58.274+01:00 INFO : 1 points above threshold
2026-09-06T23:40:58.280+01:00 INFO : 13: generating IMRPhenomD from 30.0 Hz
2026-09-06T23:40:58.282+01:00 INFO : Decompressing waveform using inline_linear
2026-09-06T23:40:58.287+01:00 INFO : Filtering template 14/96 segment 1/5
2026-09-06T23:40:58.338+01:00 INFO : 1 points above threshold
2026-09-06T23:40:58.363+01:00 INFO : Filtering template 14/96 segment 2/5
2026-09-06T23:40:58.404+01:00 INFO : 2 points above threshold
2026-09-06T23:40:58.412+01:00 INFO : Filtering template 14/96 segment 3/5
2026-09-06T23:40:58.452+01:00 INFO : 3 points above threshold
2026-09-06T23:40:58.462+01:00 INFO : Filtering template 14/96 segment 4/5
2026-09-06T23:40:58.503+01:00 INFO : 2 points above threshold
2026-09-06T23:40:58.511+01:00 INFO : Filtering template 14/96 segment 5/5
2026-09-06T23:40:58.551+01:00 INFO : 14: generating IMRPhenomD from 30.0 Hz
2026-09-06T23:40:58.554+01:00 INFO : Decompressing waveform using inline_linear
2026-09-06T23:40:58.559+01:00 INFO : Filtering template 15/96 segment 1/5
2026-09-06T23:40:58.610+01:00 INFO : 1 points above threshold
2026-09-06T23:40:58.634+01:00 INFO : Filtering template 15/96 segment 2/5
2026-09-06T23:40:58.675+01:00 INFO : Filtering template 15/96 segment 3/5
2026-09-06T23:40:58.715+01:00 INFO : 1 points above threshold
2026-09-06T23:40:58.721+01:00 INFO : Filtering template 15/96 segment 4/5
2026-09-06T23:40:58.762+01:00 INFO : 1 points above threshold
2026-09-06T23:40:58.768+01:00 INFO : Filtering template 15/96 segment 5/5
2026-09-06T23:40:58.809+01:00 INFO : 3 points above threshold
2026-09-06T23:40:58.819+01:00 INFO : 15: generating IMRPhenomD from 30.0 Hz
2026-09-06T23:40:58.821+01:00 INFO : Decompressing waveform using inline_linear
2026-09-06T23:40:58.826+01:00 INFO : Filtering template 16/96 segment 1/5
2026-09-06T23:40:58.878+01:00 INFO : 1 points above threshold
2026-09-06T23:40:58.897+01:00 INFO : Filtering template 16/96 segment 2/5
2026-09-06T23:40:58.937+01:00 INFO : 2 points above threshold
2026-09-06T23:40:58.945+01:00 INFO : Filtering template 16/96 segment 3/5
2026-09-06T23:40:58.986+01:00 INFO : 3 points above threshold
2026-09-06T23:40:58.996+01:00 INFO : Filtering template 16/96 segment 4/5
2026-09-06T23:40:59.037+01:00 INFO : 2 points above threshold
2026-09-06T23:40:59.044+01:00 INFO : Filtering template 16/96 segment 5/5
2026-09-06T23:40:59.086+01:00 INFO : 16: generating IMRPhenomD from 30.0 Hz
2026-09-06T23:40:59.088+01:00 INFO : Decompressing waveform using inline_linear
2026-09-06T23:40:59.093+01:00 INFO : Filtering template 17/96 segment 1/5
2026-09-06T23:40:59.144+01:00 INFO : 2 points above threshold
2026-09-06T23:40:59.165+01:00 INFO : Filtering template 17/96 segment 2/5
2026-09-06T23:40:59.205+01:00 INFO : 3 points above threshold
2026-09-06T23:40:59.215+01:00 INFO : Filtering template 17/96 segment 3/5
2026-09-06T23:40:59.256+01:00 INFO : Filtering template 17/96 segment 4/5
2026-09-06T23:40:59.297+01:00 INFO : 2 points above threshold
2026-09-06T23:40:59.305+01:00 INFO : Filtering template 17/96 segment 5/5
2026-09-06T23:40:59.345+01:00 INFO : 3 points above threshold
2026-09-06T23:40:59.356+01:00 INFO : 17: generating IMRPhenomD from 30.0 Hz
2026-09-06T23:40:59.358+01:00 INFO : Decompressing waveform using inline_linear
2026-09-06T23:40:59.363+01:00 INFO : Filtering template 18/96 segment 1/5
2026-09-06T23:40:59.414+01:00 INFO : Filtering template 18/96 segment 2/5
2026-09-06T23:40:59.455+01:00 INFO : Filtering template 18/96 segment 3/5
2026-09-06T23:40:59.496+01:00 INFO : 1 points above threshold
2026-09-06T23:40:59.514+01:00 INFO : Filtering template 18/96 segment 4/5
2026-09-06T23:40:59.555+01:00 INFO : Filtering template 18/96 segment 5/5
2026-09-06T23:40:59.596+01:00 INFO : 2 points above threshold
2026-09-06T23:40:59.604+01:00 INFO : 18: generating IMRPhenomD from 30.0 Hz
2026-09-06T23:40:59.606+01:00 INFO : Decompressing waveform using inline_linear
2026-09-06T23:40:59.611+01:00 INFO : Filtering template 19/96 segment 1/5
2026-09-06T23:40:59.662+01:00 INFO : 3 points above threshold
2026-09-06T23:40:59.685+01:00 INFO : Filtering template 19/96 segment 2/5
2026-09-06T23:40:59.726+01:00 INFO : 1 points above threshold
2026-09-06T23:40:59.732+01:00 INFO : Filtering template 19/96 segment 3/5
2026-09-06T23:40:59.772+01:00 INFO : 1 points above threshold
2026-09-06T23:40:59.778+01:00 INFO : Filtering template 19/96 segment 4/5
2026-09-06T23:40:59.819+01:00 INFO : 3 points above threshold
2026-09-06T23:40:59.829+01:00 INFO : Filtering template 19/96 segment 5/5
2026-09-06T23:40:59.870+01:00 INFO : 1 points above threshold
2026-09-06T23:40:59.876+01:00 INFO : 19: generating IMRPhenomD from 30.0 Hz
2026-09-06T23:40:59.879+01:00 INFO : Decompressing waveform using inline_linear
2026-09-06T23:40:59.884+01:00 INFO : Filtering template 20/96 segment 1/5
2026-09-06T23:40:59.934+01:00 INFO : 1 points above threshold
2026-09-06T23:40:59.953+01:00 INFO : Filtering template 20/96 segment 2/5
2026-09-06T23:40:59.994+01:00 INFO : 3 points above threshold
2026-09-06T23:41:00.004+01:00 INFO : Filtering template 20/96 segment 3/5
2026-09-06T23:41:00.044+01:00 INFO : Filtering template 20/96 segment 4/5
2026-09-06T23:41:00.085+01:00 INFO : 2 points above threshold
2026-09-06T23:41:00.093+01:00 INFO : Filtering template 20/96 segment 5/5
2026-09-06T23:41:00.134+01:00 INFO : 20: generating IMRPhenomD from 30.0 Hz
2026-09-06T23:41:00.137+01:00 INFO : Decompressing waveform using inline_linear
2026-09-06T23:41:00.141+01:00 INFO : Filtering template 21/96 segment 1/5
2026-09-06T23:41:00.192+01:00 INFO : 1 points above threshold
2026-09-06T23:41:00.211+01:00 INFO : Filtering template 21/96 segment 2/5
2026-09-06T23:41:00.252+01:00 INFO : 1 points above threshold
2026-09-06T23:41:00.258+01:00 INFO : Filtering template 21/96 segment 3/5
2026-09-06T23:41:00.298+01:00 INFO : 1 points above threshold
2026-09-06T23:41:00.304+01:00 INFO : Filtering template 21/96 segment 4/5
2026-09-06T23:41:00.345+01:00 INFO : Filtering template 21/96 segment 5/5
2026-09-06T23:41:00.386+01:00 INFO : 21: generating IMRPhenomD from 30.0 Hz
2026-09-06T23:41:00.389+01:00 INFO : Decompressing waveform using inline_linear
2026-09-06T23:41:00.394+01:00 INFO : Filtering template 22/96 segment 1/5
2026-09-06T23:41:00.445+01:00 INFO : 5 points above threshold
2026-09-06T23:41:00.470+01:00 INFO : Filtering template 22/96 segment 2/5
2026-09-06T23:41:00.511+01:00 INFO : Filtering template 22/96 segment 3/5
2026-09-06T23:41:00.551+01:00 INFO : Filtering template 22/96 segment 4/5
2026-09-06T23:41:00.592+01:00 INFO : 1 points above threshold
2026-09-06T23:41:00.598+01:00 INFO : Filtering template 22/96 segment 5/5
2026-09-06T23:41:00.639+01:00 INFO : 1 points above threshold
2026-09-06T23:41:00.645+01:00 INFO : 22: generating IMRPhenomD from 30.0 Hz
2026-09-06T23:41:00.648+01:00 INFO : Decompressing waveform using inline_linear
2026-09-06T23:41:00.653+01:00 INFO : Filtering template 23/96 segment 1/5
2026-09-06T23:41:00.703+01:00 INFO : 2 points above threshold
2026-09-06T23:41:00.724+01:00 INFO : Filtering template 23/96 segment 2/5
2026-09-06T23:41:00.765+01:00 INFO : 1 points above threshold
2026-09-06T23:41:00.773+01:00 INFO : Filtering template 23/96 segment 3/5
2026-09-06T23:41:00.814+01:00 INFO : 1 points above threshold
2026-09-06T23:41:00.820+01:00 INFO : Filtering template 23/96 segment 4/5
2026-09-06T23:41:00.860+01:00 INFO : Filtering template 23/96 segment 5/5
2026-09-06T23:41:00.901+01:00 INFO : 23: generating IMRPhenomD from 30.0 Hz
2026-09-06T23:41:00.904+01:00 INFO : Decompressing waveform using inline_linear
2026-09-06T23:41:00.909+01:00 INFO : Filtering template 24/96 segment 1/5
2026-09-06T23:41:00.960+01:00 INFO : 1 points above threshold
2026-09-06T23:41:00.978+01:00 INFO : Filtering template 24/96 segment 2/5
2026-09-06T23:41:01.019+01:00 INFO : 2 points above threshold
2026-09-06T23:41:01.027+01:00 INFO : Filtering template 24/96 segment 3/5
2026-09-06T23:41:01.067+01:00 INFO : 1 points above threshold
2026-09-06T23:41:01.073+01:00 INFO : Filtering template 24/96 segment 4/5
2026-09-06T23:41:01.114+01:00 INFO : Filtering template 24/96 segment 5/5
2026-09-06T23:41:01.155+01:00 INFO : 2 points above threshold
2026-09-06T23:41:01.163+01:00 INFO : 24: generating IMRPhenomD from 30.0 Hz
2026-09-06T23:41:01.166+01:00 INFO : Decompressing waveform using inline_linear
2026-09-06T23:41:01.170+01:00 INFO : Filtering template 25/96 segment 1/5
2026-09-06T23:41:01.221+01:00 INFO : 2 points above threshold
2026-09-06T23:41:01.242+01:00 INFO : Filtering template 25/96 segment 2/5
2026-09-06T23:41:01.283+01:00 INFO : Filtering template 25/96 segment 3/5
2026-09-06T23:41:01.323+01:00 INFO : Filtering template 25/96 segment 4/5
2026-09-06T23:41:01.364+01:00 INFO : Filtering template 25/96 segment 5/5
2026-09-06T23:41:01.405+01:00 INFO : 25: generating IMRPhenomD from 30.0 Hz
2026-09-06T23:41:01.408+01:00 INFO : Decompressing waveform using inline_linear
2026-09-06T23:41:01.413+01:00 INFO : Filtering template 26/96 segment 1/5
2026-09-06T23:41:01.463+01:00 INFO : Filtering template 26/96 segment 2/5
2026-09-06T23:41:01.504+01:00 INFO : 2 points above threshold
2026-09-06T23:41:01.525+01:00 INFO : Filtering template 26/96 segment 3/5
2026-09-06T23:41:01.565+01:00 INFO : Filtering template 26/96 segment 4/5
2026-09-06T23:41:01.606+01:00 INFO : 2 points above threshold
2026-09-06T23:41:01.614+01:00 INFO : Filtering template 26/96 segment 5/5
2026-09-06T23:41:01.655+01:00 INFO : 2 points above threshold
2026-09-06T23:41:01.663+01:00 INFO : 26: generating IMRPhenomD from 30.0 Hz
2026-09-06T23:41:01.665+01:00 INFO : Decompressing waveform using inline_linear
2026-09-06T23:41:01.670+01:00 INFO : Filtering template 27/96 segment 1/5
2026-09-06T23:41:01.721+01:00 INFO : 3 points above threshold
2026-09-06T23:41:01.743+01:00 INFO : Filtering template 27/96 segment 2/5
2026-09-06T23:41:01.784+01:00 INFO : Filtering template 27/96 segment 3/5
2026-09-06T23:41:01.824+01:00 INFO : 1 points above threshold
2026-09-06T23:41:01.830+01:00 INFO : Filtering template 27/96 segment 4/5
2026-09-06T23:41:01.871+01:00 INFO : Filtering template 27/96 segment 5/5
2026-09-06T23:41:01.912+01:00 INFO : 27: generating IMRPhenomD from 30.0 Hz
2026-09-06T23:41:01.915+01:00 INFO : Decompressing waveform using inline_linear
2026-09-06T23:41:01.920+01:00 INFO : Filtering template 28/96 segment 1/5
2026-09-06T23:41:01.971+01:00 INFO : 3 points above threshold
2026-09-06T23:41:01.993+01:00 INFO : Filtering template 28/96 segment 2/5
2026-09-06T23:41:02.034+01:00 INFO : 1 points above threshold
2026-09-06T23:41:02.040+01:00 INFO : Filtering template 28/96 segment 3/5
2026-09-06T23:41:02.080+01:00 INFO : 2 points above threshold
2026-09-06T23:41:02.088+01:00 INFO : Filtering template 28/96 segment 4/5
2026-09-06T23:41:02.129+01:00 INFO : 1 points above threshold
2026-09-06T23:41:02.135+01:00 INFO : Filtering template 28/96 segment 5/5
2026-09-06T23:41:02.176+01:00 INFO : 28: generating IMRPhenomD from 30.0 Hz
2026-09-06T23:41:02.178+01:00 INFO : Decompressing waveform using inline_linear
2026-09-06T23:41:02.183+01:00 INFO : Filtering template 29/96 segment 1/5
2026-09-06T23:41:02.234+01:00 INFO : 2 points above threshold
2026-09-06T23:41:02.254+01:00 INFO : Filtering template 29/96 segment 2/5
2026-09-06T23:41:02.295+01:00 INFO : 2 points above threshold
2026-09-06T23:41:02.303+01:00 INFO : Filtering template 29/96 segment 3/5
2026-09-06T23:41:02.343+01:00 INFO : 1 points above threshold
2026-09-06T23:41:02.349+01:00 INFO : Filtering template 29/96 segment 4/5
2026-09-06T23:41:02.390+01:00 INFO : 2 points above threshold
2026-09-06T23:41:02.398+01:00 INFO : Filtering template 29/96 segment 5/5
2026-09-06T23:41:02.438+01:00 INFO : 2 points above threshold
2026-09-06T23:41:02.447+01:00 INFO : 29: generating IMRPhenomD from 30.0 Hz
2026-09-06T23:41:02.450+01:00 INFO : Decompressing waveform using inline_linear
2026-09-06T23:41:02.455+01:00 INFO : Filtering template 30/96 segment 1/5
2026-09-06T23:41:02.505+01:00 INFO : 1 points above threshold
2026-09-06T23:41:02.524+01:00 INFO : Filtering template 30/96 segment 2/5
2026-09-06T23:41:02.565+01:00 INFO : 1 points above threshold
2026-09-06T23:41:02.571+01:00 INFO : Filtering template 30/96 segment 3/5
2026-09-06T23:41:02.611+01:00 INFO : 1 points above threshold
2026-09-06T23:41:02.617+01:00 INFO : Filtering template 30/96 segment 4/5
2026-09-06T23:41:02.658+01:00 INFO : Filtering template 30/96 segment 5/5
2026-09-06T23:41:02.699+01:00 INFO : 30: generating IMRPhenomD from 30.0 Hz
2026-09-06T23:41:02.702+01:00 INFO : Decompressing waveform using inline_linear
2026-09-06T23:41:02.707+01:00 INFO : Filtering template 31/96 segment 1/5
2026-09-06T23:41:02.757+01:00 INFO : Filtering template 31/96 segment 2/5
2026-09-06T23:41:02.798+01:00 INFO : 1 points above threshold
2026-09-06T23:41:02.816+01:00 INFO : Filtering template 31/96 segment 3/5
2026-09-06T23:41:02.857+01:00 INFO : Filtering template 31/96 segment 4/5
2026-09-06T23:41:02.897+01:00 INFO : 1 points above threshold
2026-09-06T23:41:02.903+01:00 INFO : Filtering template 31/96 segment 5/5
2026-09-06T23:41:02.944+01:00 INFO : 1 points above threshold
2026-09-06T23:41:02.950+01:00 INFO : 31: generating IMRPhenomD from 30.0 Hz
2026-09-06T23:41:02.952+01:00 INFO : Decompressing waveform using inline_linear
2026-09-06T23:41:02.957+01:00 INFO : Filtering template 32/96 segment 1/5
2026-09-06T23:41:03.008+01:00 INFO : Filtering template 32/96 segment 2/5
2026-09-06T23:41:03.049+01:00 INFO : Filtering template 32/96 segment 3/5
2026-09-06T23:41:03.089+01:00 INFO : Filtering template 32/96 segment 4/5
2026-09-06T23:41:03.130+01:00 INFO : 3 points above threshold
2026-09-06T23:41:03.153+01:00 INFO : Filtering template 32/96 segment 5/5
2026-09-06T23:41:03.193+01:00 INFO : 2 points above threshold
2026-09-06T23:41:03.201+01:00 INFO : 32: generating IMRPhenomD from 30.0 Hz
2026-09-06T23:41:03.204+01:00 INFO : Decompressing waveform using inline_linear
2026-09-06T23:41:03.209+01:00 INFO : Filtering template 33/96 segment 1/5
2026-09-06T23:41:03.260+01:00 INFO : 2 points above threshold
2026-09-06T23:41:03.280+01:00 INFO : Filtering template 33/96 segment 2/5
2026-09-06T23:41:03.321+01:00 INFO : Filtering template 33/96 segment 3/5
2026-09-06T23:41:03.361+01:00 INFO : Filtering template 33/96 segment 4/5
2026-09-06T23:41:03.402+01:00 INFO : 1 points above threshold
2026-09-06T23:41:03.408+01:00 INFO : Filtering template 33/96 segment 5/5
2026-09-06T23:41:03.449+01:00 INFO : 33: generating IMRPhenomD from 30.0 Hz
2026-09-06T23:41:03.451+01:00 INFO : Decompressing waveform using inline_linear
2026-09-06T23:41:03.456+01:00 INFO : Filtering template 34/96 segment 1/5
2026-09-06T23:41:03.507+01:00 INFO : Filtering template 34/96 segment 2/5
2026-09-06T23:41:03.548+01:00 INFO : 1 points above threshold
2026-09-06T23:41:03.566+01:00 INFO : Filtering template 34/96 segment 3/5
2026-09-06T23:41:03.607+01:00 INFO : 1 points above threshold
2026-09-06T23:41:03.613+01:00 INFO : Filtering template 34/96 segment 4/5
2026-09-06T23:41:03.653+01:00 INFO : Filtering template 34/96 segment 5/5
2026-09-06T23:41:03.694+01:00 INFO : 1 points above threshold
2026-09-06T23:41:03.700+01:00 INFO : 34: generating IMRPhenomD from 30.0 Hz
2026-09-06T23:41:03.703+01:00 INFO : Decompressing waveform using inline_linear
2026-09-06T23:41:03.708+01:00 INFO : Filtering template 35/96 segment 1/5
2026-09-06T23:41:03.758+01:00 INFO : 1 points above threshold
2026-09-06T23:41:03.777+01:00 INFO : Filtering template 35/96 segment 2/5
2026-09-06T23:41:03.818+01:00 INFO : 1 points above threshold
2026-09-06T23:41:03.824+01:00 INFO : Filtering template 35/96 segment 3/5
2026-09-06T23:41:03.864+01:00 INFO : 1 points above threshold
2026-09-06T23:41:03.870+01:00 INFO : Filtering template 35/96 segment 4/5
2026-09-06T23:41:03.911+01:00 INFO : Filtering template 35/96 segment 5/5
2026-09-06T23:41:03.952+01:00 INFO : 35: generating IMRPhenomD from 30.0 Hz
2026-09-06T23:41:03.954+01:00 INFO : Decompressing waveform using inline_linear
2026-09-06T23:41:03.959+01:00 INFO : Filtering template 36/96 segment 1/5
2026-09-06T23:41:04.010+01:00 INFO : 3 points above threshold
2026-09-06T23:41:04.033+01:00 INFO : Filtering template 36/96 segment 2/5
2026-09-06T23:41:04.073+01:00 INFO : 1 points above threshold
2026-09-06T23:41:04.079+01:00 INFO : Filtering template 36/96 segment 3/5
2026-09-06T23:41:04.120+01:00 INFO : 2 points above threshold
2026-09-06T23:41:04.128+01:00 INFO : Filtering template 36/96 segment 4/5
2026-09-06T23:41:04.169+01:00 INFO : Filtering template 36/96 segment 5/5
2026-09-06T23:41:04.209+01:00 INFO : 1 points above threshold
2026-09-06T23:41:04.216+01:00 INFO : 36: generating IMRPhenomD from 30.0 Hz
2026-09-06T23:41:04.218+01:00 INFO : Decompressing waveform using inline_linear
2026-09-06T23:41:04.223+01:00 INFO : Filtering template 37/96 segment 1/5
2026-09-06T23:41:04.274+01:00 INFO : 2 points above threshold
2026-09-06T23:41:04.294+01:00 INFO : Filtering template 37/96 segment 2/5
2026-09-06T23:41:04.335+01:00 INFO : 3 points above threshold
2026-09-06T23:41:04.345+01:00 INFO : Filtering template 37/96 segment 3/5
2026-09-06T23:41:04.386+01:00 INFO : 1 points above threshold
2026-09-06T23:41:04.392+01:00 INFO : Filtering template 37/96 segment 4/5
2026-09-06T23:41:04.432+01:00 INFO : 3 points above threshold
2026-09-06T23:41:04.442+01:00 INFO : Filtering template 37/96 segment 5/5
2026-09-06T23:41:04.483+01:00 INFO : 37: generating IMRPhenomD from 30.0 Hz
2026-09-06T23:41:04.486+01:00 INFO : Decompressing waveform using inline_linear
2026-09-06T23:41:04.491+01:00 INFO : Filtering template 38/96 segment 1/5
2026-09-06T23:41:04.541+01:00 INFO : Filtering template 38/96 segment 2/5
2026-09-06T23:41:04.582+01:00 INFO : Filtering template 38/96 segment 3/5
2026-09-06T23:41:04.623+01:00 INFO : 1 points above threshold
2026-09-06T23:41:04.641+01:00 INFO : Filtering template 38/96 segment 4/5
2026-09-06T23:41:04.682+01:00 INFO : 1 points above threshold
2026-09-06T23:41:04.688+01:00 INFO : Filtering template 38/96 segment 5/5
2026-09-06T23:41:04.729+01:00 INFO : 1 points above threshold
2026-09-06T23:41:04.735+01:00 INFO : 38: generating IMRPhenomD from 30.0 Hz
2026-09-06T23:41:04.737+01:00 INFO : Decompressing waveform using inline_linear
2026-09-06T23:41:04.742+01:00 INFO : Filtering template 39/96 segment 1/5
2026-09-06T23:41:04.793+01:00 INFO : Filtering template 39/96 segment 2/5
2026-09-06T23:41:04.833+01:00 INFO : 2 points above threshold
2026-09-06T23:41:04.854+01:00 INFO : Filtering template 39/96 segment 3/5
2026-09-06T23:41:04.895+01:00 INFO : Filtering template 39/96 segment 4/5
2026-09-06T23:41:04.935+01:00 INFO : 2 points above threshold
2026-09-06T23:41:04.943+01:00 INFO : Filtering template 39/96 segment 5/5
2026-09-06T23:41:04.984+01:00 INFO : 39: generating IMRPhenomD from 30.0 Hz
2026-09-06T23:41:04.987+01:00 INFO : Decompressing waveform using inline_linear
2026-09-06T23:41:04.991+01:00 INFO : Filtering template 40/96 segment 1/5
2026-09-06T23:41:05.042+01:00 INFO : Filtering template 40/96 segment 2/5
2026-09-06T23:41:05.083+01:00 INFO : Filtering template 40/96 segment 3/5
2026-09-06T23:41:05.123+01:00 INFO : Filtering template 40/96 segment 4/5
2026-09-06T23:41:05.164+01:00 INFO : 2 points above threshold
2026-09-06T23:41:05.184+01:00 INFO : Filtering template 40/96 segment 5/5
2026-09-06T23:41:05.225+01:00 INFO : 40: generating IMRPhenomD from 30.0 Hz
2026-09-06T23:41:05.228+01:00 INFO : Decompressing waveform using inline_linear
2026-09-06T23:41:05.233+01:00 INFO : Filtering template 41/96 segment 1/5
2026-09-06T23:41:05.284+01:00 INFO : Filtering template 41/96 segment 2/5
2026-09-06T23:41:05.324+01:00 INFO : Filtering template 41/96 segment 3/5
2026-09-06T23:41:05.365+01:00 INFO : 2 points above threshold
2026-09-06T23:41:05.385+01:00 INFO : Filtering template 41/96 segment 4/5
2026-09-06T23:41:05.426+01:00 INFO : 2 points above threshold
2026-09-06T23:41:05.434+01:00 INFO : Filtering template 41/96 segment 5/5
2026-09-06T23:41:05.475+01:00 INFO : 41: generating IMRPhenomD from 30.0 Hz
2026-09-06T23:41:05.477+01:00 INFO : Decompressing waveform using inline_linear
2026-09-06T23:41:05.482+01:00 INFO : Filtering template 42/96 segment 1/5
2026-09-06T23:41:05.533+01:00 INFO : Filtering template 42/96 segment 2/5
2026-09-06T23:41:05.574+01:00 INFO : 1 points above threshold
2026-09-06T23:41:05.592+01:00 INFO : Filtering template 42/96 segment 3/5
2026-09-06T23:41:05.633+01:00 INFO : Filtering template 42/96 segment 4/5
2026-09-06T23:41:05.673+01:00 INFO : 1 points above threshold
2026-09-06T23:41:05.679+01:00 INFO : Filtering template 42/96 segment 5/5
2026-09-06T23:41:05.720+01:00 INFO : 1 points above threshold
2026-09-06T23:41:05.726+01:00 INFO : 42: generating IMRPhenomD from 30.0 Hz
2026-09-06T23:41:05.729+01:00 INFO : Decompressing waveform using inline_linear
2026-09-06T23:41:05.734+01:00 INFO : Filtering template 43/96 segment 1/5
2026-09-06T23:41:05.784+01:00 INFO : 1 points above threshold
2026-09-06T23:41:05.803+01:00 INFO : Filtering template 43/96 segment 2/5
2026-09-06T23:41:05.844+01:00 INFO : 2 points above threshold
2026-09-06T23:41:05.851+01:00 INFO : Filtering template 43/96 segment 3/5
2026-09-06T23:41:05.892+01:00 INFO : 1 points above threshold
2026-09-06T23:41:05.898+01:00 INFO : Filtering template 43/96 segment 4/5
2026-09-06T23:41:05.939+01:00 INFO : Filtering template 43/96 segment 5/5
2026-09-06T23:41:05.980+01:00 INFO : 43: generating IMRPhenomD from 30.0 Hz
2026-09-06T23:41:05.982+01:00 INFO : Decompressing waveform using inline_linear
2026-09-06T23:41:05.987+01:00 INFO : Filtering template 44/96 segment 1/5
2026-09-06T23:41:06.038+01:00 INFO : 1 points above threshold
2026-09-06T23:41:06.056+01:00 INFO : Filtering template 44/96 segment 2/5
2026-09-06T23:41:06.097+01:00 INFO : Filtering template 44/96 segment 3/5
2026-09-06T23:41:06.138+01:00 INFO : Filtering template 44/96 segment 4/5
2026-09-06T23:41:06.178+01:00 INFO : 1 points above threshold
2026-09-06T23:41:06.184+01:00 INFO : Filtering template 44/96 segment 5/5
2026-09-06T23:41:06.225+01:00 INFO : 44: generating IMRPhenomD from 30.0 Hz
2026-09-06T23:41:06.228+01:00 INFO : Decompressing waveform using inline_linear
2026-09-06T23:41:06.232+01:00 INFO : Filtering template 45/96 segment 1/5
2026-09-06T23:41:06.283+01:00 INFO : 2 points above threshold
2026-09-06T23:41:06.304+01:00 INFO : Filtering template 45/96 segment 2/5
2026-09-06T23:41:06.345+01:00 INFO : 1 points above threshold
2026-09-06T23:41:06.351+01:00 INFO : Filtering template 45/96 segment 3/5
2026-09-06T23:41:06.392+01:00 INFO : 1 points above threshold
2026-09-06T23:41:06.397+01:00 INFO : Filtering template 45/96 segment 4/5
2026-09-06T23:41:06.438+01:00 INFO : Filtering template 45/96 segment 5/5
2026-09-06T23:41:06.479+01:00 INFO : 45: generating IMRPhenomD from 30.0 Hz
2026-09-06T23:41:06.482+01:00 INFO : Decompressing waveform using inline_linear
2026-09-06T23:41:06.487+01:00 INFO : Filtering template 46/96 segment 1/5
2026-09-06T23:41:06.537+01:00 INFO : Filtering template 46/96 segment 2/5
2026-09-06T23:41:06.578+01:00 INFO : Filtering template 46/96 segment 3/5
2026-09-06T23:41:06.619+01:00 INFO : 1 points above threshold
2026-09-06T23:41:06.637+01:00 INFO : Filtering template 46/96 segment 4/5
2026-09-06T23:41:06.678+01:00 INFO : 3 points above threshold
2026-09-06T23:41:06.688+01:00 INFO : Filtering template 46/96 segment 5/5
2026-09-06T23:41:06.728+01:00 INFO : 1 points above threshold
2026-09-06T23:41:06.735+01:00 INFO : 46: generating IMRPhenomD from 30.0 Hz
2026-09-06T23:41:06.737+01:00 INFO : Decompressing waveform using inline_linear
2026-09-06T23:41:06.742+01:00 INFO : Filtering template 47/96 segment 1/5
2026-09-06T23:41:06.793+01:00 INFO : 3 points above threshold
2026-09-06T23:41:06.815+01:00 INFO : Filtering template 47/96 segment 2/5
2026-09-06T23:41:06.856+01:00 INFO : Filtering template 47/96 segment 3/5
2026-09-06T23:41:06.897+01:00 INFO : 2 points above threshold
2026-09-06T23:41:06.905+01:00 INFO : Filtering template 47/96 segment 4/5
2026-09-06T23:41:06.945+01:00 INFO : 1 points above threshold
2026-09-06T23:41:06.951+01:00 INFO : Filtering template 47/96 segment 5/5
2026-09-06T23:41:06.992+01:00 INFO : 1 points above threshold
2026-09-06T23:41:06.998+01:00 INFO : 47: generating IMRPhenomD from 30.0 Hz
2026-09-06T23:41:07.001+01:00 INFO : Decompressing waveform using inline_linear
2026-09-06T23:41:07.005+01:00 INFO : Filtering template 48/96 segment 1/5
2026-09-06T23:41:07.056+01:00 INFO : 3 points above threshold
2026-09-06T23:41:07.079+01:00 INFO : Filtering template 48/96 segment 2/5
2026-09-06T23:41:07.119+01:00 INFO : 1 points above threshold
2026-09-06T23:41:07.125+01:00 INFO : Filtering template 48/96 segment 3/5
2026-09-06T23:41:07.166+01:00 INFO : 1 points above threshold
2026-09-06T23:41:07.172+01:00 INFO : Filtering template 48/96 segment 4/5
2026-09-06T23:41:07.212+01:00 INFO : 2 points above threshold
2026-09-06T23:41:07.220+01:00 INFO : Filtering template 48/96 segment 5/5
2026-09-06T23:41:07.261+01:00 INFO : 1 points above threshold
2026-09-06T23:41:07.268+01:00 INFO : 48: generating IMRPhenomD from 30.0 Hz
2026-09-06T23:41:07.270+01:00 INFO : Decompressing waveform using inline_linear
2026-09-06T23:41:07.275+01:00 INFO : Filtering template 49/96 segment 1/5
2026-09-06T23:41:07.326+01:00 INFO : 1 points above threshold
2026-09-06T23:41:07.345+01:00 INFO : Filtering template 49/96 segment 2/5
2026-09-06T23:41:07.385+01:00 INFO : 1 points above threshold
2026-09-06T23:41:07.391+01:00 INFO : Filtering template 49/96 segment 3/5
2026-09-06T23:41:07.432+01:00 INFO : 2 points above threshold
2026-09-06T23:41:07.440+01:00 INFO : Filtering template 49/96 segment 4/5
2026-09-06T23:41:07.480+01:00 INFO : Filtering template 49/96 segment 5/5
2026-09-06T23:41:07.521+01:00 INFO : 49: generating IMRPhenomD from 30.0 Hz
2026-09-06T23:41:07.524+01:00 INFO : Decompressing waveform using inline_linear
2026-09-06T23:41:07.529+01:00 INFO : Filtering template 50/96 segment 1/5
2026-09-06T23:41:07.579+01:00 INFO : Filtering template 50/96 segment 2/5
2026-09-06T23:41:07.620+01:00 INFO : 2 points above threshold
2026-09-06T23:41:07.640+01:00 INFO : Filtering template 50/96 segment 3/5
2026-09-06T23:41:07.681+01:00 INFO : 4 points above threshold
2026-09-06T23:41:07.690+01:00 INFO : Filtering template 50/96 segment 4/5
2026-09-06T23:41:07.731+01:00 INFO : 2 points above threshold
2026-09-06T23:41:07.738+01:00 INFO : Filtering template 50/96 segment 5/5
2026-09-06T23:41:07.779+01:00 INFO : 50: generating IMRPhenomD from 30.0 Hz
2026-09-06T23:41:07.782+01:00 INFO : Decompressing waveform using inline_linear
2026-09-06T23:41:07.787+01:00 INFO : Filtering template 51/96 segment 1/5
2026-09-06T23:41:07.838+01:00 INFO : 1 points above threshold
2026-09-06T23:41:07.856+01:00 INFO : Filtering template 51/96 segment 2/5
2026-09-06T23:41:07.897+01:00 INFO : 1 points above threshold
2026-09-06T23:41:07.903+01:00 INFO : Filtering template 51/96 segment 3/5
2026-09-06T23:41:07.944+01:00 INFO : Filtering template 51/96 segment 4/5
2026-09-06T23:41:07.984+01:00 INFO : 1 points above threshold
2026-09-06T23:41:07.990+01:00 INFO : Filtering template 51/96 segment 5/5
2026-09-06T23:41:08.031+01:00 INFO : 2 points above threshold
2026-09-06T23:41:08.039+01:00 INFO : 51: generating IMRPhenomD from 30.0 Hz
2026-09-06T23:41:08.041+01:00 INFO : Decompressing waveform using inline_linear
2026-09-06T23:41:08.046+01:00 INFO : Filtering template 52/96 segment 1/5
2026-09-06T23:41:08.097+01:00 INFO : 1 points above threshold
2026-09-06T23:41:08.115+01:00 INFO : Filtering template 52/96 segment 2/5
2026-09-06T23:41:08.156+01:00 INFO : 1 points above threshold
2026-09-06T23:41:08.162+01:00 INFO : Filtering template 52/96 segment 3/5
2026-09-06T23:41:08.203+01:00 INFO : Filtering template 52/96 segment 4/5
2026-09-06T23:41:08.243+01:00 INFO : 3 points above threshold
2026-09-06T23:41:08.253+01:00 INFO : Filtering template 52/96 segment 5/5
2026-09-06T23:41:08.294+01:00 INFO : 1 points above threshold
2026-09-06T23:41:08.300+01:00 INFO : 52: generating IMRPhenomD from 30.0 Hz
2026-09-06T23:41:08.303+01:00 INFO : Decompressing waveform using inline_linear
2026-09-06T23:41:08.308+01:00 INFO : Filtering template 53/96 segment 1/5
2026-09-06T23:41:08.358+01:00 INFO : 3 points above threshold
2026-09-06T23:41:08.381+01:00 INFO : Filtering template 53/96 segment 2/5
2026-09-06T23:41:08.421+01:00 INFO : 2 points above threshold
2026-09-06T23:41:08.429+01:00 INFO : Filtering template 53/96 segment 3/5
2026-09-06T23:41:08.470+01:00 INFO : 2 points above threshold
2026-09-06T23:41:08.478+01:00 INFO : Filtering template 53/96 segment 4/5
2026-09-06T23:41:08.518+01:00 INFO : 1 points above threshold
2026-09-06T23:41:08.524+01:00 INFO : Filtering template 53/96 segment 5/5
2026-09-06T23:41:08.565+01:00 INFO : 1 points above threshold
2026-09-06T23:41:08.571+01:00 INFO : 53: generating IMRPhenomD from 30.0 Hz
2026-09-06T23:41:08.574+01:00 INFO : Decompressing waveform using inline_linear
2026-09-06T23:41:08.579+01:00 INFO : Filtering template 54/96 segment 1/5
2026-09-06T23:41:08.629+01:00 INFO : Filtering template 54/96 segment 2/5
2026-09-06T23:41:08.670+01:00 INFO : Filtering template 54/96 segment 3/5
2026-09-06T23:41:08.710+01:00 INFO : 2 points above threshold
2026-09-06T23:41:08.731+01:00 INFO : Filtering template 54/96 segment 4/5
2026-09-06T23:41:08.771+01:00 INFO : 5 points above threshold
2026-09-06T23:41:08.784+01:00 INFO : Filtering template 54/96 segment 5/5
2026-09-06T23:41:08.825+01:00 INFO : 54: generating IMRPhenomD from 30.0 Hz
2026-09-06T23:41:08.827+01:00 INFO : Decompressing waveform using inline_linear
2026-09-06T23:41:08.832+01:00 INFO : Filtering template 55/96 segment 1/5
2026-09-06T23:41:08.883+01:00 INFO : Filtering template 55/96 segment 2/5
2026-09-06T23:41:08.924+01:00 INFO : 1 points above threshold
2026-09-06T23:41:08.942+01:00 INFO : Filtering template 55/96 segment 3/5
2026-09-06T23:41:08.983+01:00 INFO : 3 points above threshold
2026-09-06T23:41:08.993+01:00 INFO : Filtering template 55/96 segment 4/5
2026-09-06T23:41:09.034+01:00 INFO : 1 points above threshold
2026-09-06T23:41:09.039+01:00 INFO : Filtering template 55/96 segment 5/5
2026-09-06T23:41:09.080+01:00 INFO : 1 points above threshold
2026-09-06T23:41:09.087+01:00 INFO : 55: generating IMRPhenomD from 30.0 Hz
2026-09-06T23:41:09.089+01:00 INFO : Decompressing waveform using inline_linear
2026-09-06T23:41:09.094+01:00 INFO : Filtering template 56/96 segment 1/5
2026-09-06T23:41:09.145+01:00 INFO : 1 points above threshold
2026-09-06T23:41:09.164+01:00 INFO : Filtering template 56/96 segment 2/5
2026-09-06T23:41:09.205+01:00 INFO : 1 points above threshold
2026-09-06T23:41:09.210+01:00 INFO : Filtering template 56/96 segment 3/5
2026-09-06T23:41:09.251+01:00 INFO : 3 points above threshold
2026-09-06T23:41:09.261+01:00 INFO : Filtering template 56/96 segment 4/5
2026-09-06T23:41:09.302+01:00 INFO : Filtering template 56/96 segment 5/5
2026-09-06T23:41:09.342+01:00 INFO : 1 points above threshold
2026-09-06T23:41:09.348+01:00 INFO : 56: generating IMRPhenomD from 30.0 Hz
2026-09-06T23:41:09.351+01:00 INFO : Decompressing waveform using inline_linear
2026-09-06T23:41:09.356+01:00 INFO : Filtering template 57/96 segment 1/5
2026-09-06T23:41:09.406+01:00 INFO : 1 points above threshold
2026-09-06T23:41:09.425+01:00 INFO : Filtering template 57/96 segment 2/5
2026-09-06T23:41:09.465+01:00 INFO : 2 points above threshold
2026-09-06T23:41:09.473+01:00 INFO : Filtering template 57/96 segment 3/5
2026-09-06T23:41:09.514+01:00 INFO : 2 points above threshold
2026-09-06T23:41:09.522+01:00 INFO : Filtering template 57/96 segment 4/5
2026-09-06T23:41:09.562+01:00 INFO : 2 points above threshold
2026-09-06T23:41:09.571+01:00 INFO : Filtering template 57/96 segment 5/5
2026-09-06T23:41:09.612+01:00 INFO : 57: generating IMRPhenomD from 30.0 Hz
2026-09-06T23:41:09.614+01:00 INFO : Decompressing waveform using inline_linear
2026-09-06T23:41:09.619+01:00 INFO : Filtering template 58/96 segment 1/5
2026-09-06T23:41:09.670+01:00 INFO : 1 points above threshold
2026-09-06T23:41:09.688+01:00 INFO : Filtering template 58/96 segment 2/5
2026-09-06T23:41:09.729+01:00 INFO : 2 points above threshold
2026-09-06T23:41:09.737+01:00 INFO : Filtering template 58/96 segment 3/5
2026-09-06T23:41:09.777+01:00 INFO : 1 points above threshold
2026-09-06T23:41:09.784+01:00 INFO : Filtering template 58/96 segment 4/5
2026-09-06T23:41:09.825+01:00 INFO : 1 points above threshold
2026-09-06T23:41:09.831+01:00 INFO : Filtering template 58/96 segment 5/5
2026-09-06T23:41:09.871+01:00 INFO : 2 points above threshold
2026-09-06T23:41:09.879+01:00 INFO : 58: generating IMRPhenomD from 30.0 Hz
2026-09-06T23:41:09.882+01:00 INFO : Decompressing waveform using inline_linear
2026-09-06T23:41:09.887+01:00 INFO : Filtering template 59/96 segment 1/5
2026-09-06T23:41:09.938+01:00 INFO : 1 points above threshold
2026-09-06T23:41:09.956+01:00 INFO : Filtering template 59/96 segment 2/5
2026-09-06T23:41:09.997+01:00 INFO : 2 points above threshold
2026-09-06T23:41:10.005+01:00 INFO : Filtering template 59/96 segment 3/5
2026-09-06T23:41:10.046+01:00 INFO : 2 points above threshold
2026-09-06T23:41:10.053+01:00 INFO : Filtering template 59/96 segment 4/5
2026-09-06T23:41:10.094+01:00 INFO : 1 points above threshold
2026-09-06T23:41:10.100+01:00 INFO : Filtering template 59/96 segment 5/5
2026-09-06T23:41:10.141+01:00 INFO : 59: generating IMRPhenomD from 30.0 Hz
2026-09-06T23:41:10.144+01:00 INFO : Decompressing waveform using inline_linear
2026-09-06T23:41:10.149+01:00 INFO : Filtering template 60/96 segment 1/5
2026-09-06T23:41:10.199+01:00 INFO : Filtering template 60/96 segment 2/5
2026-09-06T23:41:10.240+01:00 INFO : Filtering template 60/96 segment 3/5
2026-09-06T23:41:10.281+01:00 INFO : 1 points above threshold
2026-09-06T23:41:10.299+01:00 INFO : Filtering template 60/96 segment 4/5
2026-09-06T23:41:10.340+01:00 INFO : 2 points above threshold
2026-09-06T23:41:10.348+01:00 INFO : Filtering template 60/96 segment 5/5
2026-09-06T23:41:10.389+01:00 INFO : 60: generating IMRPhenomD from 30.0 Hz
2026-09-06T23:41:10.391+01:00 INFO : Decompressing waveform using inline_linear
2026-09-06T23:41:10.396+01:00 INFO : Filtering template 61/96 segment 1/5
2026-09-06T23:41:10.447+01:00 INFO : Filtering template 61/96 segment 2/5
2026-09-06T23:41:10.487+01:00 INFO : 2 points above threshold
2026-09-06T23:41:10.508+01:00 INFO : Filtering template 61/96 segment 3/5
2026-09-06T23:41:10.548+01:00 INFO : 1 points above threshold
2026-09-06T23:41:10.554+01:00 INFO : Filtering template 61/96 segment 4/5
2026-09-06T23:41:10.595+01:00 INFO : 1 points above threshold
2026-09-06T23:41:10.601+01:00 INFO : Filtering template 61/96 segment 5/5
2026-09-06T23:41:10.642+01:00 INFO : 61: generating IMRPhenomD from 30.0 Hz
2026-09-06T23:41:10.644+01:00 INFO : Decompressing waveform using inline_linear
2026-09-06T23:41:10.649+01:00 INFO : Filtering template 62/96 segment 1/5
2026-09-06T23:41:10.700+01:00 INFO : 2 points above threshold
2026-09-06T23:41:10.720+01:00 INFO : Filtering template 62/96 segment 2/5
2026-09-06T23:41:10.761+01:00 INFO : Filtering template 62/96 segment 3/5
2026-09-06T23:41:10.802+01:00 INFO : Filtering template 62/96 segment 4/5
2026-09-06T23:41:10.842+01:00 INFO : 5 points above threshold
2026-09-06T23:41:10.855+01:00 INFO : Filtering template 62/96 segment 5/5
2026-09-06T23:41:10.896+01:00 INFO : 62: generating IMRPhenomD from 30.0 Hz
2026-09-06T23:41:10.898+01:00 INFO : Decompressing waveform using inline_linear
2026-09-06T23:41:10.903+01:00 INFO : Filtering template 63/96 segment 1/5
2026-09-06T23:41:10.954+01:00 INFO : Filtering template 63/96 segment 2/5
2026-09-06T23:41:10.995+01:00 INFO : 1 points above threshold
2026-09-06T23:41:11.013+01:00 INFO : Filtering template 63/96 segment 3/5
2026-09-06T23:41:11.054+01:00 INFO : 2 points above threshold
2026-09-06T23:41:11.062+01:00 INFO : Filtering template 63/96 segment 4/5
2026-09-06T23:41:11.103+01:00 INFO : 1 points above threshold
2026-09-06T23:41:11.109+01:00 INFO : Filtering template 63/96 segment 5/5
2026-09-06T23:41:11.149+01:00 INFO : 1 points above threshold
2026-09-06T23:41:11.156+01:00 INFO : 63: generating IMRPhenomD from 30.0 Hz
2026-09-06T23:41:11.158+01:00 INFO : Decompressing waveform using inline_linear
2026-09-06T23:41:11.163+01:00 INFO : Filtering template 64/96 segment 1/5
2026-09-06T23:41:11.214+01:00 INFO : 2 points above threshold
2026-09-06T23:41:11.234+01:00 INFO : Filtering template 64/96 segment 2/5
2026-09-06T23:41:11.275+01:00 INFO : 1 points above threshold
2026-09-06T23:41:11.281+01:00 INFO : Filtering template 64/96 segment 3/5
2026-09-06T23:41:11.321+01:00 INFO : Filtering template 64/96 segment 4/5
2026-09-06T23:41:11.362+01:00 INFO : Filtering template 64/96 segment 5/5
2026-09-06T23:41:11.403+01:00 INFO : 64: generating IMRPhenomD from 30.0 Hz
2026-09-06T23:41:11.405+01:00 INFO : Decompressing waveform using inline_linear
2026-09-06T23:41:11.410+01:00 INFO : Filtering template 65/96 segment 1/5
2026-09-06T23:41:11.461+01:00 INFO : 2 points above threshold
2026-09-06T23:41:11.481+01:00 INFO : Filtering template 65/96 segment 2/5
2026-09-06T23:41:11.522+01:00 INFO : 2 points above threshold
2026-09-06T23:41:11.529+01:00 INFO : Filtering template 65/96 segment 3/5
2026-09-06T23:41:11.570+01:00 INFO : 1 points above threshold
2026-09-06T23:41:11.576+01:00 INFO : Filtering template 65/96 segment 4/5
2026-09-06T23:41:11.617+01:00 INFO : 2 points above threshold
2026-09-06T23:41:11.624+01:00 INFO : Filtering template 65/96 segment 5/5
2026-09-06T23:41:11.665+01:00 INFO : 65: generating IMRPhenomD from 30.0 Hz
2026-09-06T23:41:11.668+01:00 INFO : Decompressing waveform using inline_linear
2026-09-06T23:41:11.673+01:00 INFO : Filtering template 66/96 segment 1/5
2026-09-06T23:41:11.723+01:00 INFO : 1 points above threshold
2026-09-06T23:41:11.742+01:00 INFO : Filtering template 66/96 segment 2/5
2026-09-06T23:41:11.782+01:00 INFO : 1 points above threshold
2026-09-06T23:41:11.788+01:00 INFO : Filtering template 66/96 segment 3/5
2026-09-06T23:41:11.829+01:00 INFO : 2 points above threshold
2026-09-06T23:41:11.837+01:00 INFO : Filtering template 66/96 segment 4/5
2026-09-06T23:41:11.877+01:00 INFO : 1 points above threshold
2026-09-06T23:41:11.883+01:00 INFO : Filtering template 66/96 segment 5/5
2026-09-06T23:41:11.924+01:00 INFO : 66: generating IMRPhenomD from 30.0 Hz
2026-09-06T23:41:11.927+01:00 INFO : Decompressing waveform using inline_linear
2026-09-06T23:41:11.932+01:00 INFO : Filtering template 67/96 segment 1/5
2026-09-06T23:41:11.983+01:00 INFO : 3 points above threshold
2026-09-06T23:41:12.005+01:00 INFO : Filtering template 67/96 segment 2/5
2026-09-06T23:41:12.046+01:00 INFO : Filtering template 67/96 segment 3/5
2026-09-06T23:41:12.087+01:00 INFO : 1 points above threshold
2026-09-06T23:41:12.092+01:00 INFO : Filtering template 67/96 segment 4/5
2026-09-06T23:41:12.133+01:00 INFO : Filtering template 67/96 segment 5/5
2026-09-06T23:41:12.174+01:00 INFO : 67: generating IMRPhenomD from 30.0 Hz
2026-09-06T23:41:12.177+01:00 INFO : Decompressing waveform using inline_linear
2026-09-06T23:41:12.182+01:00 INFO : Filtering template 68/96 segment 1/5
2026-09-06T23:41:12.232+01:00 INFO : 1 points above threshold
2026-09-06T23:41:12.251+01:00 INFO : Filtering template 68/96 segment 2/5
2026-09-06T23:41:12.292+01:00 INFO : 1 points above threshold
2026-09-06T23:41:12.298+01:00 INFO : Filtering template 68/96 segment 3/5
2026-09-06T23:41:12.338+01:00 INFO : 1 points above threshold
2026-09-06T23:41:12.344+01:00 INFO : Filtering template 68/96 segment 4/5
2026-09-06T23:41:12.384+01:00 INFO : 1 points above threshold
2026-09-06T23:41:12.390+01:00 INFO : Filtering template 68/96 segment 5/5
2026-09-06T23:41:12.431+01:00 INFO : 1 points above threshold
2026-09-06T23:41:12.437+01:00 INFO : 68: generating IMRPhenomD from 30.0 Hz
2026-09-06T23:41:12.440+01:00 INFO : Decompressing waveform using inline_linear
2026-09-06T23:41:12.445+01:00 INFO : Filtering template 69/96 segment 1/5
2026-09-06T23:41:12.495+01:00 INFO : Filtering template 69/96 segment 2/5
2026-09-06T23:41:12.536+01:00 INFO : Filtering template 69/96 segment 3/5
2026-09-06T23:41:12.577+01:00 INFO : 1 points above threshold
2026-09-06T23:41:12.595+01:00 INFO : Filtering template 69/96 segment 4/5
2026-09-06T23:41:12.636+01:00 INFO : 2 points above threshold
2026-09-06T23:41:12.644+01:00 INFO : Filtering template 69/96 segment 5/5
2026-09-06T23:41:12.684+01:00 INFO : 69: generating IMRPhenomD from 30.0 Hz
2026-09-06T23:41:12.687+01:00 INFO : Decompressing waveform using inline_linear
2026-09-06T23:41:12.692+01:00 INFO : Filtering template 70/96 segment 1/5
2026-09-06T23:41:12.742+01:00 INFO : 2 points above threshold
2026-09-06T23:41:12.763+01:00 INFO : Filtering template 70/96 segment 2/5
2026-09-06T23:41:12.803+01:00 INFO : 2 points above threshold
2026-09-06T23:41:12.811+01:00 INFO : Filtering template 70/96 segment 3/5
2026-09-06T23:41:12.852+01:00 INFO : Filtering template 70/96 segment 4/5
2026-09-06T23:41:12.892+01:00 INFO : 2 points above threshold
2026-09-06T23:41:12.900+01:00 INFO : Filtering template 70/96 segment 5/5
2026-09-06T23:41:12.941+01:00 INFO : 2 points above threshold
2026-09-06T23:41:12.949+01:00 INFO : 70: generating IMRPhenomD from 30.0 Hz
2026-09-06T23:41:12.951+01:00 INFO : Decompressing waveform using inline_linear
2026-09-06T23:41:12.956+01:00 INFO : Filtering template 71/96 segment 1/5
2026-09-06T23:41:13.007+01:00 INFO : Filtering template 71/96 segment 2/5
2026-09-06T23:41:13.048+01:00 INFO : 1 points above threshold
2026-09-06T23:41:13.066+01:00 INFO : Filtering template 71/96 segment 3/5
2026-09-06T23:41:13.107+01:00 INFO : 1 points above threshold
2026-09-06T23:41:13.113+01:00 INFO : Filtering template 71/96 segment 4/5
2026-09-06T23:41:13.153+01:00 INFO : 3 points above threshold
2026-09-06T23:41:13.163+01:00 INFO : Filtering template 71/96 segment 5/5
2026-09-06T23:41:13.204+01:00 INFO : 71: generating IMRPhenomD from 30.0 Hz
2026-09-06T23:41:13.207+01:00 INFO : Decompressing waveform using inline_linear
2026-09-06T23:41:13.212+01:00 INFO : Filtering template 72/96 segment 1/5
2026-09-06T23:41:13.262+01:00 INFO : 2 points above threshold
2026-09-06T23:41:13.283+01:00 INFO : Filtering template 72/96 segment 2/5
2026-09-06T23:41:13.323+01:00 INFO : 1 points above threshold
2026-09-06T23:41:13.329+01:00 INFO : Filtering template 72/96 segment 3/5
2026-09-06T23:41:13.370+01:00 INFO : 1 points above threshold
2026-09-06T23:41:13.376+01:00 INFO : Filtering template 72/96 segment 4/5
2026-09-06T23:41:13.416+01:00 INFO : 3 points above threshold
2026-09-06T23:41:13.426+01:00 INFO : Filtering template 72/96 segment 5/5
2026-09-06T23:41:13.467+01:00 INFO : 3 points above threshold
2026-09-06T23:41:13.477+01:00 INFO : 72: generating IMRPhenomD from 30.0 Hz
2026-09-06T23:41:13.480+01:00 INFO : Decompressing waveform using inline_linear
2026-09-06T23:41:13.485+01:00 INFO : Filtering template 73/96 segment 1/5
2026-09-06T23:41:13.535+01:00 INFO : 1 points above threshold
2026-09-06T23:41:13.554+01:00 INFO : Filtering template 73/96 segment 2/5
2026-09-06T23:41:13.594+01:00 INFO : 1 points above threshold
2026-09-06T23:41:13.600+01:00 INFO : Filtering template 73/96 segment 3/5
2026-09-06T23:41:13.641+01:00 INFO : 1 points above threshold
2026-09-06T23:41:13.648+01:00 INFO : Filtering template 73/96 segment 4/5
2026-09-06T23:41:13.688+01:00 INFO : Filtering template 73/96 segment 5/5
2026-09-06T23:41:13.729+01:00 INFO : 1 points above threshold
2026-09-06T23:41:13.735+01:00 INFO : 73: generating IMRPhenomD from 30.0 Hz
2026-09-06T23:41:13.738+01:00 INFO : Decompressing waveform using inline_linear
2026-09-06T23:41:13.742+01:00 INFO : Filtering template 74/96 segment 1/5
2026-09-06T23:41:13.793+01:00 INFO : 3 points above threshold
2026-09-06T23:41:13.816+01:00 INFO : Filtering template 74/96 segment 2/5
2026-09-06T23:41:13.856+01:00 INFO : 3 points above threshold
2026-09-06T23:41:13.866+01:00 INFO : Filtering template 74/96 segment 3/5
2026-09-06T23:41:13.907+01:00 INFO : Filtering template 74/96 segment 4/5
2026-09-06T23:41:13.947+01:00 INFO : 1 points above threshold
2026-09-06T23:41:13.953+01:00 INFO : Filtering template 74/96 segment 5/5
2026-09-06T23:41:13.994+01:00 INFO : 74: generating IMRPhenomD from 30.0 Hz
2026-09-06T23:41:13.997+01:00 INFO : Decompressing waveform using inline_linear
2026-09-06T23:41:14.002+01:00 INFO : Filtering template 75/96 segment 1/5
2026-09-06T23:41:14.053+01:00 INFO : Filtering template 75/96 segment 2/5
2026-09-06T23:41:14.093+01:00 INFO : 1 points above threshold
2026-09-06T23:41:14.112+01:00 INFO : Filtering template 75/96 segment 3/5
2026-09-06T23:41:14.152+01:00 INFO : 2 points above threshold
2026-09-06T23:41:14.160+01:00 INFO : Filtering template 75/96 segment 4/5
2026-09-06T23:41:14.201+01:00 INFO : Filtering template 75/96 segment 5/5
2026-09-06T23:41:14.242+01:00 INFO : 2 points above threshold
2026-09-06T23:41:14.250+01:00 INFO : 75: generating IMRPhenomD from 30.0 Hz
2026-09-06T23:41:14.253+01:00 INFO : Decompressing waveform using inline_linear
2026-09-06T23:41:14.258+01:00 INFO : Filtering template 76/96 segment 1/5
2026-09-06T23:41:14.309+01:00 INFO : 1 points above threshold
2026-09-06T23:41:14.327+01:00 INFO : Filtering template 76/96 segment 2/5
2026-09-06T23:41:14.368+01:00 INFO : Filtering template 76/96 segment 3/5
2026-09-06T23:41:14.409+01:00 INFO : 1 points above threshold
2026-09-06T23:41:14.414+01:00 INFO : Filtering template 76/96 segment 4/5
2026-09-06T23:41:14.455+01:00 INFO : Filtering template 76/96 segment 5/5
2026-09-06T23:41:14.496+01:00 INFO : 2 points above threshold
2026-09-06T23:41:14.505+01:00 INFO : 76: generating IMRPhenomD from 30.0 Hz
2026-09-06T23:41:14.507+01:00 INFO : Decompressing waveform using inline_linear
2026-09-06T23:41:14.512+01:00 INFO : Filtering template 77/96 segment 1/5
2026-09-06T23:41:14.563+01:00 INFO : Filtering template 77/96 segment 2/5
2026-09-06T23:41:14.603+01:00 INFO : 1 points above threshold
2026-09-06T23:41:14.622+01:00 INFO : Filtering template 77/96 segment 3/5
2026-09-06T23:41:14.662+01:00 INFO : Filtering template 77/96 segment 4/5
2026-09-06T23:41:14.703+01:00 INFO : 1 points above threshold
2026-09-06T23:41:14.709+01:00 INFO : Filtering template 77/96 segment 5/5
2026-09-06T23:41:14.750+01:00 INFO : 77: generating IMRPhenomD from 30.0 Hz
2026-09-06T23:41:14.752+01:00 INFO : Decompressing waveform using inline_linear
2026-09-06T23:41:14.757+01:00 INFO : Filtering template 78/96 segment 1/5
2026-09-06T23:41:14.808+01:00 INFO : Filtering template 78/96 segment 2/5
2026-09-06T23:41:14.849+01:00 INFO : Filtering template 78/96 segment 3/5
2026-09-06T23:41:14.890+01:00 INFO : Filtering template 78/96 segment 4/5
2026-09-06T23:41:14.930+01:00 INFO : 1 points above threshold
2026-09-06T23:41:14.949+01:00 INFO : Filtering template 78/96 segment 5/5
2026-09-06T23:41:14.990+01:00 INFO : 78: generating IMRPhenomD from 30.0 Hz
2026-09-06T23:41:14.992+01:00 INFO : Decompressing waveform using inline_linear
2026-09-06T23:41:14.997+01:00 INFO : Filtering template 79/96 segment 1/5
2026-09-06T23:41:15.048+01:00 INFO : 2 points above threshold
2026-09-06T23:41:15.068+01:00 INFO : Filtering template 79/96 segment 2/5
2026-09-06T23:41:15.109+01:00 INFO : Filtering template 79/96 segment 3/5
2026-09-06T23:41:15.149+01:00 INFO : 1 points above threshold
2026-09-06T23:41:15.155+01:00 INFO : Filtering template 79/96 segment 4/5
2026-09-06T23:41:15.196+01:00 INFO : 1 points above threshold
2026-09-06T23:41:15.202+01:00 INFO : Filtering template 79/96 segment 5/5
2026-09-06T23:41:15.242+01:00 INFO : 3 points above threshold
2026-09-06T23:41:15.252+01:00 INFO : 79: generating IMRPhenomD from 30.0 Hz
2026-09-06T23:41:15.255+01:00 INFO : Decompressing waveform using inline_linear
2026-09-06T23:41:15.260+01:00 INFO : Filtering template 80/96 segment 1/5
2026-09-06T23:41:15.311+01:00 INFO : 2 points above threshold
2026-09-06T23:41:15.331+01:00 INFO : Filtering template 80/96 segment 2/5
2026-09-06T23:41:15.372+01:00 INFO : 1 points above threshold
2026-09-06T23:41:15.378+01:00 INFO : Filtering template 80/96 segment 3/5
2026-09-06T23:41:15.418+01:00 INFO : 1 points above threshold
2026-09-06T23:41:15.424+01:00 INFO : Filtering template 80/96 segment 4/5
2026-09-06T23:41:15.465+01:00 INFO : Filtering template 80/96 segment 5/5
2026-09-06T23:41:15.505+01:00 INFO : 1 points above threshold
2026-09-06T23:41:15.512+01:00 INFO : 80: generating IMRPhenomD from 30.0 Hz
2026-09-06T23:41:15.514+01:00 INFO : Decompressing waveform using inline_linear
2026-09-06T23:41:15.519+01:00 INFO : Filtering template 81/96 segment 1/5
2026-09-06T23:41:15.570+01:00 INFO : 1 points above threshold
2026-09-06T23:41:15.591+01:00 INFO : Filtering template 81/96 segment 2/5
2026-09-06T23:41:15.632+01:00 INFO : 2 points above threshold
2026-09-06T23:41:15.639+01:00 INFO : Filtering template 81/96 segment 3/5
2026-09-06T23:41:15.680+01:00 INFO : 1 points above threshold
2026-09-06T23:41:15.686+01:00 INFO : Filtering template 81/96 segment 4/5
2026-09-06T23:41:15.727+01:00 INFO : Filtering template 81/96 segment 5/5
2026-09-06T23:41:15.767+01:00 INFO : 1 points above threshold
2026-09-06T23:41:15.773+01:00 INFO : 81: generating IMRPhenomD from 30.0 Hz
2026-09-06T23:41:15.776+01:00 INFO : Decompressing waveform using inline_linear
2026-09-06T23:41:15.781+01:00 INFO : Filtering template 82/96 segment 1/5
2026-09-06T23:41:15.832+01:00 INFO : Filtering template 82/96 segment 2/5
2026-09-06T23:41:15.872+01:00 INFO : 2 points above threshold
2026-09-06T23:41:15.896+01:00 INFO : Filtering template 82/96 segment 3/5
2026-09-06T23:41:15.936+01:00 INFO : 1 points above threshold
2026-09-06T23:41:15.942+01:00 INFO : Filtering template 82/96 segment 4/5
2026-09-06T23:41:15.983+01:00 INFO : Filtering template 82/96 segment 5/5
2026-09-06T23:41:16.024+01:00 INFO : 82: generating IMRPhenomD from 30.0 Hz
2026-09-06T23:41:16.026+01:00 INFO : Decompressing waveform using inline_linear
2026-09-06T23:41:16.031+01:00 INFO : Filtering template 83/96 segment 1/5
2026-09-06T23:41:16.082+01:00 INFO : 1 points above threshold
2026-09-06T23:41:16.103+01:00 INFO : Filtering template 83/96 segment 2/5
2026-09-06T23:41:16.144+01:00 INFO : 2 points above threshold
2026-09-06T23:41:16.152+01:00 INFO : Filtering template 83/96 segment 3/5
2026-09-06T23:41:16.192+01:00 INFO : 2 points above threshold
2026-09-06T23:41:16.200+01:00 INFO : Filtering template 83/96 segment 4/5
2026-09-06T23:41:16.241+01:00 INFO : 3 points above threshold
2026-09-06T23:41:16.251+01:00 INFO : Filtering template 83/96 segment 5/5
2026-09-06T23:41:16.291+01:00 INFO : 3 points above threshold
2026-09-06T23:41:16.302+01:00 INFO : 83: generating IMRPhenomD from 30.0 Hz
2026-09-06T23:41:16.304+01:00 INFO : Decompressing waveform using inline_linear
2026-09-06T23:41:16.309+01:00 INFO : Filtering template 84/96 segment 1/5
2026-09-06T23:41:16.360+01:00 INFO : Filtering template 84/96 segment 2/5
2026-09-06T23:41:16.401+01:00 INFO : Filtering template 84/96 segment 3/5
2026-09-06T23:41:16.441+01:00 INFO : 1 points above threshold
2026-09-06T23:41:16.460+01:00 INFO : Filtering template 84/96 segment 4/5
2026-09-06T23:41:16.501+01:00 INFO : 3 points above threshold
2026-09-06T23:41:16.511+01:00 INFO : Filtering template 84/96 segment 5/5
2026-09-06T23:41:16.552+01:00 INFO : 84: generating IMRPhenomD from 30.0 Hz
2026-09-06T23:41:16.554+01:00 INFO : Decompressing waveform using inline_linear
2026-09-06T23:41:16.559+01:00 INFO : Filtering template 85/96 segment 1/5
2026-09-06T23:41:16.610+01:00 INFO : 1 points above threshold
2026-09-06T23:41:16.628+01:00 INFO : Filtering template 85/96 segment 2/5
2026-09-06T23:41:16.669+01:00 INFO : 2 points above threshold
2026-09-06T23:41:16.677+01:00 INFO : Filtering template 85/96 segment 3/5
2026-09-06T23:41:16.717+01:00 INFO : 1 points above threshold
2026-09-06T23:41:16.723+01:00 INFO : Filtering template 85/96 segment 4/5
2026-09-06T23:41:16.764+01:00 INFO : 3 points above threshold
2026-09-06T23:41:16.774+01:00 INFO : Filtering template 85/96 segment 5/5
2026-09-06T23:41:16.814+01:00 INFO : 2 points above threshold
2026-09-06T23:41:16.823+01:00 INFO : 85: generating IMRPhenomD from 30.0 Hz
2026-09-06T23:41:16.825+01:00 INFO : Decompressing waveform using inline_linear
2026-09-06T23:41:16.830+01:00 INFO : Filtering template 86/96 segment 1/5
2026-09-06T23:41:16.881+01:00 INFO : 2 points above threshold
2026-09-06T23:41:16.901+01:00 INFO : Filtering template 86/96 segment 2/5
2026-09-06T23:41:16.942+01:00 INFO : 2 points above threshold
2026-09-06T23:41:16.949+01:00 INFO : Filtering template 86/96 segment 3/5
2026-09-06T23:41:16.990+01:00 INFO : 1 points above threshold
2026-09-06T23:41:16.996+01:00 INFO : Filtering template 86/96 segment 4/5
2026-09-06T23:41:17.036+01:00 INFO : 1 points above threshold
2026-09-06T23:41:17.042+01:00 INFO : Filtering template 86/96 segment 5/5
2026-09-06T23:41:17.083+01:00 INFO : 2 points above threshold
2026-09-06T23:41:17.091+01:00 INFO : 86: generating IMRPhenomD from 30.0 Hz
2026-09-06T23:41:17.094+01:00 INFO : Decompressing waveform using inline_linear
2026-09-06T23:41:17.099+01:00 INFO : Filtering template 87/96 segment 1/5
2026-09-06T23:41:17.149+01:00 INFO : 1 points above threshold
2026-09-06T23:41:17.168+01:00 INFO : Filtering template 87/96 segment 2/5
2026-09-06T23:41:17.208+01:00 INFO : 2 points above threshold
2026-09-06T23:41:17.216+01:00 INFO : Filtering template 87/96 segment 3/5
2026-09-06T23:41:17.256+01:00 INFO : 1 points above threshold
2026-09-06T23:41:17.265+01:00 INFO : Filtering template 87/96 segment 4/5
2026-09-06T23:41:17.306+01:00 INFO : 1 points above threshold
2026-09-06T23:41:17.312+01:00 INFO : Filtering template 87/96 segment 5/5
2026-09-06T23:41:17.352+01:00 INFO : 1 points above threshold
2026-09-06T23:41:17.358+01:00 INFO : 87: generating IMRPhenomD from 30.0 Hz
2026-09-06T23:41:17.361+01:00 INFO : Decompressing waveform using inline_linear
2026-09-06T23:41:17.366+01:00 INFO : Filtering template 88/96 segment 1/5
2026-09-06T23:41:17.416+01:00 INFO : 2 points above threshold
2026-09-06T23:41:17.437+01:00 INFO : Filtering template 88/96 segment 2/5
2026-09-06T23:41:17.477+01:00 INFO : 1 points above threshold
2026-09-06T23:41:17.483+01:00 INFO : Filtering template 88/96 segment 3/5
2026-09-06T23:41:17.524+01:00 INFO : Filtering template 88/96 segment 4/5
2026-09-06T23:41:17.565+01:00 INFO : Filtering template 88/96 segment 5/5
2026-09-06T23:41:17.605+01:00 INFO : 2 points above threshold
2026-09-06T23:41:17.613+01:00 INFO : 88: generating IMRPhenomD from 30.0 Hz
2026-09-06T23:41:17.616+01:00 INFO : Decompressing waveform using inline_linear
2026-09-06T23:41:17.621+01:00 INFO : Filtering template 89/96 segment 1/5
2026-09-06T23:41:17.671+01:00 INFO : 2 points above threshold
2026-09-06T23:41:17.692+01:00 INFO : Filtering template 89/96 segment 2/5
2026-09-06T23:41:17.732+01:00 INFO : 1 points above threshold
2026-09-06T23:41:17.738+01:00 INFO : Filtering template 89/96 segment 3/5
2026-09-06T23:41:17.779+01:00 INFO : 2 points above threshold
2026-09-06T23:41:17.787+01:00 INFO : Filtering template 89/96 segment 4/5
2026-09-06T23:41:17.827+01:00 INFO : Filtering template 89/96 segment 5/5
2026-09-06T23:41:17.868+01:00 INFO : 89: generating IMRPhenomD from 30.0 Hz
2026-09-06T23:41:17.871+01:00 INFO : Decompressing waveform using inline_linear
2026-09-06T23:41:17.876+01:00 INFO : Filtering template 90/96 segment 1/5
2026-09-06T23:41:17.926+01:00 INFO : Filtering template 90/96 segment 2/5
2026-09-06T23:41:17.967+01:00 INFO : 1 points above threshold
2026-09-06T23:41:17.986+01:00 INFO : Filtering template 90/96 segment 3/5
2026-09-06T23:41:18.026+01:00 INFO : 3 points above threshold
2026-09-06T23:41:18.036+01:00 INFO : Filtering template 90/96 segment 4/5
2026-09-06T23:41:18.077+01:00 INFO : Filtering template 90/96 segment 5/5
2026-09-06T23:41:18.117+01:00 INFO : 1 points above threshold
2026-09-06T23:41:18.124+01:00 INFO : 90: generating IMRPhenomD from 30.0 Hz
2026-09-06T23:41:18.126+01:00 INFO : Decompressing waveform using inline_linear
2026-09-06T23:41:18.131+01:00 INFO : Filtering template 91/96 segment 1/5
2026-09-06T23:41:18.181+01:00 INFO : Filtering template 91/96 segment 2/5
2026-09-06T23:41:18.222+01:00 INFO : 2 points above threshold
2026-09-06T23:41:18.242+01:00 INFO : Filtering template 91/96 segment 3/5
2026-09-06T23:41:18.283+01:00 INFO : 3 points above threshold
2026-09-06T23:41:18.293+01:00 INFO : Filtering template 91/96 segment 4/5
2026-09-06T23:41:18.333+01:00 INFO : Filtering template 91/96 segment 5/5
2026-09-06T23:41:18.374+01:00 INFO : 1 points above threshold
2026-09-06T23:41:18.380+01:00 INFO : 91: generating IMRPhenomD from 30.0 Hz
2026-09-06T23:41:18.383+01:00 INFO : Decompressing waveform using inline_linear
2026-09-06T23:41:18.388+01:00 INFO : Filtering template 92/96 segment 1/5
2026-09-06T23:41:18.438+01:00 INFO : 2 points above threshold
2026-09-06T23:41:18.459+01:00 INFO : Filtering template 92/96 segment 2/5
2026-09-06T23:41:18.499+01:00 INFO : 1 points above threshold
2026-09-06T23:41:18.505+01:00 INFO : Filtering template 92/96 segment 3/5
2026-09-06T23:41:18.546+01:00 INFO : 2 points above threshold
2026-09-06T23:41:18.554+01:00 INFO : Filtering template 92/96 segment 4/5
2026-09-06T23:41:18.595+01:00 INFO : 1 points above threshold
2026-09-06T23:41:18.601+01:00 INFO : Filtering template 92/96 segment 5/5
2026-09-06T23:41:18.641+01:00 INFO : 1 points above threshold
2026-09-06T23:41:18.647+01:00 INFO : 92: generating IMRPhenomD from 30.0 Hz
2026-09-06T23:41:18.650+01:00 INFO : Decompressing waveform using inline_linear
2026-09-06T23:41:18.655+01:00 INFO : Filtering template 93/96 segment 1/5
2026-09-06T23:41:18.705+01:00 INFO : Filtering template 93/96 segment 2/5
2026-09-06T23:41:18.746+01:00 INFO : 3 points above threshold
2026-09-06T23:41:18.769+01:00 INFO : Filtering template 93/96 segment 3/5
2026-09-06T23:41:18.809+01:00 INFO : 3 points above threshold
2026-09-06T23:41:18.819+01:00 INFO : Filtering template 93/96 segment 4/5
2026-09-06T23:41:18.860+01:00 INFO : 1 points above threshold
2026-09-06T23:41:18.866+01:00 INFO : Filtering template 93/96 segment 5/5
2026-09-06T23:41:18.906+01:00 INFO : 1 points above threshold
2026-09-06T23:41:18.912+01:00 INFO : 93: generating IMRPhenomD from 30.0 Hz
2026-09-06T23:41:18.915+01:00 INFO : Decompressing waveform using inline_linear
2026-09-06T23:41:18.920+01:00 INFO : Filtering template 94/96 segment 1/5
2026-09-06T23:41:18.971+01:00 INFO : 1 points above threshold
2026-09-06T23:41:18.989+01:00 INFO : Filtering template 94/96 segment 2/5
2026-09-06T23:41:19.030+01:00 INFO : 2 points above threshold
2026-09-06T23:41:19.038+01:00 INFO : Filtering template 94/96 segment 3/5
2026-09-06T23:41:19.078+01:00 INFO : 4 points above threshold
2026-09-06T23:41:19.088+01:00 INFO : Filtering template 94/96 segment 4/5
2026-09-06T23:41:19.128+01:00 INFO : Filtering template 94/96 segment 5/5
2026-09-06T23:41:19.169+01:00 INFO : 2 points above threshold
2026-09-06T23:41:19.177+01:00 INFO : 94: generating IMRPhenomD from 30.0 Hz
2026-09-06T23:41:19.180+01:00 INFO : Decompressing waveform using inline_linear
2026-09-06T23:41:19.185+01:00 INFO : Filtering template 95/96 segment 1/5
2026-09-06T23:41:19.235+01:00 INFO : 3 points above threshold
2026-09-06T23:41:19.261+01:00 INFO : Filtering template 95/96 segment 2/5
2026-09-06T23:41:19.302+01:00 INFO : 2 points above threshold
2026-09-06T23:41:19.309+01:00 INFO : Filtering template 95/96 segment 3/5
2026-09-06T23:41:19.350+01:00 INFO : 2 points above threshold
2026-09-06T23:41:19.358+01:00 INFO : Filtering template 95/96 segment 4/5
2026-09-06T23:41:19.399+01:00 INFO : 1 points above threshold
2026-09-06T23:41:19.405+01:00 INFO : Filtering template 95/96 segment 5/5
2026-09-06T23:41:19.446+01:00 INFO : 95: generating IMRPhenomD from 30.0 Hz
2026-09-06T23:41:19.448+01:00 INFO : Decompressing waveform using inline_linear
2026-09-06T23:41:19.453+01:00 INFO : Filtering template 96/96 segment 1/5
2026-09-06T23:41:19.504+01:00 INFO : 2 points above threshold
2026-09-06T23:41:19.527+01:00 INFO : Filtering template 96/96 segment 2/5
2026-09-06T23:41:19.568+01:00 INFO : Filtering template 96/96 segment 3/5
2026-09-06T23:41:19.609+01:00 INFO : Filtering template 96/96 segment 4/5
2026-09-06T23:41:19.650+01:00 INFO : 1 points above threshold
2026-09-06T23:41:19.655+01:00 INFO : Filtering template 96/96 segment 5/5
2026-09-06T23:41:19.696+01:00 INFO : We currently have 527 triggers
2026-09-06T23:41:19.697+01:00 INFO : Removing triggers with NewSNR below threshold
2026-09-06T23:41:19.697+01:00 INFO : 475 remaining triggers
2026-09-06T23:41:19.697+01:00 INFO : Outputting 475 triggers
2026-09-06T23:41:19.697+01:00 INFO : Writing out triggers
2026-09-06T23:41:19.707+01:00 INFO : Finished
