No CuPy
No CuPy or GPU PhenomHM module.
No CuPy or GPU response available.
No CuPy or GPU interpolation available.
{"template": "longest", "length": 256, "start_pad": 96, "placement": "first_valid", "passed": true, "relative_complex_error": 1.8260306087093695e-05}
{"template": "longest", "length": 256, "start_pad": 96, "placement": "midpoint", "passed": true, "relative_complex_error": 2.13160075905096e-05}
{"template": "longest", "length": 256, "start_pad": 96, "placement": "last_valid", "passed": true, "relative_complex_error": 2.452636373706725e-05}
{"template": "longest", "length": 256, "start_pad": 112, "placement": "first_valid", "passed": true, "relative_complex_error": 1.915246655630603e-05}
{"template": "longest", "length": 256, "start_pad": 112, "placement": "midpoint", "passed": true, "relative_complex_error": 2.1563581692736134e-05}
{"template": "longest", "length": 256, "start_pad": 112, "placement": "last_valid", "passed": true, "relative_complex_error": 2.452636373706725e-05}
{"template": "longest", "length": 512, "start_pad": 96, "placement": "first_valid", "passed": true, "relative_complex_error": 8.945859499399836e-06}
{"template": "longest", "length": 512, "start_pad": 96, "placement": "midpoint", "passed": true, "relative_complex_error": 7.920235796672227e-06}
{"template": "longest", "length": 512, "start_pad": 96, "placement": "last_valid", "passed": true, "relative_complex_error": 1.6581078888399213e-05}
{"template": "longest", "length": 512, "start_pad": 112, "placement": "first_valid", "passed": true, "relative_complex_error": 9.089188413538612e-06}
{"template": "longest", "length": 512, "start_pad": 112, "placement": "midpoint", "passed": true, "relative_complex_error": 7.898838406312877e-06}
{"template": "longest", "length": 512, "start_pad": 112, "placement": "last_valid", "passed": true, "relative_complex_error": 1.6581078888399213e-05}
{"template": "longest", "length": 1024, "start_pad": 96, "placement": "first_valid", "passed": true, "relative_complex_error": 4.359976783005788e-06}
{"template": "longest", "length": 1024, "start_pad": 96, "placement": "midpoint", "passed": true, "relative_complex_error": 3.4676212099161426e-06}
{"template": "longest", "length": 1024, "start_pad": 96, "placement": "last_valid", "passed": true, "relative_complex_error": 1.3286615087137103e-05}
{"template": "longest", "length": 1024, "start_pad": 112, "placement": "first_valid", "passed": true, "relative_complex_error": 4.338605718030462e-06}
{"template": "longest", "length": 1024, "start_pad": 112, "placement": "midpoint", "passed": true, "relative_complex_error": 3.466140405986431e-06}
{"template": "longest", "length": 1024, "start_pad": 112, "placement": "last_valid", "passed": true, "relative_complex_error": 1.3286615087137103e-05}
{"template": "shortest", "length": 256, "start_pad": 96, "placement": "first_valid", "passed": true, "relative_complex_error": 4.618563547479666e-07}
{"template": "shortest", "length": 256, "start_pad": 96, "placement": "midpoint", "passed": true, "relative_complex_error": 6.003448437226149e-07}
{"template": "shortest", "length": 256, "start_pad": 96, "placement": "last_valid", "passed": true, "relative_complex_error": 8.748831145061049e-07}
{"template": "shortest", "length": 256, "start_pad": 112, "placement": "first_valid", "passed": true, "relative_complex_error": 5.055386249640719e-07}
{"template": "shortest", "length": 256, "start_pad": 112, "placement": "midpoint", "passed": true, "relative_complex_error": 6.098812967739792e-07}
{"template": "shortest", "length": 256, "start_pad": 112, "placement": "last_valid", "passed": true, "relative_complex_error": 8.748831145061049e-07}
{"template": "shortest", "length": 512, "start_pad": 96, "placement": "first_valid", "passed": true, "relative_complex_error": 2.1879872387763185e-07}
{"template": "shortest", "length": 512, "start_pad": 96, "placement": "midpoint", "passed": true, "relative_complex_error": 2.041892086677331e-07}
{"template": "shortest", "length": 512, "start_pad": 96, "placement": "last_valid", "passed": true, "relative_complex_error": 7.115712651904468e-07}
{"template": "shortest", "length": 512, "start_pad": 112, "placement": "first_valid", "passed": true, "relative_complex_error": 1.922629854196361e-07}
{"template": "shortest", "length": 512, "start_pad": 112, "placement": "midpoint", "passed": true, "relative_complex_error": 2.0925234376944023e-07}
{"template": "shortest", "length": 512, "start_pad": 112, "placement": "last_valid", "passed": true, "relative_complex_error": 7.115712651904468e-07}
{"template": "shortest", "length": 1024, "start_pad": 96, "placement": "first_valid", "passed": true, "relative_complex_error": 1.9378596661148737e-07}
{"template": "shortest", "length": 1024, "start_pad": 96, "placement": "midpoint", "passed": true, "relative_complex_error": 7.043676858864945e-08}
{"template": "shortest", "length": 1024, "start_pad": 96, "placement": "last_valid", "passed": true, "relative_complex_error": 6.225575390903978e-07}
{"template": "shortest", "length": 1024, "start_pad": 112, "placement": "first_valid", "passed": true, "relative_complex_error": 1.6514038647887604e-07}
{"template": "shortest", "length": 1024, "start_pad": 112, "placement": "midpoint", "passed": true, "relative_complex_error": 7.056881527574537e-08}
{"template": "shortest", "length": 1024, "start_pad": 112, "placement": "last_valid", "passed": true, "relative_complex_error": 6.225575390903978e-07}
