{
  "baseline_selected_functions_from_source": null,
  "local_native_abi": "Existing Darwin Python 3.12 extensions loaded read-only",
  "python": "/Users/xangma/miniconda3/bin/python3.12",
  "tests": [
    "test/test_sigmasq_series_precision.py",
    "test/test_chisq_precision.py"
  ],
  "file_sha256": {
    "/Users/xangma/repos/pycbc/artifacts/torch-inspiral-reference-20260906/run-local-chisq-precision-tests.py": "26b29e5f7db6a496da08a444459086f0ecefca801bb826820fc8db0f794bd69b",
    "/Users/xangma/repos/pycbc/pycbc/types/array_cpu.cpython-312-darwin.so": "02c6fec41262957c5bf1418dc047dfd1ccd11b79748561031caa613efb77e9f3",
    "/Users/xangma/repos/pycbc/pycbc/vetoes/chisq_cpu.cpython-312-darwin.so": "095d1b28442d15955a3d5103deff9c8f0da1fc61352e56ec5b77ef828ff9a319",
    "/private/tmp/pycbc-torch-performance-fix-20260906/pycbc/filter/matchedfilter.py": "5941534911809626e15ffde451759129e74b520630efc4a50ba168652963f786",
    "/private/tmp/pycbc-torch-performance-fix-20260906/pycbc/vetoes/chisq.py": "56cfd948cac84702a77a8092b19093f3de52ee29dd1135c96b8083a00d0f54af",
    "/private/tmp/pycbc-torch-performance-fix-20260906/test/test_sigmasq_series_precision.py": "477f041cf5dafd836e572a50c1e269438bf9bdd52a57190e9c3e88876b0bfde0",
    "/private/tmp/pycbc-torch-performance-fix-20260906/test/test_chisq_precision.py": "bb1f8e1aa0f20372154de61485ccfbb95c8e8fd083cb316a28ca36d31c730b47"
  }
}
........ssss.s....                                                       [100%]
13 passed, 5 skipped in 0.76s
