No CuPy
No CuPy or GPU PhenomHM module.
No CuPy or GPU response available.
No CuPy or GPU interpolation available.
2026-09-06T18:43:10.005+01:00 INFO : Running with CPU support: 1 threads
2026-09-06T18:43:10.005+01:00 INFO : Reading Frames
2026-09-06T18:43:16.670+01:00 INFO : Highpass Filtering
2026-09-06T18:43:17.121+01:00 INFO : Resampling data
2026-09-06T18:43:17.133+01:00 INFO : Converting to float32
/home/xangma/pycbc-torch-inspiral-reference-20260906/source-v2/pycbc/types/array.py:872: RuntimeWarning: divide by zero encountered in divide
  return self._data.__rtruediv__(other)
2026-09-06T18:43:22.197+01:00 INFO : Highpass Filtering
2026-09-06T18:43:22.651+01:00 INFO : Remove Padding
2026-09-06T18:43:22.790+01:00 INFO : Making frequency-domain data segments
/home/xangma/pycbc-torch-inspiral-reference-20260906/source-v2/pycbc/types/array.py:872: RuntimeWarning: divide by zero encountered in divide
  return self._data.__rtruediv__(other)
2026-09-06T18:43:24.487+01:00 INFO : Overwhitening frequency-domain data segments
2026-09-06T18:43:24.507+01:00 INFO : Read in template bank
2026-09-06T18:43:24.517+01:00 INFO : Full template bank size: 96
2026-09-06T18:43:24.517+01:00 INFO : Template bank size after thinning: 96
2026-09-06T18:43:24.517+01:00 INFO : 0: generating IMRPhenomD from 30.0 Hz
2026-09-06T18:43:24.520+01:00 INFO : Decompressing waveform using inline_linear
2026-09-06T18:43:24.527+01:00 INFO : Filtering template 1/96 segment 1/5
2026-09-06T18:43:24.553+01:00 INFO : 1 points above threshold
2026-09-06T18:43:24.572+01:00 INFO : Filtering template 1/96 segment 2/5
2026-09-06T18:43:24.590+01:00 INFO : Filtering template 1/96 segment 3/5
2026-09-06T18:43:24.607+01:00 INFO : 1 points above threshold
2026-09-06T18:43:24.613+01:00 INFO : Filtering template 1/96 segment 4/5
2026-09-06T18:43:24.630+01:00 INFO : Filtering template 1/96 segment 5/5
2026-09-06T18:43:24.648+01:00 INFO : 1 points above threshold
2026-09-06T18:43:24.654+01:00 INFO : 1: generating IMRPhenomD from 30.0 Hz
2026-09-06T18:43:24.657+01:00 INFO : Decompressing waveform using inline_linear
2026-09-06T18:43:24.661+01:00 INFO : Filtering template 2/96 segment 1/5
2026-09-06T18:43:24.682+01:00 INFO : 1 points above threshold
2026-09-06T18:43:24.698+01:00 INFO : Filtering template 2/96 segment 2/5
2026-09-06T18:43:24.715+01:00 INFO : 1 points above threshold
2026-09-06T18:43:24.721+01:00 INFO : Filtering template 2/96 segment 3/5
2026-09-06T18:43:24.738+01:00 INFO : 2 points above threshold
2026-09-06T18:43:24.743+01:00 INFO : Filtering template 2/96 segment 4/5
2026-09-06T18:43:24.761+01:00 INFO : Filtering template 2/96 segment 5/5
2026-09-06T18:43:24.779+01:00 INFO : 1 points above threshold
2026-09-06T18:43:24.784+01:00 INFO : 2: generating IMRPhenomD from 30.0 Hz
2026-09-06T18:43:24.787+01:00 INFO : Decompressing waveform using inline_linear
2026-09-06T18:43:24.792+01:00 INFO : Filtering template 3/96 segment 1/5
2026-09-06T18:43:24.812+01:00 INFO : 3 points above threshold
2026-09-06T18:43:24.828+01:00 INFO : Filtering template 3/96 segment 2/5
2026-09-06T18:43:24.846+01:00 INFO : Filtering template 3/96 segment 3/5
2026-09-06T18:43:24.864+01:00 INFO : 1 points above threshold
2026-09-06T18:43:24.869+01:00 INFO : Filtering template 3/96 segment 4/5
2026-09-06T18:43:24.887+01:00 INFO : 1 points above threshold
2026-09-06T18:43:24.892+01:00 INFO : Filtering template 3/96 segment 5/5
2026-09-06T18:43:24.910+01:00 INFO : 3: generating IMRPhenomD from 30.0 Hz
2026-09-06T18:43:24.913+01:00 INFO : Decompressing waveform using inline_linear
2026-09-06T18:43:24.918+01:00 INFO : Filtering template 4/96 segment 1/5
2026-09-06T18:43:24.938+01:00 INFO : 1 points above threshold
2026-09-06T18:43:24.953+01:00 INFO : Filtering template 4/96 segment 2/5
2026-09-06T18:43:24.970+01:00 INFO : 1 points above threshold
2026-09-06T18:43:24.976+01:00 INFO : Filtering template 4/96 segment 3/5
2026-09-06T18:43:24.993+01:00 INFO : 2 points above threshold
2026-09-06T18:43:24.998+01:00 INFO : Filtering template 4/96 segment 4/5
2026-09-06T18:43:25.016+01:00 INFO : 2 points above threshold
2026-09-06T18:43:25.021+01:00 INFO : Filtering template 4/96 segment 5/5
2026-09-06T18:43:25.039+01:00 INFO : 2 points above threshold
2026-09-06T18:43:25.044+01:00 INFO : 4: generating IMRPhenomD from 30.0 Hz
2026-09-06T18:43:25.047+01:00 INFO : Decompressing waveform using inline_linear
2026-09-06T18:43:25.052+01:00 INFO : Filtering template 5/96 segment 1/5
2026-09-06T18:43:25.072+01:00 INFO : 1 points above threshold
2026-09-06T18:43:25.086+01:00 INFO : Filtering template 5/96 segment 2/5
2026-09-06T18:43:25.104+01:00 INFO : 2 points above threshold
2026-09-06T18:43:25.109+01:00 INFO : Filtering template 5/96 segment 3/5
2026-09-06T18:43:25.127+01:00 INFO : 2 points above threshold
2026-09-06T18:43:25.132+01:00 INFO : Filtering template 5/96 segment 4/5
2026-09-06T18:43:25.150+01:00 INFO : 2 points above threshold
2026-09-06T18:43:25.155+01:00 INFO : Filtering template 5/96 segment 5/5
2026-09-06T18:43:25.173+01:00 INFO : 5: generating IMRPhenomD from 30.0 Hz
2026-09-06T18:43:25.176+01:00 INFO : Decompressing waveform using inline_linear
2026-09-06T18:43:25.180+01:00 INFO : Filtering template 6/96 segment 1/5
2026-09-06T18:43:25.201+01:00 INFO : 1 points above threshold
2026-09-06T18:43:25.215+01:00 INFO : Filtering template 6/96 segment 2/5
2026-09-06T18:43:25.233+01:00 INFO : Filtering template 6/96 segment 3/5
2026-09-06T18:43:25.251+01:00 INFO : Filtering template 6/96 segment 4/5
2026-09-06T18:43:25.268+01:00 INFO : Filtering template 6/96 segment 5/5
2026-09-06T18:43:25.286+01:00 INFO : 1 points above threshold
2026-09-06T18:43:25.292+01:00 INFO : 6: generating IMRPhenomD from 30.0 Hz
2026-09-06T18:43:25.294+01:00 INFO : Decompressing waveform using inline_linear
2026-09-06T18:43:25.299+01:00 INFO : Filtering template 7/96 segment 1/5
2026-09-06T18:43:25.319+01:00 INFO : 2 points above threshold
2026-09-06T18:43:25.333+01:00 INFO : Filtering template 7/96 segment 2/5
2026-09-06T18:43:25.351+01:00 INFO : Filtering template 7/96 segment 3/5
2026-09-06T18:43:25.369+01:00 INFO : Filtering template 7/96 segment 4/5
2026-09-06T18:43:25.387+01:00 INFO : 1 points above threshold
2026-09-06T18:43:25.392+01:00 INFO : Filtering template 7/96 segment 5/5
2026-09-06T18:43:25.410+01:00 INFO : 7: generating IMRPhenomD from 30.0 Hz
2026-09-06T18:43:25.413+01:00 INFO : Decompressing waveform using inline_linear
2026-09-06T18:43:25.418+01:00 INFO : Filtering template 8/96 segment 1/5
2026-09-06T18:43:25.438+01:00 INFO : 2 points above threshold
2026-09-06T18:43:25.452+01:00 INFO : Filtering template 8/96 segment 2/5
2026-09-06T18:43:25.470+01:00 INFO : 1 points above threshold
2026-09-06T18:43:25.475+01:00 INFO : Filtering template 8/96 segment 3/5
2026-09-06T18:43:25.493+01:00 INFO : 4 points above threshold
2026-09-06T18:43:25.498+01:00 INFO : Filtering template 8/96 segment 4/5
2026-09-06T18:43:25.516+01:00 INFO : Filtering template 8/96 segment 5/5
2026-09-06T18:43:25.534+01:00 INFO : 8: generating IMRPhenomD from 30.0 Hz
2026-09-06T18:43:25.536+01:00 INFO : Decompressing waveform using inline_linear
2026-09-06T18:43:25.541+01:00 INFO : Filtering template 9/96 segment 1/5
2026-09-06T18:43:25.561+01:00 INFO : Filtering template 9/96 segment 2/5
2026-09-06T18:43:25.579+01:00 INFO : 1 points above threshold
2026-09-06T18:43:25.594+01:00 INFO : Filtering template 9/96 segment 3/5
2026-09-06T18:43:25.611+01:00 INFO : 2 points above threshold
2026-09-06T18:43:25.616+01:00 INFO : Filtering template 9/96 segment 4/5
2026-09-06T18:43:25.634+01:00 INFO : 1 points above threshold
2026-09-06T18:43:25.639+01:00 INFO : Filtering template 9/96 segment 5/5
2026-09-06T18:43:25.657+01:00 INFO : 3 points above threshold
2026-09-06T18:43:25.664+01:00 INFO : 9: generating IMRPhenomD from 30.0 Hz
2026-09-06T18:43:25.667+01:00 INFO : Decompressing waveform using inline_linear
2026-09-06T18:43:25.672+01:00 INFO : Filtering template 10/96 segment 1/5
2026-09-06T18:43:25.692+01:00 INFO : 1 points above threshold
2026-09-06T18:43:25.707+01:00 INFO : Filtering template 10/96 segment 2/5
2026-09-06T18:43:25.725+01:00 INFO : 1 points above threshold
2026-09-06T18:43:25.730+01:00 INFO : Filtering template 10/96 segment 3/5
2026-09-06T18:43:25.748+01:00 INFO : Filtering template 10/96 segment 4/5
2026-09-06T18:43:25.766+01:00 INFO : 2 points above threshold
2026-09-06T18:43:25.771+01:00 INFO : Filtering template 10/96 segment 5/5
2026-09-06T18:43:25.789+01:00 INFO : 1 points above threshold
2026-09-06T18:43:25.794+01:00 INFO : 10: generating IMRPhenomD from 30.0 Hz
2026-09-06T18:43:25.797+01:00 INFO : Decompressing waveform using inline_linear
2026-09-06T18:43:25.802+01:00 INFO : Filtering template 11/96 segment 1/5
2026-09-06T18:43:25.821+01:00 INFO : 4 points above threshold
2026-09-06T18:43:25.836+01:00 INFO : Filtering template 11/96 segment 2/5
2026-09-06T18:43:25.854+01:00 INFO : 2 points above threshold
2026-09-06T18:43:25.859+01:00 INFO : Filtering template 11/96 segment 3/5
2026-09-06T18:43:25.877+01:00 INFO : 1 points above threshold
2026-09-06T18:43:25.882+01:00 INFO : Filtering template 11/96 segment 4/5
2026-09-06T18:43:25.900+01:00 INFO : Filtering template 11/96 segment 5/5
2026-09-06T18:43:25.918+01:00 INFO : 11: generating IMRPhenomD from 30.0 Hz
2026-09-06T18:43:25.921+01:00 INFO : Decompressing waveform using inline_linear
2026-09-06T18:43:25.926+01:00 INFO : Filtering template 12/96 segment 1/5
2026-09-06T18:43:25.946+01:00 INFO : 1 points above threshold
2026-09-06T18:43:25.960+01:00 INFO : Filtering template 12/96 segment 2/5
2026-09-06T18:43:25.978+01:00 INFO : 1 points above threshold
2026-09-06T18:43:25.983+01:00 INFO : Filtering template 12/96 segment 3/5
2026-09-06T18:43:26.001+01:00 INFO : 1 points above threshold
2026-09-06T18:43:26.006+01:00 INFO : Filtering template 12/96 segment 4/5
2026-09-06T18:43:26.024+01:00 INFO : 3 points above threshold
2026-09-06T18:43:26.031+01:00 INFO : Filtering template 12/96 segment 5/5
2026-09-06T18:43:26.049+01:00 INFO : 12: generating IMRPhenomD from 30.0 Hz
2026-09-06T18:43:26.052+01:00 INFO : Decompressing waveform using inline_linear
2026-09-06T18:43:26.057+01:00 INFO : Filtering template 13/96 segment 1/5
2026-09-06T18:43:26.077+01:00 INFO : Filtering template 13/96 segment 2/5
2026-09-06T18:43:26.095+01:00 INFO : 4 points above threshold
2026-09-06T18:43:26.109+01:00 INFO : Filtering template 13/96 segment 3/5
2026-09-06T18:43:26.127+01:00 INFO : Filtering template 13/96 segment 4/5
2026-09-06T18:43:26.145+01:00 INFO : Filtering template 13/96 segment 5/5
2026-09-06T18:43:26.163+01:00 INFO : 1 points above threshold
2026-09-06T18:43:26.168+01:00 INFO : 13: generating IMRPhenomD from 30.0 Hz
2026-09-06T18:43:26.171+01:00 INFO : Decompressing waveform using inline_linear
2026-09-06T18:43:26.176+01:00 INFO : Filtering template 14/96 segment 1/5
2026-09-06T18:43:26.196+01:00 INFO : 1 points above threshold
2026-09-06T18:43:26.211+01:00 INFO : Filtering template 14/96 segment 2/5
2026-09-06T18:43:26.229+01:00 INFO : 2 points above threshold
2026-09-06T18:43:26.234+01:00 INFO : Filtering template 14/96 segment 3/5
2026-09-06T18:43:26.252+01:00 INFO : 3 points above threshold
2026-09-06T18:43:26.259+01:00 INFO : Filtering template 14/96 segment 4/5
2026-09-06T18:43:26.277+01:00 INFO : 2 points above threshold
2026-09-06T18:43:26.282+01:00 INFO : Filtering template 14/96 segment 5/5
2026-09-06T18:43:26.300+01:00 INFO : 14: generating IMRPhenomD from 30.0 Hz
2026-09-06T18:43:26.302+01:00 INFO : Decompressing waveform using inline_linear
2026-09-06T18:43:26.307+01:00 INFO : Filtering template 15/96 segment 1/5
2026-09-06T18:43:26.327+01:00 INFO : 1 points above threshold
2026-09-06T18:43:26.342+01:00 INFO : Filtering template 15/96 segment 2/5
2026-09-06T18:43:26.360+01:00 INFO : Filtering template 15/96 segment 3/5
2026-09-06T18:43:26.377+01:00 INFO : 1 points above threshold
2026-09-06T18:43:26.382+01:00 INFO : Filtering template 15/96 segment 4/5
2026-09-06T18:43:26.400+01:00 INFO : 1 points above threshold
2026-09-06T18:43:26.405+01:00 INFO : Filtering template 15/96 segment 5/5
2026-09-06T18:43:26.423+01:00 INFO : 3 points above threshold
2026-09-06T18:43:26.430+01:00 INFO : 15: generating IMRPhenomD from 30.0 Hz
2026-09-06T18:43:26.439+01:00 INFO : Decompressing waveform using inline_linear
2026-09-06T18:43:26.444+01:00 INFO : Filtering template 16/96 segment 1/5
2026-09-06T18:43:26.469+01:00 INFO : 1 points above threshold
2026-09-06T18:43:26.486+01:00 INFO : Filtering template 16/96 segment 2/5
2026-09-06T18:43:26.504+01:00 INFO : 2 points above threshold
2026-09-06T18:43:26.509+01:00 INFO : Filtering template 16/96 segment 3/5
2026-09-06T18:43:26.527+01:00 INFO : 3 points above threshold
2026-09-06T18:43:26.534+01:00 INFO : Filtering template 16/96 segment 4/5
2026-09-06T18:43:26.552+01:00 INFO : 2 points above threshold
2026-09-06T18:43:26.557+01:00 INFO : Filtering template 16/96 segment 5/5
2026-09-06T18:43:26.575+01:00 INFO : 16: generating IMRPhenomD from 30.0 Hz
2026-09-06T18:43:26.578+01:00 INFO : Decompressing waveform using inline_linear
2026-09-06T18:43:26.582+01:00 INFO : Filtering template 17/96 segment 1/5
2026-09-06T18:43:26.602+01:00 INFO : 2 points above threshold
2026-09-06T18:43:26.617+01:00 INFO : Filtering template 17/96 segment 2/5
2026-09-06T18:43:26.635+01:00 INFO : 3 points above threshold
2026-09-06T18:43:26.642+01:00 INFO : Filtering template 17/96 segment 3/5
2026-09-06T18:43:26.659+01:00 INFO : Filtering template 17/96 segment 4/5
2026-09-06T18:43:26.677+01:00 INFO : 2 points above threshold
2026-09-06T18:43:26.682+01:00 INFO : Filtering template 17/96 segment 5/5
2026-09-06T18:43:26.700+01:00 INFO : 3 points above threshold
2026-09-06T18:43:26.707+01:00 INFO : 17: generating IMRPhenomD from 30.0 Hz
2026-09-06T18:43:26.710+01:00 INFO : Decompressing waveform using inline_linear
2026-09-06T18:43:26.715+01:00 INFO : Filtering template 18/96 segment 1/5
2026-09-06T18:43:26.735+01:00 INFO : Filtering template 18/96 segment 2/5
2026-09-06T18:43:26.752+01:00 INFO : Filtering template 18/96 segment 3/5
2026-09-06T18:43:26.770+01:00 INFO : 1 points above threshold
2026-09-06T18:43:26.785+01:00 INFO : Filtering template 18/96 segment 4/5
2026-09-06T18:43:26.803+01:00 INFO : Filtering template 18/96 segment 5/5
2026-09-06T18:43:26.820+01:00 INFO : 2 points above threshold
2026-09-06T18:43:26.826+01:00 INFO : 18: generating IMRPhenomD from 30.0 Hz
2026-09-06T18:43:26.828+01:00 INFO : Decompressing waveform using inline_linear
2026-09-06T18:43:26.833+01:00 INFO : Filtering template 19/96 segment 1/5
2026-09-06T18:43:26.853+01:00 INFO : 3 points above threshold
2026-09-06T18:43:26.870+01:00 INFO : Filtering template 19/96 segment 2/5
2026-09-06T18:43:26.887+01:00 INFO : 1 points above threshold
2026-09-06T18:43:26.892+01:00 INFO : Filtering template 19/96 segment 3/5
2026-09-06T18:43:26.910+01:00 INFO : 1 points above threshold
2026-09-06T18:43:26.915+01:00 INFO : Filtering template 19/96 segment 4/5
2026-09-06T18:43:26.933+01:00 INFO : 3 points above threshold
2026-09-06T18:43:26.940+01:00 INFO : Filtering template 19/96 segment 5/5
2026-09-06T18:43:26.958+01:00 INFO : 1 points above threshold
2026-09-06T18:43:26.963+01:00 INFO : 19: generating IMRPhenomD from 30.0 Hz
2026-09-06T18:43:26.966+01:00 INFO : Decompressing waveform using inline_linear
2026-09-06T18:43:26.971+01:00 INFO : Filtering template 20/96 segment 1/5
2026-09-06T18:43:26.991+01:00 INFO : 1 points above threshold
2026-09-06T18:43:27.005+01:00 INFO : Filtering template 20/96 segment 2/5
2026-09-06T18:43:27.023+01:00 INFO : 3 points above threshold
2026-09-06T18:43:27.030+01:00 INFO : Filtering template 20/96 segment 3/5
2026-09-06T18:43:27.048+01:00 INFO : Filtering template 20/96 segment 4/5
2026-09-06T18:43:27.066+01:00 INFO : 2 points above threshold
2026-09-06T18:43:27.071+01:00 INFO : Filtering template 20/96 segment 5/5
2026-09-06T18:43:27.089+01:00 INFO : 20: generating IMRPhenomD from 30.0 Hz
2026-09-06T18:43:27.091+01:00 INFO : Decompressing waveform using inline_linear
2026-09-06T18:43:27.096+01:00 INFO : Filtering template 21/96 segment 1/5
2026-09-06T18:43:27.116+01:00 INFO : 1 points above threshold
2026-09-06T18:43:27.131+01:00 INFO : Filtering template 21/96 segment 2/5
2026-09-06T18:43:27.148+01:00 INFO : 1 points above threshold
2026-09-06T18:43:27.154+01:00 INFO : Filtering template 21/96 segment 3/5
2026-09-06T18:43:27.172+01:00 INFO : 1 points above threshold
2026-09-06T18:43:27.177+01:00 INFO : Filtering template 21/96 segment 4/5
2026-09-06T18:43:27.195+01:00 INFO : Filtering template 21/96 segment 5/5
2026-09-06T18:43:27.213+01:00 INFO : 21: generating IMRPhenomD from 30.0 Hz
2026-09-06T18:43:27.216+01:00 INFO : Decompressing waveform using inline_linear
2026-09-06T18:43:27.221+01:00 INFO : Filtering template 22/96 segment 1/5
2026-09-06T18:43:27.241+01:00 INFO : 5 points above threshold
2026-09-06T18:43:27.257+01:00 INFO : Filtering template 22/96 segment 2/5
2026-09-06T18:43:27.275+01:00 INFO : Filtering template 22/96 segment 3/5
2026-09-06T18:43:27.293+01:00 INFO : Filtering template 22/96 segment 4/5
2026-09-06T18:43:27.311+01:00 INFO : 1 points above threshold
2026-09-06T18:43:27.316+01:00 INFO : Filtering template 22/96 segment 5/5
2026-09-06T18:43:27.334+01:00 INFO : 1 points above threshold
2026-09-06T18:43:27.339+01:00 INFO : 22: generating IMRPhenomD from 30.0 Hz
2026-09-06T18:43:27.342+01:00 INFO : Decompressing waveform using inline_linear
2026-09-06T18:43:27.347+01:00 INFO : Filtering template 23/96 segment 1/5
2026-09-06T18:43:27.366+01:00 INFO : 2 points above threshold
2026-09-06T18:43:27.381+01:00 INFO : Filtering template 23/96 segment 2/5
2026-09-06T18:43:27.399+01:00 INFO : 1 points above threshold
2026-09-06T18:43:27.404+01:00 INFO : Filtering template 23/96 segment 3/5
2026-09-06T18:43:27.422+01:00 INFO : 1 points above threshold
2026-09-06T18:43:27.427+01:00 INFO : Filtering template 23/96 segment 4/5
2026-09-06T18:43:27.444+01:00 INFO : Filtering template 23/96 segment 5/5
2026-09-06T18:43:27.462+01:00 INFO : 23: generating IMRPhenomD from 30.0 Hz
2026-09-06T18:43:27.465+01:00 INFO : Decompressing waveform using inline_linear
2026-09-06T18:43:27.470+01:00 INFO : Filtering template 24/96 segment 1/5
2026-09-06T18:43:27.490+01:00 INFO : 1 points above threshold
2026-09-06T18:43:27.504+01:00 INFO : Filtering template 24/96 segment 2/5
2026-09-06T18:43:27.522+01:00 INFO : 2 points above threshold
2026-09-06T18:43:27.527+01:00 INFO : Filtering template 24/96 segment 3/5
2026-09-06T18:43:27.545+01:00 INFO : 1 points above threshold
2026-09-06T18:43:27.550+01:00 INFO : Filtering template 24/96 segment 4/5
2026-09-06T18:43:27.568+01:00 INFO : Filtering template 24/96 segment 5/5
2026-09-06T18:43:27.586+01:00 INFO : 2 points above threshold
2026-09-06T18:43:27.591+01:00 INFO : 24: generating IMRPhenomD from 30.0 Hz
2026-09-06T18:43:27.594+01:00 INFO : Decompressing waveform using inline_linear
2026-09-06T18:43:27.598+01:00 INFO : Filtering template 25/96 segment 1/5
2026-09-06T18:43:27.618+01:00 INFO : 2 points above threshold
2026-09-06T18:43:27.633+01:00 INFO : Filtering template 25/96 segment 2/5
2026-09-06T18:43:27.651+01:00 INFO : Filtering template 25/96 segment 3/5
2026-09-06T18:43:27.668+01:00 INFO : Filtering template 25/96 segment 4/5
2026-09-06T18:43:27.686+01:00 INFO : Filtering template 25/96 segment 5/5
2026-09-06T18:43:27.705+01:00 INFO : 25: generating IMRPhenomD from 30.0 Hz
2026-09-06T18:43:27.707+01:00 INFO : Decompressing waveform using inline_linear
2026-09-06T18:43:27.712+01:00 INFO : Filtering template 26/96 segment 1/5
2026-09-06T18:43:27.732+01:00 INFO : Filtering template 26/96 segment 2/5
2026-09-06T18:43:27.750+01:00 INFO : 2 points above threshold
2026-09-06T18:43:27.765+01:00 INFO : Filtering template 26/96 segment 3/5
2026-09-06T18:43:27.783+01:00 INFO : Filtering template 26/96 segment 4/5
2026-09-06T18:43:27.800+01:00 INFO : 2 points above threshold
2026-09-06T18:43:27.806+01:00 INFO : Filtering template 26/96 segment 5/5
2026-09-06T18:43:27.823+01:00 INFO : 2 points above threshold
2026-09-06T18:43:27.829+01:00 INFO : 26: generating IMRPhenomD from 30.0 Hz
2026-09-06T18:43:27.831+01:00 INFO : Decompressing waveform using inline_linear
2026-09-06T18:43:27.836+01:00 INFO : Filtering template 27/96 segment 1/5
2026-09-06T18:43:27.856+01:00 INFO : 3 points above threshold
2026-09-06T18:43:27.872+01:00 INFO : Filtering template 27/96 segment 2/5
2026-09-06T18:43:27.890+01:00 INFO : Filtering template 27/96 segment 3/5
2026-09-06T18:43:27.908+01:00 INFO : 1 points above threshold
2026-09-06T18:43:27.913+01:00 INFO : Filtering template 27/96 segment 4/5
2026-09-06T18:43:27.931+01:00 INFO : Filtering template 27/96 segment 5/5
2026-09-06T18:43:27.949+01:00 INFO : 27: generating IMRPhenomD from 30.0 Hz
2026-09-06T18:43:27.952+01:00 INFO : Decompressing waveform using inline_linear
2026-09-06T18:43:27.957+01:00 INFO : Filtering template 28/96 segment 1/5
2026-09-06T18:43:27.977+01:00 INFO : 3 points above threshold
2026-09-06T18:43:27.993+01:00 INFO : Filtering template 28/96 segment 2/5
2026-09-06T18:43:28.011+01:00 INFO : 1 points above threshold
2026-09-06T18:43:28.016+01:00 INFO : Filtering template 28/96 segment 3/5
2026-09-06T18:43:28.034+01:00 INFO : 2 points above threshold
2026-09-06T18:43:28.039+01:00 INFO : Filtering template 28/96 segment 4/5
2026-09-06T18:43:28.057+01:00 INFO : 1 points above threshold
2026-09-06T18:43:28.062+01:00 INFO : Filtering template 28/96 segment 5/5
2026-09-06T18:43:28.080+01:00 INFO : 28: generating IMRPhenomD from 30.0 Hz
2026-09-06T18:43:28.083+01:00 INFO : Decompressing waveform using inline_linear
2026-09-06T18:43:28.088+01:00 INFO : Filtering template 29/96 segment 1/5
2026-09-06T18:43:28.107+01:00 INFO : 2 points above threshold
2026-09-06T18:43:28.123+01:00 INFO : Filtering template 29/96 segment 2/5
2026-09-06T18:43:28.141+01:00 INFO : 2 points above threshold
2026-09-06T18:43:28.146+01:00 INFO : Filtering template 29/96 segment 3/5
2026-09-06T18:43:28.164+01:00 INFO : 1 points above threshold
2026-09-06T18:43:28.169+01:00 INFO : Filtering template 29/96 segment 4/5
2026-09-06T18:43:28.187+01:00 INFO : 2 points above threshold
2026-09-06T18:43:28.192+01:00 INFO : Filtering template 29/96 segment 5/5
2026-09-06T18:43:28.210+01:00 INFO : 2 points above threshold
2026-09-06T18:43:28.215+01:00 INFO : 29: generating IMRPhenomD from 30.0 Hz
2026-09-06T18:43:28.218+01:00 INFO : Decompressing waveform using inline_linear
2026-09-06T18:43:28.222+01:00 INFO : Filtering template 30/96 segment 1/5
2026-09-06T18:43:28.242+01:00 INFO : 1 points above threshold
2026-09-06T18:43:28.257+01:00 INFO : Filtering template 30/96 segment 2/5
2026-09-06T18:43:28.275+01:00 INFO : 1 points above threshold
2026-09-06T18:43:28.280+01:00 INFO : Filtering template 30/96 segment 3/5
2026-09-06T18:43:28.297+01:00 INFO : 1 points above threshold
2026-09-06T18:43:28.303+01:00 INFO : Filtering template 30/96 segment 4/5
2026-09-06T18:43:28.320+01:00 INFO : Filtering template 30/96 segment 5/5
2026-09-06T18:43:28.338+01:00 INFO : 30: generating IMRPhenomD from 30.0 Hz
2026-09-06T18:43:28.341+01:00 INFO : Decompressing waveform using inline_linear
2026-09-06T18:43:28.346+01:00 INFO : Filtering template 31/96 segment 1/5
2026-09-06T18:43:28.366+01:00 INFO : Filtering template 31/96 segment 2/5
2026-09-06T18:43:28.384+01:00 INFO : 1 points above threshold
2026-09-06T18:43:28.398+01:00 INFO : Filtering template 31/96 segment 3/5
2026-09-06T18:43:28.416+01:00 INFO : Filtering template 31/96 segment 4/5
2026-09-06T18:43:28.434+01:00 INFO : 1 points above threshold
2026-09-06T18:43:28.439+01:00 INFO : Filtering template 31/96 segment 5/5
2026-09-06T18:43:28.457+01:00 INFO : 1 points above threshold
2026-09-06T18:43:28.462+01:00 INFO : 31: generating IMRPhenomD from 30.0 Hz
2026-09-06T18:43:28.465+01:00 INFO : Decompressing waveform using inline_linear
2026-09-06T18:43:28.470+01:00 INFO : Filtering template 32/96 segment 1/5
2026-09-06T18:43:28.490+01:00 INFO : Filtering template 32/96 segment 2/5
2026-09-06T18:43:28.508+01:00 INFO : Filtering template 32/96 segment 3/5
2026-09-06T18:43:28.525+01:00 INFO : Filtering template 32/96 segment 4/5
2026-09-06T18:43:28.543+01:00 INFO : 3 points above threshold
2026-09-06T18:43:28.560+01:00 INFO : Filtering template 32/96 segment 5/5
2026-09-06T18:43:28.578+01:00 INFO : 2 points above threshold
2026-09-06T18:43:28.583+01:00 INFO : 32: generating IMRPhenomD from 30.0 Hz
2026-09-06T18:43:28.586+01:00 INFO : Decompressing waveform using inline_linear
2026-09-06T18:43:28.590+01:00 INFO : Filtering template 33/96 segment 1/5
2026-09-06T18:43:28.610+01:00 INFO : 2 points above threshold
2026-09-06T18:43:28.625+01:00 INFO : Filtering template 33/96 segment 2/5
2026-09-06T18:43:28.643+01:00 INFO : Filtering template 33/96 segment 3/5
2026-09-06T18:43:28.661+01:00 INFO : Filtering template 33/96 segment 4/5
2026-09-06T18:43:28.679+01:00 INFO : 1 points above threshold
2026-09-06T18:43:28.684+01:00 INFO : Filtering template 33/96 segment 5/5
2026-09-06T18:43:28.702+01:00 INFO : 33: generating IMRPhenomD from 30.0 Hz
2026-09-06T18:43:28.705+01:00 INFO : Decompressing waveform using inline_linear
2026-09-06T18:43:28.709+01:00 INFO : Filtering template 34/96 segment 1/5
2026-09-06T18:43:28.729+01:00 INFO : Filtering template 34/96 segment 2/5
2026-09-06T18:43:28.747+01:00 INFO : 1 points above threshold
2026-09-06T18:43:28.761+01:00 INFO : Filtering template 34/96 segment 3/5
2026-09-06T18:43:28.779+01:00 INFO : 1 points above threshold
2026-09-06T18:43:28.784+01:00 INFO : Filtering template 34/96 segment 4/5
2026-09-06T18:43:28.802+01:00 INFO : Filtering template 34/96 segment 5/5
2026-09-06T18:43:28.820+01:00 INFO : 1 points above threshold
2026-09-06T18:43:28.825+01:00 INFO : 34: generating IMRPhenomD from 30.0 Hz
2026-09-06T18:43:28.828+01:00 INFO : Decompressing waveform using inline_linear
2026-09-06T18:43:28.833+01:00 INFO : Filtering template 35/96 segment 1/5
2026-09-06T18:43:28.853+01:00 INFO : 1 points above threshold
2026-09-06T18:43:28.867+01:00 INFO : Filtering template 35/96 segment 2/5
2026-09-06T18:43:28.885+01:00 INFO : 1 points above threshold
2026-09-06T18:43:28.890+01:00 INFO : Filtering template 35/96 segment 3/5
2026-09-06T18:43:28.908+01:00 INFO : 1 points above threshold
2026-09-06T18:43:28.913+01:00 INFO : Filtering template 35/96 segment 4/5
2026-09-06T18:43:28.931+01:00 INFO : Filtering template 35/96 segment 5/5
2026-09-06T18:43:28.949+01:00 INFO : 35: generating IMRPhenomD from 30.0 Hz
2026-09-06T18:43:28.951+01:00 INFO : Decompressing waveform using inline_linear
2026-09-06T18:43:28.956+01:00 INFO : Filtering template 36/96 segment 1/5
2026-09-06T18:43:28.976+01:00 INFO : 3 points above threshold
2026-09-06T18:43:28.993+01:00 INFO : Filtering template 36/96 segment 2/5
2026-09-06T18:43:29.010+01:00 INFO : 1 points above threshold
2026-09-06T18:43:29.016+01:00 INFO : Filtering template 36/96 segment 3/5
2026-09-06T18:43:29.033+01:00 INFO : 2 points above threshold
2026-09-06T18:43:29.038+01:00 INFO : Filtering template 36/96 segment 4/5
2026-09-06T18:43:29.056+01:00 INFO : Filtering template 36/96 segment 5/5
2026-09-06T18:43:29.074+01:00 INFO : 1 points above threshold
2026-09-06T18:43:29.079+01:00 INFO : 36: generating IMRPhenomD from 30.0 Hz
2026-09-06T18:43:29.082+01:00 INFO : Decompressing waveform using inline_linear
2026-09-06T18:43:29.087+01:00 INFO : Filtering template 37/96 segment 1/5
2026-09-06T18:43:29.107+01:00 INFO : 2 points above threshold
2026-09-06T18:43:29.121+01:00 INFO : Filtering template 37/96 segment 2/5
2026-09-06T18:43:29.139+01:00 INFO : 3 points above threshold
2026-09-06T18:43:29.146+01:00 INFO : Filtering template 37/96 segment 3/5
2026-09-06T18:43:29.164+01:00 INFO : 1 points above threshold
2026-09-06T18:43:29.169+01:00 INFO : Filtering template 37/96 segment 4/5
2026-09-06T18:43:29.187+01:00 INFO : 3 points above threshold
2026-09-06T18:43:29.194+01:00 INFO : Filtering template 37/96 segment 5/5
2026-09-06T18:43:29.212+01:00 INFO : 37: generating IMRPhenomD from 30.0 Hz
2026-09-06T18:43:29.215+01:00 INFO : Decompressing waveform using inline_linear
2026-09-06T18:43:29.219+01:00 INFO : Filtering template 38/96 segment 1/5
2026-09-06T18:43:29.239+01:00 INFO : Filtering template 38/96 segment 2/5
2026-09-06T18:43:29.257+01:00 INFO : Filtering template 38/96 segment 3/5
2026-09-06T18:43:29.275+01:00 INFO : 1 points above threshold
2026-09-06T18:43:29.290+01:00 INFO : Filtering template 38/96 segment 4/5
2026-09-06T18:43:29.307+01:00 INFO : 1 points above threshold
2026-09-06T18:43:29.313+01:00 INFO : Filtering template 38/96 segment 5/5
2026-09-06T18:43:29.330+01:00 INFO : 1 points above threshold
2026-09-06T18:43:29.335+01:00 INFO : 38: generating IMRPhenomD from 30.0 Hz
2026-09-06T18:43:29.338+01:00 INFO : Decompressing waveform using inline_linear
2026-09-06T18:43:29.343+01:00 INFO : Filtering template 39/96 segment 1/5
2026-09-06T18:43:29.363+01:00 INFO : Filtering template 39/96 segment 2/5
2026-09-06T18:43:29.381+01:00 INFO : 2 points above threshold
2026-09-06T18:43:29.395+01:00 INFO : Filtering template 39/96 segment 3/5
2026-09-06T18:43:29.413+01:00 INFO : Filtering template 39/96 segment 4/5
2026-09-06T18:43:29.431+01:00 INFO : 2 points above threshold
2026-09-06T18:43:29.436+01:00 INFO : Filtering template 39/96 segment 5/5
2026-09-06T18:43:29.454+01:00 INFO : 39: generating IMRPhenomD from 30.0 Hz
2026-09-06T18:43:29.457+01:00 INFO : Decompressing waveform using inline_linear
2026-09-06T18:43:29.461+01:00 INFO : Filtering template 40/96 segment 1/5
2026-09-06T18:43:29.481+01:00 INFO : Filtering template 40/96 segment 2/5
2026-09-06T18:43:29.499+01:00 INFO : Filtering template 40/96 segment 3/5
2026-09-06T18:43:29.517+01:00 INFO : Filtering template 40/96 segment 4/5
2026-09-06T18:43:29.535+01:00 INFO : 2 points above threshold
2026-09-06T18:43:29.549+01:00 INFO : Filtering template 40/96 segment 5/5
2026-09-06T18:43:29.567+01:00 INFO : 40: generating IMRPhenomD from 30.0 Hz
2026-09-06T18:43:29.570+01:00 INFO : Decompressing waveform using inline_linear
2026-09-06T18:43:29.575+01:00 INFO : Filtering template 41/96 segment 1/5
2026-09-06T18:43:29.595+01:00 INFO : Filtering template 41/96 segment 2/5
2026-09-06T18:43:29.613+01:00 INFO : Filtering template 41/96 segment 3/5
2026-09-06T18:43:29.630+01:00 INFO : 2 points above threshold
2026-09-06T18:43:29.645+01:00 INFO : Filtering template 41/96 segment 4/5
2026-09-06T18:43:29.662+01:00 INFO : 2 points above threshold
2026-09-06T18:43:29.668+01:00 INFO : Filtering template 41/96 segment 5/5
2026-09-06T18:43:29.686+01:00 INFO : 41: generating IMRPhenomD from 30.0 Hz
2026-09-06T18:43:29.688+01:00 INFO : Decompressing waveform using inline_linear
2026-09-06T18:43:29.693+01:00 INFO : Filtering template 42/96 segment 1/5
2026-09-06T18:43:29.713+01:00 INFO : Filtering template 42/96 segment 2/5
2026-09-06T18:43:29.731+01:00 INFO : 1 points above threshold
2026-09-06T18:43:29.745+01:00 INFO : Filtering template 42/96 segment 3/5
2026-09-06T18:43:29.763+01:00 INFO : Filtering template 42/96 segment 4/5
2026-09-06T18:43:29.781+01:00 INFO : 1 points above threshold
2026-09-06T18:43:29.786+01:00 INFO : Filtering template 42/96 segment 5/5
2026-09-06T18:43:29.804+01:00 INFO : 1 points above threshold
2026-09-06T18:43:29.809+01:00 INFO : 42: generating IMRPhenomD from 30.0 Hz
2026-09-06T18:43:29.812+01:00 INFO : Decompressing waveform using inline_linear
2026-09-06T18:43:29.817+01:00 INFO : Filtering template 43/96 segment 1/5
2026-09-06T18:43:29.836+01:00 INFO : 1 points above threshold
2026-09-06T18:43:29.851+01:00 INFO : Filtering template 43/96 segment 2/5
2026-09-06T18:43:29.869+01:00 INFO : 2 points above threshold
2026-09-06T18:43:29.874+01:00 INFO : Filtering template 43/96 segment 3/5
2026-09-06T18:43:29.892+01:00 INFO : 1 points above threshold
2026-09-06T18:43:29.897+01:00 INFO : Filtering template 43/96 segment 4/5
2026-09-06T18:43:29.914+01:00 INFO : Filtering template 43/96 segment 5/5
2026-09-06T18:43:29.933+01:00 INFO : 43: generating IMRPhenomD from 30.0 Hz
2026-09-06T18:43:29.935+01:00 INFO : Decompressing waveform using inline_linear
2026-09-06T18:43:29.940+01:00 INFO : Filtering template 44/96 segment 1/5
2026-09-06T18:43:29.960+01:00 INFO : 1 points above threshold
2026-09-06T18:43:29.975+01:00 INFO : Filtering template 44/96 segment 2/5
2026-09-06T18:43:29.993+01:00 INFO : Filtering template 44/96 segment 3/5
2026-09-06T18:43:30.010+01:00 INFO : Filtering template 44/96 segment 4/5
2026-09-06T18:43:30.028+01:00 INFO : 1 points above threshold
2026-09-06T18:43:30.033+01:00 INFO : Filtering template 44/96 segment 5/5
2026-09-06T18:43:30.051+01:00 INFO : 44: generating IMRPhenomD from 30.0 Hz
2026-09-06T18:43:30.054+01:00 INFO : Decompressing waveform using inline_linear
2026-09-06T18:43:30.059+01:00 INFO : Filtering template 45/96 segment 1/5
2026-09-06T18:43:30.079+01:00 INFO : 2 points above threshold
2026-09-06T18:43:30.093+01:00 INFO : Filtering template 45/96 segment 2/5
2026-09-06T18:43:30.111+01:00 INFO : 1 points above threshold
2026-09-06T18:43:30.116+01:00 INFO : Filtering template 45/96 segment 3/5
2026-09-06T18:43:30.134+01:00 INFO : 1 points above threshold
2026-09-06T18:43:30.139+01:00 INFO : Filtering template 45/96 segment 4/5
2026-09-06T18:43:30.157+01:00 INFO : Filtering template 45/96 segment 5/5
2026-09-06T18:43:30.175+01:00 INFO : 45: generating IMRPhenomD from 30.0 Hz
2026-09-06T18:43:30.178+01:00 INFO : Decompressing waveform using inline_linear
2026-09-06T18:43:30.182+01:00 INFO : Filtering template 46/96 segment 1/5
2026-09-06T18:43:30.202+01:00 INFO : Filtering template 46/96 segment 2/5
2026-09-06T18:43:30.220+01:00 INFO : Filtering template 46/96 segment 3/5
2026-09-06T18:43:30.238+01:00 INFO : 1 points above threshold
2026-09-06T18:43:30.252+01:00 INFO : Filtering template 46/96 segment 4/5
2026-09-06T18:43:30.270+01:00 INFO : 3 points above threshold
2026-09-06T18:43:30.277+01:00 INFO : Filtering template 46/96 segment 5/5
2026-09-06T18:43:30.295+01:00 INFO : 1 points above threshold
2026-09-06T18:43:30.300+01:00 INFO : 46: generating IMRPhenomD from 30.0 Hz
2026-09-06T18:43:30.303+01:00 INFO : Decompressing waveform using inline_linear
2026-09-06T18:43:30.308+01:00 INFO : Filtering template 47/96 segment 1/5
2026-09-06T18:43:30.328+01:00 INFO : 3 points above threshold
2026-09-06T18:43:30.344+01:00 INFO : Filtering template 47/96 segment 2/5
2026-09-06T18:43:30.362+01:00 INFO : Filtering template 47/96 segment 3/5
2026-09-06T18:43:30.380+01:00 INFO : 2 points above threshold
2026-09-06T18:43:30.385+01:00 INFO : Filtering template 47/96 segment 4/5
2026-09-06T18:43:30.402+01:00 INFO : 1 points above threshold
2026-09-06T18:43:30.407+01:00 INFO : Filtering template 47/96 segment 5/5
2026-09-06T18:43:30.425+01:00 INFO : 1 points above threshold
2026-09-06T18:43:30.431+01:00 INFO : 47: generating IMRPhenomD from 30.0 Hz
2026-09-06T18:43:30.433+01:00 INFO : Decompressing waveform using inline_linear
2026-09-06T18:43:30.438+01:00 INFO : Filtering template 48/96 segment 1/5
2026-09-06T18:43:30.458+01:00 INFO : 3 points above threshold
2026-09-06T18:43:30.474+01:00 INFO : Filtering template 48/96 segment 2/5
2026-09-06T18:43:30.492+01:00 INFO : 1 points above threshold
2026-09-06T18:43:30.497+01:00 INFO : Filtering template 48/96 segment 3/5
2026-09-06T18:43:30.515+01:00 INFO : 1 points above threshold
2026-09-06T18:43:30.520+01:00 INFO : Filtering template 48/96 segment 4/5
2026-09-06T18:43:30.538+01:00 INFO : 2 points above threshold
2026-09-06T18:43:30.543+01:00 INFO : Filtering template 48/96 segment 5/5
2026-09-06T18:43:30.561+01:00 INFO : 1 points above threshold
2026-09-06T18:43:30.566+01:00 INFO : 48: generating IMRPhenomD from 30.0 Hz
2026-09-06T18:43:30.569+01:00 INFO : Decompressing waveform using inline_linear
2026-09-06T18:43:30.573+01:00 INFO : Filtering template 49/96 segment 1/5
2026-09-06T18:43:30.593+01:00 INFO : 1 points above threshold
2026-09-06T18:43:30.608+01:00 INFO : Filtering template 49/96 segment 2/5
2026-09-06T18:43:30.626+01:00 INFO : 1 points above threshold
2026-09-06T18:43:30.631+01:00 INFO : Filtering template 49/96 segment 3/5
2026-09-06T18:43:30.648+01:00 INFO : 2 points above threshold
2026-09-06T18:43:30.653+01:00 INFO : Filtering template 49/96 segment 4/5
2026-09-06T18:43:30.671+01:00 INFO : Filtering template 49/96 segment 5/5
2026-09-06T18:43:30.689+01:00 INFO : 49: generating IMRPhenomD from 30.0 Hz
2026-09-06T18:43:30.692+01:00 INFO : Decompressing waveform using inline_linear
2026-09-06T18:43:30.697+01:00 INFO : Filtering template 50/96 segment 1/5
2026-09-06T18:43:30.717+01:00 INFO : Filtering template 50/96 segment 2/5
2026-09-06T18:43:30.735+01:00 INFO : 2 points above threshold
2026-09-06T18:43:30.749+01:00 INFO : Filtering template 50/96 segment 3/5
2026-09-06T18:43:30.767+01:00 INFO : 4 points above threshold
2026-09-06T18:43:30.773+01:00 INFO : Filtering template 50/96 segment 4/5
2026-09-06T18:43:30.791+01:00 INFO : 2 points above threshold
2026-09-06T18:43:30.796+01:00 INFO : Filtering template 50/96 segment 5/5
2026-09-06T18:43:30.814+01:00 INFO : 50: generating IMRPhenomD from 30.0 Hz
2026-09-06T18:43:30.817+01:00 INFO : Decompressing waveform using inline_linear
2026-09-06T18:43:30.822+01:00 INFO : Filtering template 51/96 segment 1/5
2026-09-06T18:43:30.842+01:00 INFO : 1 points above threshold
2026-09-06T18:43:30.856+01:00 INFO : Filtering template 51/96 segment 2/5
2026-09-06T18:43:30.874+01:00 INFO : 1 points above threshold
2026-09-06T18:43:30.879+01:00 INFO : Filtering template 51/96 segment 3/5
2026-09-06T18:43:30.897+01:00 INFO : Filtering template 51/96 segment 4/5
2026-09-06T18:43:30.915+01:00 INFO : 1 points above threshold
2026-09-06T18:43:30.920+01:00 INFO : Filtering template 51/96 segment 5/5
2026-09-06T18:43:30.938+01:00 INFO : 2 points above threshold
2026-09-06T18:43:30.943+01:00 INFO : 51: generating IMRPhenomD from 30.0 Hz
2026-09-06T18:43:30.946+01:00 INFO : Decompressing waveform using inline_linear
2026-09-06T18:43:30.950+01:00 INFO : Filtering template 52/96 segment 1/5
2026-09-06T18:43:30.970+01:00 INFO : 1 points above threshold
2026-09-06T18:43:30.985+01:00 INFO : Filtering template 52/96 segment 2/5
2026-09-06T18:43:31.002+01:00 INFO : 1 points above threshold
2026-09-06T18:43:31.010+01:00 INFO : Filtering template 52/96 segment 3/5
2026-09-06T18:43:31.028+01:00 INFO : Filtering template 52/96 segment 4/5
2026-09-06T18:43:31.046+01:00 INFO : 3 points above threshold
2026-09-06T18:43:31.053+01:00 INFO : Filtering template 52/96 segment 5/5
2026-09-06T18:43:31.071+01:00 INFO : 1 points above threshold
2026-09-06T18:43:31.076+01:00 INFO : 52: generating IMRPhenomD from 30.0 Hz
2026-09-06T18:43:31.079+01:00 INFO : Decompressing waveform using inline_linear
2026-09-06T18:43:31.084+01:00 INFO : Filtering template 53/96 segment 1/5
2026-09-06T18:43:31.104+01:00 INFO : 3 points above threshold
2026-09-06T18:43:31.120+01:00 INFO : Filtering template 53/96 segment 2/5
2026-09-06T18:43:31.138+01:00 INFO : 2 points above threshold
2026-09-06T18:43:31.143+01:00 INFO : Filtering template 53/96 segment 3/5
2026-09-06T18:43:31.161+01:00 INFO : 2 points above threshold
2026-09-06T18:43:31.166+01:00 INFO : Filtering template 53/96 segment 4/5
2026-09-06T18:43:31.183+01:00 INFO : 1 points above threshold
2026-09-06T18:43:31.188+01:00 INFO : Filtering template 53/96 segment 5/5
2026-09-06T18:43:31.206+01:00 INFO : 1 points above threshold
2026-09-06T18:43:31.212+01:00 INFO : 53: generating IMRPhenomD from 30.0 Hz
2026-09-06T18:43:31.214+01:00 INFO : Decompressing waveform using inline_linear
2026-09-06T18:43:31.219+01:00 INFO : Filtering template 54/96 segment 1/5
2026-09-06T18:43:31.239+01:00 INFO : Filtering template 54/96 segment 2/5
2026-09-06T18:43:31.257+01:00 INFO : Filtering template 54/96 segment 3/5
2026-09-06T18:43:31.275+01:00 INFO : 2 points above threshold
2026-09-06T18:43:31.289+01:00 INFO : Filtering template 54/96 segment 4/5
2026-09-06T18:43:31.307+01:00 INFO : 5 points above threshold
2026-09-06T18:43:31.314+01:00 INFO : Filtering template 54/96 segment 5/5
2026-09-06T18:43:31.332+01:00 INFO : 54: generating IMRPhenomD from 30.0 Hz
2026-09-06T18:43:31.335+01:00 INFO : Decompressing waveform using inline_linear
2026-09-06T18:43:31.340+01:00 INFO : Filtering template 55/96 segment 1/5
2026-09-06T18:43:31.360+01:00 INFO : Filtering template 55/96 segment 2/5
2026-09-06T18:43:31.378+01:00 INFO : 1 points above threshold
2026-09-06T18:43:31.392+01:00 INFO : Filtering template 55/96 segment 3/5
2026-09-06T18:43:31.410+01:00 INFO : 3 points above threshold
2026-09-06T18:43:31.418+01:00 INFO : Filtering template 55/96 segment 4/5
2026-09-06T18:43:31.436+01:00 INFO : 1 points above threshold
2026-09-06T18:43:31.441+01:00 INFO : Filtering template 55/96 segment 5/5
2026-09-06T18:43:31.459+01:00 INFO : 1 points above threshold
2026-09-06T18:43:31.464+01:00 INFO : 55: generating IMRPhenomD from 30.0 Hz
2026-09-06T18:43:31.481+01:00 INFO : Decompressing waveform using inline_linear
2026-09-06T18:43:31.486+01:00 INFO : Filtering template 56/96 segment 1/5
2026-09-06T18:43:31.511+01:00 INFO : 1 points above threshold
2026-09-06T18:43:31.528+01:00 INFO : Filtering template 56/96 segment 2/5
2026-09-06T18:43:31.546+01:00 INFO : 1 points above threshold
2026-09-06T18:43:31.551+01:00 INFO : Filtering template 56/96 segment 3/5
2026-09-06T18:43:31.569+01:00 INFO : 3 points above threshold
2026-09-06T18:43:31.576+01:00 INFO : Filtering template 56/96 segment 4/5
2026-09-06T18:43:31.594+01:00 INFO : Filtering template 56/96 segment 5/5
2026-09-06T18:43:31.612+01:00 INFO : 1 points above threshold
2026-09-06T18:43:31.617+01:00 INFO : 56: generating IMRPhenomD from 30.0 Hz
2026-09-06T18:43:31.620+01:00 INFO : Decompressing waveform using inline_linear
2026-09-06T18:43:31.625+01:00 INFO : Filtering template 57/96 segment 1/5
2026-09-06T18:43:31.645+01:00 INFO : 1 points above threshold
2026-09-06T18:43:31.659+01:00 INFO : Filtering template 57/96 segment 2/5
2026-09-06T18:43:31.677+01:00 INFO : 2 points above threshold
2026-09-06T18:43:31.682+01:00 INFO : Filtering template 57/96 segment 3/5
2026-09-06T18:43:31.700+01:00 INFO : 2 points above threshold
2026-09-06T18:43:31.705+01:00 INFO : Filtering template 57/96 segment 4/5
2026-09-06T18:43:31.722+01:00 INFO : 2 points above threshold
2026-09-06T18:43:31.727+01:00 INFO : Filtering template 57/96 segment 5/5
2026-09-06T18:43:31.745+01:00 INFO : 57: generating IMRPhenomD from 30.0 Hz
2026-09-06T18:43:31.748+01:00 INFO : Decompressing waveform using inline_linear
2026-09-06T18:43:31.753+01:00 INFO : Filtering template 58/96 segment 1/5
2026-09-06T18:43:31.773+01:00 INFO : 1 points above threshold
2026-09-06T18:43:31.787+01:00 INFO : Filtering template 58/96 segment 2/5
2026-09-06T18:43:31.805+01:00 INFO : 2 points above threshold
2026-09-06T18:43:31.813+01:00 INFO : Filtering template 58/96 segment 3/5
2026-09-06T18:43:31.831+01:00 INFO : 1 points above threshold
2026-09-06T18:43:31.836+01:00 INFO : Filtering template 58/96 segment 4/5
2026-09-06T18:43:31.854+01:00 INFO : 1 points above threshold
2026-09-06T18:43:31.859+01:00 INFO : Filtering template 58/96 segment 5/5
2026-09-06T18:43:31.877+01:00 INFO : 2 points above threshold
2026-09-06T18:43:31.882+01:00 INFO : 58: generating IMRPhenomD from 30.0 Hz
2026-09-06T18:43:31.885+01:00 INFO : Decompressing waveform using inline_linear
2026-09-06T18:43:31.890+01:00 INFO : Filtering template 59/96 segment 1/5
2026-09-06T18:43:31.910+01:00 INFO : 1 points above threshold
2026-09-06T18:43:31.924+01:00 INFO : Filtering template 59/96 segment 2/5
2026-09-06T18:43:31.942+01:00 INFO : 2 points above threshold
2026-09-06T18:43:31.947+01:00 INFO : Filtering template 59/96 segment 3/5
2026-09-06T18:43:31.965+01:00 INFO : 2 points above threshold
2026-09-06T18:43:31.970+01:00 INFO : Filtering template 59/96 segment 4/5
2026-09-06T18:43:31.988+01:00 INFO : 1 points above threshold
2026-09-06T18:43:31.994+01:00 INFO : Filtering template 59/96 segment 5/5
2026-09-06T18:43:32.012+01:00 INFO : 59: generating IMRPhenomD from 30.0 Hz
2026-09-06T18:43:32.015+01:00 INFO : Decompressing waveform using inline_linear
2026-09-06T18:43:32.019+01:00 INFO : Filtering template 60/96 segment 1/5
2026-09-06T18:43:32.039+01:00 INFO : Filtering template 60/96 segment 2/5
2026-09-06T18:43:32.057+01:00 INFO : Filtering template 60/96 segment 3/5
2026-09-06T18:43:32.075+01:00 INFO : 1 points above threshold
2026-09-06T18:43:32.090+01:00 INFO : Filtering template 60/96 segment 4/5
2026-09-06T18:43:32.108+01:00 INFO : 2 points above threshold
2026-09-06T18:43:32.113+01:00 INFO : Filtering template 60/96 segment 5/5
2026-09-06T18:43:32.131+01:00 INFO : 60: generating IMRPhenomD from 30.0 Hz
2026-09-06T18:43:32.133+01:00 INFO : Decompressing waveform using inline_linear
2026-09-06T18:43:32.138+01:00 INFO : Filtering template 61/96 segment 1/5
2026-09-06T18:43:32.158+01:00 INFO : Filtering template 61/96 segment 2/5
2026-09-06T18:43:32.176+01:00 INFO : 2 points above threshold
2026-09-06T18:43:32.190+01:00 INFO : Filtering template 61/96 segment 3/5
2026-09-06T18:43:32.208+01:00 INFO : 1 points above threshold
2026-09-06T18:43:32.213+01:00 INFO : Filtering template 61/96 segment 4/5
2026-09-06T18:43:32.231+01:00 INFO : 1 points above threshold
2026-09-06T18:43:32.236+01:00 INFO : Filtering template 61/96 segment 5/5
2026-09-06T18:43:32.254+01:00 INFO : 61: generating IMRPhenomD from 30.0 Hz
2026-09-06T18:43:32.257+01:00 INFO : Decompressing waveform using inline_linear
2026-09-06T18:43:32.262+01:00 INFO : Filtering template 62/96 segment 1/5
2026-09-06T18:43:32.281+01:00 INFO : 2 points above threshold
2026-09-06T18:43:32.297+01:00 INFO : Filtering template 62/96 segment 2/5
2026-09-06T18:43:32.315+01:00 INFO : Filtering template 62/96 segment 3/5
2026-09-06T18:43:32.333+01:00 INFO : Filtering template 62/96 segment 4/5
2026-09-06T18:43:32.351+01:00 INFO : 5 points above threshold
2026-09-06T18:43:32.358+01:00 INFO : Filtering template 62/96 segment 5/5
2026-09-06T18:43:32.376+01:00 INFO : 62: generating IMRPhenomD from 30.0 Hz
2026-09-06T18:43:32.379+01:00 INFO : Decompressing waveform using inline_linear
2026-09-06T18:43:32.384+01:00 INFO : Filtering template 63/96 segment 1/5
2026-09-06T18:43:32.404+01:00 INFO : Filtering template 63/96 segment 2/5
2026-09-06T18:43:32.421+01:00 INFO : 1 points above threshold
2026-09-06T18:43:32.436+01:00 INFO : Filtering template 63/96 segment 3/5
2026-09-06T18:43:32.454+01:00 INFO : 2 points above threshold
2026-09-06T18:43:32.459+01:00 INFO : Filtering template 63/96 segment 4/5
2026-09-06T18:43:32.477+01:00 INFO : 1 points above threshold
2026-09-06T18:43:32.482+01:00 INFO : Filtering template 63/96 segment 5/5
2026-09-06T18:43:32.500+01:00 INFO : 1 points above threshold
2026-09-06T18:43:32.505+01:00 INFO : 63: generating IMRPhenomD from 30.0 Hz
2026-09-06T18:43:32.508+01:00 INFO : Decompressing waveform using inline_linear
2026-09-06T18:43:32.512+01:00 INFO : Filtering template 64/96 segment 1/5
2026-09-06T18:43:32.533+01:00 INFO : 2 points above threshold
2026-09-06T18:43:32.547+01:00 INFO : Filtering template 64/96 segment 2/5
2026-09-06T18:43:32.565+01:00 INFO : 1 points above threshold
2026-09-06T18:43:32.570+01:00 INFO : Filtering template 64/96 segment 3/5
2026-09-06T18:43:32.588+01:00 INFO : Filtering template 64/96 segment 4/5
2026-09-06T18:43:32.606+01:00 INFO : Filtering template 64/96 segment 5/5
2026-09-06T18:43:32.624+01:00 INFO : 64: generating IMRPhenomD from 30.0 Hz
2026-09-06T18:43:32.627+01:00 INFO : Decompressing waveform using inline_linear
2026-09-06T18:43:32.631+01:00 INFO : Filtering template 65/96 segment 1/5
2026-09-06T18:43:32.651+01:00 INFO : 2 points above threshold
2026-09-06T18:43:32.666+01:00 INFO : Filtering template 65/96 segment 2/5
2026-09-06T18:43:32.684+01:00 INFO : 2 points above threshold
2026-09-06T18:43:32.689+01:00 INFO : Filtering template 65/96 segment 3/5
2026-09-06T18:43:32.707+01:00 INFO : 1 points above threshold
2026-09-06T18:43:32.712+01:00 INFO : Filtering template 65/96 segment 4/5
2026-09-06T18:43:32.730+01:00 INFO : 2 points above threshold
2026-09-06T18:43:32.735+01:00 INFO : Filtering template 65/96 segment 5/5
2026-09-06T18:43:32.753+01:00 INFO : 65: generating IMRPhenomD from 30.0 Hz
2026-09-06T18:43:32.755+01:00 INFO : Decompressing waveform using inline_linear
2026-09-06T18:43:32.760+01:00 INFO : Filtering template 66/96 segment 1/5
2026-09-06T18:43:32.780+01:00 INFO : 1 points above threshold
2026-09-06T18:43:32.795+01:00 INFO : Filtering template 66/96 segment 2/5
2026-09-06T18:43:32.813+01:00 INFO : 1 points above threshold
2026-09-06T18:43:32.818+01:00 INFO : Filtering template 66/96 segment 3/5
2026-09-06T18:43:32.835+01:00 INFO : 2 points above threshold
2026-09-06T18:43:32.840+01:00 INFO : Filtering template 66/96 segment 4/5
2026-09-06T18:43:32.858+01:00 INFO : 1 points above threshold
2026-09-06T18:43:32.863+01:00 INFO : Filtering template 66/96 segment 5/5
2026-09-06T18:43:32.881+01:00 INFO : 66: generating IMRPhenomD from 30.0 Hz
2026-09-06T18:43:32.884+01:00 INFO : Decompressing waveform using inline_linear
2026-09-06T18:43:32.889+01:00 INFO : Filtering template 67/96 segment 1/5
2026-09-06T18:43:32.909+01:00 INFO : 3 points above threshold
2026-09-06T18:43:32.925+01:00 INFO : Filtering template 67/96 segment 2/5
2026-09-06T18:43:32.943+01:00 INFO : Filtering template 67/96 segment 3/5
2026-09-06T18:43:32.961+01:00 INFO : 1 points above threshold
2026-09-06T18:43:32.966+01:00 INFO : Filtering template 67/96 segment 4/5
2026-09-06T18:43:32.984+01:00 INFO : Filtering template 67/96 segment 5/5
2026-09-06T18:43:33.002+01:00 INFO : 67: generating IMRPhenomD from 30.0 Hz
2026-09-06T18:43:33.005+01:00 INFO : Decompressing waveform using inline_linear
2026-09-06T18:43:33.010+01:00 INFO : Filtering template 68/96 segment 1/5
2026-09-06T18:43:33.030+01:00 INFO : 1 points above threshold
2026-09-06T18:43:33.046+01:00 INFO : Filtering template 68/96 segment 2/5
2026-09-06T18:43:33.064+01:00 INFO : 1 points above threshold
2026-09-06T18:43:33.069+01:00 INFO : Filtering template 68/96 segment 3/5
2026-09-06T18:43:33.087+01:00 INFO : 1 points above threshold
2026-09-06T18:43:33.092+01:00 INFO : Filtering template 68/96 segment 4/5
2026-09-06T18:43:33.109+01:00 INFO : 1 points above threshold
2026-09-06T18:43:33.114+01:00 INFO : Filtering template 68/96 segment 5/5
2026-09-06T18:43:33.132+01:00 INFO : 1 points above threshold
2026-09-06T18:43:33.138+01:00 INFO : 68: generating IMRPhenomD from 30.0 Hz
2026-09-06T18:43:33.140+01:00 INFO : Decompressing waveform using inline_linear
2026-09-06T18:43:33.145+01:00 INFO : Filtering template 69/96 segment 1/5
2026-09-06T18:43:33.165+01:00 INFO : Filtering template 69/96 segment 2/5
2026-09-06T18:43:33.183+01:00 INFO : Filtering template 69/96 segment 3/5
2026-09-06T18:43:33.201+01:00 INFO : 1 points above threshold
2026-09-06T18:43:33.215+01:00 INFO : Filtering template 69/96 segment 4/5
2026-09-06T18:43:33.233+01:00 INFO : 2 points above threshold
2026-09-06T18:43:33.238+01:00 INFO : Filtering template 69/96 segment 5/5
2026-09-06T18:43:33.256+01:00 INFO : 69: generating IMRPhenomD from 30.0 Hz
2026-09-06T18:43:33.259+01:00 INFO : Decompressing waveform using inline_linear
2026-09-06T18:43:33.264+01:00 INFO : Filtering template 70/96 segment 1/5
2026-09-06T18:43:33.284+01:00 INFO : 2 points above threshold
2026-09-06T18:43:33.298+01:00 INFO : Filtering template 70/96 segment 2/5
2026-09-06T18:43:33.316+01:00 INFO : 2 points above threshold
2026-09-06T18:43:33.321+01:00 INFO : Filtering template 70/96 segment 3/5
2026-09-06T18:43:33.339+01:00 INFO : Filtering template 70/96 segment 4/5
2026-09-06T18:43:33.357+01:00 INFO : 2 points above threshold
2026-09-06T18:43:33.362+01:00 INFO : Filtering template 70/96 segment 5/5
2026-09-06T18:43:33.379+01:00 INFO : 2 points above threshold
2026-09-06T18:43:33.385+01:00 INFO : 70: generating IMRPhenomD from 30.0 Hz
2026-09-06T18:43:33.387+01:00 INFO : Decompressing waveform using inline_linear
2026-09-06T18:43:33.392+01:00 INFO : Filtering template 71/96 segment 1/5
2026-09-06T18:43:33.412+01:00 INFO : Filtering template 71/96 segment 2/5
2026-09-06T18:43:33.430+01:00 INFO : 1 points above threshold
2026-09-06T18:43:33.445+01:00 INFO : Filtering template 71/96 segment 3/5
2026-09-06T18:43:33.463+01:00 INFO : 1 points above threshold
2026-09-06T18:43:33.468+01:00 INFO : Filtering template 71/96 segment 4/5
2026-09-06T18:43:33.485+01:00 INFO : 3 points above threshold
2026-09-06T18:43:33.492+01:00 INFO : Filtering template 71/96 segment 5/5
2026-09-06T18:43:33.510+01:00 INFO : 71: generating IMRPhenomD from 30.0 Hz
2026-09-06T18:43:33.513+01:00 INFO : Decompressing waveform using inline_linear
2026-09-06T18:43:33.518+01:00 INFO : Filtering template 72/96 segment 1/5
2026-09-06T18:43:33.538+01:00 INFO : 2 points above threshold
2026-09-06T18:43:33.553+01:00 INFO : Filtering template 72/96 segment 2/5
2026-09-06T18:43:33.570+01:00 INFO : 1 points above threshold
2026-09-06T18:43:33.576+01:00 INFO : Filtering template 72/96 segment 3/5
2026-09-06T18:43:33.593+01:00 INFO : 1 points above threshold
2026-09-06T18:43:33.598+01:00 INFO : Filtering template 72/96 segment 4/5
2026-09-06T18:43:33.616+01:00 INFO : 3 points above threshold
2026-09-06T18:43:33.623+01:00 INFO : Filtering template 72/96 segment 5/5
2026-09-06T18:43:33.641+01:00 INFO : 3 points above threshold
2026-09-06T18:43:33.648+01:00 INFO : 72: generating IMRPhenomD from 30.0 Hz
2026-09-06T18:43:33.651+01:00 INFO : Decompressing waveform using inline_linear
2026-09-06T18:43:33.655+01:00 INFO : Filtering template 73/96 segment 1/5
2026-09-06T18:43:33.676+01:00 INFO : 1 points above threshold
2026-09-06T18:43:33.690+01:00 INFO : Filtering template 73/96 segment 2/5
2026-09-06T18:43:33.708+01:00 INFO : 1 points above threshold
2026-09-06T18:43:33.713+01:00 INFO : Filtering template 73/96 segment 3/5
2026-09-06T18:43:33.731+01:00 INFO : 1 points above threshold
2026-09-06T18:43:33.736+01:00 INFO : Filtering template 73/96 segment 4/5
2026-09-06T18:43:33.754+01:00 INFO : Filtering template 73/96 segment 5/5
2026-09-06T18:43:33.772+01:00 INFO : 1 points above threshold
2026-09-06T18:43:33.777+01:00 INFO : 73: generating IMRPhenomD from 30.0 Hz
2026-09-06T18:43:33.780+01:00 INFO : Decompressing waveform using inline_linear
2026-09-06T18:43:33.785+01:00 INFO : Filtering template 74/96 segment 1/5
2026-09-06T18:43:33.805+01:00 INFO : 3 points above threshold
2026-09-06T18:43:33.821+01:00 INFO : Filtering template 74/96 segment 2/5
2026-09-06T18:43:33.839+01:00 INFO : 3 points above threshold
2026-09-06T18:43:33.846+01:00 INFO : Filtering template 74/96 segment 3/5
2026-09-06T18:43:33.864+01:00 INFO : Filtering template 74/96 segment 4/5
2026-09-06T18:43:33.881+01:00 INFO : 1 points above threshold
2026-09-06T18:43:33.887+01:00 INFO : Filtering template 74/96 segment 5/5
2026-09-06T18:43:33.905+01:00 INFO : 74: generating IMRPhenomD from 30.0 Hz
2026-09-06T18:43:33.907+01:00 INFO : Decompressing waveform using inline_linear
2026-09-06T18:43:33.912+01:00 INFO : Filtering template 75/96 segment 1/5
2026-09-06T18:43:33.932+01:00 INFO : Filtering template 75/96 segment 2/5
2026-09-06T18:43:33.950+01:00 INFO : 1 points above threshold
2026-09-06T18:43:33.965+01:00 INFO : Filtering template 75/96 segment 3/5
2026-09-06T18:43:33.983+01:00 INFO : 2 points above threshold
2026-09-06T18:43:33.988+01:00 INFO : Filtering template 75/96 segment 4/5
2026-09-06T18:43:34.005+01:00 INFO : Filtering template 75/96 segment 5/5
2026-09-06T18:43:34.023+01:00 INFO : 2 points above threshold
2026-09-06T18:43:34.028+01:00 INFO : 75: generating IMRPhenomD from 30.0 Hz
2026-09-06T18:43:34.031+01:00 INFO : Decompressing waveform using inline_linear
2026-09-06T18:43:34.036+01:00 INFO : Filtering template 76/96 segment 1/5
2026-09-06T18:43:34.056+01:00 INFO : 1 points above threshold
2026-09-06T18:43:34.070+01:00 INFO : Filtering template 76/96 segment 2/5
2026-09-06T18:43:34.088+01:00 INFO : Filtering template 76/96 segment 3/5
2026-09-06T18:43:34.106+01:00 INFO : 1 points above threshold
2026-09-06T18:43:34.111+01:00 INFO : Filtering template 76/96 segment 4/5
2026-09-06T18:43:34.129+01:00 INFO : Filtering template 76/96 segment 5/5
2026-09-06T18:43:34.147+01:00 INFO : 2 points above threshold
2026-09-06T18:43:34.152+01:00 INFO : 76: generating IMRPhenomD from 30.0 Hz
2026-09-06T18:43:34.154+01:00 INFO : Decompressing waveform using inline_linear
2026-09-06T18:43:34.159+01:00 INFO : Filtering template 77/96 segment 1/5
2026-09-06T18:43:34.179+01:00 INFO : Filtering template 77/96 segment 2/5
2026-09-06T18:43:34.197+01:00 INFO : 1 points above threshold
2026-09-06T18:43:34.211+01:00 INFO : Filtering template 77/96 segment 3/5
2026-09-06T18:43:34.229+01:00 INFO : Filtering template 77/96 segment 4/5
2026-09-06T18:43:34.247+01:00 INFO : 1 points above threshold
2026-09-06T18:43:34.252+01:00 INFO : Filtering template 77/96 segment 5/5
2026-09-06T18:43:34.270+01:00 INFO : 77: generating IMRPhenomD from 30.0 Hz
2026-09-06T18:43:34.273+01:00 INFO : Decompressing waveform using inline_linear
2026-09-06T18:43:34.278+01:00 INFO : Filtering template 78/96 segment 1/5
2026-09-06T18:43:34.298+01:00 INFO : Filtering template 78/96 segment 2/5
2026-09-06T18:43:34.316+01:00 INFO : Filtering template 78/96 segment 3/5
2026-09-06T18:43:34.334+01:00 INFO : Filtering template 78/96 segment 4/5
2026-09-06T18:43:34.351+01:00 INFO : 1 points above threshold
2026-09-06T18:43:34.366+01:00 INFO : Filtering template 78/96 segment 5/5
2026-09-06T18:43:34.384+01:00 INFO : 78: generating IMRPhenomD from 30.0 Hz
2026-09-06T18:43:34.387+01:00 INFO : Decompressing waveform using inline_linear
2026-09-06T18:43:34.392+01:00 INFO : Filtering template 79/96 segment 1/5
2026-09-06T18:43:34.411+01:00 INFO : 2 points above threshold
2026-09-06T18:43:34.426+01:00 INFO : Filtering template 79/96 segment 2/5
2026-09-06T18:43:34.444+01:00 INFO : Filtering template 79/96 segment 3/5
2026-09-06T18:43:34.462+01:00 INFO : 1 points above threshold
2026-09-06T18:43:34.467+01:00 INFO : Filtering template 79/96 segment 4/5
2026-09-06T18:43:34.485+01:00 INFO : 1 points above threshold
2026-09-06T18:43:34.490+01:00 INFO : Filtering template 79/96 segment 5/5
2026-09-06T18:43:34.508+01:00 INFO : 3 points above threshold
2026-09-06T18:43:34.515+01:00 INFO : 79: generating IMRPhenomD from 30.0 Hz
2026-09-06T18:43:34.518+01:00 INFO : Decompressing waveform using inline_linear
2026-09-06T18:43:34.522+01:00 INFO : Filtering template 80/96 segment 1/5
2026-09-06T18:43:34.542+01:00 INFO : 2 points above threshold
2026-09-06T18:43:34.557+01:00 INFO : Filtering template 80/96 segment 2/5
2026-09-06T18:43:34.574+01:00 INFO : 1 points above threshold
2026-09-06T18:43:34.580+01:00 INFO : Filtering template 80/96 segment 3/5
2026-09-06T18:43:34.597+01:00 INFO : 1 points above threshold
2026-09-06T18:43:34.603+01:00 INFO : Filtering template 80/96 segment 4/5
2026-09-06T18:43:34.620+01:00 INFO : Filtering template 80/96 segment 5/5
2026-09-06T18:43:34.638+01:00 INFO : 1 points above threshold
2026-09-06T18:43:34.643+01:00 INFO : 80: generating IMRPhenomD from 30.0 Hz
2026-09-06T18:43:34.646+01:00 INFO : Decompressing waveform using inline_linear
2026-09-06T18:43:34.651+01:00 INFO : Filtering template 81/96 segment 1/5
2026-09-06T18:43:34.671+01:00 INFO : 1 points above threshold
2026-09-06T18:43:34.685+01:00 INFO : Filtering template 81/96 segment 2/5
2026-09-06T18:43:34.703+01:00 INFO : 2 points above threshold
2026-09-06T18:43:34.708+01:00 INFO : Filtering template 81/96 segment 3/5
2026-09-06T18:43:34.726+01:00 INFO : 1 points above threshold
2026-09-06T18:43:34.731+01:00 INFO : Filtering template 81/96 segment 4/5
2026-09-06T18:43:34.749+01:00 INFO : Filtering template 81/96 segment 5/5
2026-09-06T18:43:34.767+01:00 INFO : 1 points above threshold
2026-09-06T18:43:34.772+01:00 INFO : 81: generating IMRPhenomD from 30.0 Hz
2026-09-06T18:43:34.775+01:00 INFO : Decompressing waveform using inline_linear
2026-09-06T18:43:34.779+01:00 INFO : Filtering template 82/96 segment 1/5
2026-09-06T18:43:34.799+01:00 INFO : Filtering template 82/96 segment 2/5
2026-09-06T18:43:34.817+01:00 INFO : 2 points above threshold
2026-09-06T18:43:34.832+01:00 INFO : Filtering template 82/96 segment 3/5
2026-09-06T18:43:34.849+01:00 INFO : 1 points above threshold
2026-09-06T18:43:34.854+01:00 INFO : Filtering template 82/96 segment 4/5
2026-09-06T18:43:34.872+01:00 INFO : Filtering template 82/96 segment 5/5
2026-09-06T18:43:34.890+01:00 INFO : 82: generating IMRPhenomD from 30.0 Hz
2026-09-06T18:43:34.893+01:00 INFO : Decompressing waveform using inline_linear
2026-09-06T18:43:34.898+01:00 INFO : Filtering template 83/96 segment 1/5
2026-09-06T18:43:34.918+01:00 INFO : 1 points above threshold
2026-09-06T18:43:34.933+01:00 INFO : Filtering template 83/96 segment 2/5
2026-09-06T18:43:34.950+01:00 INFO : 2 points above threshold
2026-09-06T18:43:34.955+01:00 INFO : Filtering template 83/96 segment 3/5
2026-09-06T18:43:34.973+01:00 INFO : 2 points above threshold
2026-09-06T18:43:34.978+01:00 INFO : Filtering template 83/96 segment 4/5
2026-09-06T18:43:34.996+01:00 INFO : 3 points above threshold
2026-09-06T18:43:35.003+01:00 INFO : Filtering template 83/96 segment 5/5
2026-09-06T18:43:35.021+01:00 INFO : 3 points above threshold
2026-09-06T18:43:35.028+01:00 INFO : 83: generating IMRPhenomD from 30.0 Hz
2026-09-06T18:43:35.031+01:00 INFO : Decompressing waveform using inline_linear
2026-09-06T18:43:35.035+01:00 INFO : Filtering template 84/96 segment 1/5
2026-09-06T18:43:35.055+01:00 INFO : Filtering template 84/96 segment 2/5
2026-09-06T18:43:35.073+01:00 INFO : Filtering template 84/96 segment 3/5
2026-09-06T18:43:35.091+01:00 INFO : 1 points above threshold
2026-09-06T18:43:35.105+01:00 INFO : Filtering template 84/96 segment 4/5
2026-09-06T18:43:35.123+01:00 INFO : 3 points above threshold
2026-09-06T18:43:35.130+01:00 INFO : Filtering template 84/96 segment 5/5
2026-09-06T18:43:35.148+01:00 INFO : 84: generating IMRPhenomD from 30.0 Hz
2026-09-06T18:43:35.151+01:00 INFO : Decompressing waveform using inline_linear
2026-09-06T18:43:35.156+01:00 INFO : Filtering template 85/96 segment 1/5
2026-09-06T18:43:35.176+01:00 INFO : 1 points above threshold
2026-09-06T18:43:35.190+01:00 INFO : Filtering template 85/96 segment 2/5
2026-09-06T18:43:35.208+01:00 INFO : 2 points above threshold
2026-09-06T18:43:35.213+01:00 INFO : Filtering template 85/96 segment 3/5
2026-09-06T18:43:35.231+01:00 INFO : 1 points above threshold
2026-09-06T18:43:35.236+01:00 INFO : Filtering template 85/96 segment 4/5
2026-09-06T18:43:35.254+01:00 INFO : 3 points above threshold
2026-09-06T18:43:35.260+01:00 INFO : Filtering template 85/96 segment 5/5
2026-09-06T18:43:35.278+01:00 INFO : 2 points above threshold
2026-09-06T18:43:35.284+01:00 INFO : 85: generating IMRPhenomD from 30.0 Hz
2026-09-06T18:43:35.286+01:00 INFO : Decompressing waveform using inline_linear
2026-09-06T18:43:35.291+01:00 INFO : Filtering template 86/96 segment 1/5
2026-09-06T18:43:35.311+01:00 INFO : 2 points above threshold
2026-09-06T18:43:35.325+01:00 INFO : Filtering template 86/96 segment 2/5
2026-09-06T18:43:35.343+01:00 INFO : 2 points above threshold
2026-09-06T18:43:35.348+01:00 INFO : Filtering template 86/96 segment 3/5
2026-09-06T18:43:35.366+01:00 INFO : 1 points above threshold
2026-09-06T18:43:35.371+01:00 INFO : Filtering template 86/96 segment 4/5
2026-09-06T18:43:35.389+01:00 INFO : 1 points above threshold
2026-09-06T18:43:35.394+01:00 INFO : Filtering template 86/96 segment 5/5
2026-09-06T18:43:35.412+01:00 INFO : 2 points above threshold
2026-09-06T18:43:35.417+01:00 INFO : 86: generating IMRPhenomD from 30.0 Hz
2026-09-06T18:43:35.420+01:00 INFO : Decompressing waveform using inline_linear
2026-09-06T18:43:35.424+01:00 INFO : Filtering template 87/96 segment 1/5
2026-09-06T18:43:35.444+01:00 INFO : 1 points above threshold
2026-09-06T18:43:35.459+01:00 INFO : Filtering template 87/96 segment 2/5
2026-09-06T18:43:35.477+01:00 INFO : 2 points above threshold
2026-09-06T18:43:35.482+01:00 INFO : Filtering template 87/96 segment 3/5
2026-09-06T18:43:35.499+01:00 INFO : 1 points above threshold
2026-09-06T18:43:35.504+01:00 INFO : Filtering template 87/96 segment 4/5
2026-09-06T18:43:35.522+01:00 INFO : 1 points above threshold
2026-09-06T18:43:35.527+01:00 INFO : Filtering template 87/96 segment 5/5
2026-09-06T18:43:35.545+01:00 INFO : 1 points above threshold
2026-09-06T18:43:35.550+01:00 INFO : 87: generating IMRPhenomD from 30.0 Hz
2026-09-06T18:43:35.553+01:00 INFO : Decompressing waveform using inline_linear
2026-09-06T18:43:35.558+01:00 INFO : Filtering template 88/96 segment 1/5
2026-09-06T18:43:35.578+01:00 INFO : 2 points above threshold
2026-09-06T18:43:35.592+01:00 INFO : Filtering template 88/96 segment 2/5
2026-09-06T18:43:35.610+01:00 INFO : 1 points above threshold
2026-09-06T18:43:35.615+01:00 INFO : Filtering template 88/96 segment 3/5
2026-09-06T18:43:35.633+01:00 INFO : Filtering template 88/96 segment 4/5
2026-09-06T18:43:35.651+01:00 INFO : Filtering template 88/96 segment 5/5
2026-09-06T18:43:35.669+01:00 INFO : 2 points above threshold
2026-09-06T18:43:35.674+01:00 INFO : 88: generating IMRPhenomD from 30.0 Hz
2026-09-06T18:43:35.676+01:00 INFO : Decompressing waveform using inline_linear
2026-09-06T18:43:35.681+01:00 INFO : Filtering template 89/96 segment 1/5
2026-09-06T18:43:35.701+01:00 INFO : 2 points above threshold
2026-09-06T18:43:35.716+01:00 INFO : Filtering template 89/96 segment 2/5
2026-09-06T18:43:35.734+01:00 INFO : 1 points above threshold
2026-09-06T18:43:35.739+01:00 INFO : Filtering template 89/96 segment 3/5
2026-09-06T18:43:35.756+01:00 INFO : 2 points above threshold
2026-09-06T18:43:35.761+01:00 INFO : Filtering template 89/96 segment 4/5
2026-09-06T18:43:35.779+01:00 INFO : Filtering template 89/96 segment 5/5
2026-09-06T18:43:35.797+01:00 INFO : 89: generating IMRPhenomD from 30.0 Hz
2026-09-06T18:43:35.800+01:00 INFO : Decompressing waveform using inline_linear
2026-09-06T18:43:35.805+01:00 INFO : Filtering template 90/96 segment 1/5
2026-09-06T18:43:35.825+01:00 INFO : Filtering template 90/96 segment 2/5
2026-09-06T18:43:35.843+01:00 INFO : 1 points above threshold
2026-09-06T18:43:35.857+01:00 INFO : Filtering template 90/96 segment 3/5
2026-09-06T18:43:35.875+01:00 INFO : 3 points above threshold
2026-09-06T18:43:35.882+01:00 INFO : Filtering template 90/96 segment 4/5
2026-09-06T18:43:35.900+01:00 INFO : Filtering template 90/96 segment 5/5
2026-09-06T18:43:35.918+01:00 INFO : 1 points above threshold
2026-09-06T18:43:35.923+01:00 INFO : 90: generating IMRPhenomD from 30.0 Hz
2026-09-06T18:43:35.925+01:00 INFO : Decompressing waveform using inline_linear
2026-09-06T18:43:35.930+01:00 INFO : Filtering template 91/96 segment 1/5
2026-09-06T18:43:35.950+01:00 INFO : Filtering template 91/96 segment 2/5
2026-09-06T18:43:35.968+01:00 INFO : 2 points above threshold
2026-09-06T18:43:35.983+01:00 INFO : Filtering template 91/96 segment 3/5
2026-09-06T18:43:36.000+01:00 INFO : 3 points above threshold
2026-09-06T18:43:36.007+01:00 INFO : Filtering template 91/96 segment 4/5
2026-09-06T18:43:36.025+01:00 INFO : Filtering template 91/96 segment 5/5
2026-09-06T18:43:36.043+01:00 INFO : 1 points above threshold
2026-09-06T18:43:36.048+01:00 INFO : 91: generating IMRPhenomD from 30.0 Hz
2026-09-06T18:43:36.051+01:00 INFO : Decompressing waveform using inline_linear
2026-09-06T18:43:36.056+01:00 INFO : Filtering template 92/96 segment 1/5
2026-09-06T18:43:36.076+01:00 INFO : 2 points above threshold
2026-09-06T18:43:36.090+01:00 INFO : Filtering template 92/96 segment 2/5
2026-09-06T18:43:36.108+01:00 INFO : 1 points above threshold
2026-09-06T18:43:36.113+01:00 INFO : Filtering template 92/96 segment 3/5
2026-09-06T18:43:36.131+01:00 INFO : 2 points above threshold
2026-09-06T18:43:36.136+01:00 INFO : Filtering template 92/96 segment 4/5
2026-09-06T18:43:36.154+01:00 INFO : 1 points above threshold
2026-09-06T18:43:36.159+01:00 INFO : Filtering template 92/96 segment 5/5
2026-09-06T18:43:36.176+01:00 INFO : 1 points above threshold
2026-09-06T18:43:36.182+01:00 INFO : 92: generating IMRPhenomD from 30.0 Hz
2026-09-06T18:43:36.185+01:00 INFO : Decompressing waveform using inline_linear
2026-09-06T18:43:36.189+01:00 INFO : Filtering template 93/96 segment 1/5
2026-09-06T18:43:36.209+01:00 INFO : Filtering template 93/96 segment 2/5
2026-09-06T18:43:36.227+01:00 INFO : 3 points above threshold
2026-09-06T18:43:36.243+01:00 INFO : Filtering template 93/96 segment 3/5
2026-09-06T18:43:36.261+01:00 INFO : 3 points above threshold
2026-09-06T18:43:36.268+01:00 INFO : Filtering template 93/96 segment 4/5
2026-09-06T18:43:36.286+01:00 INFO : 1 points above threshold
2026-09-06T18:43:36.291+01:00 INFO : Filtering template 93/96 segment 5/5
2026-09-06T18:43:36.309+01:00 INFO : 1 points above threshold
2026-09-06T18:43:36.314+01:00 INFO : 93: generating IMRPhenomD from 30.0 Hz
2026-09-06T18:43:36.317+01:00 INFO : Decompressing waveform using inline_linear
2026-09-06T18:43:36.322+01:00 INFO : Filtering template 94/96 segment 1/5
2026-09-06T18:43:36.341+01:00 INFO : 1 points above threshold
2026-09-06T18:43:36.356+01:00 INFO : Filtering template 94/96 segment 2/5
2026-09-06T18:43:36.374+01:00 INFO : 2 points above threshold
2026-09-06T18:43:36.379+01:00 INFO : Filtering template 94/96 segment 3/5
2026-09-06T18:43:36.397+01:00 INFO : 4 points above threshold
2026-09-06T18:43:36.402+01:00 INFO : Filtering template 94/96 segment 4/5
2026-09-06T18:43:36.420+01:00 INFO : Filtering template 94/96 segment 5/5
2026-09-06T18:43:36.438+01:00 INFO : 2 points above threshold
2026-09-06T18:43:36.443+01:00 INFO : 94: generating IMRPhenomD from 30.0 Hz
2026-09-06T18:43:36.446+01:00 INFO : Decompressing waveform using inline_linear
2026-09-06T18:43:36.450+01:00 INFO : Filtering template 95/96 segment 1/5
2026-09-06T18:43:36.470+01:00 INFO : 3 points above threshold
2026-09-06T18:43:36.537+01:00 INFO : Filtering template 95/96 segment 2/5
2026-09-06T18:43:36.555+01:00 INFO : 2 points above threshold
2026-09-06T18:43:36.611+01:00 INFO : Filtering template 95/96 segment 3/5
2026-09-06T18:43:36.629+01:00 INFO : 2 points above threshold
2026-09-06T18:43:36.684+01:00 INFO : Filtering template 95/96 segment 4/5
2026-09-06T18:43:36.702+01:00 INFO : 1 points above threshold
2026-09-06T18:43:36.757+01:00 INFO : Filtering template 95/96 segment 5/5
2026-09-06T18:43:36.776+01:00 INFO : 95: generating IMRPhenomD from 30.0 Hz
2026-09-06T18:43:36.778+01:00 INFO : Decompressing waveform using inline_linear
2026-09-06T18:43:36.783+01:00 INFO : Filtering template 96/96 segment 1/5
2026-09-06T18:43:36.803+01:00 INFO : 2 points above threshold
2026-09-06T18:43:36.816+01:00 INFO : Filtering template 96/96 segment 2/5
2026-09-06T18:43:36.834+01:00 INFO : Filtering template 96/96 segment 3/5
2026-09-06T18:43:36.852+01:00 INFO : Filtering template 96/96 segment 4/5
2026-09-06T18:43:36.870+01:00 INFO : 1 points above threshold
2026-09-06T18:43:36.875+01:00 INFO : Filtering template 96/96 segment 5/5
2026-09-06T18:43:36.893+01:00 INFO : We currently have 527 triggers
2026-09-06T18:43:36.893+01:00 INFO : Removing triggers with NewSNR below threshold
2026-09-06T18:43:36.893+01:00 INFO : 477 remaining triggers
2026-09-06T18:43:36.893+01:00 INFO : Outputting 477 triggers
2026-09-06T18:43:36.893+01:00 INFO : Writing out triggers
2026-09-06T18:43:36.904+01:00 INFO : Finished
Traceback (most recent call last):
  File "/home/xangma/pycbc-torch-inspiral-reference-20260906/capture-chisq-inputs.py", line 145, in <module>
    sys.exit(main())
             ^^^^^^
  File "/home/xangma/pycbc-torch-inspiral-reference-20260906/capture-chisq-inputs.py", line 131, in main
    assert len(record['captures']) == 5, len(record['captures'])
           ^^^^^^^^^^^^^^^^^^^^^^^^^^^^
AssertionError: 4
