{
  "torch.float32": {
    "unique_edge_vectors": 3,
    "outcomes": [
      {
        "bins": [
          15360,
          24451,
          29204,
          34237,
          39399,
          43747,
          48475,
          52973,
          58122,
          64598,
          71574,
          80492,
          91917,
          107871,
          136457,
          362790,
          1048576
        ],
        "count": 81
      },
      {
        "bins": [
          15360,
          24451,
          29204,
          34237,
          39399,
          43747,
          48475,
          52973,
          58122,
          64598,
          71574,
          80492,
          91917,
          107871,
          136457,
          362775,
          1048576
        ],
        "count": 17
      },
      {
        "bins": [
          15360,
          24451,
          29204,
          34237,
          39399,
          43747,
          48475,
          52973,
          58122,
          64598,
          71574,
          80492,
          91917,
          107871,
          136457,
          362805,
          1048576
        ],
        "count": 2
      }
    ],
    "cumulative_total_range": [
      617890944.0,
      617891264.0
    ]
  },
  "torch.float64": {
    "unique_edge_vectors": 1,
    "outcomes": [
      {
        "bins": [
          15360,
          24451,
          29204,
          34237,
          39399,
          43747,
          48475,
          52973,
          58122,
          64598,
          71574,
          80492,
          91917,
          107871,
          136457,
          362778,
          1048576
        ],
        "count": 100
      }
    ],
    "cumulative_total_range": [
      617891136.0,
      617891136.0
    ]
  }
}
