No CuPy
No CuPy or GPU PhenomHM module.
No CuPy or GPU response available.
No CuPy or GPU interpolation available.
2026-09-06T19:42:23.605+01:00 INFO : Running with Torch support on device cuda:0
2026-09-06T19:42:23.606+01:00 INFO : Reading Frames
2026-09-06T19:42:30.293+01:00 INFO : Highpass Filtering
2026-09-06T19:42:30.749+01:00 INFO : Resampling data
2026-09-06T19:42:30.759+01:00 INFO : Converting to float32
/home/xangma/pycbc-torch-inspiral-reference-20260906/source-v4/pycbc/types/array.py:872: RuntimeWarning: divide by zero encountered in divide
  return self._data.__rtruediv__(other)
2026-09-06T19:42:35.830+01:00 INFO : Highpass Filtering
2026-09-06T19:42:36.280+01:00 INFO : Remove Padding
2026-09-06T19:42:36.397+01:00 INFO : Making frequency-domain data segments
2026-09-06T19:42:36.939+01:00 INFO : Overwhitening frequency-domain data segments
2026-09-06T19:42:36.940+01:00 INFO : Read in template bank
2026-09-06T19:42:36.949+01:00 INFO : Full template bank size: 96
2026-09-06T19:42:36.950+01:00 INFO : Template bank size after thinning: 96
2026-09-06T19:42:36.950+01:00 INFO : 0: generating IMRPhenomD from 30.0 Hz
2026-09-06T19:42:36.951+01:00 INFO : Decompressing waveform using inline_linear
2026-09-06T19:42:37.136+01:00 INFO : Filtering template 1/96 segment 1/5
2026-09-06T19:42:37.619+01:00 INFO : 1 points above threshold
2026-09-06T19:42:37.637+01:00 INFO : Filtering template 1/96 segment 2/5
2026-09-06T19:42:37.638+01:00 INFO : Filtering template 1/96 segment 3/5
2026-09-06T19:42:37.639+01:00 INFO : 1 points above threshold
2026-09-06T19:42:37.641+01:00 INFO : Filtering template 1/96 segment 4/5
2026-09-06T19:42:37.642+01:00 INFO : Filtering template 1/96 segment 5/5
2026-09-06T19:42:37.642+01:00 INFO : 1 points above threshold
2026-09-06T19:42:37.645+01:00 INFO : 1: generating IMRPhenomD from 30.0 Hz
2026-09-06T19:42:37.647+01:00 INFO : Decompressing waveform using inline_linear
2026-09-06T19:42:37.649+01:00 INFO : Filtering template 2/96 segment 1/5
2026-09-06T19:42:37.650+01:00 INFO : 1 points above threshold
2026-09-06T19:42:37.653+01:00 INFO : Filtering template 2/96 segment 2/5
2026-09-06T19:42:37.653+01:00 INFO : 1 points above threshold
2026-09-06T19:42:37.656+01:00 INFO : Filtering template 2/96 segment 3/5
2026-09-06T19:42:37.656+01:00 INFO : 2 points above threshold
2026-09-06T19:42:37.662+01:00 INFO : Filtering template 2/96 segment 4/5
2026-09-06T19:42:37.663+01:00 INFO : Filtering template 2/96 segment 5/5
2026-09-06T19:42:37.663+01:00 INFO : 1 points above threshold
2026-09-06T19:42:37.666+01:00 INFO : 2: generating IMRPhenomD from 30.0 Hz
2026-09-06T19:42:37.668+01:00 INFO : Decompressing waveform using inline_linear
2026-09-06T19:42:37.669+01:00 INFO : Filtering template 3/96 segment 1/5
2026-09-06T19:42:37.670+01:00 INFO : 3 points above threshold
2026-09-06T19:42:37.675+01:00 INFO : Filtering template 3/96 segment 2/5
2026-09-06T19:42:37.675+01:00 INFO : Filtering template 3/96 segment 3/5
2026-09-06T19:42:37.676+01:00 INFO : 1 points above threshold
2026-09-06T19:42:37.678+01:00 INFO : Filtering template 3/96 segment 4/5
2026-09-06T19:42:37.679+01:00 INFO : 1 points above threshold
2026-09-06T19:42:37.681+01:00 INFO : Filtering template 3/96 segment 5/5
2026-09-06T19:42:37.682+01:00 INFO : 3: generating IMRPhenomD from 30.0 Hz
2026-09-06T19:42:37.683+01:00 INFO : Decompressing waveform using inline_linear
2026-09-06T19:42:37.685+01:00 INFO : Filtering template 4/96 segment 1/5
2026-09-06T19:42:37.686+01:00 INFO : 1 points above threshold
2026-09-06T19:42:37.689+01:00 INFO : Filtering template 4/96 segment 2/5
2026-09-06T19:42:37.690+01:00 INFO : 1 points above threshold
2026-09-06T19:42:37.692+01:00 INFO : Filtering template 4/96 segment 3/5
2026-09-06T19:42:37.693+01:00 INFO : 2 points above threshold
2026-09-06T19:42:37.696+01:00 INFO : Filtering template 4/96 segment 4/5
2026-09-06T19:42:37.697+01:00 INFO : 2 points above threshold
2026-09-06T19:42:37.700+01:00 INFO : Filtering template 4/96 segment 5/5
2026-09-06T19:42:37.700+01:00 INFO : 2 points above threshold
2026-09-06T19:42:37.704+01:00 INFO : 4: generating IMRPhenomD from 30.0 Hz
2026-09-06T19:42:37.706+01:00 INFO : Decompressing waveform using inline_linear
2026-09-06T19:42:37.708+01:00 INFO : Filtering template 5/96 segment 1/5
2026-09-06T19:42:37.708+01:00 INFO : 1 points above threshold
2026-09-06T19:42:37.712+01:00 INFO : Filtering template 5/96 segment 2/5
2026-09-06T19:42:37.712+01:00 INFO : 2 points above threshold
2026-09-06T19:42:37.715+01:00 INFO : Filtering template 5/96 segment 3/5
2026-09-06T19:42:37.716+01:00 INFO : 2 points above threshold
2026-09-06T19:42:37.719+01:00 INFO : Filtering template 5/96 segment 4/5
2026-09-06T19:42:37.720+01:00 INFO : 2 points above threshold
2026-09-06T19:42:37.723+01:00 INFO : Filtering template 5/96 segment 5/5
2026-09-06T19:42:37.724+01:00 INFO : 5: generating IMRPhenomD from 30.0 Hz
2026-09-06T19:42:37.725+01:00 INFO : Decompressing waveform using inline_linear
2026-09-06T19:42:37.727+01:00 INFO : Filtering template 6/96 segment 1/5
2026-09-06T19:42:37.728+01:00 INFO : 1 points above threshold
2026-09-06T19:42:37.731+01:00 INFO : Filtering template 6/96 segment 2/5
2026-09-06T19:42:37.731+01:00 INFO : Filtering template 6/96 segment 3/5
2026-09-06T19:42:37.732+01:00 INFO : Filtering template 6/96 segment 4/5
2026-09-06T19:42:37.732+01:00 INFO : Filtering template 6/96 segment 5/5
2026-09-06T19:42:37.733+01:00 INFO : 1 points above threshold
2026-09-06T19:42:37.736+01:00 INFO : 6: generating IMRPhenomD from 30.0 Hz
2026-09-06T19:42:37.737+01:00 INFO : Decompressing waveform using inline_linear
2026-09-06T19:42:37.739+01:00 INFO : Filtering template 7/96 segment 1/5
2026-09-06T19:42:37.740+01:00 INFO : 2 points above threshold
2026-09-06T19:42:37.744+01:00 INFO : Filtering template 7/96 segment 2/5
2026-09-06T19:42:37.744+01:00 INFO : Filtering template 7/96 segment 3/5
2026-09-06T19:42:37.745+01:00 INFO : Filtering template 7/96 segment 4/5
2026-09-06T19:42:37.745+01:00 INFO : 1 points above threshold
2026-09-06T19:42:37.748+01:00 INFO : Filtering template 7/96 segment 5/5
2026-09-06T19:42:37.748+01:00 INFO : 7: generating IMRPhenomD from 30.0 Hz
2026-09-06T19:42:37.750+01:00 INFO : Decompressing waveform using inline_linear
2026-09-06T19:42:37.751+01:00 INFO : Filtering template 8/96 segment 1/5
2026-09-06T19:42:37.752+01:00 INFO : 2 points above threshold
2026-09-06T19:42:37.757+01:00 INFO : Filtering template 8/96 segment 2/5
2026-09-06T19:42:37.757+01:00 INFO : 1 points above threshold
2026-09-06T19:42:37.759+01:00 INFO : Filtering template 8/96 segment 3/5
2026-09-06T19:42:37.760+01:00 INFO : 4 points above threshold
2026-09-06T19:42:37.763+01:00 INFO : Filtering template 8/96 segment 4/5
2026-09-06T19:42:37.764+01:00 INFO : Filtering template 8/96 segment 5/5
2026-09-06T19:42:37.765+01:00 INFO : 8: generating IMRPhenomD from 30.0 Hz
2026-09-06T19:42:37.766+01:00 INFO : Decompressing waveform using inline_linear
2026-09-06T19:42:37.768+01:00 INFO : Filtering template 9/96 segment 1/5
2026-09-06T19:42:37.769+01:00 INFO : Filtering template 9/96 segment 2/5
2026-09-06T19:42:37.769+01:00 INFO : 1 points above threshold
2026-09-06T19:42:37.772+01:00 INFO : Filtering template 9/96 segment 3/5
2026-09-06T19:42:37.773+01:00 INFO : 2 points above threshold
2026-09-06T19:42:37.776+01:00 INFO : Filtering template 9/96 segment 4/5
2026-09-06T19:42:37.777+01:00 INFO : 1 points above threshold
2026-09-06T19:42:37.779+01:00 INFO : Filtering template 9/96 segment 5/5
2026-09-06T19:42:37.780+01:00 INFO : 3 points above threshold
2026-09-06T19:42:37.784+01:00 INFO : 9: generating IMRPhenomD from 30.0 Hz
2026-09-06T19:42:37.785+01:00 INFO : Decompressing waveform using inline_linear
2026-09-06T19:42:37.787+01:00 INFO : Filtering template 10/96 segment 1/5
2026-09-06T19:42:37.787+01:00 INFO : 1 points above threshold
2026-09-06T19:42:37.791+01:00 INFO : Filtering template 10/96 segment 2/5
2026-09-06T19:42:37.791+01:00 INFO : 1 points above threshold
2026-09-06T19:42:37.793+01:00 INFO : Filtering template 10/96 segment 3/5
2026-09-06T19:42:37.794+01:00 INFO : Filtering template 10/96 segment 4/5
2026-09-06T19:42:37.794+01:00 INFO : 2 points above threshold
2026-09-06T19:42:37.798+01:00 INFO : Filtering template 10/96 segment 5/5
2026-09-06T19:42:37.798+01:00 INFO : 1 points above threshold
2026-09-06T19:42:37.801+01:00 INFO : 10: generating IMRPhenomD from 30.0 Hz
2026-09-06T19:42:37.803+01:00 INFO : Decompressing waveform using inline_linear
2026-09-06T19:42:37.804+01:00 INFO : Filtering template 11/96 segment 1/5
2026-09-06T19:42:37.805+01:00 INFO : 4 points above threshold
2026-09-06T19:42:37.809+01:00 INFO : Filtering template 11/96 segment 2/5
2026-09-06T19:42:37.810+01:00 INFO : 2 points above threshold
2026-09-06T19:42:37.813+01:00 INFO : Filtering template 11/96 segment 3/5
2026-09-06T19:42:37.814+01:00 INFO : 1 points above threshold
2026-09-06T19:42:37.816+01:00 INFO : Filtering template 11/96 segment 4/5
2026-09-06T19:42:37.817+01:00 INFO : Filtering template 11/96 segment 5/5
2026-09-06T19:42:37.818+01:00 INFO : 11: generating IMRPhenomD from 30.0 Hz
2026-09-06T19:42:37.819+01:00 INFO : Decompressing waveform using inline_linear
2026-09-06T19:42:37.821+01:00 INFO : Filtering template 12/96 segment 1/5
2026-09-06T19:42:37.822+01:00 INFO : 1 points above threshold
2026-09-06T19:42:37.825+01:00 INFO : Filtering template 12/96 segment 2/5
2026-09-06T19:42:37.825+01:00 INFO : 1 points above threshold
2026-09-06T19:42:37.828+01:00 INFO : Filtering template 12/96 segment 3/5
2026-09-06T19:42:37.828+01:00 INFO : 1 points above threshold
2026-09-06T19:42:37.830+01:00 INFO : Filtering template 12/96 segment 4/5
2026-09-06T19:42:37.831+01:00 INFO : 3 points above threshold
2026-09-06T19:42:37.834+01:00 INFO : Filtering template 12/96 segment 5/5
2026-09-06T19:42:37.835+01:00 INFO : 12: generating IMRPhenomD from 30.0 Hz
2026-09-06T19:42:37.836+01:00 INFO : Decompressing waveform using inline_linear
2026-09-06T19:42:37.838+01:00 INFO : Filtering template 13/96 segment 1/5
2026-09-06T19:42:37.839+01:00 INFO : Filtering template 13/96 segment 2/5
2026-09-06T19:42:37.840+01:00 INFO : 4 points above threshold
2026-09-06T19:42:37.844+01:00 INFO : Filtering template 13/96 segment 3/5
2026-09-06T19:42:37.844+01:00 INFO : Filtering template 13/96 segment 4/5
2026-09-06T19:42:37.844+01:00 INFO : Filtering template 13/96 segment 5/5
2026-09-06T19:42:37.845+01:00 INFO : 1 points above threshold
2026-09-06T19:42:37.848+01:00 INFO : 13: generating IMRPhenomD from 30.0 Hz
2026-09-06T19:42:37.849+01:00 INFO : Decompressing waveform using inline_linear
2026-09-06T19:42:37.851+01:00 INFO : Filtering template 14/96 segment 1/5
2026-09-06T19:42:37.852+01:00 INFO : 1 points above threshold
2026-09-06T19:42:37.855+01:00 INFO : Filtering template 14/96 segment 2/5
2026-09-06T19:42:37.855+01:00 INFO : 2 points above threshold
2026-09-06T19:42:37.858+01:00 INFO : Filtering template 14/96 segment 3/5
2026-09-06T19:42:37.859+01:00 INFO : 3 points above threshold
2026-09-06T19:42:37.862+01:00 INFO : Filtering template 14/96 segment 4/5
2026-09-06T19:42:37.862+01:00 INFO : 2 points above threshold
2026-09-06T19:42:37.865+01:00 INFO : Filtering template 14/96 segment 5/5
2026-09-06T19:42:37.866+01:00 INFO : 14: generating IMRPhenomD from 30.0 Hz
2026-09-06T19:42:37.868+01:00 INFO : Decompressing waveform using inline_linear
2026-09-06T19:42:37.870+01:00 INFO : Filtering template 15/96 segment 1/5
2026-09-06T19:42:37.871+01:00 INFO : 1 points above threshold
2026-09-06T19:42:37.874+01:00 INFO : Filtering template 15/96 segment 2/5
2026-09-06T19:42:37.874+01:00 INFO : Filtering template 15/96 segment 3/5
2026-09-06T19:42:37.875+01:00 INFO : 1 points above threshold
2026-09-06T19:42:37.877+01:00 INFO : Filtering template 15/96 segment 4/5
2026-09-06T19:42:37.878+01:00 INFO : 1 points above threshold
2026-09-06T19:42:37.880+01:00 INFO : Filtering template 15/96 segment 5/5
2026-09-06T19:42:37.881+01:00 INFO : 3 points above threshold
2026-09-06T19:42:37.885+01:00 INFO : 15: generating IMRPhenomD from 30.0 Hz
2026-09-06T19:42:37.886+01:00 INFO : Decompressing waveform using inline_linear
2026-09-06T19:42:37.888+01:00 INFO : Filtering template 16/96 segment 1/5
2026-09-06T19:42:37.889+01:00 INFO : 1 points above threshold
2026-09-06T19:42:37.892+01:00 INFO : Filtering template 16/96 segment 2/5
2026-09-06T19:42:37.893+01:00 INFO : 2 points above threshold
2026-09-06T19:42:37.896+01:00 INFO : Filtering template 16/96 segment 3/5
2026-09-06T19:42:37.896+01:00 INFO : 3 points above threshold
2026-09-06T19:42:37.899+01:00 INFO : Filtering template 16/96 segment 4/5
2026-09-06T19:42:37.900+01:00 INFO : 2 points above threshold
2026-09-06T19:42:37.903+01:00 INFO : Filtering template 16/96 segment 5/5
2026-09-06T19:42:37.904+01:00 INFO : 16: generating IMRPhenomD from 30.0 Hz
2026-09-06T19:42:37.905+01:00 INFO : Decompressing waveform using inline_linear
2026-09-06T19:42:37.907+01:00 INFO : Filtering template 17/96 segment 1/5
2026-09-06T19:42:37.908+01:00 INFO : 2 points above threshold
2026-09-06T19:42:37.912+01:00 INFO : Filtering template 17/96 segment 2/5
2026-09-06T19:42:37.912+01:00 INFO : 3 points above threshold
2026-09-06T19:42:37.915+01:00 INFO : Filtering template 17/96 segment 3/5
2026-09-06T19:42:37.915+01:00 INFO : Filtering template 17/96 segment 4/5
2026-09-06T19:42:37.916+01:00 INFO : 2 points above threshold
2026-09-06T19:42:37.918+01:00 INFO : Filtering template 17/96 segment 5/5
2026-09-06T19:42:37.919+01:00 INFO : 3 points above threshold
2026-09-06T19:42:37.922+01:00 INFO : 17: generating IMRPhenomD from 30.0 Hz
2026-09-06T19:42:37.923+01:00 INFO : Decompressing waveform using inline_linear
2026-09-06T19:42:37.925+01:00 INFO : Filtering template 18/96 segment 1/5
2026-09-06T19:42:37.926+01:00 INFO : Filtering template 18/96 segment 2/5
2026-09-06T19:42:37.927+01:00 INFO : Filtering template 18/96 segment 3/5
2026-09-06T19:42:37.927+01:00 INFO : 1 points above threshold
2026-09-06T19:42:37.930+01:00 INFO : Filtering template 18/96 segment 4/5
2026-09-06T19:42:37.931+01:00 INFO : Filtering template 18/96 segment 5/5
2026-09-06T19:42:37.931+01:00 INFO : 2 points above threshold
2026-09-06T19:42:37.935+01:00 INFO : 18: generating IMRPhenomD from 30.0 Hz
2026-09-06T19:42:37.936+01:00 INFO : Decompressing waveform using inline_linear
2026-09-06T19:42:37.938+01:00 INFO : Filtering template 19/96 segment 1/5
2026-09-06T19:42:37.939+01:00 INFO : 3 points above threshold
2026-09-06T19:42:37.943+01:00 INFO : Filtering template 19/96 segment 2/5
2026-09-06T19:42:37.943+01:00 INFO : 1 points above threshold
2026-09-06T19:42:37.946+01:00 INFO : Filtering template 19/96 segment 3/5
2026-09-06T19:42:37.946+01:00 INFO : 1 points above threshold
2026-09-06T19:42:37.948+01:00 INFO : Filtering template 19/96 segment 4/5
2026-09-06T19:42:37.949+01:00 INFO : 3 points above threshold
2026-09-06T19:42:37.952+01:00 INFO : Filtering template 19/96 segment 5/5
2026-09-06T19:42:37.952+01:00 INFO : 1 points above threshold
2026-09-06T19:42:37.955+01:00 INFO : 19: generating IMRPhenomD from 30.0 Hz
2026-09-06T19:42:37.957+01:00 INFO : Decompressing waveform using inline_linear
2026-09-06T19:42:37.958+01:00 INFO : Filtering template 20/96 segment 1/5
2026-09-06T19:42:37.959+01:00 INFO : 1 points above threshold
2026-09-06T19:42:37.962+01:00 INFO : Filtering template 20/96 segment 2/5
2026-09-06T19:42:37.963+01:00 INFO : 3 points above threshold
2026-09-06T19:42:37.966+01:00 INFO : Filtering template 20/96 segment 3/5
2026-09-06T19:42:37.966+01:00 INFO : Filtering template 20/96 segment 4/5
2026-09-06T19:42:37.967+01:00 INFO : 2 points above threshold
2026-09-06T19:42:37.970+01:00 INFO : Filtering template 20/96 segment 5/5
2026-09-06T19:42:37.971+01:00 INFO : 20: generating IMRPhenomD from 30.0 Hz
2026-09-06T19:42:37.972+01:00 INFO : Decompressing waveform using inline_linear
2026-09-06T19:42:37.974+01:00 INFO : Filtering template 21/96 segment 1/5
2026-09-06T19:42:37.975+01:00 INFO : 1 points above threshold
2026-09-06T19:42:37.978+01:00 INFO : Filtering template 21/96 segment 2/5
2026-09-06T19:42:37.979+01:00 INFO : 1 points above threshold
2026-09-06T19:42:37.981+01:00 INFO : Filtering template 21/96 segment 3/5
2026-09-06T19:42:37.981+01:00 INFO : 1 points above threshold
2026-09-06T19:42:37.984+01:00 INFO : Filtering template 21/96 segment 4/5
2026-09-06T19:42:37.984+01:00 INFO : Filtering template 21/96 segment 5/5
2026-09-06T19:42:37.985+01:00 INFO : 21: generating IMRPhenomD from 30.0 Hz
2026-09-06T19:42:37.986+01:00 INFO : Decompressing waveform using inline_linear
2026-09-06T19:42:37.988+01:00 INFO : Filtering template 22/96 segment 1/5
2026-09-06T19:42:37.989+01:00 INFO : 5 points above threshold
2026-09-06T19:42:37.993+01:00 INFO : Filtering template 22/96 segment 2/5
2026-09-06T19:42:37.994+01:00 INFO : Filtering template 22/96 segment 3/5
2026-09-06T19:42:37.994+01:00 INFO : Filtering template 22/96 segment 4/5
2026-09-06T19:42:37.994+01:00 INFO : 1 points above threshold
2026-09-06T19:42:37.997+01:00 INFO : Filtering template 22/96 segment 5/5
2026-09-06T19:42:37.997+01:00 INFO : 1 points above threshold
2026-09-06T19:42:38.000+01:00 INFO : 22: generating IMRPhenomD from 30.0 Hz
2026-09-06T19:42:38.002+01:00 INFO : Decompressing waveform using inline_linear
2026-09-06T19:42:38.003+01:00 INFO : Filtering template 23/96 segment 1/5
2026-09-06T19:42:38.004+01:00 INFO : 2 points above threshold
2026-09-06T19:42:38.008+01:00 INFO : Filtering template 23/96 segment 2/5
2026-09-06T19:42:38.008+01:00 INFO : 1 points above threshold
2026-09-06T19:42:38.011+01:00 INFO : Filtering template 23/96 segment 3/5
2026-09-06T19:42:38.011+01:00 INFO : 1 points above threshold
2026-09-06T19:42:38.014+01:00 INFO : Filtering template 23/96 segment 4/5
2026-09-06T19:42:38.014+01:00 INFO : Filtering template 23/96 segment 5/5
2026-09-06T19:42:38.015+01:00 INFO : 23: generating IMRPhenomD from 30.0 Hz
2026-09-06T19:42:38.017+01:00 INFO : Decompressing waveform using inline_linear
2026-09-06T19:42:38.019+01:00 INFO : Filtering template 24/96 segment 1/5
2026-09-06T19:42:38.019+01:00 INFO : 1 points above threshold
2026-09-06T19:42:38.022+01:00 INFO : Filtering template 24/96 segment 2/5
2026-09-06T19:42:38.023+01:00 INFO : 2 points above threshold
2026-09-06T19:42:38.026+01:00 INFO : Filtering template 24/96 segment 3/5
2026-09-06T19:42:38.027+01:00 INFO : 1 points above threshold
2026-09-06T19:42:38.029+01:00 INFO : Filtering template 24/96 segment 4/5
2026-09-06T19:42:38.030+01:00 INFO : Filtering template 24/96 segment 5/5
2026-09-06T19:42:38.030+01:00 INFO : 2 points above threshold
2026-09-06T19:42:38.034+01:00 INFO : 24: generating IMRPhenomD from 30.0 Hz
2026-09-06T19:42:38.036+01:00 INFO : Decompressing waveform using inline_linear
2026-09-06T19:42:38.037+01:00 INFO : Filtering template 25/96 segment 1/5
2026-09-06T19:42:38.038+01:00 INFO : 2 points above threshold
2026-09-06T19:42:38.042+01:00 INFO : Filtering template 25/96 segment 2/5
2026-09-06T19:42:38.042+01:00 INFO : Filtering template 25/96 segment 3/5
2026-09-06T19:42:38.043+01:00 INFO : Filtering template 25/96 segment 4/5
2026-09-06T19:42:38.043+01:00 INFO : Filtering template 25/96 segment 5/5
2026-09-06T19:42:38.044+01:00 INFO : 25: generating IMRPhenomD from 30.0 Hz
2026-09-06T19:42:38.045+01:00 INFO : Decompressing waveform using inline_linear
2026-09-06T19:42:38.047+01:00 INFO : Filtering template 26/96 segment 1/5
2026-09-06T19:42:38.048+01:00 INFO : Filtering template 26/96 segment 2/5
2026-09-06T19:42:38.048+01:00 INFO : 2 points above threshold
2026-09-06T19:42:38.052+01:00 INFO : Filtering template 26/96 segment 3/5
2026-09-06T19:42:38.053+01:00 INFO : Filtering template 26/96 segment 4/5
2026-09-06T19:42:38.053+01:00 INFO : 2 points above threshold
2026-09-06T19:42:38.056+01:00 INFO : Filtering template 26/96 segment 5/5
2026-09-06T19:42:38.057+01:00 INFO : 2 points above threshold
2026-09-06T19:42:38.061+01:00 INFO : 26: generating IMRPhenomD from 30.0 Hz
2026-09-06T19:42:38.062+01:00 INFO : Decompressing waveform using inline_linear
2026-09-06T19:42:38.064+01:00 INFO : Filtering template 27/96 segment 1/5
2026-09-06T19:42:38.064+01:00 INFO : 3 points above threshold
2026-09-06T19:42:38.068+01:00 INFO : Filtering template 27/96 segment 2/5
2026-09-06T19:42:38.069+01:00 INFO : Filtering template 27/96 segment 3/5
2026-09-06T19:42:38.069+01:00 INFO : 1 points above threshold
2026-09-06T19:42:38.071+01:00 INFO : Filtering template 27/96 segment 4/5
2026-09-06T19:42:38.072+01:00 INFO : Filtering template 27/96 segment 5/5
2026-09-06T19:42:38.073+01:00 INFO : 27: generating IMRPhenomD from 30.0 Hz
2026-09-06T19:42:38.074+01:00 INFO : Decompressing waveform using inline_linear
2026-09-06T19:42:38.076+01:00 INFO : Filtering template 28/96 segment 1/5
2026-09-06T19:42:38.077+01:00 INFO : 3 points above threshold
2026-09-06T19:42:38.081+01:00 INFO : Filtering template 28/96 segment 2/5
2026-09-06T19:42:38.081+01:00 INFO : 1 points above threshold
2026-09-06T19:42:38.084+01:00 INFO : Filtering template 28/96 segment 3/5
2026-09-06T19:42:38.084+01:00 INFO : 2 points above threshold
2026-09-06T19:42:38.088+01:00 INFO : Filtering template 28/96 segment 4/5
2026-09-06T19:42:38.088+01:00 INFO : 1 points above threshold
2026-09-06T19:42:38.090+01:00 INFO : Filtering template 28/96 segment 5/5
2026-09-06T19:42:38.091+01:00 INFO : 28: generating IMRPhenomD from 30.0 Hz
2026-09-06T19:42:38.093+01:00 INFO : Decompressing waveform using inline_linear
2026-09-06T19:42:38.094+01:00 INFO : Filtering template 29/96 segment 1/5
2026-09-06T19:42:38.095+01:00 INFO : 2 points above threshold
2026-09-06T19:42:38.100+01:00 INFO : Filtering template 29/96 segment 2/5
2026-09-06T19:42:38.100+01:00 INFO : 2 points above threshold
2026-09-06T19:42:38.103+01:00 INFO : Filtering template 29/96 segment 3/5
2026-09-06T19:42:38.104+01:00 INFO : 1 points above threshold
2026-09-06T19:42:38.106+01:00 INFO : Filtering template 29/96 segment 4/5
2026-09-06T19:42:38.107+01:00 INFO : 2 points above threshold
2026-09-06T19:42:38.110+01:00 INFO : Filtering template 29/96 segment 5/5
2026-09-06T19:42:38.111+01:00 INFO : 2 points above threshold
2026-09-06T19:42:38.115+01:00 INFO : 29: generating IMRPhenomD from 30.0 Hz
2026-09-06T19:42:38.116+01:00 INFO : Decompressing waveform using inline_linear
2026-09-06T19:42:38.118+01:00 INFO : Filtering template 30/96 segment 1/5
2026-09-06T19:42:38.119+01:00 INFO : 1 points above threshold
2026-09-06T19:42:38.122+01:00 INFO : Filtering template 30/96 segment 2/5
2026-09-06T19:42:38.123+01:00 INFO : 1 points above threshold
2026-09-06T19:42:38.125+01:00 INFO : Filtering template 30/96 segment 3/5
2026-09-06T19:42:38.125+01:00 INFO : 1 points above threshold
2026-09-06T19:42:38.128+01:00 INFO : Filtering template 30/96 segment 4/5
2026-09-06T19:42:38.128+01:00 INFO : Filtering template 30/96 segment 5/5
2026-09-06T19:42:38.129+01:00 INFO : 30: generating IMRPhenomD from 30.0 Hz
2026-09-06T19:42:38.131+01:00 INFO : Decompressing waveform using inline_linear
2026-09-06T19:42:38.132+01:00 INFO : Filtering template 31/96 segment 1/5
2026-09-06T19:42:38.133+01:00 INFO : Filtering template 31/96 segment 2/5
2026-09-06T19:42:38.134+01:00 INFO : 1 points above threshold
2026-09-06T19:42:38.137+01:00 INFO : Filtering template 31/96 segment 3/5
2026-09-06T19:42:38.137+01:00 INFO : Filtering template 31/96 segment 4/5
2026-09-06T19:42:38.138+01:00 INFO : 1 points above threshold
2026-09-06T19:42:38.140+01:00 INFO : Filtering template 31/96 segment 5/5
2026-09-06T19:42:38.141+01:00 INFO : 1 points above threshold
2026-09-06T19:42:38.143+01:00 INFO : 31: generating IMRPhenomD from 30.0 Hz
2026-09-06T19:42:38.145+01:00 INFO : Decompressing waveform using inline_linear
2026-09-06T19:42:38.146+01:00 INFO : Filtering template 32/96 segment 1/5
2026-09-06T19:42:38.147+01:00 INFO : Filtering template 32/96 segment 2/5
2026-09-06T19:42:38.148+01:00 INFO : Filtering template 32/96 segment 3/5
2026-09-06T19:42:38.148+01:00 INFO : Filtering template 32/96 segment 4/5
2026-09-06T19:42:38.149+01:00 INFO : 3 points above threshold
2026-09-06T19:42:38.152+01:00 INFO : Filtering template 32/96 segment 5/5
2026-09-06T19:42:38.153+01:00 INFO : 2 points above threshold
2026-09-06T19:42:38.156+01:00 INFO : 32: generating IMRPhenomD from 30.0 Hz
2026-09-06T19:42:38.158+01:00 INFO : Decompressing waveform using inline_linear
2026-09-06T19:42:38.159+01:00 INFO : Filtering template 33/96 segment 1/5
2026-09-06T19:42:38.160+01:00 INFO : 2 points above threshold
2026-09-06T19:42:38.164+01:00 INFO : Filtering template 33/96 segment 2/5
2026-09-06T19:42:38.165+01:00 INFO : Filtering template 33/96 segment 3/5
2026-09-06T19:42:38.165+01:00 INFO : Filtering template 33/96 segment 4/5
2026-09-06T19:42:38.166+01:00 INFO : 1 points above threshold
2026-09-06T19:42:38.168+01:00 INFO : Filtering template 33/96 segment 5/5
2026-09-06T19:42:38.169+01:00 INFO : 33: generating IMRPhenomD from 30.0 Hz
2026-09-06T19:42:38.170+01:00 INFO : Decompressing waveform using inline_linear
2026-09-06T19:42:38.172+01:00 INFO : Filtering template 34/96 segment 1/5
2026-09-06T19:42:38.173+01:00 INFO : Filtering template 34/96 segment 2/5
2026-09-06T19:42:38.173+01:00 INFO : 1 points above threshold
2026-09-06T19:42:38.176+01:00 INFO : Filtering template 34/96 segment 3/5
2026-09-06T19:42:38.177+01:00 INFO : 1 points above threshold
2026-09-06T19:42:38.179+01:00 INFO : Filtering template 34/96 segment 4/5
2026-09-06T19:42:38.180+01:00 INFO : Filtering template 34/96 segment 5/5
2026-09-06T19:42:38.180+01:00 INFO : 1 points above threshold
2026-09-06T19:42:38.183+01:00 INFO : 34: generating IMRPhenomD from 30.0 Hz
2026-09-06T19:42:38.184+01:00 INFO : Decompressing waveform using inline_linear
2026-09-06T19:42:38.186+01:00 INFO : Filtering template 35/96 segment 1/5
2026-09-06T19:42:38.187+01:00 INFO : 1 points above threshold
2026-09-06T19:42:38.190+01:00 INFO : Filtering template 35/96 segment 2/5
2026-09-06T19:42:38.191+01:00 INFO : 1 points above threshold
2026-09-06T19:42:38.193+01:00 INFO : Filtering template 35/96 segment 3/5
2026-09-06T19:42:38.193+01:00 INFO : 1 points above threshold
2026-09-06T19:42:38.196+01:00 INFO : Filtering template 35/96 segment 4/5
2026-09-06T19:42:38.196+01:00 INFO : Filtering template 35/96 segment 5/5
2026-09-06T19:42:38.197+01:00 INFO : 35: generating IMRPhenomD from 30.0 Hz
2026-09-06T19:42:38.199+01:00 INFO : Decompressing waveform using inline_linear
2026-09-06T19:42:38.200+01:00 INFO : Filtering template 36/96 segment 1/5
2026-09-06T19:42:38.201+01:00 INFO : 3 points above threshold
2026-09-06T19:42:38.205+01:00 INFO : Filtering template 36/96 segment 2/5
2026-09-06T19:42:38.205+01:00 INFO : 1 points above threshold
2026-09-06T19:42:38.208+01:00 INFO : Filtering template 36/96 segment 3/5
2026-09-06T19:42:38.208+01:00 INFO : 2 points above threshold
2026-09-06T19:42:38.211+01:00 INFO : Filtering template 36/96 segment 4/5
2026-09-06T19:42:38.211+01:00 INFO : Filtering template 36/96 segment 5/5
2026-09-06T19:42:38.212+01:00 INFO : 1 points above threshold
2026-09-06T19:42:38.215+01:00 INFO : 36: generating IMRPhenomD from 30.0 Hz
2026-09-06T19:42:38.216+01:00 INFO : Decompressing waveform using inline_linear
2026-09-06T19:42:38.218+01:00 INFO : Filtering template 37/96 segment 1/5
2026-09-06T19:42:38.219+01:00 INFO : 2 points above threshold
2026-09-06T19:42:38.223+01:00 INFO : Filtering template 37/96 segment 2/5
2026-09-06T19:42:38.223+01:00 INFO : 3 points above threshold
2026-09-06T19:42:38.227+01:00 INFO : Filtering template 37/96 segment 3/5
2026-09-06T19:42:38.227+01:00 INFO : 1 points above threshold
2026-09-06T19:42:38.230+01:00 INFO : Filtering template 37/96 segment 4/5
2026-09-06T19:42:38.230+01:00 INFO : 3 points above threshold
2026-09-06T19:42:38.234+01:00 INFO : Filtering template 37/96 segment 5/5
2026-09-06T19:42:38.235+01:00 INFO : 37: generating IMRPhenomD from 30.0 Hz
2026-09-06T19:42:38.236+01:00 INFO : Decompressing waveform using inline_linear
2026-09-06T19:42:38.238+01:00 INFO : Filtering template 38/96 segment 1/5
2026-09-06T19:42:38.239+01:00 INFO : Filtering template 38/96 segment 2/5
2026-09-06T19:42:38.239+01:00 INFO : Filtering template 38/96 segment 3/5
2026-09-06T19:42:38.240+01:00 INFO : 1 points above threshold
2026-09-06T19:42:38.243+01:00 INFO : Filtering template 38/96 segment 4/5
2026-09-06T19:42:38.243+01:00 INFO : 1 points above threshold
2026-09-06T19:42:38.246+01:00 INFO : Filtering template 38/96 segment 5/5
2026-09-06T19:42:38.246+01:00 INFO : 1 points above threshold
2026-09-06T19:42:38.249+01:00 INFO : 38: generating IMRPhenomD from 30.0 Hz
2026-09-06T19:42:38.250+01:00 INFO : Decompressing waveform using inline_linear
2026-09-06T19:42:38.252+01:00 INFO : Filtering template 39/96 segment 1/5
2026-09-06T19:42:38.253+01:00 INFO : Filtering template 39/96 segment 2/5
2026-09-06T19:42:38.253+01:00 INFO : 2 points above threshold
2026-09-06T19:42:38.258+01:00 INFO : Filtering template 39/96 segment 3/5
2026-09-06T19:42:38.258+01:00 INFO : Filtering template 39/96 segment 4/5
2026-09-06T19:42:38.259+01:00 INFO : 2 points above threshold
2026-09-06T19:42:38.262+01:00 INFO : Filtering template 39/96 segment 5/5
2026-09-06T19:42:38.263+01:00 INFO : 39: generating IMRPhenomD from 30.0 Hz
2026-09-06T19:42:38.264+01:00 INFO : Decompressing waveform using inline_linear
2026-09-06T19:42:38.266+01:00 INFO : Filtering template 40/96 segment 1/5
2026-09-06T19:42:38.267+01:00 INFO : Filtering template 40/96 segment 2/5
2026-09-06T19:42:38.267+01:00 INFO : Filtering template 40/96 segment 3/5
2026-09-06T19:42:38.268+01:00 INFO : Filtering template 40/96 segment 4/5
2026-09-06T19:42:38.268+01:00 INFO : 2 points above threshold
2026-09-06T19:42:38.272+01:00 INFO : Filtering template 40/96 segment 5/5
2026-09-06T19:42:38.273+01:00 INFO : 40: generating IMRPhenomD from 30.0 Hz
2026-09-06T19:42:38.274+01:00 INFO : Decompressing waveform using inline_linear
2026-09-06T19:42:38.276+01:00 INFO : Filtering template 41/96 segment 1/5
2026-09-06T19:42:38.277+01:00 INFO : Filtering template 41/96 segment 2/5
2026-09-06T19:42:38.277+01:00 INFO : Filtering template 41/96 segment 3/5
2026-09-06T19:42:38.278+01:00 INFO : 2 points above threshold
2026-09-06T19:42:38.282+01:00 INFO : Filtering template 41/96 segment 4/5
2026-09-06T19:42:38.282+01:00 INFO : 2 points above threshold
2026-09-06T19:42:38.286+01:00 INFO : Filtering template 41/96 segment 5/5
2026-09-06T19:42:38.287+01:00 INFO : 41: generating IMRPhenomD from 30.0 Hz
2026-09-06T19:42:38.288+01:00 INFO : Decompressing waveform using inline_linear
2026-09-06T19:42:38.290+01:00 INFO : Filtering template 42/96 segment 1/5
2026-09-06T19:42:38.291+01:00 INFO : Filtering template 42/96 segment 2/5
2026-09-06T19:42:38.291+01:00 INFO : 1 points above threshold
2026-09-06T19:42:38.294+01:00 INFO : Filtering template 42/96 segment 3/5
2026-09-06T19:42:38.295+01:00 INFO : Filtering template 42/96 segment 4/5
2026-09-06T19:42:38.295+01:00 INFO : 1 points above threshold
2026-09-06T19:42:38.298+01:00 INFO : Filtering template 42/96 segment 5/5
2026-09-06T19:42:38.298+01:00 INFO : 1 points above threshold
2026-09-06T19:42:38.301+01:00 INFO : 42: generating IMRPhenomD from 30.0 Hz
2026-09-06T19:42:38.302+01:00 INFO : Decompressing waveform using inline_linear
2026-09-06T19:42:38.304+01:00 INFO : Filtering template 43/96 segment 1/5
2026-09-06T19:42:38.305+01:00 INFO : 1 points above threshold
2026-09-06T19:42:38.308+01:00 INFO : Filtering template 43/96 segment 2/5
2026-09-06T19:42:38.308+01:00 INFO : 2 points above threshold
2026-09-06T19:42:38.312+01:00 INFO : Filtering template 43/96 segment 3/5
2026-09-06T19:42:38.312+01:00 INFO : 1 points above threshold
2026-09-06T19:42:38.315+01:00 INFO : Filtering template 43/96 segment 4/5
2026-09-06T19:42:38.315+01:00 INFO : Filtering template 43/96 segment 5/5
2026-09-06T19:42:38.316+01:00 INFO : 43: generating IMRPhenomD from 30.0 Hz
2026-09-06T19:42:38.317+01:00 INFO : Decompressing waveform using inline_linear
2026-09-06T19:42:38.319+01:00 INFO : Filtering template 44/96 segment 1/5
2026-09-06T19:42:38.320+01:00 INFO : 1 points above threshold
2026-09-06T19:42:38.323+01:00 INFO : Filtering template 44/96 segment 2/5
2026-09-06T19:42:38.324+01:00 INFO : Filtering template 44/96 segment 3/5
2026-09-06T19:42:38.324+01:00 INFO : Filtering template 44/96 segment 4/5
2026-09-06T19:42:38.324+01:00 INFO : 1 points above threshold
2026-09-06T19:42:38.327+01:00 INFO : Filtering template 44/96 segment 5/5
2026-09-06T19:42:38.328+01:00 INFO : 44: generating IMRPhenomD from 30.0 Hz
2026-09-06T19:42:38.329+01:00 INFO : Decompressing waveform using inline_linear
2026-09-06T19:42:38.331+01:00 INFO : Filtering template 45/96 segment 1/5
2026-09-06T19:42:38.332+01:00 INFO : 2 points above threshold
2026-09-06T19:42:38.335+01:00 INFO : Filtering template 45/96 segment 2/5
2026-09-06T19:42:38.336+01:00 INFO : 1 points above threshold
2026-09-06T19:42:38.338+01:00 INFO : Filtering template 45/96 segment 3/5
2026-09-06T19:42:38.339+01:00 INFO : 1 points above threshold
2026-09-06T19:42:38.341+01:00 INFO : Filtering template 45/96 segment 4/5
2026-09-06T19:42:38.342+01:00 INFO : Filtering template 45/96 segment 5/5
2026-09-06T19:42:38.343+01:00 INFO : 45: generating IMRPhenomD from 30.0 Hz
2026-09-06T19:42:38.344+01:00 INFO : Decompressing waveform using inline_linear
2026-09-06T19:42:38.346+01:00 INFO : Filtering template 46/96 segment 1/5
2026-09-06T19:42:38.347+01:00 INFO : Filtering template 46/96 segment 2/5
2026-09-06T19:42:38.347+01:00 INFO : Filtering template 46/96 segment 3/5
2026-09-06T19:42:38.347+01:00 INFO : 1 points above threshold
2026-09-06T19:42:38.351+01:00 INFO : Filtering template 46/96 segment 4/5
2026-09-06T19:42:38.351+01:00 INFO : 3 points above threshold
2026-09-06T19:42:38.355+01:00 INFO : Filtering template 46/96 segment 5/5
2026-09-06T19:42:38.355+01:00 INFO : 1 points above threshold
2026-09-06T19:42:38.358+01:00 INFO : 46: generating IMRPhenomD from 30.0 Hz
2026-09-06T19:42:38.359+01:00 INFO : Decompressing waveform using inline_linear
2026-09-06T19:42:38.361+01:00 INFO : Filtering template 47/96 segment 1/5
2026-09-06T19:42:38.362+01:00 INFO : 3 points above threshold
2026-09-06T19:42:38.366+01:00 INFO : Filtering template 47/96 segment 2/5
2026-09-06T19:42:38.367+01:00 INFO : Filtering template 47/96 segment 3/5
2026-09-06T19:42:38.367+01:00 INFO : 2 points above threshold
2026-09-06T19:42:38.370+01:00 INFO : Filtering template 47/96 segment 4/5
2026-09-06T19:42:38.371+01:00 INFO : 1 points above threshold
2026-09-06T19:42:38.373+01:00 INFO : Filtering template 47/96 segment 5/5
2026-09-06T19:42:38.374+01:00 INFO : 1 points above threshold
2026-09-06T19:42:38.377+01:00 INFO : 47: generating IMRPhenomD from 30.0 Hz
2026-09-06T19:42:38.378+01:00 INFO : Decompressing waveform using inline_linear
2026-09-06T19:42:38.380+01:00 INFO : Filtering template 48/96 segment 1/5
2026-09-06T19:42:38.381+01:00 INFO : 3 points above threshold
2026-09-06T19:42:38.385+01:00 INFO : Filtering template 48/96 segment 2/5
2026-09-06T19:42:38.385+01:00 INFO : 1 points above threshold
2026-09-06T19:42:38.388+01:00 INFO : Filtering template 48/96 segment 3/5
2026-09-06T19:42:38.388+01:00 INFO : 1 points above threshold
2026-09-06T19:42:38.391+01:00 INFO : Filtering template 48/96 segment 4/5
2026-09-06T19:42:38.391+01:00 INFO : 2 points above threshold
2026-09-06T19:42:38.395+01:00 INFO : Filtering template 48/96 segment 5/5
2026-09-06T19:42:38.395+01:00 INFO : 1 points above threshold
2026-09-06T19:42:38.398+01:00 INFO : 48: generating IMRPhenomD from 30.0 Hz
2026-09-06T19:42:38.399+01:00 INFO : Decompressing waveform using inline_linear
2026-09-06T19:42:38.401+01:00 INFO : Filtering template 49/96 segment 1/5
2026-09-06T19:42:38.402+01:00 INFO : 1 points above threshold
2026-09-06T19:42:38.405+01:00 INFO : Filtering template 49/96 segment 2/5
2026-09-06T19:42:38.406+01:00 INFO : 1 points above threshold
2026-09-06T19:42:38.408+01:00 INFO : Filtering template 49/96 segment 3/5
2026-09-06T19:42:38.409+01:00 INFO : 2 points above threshold
2026-09-06T19:42:38.412+01:00 INFO : Filtering template 49/96 segment 4/5
2026-09-06T19:42:38.413+01:00 INFO : Filtering template 49/96 segment 5/5
2026-09-06T19:42:38.414+01:00 INFO : 49: generating IMRPhenomD from 30.0 Hz
2026-09-06T19:42:38.415+01:00 INFO : Decompressing waveform using inline_linear
2026-09-06T19:42:38.417+01:00 INFO : Filtering template 50/96 segment 1/5
2026-09-06T19:42:38.417+01:00 INFO : Filtering template 50/96 segment 2/5
2026-09-06T19:42:38.418+01:00 INFO : 2 points above threshold
2026-09-06T19:42:38.422+01:00 INFO : Filtering template 50/96 segment 3/5
2026-09-06T19:42:38.423+01:00 INFO : 4 points above threshold
2026-09-06T19:42:38.426+01:00 INFO : Filtering template 50/96 segment 4/5
2026-09-06T19:42:38.427+01:00 INFO : 2 points above threshold
2026-09-06T19:42:38.430+01:00 INFO : Filtering template 50/96 segment 5/5
2026-09-06T19:42:38.431+01:00 INFO : 50: generating IMRPhenomD from 30.0 Hz
2026-09-06T19:42:38.432+01:00 INFO : Decompressing waveform using inline_linear
2026-09-06T19:42:38.434+01:00 INFO : Filtering template 51/96 segment 1/5
2026-09-06T19:42:38.435+01:00 INFO : 1 points above threshold
2026-09-06T19:42:38.438+01:00 INFO : Filtering template 51/96 segment 2/5
2026-09-06T19:42:38.438+01:00 INFO : 1 points above threshold
2026-09-06T19:42:38.441+01:00 INFO : Filtering template 51/96 segment 3/5
2026-09-06T19:42:38.441+01:00 INFO : Filtering template 51/96 segment 4/5
2026-09-06T19:42:38.442+01:00 INFO : 1 points above threshold
2026-09-06T19:42:38.444+01:00 INFO : Filtering template 51/96 segment 5/5
2026-09-06T19:42:38.445+01:00 INFO : 2 points above threshold
2026-09-06T19:42:38.449+01:00 INFO : 51: generating IMRPhenomD from 30.0 Hz
2026-09-06T19:42:38.450+01:00 INFO : Decompressing waveform using inline_linear
2026-09-06T19:42:38.452+01:00 INFO : Filtering template 52/96 segment 1/5
2026-09-06T19:42:38.453+01:00 INFO : 1 points above threshold
2026-09-06T19:42:38.456+01:00 INFO : Filtering template 52/96 segment 2/5
2026-09-06T19:42:38.456+01:00 INFO : 1 points above threshold
2026-09-06T19:42:38.459+01:00 INFO : Filtering template 52/96 segment 3/5
2026-09-06T19:42:38.459+01:00 INFO : Filtering template 52/96 segment 4/5
2026-09-06T19:42:38.460+01:00 INFO : 3 points above threshold
2026-09-06T19:42:38.463+01:00 INFO : Filtering template 52/96 segment 5/5
2026-09-06T19:42:38.464+01:00 INFO : 1 points above threshold
2026-09-06T19:42:38.467+01:00 INFO : 52: generating IMRPhenomD from 30.0 Hz
2026-09-06T19:42:38.468+01:00 INFO : Decompressing waveform using inline_linear
2026-09-06T19:42:38.470+01:00 INFO : Filtering template 53/96 segment 1/5
2026-09-06T19:42:38.471+01:00 INFO : 3 points above threshold
2026-09-06T19:42:38.475+01:00 INFO : Filtering template 53/96 segment 2/5
2026-09-06T19:42:38.475+01:00 INFO : 2 points above threshold
2026-09-06T19:42:38.479+01:00 INFO : Filtering template 53/96 segment 3/5
2026-09-06T19:42:38.479+01:00 INFO : 2 points above threshold
2026-09-06T19:42:38.483+01:00 INFO : Filtering template 53/96 segment 4/5
2026-09-06T19:42:38.483+01:00 INFO : 1 points above threshold
2026-09-06T19:42:38.486+01:00 INFO : Filtering template 53/96 segment 5/5
2026-09-06T19:42:38.486+01:00 INFO : 1 points above threshold
2026-09-06T19:42:38.489+01:00 INFO : 53: generating IMRPhenomD from 30.0 Hz
2026-09-06T19:42:38.491+01:00 INFO : Decompressing waveform using inline_linear
2026-09-06T19:42:38.492+01:00 INFO : Filtering template 54/96 segment 1/5
2026-09-06T19:42:38.493+01:00 INFO : Filtering template 54/96 segment 2/5
2026-09-06T19:42:38.494+01:00 INFO : Filtering template 54/96 segment 3/5
2026-09-06T19:42:38.494+01:00 INFO : 2 points above threshold
2026-09-06T19:42:38.497+01:00 INFO : Filtering template 54/96 segment 4/5
2026-09-06T19:42:38.498+01:00 INFO : 5 points above threshold
2026-09-06T19:42:38.500+01:00 INFO : Filtering template 54/96 segment 5/5
2026-09-06T19:42:38.501+01:00 INFO : 54: generating IMRPhenomD from 30.0 Hz
2026-09-06T19:42:38.502+01:00 INFO : Decompressing waveform using inline_linear
2026-09-06T19:42:38.504+01:00 INFO : Filtering template 55/96 segment 1/5
2026-09-06T19:42:38.505+01:00 INFO : Filtering template 55/96 segment 2/5
2026-09-06T19:42:38.506+01:00 INFO : 1 points above threshold
2026-09-06T19:42:38.509+01:00 INFO : Filtering template 55/96 segment 3/5
2026-09-06T19:42:38.509+01:00 INFO : 3 points above threshold
2026-09-06T19:42:38.513+01:00 INFO : Filtering template 55/96 segment 4/5
2026-09-06T19:42:38.513+01:00 INFO : 1 points above threshold
2026-09-06T19:42:38.515+01:00 INFO : Filtering template 55/96 segment 5/5
2026-09-06T19:42:38.516+01:00 INFO : 1 points above threshold
2026-09-06T19:42:38.519+01:00 INFO : 55: generating IMRPhenomD from 30.0 Hz
2026-09-06T19:42:38.520+01:00 INFO : Decompressing waveform using inline_linear
2026-09-06T19:42:38.522+01:00 INFO : Filtering template 56/96 segment 1/5
2026-09-06T19:42:38.523+01:00 INFO : 1 points above threshold
2026-09-06T19:42:38.526+01:00 INFO : Filtering template 56/96 segment 2/5
2026-09-06T19:42:38.526+01:00 INFO : 1 points above threshold
2026-09-06T19:42:38.529+01:00 INFO : Filtering template 56/96 segment 3/5
2026-09-06T19:42:38.529+01:00 INFO : 3 points above threshold
2026-09-06T19:42:38.533+01:00 INFO : Filtering template 56/96 segment 4/5
2026-09-06T19:42:38.533+01:00 INFO : Filtering template 56/96 segment 5/5
2026-09-06T19:42:38.534+01:00 INFO : 1 points above threshold
2026-09-06T19:42:38.537+01:00 INFO : 56: generating IMRPhenomD from 30.0 Hz
2026-09-06T19:42:38.538+01:00 INFO : Decompressing waveform using inline_linear
2026-09-06T19:42:38.540+01:00 INFO : Filtering template 57/96 segment 1/5
2026-09-06T19:42:38.541+01:00 INFO : 1 points above threshold
2026-09-06T19:42:38.544+01:00 INFO : Filtering template 57/96 segment 2/5
2026-09-06T19:42:38.544+01:00 INFO : 2 points above threshold
2026-09-06T19:42:38.548+01:00 INFO : Filtering template 57/96 segment 3/5
2026-09-06T19:42:38.548+01:00 INFO : 2 points above threshold
2026-09-06T19:42:38.552+01:00 INFO : Filtering template 57/96 segment 4/5
2026-09-06T19:42:38.552+01:00 INFO : 2 points above threshold
2026-09-06T19:42:38.556+01:00 INFO : Filtering template 57/96 segment 5/5
2026-09-06T19:42:38.557+01:00 INFO : 57: generating IMRPhenomD from 30.0 Hz
2026-09-06T19:42:38.558+01:00 INFO : Decompressing waveform using inline_linear
2026-09-06T19:42:38.560+01:00 INFO : Filtering template 58/96 segment 1/5
2026-09-06T19:42:38.560+01:00 INFO : 1 points above threshold
2026-09-06T19:42:38.564+01:00 INFO : Filtering template 58/96 segment 2/5
2026-09-06T19:42:38.564+01:00 INFO : 2 points above threshold
2026-09-06T19:42:38.568+01:00 INFO : Filtering template 58/96 segment 3/5
2026-09-06T19:42:38.568+01:00 INFO : 1 points above threshold
2026-09-06T19:42:38.570+01:00 INFO : Filtering template 58/96 segment 4/5
2026-09-06T19:42:38.571+01:00 INFO : 1 points above threshold
2026-09-06T19:42:38.573+01:00 INFO : Filtering template 58/96 segment 5/5
2026-09-06T19:42:38.574+01:00 INFO : 2 points above threshold
2026-09-06T19:42:38.578+01:00 INFO : 58: generating IMRPhenomD from 30.0 Hz
2026-09-06T19:42:38.579+01:00 INFO : Decompressing waveform using inline_linear
2026-09-06T19:42:38.581+01:00 INFO : Filtering template 59/96 segment 1/5
2026-09-06T19:42:38.582+01:00 INFO : 1 points above threshold
2026-09-06T19:42:38.585+01:00 INFO : Filtering template 59/96 segment 2/5
2026-09-06T19:42:38.585+01:00 INFO : 2 points above threshold
2026-09-06T19:42:38.589+01:00 INFO : Filtering template 59/96 segment 3/5
2026-09-06T19:42:38.589+01:00 INFO : 2 points above threshold
2026-09-06T19:42:38.593+01:00 INFO : Filtering template 59/96 segment 4/5
2026-09-06T19:42:38.593+01:00 INFO : 1 points above threshold
2026-09-06T19:42:38.596+01:00 INFO : Filtering template 59/96 segment 5/5
2026-09-06T19:42:38.597+01:00 INFO : 59: generating IMRPhenomD from 30.0 Hz
2026-09-06T19:42:38.598+01:00 INFO : Decompressing waveform using inline_linear
2026-09-06T19:42:38.600+01:00 INFO : Filtering template 60/96 segment 1/5
2026-09-06T19:42:38.601+01:00 INFO : Filtering template 60/96 segment 2/5
2026-09-06T19:42:38.601+01:00 INFO : Filtering template 60/96 segment 3/5
2026-09-06T19:42:38.602+01:00 INFO : 1 points above threshold
2026-09-06T19:42:38.605+01:00 INFO : Filtering template 60/96 segment 4/5
2026-09-06T19:42:38.605+01:00 INFO : 2 points above threshold
2026-09-06T19:42:38.609+01:00 INFO : Filtering template 60/96 segment 5/5
2026-09-06T19:42:38.610+01:00 INFO : 60: generating IMRPhenomD from 30.0 Hz
2026-09-06T19:42:38.611+01:00 INFO : Decompressing waveform using inline_linear
2026-09-06T19:42:38.613+01:00 INFO : Filtering template 61/96 segment 1/5
2026-09-06T19:42:38.614+01:00 INFO : Filtering template 61/96 segment 2/5
2026-09-06T19:42:38.614+01:00 INFO : 2 points above threshold
2026-09-06T19:42:38.687+01:00 INFO : Filtering template 61/96 segment 3/5
2026-09-06T19:42:38.688+01:00 INFO : 1 points above threshold
2026-09-06T19:42:38.744+01:00 INFO : Filtering template 61/96 segment 4/5
2026-09-06T19:42:38.745+01:00 INFO : 1 points above threshold
2026-09-06T19:42:38.801+01:00 INFO : Filtering template 61/96 segment 5/5
2026-09-06T19:42:38.802+01:00 INFO : 61: generating IMRPhenomD from 30.0 Hz
2026-09-06T19:42:38.803+01:00 INFO : Decompressing waveform using inline_linear
2026-09-06T19:42:38.805+01:00 INFO : Filtering template 62/96 segment 1/5
2026-09-06T19:42:38.806+01:00 INFO : 2 points above threshold
2026-09-06T19:42:38.811+01:00 INFO : Filtering template 62/96 segment 2/5
2026-09-06T19:42:38.811+01:00 INFO : Filtering template 62/96 segment 3/5
2026-09-06T19:42:38.812+01:00 INFO : Filtering template 62/96 segment 4/5
2026-09-06T19:42:38.812+01:00 INFO : 5 points above threshold
2026-09-06T19:42:38.816+01:00 INFO : Filtering template 62/96 segment 5/5
2026-09-06T19:42:38.816+01:00 INFO : 62: generating IMRPhenomD from 30.0 Hz
2026-09-06T19:42:38.818+01:00 INFO : Decompressing waveform using inline_linear
2026-09-06T19:42:38.819+01:00 INFO : Filtering template 63/96 segment 1/5
2026-09-06T19:42:38.820+01:00 INFO : Filtering template 63/96 segment 2/5
2026-09-06T19:42:38.821+01:00 INFO : 1 points above threshold
2026-09-06T19:42:38.824+01:00 INFO : Filtering template 63/96 segment 3/5
2026-09-06T19:42:38.824+01:00 INFO : 2 points above threshold
2026-09-06T19:42:38.828+01:00 INFO : Filtering template 63/96 segment 4/5
2026-09-06T19:42:38.828+01:00 INFO : 1 points above threshold
2026-09-06T19:42:38.831+01:00 INFO : Filtering template 63/96 segment 5/5
2026-09-06T19:42:38.831+01:00 INFO : 1 points above threshold
2026-09-06T19:42:38.834+01:00 INFO : 63: generating IMRPhenomD from 30.0 Hz
2026-09-06T19:42:38.835+01:00 INFO : Decompressing waveform using inline_linear
2026-09-06T19:42:38.837+01:00 INFO : Filtering template 64/96 segment 1/5
2026-09-06T19:42:38.838+01:00 INFO : 2 points above threshold
2026-09-06T19:42:38.842+01:00 INFO : Filtering template 64/96 segment 2/5
2026-09-06T19:42:38.843+01:00 INFO : 1 points above threshold
2026-09-06T19:42:38.845+01:00 INFO : Filtering template 64/96 segment 3/5
2026-09-06T19:42:38.845+01:00 INFO : Filtering template 64/96 segment 4/5
2026-09-06T19:42:38.846+01:00 INFO : Filtering template 64/96 segment 5/5
2026-09-06T19:42:38.847+01:00 INFO : 64: generating IMRPhenomD from 30.0 Hz
2026-09-06T19:42:38.848+01:00 INFO : Decompressing waveform using inline_linear
2026-09-06T19:42:38.850+01:00 INFO : Filtering template 65/96 segment 1/5
2026-09-06T19:42:38.851+01:00 INFO : 2 points above threshold
2026-09-06T19:42:38.854+01:00 INFO : Filtering template 65/96 segment 2/5
2026-09-06T19:42:38.855+01:00 INFO : 2 points above threshold
2026-09-06T19:42:38.858+01:00 INFO : Filtering template 65/96 segment 3/5
2026-09-06T19:42:38.859+01:00 INFO : 1 points above threshold
2026-09-06T19:42:38.861+01:00 INFO : Filtering template 65/96 segment 4/5
2026-09-06T19:42:38.862+01:00 INFO : 2 points above threshold
2026-09-06T19:42:38.865+01:00 INFO : Filtering template 65/96 segment 5/5
2026-09-06T19:42:38.866+01:00 INFO : 65: generating IMRPhenomD from 30.0 Hz
2026-09-06T19:42:38.867+01:00 INFO : Decompressing waveform using inline_linear
2026-09-06T19:42:38.869+01:00 INFO : Filtering template 66/96 segment 1/5
2026-09-06T19:42:38.870+01:00 INFO : 1 points above threshold
2026-09-06T19:42:38.873+01:00 INFO : Filtering template 66/96 segment 2/5
2026-09-06T19:42:38.873+01:00 INFO : 1 points above threshold
2026-09-06T19:42:38.876+01:00 INFO : Filtering template 66/96 segment 3/5
2026-09-06T19:42:38.876+01:00 INFO : 2 points above threshold
2026-09-06T19:42:38.879+01:00 INFO : Filtering template 66/96 segment 4/5
2026-09-06T19:42:38.880+01:00 INFO : 1 points above threshold
2026-09-06T19:42:38.882+01:00 INFO : Filtering template 66/96 segment 5/5
2026-09-06T19:42:38.883+01:00 INFO : 66: generating IMRPhenomD from 30.0 Hz
2026-09-06T19:42:38.884+01:00 INFO : Decompressing waveform using inline_linear
2026-09-06T19:42:38.886+01:00 INFO : Filtering template 67/96 segment 1/5
2026-09-06T19:42:38.887+01:00 INFO : 3 points above threshold
2026-09-06T19:42:38.891+01:00 INFO : Filtering template 67/96 segment 2/5
2026-09-06T19:42:38.891+01:00 INFO : Filtering template 67/96 segment 3/5
2026-09-06T19:42:38.892+01:00 INFO : 1 points above threshold
2026-09-06T19:42:38.894+01:00 INFO : Filtering template 67/96 segment 4/5
2026-09-06T19:42:38.895+01:00 INFO : Filtering template 67/96 segment 5/5
2026-09-06T19:42:38.896+01:00 INFO : 67: generating IMRPhenomD from 30.0 Hz
2026-09-06T19:42:38.897+01:00 INFO : Decompressing waveform using inline_linear
2026-09-06T19:42:38.899+01:00 INFO : Filtering template 68/96 segment 1/5
2026-09-06T19:42:38.900+01:00 INFO : 1 points above threshold
2026-09-06T19:42:38.903+01:00 INFO : Filtering template 68/96 segment 2/5
2026-09-06T19:42:38.903+01:00 INFO : 1 points above threshold
2026-09-06T19:42:38.906+01:00 INFO : Filtering template 68/96 segment 3/5
2026-09-06T19:42:38.906+01:00 INFO : 1 points above threshold
2026-09-06T19:42:38.909+01:00 INFO : Filtering template 68/96 segment 4/5
2026-09-06T19:42:38.909+01:00 INFO : 1 points above threshold
2026-09-06T19:42:38.912+01:00 INFO : Filtering template 68/96 segment 5/5
2026-09-06T19:42:38.912+01:00 INFO : 1 points above threshold
2026-09-06T19:42:38.915+01:00 INFO : 68: generating IMRPhenomD from 30.0 Hz
2026-09-06T19:42:38.916+01:00 INFO : Decompressing waveform using inline_linear
2026-09-06T19:42:38.918+01:00 INFO : Filtering template 69/96 segment 1/5
2026-09-06T19:42:38.919+01:00 INFO : Filtering template 69/96 segment 2/5
2026-09-06T19:42:38.920+01:00 INFO : Filtering template 69/96 segment 3/5
2026-09-06T19:42:38.920+01:00 INFO : 1 points above threshold
2026-09-06T19:42:38.923+01:00 INFO : Filtering template 69/96 segment 4/5
2026-09-06T19:42:38.924+01:00 INFO : 2 points above threshold
2026-09-06T19:42:38.927+01:00 INFO : Filtering template 69/96 segment 5/5
2026-09-06T19:42:38.928+01:00 INFO : 69: generating IMRPhenomD from 30.0 Hz
2026-09-06T19:42:38.929+01:00 INFO : Decompressing waveform using inline_linear
2026-09-06T19:42:38.931+01:00 INFO : Filtering template 70/96 segment 1/5
2026-09-06T19:42:38.932+01:00 INFO : 2 points above threshold
2026-09-06T19:42:38.936+01:00 INFO : Filtering template 70/96 segment 2/5
2026-09-06T19:42:38.937+01:00 INFO : 2 points above threshold
2026-09-06T19:42:38.940+01:00 INFO : Filtering template 70/96 segment 3/5
2026-09-06T19:42:38.941+01:00 INFO : Filtering template 70/96 segment 4/5
2026-09-06T19:42:38.941+01:00 INFO : 2 points above threshold
2026-09-06T19:42:38.945+01:00 INFO : Filtering template 70/96 segment 5/5
2026-09-06T19:42:38.945+01:00 INFO : 2 points above threshold
2026-09-06T19:42:38.949+01:00 INFO : 70: generating IMRPhenomD from 30.0 Hz
2026-09-06T19:42:38.950+01:00 INFO : Decompressing waveform using inline_linear
2026-09-06T19:42:38.952+01:00 INFO : Filtering template 71/96 segment 1/5
2026-09-06T19:42:38.953+01:00 INFO : Filtering template 71/96 segment 2/5
2026-09-06T19:42:38.953+01:00 INFO : 1 points above threshold
2026-09-06T19:42:38.956+01:00 INFO : Filtering template 71/96 segment 3/5
2026-09-06T19:42:38.957+01:00 INFO : 1 points above threshold
2026-09-06T19:42:38.959+01:00 INFO : Filtering template 71/96 segment 4/5
2026-09-06T19:42:38.960+01:00 INFO : 3 points above threshold
2026-09-06T19:42:38.963+01:00 INFO : Filtering template 71/96 segment 5/5
2026-09-06T19:42:38.964+01:00 INFO : 71: generating IMRPhenomD from 30.0 Hz
2026-09-06T19:42:38.965+01:00 INFO : Decompressing waveform using inline_linear
2026-09-06T19:42:38.967+01:00 INFO : Filtering template 72/96 segment 1/5
2026-09-06T19:42:38.968+01:00 INFO : 2 points above threshold
2026-09-06T19:42:38.972+01:00 INFO : Filtering template 72/96 segment 2/5
2026-09-06T19:42:38.973+01:00 INFO : 1 points above threshold
2026-09-06T19:42:38.975+01:00 INFO : Filtering template 72/96 segment 3/5
2026-09-06T19:42:38.975+01:00 INFO : 1 points above threshold
2026-09-06T19:42:38.978+01:00 INFO : Filtering template 72/96 segment 4/5
2026-09-06T19:42:38.978+01:00 INFO : 3 points above threshold
2026-09-06T19:42:38.982+01:00 INFO : Filtering template 72/96 segment 5/5
2026-09-06T19:42:38.982+01:00 INFO : 3 points above threshold
2026-09-06T19:42:38.986+01:00 INFO : 72: generating IMRPhenomD from 30.0 Hz
2026-09-06T19:42:38.987+01:00 INFO : Decompressing waveform using inline_linear
2026-09-06T19:42:38.989+01:00 INFO : Filtering template 73/96 segment 1/5
2026-09-06T19:42:38.990+01:00 INFO : 1 points above threshold
2026-09-06T19:42:38.993+01:00 INFO : Filtering template 73/96 segment 2/5
2026-09-06T19:42:38.994+01:00 INFO : 1 points above threshold
2026-09-06T19:42:38.996+01:00 INFO : Filtering template 73/96 segment 3/5
2026-09-06T19:42:38.996+01:00 INFO : 1 points above threshold
2026-09-06T19:42:38.999+01:00 INFO : Filtering template 73/96 segment 4/5
2026-09-06T19:42:38.999+01:00 INFO : Filtering template 73/96 segment 5/5
2026-09-06T19:42:39.000+01:00 INFO : 1 points above threshold
2026-09-06T19:42:39.003+01:00 INFO : 73: generating IMRPhenomD from 30.0 Hz
2026-09-06T19:42:39.004+01:00 INFO : Decompressing waveform using inline_linear
2026-09-06T19:42:39.006+01:00 INFO : Filtering template 74/96 segment 1/5
2026-09-06T19:42:39.007+01:00 INFO : 3 points above threshold
2026-09-06T19:42:39.011+01:00 INFO : Filtering template 74/96 segment 2/5
2026-09-06T19:42:39.011+01:00 INFO : 3 points above threshold
2026-09-06T19:42:39.015+01:00 INFO : Filtering template 74/96 segment 3/5
2026-09-06T19:42:39.016+01:00 INFO : Filtering template 74/96 segment 4/5
2026-09-06T19:42:39.016+01:00 INFO : 1 points above threshold
2026-09-06T19:42:39.019+01:00 INFO : Filtering template 74/96 segment 5/5
2026-09-06T19:42:39.019+01:00 INFO : 74: generating IMRPhenomD from 30.0 Hz
2026-09-06T19:42:39.021+01:00 INFO : Decompressing waveform using inline_linear
2026-09-06T19:42:39.022+01:00 INFO : Filtering template 75/96 segment 1/5
2026-09-06T19:42:39.023+01:00 INFO : Filtering template 75/96 segment 2/5
2026-09-06T19:42:39.024+01:00 INFO : 1 points above threshold
2026-09-06T19:42:39.027+01:00 INFO : Filtering template 75/96 segment 3/5
2026-09-06T19:42:39.027+01:00 INFO : 2 points above threshold
2026-09-06T19:42:39.031+01:00 INFO : Filtering template 75/96 segment 4/5
2026-09-06T19:42:39.031+01:00 INFO : Filtering template 75/96 segment 5/5
2026-09-06T19:42:39.032+01:00 INFO : 2 points above threshold
2026-09-06T19:42:39.036+01:00 INFO : 75: generating IMRPhenomD from 30.0 Hz
2026-09-06T19:42:39.037+01:00 INFO : Decompressing waveform using inline_linear
2026-09-06T19:42:39.038+01:00 INFO : Filtering template 76/96 segment 1/5
2026-09-06T19:42:39.039+01:00 INFO : 1 points above threshold
2026-09-06T19:42:39.042+01:00 INFO : Filtering template 76/96 segment 2/5
2026-09-06T19:42:39.043+01:00 INFO : Filtering template 76/96 segment 3/5
2026-09-06T19:42:39.043+01:00 INFO : 1 points above threshold
2026-09-06T19:42:39.046+01:00 INFO : Filtering template 76/96 segment 4/5
2026-09-06T19:42:39.046+01:00 INFO : Filtering template 76/96 segment 5/5
2026-09-06T19:42:39.047+01:00 INFO : 2 points above threshold
2026-09-06T19:42:39.051+01:00 INFO : 76: generating IMRPhenomD from 30.0 Hz
2026-09-06T19:42:39.052+01:00 INFO : Decompressing waveform using inline_linear
2026-09-06T19:42:39.054+01:00 INFO : Filtering template 77/96 segment 1/5
2026-09-06T19:42:39.054+01:00 INFO : Filtering template 77/96 segment 2/5
2026-09-06T19:42:39.055+01:00 INFO : 1 points above threshold
2026-09-06T19:42:39.058+01:00 INFO : Filtering template 77/96 segment 3/5
2026-09-06T19:42:39.058+01:00 INFO : Filtering template 77/96 segment 4/5
2026-09-06T19:42:39.059+01:00 INFO : 1 points above threshold
2026-09-06T19:42:39.061+01:00 INFO : Filtering template 77/96 segment 5/5
2026-09-06T19:42:39.062+01:00 INFO : 77: generating IMRPhenomD from 30.0 Hz
2026-09-06T19:42:39.063+01:00 INFO : Decompressing waveform using inline_linear
2026-09-06T19:42:39.065+01:00 INFO : Filtering template 78/96 segment 1/5
2026-09-06T19:42:39.066+01:00 INFO : Filtering template 78/96 segment 2/5
2026-09-06T19:42:39.066+01:00 INFO : Filtering template 78/96 segment 3/5
2026-09-06T19:42:39.067+01:00 INFO : Filtering template 78/96 segment 4/5
2026-09-06T19:42:39.067+01:00 INFO : 1 points above threshold
2026-09-06T19:42:39.070+01:00 INFO : Filtering template 78/96 segment 5/5
2026-09-06T19:42:39.071+01:00 INFO : 78: generating IMRPhenomD from 30.0 Hz
2026-09-06T19:42:39.072+01:00 INFO : Decompressing waveform using inline_linear
2026-09-06T19:42:39.074+01:00 INFO : Filtering template 79/96 segment 1/5
2026-09-06T19:42:39.075+01:00 INFO : 2 points above threshold
2026-09-06T19:42:39.079+01:00 INFO : Filtering template 79/96 segment 2/5
2026-09-06T19:42:39.079+01:00 INFO : Filtering template 79/96 segment 3/5
2026-09-06T19:42:39.079+01:00 INFO : 1 points above threshold
2026-09-06T19:42:39.082+01:00 INFO : Filtering template 79/96 segment 4/5
2026-09-06T19:42:39.082+01:00 INFO : 1 points above threshold
2026-09-06T19:42:39.085+01:00 INFO : Filtering template 79/96 segment 5/5
2026-09-06T19:42:39.085+01:00 INFO : 3 points above threshold
2026-09-06T19:42:39.089+01:00 INFO : 79: generating IMRPhenomD from 30.0 Hz
2026-09-06T19:42:39.090+01:00 INFO : Decompressing waveform using inline_linear
2026-09-06T19:42:39.092+01:00 INFO : Filtering template 80/96 segment 1/5
2026-09-06T19:42:39.093+01:00 INFO : 2 points above threshold
2026-09-06T19:42:39.097+01:00 INFO : Filtering template 80/96 segment 2/5
2026-09-06T19:42:39.097+01:00 INFO : 1 points above threshold
2026-09-06T19:42:39.099+01:00 INFO : Filtering template 80/96 segment 3/5
2026-09-06T19:42:39.100+01:00 INFO : 1 points above threshold
2026-09-06T19:42:39.102+01:00 INFO : Filtering template 80/96 segment 4/5
2026-09-06T19:42:39.103+01:00 INFO : Filtering template 80/96 segment 5/5
2026-09-06T19:42:39.103+01:00 INFO : 1 points above threshold
2026-09-06T19:42:39.106+01:00 INFO : 80: generating IMRPhenomD from 30.0 Hz
2026-09-06T19:42:39.107+01:00 INFO : Decompressing waveform using inline_linear
2026-09-06T19:42:39.109+01:00 INFO : Filtering template 81/96 segment 1/5
2026-09-06T19:42:39.110+01:00 INFO : 1 points above threshold
2026-09-06T19:42:39.113+01:00 INFO : Filtering template 81/96 segment 2/5
2026-09-06T19:42:39.114+01:00 INFO : 2 points above threshold
2026-09-06T19:42:39.117+01:00 INFO : Filtering template 81/96 segment 3/5
2026-09-06T19:42:39.118+01:00 INFO : 1 points above threshold
2026-09-06T19:42:39.120+01:00 INFO : Filtering template 81/96 segment 4/5
2026-09-06T19:42:39.121+01:00 INFO : Filtering template 81/96 segment 5/5
2026-09-06T19:42:39.121+01:00 INFO : 1 points above threshold
2026-09-06T19:42:39.124+01:00 INFO : 81: generating IMRPhenomD from 30.0 Hz
2026-09-06T19:42:39.125+01:00 INFO : Decompressing waveform using inline_linear
2026-09-06T19:42:39.127+01:00 INFO : Filtering template 82/96 segment 1/5
2026-09-06T19:42:39.128+01:00 INFO : Filtering template 82/96 segment 2/5
2026-09-06T19:42:39.128+01:00 INFO : 2 points above threshold
2026-09-06T19:42:39.133+01:00 INFO : Filtering template 82/96 segment 3/5
2026-09-06T19:42:39.133+01:00 INFO : 1 points above threshold
2026-09-06T19:42:39.135+01:00 INFO : Filtering template 82/96 segment 4/5
2026-09-06T19:42:39.136+01:00 INFO : Filtering template 82/96 segment 5/5
2026-09-06T19:42:39.137+01:00 INFO : 82: generating IMRPhenomD from 30.0 Hz
2026-09-06T19:42:39.138+01:00 INFO : Decompressing waveform using inline_linear
2026-09-06T19:42:39.140+01:00 INFO : Filtering template 83/96 segment 1/5
2026-09-06T19:42:39.141+01:00 INFO : 1 points above threshold
2026-09-06T19:42:39.144+01:00 INFO : Filtering template 83/96 segment 2/5
2026-09-06T19:42:39.144+01:00 INFO : 2 points above threshold
2026-09-06T19:42:39.148+01:00 INFO : Filtering template 83/96 segment 3/5
2026-09-06T19:42:39.148+01:00 INFO : 2 points above threshold
2026-09-06T19:42:39.152+01:00 INFO : Filtering template 83/96 segment 4/5
2026-09-06T19:42:39.152+01:00 INFO : 3 points above threshold
2026-09-06T19:42:39.155+01:00 INFO : Filtering template 83/96 segment 5/5
2026-09-06T19:42:39.156+01:00 INFO : 3 points above threshold
2026-09-06T19:42:39.160+01:00 INFO : 83: generating IMRPhenomD from 30.0 Hz
2026-09-06T19:42:39.161+01:00 INFO : Decompressing waveform using inline_linear
2026-09-06T19:42:39.163+01:00 INFO : Filtering template 84/96 segment 1/5
2026-09-06T19:42:39.164+01:00 INFO : Filtering template 84/96 segment 2/5
2026-09-06T19:42:39.164+01:00 INFO : Filtering template 84/96 segment 3/5
2026-09-06T19:42:39.165+01:00 INFO : 1 points above threshold
2026-09-06T19:42:39.168+01:00 INFO : Filtering template 84/96 segment 4/5
2026-09-06T19:42:39.168+01:00 INFO : 3 points above threshold
2026-09-06T19:42:39.172+01:00 INFO : Filtering template 84/96 segment 5/5
2026-09-06T19:42:39.173+01:00 INFO : 84: generating IMRPhenomD from 30.0 Hz
2026-09-06T19:42:39.174+01:00 INFO : Decompressing waveform using inline_linear
2026-09-06T19:42:39.175+01:00 INFO : Filtering template 85/96 segment 1/5
2026-09-06T19:42:39.176+01:00 INFO : 1 points above threshold
2026-09-06T19:42:39.179+01:00 INFO : Filtering template 85/96 segment 2/5
2026-09-06T19:42:39.180+01:00 INFO : 2 points above threshold
2026-09-06T19:42:39.183+01:00 INFO : Filtering template 85/96 segment 3/5
2026-09-06T19:42:39.184+01:00 INFO : 1 points above threshold
2026-09-06T19:42:39.186+01:00 INFO : Filtering template 85/96 segment 4/5
2026-09-06T19:42:39.187+01:00 INFO : 3 points above threshold
2026-09-06T19:42:39.190+01:00 INFO : Filtering template 85/96 segment 5/5
2026-09-06T19:42:39.191+01:00 INFO : 2 points above threshold
2026-09-06T19:42:39.195+01:00 INFO : 85: generating IMRPhenomD from 30.0 Hz
2026-09-06T19:42:39.196+01:00 INFO : Decompressing waveform using inline_linear
2026-09-06T19:42:39.198+01:00 INFO : Filtering template 86/96 segment 1/5
2026-09-06T19:42:39.199+01:00 INFO : 2 points above threshold
2026-09-06T19:42:39.203+01:00 INFO : Filtering template 86/96 segment 2/5
2026-09-06T19:42:39.203+01:00 INFO : 2 points above threshold
2026-09-06T19:42:39.207+01:00 INFO : Filtering template 86/96 segment 3/5
2026-09-06T19:42:39.207+01:00 INFO : 1 points above threshold
2026-09-06T19:42:39.210+01:00 INFO : Filtering template 86/96 segment 4/5
2026-09-06T19:42:39.210+01:00 INFO : 1 points above threshold
2026-09-06T19:42:39.213+01:00 INFO : Filtering template 86/96 segment 5/5
2026-09-06T19:42:39.213+01:00 INFO : 2 points above threshold
2026-09-06T19:42:39.217+01:00 INFO : 86: generating IMRPhenomD from 30.0 Hz
2026-09-06T19:42:39.219+01:00 INFO : Decompressing waveform using inline_linear
2026-09-06T19:42:39.220+01:00 INFO : Filtering template 87/96 segment 1/5
2026-09-06T19:42:39.221+01:00 INFO : 1 points above threshold
2026-09-06T19:42:39.224+01:00 INFO : Filtering template 87/96 segment 2/5
2026-09-06T19:42:39.225+01:00 INFO : 2 points above threshold
2026-09-06T19:42:39.228+01:00 INFO : Filtering template 87/96 segment 3/5
2026-09-06T19:42:39.229+01:00 INFO : 1 points above threshold
2026-09-06T19:42:39.231+01:00 INFO : Filtering template 87/96 segment 4/5
2026-09-06T19:42:39.232+01:00 INFO : 1 points above threshold
2026-09-06T19:42:39.234+01:00 INFO : Filtering template 87/96 segment 5/5
2026-09-06T19:42:39.235+01:00 INFO : 1 points above threshold
2026-09-06T19:42:39.238+01:00 INFO : 87: generating IMRPhenomD from 30.0 Hz
2026-09-06T19:42:39.239+01:00 INFO : Decompressing waveform using inline_linear
2026-09-06T19:42:39.241+01:00 INFO : Filtering template 88/96 segment 1/5
2026-09-06T19:42:39.242+01:00 INFO : 2 points above threshold
2026-09-06T19:42:39.246+01:00 INFO : Filtering template 88/96 segment 2/5
2026-09-06T19:42:39.246+01:00 INFO : 1 points above threshold
2026-09-06T19:42:39.249+01:00 INFO : Filtering template 88/96 segment 3/5
2026-09-06T19:42:39.249+01:00 INFO : Filtering template 88/96 segment 4/5
2026-09-06T19:42:39.250+01:00 INFO : Filtering template 88/96 segment 5/5
2026-09-06T19:42:39.250+01:00 INFO : 2 points above threshold
2026-09-06T19:42:39.254+01:00 INFO : 88: generating IMRPhenomD from 30.0 Hz
2026-09-06T19:42:39.255+01:00 INFO : Decompressing waveform using inline_linear
2026-09-06T19:42:39.257+01:00 INFO : Filtering template 89/96 segment 1/5
2026-09-06T19:42:39.258+01:00 INFO : 2 points above threshold
2026-09-06T19:42:39.262+01:00 INFO : Filtering template 89/96 segment 2/5
2026-09-06T19:42:39.263+01:00 INFO : 1 points above threshold
2026-09-06T19:42:39.265+01:00 INFO : Filtering template 89/96 segment 3/5
2026-09-06T19:42:39.265+01:00 INFO : 2 points above threshold
2026-09-06T19:42:39.269+01:00 INFO : Filtering template 89/96 segment 4/5
2026-09-06T19:42:39.269+01:00 INFO : Filtering template 89/96 segment 5/5
2026-09-06T19:42:39.270+01:00 INFO : 89: generating IMRPhenomD from 30.0 Hz
2026-09-06T19:42:39.271+01:00 INFO : Decompressing waveform using inline_linear
2026-09-06T19:42:39.273+01:00 INFO : Filtering template 90/96 segment 1/5
2026-09-06T19:42:39.274+01:00 INFO : Filtering template 90/96 segment 2/5
2026-09-06T19:42:39.275+01:00 INFO : 1 points above threshold
2026-09-06T19:42:39.278+01:00 INFO : Filtering template 90/96 segment 3/5
2026-09-06T19:42:39.278+01:00 INFO : 3 points above threshold
2026-09-06T19:42:39.282+01:00 INFO : Filtering template 90/96 segment 4/5
2026-09-06T19:42:39.282+01:00 INFO : Filtering template 90/96 segment 5/5
2026-09-06T19:42:39.283+01:00 INFO : 1 points above threshold
2026-09-06T19:42:39.286+01:00 INFO : 90: generating IMRPhenomD from 30.0 Hz
2026-09-06T19:42:39.287+01:00 INFO : Decompressing waveform using inline_linear
2026-09-06T19:42:39.288+01:00 INFO : Filtering template 91/96 segment 1/5
2026-09-06T19:42:39.289+01:00 INFO : Filtering template 91/96 segment 2/5
2026-09-06T19:42:39.290+01:00 INFO : 2 points above threshold
2026-09-06T19:42:39.294+01:00 INFO : Filtering template 91/96 segment 3/5
2026-09-06T19:42:39.294+01:00 INFO : 3 points above threshold
2026-09-06T19:42:39.298+01:00 INFO : Filtering template 91/96 segment 4/5
2026-09-06T19:42:39.298+01:00 INFO : Filtering template 91/96 segment 5/5
2026-09-06T19:42:39.299+01:00 INFO : 1 points above threshold
2026-09-06T19:42:39.302+01:00 INFO : 91: generating IMRPhenomD from 30.0 Hz
2026-09-06T19:42:39.303+01:00 INFO : Decompressing waveform using inline_linear
2026-09-06T19:42:39.305+01:00 INFO : Filtering template 92/96 segment 1/5
2026-09-06T19:42:39.305+01:00 INFO : 2 points above threshold
2026-09-06T19:42:39.310+01:00 INFO : Filtering template 92/96 segment 2/5
2026-09-06T19:42:39.310+01:00 INFO : 1 points above threshold
2026-09-06T19:42:39.313+01:00 INFO : Filtering template 92/96 segment 3/5
2026-09-06T19:42:39.313+01:00 INFO : 2 points above threshold
2026-09-06T19:42:39.316+01:00 INFO : Filtering template 92/96 segment 4/5
2026-09-06T19:42:39.317+01:00 INFO : 1 points above threshold
2026-09-06T19:42:39.319+01:00 INFO : Filtering template 92/96 segment 5/5
2026-09-06T19:42:39.320+01:00 INFO : 1 points above threshold
2026-09-06T19:42:39.323+01:00 INFO : 92: generating IMRPhenomD from 30.0 Hz
2026-09-06T19:42:39.324+01:00 INFO : Decompressing waveform using inline_linear
2026-09-06T19:42:39.326+01:00 INFO : Filtering template 93/96 segment 1/5
2026-09-06T19:42:39.327+01:00 INFO : Filtering template 93/96 segment 2/5
2026-09-06T19:42:39.327+01:00 INFO : 3 points above threshold
2026-09-06T19:42:39.331+01:00 INFO : Filtering template 93/96 segment 3/5
2026-09-06T19:42:39.332+01:00 INFO : 3 points above threshold
2026-09-06T19:42:39.335+01:00 INFO : Filtering template 93/96 segment 4/5
2026-09-06T19:42:39.336+01:00 INFO : 1 points above threshold
2026-09-06T19:42:39.338+01:00 INFO : Filtering template 93/96 segment 5/5
2026-09-06T19:42:39.339+01:00 INFO : 1 points above threshold
2026-09-06T19:42:39.342+01:00 INFO : 93: generating IMRPhenomD from 30.0 Hz
2026-09-06T19:42:39.343+01:00 INFO : Decompressing waveform using inline_linear
2026-09-06T19:42:39.345+01:00 INFO : Filtering template 94/96 segment 1/5
2026-09-06T19:42:39.345+01:00 INFO : 1 points above threshold
2026-09-06T19:42:39.348+01:00 INFO : Filtering template 94/96 segment 2/5
2026-09-06T19:42:39.349+01:00 INFO : 2 points above threshold
2026-09-06T19:42:39.353+01:00 INFO : Filtering template 94/96 segment 3/5
2026-09-06T19:42:39.353+01:00 INFO : 4 points above threshold
2026-09-06T19:42:39.357+01:00 INFO : Filtering template 94/96 segment 4/5
2026-09-06T19:42:39.357+01:00 INFO : Filtering template 94/96 segment 5/5
2026-09-06T19:42:39.358+01:00 INFO : 2 points above threshold
2026-09-06T19:42:39.362+01:00 INFO : 94: generating IMRPhenomD from 30.0 Hz
2026-09-06T19:42:39.363+01:00 INFO : Decompressing waveform using inline_linear
2026-09-06T19:42:39.365+01:00 INFO : Filtering template 95/96 segment 1/5
2026-09-06T19:42:39.366+01:00 INFO : 3 points above threshold
2026-09-06T19:42:39.369+01:00 INFO : Filtering template 95/96 segment 2/5
2026-09-06T19:42:39.370+01:00 INFO : 2 points above threshold
2026-09-06T19:42:39.373+01:00 INFO : Filtering template 95/96 segment 3/5
2026-09-06T19:42:39.373+01:00 INFO : 2 points above threshold
2026-09-06T19:42:39.377+01:00 INFO : Filtering template 95/96 segment 4/5
2026-09-06T19:42:39.377+01:00 INFO : 1 points above threshold
2026-09-06T19:42:39.379+01:00 INFO : Filtering template 95/96 segment 5/5
2026-09-06T19:42:39.381+01:00 INFO : 95: generating IMRPhenomD from 30.0 Hz
2026-09-06T19:42:39.382+01:00 INFO : Decompressing waveform using inline_linear
2026-09-06T19:42:39.383+01:00 INFO : Filtering template 96/96 segment 1/5
2026-09-06T19:42:39.384+01:00 INFO : 2 points above threshold
2026-09-06T19:42:39.389+01:00 INFO : Filtering template 96/96 segment 2/5
2026-09-06T19:42:39.389+01:00 INFO : Filtering template 96/96 segment 3/5
2026-09-06T19:42:39.390+01:00 INFO : Filtering template 96/96 segment 4/5
2026-09-06T19:42:39.390+01:00 INFO : 1 points above threshold
2026-09-06T19:42:39.392+01:00 INFO : Filtering template 96/96 segment 5/5
2026-09-06T19:42:39.393+01:00 INFO : We currently have 527 triggers
2026-09-06T19:42:39.393+01:00 INFO : Removing triggers with NewSNR below threshold
2026-09-06T19:42:39.394+01:00 INFO : 475 remaining triggers
2026-09-06T19:42:39.394+01:00 INFO : Outputting 475 triggers
2026-09-06T19:42:39.394+01:00 INFO : Writing out triggers
2026-09-06T19:42:39.404+01:00 INFO : Finished
