No CuPy
No CuPy or GPU PhenomHM module.
No CuPy or GPU response available.
No CuPy or GPU interpolation available.
2026-09-06T19:39:05.862+01:00 INFO : Running with CPU support: 1 threads
2026-09-06T19:39:05.862+01:00 INFO : Reading Frames
2026-09-06T19:39:12.544+01:00 INFO : Highpass Filtering
2026-09-06T19:39:12.995+01:00 INFO : Resampling data
2026-09-06T19:39:13.007+01:00 INFO : Converting to float32
/home/xangma/pycbc-torch-inspiral-reference-20260906/source-v4/pycbc/types/array.py:872: RuntimeWarning: divide by zero encountered in divide
  return self._data.__rtruediv__(other)
2026-09-06T19:39:18.077+01:00 INFO : Highpass Filtering
2026-09-06T19:39:18.567+01:00 INFO : Remove Padding
2026-09-06T19:39:18.708+01:00 INFO : Making frequency-domain data segments
2026-09-06T19:39:21.222+01:00 INFO : Overwhitening frequency-domain data segments
2026-09-06T19:39:21.242+01:00 INFO : Read in template bank
2026-09-06T19:39:21.252+01:00 INFO : Full template bank size: 96
2026-09-06T19:39:21.252+01:00 INFO : Template bank size after thinning: 96
2026-09-06T19:39:21.252+01:00 INFO : 0: generating IMRPhenomD from 30.0 Hz
2026-09-06T19:39:21.255+01:00 INFO : Decompressing waveform using inline_linear
2026-09-06T19:39:21.261+01:00 INFO : Filtering template 1/96 segment 1/5
2026-09-06T19:39:21.307+01:00 INFO : 1 points above threshold
2026-09-06T19:39:21.331+01:00 INFO : Filtering template 1/96 segment 2/5
2026-09-06T19:39:21.349+01:00 INFO : Filtering template 1/96 segment 3/5
2026-09-06T19:39:21.366+01:00 INFO : 1 points above threshold
2026-09-06T19:39:21.371+01:00 INFO : Filtering template 1/96 segment 4/5
2026-09-06T19:39:21.389+01:00 INFO : Filtering template 1/96 segment 5/5
2026-09-06T19:39:21.407+01:00 INFO : 1 points above threshold
2026-09-06T19:39:21.412+01:00 INFO : 1: generating IMRPhenomD from 30.0 Hz
2026-09-06T19:39:21.415+01:00 INFO : Decompressing waveform using inline_linear
2026-09-06T19:39:21.420+01:00 INFO : Filtering template 2/96 segment 1/5
2026-09-06T19:39:21.440+01:00 INFO : 1 points above threshold
2026-09-06T19:39:21.456+01:00 INFO : Filtering template 2/96 segment 2/5
2026-09-06T19:39:21.474+01:00 INFO : 1 points above threshold
2026-09-06T19:39:21.479+01:00 INFO : Filtering template 2/96 segment 3/5
2026-09-06T19:39:21.496+01:00 INFO : 2 points above threshold
2026-09-06T19:39:21.503+01:00 INFO : Filtering template 2/96 segment 4/5
2026-09-06T19:39:21.521+01:00 INFO : Filtering template 2/96 segment 5/5
2026-09-06T19:39:21.538+01:00 INFO : 1 points above threshold
2026-09-06T19:39:21.544+01:00 INFO : 2: generating IMRPhenomD from 30.0 Hz
2026-09-06T19:39:21.547+01:00 INFO : Decompressing waveform using inline_linear
2026-09-06T19:39:21.551+01:00 INFO : Filtering template 3/96 segment 1/5
2026-09-06T19:39:21.571+01:00 INFO : 3 points above threshold
2026-09-06T19:39:21.592+01:00 INFO : Filtering template 3/96 segment 2/5
2026-09-06T19:39:21.609+01:00 INFO : Filtering template 3/96 segment 3/5
2026-09-06T19:39:21.627+01:00 INFO : 1 points above threshold
2026-09-06T19:39:21.632+01:00 INFO : Filtering template 3/96 segment 4/5
2026-09-06T19:39:21.650+01:00 INFO : 1 points above threshold
2026-09-06T19:39:21.655+01:00 INFO : Filtering template 3/96 segment 5/5
2026-09-06T19:39:21.672+01:00 INFO : 3: generating IMRPhenomD from 30.0 Hz
2026-09-06T19:39:21.675+01:00 INFO : Decompressing waveform using inline_linear
2026-09-06T19:39:21.680+01:00 INFO : Filtering template 4/96 segment 1/5
2026-09-06T19:39:21.700+01:00 INFO : 1 points above threshold
2026-09-06T19:39:21.715+01:00 INFO : Filtering template 4/96 segment 2/5
2026-09-06T19:39:21.733+01:00 INFO : 1 points above threshold
2026-09-06T19:39:21.738+01:00 INFO : Filtering template 4/96 segment 3/5
2026-09-06T19:39:21.756+01:00 INFO : 2 points above threshold
2026-09-06T19:39:21.763+01:00 INFO : Filtering template 4/96 segment 4/5
2026-09-06T19:39:21.780+01:00 INFO : 2 points above threshold
2026-09-06T19:39:21.787+01:00 INFO : Filtering template 4/96 segment 5/5
2026-09-06T19:39:21.805+01:00 INFO : 2 points above threshold
2026-09-06T19:39:21.812+01:00 INFO : 4: generating IMRPhenomD from 30.0 Hz
2026-09-06T19:39:21.815+01:00 INFO : Decompressing waveform using inline_linear
2026-09-06T19:39:21.820+01:00 INFO : Filtering template 5/96 segment 1/5
2026-09-06T19:39:21.839+01:00 INFO : 1 points above threshold
2026-09-06T19:39:21.855+01:00 INFO : Filtering template 5/96 segment 2/5
2026-09-06T19:39:21.872+01:00 INFO : 2 points above threshold
2026-09-06T19:39:21.879+01:00 INFO : Filtering template 5/96 segment 3/5
2026-09-06T19:39:21.897+01:00 INFO : 2 points above threshold
2026-09-06T19:39:21.904+01:00 INFO : Filtering template 5/96 segment 4/5
2026-09-06T19:39:21.921+01:00 INFO : 2 points above threshold
2026-09-06T19:39:21.928+01:00 INFO : Filtering template 5/96 segment 5/5
2026-09-06T19:39:21.946+01:00 INFO : 5: generating IMRPhenomD from 30.0 Hz
2026-09-06T19:39:21.949+01:00 INFO : Decompressing waveform using inline_linear
2026-09-06T19:39:21.954+01:00 INFO : Filtering template 6/96 segment 1/5
2026-09-06T19:39:21.973+01:00 INFO : 1 points above threshold
2026-09-06T19:39:21.989+01:00 INFO : Filtering template 6/96 segment 2/5
2026-09-06T19:39:22.006+01:00 INFO : Filtering template 6/96 segment 3/5
2026-09-06T19:39:22.024+01:00 INFO : Filtering template 6/96 segment 4/5
2026-09-06T19:39:22.041+01:00 INFO : Filtering template 6/96 segment 5/5
2026-09-06T19:39:22.059+01:00 INFO : 1 points above threshold
2026-09-06T19:39:22.065+01:00 INFO : 6: generating IMRPhenomD from 30.0 Hz
2026-09-06T19:39:22.067+01:00 INFO : Decompressing waveform using inline_linear
2026-09-06T19:39:22.072+01:00 INFO : Filtering template 7/96 segment 1/5
2026-09-06T19:39:22.092+01:00 INFO : 2 points above threshold
2026-09-06T19:39:22.109+01:00 INFO : Filtering template 7/96 segment 2/5
2026-09-06T19:39:22.127+01:00 INFO : Filtering template 7/96 segment 3/5
2026-09-06T19:39:22.144+01:00 INFO : Filtering template 7/96 segment 4/5
2026-09-06T19:39:22.162+01:00 INFO : 1 points above threshold
2026-09-06T19:39:22.167+01:00 INFO : Filtering template 7/96 segment 5/5
2026-09-06T19:39:22.185+01:00 INFO : 7: generating IMRPhenomD from 30.0 Hz
2026-09-06T19:39:22.188+01:00 INFO : Decompressing waveform using inline_linear
2026-09-06T19:39:22.193+01:00 INFO : Filtering template 8/96 segment 1/5
2026-09-06T19:39:22.212+01:00 INFO : 2 points above threshold
2026-09-06T19:39:22.229+01:00 INFO : Filtering template 8/96 segment 2/5
2026-09-06T19:39:22.247+01:00 INFO : 1 points above threshold
2026-09-06T19:39:22.252+01:00 INFO : Filtering template 8/96 segment 3/5
2026-09-06T19:39:22.270+01:00 INFO : 4 points above threshold
2026-09-06T19:39:22.278+01:00 INFO : Filtering template 8/96 segment 4/5
2026-09-06T19:39:22.296+01:00 INFO : Filtering template 8/96 segment 5/5
2026-09-06T19:39:22.314+01:00 INFO : 8: generating IMRPhenomD from 30.0 Hz
2026-09-06T19:39:22.317+01:00 INFO : Decompressing waveform using inline_linear
2026-09-06T19:39:22.321+01:00 INFO : Filtering template 9/96 segment 1/5
2026-09-06T19:39:22.341+01:00 INFO : Filtering template 9/96 segment 2/5
2026-09-06T19:39:22.359+01:00 INFO : 1 points above threshold
2026-09-06T19:39:22.372+01:00 INFO : Filtering template 9/96 segment 3/5
2026-09-06T19:39:22.390+01:00 INFO : 2 points above threshold
2026-09-06T19:39:22.397+01:00 INFO : Filtering template 9/96 segment 4/5
2026-09-06T19:39:22.414+01:00 INFO : 1 points above threshold
2026-09-06T19:39:22.420+01:00 INFO : Filtering template 9/96 segment 5/5
2026-09-06T19:39:22.437+01:00 INFO : 3 points above threshold
2026-09-06T19:39:22.446+01:00 INFO : 9: generating IMRPhenomD from 30.0 Hz
2026-09-06T19:39:22.449+01:00 INFO : Decompressing waveform using inline_linear
2026-09-06T19:39:22.454+01:00 INFO : Filtering template 10/96 segment 1/5
2026-09-06T19:39:22.474+01:00 INFO : 1 points above threshold
2026-09-06T19:39:22.487+01:00 INFO : Filtering template 10/96 segment 2/5
2026-09-06T19:39:22.505+01:00 INFO : 1 points above threshold
2026-09-06T19:39:22.510+01:00 INFO : Filtering template 10/96 segment 3/5
2026-09-06T19:39:22.527+01:00 INFO : Filtering template 10/96 segment 4/5
2026-09-06T19:39:22.545+01:00 INFO : 2 points above threshold
2026-09-06T19:39:22.552+01:00 INFO : Filtering template 10/96 segment 5/5
2026-09-06T19:39:22.569+01:00 INFO : 1 points above threshold
2026-09-06T19:39:22.575+01:00 INFO : 10: generating IMRPhenomD from 30.0 Hz
2026-09-06T19:39:22.578+01:00 INFO : Decompressing waveform using inline_linear
2026-09-06T19:39:22.582+01:00 INFO : Filtering template 11/96 segment 1/5
2026-09-06T19:39:22.602+01:00 INFO : 4 points above threshold
2026-09-06T19:39:22.619+01:00 INFO : Filtering template 11/96 segment 2/5
2026-09-06T19:39:22.637+01:00 INFO : 2 points above threshold
2026-09-06T19:39:22.644+01:00 INFO : Filtering template 11/96 segment 3/5
2026-09-06T19:39:22.661+01:00 INFO : 1 points above threshold
2026-09-06T19:39:22.666+01:00 INFO : Filtering template 11/96 segment 4/5
2026-09-06T19:39:22.684+01:00 INFO : Filtering template 11/96 segment 5/5
2026-09-06T19:39:22.702+01:00 INFO : 11: generating IMRPhenomD from 30.0 Hz
2026-09-06T19:39:22.705+01:00 INFO : Decompressing waveform using inline_linear
2026-09-06T19:39:22.709+01:00 INFO : Filtering template 12/96 segment 1/5
2026-09-06T19:39:22.729+01:00 INFO : 1 points above threshold
2026-09-06T19:39:22.743+01:00 INFO : Filtering template 12/96 segment 2/5
2026-09-06T19:39:22.760+01:00 INFO : 1 points above threshold
2026-09-06T19:39:22.766+01:00 INFO : Filtering template 12/96 segment 3/5
2026-09-06T19:39:22.783+01:00 INFO : 1 points above threshold
2026-09-06T19:39:22.788+01:00 INFO : Filtering template 12/96 segment 4/5
2026-09-06T19:39:22.806+01:00 INFO : 3 points above threshold
2026-09-06T19:39:22.815+01:00 INFO : Filtering template 12/96 segment 5/5
2026-09-06T19:39:22.833+01:00 INFO : 12: generating IMRPhenomD from 30.0 Hz
2026-09-06T19:39:22.836+01:00 INFO : Decompressing waveform using inline_linear
2026-09-06T19:39:22.841+01:00 INFO : Filtering template 13/96 segment 1/5
2026-09-06T19:39:22.861+01:00 INFO : Filtering template 13/96 segment 2/5
2026-09-06T19:39:22.878+01:00 INFO : 4 points above threshold
2026-09-06T19:39:22.895+01:00 INFO : Filtering template 13/96 segment 3/5
2026-09-06T19:39:22.913+01:00 INFO : Filtering template 13/96 segment 4/5
2026-09-06T19:39:22.931+01:00 INFO : Filtering template 13/96 segment 5/5
2026-09-06T19:39:22.948+01:00 INFO : 1 points above threshold
2026-09-06T19:39:22.953+01:00 INFO : 13: generating IMRPhenomD from 30.0 Hz
2026-09-06T19:39:22.956+01:00 INFO : Decompressing waveform using inline_linear
2026-09-06T19:39:22.961+01:00 INFO : Filtering template 14/96 segment 1/5
2026-09-06T19:39:22.981+01:00 INFO : 1 points above threshold
2026-09-06T19:39:22.994+01:00 INFO : Filtering template 14/96 segment 2/5
2026-09-06T19:39:23.012+01:00 INFO : 2 points above threshold
2026-09-06T19:39:23.019+01:00 INFO : Filtering template 14/96 segment 3/5
2026-09-06T19:39:23.037+01:00 INFO : 3 points above threshold
2026-09-06T19:39:23.046+01:00 INFO : Filtering template 14/96 segment 4/5
2026-09-06T19:39:23.063+01:00 INFO : 2 points above threshold
2026-09-06T19:39:23.070+01:00 INFO : Filtering template 14/96 segment 5/5
2026-09-06T19:39:23.088+01:00 INFO : 14: generating IMRPhenomD from 30.0 Hz
2026-09-06T19:39:23.091+01:00 INFO : Decompressing waveform using inline_linear
2026-09-06T19:39:23.096+01:00 INFO : Filtering template 15/96 segment 1/5
2026-09-06T19:39:23.116+01:00 INFO : 1 points above threshold
2026-09-06T19:39:23.129+01:00 INFO : Filtering template 15/96 segment 2/5
2026-09-06T19:39:23.147+01:00 INFO : Filtering template 15/96 segment 3/5
2026-09-06T19:39:23.164+01:00 INFO : 1 points above threshold
2026-09-06T19:39:23.169+01:00 INFO : Filtering template 15/96 segment 4/5
2026-09-06T19:39:23.187+01:00 INFO : 1 points above threshold
2026-09-06T19:39:23.192+01:00 INFO : Filtering template 15/96 segment 5/5
2026-09-06T19:39:23.210+01:00 INFO : 3 points above threshold
2026-09-06T19:39:23.219+01:00 INFO : 15: generating IMRPhenomD from 30.0 Hz
2026-09-06T19:39:23.222+01:00 INFO : Decompressing waveform using inline_linear
2026-09-06T19:39:23.227+01:00 INFO : Filtering template 16/96 segment 1/5
2026-09-06T19:39:23.246+01:00 INFO : 1 points above threshold
2026-09-06T19:39:23.260+01:00 INFO : Filtering template 16/96 segment 2/5
2026-09-06T19:39:23.277+01:00 INFO : 2 points above threshold
2026-09-06T19:39:23.284+01:00 INFO : Filtering template 16/96 segment 3/5
2026-09-06T19:39:23.302+01:00 INFO : 3 points above threshold
2026-09-06T19:39:23.311+01:00 INFO : Filtering template 16/96 segment 4/5
2026-09-06T19:39:23.328+01:00 INFO : 2 points above threshold
2026-09-06T19:39:23.336+01:00 INFO : Filtering template 16/96 segment 5/5
2026-09-06T19:39:23.354+01:00 INFO : 16: generating IMRPhenomD from 30.0 Hz
2026-09-06T19:39:23.357+01:00 INFO : Decompressing waveform using inline_linear
2026-09-06T19:39:23.361+01:00 INFO : Filtering template 17/96 segment 1/5
2026-09-06T19:39:23.381+01:00 INFO : 2 points above threshold
2026-09-06T19:39:23.398+01:00 INFO : Filtering template 17/96 segment 2/5
2026-09-06T19:39:23.416+01:00 INFO : 3 points above threshold
2026-09-06T19:39:23.425+01:00 INFO : Filtering template 17/96 segment 3/5
2026-09-06T19:39:23.442+01:00 INFO : Filtering template 17/96 segment 4/5
2026-09-06T19:39:23.460+01:00 INFO : 2 points above threshold
2026-09-06T19:39:23.467+01:00 INFO : Filtering template 17/96 segment 5/5
2026-09-06T19:39:23.485+01:00 INFO : 3 points above threshold
2026-09-06T19:39:23.494+01:00 INFO : 17: generating IMRPhenomD from 30.0 Hz
2026-09-06T19:39:23.497+01:00 INFO : Decompressing waveform using inline_linear
2026-09-06T19:39:23.501+01:00 INFO : Filtering template 18/96 segment 1/5
2026-09-06T19:39:23.521+01:00 INFO : Filtering template 18/96 segment 2/5
2026-09-06T19:39:23.539+01:00 INFO : Filtering template 18/96 segment 3/5
2026-09-06T19:39:23.556+01:00 INFO : 1 points above threshold
2026-09-06T19:39:23.571+01:00 INFO : Filtering template 18/96 segment 4/5
2026-09-06T19:39:23.589+01:00 INFO : Filtering template 18/96 segment 5/5
2026-09-06T19:39:23.607+01:00 INFO : 2 points above threshold
2026-09-06T19:39:23.614+01:00 INFO : 18: generating IMRPhenomD from 30.0 Hz
2026-09-06T19:39:23.617+01:00 INFO : Decompressing waveform using inline_linear
2026-09-06T19:39:23.621+01:00 INFO : Filtering template 19/96 segment 1/5
2026-09-06T19:39:23.641+01:00 INFO : 3 points above threshold
2026-09-06T19:39:23.660+01:00 INFO : Filtering template 19/96 segment 2/5
2026-09-06T19:39:23.678+01:00 INFO : 1 points above threshold
2026-09-06T19:39:23.683+01:00 INFO : Filtering template 19/96 segment 3/5
2026-09-06T19:39:23.700+01:00 INFO : 1 points above threshold
2026-09-06T19:39:23.705+01:00 INFO : Filtering template 19/96 segment 4/5
2026-09-06T19:39:23.723+01:00 INFO : 3 points above threshold
2026-09-06T19:39:23.732+01:00 INFO : Filtering template 19/96 segment 5/5
2026-09-06T19:39:23.750+01:00 INFO : 1 points above threshold
2026-09-06T19:39:23.755+01:00 INFO : 19: generating IMRPhenomD from 30.0 Hz
2026-09-06T19:39:23.758+01:00 INFO : Decompressing waveform using inline_linear
2026-09-06T19:39:23.762+01:00 INFO : Filtering template 20/96 segment 1/5
2026-09-06T19:39:23.782+01:00 INFO : 1 points above threshold
2026-09-06T19:39:23.797+01:00 INFO : Filtering template 20/96 segment 2/5
2026-09-06T19:39:23.815+01:00 INFO : 3 points above threshold
2026-09-06T19:39:23.824+01:00 INFO : Filtering template 20/96 segment 3/5
2026-09-06T19:39:23.842+01:00 INFO : Filtering template 20/96 segment 4/5
2026-09-06T19:39:23.859+01:00 INFO : 2 points above threshold
2026-09-06T19:39:23.866+01:00 INFO : Filtering template 20/96 segment 5/5
2026-09-06T19:39:23.884+01:00 INFO : 20: generating IMRPhenomD from 30.0 Hz
2026-09-06T19:39:23.887+01:00 INFO : Decompressing waveform using inline_linear
2026-09-06T19:39:23.892+01:00 INFO : Filtering template 21/96 segment 1/5
2026-09-06T19:39:23.911+01:00 INFO : 1 points above threshold
2026-09-06T19:39:23.926+01:00 INFO : Filtering template 21/96 segment 2/5
2026-09-06T19:39:23.944+01:00 INFO : 1 points above threshold
2026-09-06T19:39:23.949+01:00 INFO : Filtering template 21/96 segment 3/5
2026-09-06T19:39:23.967+01:00 INFO : 1 points above threshold
2026-09-06T19:39:23.972+01:00 INFO : Filtering template 21/96 segment 4/5
2026-09-06T19:39:23.989+01:00 INFO : Filtering template 21/96 segment 5/5
2026-09-06T19:39:24.007+01:00 INFO : 21: generating IMRPhenomD from 30.0 Hz
2026-09-06T19:39:24.010+01:00 INFO : Decompressing waveform using inline_linear
2026-09-06T19:39:24.015+01:00 INFO : Filtering template 22/96 segment 1/5
2026-09-06T19:39:24.035+01:00 INFO : 5 points above threshold
2026-09-06T19:39:24.056+01:00 INFO : Filtering template 22/96 segment 2/5
2026-09-06T19:39:24.074+01:00 INFO : Filtering template 22/96 segment 3/5
2026-09-06T19:39:24.091+01:00 INFO : Filtering template 22/96 segment 4/5
2026-09-06T19:39:24.109+01:00 INFO : 1 points above threshold
2026-09-06T19:39:24.114+01:00 INFO : Filtering template 22/96 segment 5/5
2026-09-06T19:39:24.132+01:00 INFO : 1 points above threshold
2026-09-06T19:39:24.137+01:00 INFO : 22: generating IMRPhenomD from 30.0 Hz
2026-09-06T19:39:24.140+01:00 INFO : Decompressing waveform using inline_linear
2026-09-06T19:39:24.145+01:00 INFO : Filtering template 23/96 segment 1/5
2026-09-06T19:39:24.164+01:00 INFO : 2 points above threshold
2026-09-06T19:39:24.181+01:00 INFO : Filtering template 23/96 segment 2/5
2026-09-06T19:39:24.199+01:00 INFO : 1 points above threshold
2026-09-06T19:39:24.204+01:00 INFO : Filtering template 23/96 segment 3/5
2026-09-06T19:39:24.222+01:00 INFO : 1 points above threshold
2026-09-06T19:39:24.227+01:00 INFO : Filtering template 23/96 segment 4/5
2026-09-06T19:39:24.244+01:00 INFO : Filtering template 23/96 segment 5/5
2026-09-06T19:39:24.262+01:00 INFO : 23: generating IMRPhenomD from 30.0 Hz
2026-09-06T19:39:24.265+01:00 INFO : Decompressing waveform using inline_linear
2026-09-06T19:39:24.270+01:00 INFO : Filtering template 24/96 segment 1/5
2026-09-06T19:39:24.290+01:00 INFO : 1 points above threshold
2026-09-06T19:39:24.305+01:00 INFO : Filtering template 24/96 segment 2/5
2026-09-06T19:39:24.322+01:00 INFO : 2 points above threshold
2026-09-06T19:39:24.329+01:00 INFO : Filtering template 24/96 segment 3/5
2026-09-06T19:39:24.347+01:00 INFO : 1 points above threshold
2026-09-06T19:39:24.352+01:00 INFO : Filtering template 24/96 segment 4/5
2026-09-06T19:39:24.370+01:00 INFO : Filtering template 24/96 segment 5/5
2026-09-06T19:39:24.387+01:00 INFO : 2 points above threshold
2026-09-06T19:39:24.394+01:00 INFO : 24: generating IMRPhenomD from 30.0 Hz
2026-09-06T19:39:24.397+01:00 INFO : Decompressing waveform using inline_linear
2026-09-06T19:39:24.402+01:00 INFO : Filtering template 25/96 segment 1/5
2026-09-06T19:39:24.422+01:00 INFO : 2 points above threshold
2026-09-06T19:39:24.439+01:00 INFO : Filtering template 25/96 segment 2/5
2026-09-06T19:39:24.456+01:00 INFO : Filtering template 25/96 segment 3/5
2026-09-06T19:39:24.474+01:00 INFO : Filtering template 25/96 segment 4/5
2026-09-06T19:39:24.491+01:00 INFO : Filtering template 25/96 segment 5/5
2026-09-06T19:39:24.509+01:00 INFO : 25: generating IMRPhenomD from 30.0 Hz
2026-09-06T19:39:24.512+01:00 INFO : Decompressing waveform using inline_linear
2026-09-06T19:39:24.517+01:00 INFO : Filtering template 26/96 segment 1/5
2026-09-06T19:39:24.537+01:00 INFO : Filtering template 26/96 segment 2/5
2026-09-06T19:39:24.554+01:00 INFO : 2 points above threshold
2026-09-06T19:39:24.571+01:00 INFO : Filtering template 26/96 segment 3/5
2026-09-06T19:39:24.589+01:00 INFO : Filtering template 26/96 segment 4/5
2026-09-06T19:39:24.607+01:00 INFO : 2 points above threshold
2026-09-06T19:39:24.613+01:00 INFO : Filtering template 26/96 segment 5/5
2026-09-06T19:39:24.631+01:00 INFO : 2 points above threshold
2026-09-06T19:39:24.638+01:00 INFO : 26: generating IMRPhenomD from 30.0 Hz
2026-09-06T19:39:24.641+01:00 INFO : Decompressing waveform using inline_linear
2026-09-06T19:39:24.646+01:00 INFO : Filtering template 27/96 segment 1/5
2026-09-06T19:39:24.666+01:00 INFO : 3 points above threshold
2026-09-06T19:39:24.685+01:00 INFO : Filtering template 27/96 segment 2/5
2026-09-06T19:39:24.702+01:00 INFO : Filtering template 27/96 segment 3/5
2026-09-06T19:39:24.720+01:00 INFO : 1 points above threshold
2026-09-06T19:39:24.725+01:00 INFO : Filtering template 27/96 segment 4/5
2026-09-06T19:39:24.743+01:00 INFO : Filtering template 27/96 segment 5/5
2026-09-06T19:39:24.760+01:00 INFO : 27: generating IMRPhenomD from 30.0 Hz
2026-09-06T19:39:24.763+01:00 INFO : Decompressing waveform using inline_linear
2026-09-06T19:39:24.768+01:00 INFO : Filtering template 28/96 segment 1/5
2026-09-06T19:39:24.788+01:00 INFO : 3 points above threshold
2026-09-06T19:39:24.807+01:00 INFO : Filtering template 28/96 segment 2/5
2026-09-06T19:39:24.824+01:00 INFO : 1 points above threshold
2026-09-06T19:39:24.830+01:00 INFO : Filtering template 28/96 segment 3/5
2026-09-06T19:39:24.847+01:00 INFO : 2 points above threshold
2026-09-06T19:39:24.854+01:00 INFO : Filtering template 28/96 segment 4/5
2026-09-06T19:39:24.871+01:00 INFO : 1 points above threshold
2026-09-06T19:39:24.877+01:00 INFO : Filtering template 28/96 segment 5/5
2026-09-06T19:39:24.894+01:00 INFO : 28: generating IMRPhenomD from 30.0 Hz
2026-09-06T19:39:24.897+01:00 INFO : Decompressing waveform using inline_linear
2026-09-06T19:39:24.902+01:00 INFO : Filtering template 29/96 segment 1/5
2026-09-06T19:39:24.922+01:00 INFO : 2 points above threshold
2026-09-06T19:39:24.939+01:00 INFO : Filtering template 29/96 segment 2/5
2026-09-06T19:39:24.956+01:00 INFO : 2 points above threshold
2026-09-06T19:39:24.963+01:00 INFO : Filtering template 29/96 segment 3/5
2026-09-06T19:39:24.981+01:00 INFO : 1 points above threshold
2026-09-06T19:39:24.986+01:00 INFO : Filtering template 29/96 segment 4/5
2026-09-06T19:39:25.004+01:00 INFO : 2 points above threshold
2026-09-06T19:39:25.011+01:00 INFO : Filtering template 29/96 segment 5/5
2026-09-06T19:39:25.028+01:00 INFO : 2 points above threshold
2026-09-06T19:39:25.035+01:00 INFO : 29: generating IMRPhenomD from 30.0 Hz
2026-09-06T19:39:25.038+01:00 INFO : Decompressing waveform using inline_linear
2026-09-06T19:39:25.043+01:00 INFO : Filtering template 30/96 segment 1/5
2026-09-06T19:39:25.063+01:00 INFO : 1 points above threshold
2026-09-06T19:39:25.078+01:00 INFO : Filtering template 30/96 segment 2/5
2026-09-06T19:39:25.095+01:00 INFO : 1 points above threshold
2026-09-06T19:39:25.100+01:00 INFO : Filtering template 30/96 segment 3/5
2026-09-06T19:39:25.118+01:00 INFO : 1 points above threshold
2026-09-06T19:39:25.123+01:00 INFO : Filtering template 30/96 segment 4/5
2026-09-06T19:39:25.140+01:00 INFO : Filtering template 30/96 segment 5/5
2026-09-06T19:39:25.158+01:00 INFO : 30: generating IMRPhenomD from 30.0 Hz
2026-09-06T19:39:25.161+01:00 INFO : Decompressing waveform using inline_linear
2026-09-06T19:39:25.166+01:00 INFO : Filtering template 31/96 segment 1/5
2026-09-06T19:39:25.186+01:00 INFO : Filtering template 31/96 segment 2/5
2026-09-06T19:39:25.203+01:00 INFO : 1 points above threshold
2026-09-06T19:39:25.218+01:00 INFO : Filtering template 31/96 segment 3/5
2026-09-06T19:39:25.236+01:00 INFO : Filtering template 31/96 segment 4/5
2026-09-06T19:39:25.254+01:00 INFO : 1 points above threshold
2026-09-06T19:39:25.259+01:00 INFO : Filtering template 31/96 segment 5/5
2026-09-06T19:39:25.276+01:00 INFO : 1 points above threshold
2026-09-06T19:39:25.282+01:00 INFO : 31: generating IMRPhenomD from 30.0 Hz
2026-09-06T19:39:25.284+01:00 INFO : Decompressing waveform using inline_linear
2026-09-06T19:39:25.289+01:00 INFO : Filtering template 32/96 segment 1/5
2026-09-06T19:39:25.309+01:00 INFO : Filtering template 32/96 segment 2/5
2026-09-06T19:39:25.327+01:00 INFO : Filtering template 32/96 segment 3/5
2026-09-06T19:39:25.344+01:00 INFO : Filtering template 32/96 segment 4/5
2026-09-06T19:39:25.362+01:00 INFO : 3 points above threshold
2026-09-06T19:39:25.381+01:00 INFO : Filtering template 32/96 segment 5/5
2026-09-06T19:39:25.398+01:00 INFO : 2 points above threshold
2026-09-06T19:39:25.406+01:00 INFO : 32: generating IMRPhenomD from 30.0 Hz
2026-09-06T19:39:25.408+01:00 INFO : Decompressing waveform using inline_linear
2026-09-06T19:39:25.413+01:00 INFO : Filtering template 33/96 segment 1/5
2026-09-06T19:39:25.433+01:00 INFO : 2 points above threshold
2026-09-06T19:39:25.450+01:00 INFO : Filtering template 33/96 segment 2/5
2026-09-06T19:39:25.468+01:00 INFO : Filtering template 33/96 segment 3/5
2026-09-06T19:39:25.485+01:00 INFO : Filtering template 33/96 segment 4/5
2026-09-06T19:39:25.503+01:00 INFO : 1 points above threshold
2026-09-06T19:39:25.508+01:00 INFO : Filtering template 33/96 segment 5/5
2026-09-06T19:39:25.526+01:00 INFO : 33: generating IMRPhenomD from 30.0 Hz
2026-09-06T19:39:25.529+01:00 INFO : Decompressing waveform using inline_linear
2026-09-06T19:39:25.533+01:00 INFO : Filtering template 34/96 segment 1/5
2026-09-06T19:39:25.553+01:00 INFO : Filtering template 34/96 segment 2/5
2026-09-06T19:39:25.571+01:00 INFO : 1 points above threshold
2026-09-06T19:39:25.586+01:00 INFO : Filtering template 34/96 segment 3/5
2026-09-06T19:39:25.604+01:00 INFO : 1 points above threshold
2026-09-06T19:39:25.609+01:00 INFO : Filtering template 34/96 segment 4/5
2026-09-06T19:39:25.626+01:00 INFO : Filtering template 34/96 segment 5/5
2026-09-06T19:39:25.644+01:00 INFO : 1 points above threshold
2026-09-06T19:39:25.649+01:00 INFO : 34: generating IMRPhenomD from 30.0 Hz
2026-09-06T19:39:25.652+01:00 INFO : Decompressing waveform using inline_linear
2026-09-06T19:39:25.657+01:00 INFO : Filtering template 35/96 segment 1/5
2026-09-06T19:39:25.677+01:00 INFO : 1 points above threshold
2026-09-06T19:39:25.692+01:00 INFO : Filtering template 35/96 segment 2/5
2026-09-06T19:39:25.709+01:00 INFO : 1 points above threshold
2026-09-06T19:39:25.715+01:00 INFO : Filtering template 35/96 segment 3/5
2026-09-06T19:39:25.732+01:00 INFO : 1 points above threshold
2026-09-06T19:39:25.737+01:00 INFO : Filtering template 35/96 segment 4/5
2026-09-06T19:39:25.755+01:00 INFO : Filtering template 35/96 segment 5/5
2026-09-06T19:39:25.773+01:00 INFO : 35: generating IMRPhenomD from 30.0 Hz
2026-09-06T19:39:25.776+01:00 INFO : Decompressing waveform using inline_linear
2026-09-06T19:39:25.780+01:00 INFO : Filtering template 36/96 segment 1/5
2026-09-06T19:39:25.800+01:00 INFO : 3 points above threshold
2026-09-06T19:39:25.819+01:00 INFO : Filtering template 36/96 segment 2/5
2026-09-06T19:39:25.837+01:00 INFO : 1 points above threshold
2026-09-06T19:39:25.842+01:00 INFO : Filtering template 36/96 segment 3/5
2026-09-06T19:39:25.859+01:00 INFO : 2 points above threshold
2026-09-06T19:39:25.866+01:00 INFO : Filtering template 36/96 segment 4/5
2026-09-06T19:39:25.884+01:00 INFO : Filtering template 36/96 segment 5/5
2026-09-06T19:39:25.902+01:00 INFO : 1 points above threshold
2026-09-06T19:39:25.907+01:00 INFO : 36: generating IMRPhenomD from 30.0 Hz
2026-09-06T19:39:25.910+01:00 INFO : Decompressing waveform using inline_linear
2026-09-06T19:39:25.915+01:00 INFO : Filtering template 37/96 segment 1/5
2026-09-06T19:39:25.934+01:00 INFO : 2 points above threshold
2026-09-06T19:39:25.951+01:00 INFO : Filtering template 37/96 segment 2/5
2026-09-06T19:39:25.969+01:00 INFO : 3 points above threshold
2026-09-06T19:39:25.978+01:00 INFO : Filtering template 37/96 segment 3/5
2026-09-06T19:39:25.996+01:00 INFO : 1 points above threshold
2026-09-06T19:39:26.001+01:00 INFO : Filtering template 37/96 segment 4/5
2026-09-06T19:39:26.018+01:00 INFO : 3 points above threshold
2026-09-06T19:39:26.028+01:00 INFO : Filtering template 37/96 segment 5/5
2026-09-06T19:39:26.045+01:00 INFO : 37: generating IMRPhenomD from 30.0 Hz
2026-09-06T19:39:26.048+01:00 INFO : Decompressing waveform using inline_linear
2026-09-06T19:39:26.053+01:00 INFO : Filtering template 38/96 segment 1/5
2026-09-06T19:39:26.073+01:00 INFO : Filtering template 38/96 segment 2/5
2026-09-06T19:39:26.091+01:00 INFO : Filtering template 38/96 segment 3/5
2026-09-06T19:39:26.108+01:00 INFO : 1 points above threshold
2026-09-06T19:39:26.123+01:00 INFO : Filtering template 38/96 segment 4/5
2026-09-06T19:39:26.141+01:00 INFO : 1 points above threshold
2026-09-06T19:39:26.146+01:00 INFO : Filtering template 38/96 segment 5/5
2026-09-06T19:39:26.163+01:00 INFO : 1 points above threshold
2026-09-06T19:39:26.169+01:00 INFO : 38: generating IMRPhenomD from 30.0 Hz
2026-09-06T19:39:26.172+01:00 INFO : Decompressing waveform using inline_linear
2026-09-06T19:39:26.176+01:00 INFO : Filtering template 39/96 segment 1/5
2026-09-06T19:39:26.196+01:00 INFO : Filtering template 39/96 segment 2/5
2026-09-06T19:39:26.214+01:00 INFO : 2 points above threshold
2026-09-06T19:39:26.231+01:00 INFO : Filtering template 39/96 segment 3/5
2026-09-06T19:39:26.248+01:00 INFO : Filtering template 39/96 segment 4/5
2026-09-06T19:39:26.266+01:00 INFO : 2 points above threshold
2026-09-06T19:39:26.273+01:00 INFO : Filtering template 39/96 segment 5/5
2026-09-06T19:39:26.291+01:00 INFO : 39: generating IMRPhenomD from 30.0 Hz
2026-09-06T19:39:26.293+01:00 INFO : Decompressing waveform using inline_linear
2026-09-06T19:39:26.298+01:00 INFO : Filtering template 40/96 segment 1/5
2026-09-06T19:39:26.318+01:00 INFO : Filtering template 40/96 segment 2/5
2026-09-06T19:39:26.336+01:00 INFO : Filtering template 40/96 segment 3/5
2026-09-06T19:39:26.353+01:00 INFO : Filtering template 40/96 segment 4/5
2026-09-06T19:39:26.371+01:00 INFO : 2 points above threshold
2026-09-06T19:39:26.388+01:00 INFO : Filtering template 40/96 segment 5/5
2026-09-06T19:39:26.406+01:00 INFO : 40: generating IMRPhenomD from 30.0 Hz
2026-09-06T19:39:26.408+01:00 INFO : Decompressing waveform using inline_linear
2026-09-06T19:39:26.413+01:00 INFO : Filtering template 41/96 segment 1/5
2026-09-06T19:39:26.433+01:00 INFO : Filtering template 41/96 segment 2/5
2026-09-06T19:39:26.451+01:00 INFO : Filtering template 41/96 segment 3/5
2026-09-06T19:39:26.468+01:00 INFO : 2 points above threshold
2026-09-06T19:39:26.485+01:00 INFO : Filtering template 41/96 segment 4/5
2026-09-06T19:39:26.503+01:00 INFO : 2 points above threshold
2026-09-06T19:39:26.510+01:00 INFO : Filtering template 41/96 segment 5/5
2026-09-06T19:39:26.528+01:00 INFO : 41: generating IMRPhenomD from 30.0 Hz
2026-09-06T19:39:26.531+01:00 INFO : Decompressing waveform using inline_linear
2026-09-06T19:39:26.535+01:00 INFO : Filtering template 42/96 segment 1/5
2026-09-06T19:39:26.555+01:00 INFO : Filtering template 42/96 segment 2/5
2026-09-06T19:39:26.573+01:00 INFO : 1 points above threshold
2026-09-06T19:39:26.589+01:00 INFO : Filtering template 42/96 segment 3/5
2026-09-06T19:39:26.607+01:00 INFO : Filtering template 42/96 segment 4/5
2026-09-06T19:39:26.624+01:00 INFO : 1 points above threshold
2026-09-06T19:39:26.629+01:00 INFO : Filtering template 42/96 segment 5/5
2026-09-06T19:39:26.647+01:00 INFO : 1 points above threshold
2026-09-06T19:39:26.652+01:00 INFO : 42: generating IMRPhenomD from 30.0 Hz
2026-09-06T19:39:26.655+01:00 INFO : Decompressing waveform using inline_linear
2026-09-06T19:39:26.660+01:00 INFO : Filtering template 43/96 segment 1/5
2026-09-06T19:39:26.680+01:00 INFO : 1 points above threshold
2026-09-06T19:39:26.696+01:00 INFO : Filtering template 43/96 segment 2/5
2026-09-06T19:39:26.714+01:00 INFO : 2 points above threshold
2026-09-06T19:39:26.721+01:00 INFO : Filtering template 43/96 segment 3/5
2026-09-06T19:39:26.738+01:00 INFO : 1 points above threshold
2026-09-06T19:39:26.743+01:00 INFO : Filtering template 43/96 segment 4/5
2026-09-06T19:39:26.761+01:00 INFO : Filtering template 43/96 segment 5/5
2026-09-06T19:39:26.779+01:00 INFO : 43: generating IMRPhenomD from 30.0 Hz
2026-09-06T19:39:26.782+01:00 INFO : Decompressing waveform using inline_linear
2026-09-06T19:39:26.787+01:00 INFO : Filtering template 44/96 segment 1/5
2026-09-06T19:39:26.806+01:00 INFO : 1 points above threshold
2026-09-06T19:39:26.823+01:00 INFO : Filtering template 44/96 segment 2/5
2026-09-06T19:39:26.840+01:00 INFO : Filtering template 44/96 segment 3/5
2026-09-06T19:39:26.858+01:00 INFO : Filtering template 44/96 segment 4/5
2026-09-06T19:39:26.875+01:00 INFO : 1 points above threshold
2026-09-06T19:39:26.880+01:00 INFO : Filtering template 44/96 segment 5/5
2026-09-06T19:39:26.898+01:00 INFO : 44: generating IMRPhenomD from 30.0 Hz
2026-09-06T19:39:26.901+01:00 INFO : Decompressing waveform using inline_linear
2026-09-06T19:39:26.906+01:00 INFO : Filtering template 45/96 segment 1/5
2026-09-06T19:39:26.926+01:00 INFO : 2 points above threshold
2026-09-06T19:39:26.944+01:00 INFO : Filtering template 45/96 segment 2/5
2026-09-06T19:39:26.962+01:00 INFO : 1 points above threshold
2026-09-06T19:39:26.967+01:00 INFO : Filtering template 45/96 segment 3/5
2026-09-06T19:39:26.984+01:00 INFO : 1 points above threshold
2026-09-06T19:39:26.990+01:00 INFO : Filtering template 45/96 segment 4/5
2026-09-06T19:39:27.007+01:00 INFO : Filtering template 45/96 segment 5/5
2026-09-06T19:39:27.025+01:00 INFO : 45: generating IMRPhenomD from 30.0 Hz
2026-09-06T19:39:27.028+01:00 INFO : Decompressing waveform using inline_linear
2026-09-06T19:39:27.033+01:00 INFO : Filtering template 46/96 segment 1/5
2026-09-06T19:39:27.052+01:00 INFO : Filtering template 46/96 segment 2/5
2026-09-06T19:39:27.070+01:00 INFO : Filtering template 46/96 segment 3/5
2026-09-06T19:39:27.088+01:00 INFO : 1 points above threshold
2026-09-06T19:39:27.103+01:00 INFO : Filtering template 46/96 segment 4/5
2026-09-06T19:39:27.120+01:00 INFO : 3 points above threshold
2026-09-06T19:39:27.130+01:00 INFO : Filtering template 46/96 segment 5/5
2026-09-06T19:39:27.147+01:00 INFO : 1 points above threshold
2026-09-06T19:39:27.152+01:00 INFO : 46: generating IMRPhenomD from 30.0 Hz
2026-09-06T19:39:27.169+01:00 INFO : Decompressing waveform using inline_linear
2026-09-06T19:39:27.174+01:00 INFO : Filtering template 47/96 segment 1/5
2026-09-06T19:39:27.196+01:00 INFO : 3 points above threshold
2026-09-06T19:39:27.221+01:00 INFO : Filtering template 47/96 segment 2/5
2026-09-06T19:39:27.239+01:00 INFO : Filtering template 47/96 segment 3/5
2026-09-06T19:39:27.256+01:00 INFO : 2 points above threshold
2026-09-06T19:39:27.263+01:00 INFO : Filtering template 47/96 segment 4/5
2026-09-06T19:39:27.281+01:00 INFO : 1 points above threshold
2026-09-06T19:39:27.286+01:00 INFO : Filtering template 47/96 segment 5/5
2026-09-06T19:39:27.304+01:00 INFO : 1 points above threshold
2026-09-06T19:39:27.309+01:00 INFO : 47: generating IMRPhenomD from 30.0 Hz
2026-09-06T19:39:27.312+01:00 INFO : Decompressing waveform using inline_linear
2026-09-06T19:39:27.316+01:00 INFO : Filtering template 48/96 segment 1/5
2026-09-06T19:39:27.336+01:00 INFO : 3 points above threshold
2026-09-06T19:39:27.356+01:00 INFO : Filtering template 48/96 segment 2/5
2026-09-06T19:39:27.374+01:00 INFO : 1 points above threshold
2026-09-06T19:39:27.379+01:00 INFO : Filtering template 48/96 segment 3/5
2026-09-06T19:39:27.397+01:00 INFO : 1 points above threshold
2026-09-06T19:39:27.402+01:00 INFO : Filtering template 48/96 segment 4/5
2026-09-06T19:39:27.419+01:00 INFO : 2 points above threshold
2026-09-06T19:39:27.426+01:00 INFO : Filtering template 48/96 segment 5/5
2026-09-06T19:39:27.444+01:00 INFO : 1 points above threshold
2026-09-06T19:39:27.450+01:00 INFO : 48: generating IMRPhenomD from 30.0 Hz
2026-09-06T19:39:27.452+01:00 INFO : Decompressing waveform using inline_linear
2026-09-06T19:39:27.457+01:00 INFO : Filtering template 49/96 segment 1/5
2026-09-06T19:39:27.477+01:00 INFO : 1 points above threshold
2026-09-06T19:39:27.493+01:00 INFO : Filtering template 49/96 segment 2/5
2026-09-06T19:39:27.511+01:00 INFO : 1 points above threshold
2026-09-06T19:39:27.516+01:00 INFO : Filtering template 49/96 segment 3/5
2026-09-06T19:39:27.533+01:00 INFO : 2 points above threshold
2026-09-06T19:39:27.540+01:00 INFO : Filtering template 49/96 segment 4/5
2026-09-06T19:39:27.558+01:00 INFO : Filtering template 49/96 segment 5/5
2026-09-06T19:39:27.576+01:00 INFO : 49: generating IMRPhenomD from 30.0 Hz
2026-09-06T19:39:27.579+01:00 INFO : Decompressing waveform using inline_linear
2026-09-06T19:39:27.583+01:00 INFO : Filtering template 50/96 segment 1/5
2026-09-06T19:39:27.603+01:00 INFO : Filtering template 50/96 segment 2/5
2026-09-06T19:39:27.621+01:00 INFO : 2 points above threshold
2026-09-06T19:39:27.638+01:00 INFO : Filtering template 50/96 segment 3/5
2026-09-06T19:39:27.656+01:00 INFO : 4 points above threshold
2026-09-06T19:39:27.664+01:00 INFO : Filtering template 50/96 segment 4/5
2026-09-06T19:39:27.682+01:00 INFO : 2 points above threshold
2026-09-06T19:39:27.689+01:00 INFO : Filtering template 50/96 segment 5/5
2026-09-06T19:39:27.706+01:00 INFO : 50: generating IMRPhenomD from 30.0 Hz
2026-09-06T19:39:27.709+01:00 INFO : Decompressing waveform using inline_linear
2026-09-06T19:39:27.714+01:00 INFO : Filtering template 51/96 segment 1/5
2026-09-06T19:39:27.734+01:00 INFO : 1 points above threshold
2026-09-06T19:39:27.749+01:00 INFO : Filtering template 51/96 segment 2/5
2026-09-06T19:39:27.767+01:00 INFO : 1 points above threshold
2026-09-06T19:39:27.772+01:00 INFO : Filtering template 51/96 segment 3/5
2026-09-06T19:39:27.790+01:00 INFO : Filtering template 51/96 segment 4/5
2026-09-06T19:39:27.807+01:00 INFO : 1 points above threshold
2026-09-06T19:39:27.812+01:00 INFO : Filtering template 51/96 segment 5/5
2026-09-06T19:39:27.830+01:00 INFO : 2 points above threshold
2026-09-06T19:39:27.837+01:00 INFO : 51: generating IMRPhenomD from 30.0 Hz
2026-09-06T19:39:27.840+01:00 INFO : Decompressing waveform using inline_linear
2026-09-06T19:39:27.844+01:00 INFO : Filtering template 52/96 segment 1/5
2026-09-06T19:39:27.864+01:00 INFO : 1 points above threshold
2026-09-06T19:39:27.880+01:00 INFO : Filtering template 52/96 segment 2/5
2026-09-06T19:39:27.897+01:00 INFO : 1 points above threshold
2026-09-06T19:39:27.902+01:00 INFO : Filtering template 52/96 segment 3/5
2026-09-06T19:39:27.920+01:00 INFO : Filtering template 52/96 segment 4/5
2026-09-06T19:39:27.938+01:00 INFO : 3 points above threshold
2026-09-06T19:39:27.947+01:00 INFO : Filtering template 52/96 segment 5/5
2026-09-06T19:39:27.965+01:00 INFO : 1 points above threshold
2026-09-06T19:39:27.970+01:00 INFO : 52: generating IMRPhenomD from 30.0 Hz
2026-09-06T19:39:27.973+01:00 INFO : Decompressing waveform using inline_linear
2026-09-06T19:39:27.977+01:00 INFO : Filtering template 53/96 segment 1/5
2026-09-06T19:39:27.997+01:00 INFO : 3 points above threshold
2026-09-06T19:39:28.016+01:00 INFO : Filtering template 53/96 segment 2/5
2026-09-06T19:39:28.034+01:00 INFO : 2 points above threshold
2026-09-06T19:39:28.041+01:00 INFO : Filtering template 53/96 segment 3/5
2026-09-06T19:39:28.058+01:00 INFO : 2 points above threshold
2026-09-06T19:39:28.065+01:00 INFO : Filtering template 53/96 segment 4/5
2026-09-06T19:39:28.083+01:00 INFO : 1 points above threshold
2026-09-06T19:39:28.088+01:00 INFO : Filtering template 53/96 segment 5/5
2026-09-06T19:39:28.106+01:00 INFO : 1 points above threshold
2026-09-06T19:39:28.111+01:00 INFO : 53: generating IMRPhenomD from 30.0 Hz
2026-09-06T19:39:28.114+01:00 INFO : Decompressing waveform using inline_linear
2026-09-06T19:39:28.118+01:00 INFO : Filtering template 54/96 segment 1/5
2026-09-06T19:39:28.138+01:00 INFO : Filtering template 54/96 segment 2/5
2026-09-06T19:39:28.156+01:00 INFO : Filtering template 54/96 segment 3/5
2026-09-06T19:39:28.174+01:00 INFO : 2 points above threshold
2026-09-06T19:39:28.190+01:00 INFO : Filtering template 54/96 segment 4/5
2026-09-06T19:39:28.208+01:00 INFO : 5 points above threshold
2026-09-06T19:39:28.220+01:00 INFO : Filtering template 54/96 segment 5/5
2026-09-06T19:39:28.238+01:00 INFO : 54: generating IMRPhenomD from 30.0 Hz
2026-09-06T19:39:28.240+01:00 INFO : Decompressing waveform using inline_linear
2026-09-06T19:39:28.245+01:00 INFO : Filtering template 55/96 segment 1/5
2026-09-06T19:39:28.265+01:00 INFO : Filtering template 55/96 segment 2/5
2026-09-06T19:39:28.283+01:00 INFO : 1 points above threshold
2026-09-06T19:39:28.298+01:00 INFO : Filtering template 55/96 segment 3/5
2026-09-06T19:39:28.315+01:00 INFO : 3 points above threshold
2026-09-06T19:39:28.324+01:00 INFO : Filtering template 55/96 segment 4/5
2026-09-06T19:39:28.342+01:00 INFO : 1 points above threshold
2026-09-06T19:39:28.347+01:00 INFO : Filtering template 55/96 segment 5/5
2026-09-06T19:39:28.364+01:00 INFO : 1 points above threshold
2026-09-06T19:39:28.370+01:00 INFO : 55: generating IMRPhenomD from 30.0 Hz
2026-09-06T19:39:28.373+01:00 INFO : Decompressing waveform using inline_linear
2026-09-06T19:39:28.377+01:00 INFO : Filtering template 56/96 segment 1/5
2026-09-06T19:39:28.397+01:00 INFO : 1 points above threshold
2026-09-06T19:39:28.412+01:00 INFO : Filtering template 56/96 segment 2/5
2026-09-06T19:39:28.430+01:00 INFO : 1 points above threshold
2026-09-06T19:39:28.435+01:00 INFO : Filtering template 56/96 segment 3/5
2026-09-06T19:39:28.453+01:00 INFO : 3 points above threshold
2026-09-06T19:39:28.462+01:00 INFO : Filtering template 56/96 segment 4/5
2026-09-06T19:39:28.480+01:00 INFO : Filtering template 56/96 segment 5/5
2026-09-06T19:39:28.497+01:00 INFO : 1 points above threshold
2026-09-06T19:39:28.503+01:00 INFO : 56: generating IMRPhenomD from 30.0 Hz
2026-09-06T19:39:28.505+01:00 INFO : Decompressing waveform using inline_linear
2026-09-06T19:39:28.510+01:00 INFO : Filtering template 57/96 segment 1/5
2026-09-06T19:39:28.530+01:00 INFO : 1 points above threshold
2026-09-06T19:39:28.545+01:00 INFO : Filtering template 57/96 segment 2/5
2026-09-06T19:39:28.563+01:00 INFO : 2 points above threshold
2026-09-06T19:39:28.570+01:00 INFO : Filtering template 57/96 segment 3/5
2026-09-06T19:39:28.587+01:00 INFO : 2 points above threshold
2026-09-06T19:39:28.594+01:00 INFO : Filtering template 57/96 segment 4/5
2026-09-06T19:39:28.612+01:00 INFO : 2 points above threshold
2026-09-06T19:39:28.619+01:00 INFO : Filtering template 57/96 segment 5/5
2026-09-06T19:39:28.636+01:00 INFO : 57: generating IMRPhenomD from 30.0 Hz
2026-09-06T19:39:28.639+01:00 INFO : Decompressing waveform using inline_linear
2026-09-06T19:39:28.644+01:00 INFO : Filtering template 58/96 segment 1/5
2026-09-06T19:39:28.664+01:00 INFO : 1 points above threshold
2026-09-06T19:39:28.679+01:00 INFO : Filtering template 58/96 segment 2/5
2026-09-06T19:39:28.696+01:00 INFO : 2 points above threshold
2026-09-06T19:39:28.704+01:00 INFO : Filtering template 58/96 segment 3/5
2026-09-06T19:39:28.721+01:00 INFO : 1 points above threshold
2026-09-06T19:39:28.726+01:00 INFO : Filtering template 58/96 segment 4/5
2026-09-06T19:39:28.744+01:00 INFO : 1 points above threshold
2026-09-06T19:39:28.749+01:00 INFO : Filtering template 58/96 segment 5/5
2026-09-06T19:39:28.766+01:00 INFO : 2 points above threshold
2026-09-06T19:39:28.774+01:00 INFO : 58: generating IMRPhenomD from 30.0 Hz
2026-09-06T19:39:28.776+01:00 INFO : Decompressing waveform using inline_linear
2026-09-06T19:39:28.781+01:00 INFO : Filtering template 59/96 segment 1/5
2026-09-06T19:39:28.801+01:00 INFO : 1 points above threshold
2026-09-06T19:39:28.816+01:00 INFO : Filtering template 59/96 segment 2/5
2026-09-06T19:39:28.834+01:00 INFO : 2 points above threshold
2026-09-06T19:39:28.841+01:00 INFO : Filtering template 59/96 segment 3/5
2026-09-06T19:39:28.858+01:00 INFO : 2 points above threshold
2026-09-06T19:39:28.865+01:00 INFO : Filtering template 59/96 segment 4/5
2026-09-06T19:39:28.883+01:00 INFO : 1 points above threshold
2026-09-06T19:39:28.888+01:00 INFO : Filtering template 59/96 segment 5/5
2026-09-06T19:39:28.906+01:00 INFO : 59: generating IMRPhenomD from 30.0 Hz
2026-09-06T19:39:28.909+01:00 INFO : Decompressing waveform using inline_linear
2026-09-06T19:39:28.913+01:00 INFO : Filtering template 60/96 segment 1/5
2026-09-06T19:39:28.933+01:00 INFO : Filtering template 60/96 segment 2/5
2026-09-06T19:39:28.951+01:00 INFO : Filtering template 60/96 segment 3/5
2026-09-06T19:39:28.969+01:00 INFO : 1 points above threshold
2026-09-06T19:39:28.984+01:00 INFO : Filtering template 60/96 segment 4/5
2026-09-06T19:39:29.001+01:00 INFO : 2 points above threshold
2026-09-06T19:39:29.008+01:00 INFO : Filtering template 60/96 segment 5/5
2026-09-06T19:39:29.026+01:00 INFO : 60: generating IMRPhenomD from 30.0 Hz
2026-09-06T19:39:29.029+01:00 INFO : Decompressing waveform using inline_linear
2026-09-06T19:39:29.033+01:00 INFO : Filtering template 61/96 segment 1/5
2026-09-06T19:39:29.053+01:00 INFO : Filtering template 61/96 segment 2/5
2026-09-06T19:39:29.071+01:00 INFO : 2 points above threshold
2026-09-06T19:39:29.138+01:00 INFO : Filtering template 61/96 segment 3/5
2026-09-06T19:39:29.156+01:00 INFO : 1 points above threshold
2026-09-06T19:39:29.212+01:00 INFO : Filtering template 61/96 segment 4/5
2026-09-06T19:39:29.229+01:00 INFO : 1 points above threshold
2026-09-06T19:39:29.285+01:00 INFO : Filtering template 61/96 segment 5/5
2026-09-06T19:39:29.303+01:00 INFO : 61: generating IMRPhenomD from 30.0 Hz
2026-09-06T19:39:29.306+01:00 INFO : Decompressing waveform using inline_linear
2026-09-06T19:39:29.310+01:00 INFO : Filtering template 62/96 segment 1/5
2026-09-06T19:39:29.330+01:00 INFO : 2 points above threshold
2026-09-06T19:39:29.347+01:00 INFO : Filtering template 62/96 segment 2/5
2026-09-06T19:39:29.365+01:00 INFO : Filtering template 62/96 segment 3/5
2026-09-06T19:39:29.382+01:00 INFO : Filtering template 62/96 segment 4/5
2026-09-06T19:39:29.400+01:00 INFO : 5 points above threshold
2026-09-06T19:39:29.412+01:00 INFO : Filtering template 62/96 segment 5/5
2026-09-06T19:39:29.429+01:00 INFO : 62: generating IMRPhenomD from 30.0 Hz
2026-09-06T19:39:29.432+01:00 INFO : Decompressing waveform using inline_linear
2026-09-06T19:39:29.437+01:00 INFO : Filtering template 63/96 segment 1/5
2026-09-06T19:39:29.457+01:00 INFO : Filtering template 63/96 segment 2/5
2026-09-06T19:39:29.475+01:00 INFO : 1 points above threshold
2026-09-06T19:39:29.490+01:00 INFO : Filtering template 63/96 segment 3/5
2026-09-06T19:39:29.507+01:00 INFO : 2 points above threshold
2026-09-06T19:39:29.514+01:00 INFO : Filtering template 63/96 segment 4/5
2026-09-06T19:39:29.532+01:00 INFO : 1 points above threshold
2026-09-06T19:39:29.537+01:00 INFO : Filtering template 63/96 segment 5/5
2026-09-06T19:39:29.554+01:00 INFO : 1 points above threshold
2026-09-06T19:39:29.560+01:00 INFO : 63: generating IMRPhenomD from 30.0 Hz
2026-09-06T19:39:29.562+01:00 INFO : Decompressing waveform using inline_linear
2026-09-06T19:39:29.567+01:00 INFO : Filtering template 64/96 segment 1/5
2026-09-06T19:39:29.587+01:00 INFO : 2 points above threshold
2026-09-06T19:39:29.604+01:00 INFO : Filtering template 64/96 segment 2/5
2026-09-06T19:39:29.621+01:00 INFO : 1 points above threshold
2026-09-06T19:39:29.627+01:00 INFO : Filtering template 64/96 segment 3/5
2026-09-06T19:39:29.644+01:00 INFO : Filtering template 64/96 segment 4/5
2026-09-06T19:39:29.662+01:00 INFO : Filtering template 64/96 segment 5/5
2026-09-06T19:39:29.679+01:00 INFO : 64: generating IMRPhenomD from 30.0 Hz
2026-09-06T19:39:29.682+01:00 INFO : Decompressing waveform using inline_linear
2026-09-06T19:39:29.687+01:00 INFO : Filtering template 65/96 segment 1/5
2026-09-06T19:39:29.707+01:00 INFO : 2 points above threshold
2026-09-06T19:39:29.724+01:00 INFO : Filtering template 65/96 segment 2/5
2026-09-06T19:39:29.741+01:00 INFO : 2 points above threshold
2026-09-06T19:39:29.748+01:00 INFO : Filtering template 65/96 segment 3/5
2026-09-06T19:39:29.766+01:00 INFO : 1 points above threshold
2026-09-06T19:39:29.771+01:00 INFO : Filtering template 65/96 segment 4/5
2026-09-06T19:39:29.789+01:00 INFO : 2 points above threshold
2026-09-06T19:39:29.796+01:00 INFO : Filtering template 65/96 segment 5/5
2026-09-06T19:39:29.813+01:00 INFO : 65: generating IMRPhenomD from 30.0 Hz
2026-09-06T19:39:29.816+01:00 INFO : Decompressing waveform using inline_linear
2026-09-06T19:39:29.821+01:00 INFO : Filtering template 66/96 segment 1/5
2026-09-06T19:39:29.841+01:00 INFO : 1 points above threshold
2026-09-06T19:39:29.856+01:00 INFO : Filtering template 66/96 segment 2/5
2026-09-06T19:39:29.874+01:00 INFO : 1 points above threshold
2026-09-06T19:39:29.879+01:00 INFO : Filtering template 66/96 segment 3/5
2026-09-06T19:39:29.896+01:00 INFO : 2 points above threshold
2026-09-06T19:39:29.903+01:00 INFO : Filtering template 66/96 segment 4/5
2026-09-06T19:39:29.921+01:00 INFO : 1 points above threshold
2026-09-06T19:39:29.926+01:00 INFO : Filtering template 66/96 segment 5/5
2026-09-06T19:39:29.944+01:00 INFO : 66: generating IMRPhenomD from 30.0 Hz
2026-09-06T19:39:29.947+01:00 INFO : Decompressing waveform using inline_linear
2026-09-06T19:39:29.951+01:00 INFO : Filtering template 67/96 segment 1/5
2026-09-06T19:39:29.971+01:00 INFO : 3 points above threshold
2026-09-06T19:39:29.990+01:00 INFO : Filtering template 67/96 segment 2/5
2026-09-06T19:39:30.008+01:00 INFO : Filtering template 67/96 segment 3/5
2026-09-06T19:39:30.026+01:00 INFO : 1 points above threshold
2026-09-06T19:39:30.031+01:00 INFO : Filtering template 67/96 segment 4/5
2026-09-06T19:39:30.048+01:00 INFO : Filtering template 67/96 segment 5/5
2026-09-06T19:39:30.066+01:00 INFO : 67: generating IMRPhenomD from 30.0 Hz
2026-09-06T19:39:30.069+01:00 INFO : Decompressing waveform using inline_linear
2026-09-06T19:39:30.073+01:00 INFO : Filtering template 68/96 segment 1/5
2026-09-06T19:39:30.093+01:00 INFO : 1 points above threshold
2026-09-06T19:39:30.109+01:00 INFO : Filtering template 68/96 segment 2/5
2026-09-06T19:39:30.126+01:00 INFO : 1 points above threshold
2026-09-06T19:39:30.131+01:00 INFO : Filtering template 68/96 segment 3/5
2026-09-06T19:39:30.149+01:00 INFO : 1 points above threshold
2026-09-06T19:39:30.154+01:00 INFO : Filtering template 68/96 segment 4/5
2026-09-06T19:39:30.171+01:00 INFO : 1 points above threshold
2026-09-06T19:39:30.177+01:00 INFO : Filtering template 68/96 segment 5/5
2026-09-06T19:39:30.194+01:00 INFO : 1 points above threshold
2026-09-06T19:39:30.200+01:00 INFO : 68: generating IMRPhenomD from 30.0 Hz
2026-09-06T19:39:30.203+01:00 INFO : Decompressing waveform using inline_linear
2026-09-06T19:39:30.208+01:00 INFO : Filtering template 69/96 segment 1/5
2026-09-06T19:39:30.228+01:00 INFO : Filtering template 69/96 segment 2/5
2026-09-06T19:39:30.246+01:00 INFO : Filtering template 69/96 segment 3/5
2026-09-06T19:39:30.263+01:00 INFO : 1 points above threshold
2026-09-06T19:39:30.278+01:00 INFO : Filtering template 69/96 segment 4/5
2026-09-06T19:39:30.296+01:00 INFO : 2 points above threshold
2026-09-06T19:39:30.303+01:00 INFO : Filtering template 69/96 segment 5/5
2026-09-06T19:39:30.320+01:00 INFO : 69: generating IMRPhenomD from 30.0 Hz
2026-09-06T19:39:30.323+01:00 INFO : Decompressing waveform using inline_linear
2026-09-06T19:39:30.328+01:00 INFO : Filtering template 70/96 segment 1/5
2026-09-06T19:39:30.348+01:00 INFO : 2 points above threshold
2026-09-06T19:39:30.365+01:00 INFO : Filtering template 70/96 segment 2/5
2026-09-06T19:39:30.382+01:00 INFO : 2 points above threshold
2026-09-06T19:39:30.389+01:00 INFO : Filtering template 70/96 segment 3/5
2026-09-06T19:39:30.407+01:00 INFO : Filtering template 70/96 segment 4/5
2026-09-06T19:39:30.424+01:00 INFO : 2 points above threshold
2026-09-06T19:39:30.431+01:00 INFO : Filtering template 70/96 segment 5/5
2026-09-06T19:39:30.449+01:00 INFO : 2 points above threshold
2026-09-06T19:39:30.456+01:00 INFO : 70: generating IMRPhenomD from 30.0 Hz
2026-09-06T19:39:30.459+01:00 INFO : Decompressing waveform using inline_linear
2026-09-06T19:39:30.464+01:00 INFO : Filtering template 71/96 segment 1/5
2026-09-06T19:39:30.483+01:00 INFO : Filtering template 71/96 segment 2/5
2026-09-06T19:39:30.501+01:00 INFO : 1 points above threshold
2026-09-06T19:39:30.516+01:00 INFO : Filtering template 71/96 segment 3/5
2026-09-06T19:39:30.534+01:00 INFO : 1 points above threshold
2026-09-06T19:39:30.539+01:00 INFO : Filtering template 71/96 segment 4/5
2026-09-06T19:39:30.556+01:00 INFO : 3 points above threshold
2026-09-06T19:39:30.566+01:00 INFO : Filtering template 71/96 segment 5/5
2026-09-06T19:39:30.583+01:00 INFO : 71: generating IMRPhenomD from 30.0 Hz
2026-09-06T19:39:30.586+01:00 INFO : Decompressing waveform using inline_linear
2026-09-06T19:39:30.591+01:00 INFO : Filtering template 72/96 segment 1/5
2026-09-06T19:39:30.611+01:00 INFO : 2 points above threshold
2026-09-06T19:39:30.628+01:00 INFO : Filtering template 72/96 segment 2/5
2026-09-06T19:39:30.645+01:00 INFO : 1 points above threshold
2026-09-06T19:39:30.650+01:00 INFO : Filtering template 72/96 segment 3/5
2026-09-06T19:39:30.668+01:00 INFO : 1 points above threshold
2026-09-06T19:39:30.673+01:00 INFO : Filtering template 72/96 segment 4/5
2026-09-06T19:39:30.691+01:00 INFO : 3 points above threshold
2026-09-06T19:39:30.700+01:00 INFO : Filtering template 72/96 segment 5/5
2026-09-06T19:39:30.717+01:00 INFO : 3 points above threshold
2026-09-06T19:39:30.727+01:00 INFO : 72: generating IMRPhenomD from 30.0 Hz
2026-09-06T19:39:30.729+01:00 INFO : Decompressing waveform using inline_linear
2026-09-06T19:39:30.734+01:00 INFO : Filtering template 73/96 segment 1/5
2026-09-06T19:39:30.754+01:00 INFO : 1 points above threshold
2026-09-06T19:39:30.769+01:00 INFO : Filtering template 73/96 segment 2/5
2026-09-06T19:39:30.787+01:00 INFO : 1 points above threshold
2026-09-06T19:39:30.792+01:00 INFO : Filtering template 73/96 segment 3/5
2026-09-06T19:39:30.810+01:00 INFO : 1 points above threshold
2026-09-06T19:39:30.815+01:00 INFO : Filtering template 73/96 segment 4/5
2026-09-06T19:39:30.832+01:00 INFO : Filtering template 73/96 segment 5/5
2026-09-06T19:39:30.850+01:00 INFO : 1 points above threshold
2026-09-06T19:39:30.855+01:00 INFO : 73: generating IMRPhenomD from 30.0 Hz
2026-09-06T19:39:30.858+01:00 INFO : Decompressing waveform using inline_linear
2026-09-06T19:39:30.863+01:00 INFO : Filtering template 74/96 segment 1/5
2026-09-06T19:39:30.883+01:00 INFO : 3 points above threshold
2026-09-06T19:39:30.902+01:00 INFO : Filtering template 74/96 segment 2/5
2026-09-06T19:39:30.919+01:00 INFO : 3 points above threshold
2026-09-06T19:39:30.928+01:00 INFO : Filtering template 74/96 segment 3/5
2026-09-06T19:39:30.946+01:00 INFO : Filtering template 74/96 segment 4/5
2026-09-06T19:39:30.964+01:00 INFO : 1 points above threshold
2026-09-06T19:39:30.969+01:00 INFO : Filtering template 74/96 segment 5/5
2026-09-06T19:39:30.987+01:00 INFO : 74: generating IMRPhenomD from 30.0 Hz
2026-09-06T19:39:30.989+01:00 INFO : Decompressing waveform using inline_linear
2026-09-06T19:39:30.994+01:00 INFO : Filtering template 75/96 segment 1/5
2026-09-06T19:39:31.014+01:00 INFO : Filtering template 75/96 segment 2/5
2026-09-06T19:39:31.032+01:00 INFO : 1 points above threshold
2026-09-06T19:39:31.047+01:00 INFO : Filtering template 75/96 segment 3/5
2026-09-06T19:39:31.064+01:00 INFO : 2 points above threshold
2026-09-06T19:39:31.071+01:00 INFO : Filtering template 75/96 segment 4/5
2026-09-06T19:39:31.089+01:00 INFO : Filtering template 75/96 segment 5/5
2026-09-06T19:39:31.106+01:00 INFO : 2 points above threshold
2026-09-06T19:39:31.114+01:00 INFO : 75: generating IMRPhenomD from 30.0 Hz
2026-09-06T19:39:31.116+01:00 INFO : Decompressing waveform using inline_linear
2026-09-06T19:39:31.121+01:00 INFO : Filtering template 76/96 segment 1/5
2026-09-06T19:39:31.141+01:00 INFO : 1 points above threshold
2026-09-06T19:39:31.156+01:00 INFO : Filtering template 76/96 segment 2/5
2026-09-06T19:39:31.174+01:00 INFO : Filtering template 76/96 segment 3/5
2026-09-06T19:39:31.191+01:00 INFO : 1 points above threshold
2026-09-06T19:39:31.197+01:00 INFO : Filtering template 76/96 segment 4/5
2026-09-06T19:39:31.214+01:00 INFO : Filtering template 76/96 segment 5/5
2026-09-06T19:39:31.232+01:00 INFO : 2 points above threshold
2026-09-06T19:39:31.239+01:00 INFO : 76: generating IMRPhenomD from 30.0 Hz
2026-09-06T19:39:31.242+01:00 INFO : Decompressing waveform using inline_linear
2026-09-06T19:39:31.246+01:00 INFO : Filtering template 77/96 segment 1/5
2026-09-06T19:39:31.266+01:00 INFO : Filtering template 77/96 segment 2/5
2026-09-06T19:39:31.284+01:00 INFO : 1 points above threshold
2026-09-06T19:39:31.299+01:00 INFO : Filtering template 77/96 segment 3/5
2026-09-06T19:39:31.317+01:00 INFO : Filtering template 77/96 segment 4/5
2026-09-06T19:39:31.334+01:00 INFO : 1 points above threshold
2026-09-06T19:39:31.340+01:00 INFO : Filtering template 77/96 segment 5/5
2026-09-06T19:39:31.357+01:00 INFO : 77: generating IMRPhenomD from 30.0 Hz
2026-09-06T19:39:31.371+01:00 INFO : Decompressing waveform using inline_linear
2026-09-06T19:39:31.376+01:00 INFO : Filtering template 78/96 segment 1/5
2026-09-06T19:39:31.398+01:00 INFO : Filtering template 78/96 segment 2/5
2026-09-06T19:39:31.416+01:00 INFO : Filtering template 78/96 segment 3/5
2026-09-06T19:39:31.434+01:00 INFO : Filtering template 78/96 segment 4/5
2026-09-06T19:39:31.451+01:00 INFO : 1 points above threshold
2026-09-06T19:39:31.472+01:00 INFO : Filtering template 78/96 segment 5/5
2026-09-06T19:39:31.490+01:00 INFO : 78: generating IMRPhenomD from 30.0 Hz
2026-09-06T19:39:31.493+01:00 INFO : Decompressing waveform using inline_linear
2026-09-06T19:39:31.497+01:00 INFO : Filtering template 79/96 segment 1/5
2026-09-06T19:39:31.517+01:00 INFO : 2 points above threshold
2026-09-06T19:39:31.535+01:00 INFO : Filtering template 79/96 segment 2/5
2026-09-06T19:39:31.553+01:00 INFO : Filtering template 79/96 segment 3/5
2026-09-06T19:39:31.571+01:00 INFO : 1 points above threshold
2026-09-06T19:39:31.576+01:00 INFO : Filtering template 79/96 segment 4/5
2026-09-06T19:39:31.593+01:00 INFO : 1 points above threshold
2026-09-06T19:39:31.598+01:00 INFO : Filtering template 79/96 segment 5/5
2026-09-06T19:39:31.616+01:00 INFO : 3 points above threshold
2026-09-06T19:39:31.625+01:00 INFO : 79: generating IMRPhenomD from 30.0 Hz
2026-09-06T19:39:31.628+01:00 INFO : Decompressing waveform using inline_linear
2026-09-06T19:39:31.633+01:00 INFO : Filtering template 80/96 segment 1/5
2026-09-06T19:39:31.653+01:00 INFO : 2 points above threshold
2026-09-06T19:39:31.671+01:00 INFO : Filtering template 80/96 segment 2/5
2026-09-06T19:39:31.689+01:00 INFO : 1 points above threshold
2026-09-06T19:39:31.694+01:00 INFO : Filtering template 80/96 segment 3/5
2026-09-06T19:39:31.711+01:00 INFO : 1 points above threshold
2026-09-06T19:39:31.716+01:00 INFO : Filtering template 80/96 segment 4/5
2026-09-06T19:39:31.734+01:00 INFO : Filtering template 80/96 segment 5/5
2026-09-06T19:39:31.752+01:00 INFO : 1 points above threshold
2026-09-06T19:39:31.757+01:00 INFO : 80: generating IMRPhenomD from 30.0 Hz
2026-09-06T19:39:31.760+01:00 INFO : Decompressing waveform using inline_linear
2026-09-06T19:39:31.764+01:00 INFO : Filtering template 81/96 segment 1/5
2026-09-06T19:39:31.784+01:00 INFO : 1 points above threshold
2026-09-06T19:39:31.799+01:00 INFO : Filtering template 81/96 segment 2/5
2026-09-06T19:39:31.817+01:00 INFO : 2 points above threshold
2026-09-06T19:39:31.824+01:00 INFO : Filtering template 81/96 segment 3/5
2026-09-06T19:39:31.842+01:00 INFO : 1 points above threshold
2026-09-06T19:39:31.847+01:00 INFO : Filtering template 81/96 segment 4/5
2026-09-06T19:39:31.864+01:00 INFO : Filtering template 81/96 segment 5/5
2026-09-06T19:39:31.882+01:00 INFO : 1 points above threshold
2026-09-06T19:39:31.887+01:00 INFO : 81: generating IMRPhenomD from 30.0 Hz
2026-09-06T19:39:31.890+01:00 INFO : Decompressing waveform using inline_linear
2026-09-06T19:39:31.895+01:00 INFO : Filtering template 82/96 segment 1/5
2026-09-06T19:39:31.915+01:00 INFO : Filtering template 82/96 segment 2/5
2026-09-06T19:39:31.932+01:00 INFO : 2 points above threshold
2026-09-06T19:39:31.949+01:00 INFO : Filtering template 82/96 segment 3/5
2026-09-06T19:39:31.967+01:00 INFO : 1 points above threshold
2026-09-06T19:39:31.972+01:00 INFO : Filtering template 82/96 segment 4/5
2026-09-06T19:39:31.990+01:00 INFO : Filtering template 82/96 segment 5/5
2026-09-06T19:39:32.007+01:00 INFO : 82: generating IMRPhenomD from 30.0 Hz
2026-09-06T19:39:32.010+01:00 INFO : Decompressing waveform using inline_linear
2026-09-06T19:39:32.015+01:00 INFO : Filtering template 83/96 segment 1/5
2026-09-06T19:39:32.035+01:00 INFO : 1 points above threshold
2026-09-06T19:39:32.050+01:00 INFO : Filtering template 83/96 segment 2/5
2026-09-06T19:39:32.068+01:00 INFO : 2 points above threshold
2026-09-06T19:39:32.075+01:00 INFO : Filtering template 83/96 segment 3/5
2026-09-06T19:39:32.092+01:00 INFO : 2 points above threshold
2026-09-06T19:39:32.099+01:00 INFO : Filtering template 83/96 segment 4/5
2026-09-06T19:39:32.117+01:00 INFO : 3 points above threshold
2026-09-06T19:39:32.126+01:00 INFO : Filtering template 83/96 segment 5/5
2026-09-06T19:39:32.143+01:00 INFO : 3 points above threshold
2026-09-06T19:39:32.153+01:00 INFO : 83: generating IMRPhenomD from 30.0 Hz
2026-09-06T19:39:32.156+01:00 INFO : Decompressing waveform using inline_linear
2026-09-06T19:39:32.160+01:00 INFO : Filtering template 84/96 segment 1/5
2026-09-06T19:39:32.180+01:00 INFO : Filtering template 84/96 segment 2/5
2026-09-06T19:39:32.198+01:00 INFO : Filtering template 84/96 segment 3/5
2026-09-06T19:39:32.215+01:00 INFO : 1 points above threshold
2026-09-06T19:39:32.231+01:00 INFO : Filtering template 84/96 segment 4/5
2026-09-06T19:39:32.248+01:00 INFO : 3 points above threshold
2026-09-06T19:39:32.257+01:00 INFO : Filtering template 84/96 segment 5/5
2026-09-06T19:39:32.275+01:00 INFO : 84: generating IMRPhenomD from 30.0 Hz
2026-09-06T19:39:32.278+01:00 INFO : Decompressing waveform using inline_linear
2026-09-06T19:39:32.283+01:00 INFO : Filtering template 85/96 segment 1/5
2026-09-06T19:39:32.303+01:00 INFO : 1 points above threshold
2026-09-06T19:39:32.318+01:00 INFO : Filtering template 85/96 segment 2/5
2026-09-06T19:39:32.335+01:00 INFO : 2 points above threshold
2026-09-06T19:39:32.342+01:00 INFO : Filtering template 85/96 segment 3/5
2026-09-06T19:39:32.360+01:00 INFO : 1 points above threshold
2026-09-06T19:39:32.365+01:00 INFO : Filtering template 85/96 segment 4/5
2026-09-06T19:39:32.383+01:00 INFO : 3 points above threshold
2026-09-06T19:39:32.392+01:00 INFO : Filtering template 85/96 segment 5/5
2026-09-06T19:39:32.409+01:00 INFO : 2 points above threshold
2026-09-06T19:39:32.416+01:00 INFO : 85: generating IMRPhenomD from 30.0 Hz
2026-09-06T19:39:32.419+01:00 INFO : Decompressing waveform using inline_linear
2026-09-06T19:39:32.424+01:00 INFO : Filtering template 86/96 segment 1/5
2026-09-06T19:39:32.444+01:00 INFO : 2 points above threshold
2026-09-06T19:39:32.461+01:00 INFO : Filtering template 86/96 segment 2/5
2026-09-06T19:39:32.478+01:00 INFO : 2 points above threshold
2026-09-06T19:39:32.485+01:00 INFO : Filtering template 86/96 segment 3/5
2026-09-06T19:39:32.503+01:00 INFO : 1 points above threshold
2026-09-06T19:39:32.508+01:00 INFO : Filtering template 86/96 segment 4/5
2026-09-06T19:39:32.526+01:00 INFO : 1 points above threshold
2026-09-06T19:39:32.531+01:00 INFO : Filtering template 86/96 segment 5/5
2026-09-06T19:39:32.548+01:00 INFO : 2 points above threshold
2026-09-06T19:39:32.555+01:00 INFO : 86: generating IMRPhenomD from 30.0 Hz
2026-09-06T19:39:32.558+01:00 INFO : Decompressing waveform using inline_linear
2026-09-06T19:39:32.563+01:00 INFO : Filtering template 87/96 segment 1/5
2026-09-06T19:39:32.583+01:00 INFO : 1 points above threshold
2026-09-06T19:39:32.598+01:00 INFO : Filtering template 87/96 segment 2/5
2026-09-06T19:39:32.615+01:00 INFO : 2 points above threshold
2026-09-06T19:39:32.622+01:00 INFO : Filtering template 87/96 segment 3/5
2026-09-06T19:39:32.640+01:00 INFO : 1 points above threshold
2026-09-06T19:39:32.645+01:00 INFO : Filtering template 87/96 segment 4/5
2026-09-06T19:39:32.663+01:00 INFO : 1 points above threshold
2026-09-06T19:39:32.668+01:00 INFO : Filtering template 87/96 segment 5/5
2026-09-06T19:39:32.685+01:00 INFO : 1 points above threshold
2026-09-06T19:39:32.691+01:00 INFO : 87: generating IMRPhenomD from 30.0 Hz
2026-09-06T19:39:32.693+01:00 INFO : Decompressing waveform using inline_linear
2026-09-06T19:39:32.698+01:00 INFO : Filtering template 88/96 segment 1/5
2026-09-06T19:39:32.718+01:00 INFO : 2 points above threshold
2026-09-06T19:39:32.735+01:00 INFO : Filtering template 88/96 segment 2/5
2026-09-06T19:39:32.752+01:00 INFO : 1 points above threshold
2026-09-06T19:39:32.758+01:00 INFO : Filtering template 88/96 segment 3/5
2026-09-06T19:39:32.775+01:00 INFO : Filtering template 88/96 segment 4/5
2026-09-06T19:39:32.793+01:00 INFO : Filtering template 88/96 segment 5/5
2026-09-06T19:39:32.810+01:00 INFO : 2 points above threshold
2026-09-06T19:39:32.818+01:00 INFO : 88: generating IMRPhenomD from 30.0 Hz
2026-09-06T19:39:32.820+01:00 INFO : Decompressing waveform using inline_linear
2026-09-06T19:39:32.825+01:00 INFO : Filtering template 89/96 segment 1/5
2026-09-06T19:39:32.845+01:00 INFO : 2 points above threshold
2026-09-06T19:39:32.863+01:00 INFO : Filtering template 89/96 segment 2/5
2026-09-06T19:39:32.880+01:00 INFO : 1 points above threshold
2026-09-06T19:39:32.886+01:00 INFO : Filtering template 89/96 segment 3/5
2026-09-06T19:39:32.903+01:00 INFO : 2 points above threshold
2026-09-06T19:39:32.910+01:00 INFO : Filtering template 89/96 segment 4/5
2026-09-06T19:39:32.928+01:00 INFO : Filtering template 89/96 segment 5/5
2026-09-06T19:39:32.945+01:00 INFO : 89: generating IMRPhenomD from 30.0 Hz
2026-09-06T19:39:32.948+01:00 INFO : Decompressing waveform using inline_linear
2026-09-06T19:39:32.953+01:00 INFO : Filtering template 90/96 segment 1/5
2026-09-06T19:39:32.973+01:00 INFO : Filtering template 90/96 segment 2/5
2026-09-06T19:39:32.991+01:00 INFO : 1 points above threshold
2026-09-06T19:39:33.006+01:00 INFO : Filtering template 90/96 segment 3/5
2026-09-06T19:39:33.024+01:00 INFO : 3 points above threshold
2026-09-06T19:39:33.033+01:00 INFO : Filtering template 90/96 segment 4/5
2026-09-06T19:39:33.050+01:00 INFO : Filtering template 90/96 segment 5/5
2026-09-06T19:39:33.068+01:00 INFO : 1 points above threshold
2026-09-06T19:39:33.073+01:00 INFO : 90: generating IMRPhenomD from 30.0 Hz
2026-09-06T19:39:33.076+01:00 INFO : Decompressing waveform using inline_linear
2026-09-06T19:39:33.081+01:00 INFO : Filtering template 91/96 segment 1/5
2026-09-06T19:39:33.101+01:00 INFO : Filtering template 91/96 segment 2/5
2026-09-06T19:39:33.118+01:00 INFO : 2 points above threshold
2026-09-06T19:39:33.135+01:00 INFO : Filtering template 91/96 segment 3/5
2026-09-06T19:39:33.153+01:00 INFO : 3 points above threshold
2026-09-06T19:39:33.162+01:00 INFO : Filtering template 91/96 segment 4/5
2026-09-06T19:39:33.180+01:00 INFO : Filtering template 91/96 segment 5/5
2026-09-06T19:39:33.197+01:00 INFO : 1 points above threshold
2026-09-06T19:39:33.202+01:00 INFO : 91: generating IMRPhenomD from 30.0 Hz
2026-09-06T19:39:33.205+01:00 INFO : Decompressing waveform using inline_linear
2026-09-06T19:39:33.210+01:00 INFO : Filtering template 92/96 segment 1/5
2026-09-06T19:39:33.230+01:00 INFO : 2 points above threshold
2026-09-06T19:39:33.247+01:00 INFO : Filtering template 92/96 segment 2/5
2026-09-06T19:39:33.264+01:00 INFO : 1 points above threshold
2026-09-06T19:39:33.269+01:00 INFO : Filtering template 92/96 segment 3/5
2026-09-06T19:39:33.287+01:00 INFO : 2 points above threshold
2026-09-06T19:39:33.294+01:00 INFO : Filtering template 92/96 segment 4/5
2026-09-06T19:39:33.311+01:00 INFO : 1 points above threshold
2026-09-06T19:39:33.317+01:00 INFO : Filtering template 92/96 segment 5/5
2026-09-06T19:39:33.334+01:00 INFO : 1 points above threshold
2026-09-06T19:39:33.339+01:00 INFO : 92: generating IMRPhenomD from 30.0 Hz
2026-09-06T19:39:33.342+01:00 INFO : Decompressing waveform using inline_linear
2026-09-06T19:39:33.347+01:00 INFO : Filtering template 93/96 segment 1/5
2026-09-06T19:39:33.367+01:00 INFO : Filtering template 93/96 segment 2/5
2026-09-06T19:39:33.384+01:00 INFO : 3 points above threshold
2026-09-06T19:39:33.403+01:00 INFO : Filtering template 93/96 segment 3/5
2026-09-06T19:39:33.421+01:00 INFO : 3 points above threshold
2026-09-06T19:39:33.430+01:00 INFO : Filtering template 93/96 segment 4/5
2026-09-06T19:39:33.448+01:00 INFO : 1 points above threshold
2026-09-06T19:39:33.453+01:00 INFO : Filtering template 93/96 segment 5/5
2026-09-06T19:39:33.470+01:00 INFO : 1 points above threshold
2026-09-06T19:39:33.476+01:00 INFO : 93: generating IMRPhenomD from 30.0 Hz
2026-09-06T19:39:33.478+01:00 INFO : Decompressing waveform using inline_linear
2026-09-06T19:39:33.483+01:00 INFO : Filtering template 94/96 segment 1/5
2026-09-06T19:39:33.503+01:00 INFO : 1 points above threshold
2026-09-06T19:39:33.518+01:00 INFO : Filtering template 94/96 segment 2/5
2026-09-06T19:39:33.536+01:00 INFO : 2 points above threshold
2026-09-06T19:39:33.543+01:00 INFO : Filtering template 94/96 segment 3/5
2026-09-06T19:39:33.560+01:00 INFO : 4 points above threshold
2026-09-06T19:39:33.569+01:00 INFO : Filtering template 94/96 segment 4/5
2026-09-06T19:39:33.586+01:00 INFO : Filtering template 94/96 segment 5/5
2026-09-06T19:39:33.604+01:00 INFO : 2 points above threshold
2026-09-06T19:39:33.611+01:00 INFO : 94: generating IMRPhenomD from 30.0 Hz
2026-09-06T19:39:33.614+01:00 INFO : Decompressing waveform using inline_linear
2026-09-06T19:39:33.619+01:00 INFO : Filtering template 95/96 segment 1/5
2026-09-06T19:39:33.638+01:00 INFO : 3 points above threshold
2026-09-06T19:39:33.657+01:00 INFO : Filtering template 95/96 segment 2/5
2026-09-06T19:39:33.675+01:00 INFO : 2 points above threshold
2026-09-06T19:39:33.682+01:00 INFO : Filtering template 95/96 segment 3/5
2026-09-06T19:39:33.700+01:00 INFO : 2 points above threshold
2026-09-06T19:39:33.707+01:00 INFO : Filtering template 95/96 segment 4/5
2026-09-06T19:39:33.724+01:00 INFO : 1 points above threshold
2026-09-06T19:39:33.729+01:00 INFO : Filtering template 95/96 segment 5/5
2026-09-06T19:39:33.747+01:00 INFO : 95: generating IMRPhenomD from 30.0 Hz
2026-09-06T19:39:33.750+01:00 INFO : Decompressing waveform using inline_linear
2026-09-06T19:39:33.755+01:00 INFO : Filtering template 96/96 segment 1/5
2026-09-06T19:39:33.775+01:00 INFO : 2 points above threshold
2026-09-06T19:39:33.792+01:00 INFO : Filtering template 96/96 segment 2/5
2026-09-06T19:39:33.809+01:00 INFO : Filtering template 96/96 segment 3/5
2026-09-06T19:39:33.827+01:00 INFO : Filtering template 96/96 segment 4/5
2026-09-06T19:39:33.844+01:00 INFO : 1 points above threshold
2026-09-06T19:39:33.849+01:00 INFO : Filtering template 96/96 segment 5/5
2026-09-06T19:39:33.867+01:00 INFO : We currently have 527 triggers
2026-09-06T19:39:33.867+01:00 INFO : Removing triggers with NewSNR below threshold
2026-09-06T19:39:33.868+01:00 INFO : 475 remaining triggers
2026-09-06T19:39:33.868+01:00 INFO : Outputting 475 triggers
2026-09-06T19:39:33.868+01:00 INFO : Writing out triggers
2026-09-06T19:39:33.878+01:00 INFO : Finished
Traceback (most recent call last):
  File "/home/xangma/pycbc-torch-inspiral-reference-20260906/capture-chisq-inputs-v4.py", line 150, in <module>
    sys.exit(main())
             ^^^^^^
  File "/home/xangma/pycbc-torch-inspiral-reference-20260906/capture-chisq-inputs-v4.py", line 136, in main
    assert len(record['captures']) == 5, len(record['captures'])
           ^^^^^^^^^^^^^^^^^^^^^^^^^^^^
AssertionError: 3
