1048576 legacy_fftw_single cold 0.06703332596225664 median 0.0229278719634749
1048576 legacy_mkl_single cold 0.024199626001063734 median 0.007011284003965557
1048576 legacy_mkl_double cold 0.0168177509913221 median 0.015389261010568589
1048576 current_torch_dispatch cold 0.0026044329861178994 median 0.025552973966114223
1048576 fftw_double_workspace_one_native_thread cold 0.00029695098055526614 median 0.02542609500233084
1048576 mkl_single_direct cold 0.012945371970999986 median 0.007005903986282647
1048576 mkl_double_workspace cold 0.016653150029014796 median 0.017431761953048408
1048576 completed 7 dense
1048576 completed 7 banded
1048576 completed 7 impulse
1048576 completed 91 dense
1048576 completed 91 banded
1048576 completed 91 impulse
1048576 completed 812 dense
1048576 completed 812 banded
1048576 completed 812 impulse
1048576 completed 20260906 dense
1048576 completed 20260906 banded
1048576 completed 20260906 impulse
2097152 legacy_fftw_single cold 0.006637065962422639 median 0.07467917795293033
2097152 legacy_mkl_single cold 0.022331554035190493 median 0.015956903982441872
2097152 legacy_mkl_double cold 0.024114835017826408 median 0.03229889599606395
2097152 current_torch_dispatch cold 0.004169761959929019 median 0.0554668300319463
2097152 fftw_double_workspace_one_native_thread cold 0.0003687670105136931 median 0.05529263103380799
2097152 mkl_single_direct cold 0.020309972984250635 median 0.016032084997277707
2097152 mkl_double_workspace cold 0.030645220016594976 median 0.0368202009703964
2097152 completed 7 dense
2097152 completed 7 banded
2097152 completed 7 impulse
2097152 completed 91 dense
2097152 completed 91 banded
2097152 completed 91 impulse
2097152 completed 812 dense
2097152 completed 812 banded
2097152 completed 812 impulse
2097152 completed 20260906 dense
2097152 completed 20260906 banded
2097152 completed 20260906 impulse
4194304 legacy_fftw_single cold 0.011475572013296187 median 0.1670144529780373
4194304 legacy_mkl_single cold 0.04481881996616721 median 0.03299510997021571
4194304 legacy_mkl_double cold 0.07009797403588891 median 0.06615220499224961
4194304 current_torch_dispatch cold 0.0026177780237048864 median 0.12514493701746687
4194304 fftw_double_workspace_one_native_thread cold 0.0003423269954510033 median 0.12974067404866219
4194304 mkl_single_direct cold 0.04040256096050143 median 0.03310123004484922
4194304 mkl_double_workspace cold 0.060782014043070376 median 0.07490802503889427
4194304 completed 7 dense
4194304 completed 7 banded
4194304 completed 7 impulse
4194304 completed 91 dense
4194304 completed 91 banded
4194304 completed 91 impulse
4194304 completed 812 dense
4194304 completed 812 banded
4194304 completed 812 impulse
4194304 completed 20260906 dense
4194304 completed 20260906 banded
4194304 completed 20260906 impulse
