1048576 legacy_fftw_single cold 0.0669062479864806 median 0.025266451993957162
1048576 legacy_mkl_single cold 0.02400897501502186 median 0.006975573021918535
1048576 legacy_mkl_double cold 0.016909928992390633 median 0.015442024974618107
1048576 current_torch_dispatch cold 0.017042780003976077 median 0.01747161999810487
1048576 fftw_double_workspace_one_native_thread cold 0.002246636024210602 median 0.025461671000812203
1048576 mkl_single_direct cold 0.012903846974950284 median 0.007039133983198553
1048576 mkl_double_workspace cold 0.01659842999652028 median 0.0174825310241431
1048576 completed 7 dense
1048576 completed 7 banded
1048576 completed 7 impulse
1048576 completed 91 dense
1048576 completed 91 banded
1048576 completed 91 impulse
1048576 completed 812 dense
1048576 completed 812 banded
1048576 completed 812 impulse
1048576 completed 20260906 dense
1048576 completed 20260906 banded
1048576 completed 20260906 impulse
2097152 legacy_fftw_single cold 0.006616844970267266 median 0.09765562094980851
2097152 legacy_mkl_single cold 0.022434740036260337 median 0.01591378601733595
2097152 legacy_mkl_double cold 0.024191879958380014 median 0.032396466995123774
2097152 current_torch_dispatch cold 0.03092847199877724 median 0.03692383301677182
2097152 fftw_double_workspace_one_native_thread cold 0.004105098021682352 median 0.05564496398437768
2097152 mkl_single_direct cold 0.025917752005625516 median 0.01599702303064987
2097152 mkl_double_workspace cold 0.03078806702978909 median 0.03686551202554256
2097152 completed 7 dense
2097152 completed 7 banded
2097152 completed 7 impulse
2097152 completed 91 dense
2097152 completed 91 banded
2097152 completed 91 impulse
2097152 completed 812 dense
2097152 completed 812 banded
2097152 completed 812 impulse
2097152 completed 20260906 dense
2097152 completed 20260906 banded
2097152 completed 20260906 impulse
4194304 legacy_fftw_single cold 0.011506205017212778 median 0.16997858101967722
4194304 legacy_mkl_single cold 0.04479312396142632 median 0.033135753008536994
4194304 legacy_mkl_double cold 0.047959659015759826 median 0.06549700204050168
4194304 current_torch_dispatch cold 0.06173881998984143 median 0.07480105495778844
4194304 fftw_double_workspace_one_native_thread cold 0.002441112999804318 median 0.1253101920010522
4194304 mkl_single_direct cold 0.04052919504465535 median 0.03317171102389693
4194304 mkl_double_workspace cold 0.06127993197878823 median 0.07479730900377035
4194304 completed 7 dense
4194304 completed 7 banded
4194304 completed 7 impulse
4194304 completed 91 dense
4194304 completed 91 banded
4194304 completed 91 impulse
4194304 completed 812 dense
4194304 completed 812 banded
4194304 completed 812 impulse
4194304 completed 20260906 dense
4194304 completed 20260906 banded
4194304 completed 20260906 impulse
