No CuPy
No CuPy or GPU PhenomHM module.
No CuPy or GPU response available.
No CuPy or GPU interpolation available.
{"template": "longest", "length": 256, "start_pad": 96, "placement": "first_valid", "passed": true, "relative_complex_error": 1.8258853237899802e-05}
{"template": "longest", "length": 256, "start_pad": 96, "placement": "midpoint", "passed": true, "relative_complex_error": 2.130778483493252e-05}
{"template": "longest", "length": 256, "start_pad": 96, "placement": "last_valid", "passed": true, "relative_complex_error": 2.4513617953031438e-05}
{"template": "longest", "length": 256, "start_pad": 112, "placement": "first_valid", "passed": true, "relative_complex_error": 1.9146602344197987e-05}
{"template": "longest", "length": 256, "start_pad": 112, "placement": "midpoint", "passed": true, "relative_complex_error": 2.1553792389917277e-05}
{"template": "longest", "length": 256, "start_pad": 112, "placement": "last_valid", "passed": true, "relative_complex_error": 2.4513617953031438e-05}
{"template": "longest", "length": 512, "start_pad": 96, "placement": "first_valid", "passed": true, "relative_complex_error": 8.889184909588898e-06}
{"template": "longest", "length": 512, "start_pad": 96, "placement": "midpoint", "passed": true, "relative_complex_error": 7.911963221373469e-06}
{"template": "longest", "length": 512, "start_pad": 96, "placement": "last_valid", "passed": true, "relative_complex_error": 1.659662472640285e-05}
{"template": "longest", "length": 512, "start_pad": 112, "placement": "first_valid", "passed": true, "relative_complex_error": 9.05564942877775e-06}
{"template": "longest", "length": 512, "start_pad": 112, "placement": "midpoint", "passed": true, "relative_complex_error": 7.890878444435085e-06}
{"template": "longest", "length": 512, "start_pad": 112, "placement": "last_valid", "passed": true, "relative_complex_error": 1.659662472640285e-05}
{"template": "longest", "length": 1024, "start_pad": 96, "placement": "first_valid", "passed": true, "relative_complex_error": 4.3602815867320104e-06}
{"template": "longest", "length": 1024, "start_pad": 96, "placement": "midpoint", "passed": true, "relative_complex_error": 3.467853176110063e-06}
{"template": "longest", "length": 1024, "start_pad": 96, "placement": "last_valid", "passed": true, "relative_complex_error": 1.3287516098093667e-05}
{"template": "longest", "length": 1024, "start_pad": 112, "placement": "first_valid", "passed": true, "relative_complex_error": 4.3389007676494845e-06}
{"template": "longest", "length": 1024, "start_pad": 112, "placement": "midpoint", "passed": true, "relative_complex_error": 3.466372312647085e-06}
{"template": "longest", "length": 1024, "start_pad": 112, "placement": "last_valid", "passed": true, "relative_complex_error": 1.3287516098093667e-05}
{"template": "shortest", "length": 256, "start_pad": 96, "placement": "first_valid", "passed": true, "relative_complex_error": 3.817599842292011e-07}
{"template": "shortest", "length": 256, "start_pad": 96, "placement": "midpoint", "passed": true, "relative_complex_error": 5.387208726156253e-07}
{"template": "shortest", "length": 256, "start_pad": 96, "placement": "last_valid", "passed": true, "relative_complex_error": 8.75481229783937e-07}
{"template": "shortest", "length": 256, "start_pad": 112, "placement": "first_valid", "passed": true, "relative_complex_error": 4.281887415944197e-07}
{"template": "shortest", "length": 256, "start_pad": 112, "placement": "midpoint", "passed": true, "relative_complex_error": 5.512652965650255e-07}
{"template": "shortest", "length": 256, "start_pad": 112, "placement": "last_valid", "passed": true, "relative_complex_error": 8.75481229783937e-07}
{"template": "shortest", "length": 512, "start_pad": 96, "placement": "first_valid", "passed": true, "relative_complex_error": 2.1446791984957546e-07}
{"template": "shortest", "length": 512, "start_pad": 96, "placement": "midpoint", "passed": true, "relative_complex_error": 1.8204717710400815e-07}
{"template": "shortest", "length": 512, "start_pad": 96, "placement": "last_valid", "passed": true, "relative_complex_error": 6.31250781426945e-07}
{"template": "shortest", "length": 512, "start_pad": 112, "placement": "first_valid", "passed": true, "relative_complex_error": 1.8987031011015188e-07}
{"template": "shortest", "length": 512, "start_pad": 112, "placement": "midpoint", "passed": true, "relative_complex_error": 1.853584535697644e-07}
{"template": "shortest", "length": 512, "start_pad": 112, "placement": "last_valid", "passed": true, "relative_complex_error": 6.31250781426945e-07}
{"template": "shortest", "length": 1024, "start_pad": 96, "placement": "first_valid", "passed": true, "relative_complex_error": 1.938000893675634e-07}
{"template": "shortest", "length": 1024, "start_pad": 96, "placement": "midpoint", "passed": true, "relative_complex_error": 7.044229585005659e-08}
{"template": "shortest", "length": 1024, "start_pad": 96, "placement": "last_valid", "passed": true, "relative_complex_error": 6.226087819765554e-07}
{"template": "shortest", "length": 1024, "start_pad": 112, "placement": "first_valid", "passed": true, "relative_complex_error": 1.6515406500544951e-07}
{"template": "shortest", "length": 1024, "start_pad": 112, "placement": "midpoint", "passed": true, "relative_complex_error": 7.057407843070638e-08}
{"template": "shortest", "length": 1024, "start_pad": 112, "placement": "last_valid", "passed": true, "relative_complex_error": 6.226087819765554e-07}
