2026-09-06T21:20:42.281+01:00 INFO : Running with Torch support on device cpu
2026-09-06T21:20:42.281+01:00 INFO : Reading Frames
2026-09-06T21:20:48.975+01:00 INFO : Highpass Filtering
2026-09-06T21:20:49.428+01:00 INFO : Resampling data
2026-09-06T21:20:49.440+01:00 INFO : Converting to float32
/home/xangma/pycbc-torch-inspiral-reference-20260906/source-v6/pycbc/types/array.py:872: RuntimeWarning: divide by zero encountered in divide
  return self._data.__rtruediv__(other)
2026-09-06T21:20:54.523+01:00 INFO : Highpass Filtering
2026-09-06T21:20:54.990+01:00 INFO : Remove Padding
2026-09-06T21:20:55.013+01:00 INFO : Making frequency-domain data segments
2026-09-06T21:20:57.379+01:00 INFO : Overwhitening frequency-domain data segments
2026-09-06T21:20:57.403+01:00 INFO : Read in template bank
2026-09-06T21:20:57.413+01:00 INFO : Full template bank size: 96
2026-09-06T21:20:57.413+01:00 INFO : Template bank size after thinning: 96
2026-09-06T21:20:57.413+01:00 INFO : 0: generating IMRPhenomD from 30.0 Hz
2026-09-06T21:20:57.416+01:00 INFO : Decompressing waveform using inline_linear
2026-09-06T21:20:57.424+01:00 INFO : Filtering template 1/96 segment 1/5
2026-09-06T21:20:57.516+01:00 INFO : 1 points above threshold
2026-09-06T21:20:57.547+01:00 INFO : Filtering template 1/96 segment 2/5
2026-09-06T21:20:57.588+01:00 INFO : Filtering template 1/96 segment 3/5
2026-09-06T21:20:57.628+01:00 INFO : 1 points above threshold
2026-09-06T21:20:57.635+01:00 INFO : Filtering template 1/96 segment 4/5
2026-09-06T21:20:57.676+01:00 INFO : Filtering template 1/96 segment 5/5
2026-09-06T21:20:57.716+01:00 INFO : 1 points above threshold
2026-09-06T21:20:57.723+01:00 INFO : 1: generating IMRPhenomD from 30.0 Hz
2026-09-06T21:20:57.725+01:00 INFO : Decompressing waveform using inline_linear
2026-09-06T21:20:57.730+01:00 INFO : Filtering template 2/96 segment 1/5
2026-09-06T21:20:57.781+01:00 INFO : 1 points above threshold
2026-09-06T21:20:57.803+01:00 INFO : Filtering template 2/96 segment 2/5
2026-09-06T21:20:57.843+01:00 INFO : 1 points above threshold
2026-09-06T21:20:57.852+01:00 INFO : Filtering template 2/96 segment 3/5
2026-09-06T21:20:57.893+01:00 INFO : 2 points above threshold
2026-09-06T21:20:57.901+01:00 INFO : Filtering template 2/96 segment 4/5
2026-09-06T21:20:57.941+01:00 INFO : Filtering template 2/96 segment 5/5
2026-09-06T21:20:57.982+01:00 INFO : 1 points above threshold
2026-09-06T21:20:57.989+01:00 INFO : 2: generating IMRPhenomD from 30.0 Hz
2026-09-06T21:20:57.991+01:00 INFO : Decompressing waveform using inline_linear
2026-09-06T21:20:57.996+01:00 INFO : Filtering template 3/96 segment 1/5
2026-09-06T21:20:58.047+01:00 INFO : 3 points above threshold
2026-09-06T21:20:58.069+01:00 INFO : Filtering template 3/96 segment 2/5
2026-09-06T21:20:58.110+01:00 INFO : Filtering template 3/96 segment 3/5
2026-09-06T21:20:58.150+01:00 INFO : 1 points above threshold
2026-09-06T21:20:58.156+01:00 INFO : Filtering template 3/96 segment 4/5
2026-09-06T21:20:58.197+01:00 INFO : 1 points above threshold
2026-09-06T21:20:58.203+01:00 INFO : Filtering template 3/96 segment 5/5
2026-09-06T21:20:58.244+01:00 INFO : 3: generating IMRPhenomD from 30.0 Hz
2026-09-06T21:20:58.246+01:00 INFO : Decompressing waveform using inline_linear
2026-09-06T21:20:58.251+01:00 INFO : Filtering template 4/96 segment 1/5
2026-09-06T21:20:58.302+01:00 INFO : 1 points above threshold
2026-09-06T21:20:58.326+01:00 INFO : Filtering template 4/96 segment 2/5
2026-09-06T21:20:58.367+01:00 INFO : 1 points above threshold
2026-09-06T21:20:58.373+01:00 INFO : Filtering template 4/96 segment 3/5
2026-09-06T21:20:58.414+01:00 INFO : 2 points above threshold
2026-09-06T21:20:58.422+01:00 INFO : Filtering template 4/96 segment 4/5
2026-09-06T21:20:58.462+01:00 INFO : 2 points above threshold
2026-09-06T21:20:58.470+01:00 INFO : Filtering template 4/96 segment 5/5
2026-09-06T21:20:58.511+01:00 INFO : 2 points above threshold
2026-09-06T21:20:58.519+01:00 INFO : 4: generating IMRPhenomD from 30.0 Hz
2026-09-06T21:20:58.522+01:00 INFO : Decompressing waveform using inline_linear
2026-09-06T21:20:58.527+01:00 INFO : Filtering template 5/96 segment 1/5
2026-09-06T21:20:58.577+01:00 INFO : 1 points above threshold
2026-09-06T21:20:58.596+01:00 INFO : Filtering template 5/96 segment 2/5
2026-09-06T21:20:58.636+01:00 INFO : 2 points above threshold
2026-09-06T21:20:58.644+01:00 INFO : Filtering template 5/96 segment 3/5
2026-09-06T21:20:58.685+01:00 INFO : 2 points above threshold
2026-09-06T21:20:58.693+01:00 INFO : Filtering template 5/96 segment 4/5
2026-09-06T21:20:58.735+01:00 INFO : 2 points above threshold
2026-09-06T21:20:58.744+01:00 INFO : Filtering template 5/96 segment 5/5
2026-09-06T21:20:58.788+01:00 INFO : 5: generating IMRPhenomD from 30.0 Hz
2026-09-06T21:20:58.791+01:00 INFO : Decompressing waveform using inline_linear
2026-09-06T21:20:58.796+01:00 INFO : Filtering template 6/96 segment 1/5
2026-09-06T21:20:58.848+01:00 INFO : 1 points above threshold
2026-09-06T21:20:58.867+01:00 INFO : Filtering template 6/96 segment 2/5
2026-09-06T21:20:58.908+01:00 INFO : Filtering template 6/96 segment 3/5
2026-09-06T21:20:58.948+01:00 INFO : Filtering template 6/96 segment 4/5
2026-09-06T21:20:58.989+01:00 INFO : Filtering template 6/96 segment 5/5
2026-09-06T21:20:59.029+01:00 INFO : 1 points above threshold
2026-09-06T21:20:59.035+01:00 INFO : 6: generating IMRPhenomD from 30.0 Hz
2026-09-06T21:20:59.038+01:00 INFO : Decompressing waveform using inline_linear
2026-09-06T21:20:59.043+01:00 INFO : Filtering template 7/96 segment 1/5
2026-09-06T21:20:59.093+01:00 INFO : 2 points above threshold
2026-09-06T21:20:59.117+01:00 INFO : Filtering template 7/96 segment 2/5
2026-09-06T21:20:59.157+01:00 INFO : Filtering template 7/96 segment 3/5
2026-09-06T21:20:59.198+01:00 INFO : Filtering template 7/96 segment 4/5
2026-09-06T21:20:59.238+01:00 INFO : 1 points above threshold
2026-09-06T21:20:59.244+01:00 INFO : Filtering template 7/96 segment 5/5
2026-09-06T21:20:59.285+01:00 INFO : 7: generating IMRPhenomD from 30.0 Hz
2026-09-06T21:20:59.287+01:00 INFO : Decompressing waveform using inline_linear
2026-09-06T21:20:59.292+01:00 INFO : Filtering template 8/96 segment 1/5
2026-09-06T21:20:59.343+01:00 INFO : 2 points above threshold
2026-09-06T21:20:59.366+01:00 INFO : Filtering template 8/96 segment 2/5
2026-09-06T21:20:59.407+01:00 INFO : 1 points above threshold
2026-09-06T21:20:59.413+01:00 INFO : Filtering template 8/96 segment 3/5
2026-09-06T21:20:59.453+01:00 INFO : 4 points above threshold
2026-09-06T21:20:59.462+01:00 INFO : Filtering template 8/96 segment 4/5
2026-09-06T21:20:59.503+01:00 INFO : Filtering template 8/96 segment 5/5
2026-09-06T21:20:59.543+01:00 INFO : 8: generating IMRPhenomD from 30.0 Hz
2026-09-06T21:20:59.546+01:00 INFO : Decompressing waveform using inline_linear
2026-09-06T21:20:59.551+01:00 INFO : Filtering template 9/96 segment 1/5
2026-09-06T21:20:59.601+01:00 INFO : Filtering template 9/96 segment 2/5
2026-09-06T21:20:59.642+01:00 INFO : 1 points above threshold
2026-09-06T21:20:59.663+01:00 INFO : Filtering template 9/96 segment 3/5
2026-09-06T21:20:59.704+01:00 INFO : 2 points above threshold
2026-09-06T21:20:59.711+01:00 INFO : Filtering template 9/96 segment 4/5
2026-09-06T21:20:59.752+01:00 INFO : 1 points above threshold
2026-09-06T21:20:59.758+01:00 INFO : Filtering template 9/96 segment 5/5
2026-09-06T21:20:59.799+01:00 INFO : 3 points above threshold
2026-09-06T21:20:59.809+01:00 INFO : 9: generating IMRPhenomD from 30.0 Hz
2026-09-06T21:20:59.812+01:00 INFO : Decompressing waveform using inline_linear
2026-09-06T21:20:59.816+01:00 INFO : Filtering template 10/96 segment 1/5
2026-09-06T21:20:59.867+01:00 INFO : 1 points above threshold
2026-09-06T21:20:59.888+01:00 INFO : Filtering template 10/96 segment 2/5
2026-09-06T21:20:59.929+01:00 INFO : 1 points above threshold
2026-09-06T21:20:59.935+01:00 INFO : Filtering template 10/96 segment 3/5
2026-09-06T21:20:59.975+01:00 INFO : Filtering template 10/96 segment 4/5
2026-09-06T21:21:00.016+01:00 INFO : 2 points above threshold
2026-09-06T21:21:00.024+01:00 INFO : Filtering template 10/96 segment 5/5
2026-09-06T21:21:00.064+01:00 INFO : 1 points above threshold
2026-09-06T21:21:00.070+01:00 INFO : 10: generating IMRPhenomD from 30.0 Hz
2026-09-06T21:21:00.073+01:00 INFO : Decompressing waveform using inline_linear
2026-09-06T21:21:00.078+01:00 INFO : Filtering template 11/96 segment 1/5
2026-09-06T21:21:00.128+01:00 INFO : 4 points above threshold
2026-09-06T21:21:00.156+01:00 INFO : Filtering template 11/96 segment 2/5
2026-09-06T21:21:00.196+01:00 INFO : 2 points above threshold
2026-09-06T21:21:00.204+01:00 INFO : Filtering template 11/96 segment 3/5
2026-09-06T21:21:00.244+01:00 INFO : 1 points above threshold
2026-09-06T21:21:00.250+01:00 INFO : Filtering template 11/96 segment 4/5
2026-09-06T21:21:00.291+01:00 INFO : Filtering template 11/96 segment 5/5
2026-09-06T21:21:00.332+01:00 INFO : 11: generating IMRPhenomD from 30.0 Hz
2026-09-06T21:21:00.334+01:00 INFO : Decompressing waveform using inline_linear
2026-09-06T21:21:00.339+01:00 INFO : Filtering template 12/96 segment 1/5
2026-09-06T21:21:00.390+01:00 INFO : 1 points above threshold
2026-09-06T21:21:00.417+01:00 INFO : Filtering template 12/96 segment 2/5
2026-09-06T21:21:00.458+01:00 INFO : 1 points above threshold
2026-09-06T21:21:00.464+01:00 INFO : Filtering template 12/96 segment 3/5
2026-09-06T21:21:00.504+01:00 INFO : 1 points above threshold
2026-09-06T21:21:00.510+01:00 INFO : Filtering template 12/96 segment 4/5
2026-09-06T21:21:00.550+01:00 INFO : 3 points above threshold
2026-09-06T21:21:00.560+01:00 INFO : Filtering template 12/96 segment 5/5
2026-09-06T21:21:00.601+01:00 INFO : 12: generating IMRPhenomD from 30.0 Hz
2026-09-06T21:21:00.604+01:00 INFO : Decompressing waveform using inline_linear
2026-09-06T21:21:00.609+01:00 INFO : Filtering template 13/96 segment 1/5
2026-09-06T21:21:00.659+01:00 INFO : Filtering template 13/96 segment 2/5
2026-09-06T21:21:00.700+01:00 INFO : 4 points above threshold
2026-09-06T21:21:00.728+01:00 INFO : Filtering template 13/96 segment 3/5
2026-09-06T21:21:00.768+01:00 INFO : Filtering template 13/96 segment 4/5
2026-09-06T21:21:00.809+01:00 INFO : Filtering template 13/96 segment 5/5
2026-09-06T21:21:00.850+01:00 INFO : 1 points above threshold
2026-09-06T21:21:00.856+01:00 INFO : 13: generating IMRPhenomD from 30.0 Hz
2026-09-06T21:21:00.859+01:00 INFO : Decompressing waveform using inline_linear
2026-09-06T21:21:00.864+01:00 INFO : Filtering template 14/96 segment 1/5
2026-09-06T21:21:00.914+01:00 INFO : 1 points above threshold
2026-09-06T21:21:00.938+01:00 INFO : Filtering template 14/96 segment 2/5
2026-09-06T21:21:00.979+01:00 INFO : 2 points above threshold
2026-09-06T21:21:00.987+01:00 INFO : Filtering template 14/96 segment 3/5
2026-09-06T21:21:01.027+01:00 INFO : 3 points above threshold
2026-09-06T21:21:01.037+01:00 INFO : Filtering template 14/96 segment 4/5
2026-09-06T21:21:01.078+01:00 INFO : 2 points above threshold
2026-09-06T21:21:01.086+01:00 INFO : Filtering template 14/96 segment 5/5
2026-09-06T21:21:01.126+01:00 INFO : 14: generating IMRPhenomD from 30.0 Hz
2026-09-06T21:21:01.129+01:00 INFO : Decompressing waveform using inline_linear
2026-09-06T21:21:01.134+01:00 INFO : Filtering template 15/96 segment 1/5
2026-09-06T21:21:01.184+01:00 INFO : 1 points above threshold
2026-09-06T21:21:01.209+01:00 INFO : Filtering template 15/96 segment 2/5
2026-09-06T21:21:01.249+01:00 INFO : Filtering template 15/96 segment 3/5
2026-09-06T21:21:01.290+01:00 INFO : 1 points above threshold
2026-09-06T21:21:01.296+01:00 INFO : Filtering template 15/96 segment 4/5
2026-09-06T21:21:01.336+01:00 INFO : 1 points above threshold
2026-09-06T21:21:01.343+01:00 INFO : Filtering template 15/96 segment 5/5
2026-09-06T21:21:01.383+01:00 INFO : 3 points above threshold
2026-09-06T21:21:01.393+01:00 INFO : 15: generating IMRPhenomD from 30.0 Hz
2026-09-06T21:21:01.396+01:00 INFO : Decompressing waveform using inline_linear
2026-09-06T21:21:01.401+01:00 INFO : Filtering template 16/96 segment 1/5
2026-09-06T21:21:01.451+01:00 INFO : 1 points above threshold
2026-09-06T21:21:01.470+01:00 INFO : Filtering template 16/96 segment 2/5
2026-09-06T21:21:01.511+01:00 INFO : 2 points above threshold
2026-09-06T21:21:01.519+01:00 INFO : Filtering template 16/96 segment 3/5
2026-09-06T21:21:01.559+01:00 INFO : 3 points above threshold
2026-09-06T21:21:01.569+01:00 INFO : Filtering template 16/96 segment 4/5
2026-09-06T21:21:01.610+01:00 INFO : 2 points above threshold
2026-09-06T21:21:01.618+01:00 INFO : Filtering template 16/96 segment 5/5
2026-09-06T21:21:01.658+01:00 INFO : 16: generating IMRPhenomD from 30.0 Hz
2026-09-06T21:21:01.661+01:00 INFO : Decompressing waveform using inline_linear
2026-09-06T21:21:01.666+01:00 INFO : Filtering template 17/96 segment 1/5
2026-09-06T21:21:01.716+01:00 INFO : 2 points above threshold
2026-09-06T21:21:01.737+01:00 INFO : Filtering template 17/96 segment 2/5
2026-09-06T21:21:01.777+01:00 INFO : 3 points above threshold
2026-09-06T21:21:01.787+01:00 INFO : Filtering template 17/96 segment 3/5
2026-09-06T21:21:01.828+01:00 INFO : Filtering template 17/96 segment 4/5
2026-09-06T21:21:01.868+01:00 INFO : 2 points above threshold
2026-09-06T21:21:01.876+01:00 INFO : Filtering template 17/96 segment 5/5
2026-09-06T21:21:01.917+01:00 INFO : 3 points above threshold
2026-09-06T21:21:01.927+01:00 INFO : 17: generating IMRPhenomD from 30.0 Hz
2026-09-06T21:21:01.930+01:00 INFO : Decompressing waveform using inline_linear
2026-09-06T21:21:01.934+01:00 INFO : Filtering template 18/96 segment 1/5
2026-09-06T21:21:01.985+01:00 INFO : Filtering template 18/96 segment 2/5
2026-09-06T21:21:02.026+01:00 INFO : Filtering template 18/96 segment 3/5
2026-09-06T21:21:02.067+01:00 INFO : 1 points above threshold
2026-09-06T21:21:02.085+01:00 INFO : Filtering template 18/96 segment 4/5
2026-09-06T21:21:02.126+01:00 INFO : Filtering template 18/96 segment 5/5
2026-09-06T21:21:02.166+01:00 INFO : 2 points above threshold
2026-09-06T21:21:02.174+01:00 INFO : 18: generating IMRPhenomD from 30.0 Hz
2026-09-06T21:21:02.177+01:00 INFO : Decompressing waveform using inline_linear
2026-09-06T21:21:02.182+01:00 INFO : Filtering template 19/96 segment 1/5
2026-09-06T21:21:02.232+01:00 INFO : 3 points above threshold
2026-09-06T21:21:02.254+01:00 INFO : Filtering template 19/96 segment 2/5
2026-09-06T21:21:02.295+01:00 INFO : 1 points above threshold
2026-09-06T21:21:02.301+01:00 INFO : Filtering template 19/96 segment 3/5
2026-09-06T21:21:02.342+01:00 INFO : 1 points above threshold
2026-09-06T21:21:02.348+01:00 INFO : Filtering template 19/96 segment 4/5
2026-09-06T21:21:02.388+01:00 INFO : 3 points above threshold
2026-09-06T21:21:02.398+01:00 INFO : Filtering template 19/96 segment 5/5
2026-09-06T21:21:02.438+01:00 INFO : 1 points above threshold
2026-09-06T21:21:02.445+01:00 INFO : 19: generating IMRPhenomD from 30.0 Hz
2026-09-06T21:21:02.447+01:00 INFO : Decompressing waveform using inline_linear
2026-09-06T21:21:02.452+01:00 INFO : Filtering template 20/96 segment 1/5
2026-09-06T21:21:02.503+01:00 INFO : 1 points above threshold
2026-09-06T21:21:02.521+01:00 INFO : Filtering template 20/96 segment 2/5
2026-09-06T21:21:02.562+01:00 INFO : 3 points above threshold
2026-09-06T21:21:02.572+01:00 INFO : Filtering template 20/96 segment 3/5
2026-09-06T21:21:02.612+01:00 INFO : Filtering template 20/96 segment 4/5
2026-09-06T21:21:02.652+01:00 INFO : 2 points above threshold
2026-09-06T21:21:02.660+01:00 INFO : Filtering template 20/96 segment 5/5
2026-09-06T21:21:02.701+01:00 INFO : 20: generating IMRPhenomD from 30.0 Hz
2026-09-06T21:21:02.704+01:00 INFO : Decompressing waveform using inline_linear
2026-09-06T21:21:02.708+01:00 INFO : Filtering template 21/96 segment 1/5
2026-09-06T21:21:02.759+01:00 INFO : 1 points above threshold
2026-09-06T21:21:02.778+01:00 INFO : Filtering template 21/96 segment 2/5
2026-09-06T21:21:02.818+01:00 INFO : 1 points above threshold
2026-09-06T21:21:02.824+01:00 INFO : Filtering template 21/96 segment 3/5
2026-09-06T21:21:02.865+01:00 INFO : 1 points above threshold
2026-09-06T21:21:02.871+01:00 INFO : Filtering template 21/96 segment 4/5
2026-09-06T21:21:02.911+01:00 INFO : Filtering template 21/96 segment 5/5
2026-09-06T21:21:02.952+01:00 INFO : 21: generating IMRPhenomD from 30.0 Hz
2026-09-06T21:21:02.955+01:00 INFO : Decompressing waveform using inline_linear
2026-09-06T21:21:02.960+01:00 INFO : Filtering template 22/96 segment 1/5
2026-09-06T21:21:03.010+01:00 INFO : 5 points above threshold
2026-09-06T21:21:03.035+01:00 INFO : Filtering template 22/96 segment 2/5
2026-09-06T21:21:03.076+01:00 INFO : Filtering template 22/96 segment 3/5
2026-09-06T21:21:03.117+01:00 INFO : Filtering template 22/96 segment 4/5
2026-09-06T21:21:03.157+01:00 INFO : 1 points above threshold
2026-09-06T21:21:03.163+01:00 INFO : Filtering template 22/96 segment 5/5
2026-09-06T21:21:03.204+01:00 INFO : 1 points above threshold
2026-09-06T21:21:03.210+01:00 INFO : 22: generating IMRPhenomD from 30.0 Hz
2026-09-06T21:21:03.212+01:00 INFO : Decompressing waveform using inline_linear
2026-09-06T21:21:03.217+01:00 INFO : Filtering template 23/96 segment 1/5
2026-09-06T21:21:03.268+01:00 INFO : 2 points above threshold
2026-09-06T21:21:03.289+01:00 INFO : Filtering template 23/96 segment 2/5
2026-09-06T21:21:03.329+01:00 INFO : 1 points above threshold
2026-09-06T21:21:03.335+01:00 INFO : Filtering template 23/96 segment 3/5
2026-09-06T21:21:03.375+01:00 INFO : 1 points above threshold
2026-09-06T21:21:03.381+01:00 INFO : Filtering template 23/96 segment 4/5
2026-09-06T21:21:03.422+01:00 INFO : Filtering template 23/96 segment 5/5
2026-09-06T21:21:03.462+01:00 INFO : 23: generating IMRPhenomD from 30.0 Hz
2026-09-06T21:21:03.465+01:00 INFO : Decompressing waveform using inline_linear
2026-09-06T21:21:03.470+01:00 INFO : Filtering template 24/96 segment 1/5
2026-09-06T21:21:03.520+01:00 INFO : 1 points above threshold
2026-09-06T21:21:03.544+01:00 INFO : Filtering template 24/96 segment 2/5
2026-09-06T21:21:03.585+01:00 INFO : 2 points above threshold
2026-09-06T21:21:03.594+01:00 INFO : Filtering template 24/96 segment 3/5
2026-09-06T21:21:03.634+01:00 INFO : 1 points above threshold
2026-09-06T21:21:03.640+01:00 INFO : Filtering template 24/96 segment 4/5
2026-09-06T21:21:03.680+01:00 INFO : Filtering template 24/96 segment 5/5
2026-09-06T21:21:03.721+01:00 INFO : 2 points above threshold
2026-09-06T21:21:03.729+01:00 INFO : 24: generating IMRPhenomD from 30.0 Hz
2026-09-06T21:21:03.731+01:00 INFO : Decompressing waveform using inline_linear
2026-09-06T21:21:03.736+01:00 INFO : Filtering template 25/96 segment 1/5
2026-09-06T21:21:03.787+01:00 INFO : 2 points above threshold
2026-09-06T21:21:03.813+01:00 INFO : Filtering template 25/96 segment 2/5
2026-09-06T21:21:03.856+01:00 INFO : Filtering template 25/96 segment 3/5
2026-09-06T21:21:03.901+01:00 INFO : Filtering template 25/96 segment 4/5
2026-09-06T21:21:03.942+01:00 INFO : Filtering template 25/96 segment 5/5
2026-09-06T21:21:03.983+01:00 INFO : 25: generating IMRPhenomD from 30.0 Hz
2026-09-06T21:21:03.985+01:00 INFO : Decompressing waveform using inline_linear
2026-09-06T21:21:03.990+01:00 INFO : Filtering template 26/96 segment 1/5
2026-09-06T21:21:04.041+01:00 INFO : Filtering template 26/96 segment 2/5
2026-09-06T21:21:04.081+01:00 INFO : 2 points above threshold
2026-09-06T21:21:04.107+01:00 INFO : Filtering template 26/96 segment 3/5
2026-09-06T21:21:04.148+01:00 INFO : Filtering template 26/96 segment 4/5
2026-09-06T21:21:04.188+01:00 INFO : 2 points above threshold
2026-09-06T21:21:04.196+01:00 INFO : Filtering template 26/96 segment 5/5
2026-09-06T21:21:04.237+01:00 INFO : 2 points above threshold
2026-09-06T21:21:04.245+01:00 INFO : 26: generating IMRPhenomD from 30.0 Hz
2026-09-06T21:21:04.247+01:00 INFO : Decompressing waveform using inline_linear
2026-09-06T21:21:04.252+01:00 INFO : Filtering template 27/96 segment 1/5
2026-09-06T21:21:04.303+01:00 INFO : 3 points above threshold
2026-09-06T21:21:04.331+01:00 INFO : Filtering template 27/96 segment 2/5
2026-09-06T21:21:04.371+01:00 INFO : Filtering template 27/96 segment 3/5
2026-09-06T21:21:04.411+01:00 INFO : 1 points above threshold
2026-09-06T21:21:04.417+01:00 INFO : Filtering template 27/96 segment 4/5
2026-09-06T21:21:04.458+01:00 INFO : Filtering template 27/96 segment 5/5
2026-09-06T21:21:04.498+01:00 INFO : 27: generating IMRPhenomD from 30.0 Hz
2026-09-06T21:21:04.501+01:00 INFO : Decompressing waveform using inline_linear
2026-09-06T21:21:04.506+01:00 INFO : Filtering template 28/96 segment 1/5
2026-09-06T21:21:04.556+01:00 INFO : 3 points above threshold
2026-09-06T21:21:04.579+01:00 INFO : Filtering template 28/96 segment 2/5
2026-09-06T21:21:04.619+01:00 INFO : 1 points above threshold
2026-09-06T21:21:04.625+01:00 INFO : Filtering template 28/96 segment 3/5
2026-09-06T21:21:04.666+01:00 INFO : 2 points above threshold
2026-09-06T21:21:04.674+01:00 INFO : Filtering template 28/96 segment 4/5
2026-09-06T21:21:04.714+01:00 INFO : 1 points above threshold
2026-09-06T21:21:04.720+01:00 INFO : Filtering template 28/96 segment 5/5
2026-09-06T21:21:04.760+01:00 INFO : 28: generating IMRPhenomD from 30.0 Hz
2026-09-06T21:21:04.763+01:00 INFO : Decompressing waveform using inline_linear
2026-09-06T21:21:04.768+01:00 INFO : Filtering template 29/96 segment 1/5
2026-09-06T21:21:04.818+01:00 INFO : 2 points above threshold
2026-09-06T21:21:04.839+01:00 INFO : Filtering template 29/96 segment 2/5
2026-09-06T21:21:04.880+01:00 INFO : 2 points above threshold
2026-09-06T21:21:04.887+01:00 INFO : Filtering template 29/96 segment 3/5
2026-09-06T21:21:04.928+01:00 INFO : 1 points above threshold
2026-09-06T21:21:04.934+01:00 INFO : Filtering template 29/96 segment 4/5
2026-09-06T21:21:04.974+01:00 INFO : 2 points above threshold
2026-09-06T21:21:04.982+01:00 INFO : Filtering template 29/96 segment 5/5
2026-09-06T21:21:05.022+01:00 INFO : 2 points above threshold
2026-09-06T21:21:05.030+01:00 INFO : 29: generating IMRPhenomD from 30.0 Hz
2026-09-06T21:21:05.033+01:00 INFO : Decompressing waveform using inline_linear
2026-09-06T21:21:05.038+01:00 INFO : Filtering template 30/96 segment 1/5
2026-09-06T21:21:05.088+01:00 INFO : 1 points above threshold
2026-09-06T21:21:05.107+01:00 INFO : Filtering template 30/96 segment 2/5
2026-09-06T21:21:05.147+01:00 INFO : 1 points above threshold
2026-09-06T21:21:05.153+01:00 INFO : Filtering template 30/96 segment 3/5
2026-09-06T21:21:05.194+01:00 INFO : 1 points above threshold
2026-09-06T21:21:05.200+01:00 INFO : Filtering template 30/96 segment 4/5
2026-09-06T21:21:05.240+01:00 INFO : Filtering template 30/96 segment 5/5
2026-09-06T21:21:05.281+01:00 INFO : 30: generating IMRPhenomD from 30.0 Hz
2026-09-06T21:21:05.284+01:00 INFO : Decompressing waveform using inline_linear
2026-09-06T21:21:05.289+01:00 INFO : Filtering template 31/96 segment 1/5
2026-09-06T21:21:05.339+01:00 INFO : Filtering template 31/96 segment 2/5
2026-09-06T21:21:05.379+01:00 INFO : 1 points above threshold
2026-09-06T21:21:05.398+01:00 INFO : Filtering template 31/96 segment 3/5
2026-09-06T21:21:05.438+01:00 INFO : Filtering template 31/96 segment 4/5
2026-09-06T21:21:05.479+01:00 INFO : 1 points above threshold
2026-09-06T21:21:05.485+01:00 INFO : Filtering template 31/96 segment 5/5
2026-09-06T21:21:05.525+01:00 INFO : 1 points above threshold
2026-09-06T21:21:05.531+01:00 INFO : 31: generating IMRPhenomD from 30.0 Hz
2026-09-06T21:21:05.534+01:00 INFO : Decompressing waveform using inline_linear
2026-09-06T21:21:05.539+01:00 INFO : Filtering template 32/96 segment 1/5
2026-09-06T21:21:05.589+01:00 INFO : Filtering template 32/96 segment 2/5
2026-09-06T21:21:05.630+01:00 INFO : Filtering template 32/96 segment 3/5
2026-09-06T21:21:05.670+01:00 INFO : Filtering template 32/96 segment 4/5
2026-09-06T21:21:05.711+01:00 INFO : 3 points above threshold
2026-09-06T21:21:05.733+01:00 INFO : Filtering template 32/96 segment 5/5
2026-09-06T21:21:05.773+01:00 INFO : 2 points above threshold
2026-09-06T21:21:05.781+01:00 INFO : 32: generating IMRPhenomD from 30.0 Hz
2026-09-06T21:21:05.784+01:00 INFO : Decompressing waveform using inline_linear
2026-09-06T21:21:05.789+01:00 INFO : Filtering template 33/96 segment 1/5
2026-09-06T21:21:05.839+01:00 INFO : 2 points above threshold
2026-09-06T21:21:05.860+01:00 INFO : Filtering template 33/96 segment 2/5
2026-09-06T21:21:05.900+01:00 INFO : Filtering template 33/96 segment 3/5
2026-09-06T21:21:05.940+01:00 INFO : Filtering template 33/96 segment 4/5
2026-09-06T21:21:05.981+01:00 INFO : 1 points above threshold
2026-09-06T21:21:05.987+01:00 INFO : Filtering template 33/96 segment 5/5
2026-09-06T21:21:06.028+01:00 INFO : 33: generating IMRPhenomD from 30.0 Hz
2026-09-06T21:21:06.030+01:00 INFO : Decompressing waveform using inline_linear
2026-09-06T21:21:06.035+01:00 INFO : Filtering template 34/96 segment 1/5
2026-09-06T21:21:06.086+01:00 INFO : Filtering template 34/96 segment 2/5
2026-09-06T21:21:06.126+01:00 INFO : 1 points above threshold
2026-09-06T21:21:06.145+01:00 INFO : Filtering template 34/96 segment 3/5
2026-09-06T21:21:06.185+01:00 INFO : 1 points above threshold
2026-09-06T21:21:06.191+01:00 INFO : Filtering template 34/96 segment 4/5
2026-09-06T21:21:06.231+01:00 INFO : Filtering template 34/96 segment 5/5
2026-09-06T21:21:06.272+01:00 INFO : 1 points above threshold
2026-09-06T21:21:06.278+01:00 INFO : 34: generating IMRPhenomD from 30.0 Hz
2026-09-06T21:21:06.281+01:00 INFO : Decompressing waveform using inline_linear
2026-09-06T21:21:06.286+01:00 INFO : Filtering template 35/96 segment 1/5
2026-09-06T21:21:06.336+01:00 INFO : 1 points above threshold
2026-09-06T21:21:06.355+01:00 INFO : Filtering template 35/96 segment 2/5
2026-09-06T21:21:06.395+01:00 INFO : 1 points above threshold
2026-09-06T21:21:06.401+01:00 INFO : Filtering template 35/96 segment 3/5
2026-09-06T21:21:06.441+01:00 INFO : 1 points above threshold
2026-09-06T21:21:06.447+01:00 INFO : Filtering template 35/96 segment 4/5
2026-09-06T21:21:06.488+01:00 INFO : Filtering template 35/96 segment 5/5
2026-09-06T21:21:06.529+01:00 INFO : 35: generating IMRPhenomD from 30.0 Hz
2026-09-06T21:21:06.531+01:00 INFO : Decompressing waveform using inline_linear
2026-09-06T21:21:06.536+01:00 INFO : Filtering template 36/96 segment 1/5
2026-09-06T21:21:06.587+01:00 INFO : 3 points above threshold
2026-09-06T21:21:06.609+01:00 INFO : Filtering template 36/96 segment 2/5
2026-09-06T21:21:06.649+01:00 INFO : 1 points above threshold
2026-09-06T21:21:06.655+01:00 INFO : Filtering template 36/96 segment 3/5
2026-09-06T21:21:06.696+01:00 INFO : 2 points above threshold
2026-09-06T21:21:06.704+01:00 INFO : Filtering template 36/96 segment 4/5
2026-09-06T21:21:06.744+01:00 INFO : Filtering template 36/96 segment 5/5
2026-09-06T21:21:06.784+01:00 INFO : 1 points above threshold
2026-09-06T21:21:06.791+01:00 INFO : 36: generating IMRPhenomD from 30.0 Hz
2026-09-06T21:21:06.793+01:00 INFO : Decompressing waveform using inline_linear
2026-09-06T21:21:06.798+01:00 INFO : Filtering template 37/96 segment 1/5
2026-09-06T21:21:06.848+01:00 INFO : 2 points above threshold
2026-09-06T21:21:06.869+01:00 INFO : Filtering template 37/96 segment 2/5
2026-09-06T21:21:06.909+01:00 INFO : 3 points above threshold
2026-09-06T21:21:06.919+01:00 INFO : Filtering template 37/96 segment 3/5
2026-09-06T21:21:06.959+01:00 INFO : 1 points above threshold
2026-09-06T21:21:06.965+01:00 INFO : Filtering template 37/96 segment 4/5
2026-09-06T21:21:07.006+01:00 INFO : 3 points above threshold
2026-09-06T21:21:07.016+01:00 INFO : Filtering template 37/96 segment 5/5
2026-09-06T21:21:07.056+01:00 INFO : 37: generating IMRPhenomD from 30.0 Hz
2026-09-06T21:21:07.059+01:00 INFO : Decompressing waveform using inline_linear
2026-09-06T21:21:07.064+01:00 INFO : Filtering template 38/96 segment 1/5
2026-09-06T21:21:07.114+01:00 INFO : Filtering template 38/96 segment 2/5
2026-09-06T21:21:07.155+01:00 INFO : Filtering template 38/96 segment 3/5
2026-09-06T21:21:07.195+01:00 INFO : 1 points above threshold
2026-09-06T21:21:07.213+01:00 INFO : Filtering template 38/96 segment 4/5
2026-09-06T21:21:07.254+01:00 INFO : 1 points above threshold
2026-09-06T21:21:07.260+01:00 INFO : Filtering template 38/96 segment 5/5
2026-09-06T21:21:07.300+01:00 INFO : 1 points above threshold
2026-09-06T21:21:07.307+01:00 INFO : 38: generating IMRPhenomD from 30.0 Hz
2026-09-06T21:21:07.309+01:00 INFO : Decompressing waveform using inline_linear
2026-09-06T21:21:07.314+01:00 INFO : Filtering template 39/96 segment 1/5
2026-09-06T21:21:07.365+01:00 INFO : Filtering template 39/96 segment 2/5
2026-09-06T21:21:07.405+01:00 INFO : 2 points above threshold
2026-09-06T21:21:07.426+01:00 INFO : Filtering template 39/96 segment 3/5
2026-09-06T21:21:07.466+01:00 INFO : Filtering template 39/96 segment 4/5
2026-09-06T21:21:07.506+01:00 INFO : 2 points above threshold
2026-09-06T21:21:07.514+01:00 INFO : Filtering template 39/96 segment 5/5
2026-09-06T21:21:07.555+01:00 INFO : 39: generating IMRPhenomD from 30.0 Hz
2026-09-06T21:21:07.558+01:00 INFO : Decompressing waveform using inline_linear
2026-09-06T21:21:07.563+01:00 INFO : Filtering template 40/96 segment 1/5
2026-09-06T21:21:07.613+01:00 INFO : Filtering template 40/96 segment 2/5
2026-09-06T21:21:07.653+01:00 INFO : Filtering template 40/96 segment 3/5
2026-09-06T21:21:07.694+01:00 INFO : Filtering template 40/96 segment 4/5
2026-09-06T21:21:07.734+01:00 INFO : 2 points above threshold
2026-09-06T21:21:07.755+01:00 INFO : Filtering template 40/96 segment 5/5
2026-09-06T21:21:07.795+01:00 INFO : 40: generating IMRPhenomD from 30.0 Hz
2026-09-06T21:21:07.798+01:00 INFO : Decompressing waveform using inline_linear
2026-09-06T21:21:07.803+01:00 INFO : Filtering template 41/96 segment 1/5
2026-09-06T21:21:07.853+01:00 INFO : Filtering template 41/96 segment 2/5
2026-09-06T21:21:07.894+01:00 INFO : Filtering template 41/96 segment 3/5
2026-09-06T21:21:07.934+01:00 INFO : 2 points above threshold
2026-09-06T21:21:07.955+01:00 INFO : Filtering template 41/96 segment 4/5
2026-09-06T21:21:07.995+01:00 INFO : 2 points above threshold
2026-09-06T21:21:08.003+01:00 INFO : Filtering template 41/96 segment 5/5
2026-09-06T21:21:08.044+01:00 INFO : 41: generating IMRPhenomD from 30.0 Hz
2026-09-06T21:21:08.046+01:00 INFO : Decompressing waveform using inline_linear
2026-09-06T21:21:08.051+01:00 INFO : Filtering template 42/96 segment 1/5
2026-09-06T21:21:08.102+01:00 INFO : Filtering template 42/96 segment 2/5
2026-09-06T21:21:08.142+01:00 INFO : 1 points above threshold
2026-09-06T21:21:08.161+01:00 INFO : Filtering template 42/96 segment 3/5
2026-09-06T21:21:08.201+01:00 INFO : Filtering template 42/96 segment 4/5
2026-09-06T21:21:08.241+01:00 INFO : 1 points above threshold
2026-09-06T21:21:08.247+01:00 INFO : Filtering template 42/96 segment 5/5
2026-09-06T21:21:08.288+01:00 INFO : 1 points above threshold
2026-09-06T21:21:08.294+01:00 INFO : 42: generating IMRPhenomD from 30.0 Hz
2026-09-06T21:21:08.296+01:00 INFO : Decompressing waveform using inline_linear
2026-09-06T21:21:08.301+01:00 INFO : Filtering template 43/96 segment 1/5
2026-09-06T21:21:08.352+01:00 INFO : 1 points above threshold
2026-09-06T21:21:08.370+01:00 INFO : Filtering template 43/96 segment 2/5
2026-09-06T21:21:08.411+01:00 INFO : 2 points above threshold
2026-09-06T21:21:08.419+01:00 INFO : Filtering template 43/96 segment 3/5
2026-09-06T21:21:08.459+01:00 INFO : 1 points above threshold
2026-09-06T21:21:08.465+01:00 INFO : Filtering template 43/96 segment 4/5
2026-09-06T21:21:08.505+01:00 INFO : Filtering template 43/96 segment 5/5
2026-09-06T21:21:08.546+01:00 INFO : 43: generating IMRPhenomD from 30.0 Hz
2026-09-06T21:21:08.549+01:00 INFO : Decompressing waveform using inline_linear
2026-09-06T21:21:08.554+01:00 INFO : Filtering template 44/96 segment 1/5
2026-09-06T21:21:08.604+01:00 INFO : 1 points above threshold
2026-09-06T21:21:08.623+01:00 INFO : Filtering template 44/96 segment 2/5
2026-09-06T21:21:08.663+01:00 INFO : Filtering template 44/96 segment 3/5
2026-09-06T21:21:08.703+01:00 INFO : Filtering template 44/96 segment 4/5
2026-09-06T21:21:08.744+01:00 INFO : 1 points above threshold
2026-09-06T21:21:08.750+01:00 INFO : Filtering template 44/96 segment 5/5
2026-09-06T21:21:08.791+01:00 INFO : 44: generating IMRPhenomD from 30.0 Hz
2026-09-06T21:21:08.793+01:00 INFO : Decompressing waveform using inline_linear
2026-09-06T21:21:08.798+01:00 INFO : Filtering template 45/96 segment 1/5
2026-09-06T21:21:08.848+01:00 INFO : 2 points above threshold
2026-09-06T21:21:08.869+01:00 INFO : Filtering template 45/96 segment 2/5
2026-09-06T21:21:08.910+01:00 INFO : 1 points above threshold
2026-09-06T21:21:08.917+01:00 INFO : Filtering template 45/96 segment 3/5
2026-09-06T21:21:08.960+01:00 INFO : 1 points above threshold
2026-09-06T21:21:08.966+01:00 INFO : Filtering template 45/96 segment 4/5
2026-09-06T21:21:09.011+01:00 INFO : Filtering template 45/96 segment 5/5
2026-09-06T21:21:09.052+01:00 INFO : 45: generating IMRPhenomD from 30.0 Hz
2026-09-06T21:21:09.055+01:00 INFO : Decompressing waveform using inline_linear
2026-09-06T21:21:09.060+01:00 INFO : Filtering template 46/96 segment 1/5
2026-09-06T21:21:09.110+01:00 INFO : Filtering template 46/96 segment 2/5
2026-09-06T21:21:09.151+01:00 INFO : Filtering template 46/96 segment 3/5
2026-09-06T21:21:09.191+01:00 INFO : 1 points above threshold
2026-09-06T21:21:09.210+01:00 INFO : Filtering template 46/96 segment 4/5
2026-09-06T21:21:09.250+01:00 INFO : 3 points above threshold
2026-09-06T21:21:09.260+01:00 INFO : Filtering template 46/96 segment 5/5
2026-09-06T21:21:09.300+01:00 INFO : 1 points above threshold
2026-09-06T21:21:09.307+01:00 INFO : 46: generating IMRPhenomD from 30.0 Hz
2026-09-06T21:21:09.309+01:00 INFO : Decompressing waveform using inline_linear
2026-09-06T21:21:09.314+01:00 INFO : Filtering template 47/96 segment 1/5
2026-09-06T21:21:09.364+01:00 INFO : 3 points above threshold
2026-09-06T21:21:09.387+01:00 INFO : Filtering template 47/96 segment 2/5
2026-09-06T21:21:09.427+01:00 INFO : Filtering template 47/96 segment 3/5
2026-09-06T21:21:09.468+01:00 INFO : 2 points above threshold
2026-09-06T21:21:09.476+01:00 INFO : Filtering template 47/96 segment 4/5
2026-09-06T21:21:09.516+01:00 INFO : 1 points above threshold
2026-09-06T21:21:09.523+01:00 INFO : Filtering template 47/96 segment 5/5
2026-09-06T21:21:09.563+01:00 INFO : 1 points above threshold
2026-09-06T21:21:09.569+01:00 INFO : 47: generating IMRPhenomD from 30.0 Hz
2026-09-06T21:21:09.572+01:00 INFO : Decompressing waveform using inline_linear
2026-09-06T21:21:09.577+01:00 INFO : Filtering template 48/96 segment 1/5
2026-09-06T21:21:09.627+01:00 INFO : 3 points above threshold
2026-09-06T21:21:09.650+01:00 INFO : Filtering template 48/96 segment 2/5
2026-09-06T21:21:09.690+01:00 INFO : 1 points above threshold
2026-09-06T21:21:09.696+01:00 INFO : Filtering template 48/96 segment 3/5
2026-09-06T21:21:09.736+01:00 INFO : 1 points above threshold
2026-09-06T21:21:09.742+01:00 INFO : Filtering template 48/96 segment 4/5
2026-09-06T21:21:09.783+01:00 INFO : 2 points above threshold
2026-09-06T21:21:09.790+01:00 INFO : Filtering template 48/96 segment 5/5
2026-09-06T21:21:09.831+01:00 INFO : 1 points above threshold
2026-09-06T21:21:09.838+01:00 INFO : 48: generating IMRPhenomD from 30.0 Hz
2026-09-06T21:21:09.841+01:00 INFO : Decompressing waveform using inline_linear
2026-09-06T21:21:09.845+01:00 INFO : Filtering template 49/96 segment 1/5
2026-09-06T21:21:09.896+01:00 INFO : 1 points above threshold
2026-09-06T21:21:09.915+01:00 INFO : Filtering template 49/96 segment 2/5
2026-09-06T21:21:09.955+01:00 INFO : 1 points above threshold
2026-09-06T21:21:09.961+01:00 INFO : Filtering template 49/96 segment 3/5
2026-09-06T21:21:10.002+01:00 INFO : 2 points above threshold
2026-09-06T21:21:10.009+01:00 INFO : Filtering template 49/96 segment 4/5
2026-09-06T21:21:10.050+01:00 INFO : Filtering template 49/96 segment 5/5
2026-09-06T21:21:10.091+01:00 INFO : 49: generating IMRPhenomD from 30.0 Hz
2026-09-06T21:21:10.094+01:00 INFO : Decompressing waveform using inline_linear
2026-09-06T21:21:10.099+01:00 INFO : Filtering template 50/96 segment 1/5
2026-09-06T21:21:10.149+01:00 INFO : Filtering template 50/96 segment 2/5
2026-09-06T21:21:10.189+01:00 INFO : 2 points above threshold
2026-09-06T21:21:10.210+01:00 INFO : Filtering template 50/96 segment 3/5
2026-09-06T21:21:10.250+01:00 INFO : 4 points above threshold
2026-09-06T21:21:10.260+01:00 INFO : Filtering template 50/96 segment 4/5
2026-09-06T21:21:10.300+01:00 INFO : 2 points above threshold
2026-09-06T21:21:10.308+01:00 INFO : Filtering template 50/96 segment 5/5
2026-09-06T21:21:10.349+01:00 INFO : 50: generating IMRPhenomD from 30.0 Hz
2026-09-06T21:21:10.351+01:00 INFO : Decompressing waveform using inline_linear
2026-09-06T21:21:10.356+01:00 INFO : Filtering template 51/96 segment 1/5
2026-09-06T21:21:10.407+01:00 INFO : 1 points above threshold
2026-09-06T21:21:10.425+01:00 INFO : Filtering template 51/96 segment 2/5
2026-09-06T21:21:10.465+01:00 INFO : 1 points above threshold
2026-09-06T21:21:10.471+01:00 INFO : Filtering template 51/96 segment 3/5
2026-09-06T21:21:10.512+01:00 INFO : Filtering template 51/96 segment 4/5
2026-09-06T21:21:10.553+01:00 INFO : 1 points above threshold
2026-09-06T21:21:10.559+01:00 INFO : Filtering template 51/96 segment 5/5
2026-09-06T21:21:10.599+01:00 INFO : 2 points above threshold
2026-09-06T21:21:10.607+01:00 INFO : 51: generating IMRPhenomD from 30.0 Hz
2026-09-06T21:21:10.610+01:00 INFO : Decompressing waveform using inline_linear
2026-09-06T21:21:10.615+01:00 INFO : Filtering template 52/96 segment 1/5
2026-09-06T21:21:10.665+01:00 INFO : 1 points above threshold
2026-09-06T21:21:10.683+01:00 INFO : Filtering template 52/96 segment 2/5
2026-09-06T21:21:10.724+01:00 INFO : 1 points above threshold
2026-09-06T21:21:10.730+01:00 INFO : Filtering template 52/96 segment 3/5
2026-09-06T21:21:10.770+01:00 INFO : Filtering template 52/96 segment 4/5
2026-09-06T21:21:10.810+01:00 INFO : 3 points above threshold
2026-09-06T21:21:10.820+01:00 INFO : Filtering template 52/96 segment 5/5
2026-09-06T21:21:10.861+01:00 INFO : 1 points above threshold
2026-09-06T21:21:10.867+01:00 INFO : 52: generating IMRPhenomD from 30.0 Hz
2026-09-06T21:21:10.870+01:00 INFO : Decompressing waveform using inline_linear
2026-09-06T21:21:10.874+01:00 INFO : Filtering template 53/96 segment 1/5
2026-09-06T21:21:10.925+01:00 INFO : 3 points above threshold
2026-09-06T21:21:10.948+01:00 INFO : Filtering template 53/96 segment 2/5
2026-09-06T21:21:10.988+01:00 INFO : 2 points above threshold
2026-09-06T21:21:10.996+01:00 INFO : Filtering template 53/96 segment 3/5
2026-09-06T21:21:11.036+01:00 INFO : 2 points above threshold
2026-09-06T21:21:11.044+01:00 INFO : Filtering template 53/96 segment 4/5
2026-09-06T21:21:11.084+01:00 INFO : 1 points above threshold
2026-09-06T21:21:11.090+01:00 INFO : Filtering template 53/96 segment 5/5
2026-09-06T21:21:11.130+01:00 INFO : 1 points above threshold
2026-09-06T21:21:11.137+01:00 INFO : 53: generating IMRPhenomD from 30.0 Hz
2026-09-06T21:21:11.139+01:00 INFO : Decompressing waveform using inline_linear
2026-09-06T21:21:11.144+01:00 INFO : Filtering template 54/96 segment 1/5
2026-09-06T21:21:11.195+01:00 INFO : Filtering template 54/96 segment 2/5
2026-09-06T21:21:11.235+01:00 INFO : Filtering template 54/96 segment 3/5
2026-09-06T21:21:11.275+01:00 INFO : 2 points above threshold
2026-09-06T21:21:11.296+01:00 INFO : Filtering template 54/96 segment 4/5
2026-09-06T21:21:11.336+01:00 INFO : 5 points above threshold
2026-09-06T21:21:11.349+01:00 INFO : Filtering template 54/96 segment 5/5
2026-09-06T21:21:11.390+01:00 INFO : 54: generating IMRPhenomD from 30.0 Hz
2026-09-06T21:21:11.392+01:00 INFO : Decompressing waveform using inline_linear
2026-09-06T21:21:11.397+01:00 INFO : Filtering template 55/96 segment 1/5
2026-09-06T21:21:11.448+01:00 INFO : Filtering template 55/96 segment 2/5
2026-09-06T21:21:11.488+01:00 INFO : 1 points above threshold
2026-09-06T21:21:11.507+01:00 INFO : Filtering template 55/96 segment 3/5
2026-09-06T21:21:11.547+01:00 INFO : 3 points above threshold
2026-09-06T21:21:11.557+01:00 INFO : Filtering template 55/96 segment 4/5
2026-09-06T21:21:11.598+01:00 INFO : 1 points above threshold
2026-09-06T21:21:11.604+01:00 INFO : Filtering template 55/96 segment 5/5
2026-09-06T21:21:11.644+01:00 INFO : 1 points above threshold
2026-09-06T21:21:11.650+01:00 INFO : 55: generating IMRPhenomD from 30.0 Hz
2026-09-06T21:21:11.653+01:00 INFO : Decompressing waveform using inline_linear
2026-09-06T21:21:11.658+01:00 INFO : Filtering template 56/96 segment 1/5
2026-09-06T21:21:11.708+01:00 INFO : 1 points above threshold
2026-09-06T21:21:11.727+01:00 INFO : Filtering template 56/96 segment 2/5
2026-09-06T21:21:11.767+01:00 INFO : 1 points above threshold
2026-09-06T21:21:11.773+01:00 INFO : Filtering template 56/96 segment 3/5
2026-09-06T21:21:11.813+01:00 INFO : 3 points above threshold
2026-09-06T21:21:11.823+01:00 INFO : Filtering template 56/96 segment 4/5
2026-09-06T21:21:11.864+01:00 INFO : Filtering template 56/96 segment 5/5
2026-09-06T21:21:11.905+01:00 INFO : 1 points above threshold
2026-09-06T21:21:11.911+01:00 INFO : 56: generating IMRPhenomD from 30.0 Hz
2026-09-06T21:21:11.914+01:00 INFO : Decompressing waveform using inline_linear
2026-09-06T21:21:11.919+01:00 INFO : Filtering template 57/96 segment 1/5
2026-09-06T21:21:11.969+01:00 INFO : 1 points above threshold
2026-09-06T21:21:11.987+01:00 INFO : Filtering template 57/96 segment 2/5
2026-09-06T21:21:12.028+01:00 INFO : 2 points above threshold
2026-09-06T21:21:12.035+01:00 INFO : Filtering template 57/96 segment 3/5
2026-09-06T21:21:12.076+01:00 INFO : 2 points above threshold
2026-09-06T21:21:12.084+01:00 INFO : Filtering template 57/96 segment 4/5
2026-09-06T21:21:12.124+01:00 INFO : 2 points above threshold
2026-09-06T21:21:12.132+01:00 INFO : Filtering template 57/96 segment 5/5
2026-09-06T21:21:12.173+01:00 INFO : 57: generating IMRPhenomD from 30.0 Hz
2026-09-06T21:21:12.175+01:00 INFO : Decompressing waveform using inline_linear
2026-09-06T21:21:12.180+01:00 INFO : Filtering template 58/96 segment 1/5
2026-09-06T21:21:12.231+01:00 INFO : 1 points above threshold
2026-09-06T21:21:12.249+01:00 INFO : Filtering template 58/96 segment 2/5
2026-09-06T21:21:12.290+01:00 INFO : 2 points above threshold
2026-09-06T21:21:12.298+01:00 INFO : Filtering template 58/96 segment 3/5
2026-09-06T21:21:12.338+01:00 INFO : 1 points above threshold
2026-09-06T21:21:12.344+01:00 INFO : Filtering template 58/96 segment 4/5
2026-09-06T21:21:12.384+01:00 INFO : 1 points above threshold
2026-09-06T21:21:12.390+01:00 INFO : Filtering template 58/96 segment 5/5
2026-09-06T21:21:12.431+01:00 INFO : 2 points above threshold
2026-09-06T21:21:12.439+01:00 INFO : 58: generating IMRPhenomD from 30.0 Hz
2026-09-06T21:21:12.441+01:00 INFO : Decompressing waveform using inline_linear
2026-09-06T21:21:12.446+01:00 INFO : Filtering template 59/96 segment 1/5
2026-09-06T21:21:12.497+01:00 INFO : 1 points above threshold
2026-09-06T21:21:12.515+01:00 INFO : Filtering template 59/96 segment 2/5
2026-09-06T21:21:12.556+01:00 INFO : 2 points above threshold
2026-09-06T21:21:12.564+01:00 INFO : Filtering template 59/96 segment 3/5
2026-09-06T21:21:12.604+01:00 INFO : 2 points above threshold
2026-09-06T21:21:12.612+01:00 INFO : Filtering template 59/96 segment 4/5
2026-09-06T21:21:12.652+01:00 INFO : 1 points above threshold
2026-09-06T21:21:12.658+01:00 INFO : Filtering template 59/96 segment 5/5
2026-09-06T21:21:12.699+01:00 INFO : 59: generating IMRPhenomD from 30.0 Hz
2026-09-06T21:21:12.702+01:00 INFO : Decompressing waveform using inline_linear
2026-09-06T21:21:12.707+01:00 INFO : Filtering template 60/96 segment 1/5
2026-09-06T21:21:12.757+01:00 INFO : Filtering template 60/96 segment 2/5
2026-09-06T21:21:12.798+01:00 INFO : Filtering template 60/96 segment 3/5
2026-09-06T21:21:12.838+01:00 INFO : 1 points above threshold
2026-09-06T21:21:12.857+01:00 INFO : Filtering template 60/96 segment 4/5
2026-09-06T21:21:12.897+01:00 INFO : 2 points above threshold
2026-09-06T21:21:12.905+01:00 INFO : Filtering template 60/96 segment 5/5
2026-09-06T21:21:12.946+01:00 INFO : 60: generating IMRPhenomD from 30.0 Hz
2026-09-06T21:21:12.948+01:00 INFO : Decompressing waveform using inline_linear
2026-09-06T21:21:12.953+01:00 INFO : Filtering template 61/96 segment 1/5
2026-09-06T21:21:13.004+01:00 INFO : Filtering template 61/96 segment 2/5
2026-09-06T21:21:13.044+01:00 INFO : 2 points above threshold
2026-09-06T21:21:13.065+01:00 INFO : Filtering template 61/96 segment 3/5
2026-09-06T21:21:13.105+01:00 INFO : 1 points above threshold
2026-09-06T21:21:13.111+01:00 INFO : Filtering template 61/96 segment 4/5
2026-09-06T21:21:13.152+01:00 INFO : 1 points above threshold
2026-09-06T21:21:13.157+01:00 INFO : Filtering template 61/96 segment 5/5
2026-09-06T21:21:13.198+01:00 INFO : 61: generating IMRPhenomD from 30.0 Hz
2026-09-06T21:21:13.201+01:00 INFO : Decompressing waveform using inline_linear
2026-09-06T21:21:13.206+01:00 INFO : Filtering template 62/96 segment 1/5
2026-09-06T21:21:13.256+01:00 INFO : 2 points above threshold
2026-09-06T21:21:13.277+01:00 INFO : Filtering template 62/96 segment 2/5
2026-09-06T21:21:13.317+01:00 INFO : Filtering template 62/96 segment 3/5
2026-09-06T21:21:13.358+01:00 INFO : Filtering template 62/96 segment 4/5
2026-09-06T21:21:13.398+01:00 INFO : 5 points above threshold
2026-09-06T21:21:13.411+01:00 INFO : Filtering template 62/96 segment 5/5
2026-09-06T21:21:13.451+01:00 INFO : 62: generating IMRPhenomD from 30.0 Hz
2026-09-06T21:21:13.454+01:00 INFO : Decompressing waveform using inline_linear
2026-09-06T21:21:13.459+01:00 INFO : Filtering template 63/96 segment 1/5
2026-09-06T21:21:13.509+01:00 INFO : Filtering template 63/96 segment 2/5
2026-09-06T21:21:13.549+01:00 INFO : 1 points above threshold
2026-09-06T21:21:13.568+01:00 INFO : Filtering template 63/96 segment 3/5
2026-09-06T21:21:13.608+01:00 INFO : 2 points above threshold
2026-09-06T21:21:13.616+01:00 INFO : Filtering template 63/96 segment 4/5
2026-09-06T21:21:13.656+01:00 INFO : 1 points above threshold
2026-09-06T21:21:13.662+01:00 INFO : Filtering template 63/96 segment 5/5
2026-09-06T21:21:13.703+01:00 INFO : 1 points above threshold
2026-09-06T21:21:13.709+01:00 INFO : 63: generating IMRPhenomD from 30.0 Hz
2026-09-06T21:21:13.711+01:00 INFO : Decompressing waveform using inline_linear
2026-09-06T21:21:13.716+01:00 INFO : Filtering template 64/96 segment 1/5
2026-09-06T21:21:13.767+01:00 INFO : 2 points above threshold
2026-09-06T21:21:13.788+01:00 INFO : Filtering template 64/96 segment 2/5
2026-09-06T21:21:13.828+01:00 INFO : 1 points above threshold
2026-09-06T21:21:13.834+01:00 INFO : Filtering template 64/96 segment 3/5
2026-09-06T21:21:13.875+01:00 INFO : Filtering template 64/96 segment 4/5
2026-09-06T21:21:13.915+01:00 INFO : Filtering template 64/96 segment 5/5
2026-09-06T21:21:13.956+01:00 INFO : 64: generating IMRPhenomD from 30.0 Hz
2026-09-06T21:21:13.959+01:00 INFO : Decompressing waveform using inline_linear
2026-09-06T21:21:13.963+01:00 INFO : Filtering template 65/96 segment 1/5
2026-09-06T21:21:14.014+01:00 INFO : 2 points above threshold
2026-09-06T21:21:14.036+01:00 INFO : Filtering template 65/96 segment 2/5
2026-09-06T21:21:14.090+01:00 INFO : 2 points above threshold
2026-09-06T21:21:14.100+01:00 INFO : Filtering template 65/96 segment 3/5
2026-09-06T21:21:14.141+01:00 INFO : 1 points above threshold
2026-09-06T21:21:14.147+01:00 INFO : Filtering template 65/96 segment 4/5
2026-09-06T21:21:14.187+01:00 INFO : 2 points above threshold
2026-09-06T21:21:14.195+01:00 INFO : Filtering template 65/96 segment 5/5
2026-09-06T21:21:14.236+01:00 INFO : 65: generating IMRPhenomD from 30.0 Hz
2026-09-06T21:21:14.238+01:00 INFO : Decompressing waveform using inline_linear
2026-09-06T21:21:14.243+01:00 INFO : Filtering template 66/96 segment 1/5
2026-09-06T21:21:14.294+01:00 INFO : 1 points above threshold
2026-09-06T21:21:14.312+01:00 INFO : Filtering template 66/96 segment 2/5
2026-09-06T21:21:14.352+01:00 INFO : 1 points above threshold
2026-09-06T21:21:14.358+01:00 INFO : Filtering template 66/96 segment 3/5
2026-09-06T21:21:14.399+01:00 INFO : 2 points above threshold
2026-09-06T21:21:14.407+01:00 INFO : Filtering template 66/96 segment 4/5
2026-09-06T21:21:14.447+01:00 INFO : 1 points above threshold
2026-09-06T21:21:14.453+01:00 INFO : Filtering template 66/96 segment 5/5
2026-09-06T21:21:14.493+01:00 INFO : 66: generating IMRPhenomD from 30.0 Hz
2026-09-06T21:21:14.496+01:00 INFO : Decompressing waveform using inline_linear
2026-09-06T21:21:14.501+01:00 INFO : Filtering template 67/96 segment 1/5
2026-09-06T21:21:14.552+01:00 INFO : 3 points above threshold
2026-09-06T21:21:14.574+01:00 INFO : Filtering template 67/96 segment 2/5
2026-09-06T21:21:14.614+01:00 INFO : Filtering template 67/96 segment 3/5
2026-09-06T21:21:14.655+01:00 INFO : 1 points above threshold
2026-09-06T21:21:14.661+01:00 INFO : Filtering template 67/96 segment 4/5
2026-09-06T21:21:14.701+01:00 INFO : Filtering template 67/96 segment 5/5
2026-09-06T21:21:14.742+01:00 INFO : 67: generating IMRPhenomD from 30.0 Hz
2026-09-06T21:21:14.745+01:00 INFO : Decompressing waveform using inline_linear
2026-09-06T21:21:14.750+01:00 INFO : Filtering template 68/96 segment 1/5
2026-09-06T21:21:14.800+01:00 INFO : 1 points above threshold
2026-09-06T21:21:14.819+01:00 INFO : Filtering template 68/96 segment 2/5
2026-09-06T21:21:14.859+01:00 INFO : 1 points above threshold
2026-09-06T21:21:14.865+01:00 INFO : Filtering template 68/96 segment 3/5
2026-09-06T21:21:14.906+01:00 INFO : 1 points above threshold
2026-09-06T21:21:14.912+01:00 INFO : Filtering template 68/96 segment 4/5
2026-09-06T21:21:14.952+01:00 INFO : 1 points above threshold
2026-09-06T21:21:14.958+01:00 INFO : Filtering template 68/96 segment 5/5
2026-09-06T21:21:14.998+01:00 INFO : 1 points above threshold
2026-09-06T21:21:15.004+01:00 INFO : 68: generating IMRPhenomD from 30.0 Hz
2026-09-06T21:21:15.007+01:00 INFO : Decompressing waveform using inline_linear
2026-09-06T21:21:15.012+01:00 INFO : Filtering template 69/96 segment 1/5
2026-09-06T21:21:15.062+01:00 INFO : Filtering template 69/96 segment 2/5
2026-09-06T21:21:15.103+01:00 INFO : Filtering template 69/96 segment 3/5
2026-09-06T21:21:15.143+01:00 INFO : 1 points above threshold
2026-09-06T21:21:15.162+01:00 INFO : Filtering template 69/96 segment 4/5
2026-09-06T21:21:15.202+01:00 INFO : 2 points above threshold
2026-09-06T21:21:15.210+01:00 INFO : Filtering template 69/96 segment 5/5
2026-09-06T21:21:15.251+01:00 INFO : 69: generating IMRPhenomD from 30.0 Hz
2026-09-06T21:21:15.253+01:00 INFO : Decompressing waveform using inline_linear
2026-09-06T21:21:15.258+01:00 INFO : Filtering template 70/96 segment 1/5
2026-09-06T21:21:15.308+01:00 INFO : 2 points above threshold
2026-09-06T21:21:15.332+01:00 INFO : Filtering template 70/96 segment 2/5
2026-09-06T21:21:15.372+01:00 INFO : 2 points above threshold
2026-09-06T21:21:15.380+01:00 INFO : Filtering template 70/96 segment 3/5
2026-09-06T21:21:15.420+01:00 INFO : Filtering template 70/96 segment 4/5
2026-09-06T21:21:15.461+01:00 INFO : 2 points above threshold
2026-09-06T21:21:15.468+01:00 INFO : Filtering template 70/96 segment 5/5
2026-09-06T21:21:15.509+01:00 INFO : 2 points above threshold
2026-09-06T21:21:15.517+01:00 INFO : 70: generating IMRPhenomD from 30.0 Hz
2026-09-06T21:21:15.519+01:00 INFO : Decompressing waveform using inline_linear
2026-09-06T21:21:15.524+01:00 INFO : Filtering template 71/96 segment 1/5
2026-09-06T21:21:15.575+01:00 INFO : Filtering template 71/96 segment 2/5
2026-09-06T21:21:15.615+01:00 INFO : 1 points above threshold
2026-09-06T21:21:15.634+01:00 INFO : Filtering template 71/96 segment 3/5
2026-09-06T21:21:15.674+01:00 INFO : 1 points above threshold
2026-09-06T21:21:15.680+01:00 INFO : Filtering template 71/96 segment 4/5
2026-09-06T21:21:15.721+01:00 INFO : 3 points above threshold
2026-09-06T21:21:15.731+01:00 INFO : Filtering template 71/96 segment 5/5
2026-09-06T21:21:15.771+01:00 INFO : 71: generating IMRPhenomD from 30.0 Hz
2026-09-06T21:21:15.774+01:00 INFO : Decompressing waveform using inline_linear
2026-09-06T21:21:15.779+01:00 INFO : Filtering template 72/96 segment 1/5
2026-09-06T21:21:15.829+01:00 INFO : 2 points above threshold
2026-09-06T21:21:15.850+01:00 INFO : Filtering template 72/96 segment 2/5
2026-09-06T21:21:15.890+01:00 INFO : 1 points above threshold
2026-09-06T21:21:15.896+01:00 INFO : Filtering template 72/96 segment 3/5
2026-09-06T21:21:15.937+01:00 INFO : 1 points above threshold
2026-09-06T21:21:15.943+01:00 INFO : Filtering template 72/96 segment 4/5
2026-09-06T21:21:15.983+01:00 INFO : 3 points above threshold
2026-09-06T21:21:15.993+01:00 INFO : Filtering template 72/96 segment 5/5
2026-09-06T21:21:16.034+01:00 INFO : 3 points above threshold
2026-09-06T21:21:16.044+01:00 INFO : 72: generating IMRPhenomD from 30.0 Hz
2026-09-06T21:21:16.046+01:00 INFO : Decompressing waveform using inline_linear
2026-09-06T21:21:16.051+01:00 INFO : Filtering template 73/96 segment 1/5
2026-09-06T21:21:16.102+01:00 INFO : 1 points above threshold
2026-09-06T21:21:16.120+01:00 INFO : Filtering template 73/96 segment 2/5
2026-09-06T21:21:16.161+01:00 INFO : 1 points above threshold
2026-09-06T21:21:16.167+01:00 INFO : Filtering template 73/96 segment 3/5
2026-09-06T21:21:16.207+01:00 INFO : 1 points above threshold
2026-09-06T21:21:16.213+01:00 INFO : Filtering template 73/96 segment 4/5
2026-09-06T21:21:16.253+01:00 INFO : Filtering template 73/96 segment 5/5
2026-09-06T21:21:16.294+01:00 INFO : 1 points above threshold
2026-09-06T21:21:16.300+01:00 INFO : 73: generating IMRPhenomD from 30.0 Hz
2026-09-06T21:21:16.302+01:00 INFO : Decompressing waveform using inline_linear
2026-09-06T21:21:16.307+01:00 INFO : Filtering template 74/96 segment 1/5
2026-09-06T21:21:16.358+01:00 INFO : 3 points above threshold
2026-09-06T21:21:16.380+01:00 INFO : Filtering template 74/96 segment 2/5
2026-09-06T21:21:16.421+01:00 INFO : 3 points above threshold
2026-09-06T21:21:16.430+01:00 INFO : Filtering template 74/96 segment 3/5
2026-09-06T21:21:16.471+01:00 INFO : Filtering template 74/96 segment 4/5
2026-09-06T21:21:16.511+01:00 INFO : 1 points above threshold
2026-09-06T21:21:16.517+01:00 INFO : Filtering template 74/96 segment 5/5
2026-09-06T21:21:16.558+01:00 INFO : 74: generating IMRPhenomD from 30.0 Hz
2026-09-06T21:21:16.561+01:00 INFO : Decompressing waveform using inline_linear
2026-09-06T21:21:16.565+01:00 INFO : Filtering template 75/96 segment 1/5
2026-09-06T21:21:16.616+01:00 INFO : Filtering template 75/96 segment 2/5
2026-09-06T21:21:16.656+01:00 INFO : 1 points above threshold
2026-09-06T21:21:16.675+01:00 INFO : Filtering template 75/96 segment 3/5
2026-09-06T21:21:16.716+01:00 INFO : 2 points above threshold
2026-09-06T21:21:16.724+01:00 INFO : Filtering template 75/96 segment 4/5
2026-09-06T21:21:16.764+01:00 INFO : Filtering template 75/96 segment 5/5
2026-09-06T21:21:16.804+01:00 INFO : 2 points above threshold
2026-09-06T21:21:16.813+01:00 INFO : 75: generating IMRPhenomD from 30.0 Hz
2026-09-06T21:21:16.815+01:00 INFO : Decompressing waveform using inline_linear
2026-09-06T21:21:16.820+01:00 INFO : Filtering template 76/96 segment 1/5
2026-09-06T21:21:16.870+01:00 INFO : 1 points above threshold
2026-09-06T21:21:16.889+01:00 INFO : Filtering template 76/96 segment 2/5
2026-09-06T21:21:16.930+01:00 INFO : Filtering template 76/96 segment 3/5
2026-09-06T21:21:16.970+01:00 INFO : 1 points above threshold
2026-09-06T21:21:16.976+01:00 INFO : Filtering template 76/96 segment 4/5
2026-09-06T21:21:17.016+01:00 INFO : Filtering template 76/96 segment 5/5
2026-09-06T21:21:17.057+01:00 INFO : 2 points above threshold
2026-09-06T21:21:17.065+01:00 INFO : 76: generating IMRPhenomD from 30.0 Hz
2026-09-06T21:21:17.067+01:00 INFO : Decompressing waveform using inline_linear
2026-09-06T21:21:17.072+01:00 INFO : Filtering template 77/96 segment 1/5
2026-09-06T21:21:17.123+01:00 INFO : Filtering template 77/96 segment 2/5
2026-09-06T21:21:17.163+01:00 INFO : 1 points above threshold
2026-09-06T21:21:17.182+01:00 INFO : Filtering template 77/96 segment 3/5
2026-09-06T21:21:17.222+01:00 INFO : Filtering template 77/96 segment 4/5
2026-09-06T21:21:17.262+01:00 INFO : 1 points above threshold
2026-09-06T21:21:17.268+01:00 INFO : Filtering template 77/96 segment 5/5
2026-09-06T21:21:17.309+01:00 INFO : 77: generating IMRPhenomD from 30.0 Hz
2026-09-06T21:21:17.312+01:00 INFO : Decompressing waveform using inline_linear
2026-09-06T21:21:17.317+01:00 INFO : Filtering template 78/96 segment 1/5
2026-09-06T21:21:17.367+01:00 INFO : Filtering template 78/96 segment 2/5
2026-09-06T21:21:17.407+01:00 INFO : Filtering template 78/96 segment 3/5
2026-09-06T21:21:17.448+01:00 INFO : Filtering template 78/96 segment 4/5
2026-09-06T21:21:17.488+01:00 INFO : 1 points above threshold
2026-09-06T21:21:17.507+01:00 INFO : Filtering template 78/96 segment 5/5
2026-09-06T21:21:17.548+01:00 INFO : 78: generating IMRPhenomD from 30.0 Hz
2026-09-06T21:21:17.550+01:00 INFO : Decompressing waveform using inline_linear
2026-09-06T21:21:17.555+01:00 INFO : Filtering template 79/96 segment 1/5
2026-09-06T21:21:17.605+01:00 INFO : 2 points above threshold
2026-09-06T21:21:17.626+01:00 INFO : Filtering template 79/96 segment 2/5
2026-09-06T21:21:17.666+01:00 INFO : Filtering template 79/96 segment 3/5
2026-09-06T21:21:17.706+01:00 INFO : 1 points above threshold
2026-09-06T21:21:17.712+01:00 INFO : Filtering template 79/96 segment 4/5
2026-09-06T21:21:17.753+01:00 INFO : 1 points above threshold
2026-09-06T21:21:17.759+01:00 INFO : Filtering template 79/96 segment 5/5
2026-09-06T21:21:17.799+01:00 INFO : 3 points above threshold
2026-09-06T21:21:17.809+01:00 INFO : 79: generating IMRPhenomD from 30.0 Hz
2026-09-06T21:21:17.812+01:00 INFO : Decompressing waveform using inline_linear
2026-09-06T21:21:17.816+01:00 INFO : Filtering template 80/96 segment 1/5
2026-09-06T21:21:17.867+01:00 INFO : 2 points above threshold
2026-09-06T21:21:17.887+01:00 INFO : Filtering template 80/96 segment 2/5
2026-09-06T21:21:17.928+01:00 INFO : 1 points above threshold
2026-09-06T21:21:17.934+01:00 INFO : Filtering template 80/96 segment 3/5
2026-09-06T21:21:17.974+01:00 INFO : 1 points above threshold
2026-09-06T21:21:17.980+01:00 INFO : Filtering template 80/96 segment 4/5
2026-09-06T21:21:18.021+01:00 INFO : Filtering template 80/96 segment 5/5
2026-09-06T21:21:18.061+01:00 INFO : 1 points above threshold
2026-09-06T21:21:18.068+01:00 INFO : 80: generating IMRPhenomD from 30.0 Hz
2026-09-06T21:21:18.070+01:00 INFO : Decompressing waveform using inline_linear
2026-09-06T21:21:18.075+01:00 INFO : Filtering template 81/96 segment 1/5
2026-09-06T21:21:18.125+01:00 INFO : 1 points above threshold
2026-09-06T21:21:18.150+01:00 INFO : Filtering template 81/96 segment 2/5
2026-09-06T21:21:18.190+01:00 INFO : 2 points above threshold
2026-09-06T21:21:18.198+01:00 INFO : Filtering template 81/96 segment 3/5
2026-09-06T21:21:18.238+01:00 INFO : 1 points above threshold
2026-09-06T21:21:18.244+01:00 INFO : Filtering template 81/96 segment 4/5
2026-09-06T21:21:18.284+01:00 INFO : Filtering template 81/96 segment 5/5
2026-09-06T21:21:18.325+01:00 INFO : 1 points above threshold
2026-09-06T21:21:18.331+01:00 INFO : 81: generating IMRPhenomD from 30.0 Hz
2026-09-06T21:21:18.333+01:00 INFO : Decompressing waveform using inline_linear
2026-09-06T21:21:18.338+01:00 INFO : Filtering template 82/96 segment 1/5
2026-09-06T21:21:18.388+01:00 INFO : Filtering template 82/96 segment 2/5
2026-09-06T21:21:18.429+01:00 INFO : 2 points above threshold
2026-09-06T21:21:18.455+01:00 INFO : Filtering template 82/96 segment 3/5
2026-09-06T21:21:18.495+01:00 INFO : 1 points above threshold
2026-09-06T21:21:18.501+01:00 INFO : Filtering template 82/96 segment 4/5
2026-09-06T21:21:18.541+01:00 INFO : Filtering template 82/96 segment 5/5
2026-09-06T21:21:18.582+01:00 INFO : 82: generating IMRPhenomD from 30.0 Hz
2026-09-06T21:21:18.584+01:00 INFO : Decompressing waveform using inline_linear
2026-09-06T21:21:18.589+01:00 INFO : Filtering template 83/96 segment 1/5
2026-09-06T21:21:18.640+01:00 INFO : 1 points above threshold
2026-09-06T21:21:18.664+01:00 INFO : Filtering template 83/96 segment 2/5
2026-09-06T21:21:18.704+01:00 INFO : 2 points above threshold
2026-09-06T21:21:18.712+01:00 INFO : Filtering template 83/96 segment 3/5
2026-09-06T21:21:18.752+01:00 INFO : 2 points above threshold
2026-09-06T21:21:18.760+01:00 INFO : Filtering template 83/96 segment 4/5
2026-09-06T21:21:18.800+01:00 INFO : 3 points above threshold
2026-09-06T21:21:18.811+01:00 INFO : Filtering template 83/96 segment 5/5
2026-09-06T21:21:18.851+01:00 INFO : 3 points above threshold
2026-09-06T21:21:18.861+01:00 INFO : 83: generating IMRPhenomD from 30.0 Hz
2026-09-06T21:21:18.864+01:00 INFO : Decompressing waveform using inline_linear
2026-09-06T21:21:18.869+01:00 INFO : Filtering template 84/96 segment 1/5
2026-09-06T21:21:18.919+01:00 INFO : Filtering template 84/96 segment 2/5
2026-09-06T21:21:18.960+01:00 INFO : Filtering template 84/96 segment 3/5
2026-09-06T21:21:19.000+01:00 INFO : 1 points above threshold
2026-09-06T21:21:19.019+01:00 INFO : Filtering template 84/96 segment 4/5
2026-09-06T21:21:19.059+01:00 INFO : 3 points above threshold
2026-09-06T21:21:19.069+01:00 INFO : Filtering template 84/96 segment 5/5
2026-09-06T21:21:19.110+01:00 INFO : 84: generating IMRPhenomD from 30.0 Hz
2026-09-06T21:21:19.113+01:00 INFO : Decompressing waveform using inline_linear
2026-09-06T21:21:19.118+01:00 INFO : Filtering template 85/96 segment 1/5
2026-09-06T21:21:19.182+01:00 INFO : 1 points above threshold
2026-09-06T21:21:19.203+01:00 INFO : Filtering template 85/96 segment 2/5
2026-09-06T21:21:19.245+01:00 INFO : 2 points above threshold
2026-09-06T21:21:19.253+01:00 INFO : Filtering template 85/96 segment 3/5
2026-09-06T21:21:19.294+01:00 INFO : 1 points above threshold
2026-09-06T21:21:19.300+01:00 INFO : Filtering template 85/96 segment 4/5
2026-09-06T21:21:19.340+01:00 INFO : 3 points above threshold
2026-09-06T21:21:19.350+01:00 INFO : Filtering template 85/96 segment 5/5
2026-09-06T21:21:19.390+01:00 INFO : 2 points above threshold
2026-09-06T21:21:19.399+01:00 INFO : 85: generating IMRPhenomD from 30.0 Hz
2026-09-06T21:21:19.401+01:00 INFO : Decompressing waveform using inline_linear
2026-09-06T21:21:19.406+01:00 INFO : Filtering template 86/96 segment 1/5
2026-09-06T21:21:19.457+01:00 INFO : 2 points above threshold
2026-09-06T21:21:19.477+01:00 INFO : Filtering template 86/96 segment 2/5
2026-09-06T21:21:19.517+01:00 INFO : 2 points above threshold
2026-09-06T21:21:19.525+01:00 INFO : Filtering template 86/96 segment 3/5
2026-09-06T21:21:19.566+01:00 INFO : 1 points above threshold
2026-09-06T21:21:19.572+01:00 INFO : Filtering template 86/96 segment 4/5
2026-09-06T21:21:19.612+01:00 INFO : 1 points above threshold
2026-09-06T21:21:19.618+01:00 INFO : Filtering template 86/96 segment 5/5
2026-09-06T21:21:19.658+01:00 INFO : 2 points above threshold
2026-09-06T21:21:19.667+01:00 INFO : 86: generating IMRPhenomD from 30.0 Hz
2026-09-06T21:21:19.669+01:00 INFO : Decompressing waveform using inline_linear
2026-09-06T21:21:19.674+01:00 INFO : Filtering template 87/96 segment 1/5
2026-09-06T21:21:19.724+01:00 INFO : 1 points above threshold
2026-09-06T21:21:19.743+01:00 INFO : Filtering template 87/96 segment 2/5
2026-09-06T21:21:19.783+01:00 INFO : 2 points above threshold
2026-09-06T21:21:19.791+01:00 INFO : Filtering template 87/96 segment 3/5
2026-09-06T21:21:19.832+01:00 INFO : 1 points above threshold
2026-09-06T21:21:19.838+01:00 INFO : Filtering template 87/96 segment 4/5
2026-09-06T21:21:19.878+01:00 INFO : 1 points above threshold
2026-09-06T21:21:19.884+01:00 INFO : Filtering template 87/96 segment 5/5
2026-09-06T21:21:19.925+01:00 INFO : 1 points above threshold
2026-09-06T21:21:19.931+01:00 INFO : 87: generating IMRPhenomD from 30.0 Hz
2026-09-06T21:21:19.934+01:00 INFO : Decompressing waveform using inline_linear
2026-09-06T21:21:19.938+01:00 INFO : Filtering template 88/96 segment 1/5
2026-09-06T21:21:19.989+01:00 INFO : 2 points above threshold
2026-09-06T21:21:20.009+01:00 INFO : Filtering template 88/96 segment 2/5
2026-09-06T21:21:20.049+01:00 INFO : 1 points above threshold
2026-09-06T21:21:20.055+01:00 INFO : Filtering template 88/96 segment 3/5
2026-09-06T21:21:20.096+01:00 INFO : Filtering template 88/96 segment 4/5
2026-09-06T21:21:20.136+01:00 INFO : Filtering template 88/96 segment 5/5
2026-09-06T21:21:20.177+01:00 INFO : 2 points above threshold
2026-09-06T21:21:20.185+01:00 INFO : 88: generating IMRPhenomD from 30.0 Hz
2026-09-06T21:21:20.188+01:00 INFO : Decompressing waveform using inline_linear
2026-09-06T21:21:20.192+01:00 INFO : Filtering template 89/96 segment 1/5
2026-09-06T21:21:20.243+01:00 INFO : 2 points above threshold
2026-09-06T21:21:20.264+01:00 INFO : Filtering template 89/96 segment 2/5
2026-09-06T21:21:20.304+01:00 INFO : 1 points above threshold
2026-09-06T21:21:20.310+01:00 INFO : Filtering template 89/96 segment 3/5
2026-09-06T21:21:20.350+01:00 INFO : 2 points above threshold
2026-09-06T21:21:20.358+01:00 INFO : Filtering template 89/96 segment 4/5
2026-09-06T21:21:20.399+01:00 INFO : Filtering template 89/96 segment 5/5
2026-09-06T21:21:20.439+01:00 INFO : 89: generating IMRPhenomD from 30.0 Hz
2026-09-06T21:21:20.442+01:00 INFO : Decompressing waveform using inline_linear
2026-09-06T21:21:20.447+01:00 INFO : Filtering template 90/96 segment 1/5
2026-09-06T21:21:20.497+01:00 INFO : Filtering template 90/96 segment 2/5
2026-09-06T21:21:20.538+01:00 INFO : 1 points above threshold
2026-09-06T21:21:20.556+01:00 INFO : Filtering template 90/96 segment 3/5
2026-09-06T21:21:20.597+01:00 INFO : 3 points above threshold
2026-09-06T21:21:20.607+01:00 INFO : Filtering template 90/96 segment 4/5
2026-09-06T21:21:20.647+01:00 INFO : Filtering template 90/96 segment 5/5
2026-09-06T21:21:20.687+01:00 INFO : 1 points above threshold
2026-09-06T21:21:20.693+01:00 INFO : 90: generating IMRPhenomD from 30.0 Hz
2026-09-06T21:21:20.696+01:00 INFO : Decompressing waveform using inline_linear
2026-09-06T21:21:20.701+01:00 INFO : Filtering template 91/96 segment 1/5
2026-09-06T21:21:20.751+01:00 INFO : Filtering template 91/96 segment 2/5
2026-09-06T21:21:20.792+01:00 INFO : 2 points above threshold
2026-09-06T21:21:20.812+01:00 INFO : Filtering template 91/96 segment 3/5
2026-09-06T21:21:20.853+01:00 INFO : 3 points above threshold
2026-09-06T21:21:20.863+01:00 INFO : Filtering template 91/96 segment 4/5
2026-09-06T21:21:20.903+01:00 INFO : Filtering template 91/96 segment 5/5
2026-09-06T21:21:20.943+01:00 INFO : 1 points above threshold
2026-09-06T21:21:20.950+01:00 INFO : 91: generating IMRPhenomD from 30.0 Hz
2026-09-06T21:21:20.952+01:00 INFO : Decompressing waveform using inline_linear
2026-09-06T21:21:20.957+01:00 INFO : Filtering template 92/96 segment 1/5
2026-09-06T21:21:21.007+01:00 INFO : 2 points above threshold
2026-09-06T21:21:21.028+01:00 INFO : Filtering template 92/96 segment 2/5
2026-09-06T21:21:21.068+01:00 INFO : 1 points above threshold
2026-09-06T21:21:21.074+01:00 INFO : Filtering template 92/96 segment 3/5
2026-09-06T21:21:21.115+01:00 INFO : 2 points above threshold
2026-09-06T21:21:21.123+01:00 INFO : Filtering template 92/96 segment 4/5
2026-09-06T21:21:21.163+01:00 INFO : 1 points above threshold
2026-09-06T21:21:21.169+01:00 INFO : Filtering template 92/96 segment 5/5
2026-09-06T21:21:21.209+01:00 INFO : 1 points above threshold
2026-09-06T21:21:21.216+01:00 INFO : 92: generating IMRPhenomD from 30.0 Hz
2026-09-06T21:21:21.218+01:00 INFO : Decompressing waveform using inline_linear
2026-09-06T21:21:21.223+01:00 INFO : Filtering template 93/96 segment 1/5
2026-09-06T21:21:21.274+01:00 INFO : Filtering template 93/96 segment 2/5
2026-09-06T21:21:21.314+01:00 INFO : 3 points above threshold
2026-09-06T21:21:21.337+01:00 INFO : Filtering template 93/96 segment 3/5
2026-09-06T21:21:21.377+01:00 INFO : 3 points above threshold
2026-09-06T21:21:21.387+01:00 INFO : Filtering template 93/96 segment 4/5
2026-09-06T21:21:21.428+01:00 INFO : 1 points above threshold
2026-09-06T21:21:21.434+01:00 INFO : Filtering template 93/96 segment 5/5
2026-09-06T21:21:21.474+01:00 INFO : 1 points above threshold
2026-09-06T21:21:21.480+01:00 INFO : 93: generating IMRPhenomD from 30.0 Hz
2026-09-06T21:21:21.483+01:00 INFO : Decompressing waveform using inline_linear
2026-09-06T21:21:21.487+01:00 INFO : Filtering template 94/96 segment 1/5
2026-09-06T21:21:21.538+01:00 INFO : 1 points above threshold
2026-09-06T21:21:21.556+01:00 INFO : Filtering template 94/96 segment 2/5
2026-09-06T21:21:21.597+01:00 INFO : 2 points above threshold
2026-09-06T21:21:21.605+01:00 INFO : Filtering template 94/96 segment 3/5
2026-09-06T21:21:21.645+01:00 INFO : 4 points above threshold
2026-09-06T21:21:21.654+01:00 INFO : Filtering template 94/96 segment 4/5
2026-09-06T21:21:21.695+01:00 INFO : Filtering template 94/96 segment 5/5
2026-09-06T21:21:21.735+01:00 INFO : 2 points above threshold
2026-09-06T21:21:21.743+01:00 INFO : 94: generating IMRPhenomD from 30.0 Hz
2026-09-06T21:21:21.746+01:00 INFO : Decompressing waveform using inline_linear
2026-09-06T21:21:21.751+01:00 INFO : Filtering template 95/96 segment 1/5
2026-09-06T21:21:21.801+01:00 INFO : 3 points above threshold
2026-09-06T21:21:21.824+01:00 INFO : Filtering template 95/96 segment 2/5
2026-09-06T21:21:21.864+01:00 INFO : 2 points above threshold
2026-09-06T21:21:21.872+01:00 INFO : Filtering template 95/96 segment 3/5
2026-09-06T21:21:21.912+01:00 INFO : 2 points above threshold
2026-09-06T21:21:21.920+01:00 INFO : Filtering template 95/96 segment 4/5
2026-09-06T21:21:21.961+01:00 INFO : 1 points above threshold
2026-09-06T21:21:21.967+01:00 INFO : Filtering template 95/96 segment 5/5
2026-09-06T21:21:22.007+01:00 INFO : 95: generating IMRPhenomD from 30.0 Hz
2026-09-06T21:21:22.010+01:00 INFO : Decompressing waveform using inline_linear
2026-09-06T21:21:22.015+01:00 INFO : Filtering template 96/96 segment 1/5
2026-09-06T21:21:22.065+01:00 INFO : 2 points above threshold
2026-09-06T21:21:22.091+01:00 INFO : Filtering template 96/96 segment 2/5
2026-09-06T21:21:22.132+01:00 INFO : Filtering template 96/96 segment 3/5
2026-09-06T21:21:22.172+01:00 INFO : Filtering template 96/96 segment 4/5
2026-09-06T21:21:22.213+01:00 INFO : 1 points above threshold
2026-09-06T21:21:22.219+01:00 INFO : Filtering template 96/96 segment 5/5
2026-09-06T21:21:22.259+01:00 INFO : We currently have 527 triggers
2026-09-06T21:21:22.260+01:00 INFO : Removing triggers with NewSNR below threshold
2026-09-06T21:21:22.260+01:00 INFO : 475 remaining triggers
2026-09-06T21:21:22.260+01:00 INFO : Outputting 475 triggers
2026-09-06T21:21:22.260+01:00 INFO : Writing out triggers
2026-09-06T21:21:22.271+01:00 INFO : Finished
