2026-09-06T21:21:27.378+01:00 INFO : Running with Torch support on device cuda:0
2026-09-06T21:21:27.378+01:00 INFO : Reading Frames
2026-09-06T21:21:34.126+01:00 INFO : Highpass Filtering
2026-09-06T21:21:34.598+01:00 INFO : Resampling data
2026-09-06T21:21:34.610+01:00 INFO : Converting to float32
/home/xangma/pycbc-torch-inspiral-reference-20260906/source-v6/pycbc/types/array.py:872: RuntimeWarning: divide by zero encountered in divide
  return self._data.__rtruediv__(other)
2026-09-06T21:21:39.706+01:00 INFO : Highpass Filtering
2026-09-06T21:21:40.197+01:00 INFO : Remove Padding
2026-09-06T21:21:40.197+01:00 INFO : Making frequency-domain data segments
2026-09-06T21:21:40.845+01:00 INFO : Overwhitening frequency-domain data segments
2026-09-06T21:21:40.846+01:00 INFO : Read in template bank
2026-09-06T21:21:40.856+01:00 INFO : Full template bank size: 96
2026-09-06T21:21:40.856+01:00 INFO : Template bank size after thinning: 96
2026-09-06T21:21:40.856+01:00 INFO : 0: generating IMRPhenomD from 30.0 Hz
2026-09-06T21:21:40.857+01:00 INFO : Decompressing waveform using inline_linear
2026-09-06T21:21:41.042+01:00 INFO : Filtering template 1/96 segment 1/5
2026-09-06T21:21:41.525+01:00 INFO : 1 points above threshold
2026-09-06T21:21:41.543+01:00 INFO : Filtering template 1/96 segment 2/5
2026-09-06T21:21:41.544+01:00 INFO : Filtering template 1/96 segment 3/5
2026-09-06T21:21:41.545+01:00 INFO : 1 points above threshold
2026-09-06T21:21:41.547+01:00 INFO : Filtering template 1/96 segment 4/5
2026-09-06T21:21:41.548+01:00 INFO : Filtering template 1/96 segment 5/5
2026-09-06T21:21:41.548+01:00 INFO : 1 points above threshold
2026-09-06T21:21:41.551+01:00 INFO : 1: generating IMRPhenomD from 30.0 Hz
2026-09-06T21:21:41.552+01:00 INFO : Decompressing waveform using inline_linear
2026-09-06T21:21:41.554+01:00 INFO : Filtering template 2/96 segment 1/5
2026-09-06T21:21:41.555+01:00 INFO : 1 points above threshold
2026-09-06T21:21:41.558+01:00 INFO : Filtering template 2/96 segment 2/5
2026-09-06T21:21:41.559+01:00 INFO : 1 points above threshold
2026-09-06T21:21:41.561+01:00 INFO : Filtering template 2/96 segment 3/5
2026-09-06T21:21:41.562+01:00 INFO : 2 points above threshold
2026-09-06T21:21:41.568+01:00 INFO : Filtering template 2/96 segment 4/5
2026-09-06T21:21:41.568+01:00 INFO : Filtering template 2/96 segment 5/5
2026-09-06T21:21:41.569+01:00 INFO : 1 points above threshold
2026-09-06T21:21:41.572+01:00 INFO : 2: generating IMRPhenomD from 30.0 Hz
2026-09-06T21:21:41.573+01:00 INFO : Decompressing waveform using inline_linear
2026-09-06T21:21:41.575+01:00 INFO : Filtering template 3/96 segment 1/5
2026-09-06T21:21:41.575+01:00 INFO : 3 points above threshold
2026-09-06T21:21:41.580+01:00 INFO : Filtering template 3/96 segment 2/5
2026-09-06T21:21:41.580+01:00 INFO : Filtering template 3/96 segment 3/5
2026-09-06T21:21:41.581+01:00 INFO : 1 points above threshold
2026-09-06T21:21:41.583+01:00 INFO : Filtering template 3/96 segment 4/5
2026-09-06T21:21:41.583+01:00 INFO : 1 points above threshold
2026-09-06T21:21:41.586+01:00 INFO : Filtering template 3/96 segment 5/5
2026-09-06T21:21:41.587+01:00 INFO : 3: generating IMRPhenomD from 30.0 Hz
2026-09-06T21:21:41.588+01:00 INFO : Decompressing waveform using inline_linear
2026-09-06T21:21:41.590+01:00 INFO : Filtering template 4/96 segment 1/5
2026-09-06T21:21:41.591+01:00 INFO : 1 points above threshold
2026-09-06T21:21:41.594+01:00 INFO : Filtering template 4/96 segment 2/5
2026-09-06T21:21:41.594+01:00 INFO : 1 points above threshold
2026-09-06T21:21:41.596+01:00 INFO : Filtering template 4/96 segment 3/5
2026-09-06T21:21:41.597+01:00 INFO : 2 points above threshold
2026-09-06T21:21:41.600+01:00 INFO : Filtering template 4/96 segment 4/5
2026-09-06T21:21:41.601+01:00 INFO : 2 points above threshold
2026-09-06T21:21:41.604+01:00 INFO : Filtering template 4/96 segment 5/5
2026-09-06T21:21:41.604+01:00 INFO : 2 points above threshold
2026-09-06T21:21:41.608+01:00 INFO : 4: generating IMRPhenomD from 30.0 Hz
2026-09-06T21:21:41.610+01:00 INFO : Decompressing waveform using inline_linear
2026-09-06T21:21:41.611+01:00 INFO : Filtering template 5/96 segment 1/5
2026-09-06T21:21:41.612+01:00 INFO : 1 points above threshold
2026-09-06T21:21:41.615+01:00 INFO : Filtering template 5/96 segment 2/5
2026-09-06T21:21:41.616+01:00 INFO : 2 points above threshold
2026-09-06T21:21:41.619+01:00 INFO : Filtering template 5/96 segment 3/5
2026-09-06T21:21:41.619+01:00 INFO : 2 points above threshold
2026-09-06T21:21:41.623+01:00 INFO : Filtering template 5/96 segment 4/5
2026-09-06T21:21:41.623+01:00 INFO : 2 points above threshold
2026-09-06T21:21:41.626+01:00 INFO : Filtering template 5/96 segment 5/5
2026-09-06T21:21:41.627+01:00 INFO : 5: generating IMRPhenomD from 30.0 Hz
2026-09-06T21:21:41.629+01:00 INFO : Decompressing waveform using inline_linear
2026-09-06T21:21:41.630+01:00 INFO : Filtering template 6/96 segment 1/5
2026-09-06T21:21:41.631+01:00 INFO : 1 points above threshold
2026-09-06T21:21:41.634+01:00 INFO : Filtering template 6/96 segment 2/5
2026-09-06T21:21:41.635+01:00 INFO : Filtering template 6/96 segment 3/5
2026-09-06T21:21:41.635+01:00 INFO : Filtering template 6/96 segment 4/5
2026-09-06T21:21:41.636+01:00 INFO : Filtering template 6/96 segment 5/5
2026-09-06T21:21:41.636+01:00 INFO : 1 points above threshold
2026-09-06T21:21:41.639+01:00 INFO : 6: generating IMRPhenomD from 30.0 Hz
2026-09-06T21:21:41.640+01:00 INFO : Decompressing waveform using inline_linear
2026-09-06T21:21:41.642+01:00 INFO : Filtering template 7/96 segment 1/5
2026-09-06T21:21:41.642+01:00 INFO : 2 points above threshold
2026-09-06T21:21:41.647+01:00 INFO : Filtering template 7/96 segment 2/5
2026-09-06T21:21:41.647+01:00 INFO : Filtering template 7/96 segment 3/5
2026-09-06T21:21:41.647+01:00 INFO : Filtering template 7/96 segment 4/5
2026-09-06T21:21:41.648+01:00 INFO : 1 points above threshold
2026-09-06T21:21:41.650+01:00 INFO : Filtering template 7/96 segment 5/5
2026-09-06T21:21:41.651+01:00 INFO : 7: generating IMRPhenomD from 30.0 Hz
2026-09-06T21:21:41.652+01:00 INFO : Decompressing waveform using inline_linear
2026-09-06T21:21:41.654+01:00 INFO : Filtering template 8/96 segment 1/5
2026-09-06T21:21:41.655+01:00 INFO : 2 points above threshold
2026-09-06T21:21:41.659+01:00 INFO : Filtering template 8/96 segment 2/5
2026-09-06T21:21:41.659+01:00 INFO : 1 points above threshold
2026-09-06T21:21:41.662+01:00 INFO : Filtering template 8/96 segment 3/5
2026-09-06T21:21:41.662+01:00 INFO : 4 points above threshold
2026-09-06T21:21:41.666+01:00 INFO : Filtering template 8/96 segment 4/5
2026-09-06T21:21:41.666+01:00 INFO : Filtering template 8/96 segment 5/5
2026-09-06T21:21:41.667+01:00 INFO : 8: generating IMRPhenomD from 30.0 Hz
2026-09-06T21:21:41.668+01:00 INFO : Decompressing waveform using inline_linear
2026-09-06T21:21:41.670+01:00 INFO : Filtering template 9/96 segment 1/5
2026-09-06T21:21:41.671+01:00 INFO : Filtering template 9/96 segment 2/5
2026-09-06T21:21:41.671+01:00 INFO : 1 points above threshold
2026-09-06T21:21:41.674+01:00 INFO : Filtering template 9/96 segment 3/5
2026-09-06T21:21:41.675+01:00 INFO : 2 points above threshold
2026-09-06T21:21:41.678+01:00 INFO : Filtering template 9/96 segment 4/5
2026-09-06T21:21:41.679+01:00 INFO : 1 points above threshold
2026-09-06T21:21:41.681+01:00 INFO : Filtering template 9/96 segment 5/5
2026-09-06T21:21:41.681+01:00 INFO : 3 points above threshold
2026-09-06T21:21:41.685+01:00 INFO : 9: generating IMRPhenomD from 30.0 Hz
2026-09-06T21:21:41.687+01:00 INFO : Decompressing waveform using inline_linear
2026-09-06T21:21:41.688+01:00 INFO : Filtering template 10/96 segment 1/5
2026-09-06T21:21:41.689+01:00 INFO : 1 points above threshold
2026-09-06T21:21:41.692+01:00 INFO : Filtering template 10/96 segment 2/5
2026-09-06T21:21:41.693+01:00 INFO : 1 points above threshold
2026-09-06T21:21:41.695+01:00 INFO : Filtering template 10/96 segment 3/5
2026-09-06T21:21:41.696+01:00 INFO : Filtering template 10/96 segment 4/5
2026-09-06T21:21:41.696+01:00 INFO : 2 points above threshold
2026-09-06T21:21:41.699+01:00 INFO : Filtering template 10/96 segment 5/5
2026-09-06T21:21:41.700+01:00 INFO : 1 points above threshold
2026-09-06T21:21:41.703+01:00 INFO : 10: generating IMRPhenomD from 30.0 Hz
2026-09-06T21:21:41.704+01:00 INFO : Decompressing waveform using inline_linear
2026-09-06T21:21:41.706+01:00 INFO : Filtering template 11/96 segment 1/5
2026-09-06T21:21:41.707+01:00 INFO : 4 points above threshold
2026-09-06T21:21:41.711+01:00 INFO : Filtering template 11/96 segment 2/5
2026-09-06T21:21:41.711+01:00 INFO : 2 points above threshold
2026-09-06T21:21:41.714+01:00 INFO : Filtering template 11/96 segment 3/5
2026-09-06T21:21:41.715+01:00 INFO : 1 points above threshold
2026-09-06T21:21:41.717+01:00 INFO : Filtering template 11/96 segment 4/5
2026-09-06T21:21:41.718+01:00 INFO : Filtering template 11/96 segment 5/5
2026-09-06T21:21:41.719+01:00 INFO : 11: generating IMRPhenomD from 30.0 Hz
2026-09-06T21:21:41.720+01:00 INFO : Decompressing waveform using inline_linear
2026-09-06T21:21:41.722+01:00 INFO : Filtering template 12/96 segment 1/5
2026-09-06T21:21:41.722+01:00 INFO : 1 points above threshold
2026-09-06T21:21:41.725+01:00 INFO : Filtering template 12/96 segment 2/5
2026-09-06T21:21:41.726+01:00 INFO : 1 points above threshold
2026-09-06T21:21:41.728+01:00 INFO : Filtering template 12/96 segment 3/5
2026-09-06T21:21:41.729+01:00 INFO : 1 points above threshold
2026-09-06T21:21:41.731+01:00 INFO : Filtering template 12/96 segment 4/5
2026-09-06T21:21:41.732+01:00 INFO : 3 points above threshold
2026-09-06T21:21:41.735+01:00 INFO : Filtering template 12/96 segment 5/5
2026-09-06T21:21:41.736+01:00 INFO : 12: generating IMRPhenomD from 30.0 Hz
2026-09-06T21:21:41.737+01:00 INFO : Decompressing waveform using inline_linear
2026-09-06T21:21:41.739+01:00 INFO : Filtering template 13/96 segment 1/5
2026-09-06T21:21:41.740+01:00 INFO : Filtering template 13/96 segment 2/5
2026-09-06T21:21:41.740+01:00 INFO : 4 points above threshold
2026-09-06T21:21:41.744+01:00 INFO : Filtering template 13/96 segment 3/5
2026-09-06T21:21:41.745+01:00 INFO : Filtering template 13/96 segment 4/5
2026-09-06T21:21:41.745+01:00 INFO : Filtering template 13/96 segment 5/5
2026-09-06T21:21:41.745+01:00 INFO : 1 points above threshold
2026-09-06T21:21:41.748+01:00 INFO : 13: generating IMRPhenomD from 30.0 Hz
2026-09-06T21:21:41.749+01:00 INFO : Decompressing waveform using inline_linear
2026-09-06T21:21:41.751+01:00 INFO : Filtering template 14/96 segment 1/5
2026-09-06T21:21:41.752+01:00 INFO : 1 points above threshold
2026-09-06T21:21:41.755+01:00 INFO : Filtering template 14/96 segment 2/5
2026-09-06T21:21:41.755+01:00 INFO : 2 points above threshold
2026-09-06T21:21:41.758+01:00 INFO : Filtering template 14/96 segment 3/5
2026-09-06T21:21:41.759+01:00 INFO : 3 points above threshold
2026-09-06T21:21:41.762+01:00 INFO : Filtering template 14/96 segment 4/5
2026-09-06T21:21:41.762+01:00 INFO : 2 points above threshold
2026-09-06T21:21:41.765+01:00 INFO : Filtering template 14/96 segment 5/5
2026-09-06T21:21:41.766+01:00 INFO : 14: generating IMRPhenomD from 30.0 Hz
2026-09-06T21:21:41.767+01:00 INFO : Decompressing waveform using inline_linear
2026-09-06T21:21:41.769+01:00 INFO : Filtering template 15/96 segment 1/5
2026-09-06T21:21:41.770+01:00 INFO : 1 points above threshold
2026-09-06T21:21:41.773+01:00 INFO : Filtering template 15/96 segment 2/5
2026-09-06T21:21:41.773+01:00 INFO : Filtering template 15/96 segment 3/5
2026-09-06T21:21:41.774+01:00 INFO : 1 points above threshold
2026-09-06T21:21:41.776+01:00 INFO : Filtering template 15/96 segment 4/5
2026-09-06T21:21:41.777+01:00 INFO : 1 points above threshold
2026-09-06T21:21:41.779+01:00 INFO : Filtering template 15/96 segment 5/5
2026-09-06T21:21:41.780+01:00 INFO : 3 points above threshold
2026-09-06T21:21:41.783+01:00 INFO : 15: generating IMRPhenomD from 30.0 Hz
2026-09-06T21:21:41.785+01:00 INFO : Decompressing waveform using inline_linear
2026-09-06T21:21:41.786+01:00 INFO : Filtering template 16/96 segment 1/5
2026-09-06T21:21:41.787+01:00 INFO : 1 points above threshold
2026-09-06T21:21:41.790+01:00 INFO : Filtering template 16/96 segment 2/5
2026-09-06T21:21:41.791+01:00 INFO : 2 points above threshold
2026-09-06T21:21:41.794+01:00 INFO : Filtering template 16/96 segment 3/5
2026-09-06T21:21:41.794+01:00 INFO : 3 points above threshold
2026-09-06T21:21:41.797+01:00 INFO : Filtering template 16/96 segment 4/5
2026-09-06T21:21:41.798+01:00 INFO : 2 points above threshold
2026-09-06T21:21:41.801+01:00 INFO : Filtering template 16/96 segment 5/5
2026-09-06T21:21:41.802+01:00 INFO : 16: generating IMRPhenomD from 30.0 Hz
2026-09-06T21:21:41.803+01:00 INFO : Decompressing waveform using inline_linear
2026-09-06T21:21:41.805+01:00 INFO : Filtering template 17/96 segment 1/5
2026-09-06T21:21:41.806+01:00 INFO : 2 points above threshold
2026-09-06T21:21:41.809+01:00 INFO : Filtering template 17/96 segment 2/5
2026-09-06T21:21:41.809+01:00 INFO : 3 points above threshold
2026-09-06T21:21:41.812+01:00 INFO : Filtering template 17/96 segment 3/5
2026-09-06T21:21:41.812+01:00 INFO : Filtering template 17/96 segment 4/5
2026-09-06T21:21:41.813+01:00 INFO : 2 points above threshold
2026-09-06T21:21:41.816+01:00 INFO : Filtering template 17/96 segment 5/5
2026-09-06T21:21:41.816+01:00 INFO : 3 points above threshold
2026-09-06T21:21:41.819+01:00 INFO : 17: generating IMRPhenomD from 30.0 Hz
2026-09-06T21:21:41.821+01:00 INFO : Decompressing waveform using inline_linear
2026-09-06T21:21:41.822+01:00 INFO : Filtering template 18/96 segment 1/5
2026-09-06T21:21:41.823+01:00 INFO : Filtering template 18/96 segment 2/5
2026-09-06T21:21:41.824+01:00 INFO : Filtering template 18/96 segment 3/5
2026-09-06T21:21:41.824+01:00 INFO : 1 points above threshold
2026-09-06T21:21:41.827+01:00 INFO : Filtering template 18/96 segment 4/5
2026-09-06T21:21:41.828+01:00 INFO : Filtering template 18/96 segment 5/5
2026-09-06T21:21:41.828+01:00 INFO : 2 points above threshold
2026-09-06T21:21:41.831+01:00 INFO : 18: generating IMRPhenomD from 30.0 Hz
2026-09-06T21:21:41.833+01:00 INFO : Decompressing waveform using inline_linear
2026-09-06T21:21:41.834+01:00 INFO : Filtering template 19/96 segment 1/5
2026-09-06T21:21:41.835+01:00 INFO : 3 points above threshold
2026-09-06T21:21:41.839+01:00 INFO : Filtering template 19/96 segment 2/5
2026-09-06T21:21:41.839+01:00 INFO : 1 points above threshold
2026-09-06T21:21:41.842+01:00 INFO : Filtering template 19/96 segment 3/5
2026-09-06T21:21:41.842+01:00 INFO : 1 points above threshold
2026-09-06T21:21:41.844+01:00 INFO : Filtering template 19/96 segment 4/5
2026-09-06T21:21:41.845+01:00 INFO : 3 points above threshold
2026-09-06T21:21:41.848+01:00 INFO : Filtering template 19/96 segment 5/5
2026-09-06T21:21:41.848+01:00 INFO : 1 points above threshold
2026-09-06T21:21:41.851+01:00 INFO : 19: generating IMRPhenomD from 30.0 Hz
2026-09-06T21:21:41.852+01:00 INFO : Decompressing waveform using inline_linear
2026-09-06T21:21:41.854+01:00 INFO : Filtering template 20/96 segment 1/5
2026-09-06T21:21:41.855+01:00 INFO : 1 points above threshold
2026-09-06T21:21:41.858+01:00 INFO : Filtering template 20/96 segment 2/5
2026-09-06T21:21:41.858+01:00 INFO : 3 points above threshold
2026-09-06T21:21:41.862+01:00 INFO : Filtering template 20/96 segment 3/5
2026-09-06T21:21:41.862+01:00 INFO : Filtering template 20/96 segment 4/5
2026-09-06T21:21:41.862+01:00 INFO : 2 points above threshold
2026-09-06T21:21:41.865+01:00 INFO : Filtering template 20/96 segment 5/5
2026-09-06T21:21:41.866+01:00 INFO : 20: generating IMRPhenomD from 30.0 Hz
2026-09-06T21:21:41.868+01:00 INFO : Decompressing waveform using inline_linear
2026-09-06T21:21:41.869+01:00 INFO : Filtering template 21/96 segment 1/5
2026-09-06T21:21:41.870+01:00 INFO : 1 points above threshold
2026-09-06T21:21:41.873+01:00 INFO : Filtering template 21/96 segment 2/5
2026-09-06T21:21:41.874+01:00 INFO : 1 points above threshold
2026-09-06T21:21:41.876+01:00 INFO : Filtering template 21/96 segment 3/5
2026-09-06T21:21:41.876+01:00 INFO : 1 points above threshold
2026-09-06T21:21:41.879+01:00 INFO : Filtering template 21/96 segment 4/5
2026-09-06T21:21:41.879+01:00 INFO : Filtering template 21/96 segment 5/5
2026-09-06T21:21:41.880+01:00 INFO : 21: generating IMRPhenomD from 30.0 Hz
2026-09-06T21:21:41.881+01:00 INFO : Decompressing waveform using inline_linear
2026-09-06T21:21:41.883+01:00 INFO : Filtering template 22/96 segment 1/5
2026-09-06T21:21:41.884+01:00 INFO : 5 points above threshold
2026-09-06T21:21:41.888+01:00 INFO : Filtering template 22/96 segment 2/5
2026-09-06T21:21:41.888+01:00 INFO : Filtering template 22/96 segment 3/5
2026-09-06T21:21:41.889+01:00 INFO : Filtering template 22/96 segment 4/5
2026-09-06T21:21:41.889+01:00 INFO : 1 points above threshold
2026-09-06T21:21:41.892+01:00 INFO : Filtering template 22/96 segment 5/5
2026-09-06T21:21:41.892+01:00 INFO : 1 points above threshold
2026-09-06T21:21:41.895+01:00 INFO : 22: generating IMRPhenomD from 30.0 Hz
2026-09-06T21:21:41.896+01:00 INFO : Decompressing waveform using inline_linear
2026-09-06T21:21:41.898+01:00 INFO : Filtering template 23/96 segment 1/5
2026-09-06T21:21:41.899+01:00 INFO : 2 points above threshold
2026-09-06T21:21:41.903+01:00 INFO : Filtering template 23/96 segment 2/5
2026-09-06T21:21:41.903+01:00 INFO : 1 points above threshold
2026-09-06T21:21:41.906+01:00 INFO : Filtering template 23/96 segment 3/5
2026-09-06T21:21:41.906+01:00 INFO : 1 points above threshold
2026-09-06T21:21:41.908+01:00 INFO : Filtering template 23/96 segment 4/5
2026-09-06T21:21:41.909+01:00 INFO : Filtering template 23/96 segment 5/5
2026-09-06T21:21:41.910+01:00 INFO : 23: generating IMRPhenomD from 30.0 Hz
2026-09-06T21:21:41.911+01:00 INFO : Decompressing waveform using inline_linear
2026-09-06T21:21:41.913+01:00 INFO : Filtering template 24/96 segment 1/5
2026-09-06T21:21:41.914+01:00 INFO : 1 points above threshold
2026-09-06T21:21:41.917+01:00 INFO : Filtering template 24/96 segment 2/5
2026-09-06T21:21:41.917+01:00 INFO : 2 points above threshold
2026-09-06T21:21:41.920+01:00 INFO : Filtering template 24/96 segment 3/5
2026-09-06T21:21:41.921+01:00 INFO : 1 points above threshold
2026-09-06T21:21:41.923+01:00 INFO : Filtering template 24/96 segment 4/5
2026-09-06T21:21:41.924+01:00 INFO : Filtering template 24/96 segment 5/5
2026-09-06T21:21:41.924+01:00 INFO : 2 points above threshold
2026-09-06T21:21:41.928+01:00 INFO : 24: generating IMRPhenomD from 30.0 Hz
2026-09-06T21:21:41.929+01:00 INFO : Decompressing waveform using inline_linear
2026-09-06T21:21:41.931+01:00 INFO : Filtering template 25/96 segment 1/5
2026-09-06T21:21:41.932+01:00 INFO : 2 points above threshold
2026-09-06T21:21:41.936+01:00 INFO : Filtering template 25/96 segment 2/5
2026-09-06T21:21:41.936+01:00 INFO : Filtering template 25/96 segment 3/5
2026-09-06T21:21:41.936+01:00 INFO : Filtering template 25/96 segment 4/5
2026-09-06T21:21:41.937+01:00 INFO : Filtering template 25/96 segment 5/5
2026-09-06T21:21:41.938+01:00 INFO : 25: generating IMRPhenomD from 30.0 Hz
2026-09-06T21:21:41.939+01:00 INFO : Decompressing waveform using inline_linear
2026-09-06T21:21:41.941+01:00 INFO : Filtering template 26/96 segment 1/5
2026-09-06T21:21:41.941+01:00 INFO : Filtering template 26/96 segment 2/5
2026-09-06T21:21:41.942+01:00 INFO : 2 points above threshold
2026-09-06T21:21:41.946+01:00 INFO : Filtering template 26/96 segment 3/5
2026-09-06T21:21:41.946+01:00 INFO : Filtering template 26/96 segment 4/5
2026-09-06T21:21:41.947+01:00 INFO : 2 points above threshold
2026-09-06T21:21:41.950+01:00 INFO : Filtering template 26/96 segment 5/5
2026-09-06T21:21:41.950+01:00 INFO : 2 points above threshold
2026-09-06T21:21:41.954+01:00 INFO : 26: generating IMRPhenomD from 30.0 Hz
2026-09-06T21:21:41.955+01:00 INFO : Decompressing waveform using inline_linear
2026-09-06T21:21:41.957+01:00 INFO : Filtering template 27/96 segment 1/5
2026-09-06T21:21:41.958+01:00 INFO : 3 points above threshold
2026-09-06T21:21:41.961+01:00 INFO : Filtering template 27/96 segment 2/5
2026-09-06T21:21:41.962+01:00 INFO : Filtering template 27/96 segment 3/5
2026-09-06T21:21:41.962+01:00 INFO : 1 points above threshold
2026-09-06T21:21:41.964+01:00 INFO : Filtering template 27/96 segment 4/5
2026-09-06T21:21:41.965+01:00 INFO : Filtering template 27/96 segment 5/5
2026-09-06T21:21:41.966+01:00 INFO : 27: generating IMRPhenomD from 30.0 Hz
2026-09-06T21:21:41.967+01:00 INFO : Decompressing waveform using inline_linear
2026-09-06T21:21:41.969+01:00 INFO : Filtering template 28/96 segment 1/5
2026-09-06T21:21:41.969+01:00 INFO : 3 points above threshold
2026-09-06T21:21:41.974+01:00 INFO : Filtering template 28/96 segment 2/5
2026-09-06T21:21:41.974+01:00 INFO : 1 points above threshold
2026-09-06T21:21:41.976+01:00 INFO : Filtering template 28/96 segment 3/5
2026-09-06T21:21:41.977+01:00 INFO : 2 points above threshold
2026-09-06T21:21:41.980+01:00 INFO : Filtering template 28/96 segment 4/5
2026-09-06T21:21:41.981+01:00 INFO : 1 points above threshold
2026-09-06T21:21:41.983+01:00 INFO : Filtering template 28/96 segment 5/5
2026-09-06T21:21:41.984+01:00 INFO : 28: generating IMRPhenomD from 30.0 Hz
2026-09-06T21:21:41.985+01:00 INFO : Decompressing waveform using inline_linear
2026-09-06T21:21:41.987+01:00 INFO : Filtering template 29/96 segment 1/5
2026-09-06T21:21:41.988+01:00 INFO : 2 points above threshold
2026-09-06T21:21:41.992+01:00 INFO : Filtering template 29/96 segment 2/5
2026-09-06T21:21:41.992+01:00 INFO : 2 points above threshold
2026-09-06T21:21:41.996+01:00 INFO : Filtering template 29/96 segment 3/5
2026-09-06T21:21:41.996+01:00 INFO : 1 points above threshold
2026-09-06T21:21:41.999+01:00 INFO : Filtering template 29/96 segment 4/5
2026-09-06T21:21:41.999+01:00 INFO : 2 points above threshold
2026-09-06T21:21:42.002+01:00 INFO : Filtering template 29/96 segment 5/5
2026-09-06T21:21:42.003+01:00 INFO : 2 points above threshold
2026-09-06T21:21:42.007+01:00 INFO : 29: generating IMRPhenomD from 30.0 Hz
2026-09-06T21:21:42.008+01:00 INFO : Decompressing waveform using inline_linear
2026-09-06T21:21:42.010+01:00 INFO : Filtering template 30/96 segment 1/5
2026-09-06T21:21:42.011+01:00 INFO : 1 points above threshold
2026-09-06T21:21:42.014+01:00 INFO : Filtering template 30/96 segment 2/5
2026-09-06T21:21:42.014+01:00 INFO : 1 points above threshold
2026-09-06T21:21:42.017+01:00 INFO : Filtering template 30/96 segment 3/5
2026-09-06T21:21:42.017+01:00 INFO : 1 points above threshold
2026-09-06T21:21:42.019+01:00 INFO : Filtering template 30/96 segment 4/5
2026-09-06T21:21:42.020+01:00 INFO : Filtering template 30/96 segment 5/5
2026-09-06T21:21:42.021+01:00 INFO : 30: generating IMRPhenomD from 30.0 Hz
2026-09-06T21:21:42.022+01:00 INFO : Decompressing waveform using inline_linear
2026-09-06T21:21:42.024+01:00 INFO : Filtering template 31/96 segment 1/5
2026-09-06T21:21:42.025+01:00 INFO : Filtering template 31/96 segment 2/5
2026-09-06T21:21:42.025+01:00 INFO : 1 points above threshold
2026-09-06T21:21:42.028+01:00 INFO : Filtering template 31/96 segment 3/5
2026-09-06T21:21:42.029+01:00 INFO : Filtering template 31/96 segment 4/5
2026-09-06T21:21:42.029+01:00 INFO : 1 points above threshold
2026-09-06T21:21:42.031+01:00 INFO : Filtering template 31/96 segment 5/5
2026-09-06T21:21:42.032+01:00 INFO : 1 points above threshold
2026-09-06T21:21:42.035+01:00 INFO : 31: generating IMRPhenomD from 30.0 Hz
2026-09-06T21:21:42.036+01:00 INFO : Decompressing waveform using inline_linear
2026-09-06T21:21:42.038+01:00 INFO : Filtering template 32/96 segment 1/5
2026-09-06T21:21:42.038+01:00 INFO : Filtering template 32/96 segment 2/5
2026-09-06T21:21:42.039+01:00 INFO : Filtering template 32/96 segment 3/5
2026-09-06T21:21:42.039+01:00 INFO : Filtering template 32/96 segment 4/5
2026-09-06T21:21:42.040+01:00 INFO : 3 points above threshold
2026-09-06T21:21:42.043+01:00 INFO : Filtering template 32/96 segment 5/5
2026-09-06T21:21:42.044+01:00 INFO : 2 points above threshold
2026-09-06T21:21:42.047+01:00 INFO : 32: generating IMRPhenomD from 30.0 Hz
2026-09-06T21:21:42.049+01:00 INFO : Decompressing waveform using inline_linear
2026-09-06T21:21:42.050+01:00 INFO : Filtering template 33/96 segment 1/5
2026-09-06T21:21:42.051+01:00 INFO : 2 points above threshold
2026-09-06T21:21:42.055+01:00 INFO : Filtering template 33/96 segment 2/5
2026-09-06T21:21:42.056+01:00 INFO : Filtering template 33/96 segment 3/5
2026-09-06T21:21:42.056+01:00 INFO : Filtering template 33/96 segment 4/5
2026-09-06T21:21:42.056+01:00 INFO : 1 points above threshold
2026-09-06T21:21:42.059+01:00 INFO : Filtering template 33/96 segment 5/5
2026-09-06T21:21:42.060+01:00 INFO : 33: generating IMRPhenomD from 30.0 Hz
2026-09-06T21:21:42.061+01:00 INFO : Decompressing waveform using inline_linear
2026-09-06T21:21:42.063+01:00 INFO : Filtering template 34/96 segment 1/5
2026-09-06T21:21:42.063+01:00 INFO : Filtering template 34/96 segment 2/5
2026-09-06T21:21:42.064+01:00 INFO : 1 points above threshold
2026-09-06T21:21:42.067+01:00 INFO : Filtering template 34/96 segment 3/5
2026-09-06T21:21:42.067+01:00 INFO : 1 points above threshold
2026-09-06T21:21:42.070+01:00 INFO : Filtering template 34/96 segment 4/5
2026-09-06T21:21:42.070+01:00 INFO : Filtering template 34/96 segment 5/5
2026-09-06T21:21:42.071+01:00 INFO : 1 points above threshold
2026-09-06T21:21:42.073+01:00 INFO : 34: generating IMRPhenomD from 30.0 Hz
2026-09-06T21:21:42.075+01:00 INFO : Decompressing waveform using inline_linear
2026-09-06T21:21:42.076+01:00 INFO : Filtering template 35/96 segment 1/5
2026-09-06T21:21:42.077+01:00 INFO : 1 points above threshold
2026-09-06T21:21:42.080+01:00 INFO : Filtering template 35/96 segment 2/5
2026-09-06T21:21:42.081+01:00 INFO : 1 points above threshold
2026-09-06T21:21:42.083+01:00 INFO : Filtering template 35/96 segment 3/5
2026-09-06T21:21:42.083+01:00 INFO : 1 points above threshold
2026-09-06T21:21:42.086+01:00 INFO : Filtering template 35/96 segment 4/5
2026-09-06T21:21:42.086+01:00 INFO : Filtering template 35/96 segment 5/5
2026-09-06T21:21:42.087+01:00 INFO : 35: generating IMRPhenomD from 30.0 Hz
2026-09-06T21:21:42.088+01:00 INFO : Decompressing waveform using inline_linear
2026-09-06T21:21:42.090+01:00 INFO : Filtering template 36/96 segment 1/5
2026-09-06T21:21:42.091+01:00 INFO : 3 points above threshold
2026-09-06T21:21:42.094+01:00 INFO : Filtering template 36/96 segment 2/5
2026-09-06T21:21:42.095+01:00 INFO : 1 points above threshold
2026-09-06T21:21:42.097+01:00 INFO : Filtering template 36/96 segment 3/5
2026-09-06T21:21:42.098+01:00 INFO : 2 points above threshold
2026-09-06T21:21:42.100+01:00 INFO : Filtering template 36/96 segment 4/5
2026-09-06T21:21:42.101+01:00 INFO : Filtering template 36/96 segment 5/5
2026-09-06T21:21:42.101+01:00 INFO : 1 points above threshold
2026-09-06T21:21:42.104+01:00 INFO : 36: generating IMRPhenomD from 30.0 Hz
2026-09-06T21:21:42.105+01:00 INFO : Decompressing waveform using inline_linear
2026-09-06T21:21:42.107+01:00 INFO : Filtering template 37/96 segment 1/5
2026-09-06T21:21:42.108+01:00 INFO : 2 points above threshold
2026-09-06T21:21:42.112+01:00 INFO : Filtering template 37/96 segment 2/5
2026-09-06T21:21:42.113+01:00 INFO : 3 points above threshold
2026-09-06T21:21:42.116+01:00 INFO : Filtering template 37/96 segment 3/5
2026-09-06T21:21:42.116+01:00 INFO : 1 points above threshold
2026-09-06T21:21:42.119+01:00 INFO : Filtering template 37/96 segment 4/5
2026-09-06T21:21:42.119+01:00 INFO : 3 points above threshold
2026-09-06T21:21:42.123+01:00 INFO : Filtering template 37/96 segment 5/5
2026-09-06T21:21:42.124+01:00 INFO : 37: generating IMRPhenomD from 30.0 Hz
2026-09-06T21:21:42.125+01:00 INFO : Decompressing waveform using inline_linear
2026-09-06T21:21:42.127+01:00 INFO : Filtering template 38/96 segment 1/5
2026-09-06T21:21:42.127+01:00 INFO : Filtering template 38/96 segment 2/5
2026-09-06T21:21:42.128+01:00 INFO : Filtering template 38/96 segment 3/5
2026-09-06T21:21:42.128+01:00 INFO : 1 points above threshold
2026-09-06T21:21:42.131+01:00 INFO : Filtering template 38/96 segment 4/5
2026-09-06T21:21:42.132+01:00 INFO : 1 points above threshold
2026-09-06T21:21:42.134+01:00 INFO : Filtering template 38/96 segment 5/5
2026-09-06T21:21:42.135+01:00 INFO : 1 points above threshold
2026-09-06T21:21:42.137+01:00 INFO : 38: generating IMRPhenomD from 30.0 Hz
2026-09-06T21:21:42.139+01:00 INFO : Decompressing waveform using inline_linear
2026-09-06T21:21:42.140+01:00 INFO : Filtering template 39/96 segment 1/5
2026-09-06T21:21:42.141+01:00 INFO : Filtering template 39/96 segment 2/5
2026-09-06T21:21:42.142+01:00 INFO : 2 points above threshold
2026-09-06T21:21:42.146+01:00 INFO : Filtering template 39/96 segment 3/5
2026-09-06T21:21:42.146+01:00 INFO : Filtering template 39/96 segment 4/5
2026-09-06T21:21:42.147+01:00 INFO : 2 points above threshold
2026-09-06T21:21:42.150+01:00 INFO : Filtering template 39/96 segment 5/5
2026-09-06T21:21:42.151+01:00 INFO : 39: generating IMRPhenomD from 30.0 Hz
2026-09-06T21:21:42.152+01:00 INFO : Decompressing waveform using inline_linear
2026-09-06T21:21:42.154+01:00 INFO : Filtering template 40/96 segment 1/5
2026-09-06T21:21:42.155+01:00 INFO : Filtering template 40/96 segment 2/5
2026-09-06T21:21:42.155+01:00 INFO : Filtering template 40/96 segment 3/5
2026-09-06T21:21:42.156+01:00 INFO : Filtering template 40/96 segment 4/5
2026-09-06T21:21:42.156+01:00 INFO : 2 points above threshold
2026-09-06T21:21:42.160+01:00 INFO : Filtering template 40/96 segment 5/5
2026-09-06T21:21:42.161+01:00 INFO : 40: generating IMRPhenomD from 30.0 Hz
2026-09-06T21:21:42.162+01:00 INFO : Decompressing waveform using inline_linear
2026-09-06T21:21:42.164+01:00 INFO : Filtering template 41/96 segment 1/5
2026-09-06T21:21:42.165+01:00 INFO : Filtering template 41/96 segment 2/5
2026-09-06T21:21:42.165+01:00 INFO : Filtering template 41/96 segment 3/5
2026-09-06T21:21:42.165+01:00 INFO : 2 points above threshold
2026-09-06T21:21:42.170+01:00 INFO : Filtering template 41/96 segment 4/5
2026-09-06T21:21:42.170+01:00 INFO : 2 points above threshold
2026-09-06T21:21:42.174+01:00 INFO : Filtering template 41/96 segment 5/5
2026-09-06T21:21:42.174+01:00 INFO : 41: generating IMRPhenomD from 30.0 Hz
2026-09-06T21:21:42.176+01:00 INFO : Decompressing waveform using inline_linear
2026-09-06T21:21:42.177+01:00 INFO : Filtering template 42/96 segment 1/5
2026-09-06T21:21:42.178+01:00 INFO : Filtering template 42/96 segment 2/5
2026-09-06T21:21:42.179+01:00 INFO : 1 points above threshold
2026-09-06T21:21:42.181+01:00 INFO : Filtering template 42/96 segment 3/5
2026-09-06T21:21:42.182+01:00 INFO : Filtering template 42/96 segment 4/5
2026-09-06T21:21:42.182+01:00 INFO : 1 points above threshold
2026-09-06T21:21:42.185+01:00 INFO : Filtering template 42/96 segment 5/5
2026-09-06T21:21:42.185+01:00 INFO : 1 points above threshold
2026-09-06T21:21:42.188+01:00 INFO : 42: generating IMRPhenomD from 30.0 Hz
2026-09-06T21:21:42.189+01:00 INFO : Decompressing waveform using inline_linear
2026-09-06T21:21:42.191+01:00 INFO : Filtering template 43/96 segment 1/5
2026-09-06T21:21:42.192+01:00 INFO : 1 points above threshold
2026-09-06T21:21:42.195+01:00 INFO : Filtering template 43/96 segment 2/5
2026-09-06T21:21:42.195+01:00 INFO : 2 points above threshold
2026-09-06T21:21:42.198+01:00 INFO : Filtering template 43/96 segment 3/5
2026-09-06T21:21:42.199+01:00 INFO : 1 points above threshold
2026-09-06T21:21:42.201+01:00 INFO : Filtering template 43/96 segment 4/5
2026-09-06T21:21:42.202+01:00 INFO : Filtering template 43/96 segment 5/5
2026-09-06T21:21:42.202+01:00 INFO : 43: generating IMRPhenomD from 30.0 Hz
2026-09-06T21:21:42.204+01:00 INFO : Decompressing waveform using inline_linear
2026-09-06T21:21:42.205+01:00 INFO : Filtering template 44/96 segment 1/5
2026-09-06T21:21:42.206+01:00 INFO : 1 points above threshold
2026-09-06T21:21:42.209+01:00 INFO : Filtering template 44/96 segment 2/5
2026-09-06T21:21:42.210+01:00 INFO : Filtering template 44/96 segment 3/5
2026-09-06T21:21:42.210+01:00 INFO : Filtering template 44/96 segment 4/5
2026-09-06T21:21:42.211+01:00 INFO : 1 points above threshold
2026-09-06T21:21:42.213+01:00 INFO : Filtering template 44/96 segment 5/5
2026-09-06T21:21:42.214+01:00 INFO : 44: generating IMRPhenomD from 30.0 Hz
2026-09-06T21:21:42.215+01:00 INFO : Decompressing waveform using inline_linear
2026-09-06T21:21:42.217+01:00 INFO : Filtering template 45/96 segment 1/5
2026-09-06T21:21:42.218+01:00 INFO : 2 points above threshold
2026-09-06T21:21:42.221+01:00 INFO : Filtering template 45/96 segment 2/5
2026-09-06T21:21:42.222+01:00 INFO : 1 points above threshold
2026-09-06T21:21:42.224+01:00 INFO : Filtering template 45/96 segment 3/5
2026-09-06T21:21:42.225+01:00 INFO : 1 points above threshold
2026-09-06T21:21:42.227+01:00 INFO : Filtering template 45/96 segment 4/5
2026-09-06T21:21:42.227+01:00 INFO : Filtering template 45/96 segment 5/5
2026-09-06T21:21:42.228+01:00 INFO : 45: generating IMRPhenomD from 30.0 Hz
2026-09-06T21:21:42.230+01:00 INFO : Decompressing waveform using inline_linear
2026-09-06T21:21:42.231+01:00 INFO : Filtering template 46/96 segment 1/5
2026-09-06T21:21:42.232+01:00 INFO : Filtering template 46/96 segment 2/5
2026-09-06T21:21:42.233+01:00 INFO : Filtering template 46/96 segment 3/5
2026-09-06T21:21:42.233+01:00 INFO : 1 points above threshold
2026-09-06T21:21:42.236+01:00 INFO : Filtering template 46/96 segment 4/5
2026-09-06T21:21:42.236+01:00 INFO : 3 points above threshold
2026-09-06T21:21:42.240+01:00 INFO : Filtering template 46/96 segment 5/5
2026-09-06T21:21:42.240+01:00 INFO : 1 points above threshold
2026-09-06T21:21:42.243+01:00 INFO : 46: generating IMRPhenomD from 30.0 Hz
2026-09-06T21:21:42.244+01:00 INFO : Decompressing waveform using inline_linear
2026-09-06T21:21:42.246+01:00 INFO : Filtering template 47/96 segment 1/5
2026-09-06T21:21:42.247+01:00 INFO : 3 points above threshold
2026-09-06T21:21:42.251+01:00 INFO : Filtering template 47/96 segment 2/5
2026-09-06T21:21:42.252+01:00 INFO : Filtering template 47/96 segment 3/5
2026-09-06T21:21:42.252+01:00 INFO : 2 points above threshold
2026-09-06T21:21:42.255+01:00 INFO : Filtering template 47/96 segment 4/5
2026-09-06T21:21:42.256+01:00 INFO : 1 points above threshold
2026-09-06T21:21:42.258+01:00 INFO : Filtering template 47/96 segment 5/5
2026-09-06T21:21:42.259+01:00 INFO : 1 points above threshold
2026-09-06T21:21:42.262+01:00 INFO : 47: generating IMRPhenomD from 30.0 Hz
2026-09-06T21:21:42.263+01:00 INFO : Decompressing waveform using inline_linear
2026-09-06T21:21:42.265+01:00 INFO : Filtering template 48/96 segment 1/5
2026-09-06T21:21:42.265+01:00 INFO : 3 points above threshold
2026-09-06T21:21:42.270+01:00 INFO : Filtering template 48/96 segment 2/5
2026-09-06T21:21:42.270+01:00 INFO : 1 points above threshold
2026-09-06T21:21:42.272+01:00 INFO : Filtering template 48/96 segment 3/5
2026-09-06T21:21:42.273+01:00 INFO : 1 points above threshold
2026-09-06T21:21:42.275+01:00 INFO : Filtering template 48/96 segment 4/5
2026-09-06T21:21:42.276+01:00 INFO : 2 points above threshold
2026-09-06T21:21:42.279+01:00 INFO : Filtering template 48/96 segment 5/5
2026-09-06T21:21:42.279+01:00 INFO : 1 points above threshold
2026-09-06T21:21:42.282+01:00 INFO : 48: generating IMRPhenomD from 30.0 Hz
2026-09-06T21:21:42.284+01:00 INFO : Decompressing waveform using inline_linear
2026-09-06T21:21:42.285+01:00 INFO : Filtering template 49/96 segment 1/5
2026-09-06T21:21:42.286+01:00 INFO : 1 points above threshold
2026-09-06T21:21:42.289+01:00 INFO : Filtering template 49/96 segment 2/5
2026-09-06T21:21:42.290+01:00 INFO : 1 points above threshold
2026-09-06T21:21:42.292+01:00 INFO : Filtering template 49/96 segment 3/5
2026-09-06T21:21:42.292+01:00 INFO : 2 points above threshold
2026-09-06T21:21:42.296+01:00 INFO : Filtering template 49/96 segment 4/5
2026-09-06T21:21:42.296+01:00 INFO : Filtering template 49/96 segment 5/5
2026-09-06T21:21:42.297+01:00 INFO : 49: generating IMRPhenomD from 30.0 Hz
2026-09-06T21:21:42.299+01:00 INFO : Decompressing waveform using inline_linear
2026-09-06T21:21:42.300+01:00 INFO : Filtering template 50/96 segment 1/5
2026-09-06T21:21:42.301+01:00 INFO : Filtering template 50/96 segment 2/5
2026-09-06T21:21:42.302+01:00 INFO : 2 points above threshold
2026-09-06T21:21:42.306+01:00 INFO : Filtering template 50/96 segment 3/5
2026-09-06T21:21:42.306+01:00 INFO : 4 points above threshold
2026-09-06T21:21:42.310+01:00 INFO : Filtering template 50/96 segment 4/5
2026-09-06T21:21:42.310+01:00 INFO : 2 points above threshold
2026-09-06T21:21:42.314+01:00 INFO : Filtering template 50/96 segment 5/5
2026-09-06T21:21:42.314+01:00 INFO : 50: generating IMRPhenomD from 30.0 Hz
2026-09-06T21:21:42.316+01:00 INFO : Decompressing waveform using inline_linear
2026-09-06T21:21:42.317+01:00 INFO : Filtering template 51/96 segment 1/5
2026-09-06T21:21:42.318+01:00 INFO : 1 points above threshold
2026-09-06T21:21:42.321+01:00 INFO : Filtering template 51/96 segment 2/5
2026-09-06T21:21:42.322+01:00 INFO : 1 points above threshold
2026-09-06T21:21:42.324+01:00 INFO : Filtering template 51/96 segment 3/5
2026-09-06T21:21:42.325+01:00 INFO : Filtering template 51/96 segment 4/5
2026-09-06T21:21:42.325+01:00 INFO : 1 points above threshold
2026-09-06T21:21:42.327+01:00 INFO : Filtering template 51/96 segment 5/5
2026-09-06T21:21:42.328+01:00 INFO : 2 points above threshold
2026-09-06T21:21:42.332+01:00 INFO : 51: generating IMRPhenomD from 30.0 Hz
2026-09-06T21:21:42.333+01:00 INFO : Decompressing waveform using inline_linear
2026-09-06T21:21:42.335+01:00 INFO : Filtering template 52/96 segment 1/5
2026-09-06T21:21:42.336+01:00 INFO : 1 points above threshold
2026-09-06T21:21:42.339+01:00 INFO : Filtering template 52/96 segment 2/5
2026-09-06T21:21:42.339+01:00 INFO : 1 points above threshold
2026-09-06T21:21:42.341+01:00 INFO : Filtering template 52/96 segment 3/5
2026-09-06T21:21:42.342+01:00 INFO : Filtering template 52/96 segment 4/5
2026-09-06T21:21:42.342+01:00 INFO : 3 points above threshold
2026-09-06T21:21:42.346+01:00 INFO : Filtering template 52/96 segment 5/5
2026-09-06T21:21:42.346+01:00 INFO : 1 points above threshold
2026-09-06T21:21:42.349+01:00 INFO : 52: generating IMRPhenomD from 30.0 Hz
2026-09-06T21:21:42.350+01:00 INFO : Decompressing waveform using inline_linear
2026-09-06T21:21:42.352+01:00 INFO : Filtering template 53/96 segment 1/5
2026-09-06T21:21:42.353+01:00 INFO : 3 points above threshold
2026-09-06T21:21:42.357+01:00 INFO : Filtering template 53/96 segment 2/5
2026-09-06T21:21:42.358+01:00 INFO : 2 points above threshold
2026-09-06T21:21:42.361+01:00 INFO : Filtering template 53/96 segment 3/5
2026-09-06T21:21:42.362+01:00 INFO : 2 points above threshold
2026-09-06T21:21:42.365+01:00 INFO : Filtering template 53/96 segment 4/5
2026-09-06T21:21:42.365+01:00 INFO : 1 points above threshold
2026-09-06T21:21:42.368+01:00 INFO : Filtering template 53/96 segment 5/5
2026-09-06T21:21:42.368+01:00 INFO : 1 points above threshold
2026-09-06T21:21:42.371+01:00 INFO : 53: generating IMRPhenomD from 30.0 Hz
2026-09-06T21:21:42.372+01:00 INFO : Decompressing waveform using inline_linear
2026-09-06T21:21:42.374+01:00 INFO : Filtering template 54/96 segment 1/5
2026-09-06T21:21:42.375+01:00 INFO : Filtering template 54/96 segment 2/5
2026-09-06T21:21:42.375+01:00 INFO : Filtering template 54/96 segment 3/5
2026-09-06T21:21:42.376+01:00 INFO : 2 points above threshold
2026-09-06T21:21:42.379+01:00 INFO : Filtering template 54/96 segment 4/5
2026-09-06T21:21:42.379+01:00 INFO : 5 points above threshold
2026-09-06T21:21:42.382+01:00 INFO : Filtering template 54/96 segment 5/5
2026-09-06T21:21:42.383+01:00 INFO : 54: generating IMRPhenomD from 30.0 Hz
2026-09-06T21:21:42.384+01:00 INFO : Decompressing waveform using inline_linear
2026-09-06T21:21:42.386+01:00 INFO : Filtering template 55/96 segment 1/5
2026-09-06T21:21:42.387+01:00 INFO : Filtering template 55/96 segment 2/5
2026-09-06T21:21:42.387+01:00 INFO : 1 points above threshold
2026-09-06T21:21:42.390+01:00 INFO : Filtering template 55/96 segment 3/5
2026-09-06T21:21:42.390+01:00 INFO : 3 points above threshold
2026-09-06T21:21:42.394+01:00 INFO : Filtering template 55/96 segment 4/5
2026-09-06T21:21:42.394+01:00 INFO : 1 points above threshold
2026-09-06T21:21:42.397+01:00 INFO : Filtering template 55/96 segment 5/5
2026-09-06T21:21:42.397+01:00 INFO : 1 points above threshold
2026-09-06T21:21:42.400+01:00 INFO : 55: generating IMRPhenomD from 30.0 Hz
2026-09-06T21:21:42.401+01:00 INFO : Decompressing waveform using inline_linear
2026-09-06T21:21:42.403+01:00 INFO : Filtering template 56/96 segment 1/5
2026-09-06T21:21:42.404+01:00 INFO : 1 points above threshold
2026-09-06T21:21:42.407+01:00 INFO : Filtering template 56/96 segment 2/5
2026-09-06T21:21:42.407+01:00 INFO : 1 points above threshold
2026-09-06T21:21:42.409+01:00 INFO : Filtering template 56/96 segment 3/5
2026-09-06T21:21:42.410+01:00 INFO : 3 points above threshold
2026-09-06T21:21:42.413+01:00 INFO : Filtering template 56/96 segment 4/5
2026-09-06T21:21:42.414+01:00 INFO : Filtering template 56/96 segment 5/5
2026-09-06T21:21:42.414+01:00 INFO : 1 points above threshold
2026-09-06T21:21:42.417+01:00 INFO : 56: generating IMRPhenomD from 30.0 Hz
2026-09-06T21:21:42.418+01:00 INFO : Decompressing waveform using inline_linear
2026-09-06T21:21:42.420+01:00 INFO : Filtering template 57/96 segment 1/5
2026-09-06T21:21:42.421+01:00 INFO : 1 points above threshold
2026-09-06T21:21:42.424+01:00 INFO : Filtering template 57/96 segment 2/5
2026-09-06T21:21:42.424+01:00 INFO : 2 points above threshold
2026-09-06T21:21:42.428+01:00 INFO : Filtering template 57/96 segment 3/5
2026-09-06T21:21:42.428+01:00 INFO : 2 points above threshold
2026-09-06T21:21:42.432+01:00 INFO : Filtering template 57/96 segment 4/5
2026-09-06T21:21:42.432+01:00 INFO : 2 points above threshold
2026-09-06T21:21:42.436+01:00 INFO : Filtering template 57/96 segment 5/5
2026-09-06T21:21:42.437+01:00 INFO : 57: generating IMRPhenomD from 30.0 Hz
2026-09-06T21:21:42.438+01:00 INFO : Decompressing waveform using inline_linear
2026-09-06T21:21:42.440+01:00 INFO : Filtering template 58/96 segment 1/5
2026-09-06T21:21:42.440+01:00 INFO : 1 points above threshold
2026-09-06T21:21:42.443+01:00 INFO : Filtering template 58/96 segment 2/5
2026-09-06T21:21:42.444+01:00 INFO : 2 points above threshold
2026-09-06T21:21:42.447+01:00 INFO : Filtering template 58/96 segment 3/5
2026-09-06T21:21:42.448+01:00 INFO : 1 points above threshold
2026-09-06T21:21:42.450+01:00 INFO : Filtering template 58/96 segment 4/5
2026-09-06T21:21:42.451+01:00 INFO : 1 points above threshold
2026-09-06T21:21:42.453+01:00 INFO : Filtering template 58/96 segment 5/5
2026-09-06T21:21:42.453+01:00 INFO : 2 points above threshold
2026-09-06T21:21:42.457+01:00 INFO : 58: generating IMRPhenomD from 30.0 Hz
2026-09-06T21:21:42.459+01:00 INFO : Decompressing waveform using inline_linear
2026-09-06T21:21:42.460+01:00 INFO : Filtering template 59/96 segment 1/5
2026-09-06T21:21:42.461+01:00 INFO : 1 points above threshold
2026-09-06T21:21:42.464+01:00 INFO : Filtering template 59/96 segment 2/5
2026-09-06T21:21:42.465+01:00 INFO : 2 points above threshold
2026-09-06T21:21:42.468+01:00 INFO : Filtering template 59/96 segment 3/5
2026-09-06T21:21:42.469+01:00 INFO : 2 points above threshold
2026-09-06T21:21:42.472+01:00 INFO : Filtering template 59/96 segment 4/5
2026-09-06T21:21:42.473+01:00 INFO : 1 points above threshold
2026-09-06T21:21:42.475+01:00 INFO : Filtering template 59/96 segment 5/5
2026-09-06T21:21:42.476+01:00 INFO : 59: generating IMRPhenomD from 30.0 Hz
2026-09-06T21:21:42.477+01:00 INFO : Decompressing waveform using inline_linear
2026-09-06T21:21:42.479+01:00 INFO : Filtering template 60/96 segment 1/5
2026-09-06T21:21:42.480+01:00 INFO : Filtering template 60/96 segment 2/5
2026-09-06T21:21:42.480+01:00 INFO : Filtering template 60/96 segment 3/5
2026-09-06T21:21:42.481+01:00 INFO : 1 points above threshold
2026-09-06T21:21:42.484+01:00 INFO : Filtering template 60/96 segment 4/5
2026-09-06T21:21:42.484+01:00 INFO : 2 points above threshold
2026-09-06T21:21:42.488+01:00 INFO : Filtering template 60/96 segment 5/5
2026-09-06T21:21:42.488+01:00 INFO : 60: generating IMRPhenomD from 30.0 Hz
2026-09-06T21:21:42.490+01:00 INFO : Decompressing waveform using inline_linear
2026-09-06T21:21:42.491+01:00 INFO : Filtering template 61/96 segment 1/5
2026-09-06T21:21:42.492+01:00 INFO : Filtering template 61/96 segment 2/5
2026-09-06T21:21:42.493+01:00 INFO : 2 points above threshold
2026-09-06T21:21:42.497+01:00 INFO : Filtering template 61/96 segment 3/5
2026-09-06T21:21:42.497+01:00 INFO : 1 points above threshold
2026-09-06T21:21:42.500+01:00 INFO : Filtering template 61/96 segment 4/5
2026-09-06T21:21:42.500+01:00 INFO : 1 points above threshold
2026-09-06T21:21:42.502+01:00 INFO : Filtering template 61/96 segment 5/5
2026-09-06T21:21:42.503+01:00 INFO : 61: generating IMRPhenomD from 30.0 Hz
2026-09-06T21:21:42.504+01:00 INFO : Decompressing waveform using inline_linear
2026-09-06T21:21:42.506+01:00 INFO : Filtering template 62/96 segment 1/5
2026-09-06T21:21:42.507+01:00 INFO : 2 points above threshold
2026-09-06T21:21:42.511+01:00 INFO : Filtering template 62/96 segment 2/5
2026-09-06T21:21:42.512+01:00 INFO : Filtering template 62/96 segment 3/5
2026-09-06T21:21:42.512+01:00 INFO : Filtering template 62/96 segment 4/5
2026-09-06T21:21:42.513+01:00 INFO : 5 points above threshold
2026-09-06T21:21:42.517+01:00 INFO : Filtering template 62/96 segment 5/5
2026-09-06T21:21:42.517+01:00 INFO : 62: generating IMRPhenomD from 30.0 Hz
2026-09-06T21:21:42.519+01:00 INFO : Decompressing waveform using inline_linear
2026-09-06T21:21:42.520+01:00 INFO : Filtering template 63/96 segment 1/5
2026-09-06T21:21:42.521+01:00 INFO : Filtering template 63/96 segment 2/5
2026-09-06T21:21:42.522+01:00 INFO : 1 points above threshold
2026-09-06T21:21:42.525+01:00 INFO : Filtering template 63/96 segment 3/5
2026-09-06T21:21:42.525+01:00 INFO : 2 points above threshold
2026-09-06T21:21:42.529+01:00 INFO : Filtering template 63/96 segment 4/5
2026-09-06T21:21:42.529+01:00 INFO : 1 points above threshold
2026-09-06T21:21:42.531+01:00 INFO : Filtering template 63/96 segment 5/5
2026-09-06T21:21:42.532+01:00 INFO : 1 points above threshold
2026-09-06T21:21:42.535+01:00 INFO : 63: generating IMRPhenomD from 30.0 Hz
2026-09-06T21:21:42.536+01:00 INFO : Decompressing waveform using inline_linear
2026-09-06T21:21:42.538+01:00 INFO : Filtering template 64/96 segment 1/5
2026-09-06T21:21:42.539+01:00 INFO : 2 points above threshold
2026-09-06T21:21:42.543+01:00 INFO : Filtering template 64/96 segment 2/5
2026-09-06T21:21:42.543+01:00 INFO : 1 points above threshold
2026-09-06T21:21:42.546+01:00 INFO : Filtering template 64/96 segment 3/5
2026-09-06T21:21:42.546+01:00 INFO : Filtering template 64/96 segment 4/5
2026-09-06T21:21:42.546+01:00 INFO : Filtering template 64/96 segment 5/5
2026-09-06T21:21:42.547+01:00 INFO : 64: generating IMRPhenomD from 30.0 Hz
2026-09-06T21:21:42.548+01:00 INFO : Decompressing waveform using inline_linear
2026-09-06T21:21:42.550+01:00 INFO : Filtering template 65/96 segment 1/5
2026-09-06T21:21:42.551+01:00 INFO : 2 points above threshold
2026-09-06T21:21:42.555+01:00 INFO : Filtering template 65/96 segment 2/5
2026-09-06T21:21:42.555+01:00 INFO : 2 points above threshold
2026-09-06T21:21:42.558+01:00 INFO : Filtering template 65/96 segment 3/5
2026-09-06T21:21:42.559+01:00 INFO : 1 points above threshold
2026-09-06T21:21:42.561+01:00 INFO : Filtering template 65/96 segment 4/5
2026-09-06T21:21:42.562+01:00 INFO : 2 points above threshold
2026-09-06T21:21:42.565+01:00 INFO : Filtering template 65/96 segment 5/5
2026-09-06T21:21:42.566+01:00 INFO : 65: generating IMRPhenomD from 30.0 Hz
2026-09-06T21:21:42.567+01:00 INFO : Decompressing waveform using inline_linear
2026-09-06T21:21:42.569+01:00 INFO : Filtering template 66/96 segment 1/5
2026-09-06T21:21:42.570+01:00 INFO : 1 points above threshold
2026-09-06T21:21:42.573+01:00 INFO : Filtering template 66/96 segment 2/5
2026-09-06T21:21:42.573+01:00 INFO : 1 points above threshold
2026-09-06T21:21:42.575+01:00 INFO : Filtering template 66/96 segment 3/5
2026-09-06T21:21:42.576+01:00 INFO : 2 points above threshold
2026-09-06T21:21:42.579+01:00 INFO : Filtering template 66/96 segment 4/5
2026-09-06T21:21:42.579+01:00 INFO : 1 points above threshold
2026-09-06T21:21:42.582+01:00 INFO : Filtering template 66/96 segment 5/5
2026-09-06T21:21:42.583+01:00 INFO : 66: generating IMRPhenomD from 30.0 Hz
2026-09-06T21:21:42.584+01:00 INFO : Decompressing waveform using inline_linear
2026-09-06T21:21:42.586+01:00 INFO : Filtering template 67/96 segment 1/5
2026-09-06T21:21:42.587+01:00 INFO : 3 points above threshold
2026-09-06T21:21:42.591+01:00 INFO : Filtering template 67/96 segment 2/5
2026-09-06T21:21:42.591+01:00 INFO : Filtering template 67/96 segment 3/5
2026-09-06T21:21:42.591+01:00 INFO : 1 points above threshold
2026-09-06T21:21:42.594+01:00 INFO : Filtering template 67/96 segment 4/5
2026-09-06T21:21:42.594+01:00 INFO : Filtering template 67/96 segment 5/5
2026-09-06T21:21:42.595+01:00 INFO : 67: generating IMRPhenomD from 30.0 Hz
2026-09-06T21:21:42.596+01:00 INFO : Decompressing waveform using inline_linear
2026-09-06T21:21:42.598+01:00 INFO : Filtering template 68/96 segment 1/5
2026-09-06T21:21:42.599+01:00 INFO : 1 points above threshold
2026-09-06T21:21:42.602+01:00 INFO : Filtering template 68/96 segment 2/5
2026-09-06T21:21:42.602+01:00 INFO : 1 points above threshold
2026-09-06T21:21:42.605+01:00 INFO : Filtering template 68/96 segment 3/5
2026-09-06T21:21:42.605+01:00 INFO : 1 points above threshold
2026-09-06T21:21:42.607+01:00 INFO : Filtering template 68/96 segment 4/5
2026-09-06T21:21:42.608+01:00 INFO : 1 points above threshold
2026-09-06T21:21:42.610+01:00 INFO : Filtering template 68/96 segment 5/5
2026-09-06T21:21:42.611+01:00 INFO : 1 points above threshold
2026-09-06T21:21:42.614+01:00 INFO : 68: generating IMRPhenomD from 30.0 Hz
2026-09-06T21:21:42.615+01:00 INFO : Decompressing waveform using inline_linear
2026-09-06T21:21:42.617+01:00 INFO : Filtering template 69/96 segment 1/5
2026-09-06T21:21:42.617+01:00 INFO : Filtering template 69/96 segment 2/5
2026-09-06T21:21:42.618+01:00 INFO : Filtering template 69/96 segment 3/5
2026-09-06T21:21:42.618+01:00 INFO : 1 points above threshold
2026-09-06T21:21:42.621+01:00 INFO : Filtering template 69/96 segment 4/5
2026-09-06T21:21:42.622+01:00 INFO : 2 points above threshold
2026-09-06T21:21:42.625+01:00 INFO : Filtering template 69/96 segment 5/5
2026-09-06T21:21:42.626+01:00 INFO : 69: generating IMRPhenomD from 30.0 Hz
2026-09-06T21:21:42.627+01:00 INFO : Decompressing waveform using inline_linear
2026-09-06T21:21:42.629+01:00 INFO : Filtering template 70/96 segment 1/5
2026-09-06T21:21:42.630+01:00 INFO : 2 points above threshold
2026-09-06T21:21:42.634+01:00 INFO : Filtering template 70/96 segment 2/5
2026-09-06T21:21:42.634+01:00 INFO : 2 points above threshold
2026-09-06T21:21:42.638+01:00 INFO : Filtering template 70/96 segment 3/5
2026-09-06T21:21:42.638+01:00 INFO : Filtering template 70/96 segment 4/5
2026-09-06T21:21:42.639+01:00 INFO : 2 points above threshold
2026-09-06T21:21:42.642+01:00 INFO : Filtering template 70/96 segment 5/5
2026-09-06T21:21:42.643+01:00 INFO : 2 points above threshold
2026-09-06T21:21:42.647+01:00 INFO : 70: generating IMRPhenomD from 30.0 Hz
2026-09-06T21:21:42.648+01:00 INFO : Decompressing waveform using inline_linear
2026-09-06T21:21:42.650+01:00 INFO : Filtering template 71/96 segment 1/5
2026-09-06T21:21:42.650+01:00 INFO : Filtering template 71/96 segment 2/5
2026-09-06T21:21:42.651+01:00 INFO : 1 points above threshold
2026-09-06T21:21:42.654+01:00 INFO : Filtering template 71/96 segment 3/5
2026-09-06T21:21:42.654+01:00 INFO : 1 points above threshold
2026-09-06T21:21:42.657+01:00 INFO : Filtering template 71/96 segment 4/5
2026-09-06T21:21:42.657+01:00 INFO : 3 points above threshold
2026-09-06T21:21:42.661+01:00 INFO : Filtering template 71/96 segment 5/5
2026-09-06T21:21:42.662+01:00 INFO : 71: generating IMRPhenomD from 30.0 Hz
2026-09-06T21:21:42.663+01:00 INFO : Decompressing waveform using inline_linear
2026-09-06T21:21:42.664+01:00 INFO : Filtering template 72/96 segment 1/5
2026-09-06T21:21:42.665+01:00 INFO : 2 points above threshold
2026-09-06T21:21:42.669+01:00 INFO : Filtering template 72/96 segment 2/5
2026-09-06T21:21:42.670+01:00 INFO : 1 points above threshold
2026-09-06T21:21:42.672+01:00 INFO : Filtering template 72/96 segment 3/5
2026-09-06T21:21:42.673+01:00 INFO : 1 points above threshold
2026-09-06T21:21:42.675+01:00 INFO : Filtering template 72/96 segment 4/5
2026-09-06T21:21:42.675+01:00 INFO : 3 points above threshold
2026-09-06T21:21:42.679+01:00 INFO : Filtering template 72/96 segment 5/5
2026-09-06T21:21:42.679+01:00 INFO : 3 points above threshold
2026-09-06T21:21:42.683+01:00 INFO : 72: generating IMRPhenomD from 30.0 Hz
2026-09-06T21:21:42.684+01:00 INFO : Decompressing waveform using inline_linear
2026-09-06T21:21:42.686+01:00 INFO : Filtering template 73/96 segment 1/5
2026-09-06T21:21:42.687+01:00 INFO : 1 points above threshold
2026-09-06T21:21:42.690+01:00 INFO : Filtering template 73/96 segment 2/5
2026-09-06T21:21:42.690+01:00 INFO : 1 points above threshold
2026-09-06T21:21:42.693+01:00 INFO : Filtering template 73/96 segment 3/5
2026-09-06T21:21:42.693+01:00 INFO : 1 points above threshold
2026-09-06T21:21:42.695+01:00 INFO : Filtering template 73/96 segment 4/5
2026-09-06T21:21:42.696+01:00 INFO : Filtering template 73/96 segment 5/5
2026-09-06T21:21:42.696+01:00 INFO : 1 points above threshold
2026-09-06T21:21:42.699+01:00 INFO : 73: generating IMRPhenomD from 30.0 Hz
2026-09-06T21:21:42.700+01:00 INFO : Decompressing waveform using inline_linear
2026-09-06T21:21:42.702+01:00 INFO : Filtering template 74/96 segment 1/5
2026-09-06T21:21:42.703+01:00 INFO : 3 points above threshold
2026-09-06T21:21:42.707+01:00 INFO : Filtering template 74/96 segment 2/5
2026-09-06T21:21:42.708+01:00 INFO : 3 points above threshold
2026-09-06T21:21:42.712+01:00 INFO : Filtering template 74/96 segment 3/5
2026-09-06T21:21:42.712+01:00 INFO : Filtering template 74/96 segment 4/5
2026-09-06T21:21:42.712+01:00 INFO : 1 points above threshold
2026-09-06T21:21:42.715+01:00 INFO : Filtering template 74/96 segment 5/5
2026-09-06T21:21:42.716+01:00 INFO : 74: generating IMRPhenomD from 30.0 Hz
2026-09-06T21:21:42.717+01:00 INFO : Decompressing waveform using inline_linear
2026-09-06T21:21:42.719+01:00 INFO : Filtering template 75/96 segment 1/5
2026-09-06T21:21:42.719+01:00 INFO : Filtering template 75/96 segment 2/5
2026-09-06T21:21:42.720+01:00 INFO : 1 points above threshold
2026-09-06T21:21:42.723+01:00 INFO : Filtering template 75/96 segment 3/5
2026-09-06T21:21:42.723+01:00 INFO : 2 points above threshold
2026-09-06T21:21:42.727+01:00 INFO : Filtering template 75/96 segment 4/5
2026-09-06T21:21:42.727+01:00 INFO : Filtering template 75/96 segment 5/5
2026-09-06T21:21:42.728+01:00 INFO : 2 points above threshold
2026-09-06T21:21:42.732+01:00 INFO : 75: generating IMRPhenomD from 30.0 Hz
2026-09-06T21:21:42.733+01:00 INFO : Decompressing waveform using inline_linear
2026-09-06T21:21:42.734+01:00 INFO : Filtering template 76/96 segment 1/5
2026-09-06T21:21:42.735+01:00 INFO : 1 points above threshold
2026-09-06T21:21:42.738+01:00 INFO : Filtering template 76/96 segment 2/5
2026-09-06T21:21:42.739+01:00 INFO : Filtering template 76/96 segment 3/5
2026-09-06T21:21:42.739+01:00 INFO : 1 points above threshold
2026-09-06T21:21:42.742+01:00 INFO : Filtering template 76/96 segment 4/5
2026-09-06T21:21:42.742+01:00 INFO : Filtering template 76/96 segment 5/5
2026-09-06T21:21:42.742+01:00 INFO : 2 points above threshold
2026-09-06T21:21:42.746+01:00 INFO : 76: generating IMRPhenomD from 30.0 Hz
2026-09-06T21:21:42.747+01:00 INFO : Decompressing waveform using inline_linear
2026-09-06T21:21:42.749+01:00 INFO : Filtering template 77/96 segment 1/5
2026-09-06T21:21:42.750+01:00 INFO : Filtering template 77/96 segment 2/5
2026-09-06T21:21:42.750+01:00 INFO : 1 points above threshold
2026-09-06T21:21:42.753+01:00 INFO : Filtering template 77/96 segment 3/5
2026-09-06T21:21:42.754+01:00 INFO : Filtering template 77/96 segment 4/5
2026-09-06T21:21:42.754+01:00 INFO : 1 points above threshold
2026-09-06T21:21:42.757+01:00 INFO : Filtering template 77/96 segment 5/5
2026-09-06T21:21:42.757+01:00 INFO : 77: generating IMRPhenomD from 30.0 Hz
2026-09-06T21:21:42.759+01:00 INFO : Decompressing waveform using inline_linear
2026-09-06T21:21:42.760+01:00 INFO : Filtering template 78/96 segment 1/5
2026-09-06T21:21:42.761+01:00 INFO : Filtering template 78/96 segment 2/5
2026-09-06T21:21:42.762+01:00 INFO : Filtering template 78/96 segment 3/5
2026-09-06T21:21:42.762+01:00 INFO : Filtering template 78/96 segment 4/5
2026-09-06T21:21:42.762+01:00 INFO : 1 points above threshold
2026-09-06T21:21:42.765+01:00 INFO : Filtering template 78/96 segment 5/5
2026-09-06T21:21:42.766+01:00 INFO : 78: generating IMRPhenomD from 30.0 Hz
2026-09-06T21:21:42.767+01:00 INFO : Decompressing waveform using inline_linear
2026-09-06T21:21:42.769+01:00 INFO : Filtering template 79/96 segment 1/5
2026-09-06T21:21:42.770+01:00 INFO : 2 points above threshold
2026-09-06T21:21:42.774+01:00 INFO : Filtering template 79/96 segment 2/5
2026-09-06T21:21:42.774+01:00 INFO : Filtering template 79/96 segment 3/5
2026-09-06T21:21:42.775+01:00 INFO : 1 points above threshold
2026-09-06T21:21:42.777+01:00 INFO : Filtering template 79/96 segment 4/5
2026-09-06T21:21:42.777+01:00 INFO : 1 points above threshold
2026-09-06T21:21:42.780+01:00 INFO : Filtering template 79/96 segment 5/5
2026-09-06T21:21:42.780+01:00 INFO : 3 points above threshold
2026-09-06T21:21:42.784+01:00 INFO : 79: generating IMRPhenomD from 30.0 Hz
2026-09-06T21:21:42.785+01:00 INFO : Decompressing waveform using inline_linear
2026-09-06T21:21:42.787+01:00 INFO : Filtering template 80/96 segment 1/5
2026-09-06T21:21:42.788+01:00 INFO : 2 points above threshold
2026-09-06T21:21:42.792+01:00 INFO : Filtering template 80/96 segment 2/5
2026-09-06T21:21:42.792+01:00 INFO : 1 points above threshold
2026-09-06T21:21:42.794+01:00 INFO : Filtering template 80/96 segment 3/5
2026-09-06T21:21:42.795+01:00 INFO : 1 points above threshold
2026-09-06T21:21:42.797+01:00 INFO : Filtering template 80/96 segment 4/5
2026-09-06T21:21:42.798+01:00 INFO : Filtering template 80/96 segment 5/5
2026-09-06T21:21:42.798+01:00 INFO : 1 points above threshold
2026-09-06T21:21:42.801+01:00 INFO : 80: generating IMRPhenomD from 30.0 Hz
2026-09-06T21:21:42.802+01:00 INFO : Decompressing waveform using inline_linear
2026-09-06T21:21:42.804+01:00 INFO : Filtering template 81/96 segment 1/5
2026-09-06T21:21:42.805+01:00 INFO : 1 points above threshold
2026-09-06T21:21:42.808+01:00 INFO : Filtering template 81/96 segment 2/5
2026-09-06T21:21:42.808+01:00 INFO : 2 points above threshold
2026-09-06T21:21:42.812+01:00 INFO : Filtering template 81/96 segment 3/5
2026-09-06T21:21:42.812+01:00 INFO : 1 points above threshold
2026-09-06T21:21:42.814+01:00 INFO : Filtering template 81/96 segment 4/5
2026-09-06T21:21:42.815+01:00 INFO : Filtering template 81/96 segment 5/5
2026-09-06T21:21:42.815+01:00 INFO : 1 points above threshold
2026-09-06T21:21:42.818+01:00 INFO : 81: generating IMRPhenomD from 30.0 Hz
2026-09-06T21:21:42.819+01:00 INFO : Decompressing waveform using inline_linear
2026-09-06T21:21:42.821+01:00 INFO : Filtering template 82/96 segment 1/5
2026-09-06T21:21:42.822+01:00 INFO : Filtering template 82/96 segment 2/5
2026-09-06T21:21:42.822+01:00 INFO : 2 points above threshold
2026-09-06T21:21:42.827+01:00 INFO : Filtering template 82/96 segment 3/5
2026-09-06T21:21:42.827+01:00 INFO : 1 points above threshold
2026-09-06T21:21:42.829+01:00 INFO : Filtering template 82/96 segment 4/5
2026-09-06T21:21:42.830+01:00 INFO : Filtering template 82/96 segment 5/5
2026-09-06T21:21:42.831+01:00 INFO : 82: generating IMRPhenomD from 30.0 Hz
2026-09-06T21:21:42.832+01:00 INFO : Decompressing waveform using inline_linear
2026-09-06T21:21:42.834+01:00 INFO : Filtering template 83/96 segment 1/5
2026-09-06T21:21:42.834+01:00 INFO : 1 points above threshold
2026-09-06T21:21:42.837+01:00 INFO : Filtering template 83/96 segment 2/5
2026-09-06T21:21:42.838+01:00 INFO : 2 points above threshold
2026-09-06T21:21:42.841+01:00 INFO : Filtering template 83/96 segment 3/5
2026-09-06T21:21:42.842+01:00 INFO : 2 points above threshold
2026-09-06T21:21:42.845+01:00 INFO : Filtering template 83/96 segment 4/5
2026-09-06T21:21:42.845+01:00 INFO : 3 points above threshold
2026-09-06T21:21:42.849+01:00 INFO : Filtering template 83/96 segment 5/5
2026-09-06T21:21:42.849+01:00 INFO : 3 points above threshold
2026-09-06T21:21:42.853+01:00 INFO : 83: generating IMRPhenomD from 30.0 Hz
2026-09-06T21:21:42.854+01:00 INFO : Decompressing waveform using inline_linear
2026-09-06T21:21:42.856+01:00 INFO : Filtering template 84/96 segment 1/5
2026-09-06T21:21:42.857+01:00 INFO : Filtering template 84/96 segment 2/5
2026-09-06T21:21:42.857+01:00 INFO : Filtering template 84/96 segment 3/5
2026-09-06T21:21:42.858+01:00 INFO : 1 points above threshold
2026-09-06T21:21:42.861+01:00 INFO : Filtering template 84/96 segment 4/5
2026-09-06T21:21:42.861+01:00 INFO : 3 points above threshold
2026-09-06T21:21:42.865+01:00 INFO : Filtering template 84/96 segment 5/5
2026-09-06T21:21:42.866+01:00 INFO : 84: generating IMRPhenomD from 30.0 Hz
2026-09-06T21:21:42.867+01:00 INFO : Decompressing waveform using inline_linear
2026-09-06T21:21:42.869+01:00 INFO : Filtering template 85/96 segment 1/5
2026-09-06T21:21:42.869+01:00 INFO : 1 points above threshold
2026-09-06T21:21:42.872+01:00 INFO : Filtering template 85/96 segment 2/5
2026-09-06T21:21:42.873+01:00 INFO : 2 points above threshold
2026-09-06T21:21:42.876+01:00 INFO : Filtering template 85/96 segment 3/5
2026-09-06T21:21:42.877+01:00 INFO : 1 points above threshold
2026-09-06T21:21:42.879+01:00 INFO : Filtering template 85/96 segment 4/5
2026-09-06T21:21:42.880+01:00 INFO : 3 points above threshold
2026-09-06T21:21:42.883+01:00 INFO : Filtering template 85/96 segment 5/5
2026-09-06T21:21:42.883+01:00 INFO : 2 points above threshold
2026-09-06T21:21:42.888+01:00 INFO : 85: generating IMRPhenomD from 30.0 Hz
2026-09-06T21:21:42.889+01:00 INFO : Decompressing waveform using inline_linear
2026-09-06T21:21:42.891+01:00 INFO : Filtering template 86/96 segment 1/5
2026-09-06T21:21:42.891+01:00 INFO : 2 points above threshold
2026-09-06T21:21:42.896+01:00 INFO : Filtering template 86/96 segment 2/5
2026-09-06T21:21:42.896+01:00 INFO : 2 points above threshold
2026-09-06T21:21:42.900+01:00 INFO : Filtering template 86/96 segment 3/5
2026-09-06T21:21:42.900+01:00 INFO : 1 points above threshold
2026-09-06T21:21:42.902+01:00 INFO : Filtering template 86/96 segment 4/5
2026-09-06T21:21:42.903+01:00 INFO : 1 points above threshold
2026-09-06T21:21:42.905+01:00 INFO : Filtering template 86/96 segment 5/5
2026-09-06T21:21:42.906+01:00 INFO : 2 points above threshold
2026-09-06T21:21:42.910+01:00 INFO : 86: generating IMRPhenomD from 30.0 Hz
2026-09-06T21:21:42.911+01:00 INFO : Decompressing waveform using inline_linear
2026-09-06T21:21:42.913+01:00 INFO : Filtering template 87/96 segment 1/5
2026-09-06T21:21:42.914+01:00 INFO : 1 points above threshold
2026-09-06T21:21:42.917+01:00 INFO : Filtering template 87/96 segment 2/5
2026-09-06T21:21:42.917+01:00 INFO : 2 points above threshold
2026-09-06T21:21:42.921+01:00 INFO : Filtering template 87/96 segment 3/5
2026-09-06T21:21:42.921+01:00 INFO : 1 points above threshold
2026-09-06T21:21:42.924+01:00 INFO : Filtering template 87/96 segment 4/5
2026-09-06T21:21:42.924+01:00 INFO : 1 points above threshold
2026-09-06T21:21:42.926+01:00 INFO : Filtering template 87/96 segment 5/5
2026-09-06T21:21:42.927+01:00 INFO : 1 points above threshold
2026-09-06T21:21:42.930+01:00 INFO : 87: generating IMRPhenomD from 30.0 Hz
2026-09-06T21:21:42.931+01:00 INFO : Decompressing waveform using inline_linear
2026-09-06T21:21:42.933+01:00 INFO : Filtering template 88/96 segment 1/5
2026-09-06T21:21:42.934+01:00 INFO : 2 points above threshold
2026-09-06T21:21:42.938+01:00 INFO : Filtering template 88/96 segment 2/5
2026-09-06T21:21:42.938+01:00 INFO : 1 points above threshold
2026-09-06T21:21:42.940+01:00 INFO : Filtering template 88/96 segment 3/5
2026-09-06T21:21:42.941+01:00 INFO : Filtering template 88/96 segment 4/5
2026-09-06T21:21:42.941+01:00 INFO : Filtering template 88/96 segment 5/5
2026-09-06T21:21:42.942+01:00 INFO : 2 points above threshold
2026-09-06T21:21:42.946+01:00 INFO : 88: generating IMRPhenomD from 30.0 Hz
2026-09-06T21:21:42.947+01:00 INFO : Decompressing waveform using inline_linear
2026-09-06T21:21:42.949+01:00 INFO : Filtering template 89/96 segment 1/5
2026-09-06T21:21:42.950+01:00 INFO : 2 points above threshold
2026-09-06T21:21:42.954+01:00 INFO : Filtering template 89/96 segment 2/5
2026-09-06T21:21:42.954+01:00 INFO : 1 points above threshold
2026-09-06T21:21:42.956+01:00 INFO : Filtering template 89/96 segment 3/5
2026-09-06T21:21:42.957+01:00 INFO : 2 points above threshold
2026-09-06T21:21:42.960+01:00 INFO : Filtering template 89/96 segment 4/5
2026-09-06T21:21:42.961+01:00 INFO : Filtering template 89/96 segment 5/5
2026-09-06T21:21:42.962+01:00 INFO : 89: generating IMRPhenomD from 30.0 Hz
2026-09-06T21:21:42.963+01:00 INFO : Decompressing waveform using inline_linear
2026-09-06T21:21:42.965+01:00 INFO : Filtering template 90/96 segment 1/5
2026-09-06T21:21:42.965+01:00 INFO : Filtering template 90/96 segment 2/5
2026-09-06T21:21:42.966+01:00 INFO : 1 points above threshold
2026-09-06T21:21:42.969+01:00 INFO : Filtering template 90/96 segment 3/5
2026-09-06T21:21:42.969+01:00 INFO : 3 points above threshold
2026-09-06T21:21:42.973+01:00 INFO : Filtering template 90/96 segment 4/5
2026-09-06T21:21:42.973+01:00 INFO : Filtering template 90/96 segment 5/5
2026-09-06T21:21:42.974+01:00 INFO : 1 points above threshold
2026-09-06T21:21:42.976+01:00 INFO : 90: generating IMRPhenomD from 30.0 Hz
2026-09-06T21:21:42.978+01:00 INFO : Decompressing waveform using inline_linear
2026-09-06T21:21:42.979+01:00 INFO : Filtering template 91/96 segment 1/5
2026-09-06T21:21:42.980+01:00 INFO : Filtering template 91/96 segment 2/5
2026-09-06T21:21:42.981+01:00 INFO : 2 points above threshold
2026-09-06T21:21:42.985+01:00 INFO : Filtering template 91/96 segment 3/5
2026-09-06T21:21:42.985+01:00 INFO : 3 points above threshold
2026-09-06T21:21:42.989+01:00 INFO : Filtering template 91/96 segment 4/5
2026-09-06T21:21:42.989+01:00 INFO : Filtering template 91/96 segment 5/5
2026-09-06T21:21:42.990+01:00 INFO : 1 points above threshold
2026-09-06T21:21:42.992+01:00 INFO : 91: generating IMRPhenomD from 30.0 Hz
2026-09-06T21:21:42.994+01:00 INFO : Decompressing waveform using inline_linear
2026-09-06T21:21:42.995+01:00 INFO : Filtering template 92/96 segment 1/5
2026-09-06T21:21:42.996+01:00 INFO : 2 points above threshold
2026-09-06T21:21:43.000+01:00 INFO : Filtering template 92/96 segment 2/5
2026-09-06T21:21:43.001+01:00 INFO : 1 points above threshold
2026-09-06T21:21:43.003+01:00 INFO : Filtering template 92/96 segment 3/5
2026-09-06T21:21:43.004+01:00 INFO : 2 points above threshold
2026-09-06T21:21:43.007+01:00 INFO : Filtering template 92/96 segment 4/5
2026-09-06T21:21:43.007+01:00 INFO : 1 points above threshold
2026-09-06T21:21:43.010+01:00 INFO : Filtering template 92/96 segment 5/5
2026-09-06T21:21:43.010+01:00 INFO : 1 points above threshold
2026-09-06T21:21:43.013+01:00 INFO : 92: generating IMRPhenomD from 30.0 Hz
2026-09-06T21:21:43.014+01:00 INFO : Decompressing waveform using inline_linear
2026-09-06T21:21:43.016+01:00 INFO : Filtering template 93/96 segment 1/5
2026-09-06T21:21:43.017+01:00 INFO : Filtering template 93/96 segment 2/5
2026-09-06T21:21:43.017+01:00 INFO : 3 points above threshold
2026-09-06T21:21:43.022+01:00 INFO : Filtering template 93/96 segment 3/5
2026-09-06T21:21:43.022+01:00 INFO : 3 points above threshold
2026-09-06T21:21:43.025+01:00 INFO : Filtering template 93/96 segment 4/5
2026-09-06T21:21:43.026+01:00 INFO : 1 points above threshold
2026-09-06T21:21:43.028+01:00 INFO : Filtering template 93/96 segment 5/5
2026-09-06T21:21:43.029+01:00 INFO : 1 points above threshold
2026-09-06T21:21:43.032+01:00 INFO : 93: generating IMRPhenomD from 30.0 Hz
2026-09-06T21:21:43.033+01:00 INFO : Decompressing waveform using inline_linear
2026-09-06T21:21:43.034+01:00 INFO : Filtering template 94/96 segment 1/5
2026-09-06T21:21:43.035+01:00 INFO : 1 points above threshold
2026-09-06T21:21:43.038+01:00 INFO : Filtering template 94/96 segment 2/5
2026-09-06T21:21:43.039+01:00 INFO : 2 points above threshold
2026-09-06T21:21:43.042+01:00 INFO : Filtering template 94/96 segment 3/5
2026-09-06T21:21:43.043+01:00 INFO : 4 points above threshold
2026-09-06T21:21:43.046+01:00 INFO : Filtering template 94/96 segment 4/5
2026-09-06T21:21:43.047+01:00 INFO : Filtering template 94/96 segment 5/5
2026-09-06T21:21:43.047+01:00 INFO : 2 points above threshold
2026-09-06T21:21:43.051+01:00 INFO : 94: generating IMRPhenomD from 30.0 Hz
2026-09-06T21:21:43.053+01:00 INFO : Decompressing waveform using inline_linear
2026-09-06T21:21:43.054+01:00 INFO : Filtering template 95/96 segment 1/5
2026-09-06T21:21:43.055+01:00 INFO : 3 points above threshold
2026-09-06T21:21:43.059+01:00 INFO : Filtering template 95/96 segment 2/5
2026-09-06T21:21:43.059+01:00 INFO : 2 points above threshold
2026-09-06T21:21:43.062+01:00 INFO : Filtering template 95/96 segment 3/5
2026-09-06T21:21:43.063+01:00 INFO : 2 points above threshold
2026-09-06T21:21:43.066+01:00 INFO : Filtering template 95/96 segment 4/5
2026-09-06T21:21:43.066+01:00 INFO : 1 points above threshold
2026-09-06T21:21:43.069+01:00 INFO : Filtering template 95/96 segment 5/5
2026-09-06T21:21:43.070+01:00 INFO : 95: generating IMRPhenomD from 30.0 Hz
2026-09-06T21:21:43.071+01:00 INFO : Decompressing waveform using inline_linear
2026-09-06T21:21:43.073+01:00 INFO : Filtering template 96/96 segment 1/5
2026-09-06T21:21:43.073+01:00 INFO : 2 points above threshold
2026-09-06T21:21:43.078+01:00 INFO : Filtering template 96/96 segment 2/5
2026-09-06T21:21:43.078+01:00 INFO : Filtering template 96/96 segment 3/5
2026-09-06T21:21:43.079+01:00 INFO : Filtering template 96/96 segment 4/5
2026-09-06T21:21:43.079+01:00 INFO : 1 points above threshold
2026-09-06T21:21:43.081+01:00 INFO : Filtering template 96/96 segment 5/5
2026-09-06T21:21:43.082+01:00 INFO : We currently have 527 triggers
2026-09-06T21:21:43.082+01:00 INFO : Removing triggers with NewSNR below threshold
2026-09-06T21:21:43.082+01:00 INFO : 475 remaining triggers
2026-09-06T21:21:43.083+01:00 INFO : Outputting 475 triggers
2026-09-06T21:21:43.083+01:00 INFO : Writing out triggers
2026-09-06T21:21:43.094+01:00 INFO : Finished
