2026-09-06T20:10:21.743+01:00 INFO : Running with Torch support on device cpu
2026-09-06T20:10:21.743+01:00 INFO : Reading Frames
2026-09-06T20:10:28.442+01:00 INFO : Highpass Filtering
2026-09-06T20:10:28.895+01:00 INFO : Resampling data
2026-09-06T20:10:28.907+01:00 INFO : Converting to float32
/home/xangma/pycbc-torch-inspiral-reference-20260906/source-v5/pycbc/types/array.py:872: RuntimeWarning: divide by zero encountered in divide
  return self._data.__rtruediv__(other)
2026-09-06T20:10:34.049+01:00 INFO : Highpass Filtering
2026-09-06T20:10:34.490+01:00 INFO : Remove Padding
2026-09-06T20:10:34.513+01:00 INFO : Making frequency-domain data segments
2026-09-06T20:10:36.894+01:00 INFO : Overwhitening frequency-domain data segments
2026-09-06T20:10:36.918+01:00 INFO : Read in template bank
2026-09-06T20:10:36.928+01:00 INFO : Full template bank size: 96
2026-09-06T20:10:36.928+01:00 INFO : Template bank size after thinning: 96
2026-09-06T20:10:36.928+01:00 INFO : 0: generating IMRPhenomD from 30.0 Hz
2026-09-06T20:10:36.931+01:00 INFO : Decompressing waveform using inline_linear
2026-09-06T20:10:37.221+01:00 INFO : Filtering template 1/96 segment 1/5
2026-09-06T20:10:37.311+01:00 INFO : 1 points above threshold
2026-09-06T20:10:37.342+01:00 INFO : Filtering template 1/96 segment 2/5
2026-09-06T20:10:37.402+01:00 INFO : Filtering template 1/96 segment 3/5
2026-09-06T20:10:37.461+01:00 INFO : 1 points above threshold
2026-09-06T20:10:37.467+01:00 INFO : Filtering template 1/96 segment 4/5
2026-09-06T20:10:37.526+01:00 INFO : Filtering template 1/96 segment 5/5
2026-09-06T20:10:37.585+01:00 INFO : 1 points above threshold
2026-09-06T20:10:37.591+01:00 INFO : 1: generating IMRPhenomD from 30.0 Hz
2026-09-06T20:10:37.594+01:00 INFO : Decompressing waveform using inline_linear
2026-09-06T20:10:37.890+01:00 INFO : Filtering template 2/96 segment 1/5
2026-09-06T20:10:37.959+01:00 INFO : 1 points above threshold
2026-09-06T20:10:37.983+01:00 INFO : Filtering template 2/96 segment 2/5
2026-09-06T20:10:38.042+01:00 INFO : 1 points above threshold
2026-09-06T20:10:38.048+01:00 INFO : Filtering template 2/96 segment 3/5
2026-09-06T20:10:38.107+01:00 INFO : 2 points above threshold
2026-09-06T20:10:38.115+01:00 INFO : Filtering template 2/96 segment 4/5
2026-09-06T20:10:38.174+01:00 INFO : Filtering template 2/96 segment 5/5
2026-09-06T20:10:38.233+01:00 INFO : 1 points above threshold
2026-09-06T20:10:38.240+01:00 INFO : 2: generating IMRPhenomD from 30.0 Hz
2026-09-06T20:10:38.242+01:00 INFO : Decompressing waveform using inline_linear
2026-09-06T20:10:38.537+01:00 INFO : Filtering template 3/96 segment 1/5
2026-09-06T20:10:38.606+01:00 INFO : 3 points above threshold
2026-09-06T20:10:38.637+01:00 INFO : Filtering template 3/96 segment 2/5
2026-09-06T20:10:38.696+01:00 INFO : Filtering template 3/96 segment 3/5
2026-09-06T20:10:38.755+01:00 INFO : 1 points above threshold
2026-09-06T20:10:38.761+01:00 INFO : Filtering template 3/96 segment 4/5
2026-09-06T20:10:38.820+01:00 INFO : 1 points above threshold
2026-09-06T20:10:38.826+01:00 INFO : Filtering template 3/96 segment 5/5
2026-09-06T20:10:38.886+01:00 INFO : 3: generating IMRPhenomD from 30.0 Hz
2026-09-06T20:10:38.888+01:00 INFO : Decompressing waveform using inline_linear
2026-09-06T20:10:39.180+01:00 INFO : Filtering template 4/96 segment 1/5
2026-09-06T20:10:39.250+01:00 INFO : 1 points above threshold
2026-09-06T20:10:39.276+01:00 INFO : Filtering template 4/96 segment 2/5
2026-09-06T20:10:39.335+01:00 INFO : 1 points above threshold
2026-09-06T20:10:39.344+01:00 INFO : Filtering template 4/96 segment 3/5
2026-09-06T20:10:39.403+01:00 INFO : 2 points above threshold
2026-09-06T20:10:39.411+01:00 INFO : Filtering template 4/96 segment 4/5
2026-09-06T20:10:39.470+01:00 INFO : 2 points above threshold
2026-09-06T20:10:39.478+01:00 INFO : Filtering template 4/96 segment 5/5
2026-09-06T20:10:39.537+01:00 INFO : 2 points above threshold
2026-09-06T20:10:39.546+01:00 INFO : 4: generating IMRPhenomD from 30.0 Hz
2026-09-06T20:10:39.548+01:00 INFO : Decompressing waveform using inline_linear
2026-09-06T20:10:39.839+01:00 INFO : Filtering template 5/96 segment 1/5
2026-09-06T20:10:39.909+01:00 INFO : 1 points above threshold
2026-09-06T20:10:39.932+01:00 INFO : Filtering template 5/96 segment 2/5
2026-09-06T20:10:39.992+01:00 INFO : 2 points above threshold
2026-09-06T20:10:39.999+01:00 INFO : Filtering template 5/96 segment 3/5
2026-09-06T20:10:40.059+01:00 INFO : 2 points above threshold
2026-09-06T20:10:40.067+01:00 INFO : Filtering template 5/96 segment 4/5
2026-09-06T20:10:40.126+01:00 INFO : 2 points above threshold
2026-09-06T20:10:40.134+01:00 INFO : Filtering template 5/96 segment 5/5
2026-09-06T20:10:40.194+01:00 INFO : 5: generating IMRPhenomD from 30.0 Hz
2026-09-06T20:10:40.196+01:00 INFO : Decompressing waveform using inline_linear
2026-09-06T20:10:40.490+01:00 INFO : Filtering template 6/96 segment 1/5
2026-09-06T20:10:40.560+01:00 INFO : 1 points above threshold
2026-09-06T20:10:40.586+01:00 INFO : Filtering template 6/96 segment 2/5
2026-09-06T20:10:40.645+01:00 INFO : Filtering template 6/96 segment 3/5
2026-09-06T20:10:40.705+01:00 INFO : Filtering template 6/96 segment 4/5
2026-09-06T20:10:40.764+01:00 INFO : Filtering template 6/96 segment 5/5
2026-09-06T20:10:40.824+01:00 INFO : 1 points above threshold
2026-09-06T20:10:40.830+01:00 INFO : 6: generating IMRPhenomD from 30.0 Hz
2026-09-06T20:10:40.832+01:00 INFO : Decompressing waveform using inline_linear
2026-09-06T20:10:41.136+01:00 INFO : Filtering template 7/96 segment 1/5
2026-09-06T20:10:41.210+01:00 INFO : 2 points above threshold
2026-09-06T20:10:41.239+01:00 INFO : Filtering template 7/96 segment 2/5
2026-09-06T20:10:41.298+01:00 INFO : Filtering template 7/96 segment 3/5
2026-09-06T20:10:41.357+01:00 INFO : Filtering template 7/96 segment 4/5
2026-09-06T20:10:41.416+01:00 INFO : 1 points above threshold
2026-09-06T20:10:41.422+01:00 INFO : Filtering template 7/96 segment 5/5
2026-09-06T20:10:41.481+01:00 INFO : 7: generating IMRPhenomD from 30.0 Hz
2026-09-06T20:10:41.484+01:00 INFO : Decompressing waveform using inline_linear
2026-09-06T20:10:41.787+01:00 INFO : Filtering template 8/96 segment 1/5
2026-09-06T20:10:41.864+01:00 INFO : 2 points above threshold
2026-09-06T20:10:41.892+01:00 INFO : Filtering template 8/96 segment 2/5
2026-09-06T20:10:41.952+01:00 INFO : 1 points above threshold
2026-09-06T20:10:41.958+01:00 INFO : Filtering template 8/96 segment 3/5
2026-09-06T20:10:42.017+01:00 INFO : 4 points above threshold
2026-09-06T20:10:42.026+01:00 INFO : Filtering template 8/96 segment 4/5
2026-09-06T20:10:42.085+01:00 INFO : Filtering template 8/96 segment 5/5
2026-09-06T20:10:42.145+01:00 INFO : 8: generating IMRPhenomD from 30.0 Hz
2026-09-06T20:10:42.147+01:00 INFO : Decompressing waveform using inline_linear
2026-09-06T20:10:42.448+01:00 INFO : Filtering template 9/96 segment 1/5
2026-09-06T20:10:42.529+01:00 INFO : Filtering template 9/96 segment 2/5
2026-09-06T20:10:42.588+01:00 INFO : 1 points above threshold
2026-09-06T20:10:42.615+01:00 INFO : Filtering template 9/96 segment 3/5
2026-09-06T20:10:42.675+01:00 INFO : 2 points above threshold
2026-09-06T20:10:42.684+01:00 INFO : Filtering template 9/96 segment 4/5
2026-09-06T20:10:42.743+01:00 INFO : 1 points above threshold
2026-09-06T20:10:42.750+01:00 INFO : Filtering template 9/96 segment 5/5
2026-09-06T20:10:42.809+01:00 INFO : 3 points above threshold
2026-09-06T20:10:42.819+01:00 INFO : 9: generating IMRPhenomD from 30.0 Hz
2026-09-06T20:10:42.822+01:00 INFO : Decompressing waveform using inline_linear
2026-09-06T20:10:43.123+01:00 INFO : Filtering template 10/96 segment 1/5
2026-09-06T20:10:43.205+01:00 INFO : 1 points above threshold
2026-09-06T20:10:43.232+01:00 INFO : Filtering template 10/96 segment 2/5
2026-09-06T20:10:43.291+01:00 INFO : 1 points above threshold
2026-09-06T20:10:43.297+01:00 INFO : Filtering template 10/96 segment 3/5
2026-09-06T20:10:43.356+01:00 INFO : Filtering template 10/96 segment 4/5
2026-09-06T20:10:43.419+01:00 INFO : 2 points above threshold
2026-09-06T20:10:43.427+01:00 INFO : Filtering template 10/96 segment 5/5
2026-09-06T20:10:43.504+01:00 INFO : 1 points above threshold
2026-09-06T20:10:43.510+01:00 INFO : 10: generating IMRPhenomD from 30.0 Hz
2026-09-06T20:10:43.513+01:00 INFO : Decompressing waveform using inline_linear
2026-09-06T20:10:43.816+01:00 INFO : Filtering template 11/96 segment 1/5
2026-09-06T20:10:43.898+01:00 INFO : 4 points above threshold
2026-09-06T20:10:43.928+01:00 INFO : Filtering template 11/96 segment 2/5
2026-09-06T20:10:43.987+01:00 INFO : 2 points above threshold
2026-09-06T20:10:43.995+01:00 INFO : Filtering template 11/96 segment 3/5
2026-09-06T20:10:44.054+01:00 INFO : 1 points above threshold
2026-09-06T20:10:44.060+01:00 INFO : Filtering template 11/96 segment 4/5
2026-09-06T20:10:44.120+01:00 INFO : Filtering template 11/96 segment 5/5
2026-09-06T20:10:44.179+01:00 INFO : 11: generating IMRPhenomD from 30.0 Hz
2026-09-06T20:10:44.182+01:00 INFO : Decompressing waveform using inline_linear
2026-09-06T20:10:44.485+01:00 INFO : Filtering template 12/96 segment 1/5
2026-09-06T20:10:44.567+01:00 INFO : 1 points above threshold
2026-09-06T20:10:44.593+01:00 INFO : Filtering template 12/96 segment 2/5
2026-09-06T20:10:44.653+01:00 INFO : 1 points above threshold
2026-09-06T20:10:44.659+01:00 INFO : Filtering template 12/96 segment 3/5
2026-09-06T20:10:44.718+01:00 INFO : 1 points above threshold
2026-09-06T20:10:44.724+01:00 INFO : Filtering template 12/96 segment 4/5
2026-09-06T20:10:44.783+01:00 INFO : 3 points above threshold
2026-09-06T20:10:44.793+01:00 INFO : Filtering template 12/96 segment 5/5
2026-09-06T20:10:44.852+01:00 INFO : 12: generating IMRPhenomD from 30.0 Hz
2026-09-06T20:10:44.855+01:00 INFO : Decompressing waveform using inline_linear
2026-09-06T20:10:45.159+01:00 INFO : Filtering template 13/96 segment 1/5
2026-09-06T20:10:45.241+01:00 INFO : Filtering template 13/96 segment 2/5
2026-09-06T20:10:45.300+01:00 INFO : 4 points above threshold
2026-09-06T20:10:45.330+01:00 INFO : Filtering template 13/96 segment 3/5
2026-09-06T20:10:45.389+01:00 INFO : Filtering template 13/96 segment 4/5
2026-09-06T20:10:45.448+01:00 INFO : Filtering template 13/96 segment 5/5
2026-09-06T20:10:45.507+01:00 INFO : 1 points above threshold
2026-09-06T20:10:45.513+01:00 INFO : 13: generating IMRPhenomD from 30.0 Hz
2026-09-06T20:10:45.516+01:00 INFO : Decompressing waveform using inline_linear
2026-09-06T20:10:45.819+01:00 INFO : Filtering template 14/96 segment 1/5
2026-09-06T20:10:45.900+01:00 INFO : 1 points above threshold
2026-09-06T20:10:45.927+01:00 INFO : Filtering template 14/96 segment 2/5
2026-09-06T20:10:45.986+01:00 INFO : 2 points above threshold
2026-09-06T20:10:45.994+01:00 INFO : Filtering template 14/96 segment 3/5
2026-09-06T20:10:46.053+01:00 INFO : 3 points above threshold
2026-09-06T20:10:46.063+01:00 INFO : Filtering template 14/96 segment 4/5
2026-09-06T20:10:46.122+01:00 INFO : 2 points above threshold
2026-09-06T20:10:46.130+01:00 INFO : Filtering template 14/96 segment 5/5
2026-09-06T20:10:46.190+01:00 INFO : 14: generating IMRPhenomD from 30.0 Hz
2026-09-06T20:10:46.192+01:00 INFO : Decompressing waveform using inline_linear
2026-09-06T20:10:46.494+01:00 INFO : Filtering template 15/96 segment 1/5
2026-09-06T20:10:46.576+01:00 INFO : 1 points above threshold
2026-09-06T20:10:46.603+01:00 INFO : Filtering template 15/96 segment 2/5
2026-09-06T20:10:46.662+01:00 INFO : Filtering template 15/96 segment 3/5
2026-09-06T20:10:46.721+01:00 INFO : 1 points above threshold
2026-09-06T20:10:46.727+01:00 INFO : Filtering template 15/96 segment 4/5
2026-09-06T20:10:46.786+01:00 INFO : 1 points above threshold
2026-09-06T20:10:46.792+01:00 INFO : Filtering template 15/96 segment 5/5
2026-09-06T20:10:46.851+01:00 INFO : 3 points above threshold
2026-09-06T20:10:46.862+01:00 INFO : 15: generating IMRPhenomD from 30.0 Hz
2026-09-06T20:10:46.864+01:00 INFO : Decompressing waveform using inline_linear
2026-09-06T20:10:47.103+01:00 INFO : Filtering template 16/96 segment 1/5
2026-09-06T20:10:47.172+01:00 INFO : 1 points above threshold
2026-09-06T20:10:47.191+01:00 INFO : Filtering template 16/96 segment 2/5
2026-09-06T20:10:47.250+01:00 INFO : 2 points above threshold
2026-09-06T20:10:47.258+01:00 INFO : Filtering template 16/96 segment 3/5
2026-09-06T20:10:47.317+01:00 INFO : 3 points above threshold
2026-09-06T20:10:47.327+01:00 INFO : Filtering template 16/96 segment 4/5
2026-09-06T20:10:47.386+01:00 INFO : 2 points above threshold
2026-09-06T20:10:47.394+01:00 INFO : Filtering template 16/96 segment 5/5
2026-09-06T20:10:47.454+01:00 INFO : 16: generating IMRPhenomD from 30.0 Hz
2026-09-06T20:10:47.456+01:00 INFO : Decompressing waveform using inline_linear
2026-09-06T20:10:47.711+01:00 INFO : Filtering template 17/96 segment 1/5
2026-09-06T20:10:47.780+01:00 INFO : 2 points above threshold
2026-09-06T20:10:47.801+01:00 INFO : Filtering template 17/96 segment 2/5
2026-09-06T20:10:47.860+01:00 INFO : 3 points above threshold
2026-09-06T20:10:47.870+01:00 INFO : Filtering template 17/96 segment 3/5
2026-09-06T20:10:47.930+01:00 INFO : Filtering template 17/96 segment 4/5
2026-09-06T20:10:47.989+01:00 INFO : 2 points above threshold
2026-09-06T20:10:47.997+01:00 INFO : Filtering template 17/96 segment 5/5
2026-09-06T20:10:48.057+01:00 INFO : 3 points above threshold
2026-09-06T20:10:48.067+01:00 INFO : 17: generating IMRPhenomD from 30.0 Hz
2026-09-06T20:10:48.070+01:00 INFO : Decompressing waveform using inline_linear
2026-09-06T20:10:48.338+01:00 INFO : Filtering template 18/96 segment 1/5
2026-09-06T20:10:48.407+01:00 INFO : Filtering template 18/96 segment 2/5
2026-09-06T20:10:48.466+01:00 INFO : Filtering template 18/96 segment 3/5
2026-09-06T20:10:48.528+01:00 INFO : 1 points above threshold
2026-09-06T20:10:48.554+01:00 INFO : Filtering template 18/96 segment 4/5
2026-09-06T20:10:48.616+01:00 INFO : Filtering template 18/96 segment 5/5
2026-09-06T20:10:48.676+01:00 INFO : 2 points above threshold
2026-09-06T20:10:48.684+01:00 INFO : 18: generating IMRPhenomD from 30.0 Hz
2026-09-06T20:10:48.686+01:00 INFO : Decompressing waveform using inline_linear
2026-09-06T20:10:48.955+01:00 INFO : Filtering template 19/96 segment 1/5
2026-09-06T20:10:49.024+01:00 INFO : 3 points above threshold
2026-09-06T20:10:49.047+01:00 INFO : Filtering template 19/96 segment 2/5
2026-09-06T20:10:49.106+01:00 INFO : 1 points above threshold
2026-09-06T20:10:49.112+01:00 INFO : Filtering template 19/96 segment 3/5
2026-09-06T20:10:49.172+01:00 INFO : 1 points above threshold
2026-09-06T20:10:49.178+01:00 INFO : Filtering template 19/96 segment 4/5
2026-09-06T20:10:49.237+01:00 INFO : 3 points above threshold
2026-09-06T20:10:49.247+01:00 INFO : Filtering template 19/96 segment 5/5
2026-09-06T20:10:49.306+01:00 INFO : 1 points above threshold
2026-09-06T20:10:49.313+01:00 INFO : 19: generating IMRPhenomD from 30.0 Hz
2026-09-06T20:10:49.315+01:00 INFO : Decompressing waveform using inline_linear
2026-09-06T20:10:49.595+01:00 INFO : Filtering template 20/96 segment 1/5
2026-09-06T20:10:49.665+01:00 INFO : 1 points above threshold
2026-09-06T20:10:49.683+01:00 INFO : Filtering template 20/96 segment 2/5
2026-09-06T20:10:49.743+01:00 INFO : 3 points above threshold
2026-09-06T20:10:49.753+01:00 INFO : Filtering template 20/96 segment 3/5
2026-09-06T20:10:49.812+01:00 INFO : Filtering template 20/96 segment 4/5
2026-09-06T20:10:49.871+01:00 INFO : 2 points above threshold
2026-09-06T20:10:49.879+01:00 INFO : Filtering template 20/96 segment 5/5
2026-09-06T20:10:49.939+01:00 INFO : 20: generating IMRPhenomD from 30.0 Hz
2026-09-06T20:10:49.942+01:00 INFO : Decompressing waveform using inline_linear
2026-09-06T20:10:50.222+01:00 INFO : Filtering template 21/96 segment 1/5
2026-09-06T20:10:50.292+01:00 INFO : 1 points above threshold
2026-09-06T20:10:50.310+01:00 INFO : Filtering template 21/96 segment 2/5
2026-09-06T20:10:50.370+01:00 INFO : 1 points above threshold
2026-09-06T20:10:50.376+01:00 INFO : Filtering template 21/96 segment 3/5
2026-09-06T20:10:50.435+01:00 INFO : 1 points above threshold
2026-09-06T20:10:50.441+01:00 INFO : Filtering template 21/96 segment 4/5
2026-09-06T20:10:50.500+01:00 INFO : Filtering template 21/96 segment 5/5
2026-09-06T20:10:50.560+01:00 INFO : 21: generating IMRPhenomD from 30.0 Hz
2026-09-06T20:10:50.562+01:00 INFO : Decompressing waveform using inline_linear
2026-09-06T20:10:50.850+01:00 INFO : Filtering template 22/96 segment 1/5
2026-09-06T20:10:50.920+01:00 INFO : 5 points above threshold
2026-09-06T20:10:50.945+01:00 INFO : Filtering template 22/96 segment 2/5
2026-09-06T20:10:51.004+01:00 INFO : Filtering template 22/96 segment 3/5
2026-09-06T20:10:51.064+01:00 INFO : Filtering template 22/96 segment 4/5
2026-09-06T20:10:51.123+01:00 INFO : 1 points above threshold
2026-09-06T20:10:51.129+01:00 INFO : Filtering template 22/96 segment 5/5
2026-09-06T20:10:51.188+01:00 INFO : 1 points above threshold
2026-09-06T20:10:51.194+01:00 INFO : 22: generating IMRPhenomD from 30.0 Hz
2026-09-06T20:10:51.197+01:00 INFO : Decompressing waveform using inline_linear
2026-09-06T20:10:51.484+01:00 INFO : Filtering template 23/96 segment 1/5
2026-09-06T20:10:51.553+01:00 INFO : 2 points above threshold
2026-09-06T20:10:51.573+01:00 INFO : Filtering template 23/96 segment 2/5
2026-09-06T20:10:51.633+01:00 INFO : 1 points above threshold
2026-09-06T20:10:51.639+01:00 INFO : Filtering template 23/96 segment 3/5
2026-09-06T20:10:51.698+01:00 INFO : 1 points above threshold
2026-09-06T20:10:51.704+01:00 INFO : Filtering template 23/96 segment 4/5
2026-09-06T20:10:51.763+01:00 INFO : Filtering template 23/96 segment 5/5
2026-09-06T20:10:51.822+01:00 INFO : 23: generating IMRPhenomD from 30.0 Hz
2026-09-06T20:10:51.825+01:00 INFO : Decompressing waveform using inline_linear
2026-09-06T20:10:52.119+01:00 INFO : Filtering template 24/96 segment 1/5
2026-09-06T20:10:52.188+01:00 INFO : 1 points above threshold
2026-09-06T20:10:52.209+01:00 INFO : Filtering template 24/96 segment 2/5
2026-09-06T20:10:52.269+01:00 INFO : 2 points above threshold
2026-09-06T20:10:52.276+01:00 INFO : Filtering template 24/96 segment 3/5
2026-09-06T20:10:52.336+01:00 INFO : 1 points above threshold
2026-09-06T20:10:52.342+01:00 INFO : Filtering template 24/96 segment 4/5
2026-09-06T20:10:52.401+01:00 INFO : Filtering template 24/96 segment 5/5
2026-09-06T20:10:52.460+01:00 INFO : 2 points above threshold
2026-09-06T20:10:52.468+01:00 INFO : 24: generating IMRPhenomD from 30.0 Hz
2026-09-06T20:10:52.471+01:00 INFO : Decompressing waveform using inline_linear
2026-09-06T20:10:52.765+01:00 INFO : Filtering template 25/96 segment 1/5
2026-09-06T20:10:52.834+01:00 INFO : 2 points above threshold
2026-09-06T20:10:52.860+01:00 INFO : Filtering template 25/96 segment 2/5
2026-09-06T20:10:52.920+01:00 INFO : Filtering template 25/96 segment 3/5
2026-09-06T20:10:52.979+01:00 INFO : Filtering template 25/96 segment 4/5
2026-09-06T20:10:53.038+01:00 INFO : Filtering template 25/96 segment 5/5
2026-09-06T20:10:53.098+01:00 INFO : 25: generating IMRPhenomD from 30.0 Hz
2026-09-06T20:10:53.100+01:00 INFO : Decompressing waveform using inline_linear
2026-09-06T20:10:53.396+01:00 INFO : Filtering template 26/96 segment 1/5
2026-09-06T20:10:53.465+01:00 INFO : Filtering template 26/96 segment 2/5
2026-09-06T20:10:53.525+01:00 INFO : 2 points above threshold
2026-09-06T20:10:53.550+01:00 INFO : Filtering template 26/96 segment 3/5
2026-09-06T20:10:53.614+01:00 INFO : Filtering template 26/96 segment 4/5
2026-09-06T20:10:53.679+01:00 INFO : 2 points above threshold
2026-09-06T20:10:53.688+01:00 INFO : Filtering template 26/96 segment 5/5
2026-09-06T20:10:53.748+01:00 INFO : 2 points above threshold
2026-09-06T20:10:53.756+01:00 INFO : 26: generating IMRPhenomD from 30.0 Hz
2026-09-06T20:10:53.758+01:00 INFO : Decompressing waveform using inline_linear
2026-09-06T20:10:54.053+01:00 INFO : Filtering template 27/96 segment 1/5
2026-09-06T20:10:54.122+01:00 INFO : 3 points above threshold
2026-09-06T20:10:54.153+01:00 INFO : Filtering template 27/96 segment 2/5
2026-09-06T20:10:54.212+01:00 INFO : Filtering template 27/96 segment 3/5
2026-09-06T20:10:54.271+01:00 INFO : 1 points above threshold
2026-09-06T20:10:54.277+01:00 INFO : Filtering template 27/96 segment 4/5
2026-09-06T20:10:54.336+01:00 INFO : Filtering template 27/96 segment 5/5
2026-09-06T20:10:54.396+01:00 INFO : 27: generating IMRPhenomD from 30.0 Hz
2026-09-06T20:10:54.398+01:00 INFO : Decompressing waveform using inline_linear
2026-09-06T20:10:54.657+01:00 INFO : Filtering template 28/96 segment 1/5
2026-09-06T20:10:54.727+01:00 INFO : 3 points above threshold
2026-09-06T20:10:54.750+01:00 INFO : Filtering template 28/96 segment 2/5
2026-09-06T20:10:54.809+01:00 INFO : 1 points above threshold
2026-09-06T20:10:54.815+01:00 INFO : Filtering template 28/96 segment 3/5
2026-09-06T20:10:54.874+01:00 INFO : 2 points above threshold
2026-09-06T20:10:54.882+01:00 INFO : Filtering template 28/96 segment 4/5
2026-09-06T20:10:54.941+01:00 INFO : 1 points above threshold
2026-09-06T20:10:54.947+01:00 INFO : Filtering template 28/96 segment 5/5
2026-09-06T20:10:55.006+01:00 INFO : 28: generating IMRPhenomD from 30.0 Hz
2026-09-06T20:10:55.009+01:00 INFO : Decompressing waveform using inline_linear
2026-09-06T20:10:55.297+01:00 INFO : Filtering template 29/96 segment 1/5
2026-09-06T20:10:55.367+01:00 INFO : 2 points above threshold
2026-09-06T20:10:55.387+01:00 INFO : Filtering template 29/96 segment 2/5
2026-09-06T20:10:55.447+01:00 INFO : 2 points above threshold
2026-09-06T20:10:55.455+01:00 INFO : Filtering template 29/96 segment 3/5
2026-09-06T20:10:55.514+01:00 INFO : 1 points above threshold
2026-09-06T20:10:55.520+01:00 INFO : Filtering template 29/96 segment 4/5
2026-09-06T20:10:55.579+01:00 INFO : 2 points above threshold
2026-09-06T20:10:55.587+01:00 INFO : Filtering template 29/96 segment 5/5
2026-09-06T20:10:55.646+01:00 INFO : 2 points above threshold
2026-09-06T20:10:55.654+01:00 INFO : 29: generating IMRPhenomD from 30.0 Hz
2026-09-06T20:10:55.657+01:00 INFO : Decompressing waveform using inline_linear
2026-09-06T20:10:55.943+01:00 INFO : Filtering template 30/96 segment 1/5
2026-09-06T20:10:56.013+01:00 INFO : 1 points above threshold
2026-09-06T20:10:56.031+01:00 INFO : Filtering template 30/96 segment 2/5
2026-09-06T20:10:56.090+01:00 INFO : 1 points above threshold
2026-09-06T20:10:56.096+01:00 INFO : Filtering template 30/96 segment 3/5
2026-09-06T20:10:56.155+01:00 INFO : 1 points above threshold
2026-09-06T20:10:56.161+01:00 INFO : Filtering template 30/96 segment 4/5
2026-09-06T20:10:56.220+01:00 INFO : Filtering template 30/96 segment 5/5
2026-09-06T20:10:56.280+01:00 INFO : 30: generating IMRPhenomD from 30.0 Hz
2026-09-06T20:10:56.282+01:00 INFO : Decompressing waveform using inline_linear
2026-09-06T20:10:56.569+01:00 INFO : Filtering template 31/96 segment 1/5
2026-09-06T20:10:56.638+01:00 INFO : Filtering template 31/96 segment 2/5
2026-09-06T20:10:56.698+01:00 INFO : 1 points above threshold
2026-09-06T20:10:56.716+01:00 INFO : Filtering template 31/96 segment 3/5
2026-09-06T20:10:56.775+01:00 INFO : Filtering template 31/96 segment 4/5
2026-09-06T20:10:56.835+01:00 INFO : 1 points above threshold
2026-09-06T20:10:56.841+01:00 INFO : Filtering template 31/96 segment 5/5
2026-09-06T20:10:56.901+01:00 INFO : 1 points above threshold
2026-09-06T20:10:56.907+01:00 INFO : 31: generating IMRPhenomD from 30.0 Hz
2026-09-06T20:10:56.909+01:00 INFO : Decompressing waveform using inline_linear
2026-09-06T20:10:57.197+01:00 INFO : Filtering template 32/96 segment 1/5
2026-09-06T20:10:57.266+01:00 INFO : Filtering template 32/96 segment 2/5
2026-09-06T20:10:57.326+01:00 INFO : Filtering template 32/96 segment 3/5
2026-09-06T20:10:57.385+01:00 INFO : Filtering template 32/96 segment 4/5
2026-09-06T20:10:57.444+01:00 INFO : 3 points above threshold
2026-09-06T20:10:57.467+01:00 INFO : Filtering template 32/96 segment 5/5
2026-09-06T20:10:57.526+01:00 INFO : 2 points above threshold
2026-09-06T20:10:57.534+01:00 INFO : 32: generating IMRPhenomD from 30.0 Hz
2026-09-06T20:10:57.536+01:00 INFO : Decompressing waveform using inline_linear
2026-09-06T20:10:57.830+01:00 INFO : Filtering template 33/96 segment 1/5
2026-09-06T20:10:57.899+01:00 INFO : 2 points above threshold
2026-09-06T20:10:57.920+01:00 INFO : Filtering template 33/96 segment 2/5
2026-09-06T20:10:57.979+01:00 INFO : Filtering template 33/96 segment 3/5
2026-09-06T20:10:58.038+01:00 INFO : Filtering template 33/96 segment 4/5
2026-09-06T20:10:58.098+01:00 INFO : 1 points above threshold
2026-09-06T20:10:58.104+01:00 INFO : Filtering template 33/96 segment 5/5
2026-09-06T20:10:58.163+01:00 INFO : 33: generating IMRPhenomD from 30.0 Hz
2026-09-06T20:10:58.165+01:00 INFO : Decompressing waveform using inline_linear
2026-09-06T20:10:58.459+01:00 INFO : Filtering template 34/96 segment 1/5
2026-09-06T20:10:58.529+01:00 INFO : Filtering template 34/96 segment 2/5
2026-09-06T20:10:58.588+01:00 INFO : 1 points above threshold
2026-09-06T20:10:58.612+01:00 INFO : Filtering template 34/96 segment 3/5
2026-09-06T20:10:58.671+01:00 INFO : 1 points above threshold
2026-09-06T20:10:58.677+01:00 INFO : Filtering template 34/96 segment 4/5
2026-09-06T20:10:58.739+01:00 INFO : Filtering template 34/96 segment 5/5
2026-09-06T20:10:58.803+01:00 INFO : 1 points above threshold
2026-09-06T20:10:58.810+01:00 INFO : 34: generating IMRPhenomD from 30.0 Hz
2026-09-06T20:10:58.812+01:00 INFO : Decompressing waveform using inline_linear
2026-09-06T20:10:59.109+01:00 INFO : Filtering template 35/96 segment 1/5
2026-09-06T20:10:59.178+01:00 INFO : 1 points above threshold
2026-09-06T20:10:59.202+01:00 INFO : Filtering template 35/96 segment 2/5
2026-09-06T20:10:59.261+01:00 INFO : 1 points above threshold
2026-09-06T20:10:59.267+01:00 INFO : Filtering template 35/96 segment 3/5
2026-09-06T20:10:59.326+01:00 INFO : 1 points above threshold
2026-09-06T20:10:59.332+01:00 INFO : Filtering template 35/96 segment 4/5
2026-09-06T20:10:59.392+01:00 INFO : Filtering template 35/96 segment 5/5
2026-09-06T20:10:59.451+01:00 INFO : 35: generating IMRPhenomD from 30.0 Hz
2026-09-06T20:10:59.454+01:00 INFO : Decompressing waveform using inline_linear
2026-09-06T20:10:59.749+01:00 INFO : Filtering template 36/96 segment 1/5
2026-09-06T20:10:59.818+01:00 INFO : 3 points above threshold
2026-09-06T20:10:59.849+01:00 INFO : Filtering template 36/96 segment 2/5
2026-09-06T20:10:59.908+01:00 INFO : 1 points above threshold
2026-09-06T20:10:59.914+01:00 INFO : Filtering template 36/96 segment 3/5
2026-09-06T20:10:59.974+01:00 INFO : 2 points above threshold
2026-09-06T20:10:59.981+01:00 INFO : Filtering template 36/96 segment 4/5
2026-09-06T20:11:00.041+01:00 INFO : Filtering template 36/96 segment 5/5
2026-09-06T20:11:00.100+01:00 INFO : 1 points above threshold
2026-09-06T20:11:00.106+01:00 INFO : 36: generating IMRPhenomD from 30.0 Hz
2026-09-06T20:11:00.109+01:00 INFO : Decompressing waveform using inline_linear
2026-09-06T20:11:00.401+01:00 INFO : Filtering template 37/96 segment 1/5
2026-09-06T20:11:00.476+01:00 INFO : 2 points above threshold
2026-09-06T20:11:00.501+01:00 INFO : Filtering template 37/96 segment 2/5
2026-09-06T20:11:00.561+01:00 INFO : 3 points above threshold
2026-09-06T20:11:00.571+01:00 INFO : Filtering template 37/96 segment 3/5
2026-09-06T20:11:00.630+01:00 INFO : 1 points above threshold
2026-09-06T20:11:00.636+01:00 INFO : Filtering template 37/96 segment 4/5
2026-09-06T20:11:00.695+01:00 INFO : 3 points above threshold
2026-09-06T20:11:00.705+01:00 INFO : Filtering template 37/96 segment 5/5
2026-09-06T20:11:00.765+01:00 INFO : 37: generating IMRPhenomD from 30.0 Hz
2026-09-06T20:11:00.767+01:00 INFO : Decompressing waveform using inline_linear
2026-09-06T20:11:01.043+01:00 INFO : Filtering template 38/96 segment 1/5
2026-09-06T20:11:01.113+01:00 INFO : Filtering template 38/96 segment 2/5
2026-09-06T20:11:01.172+01:00 INFO : Filtering template 38/96 segment 3/5
2026-09-06T20:11:01.231+01:00 INFO : 1 points above threshold
2026-09-06T20:11:01.250+01:00 INFO : Filtering template 38/96 segment 4/5
2026-09-06T20:11:01.309+01:00 INFO : 1 points above threshold
2026-09-06T20:11:01.315+01:00 INFO : Filtering template 38/96 segment 5/5
2026-09-06T20:11:01.375+01:00 INFO : 1 points above threshold
2026-09-06T20:11:01.381+01:00 INFO : 38: generating IMRPhenomD from 30.0 Hz
2026-09-06T20:11:01.383+01:00 INFO : Decompressing waveform using inline_linear
2026-09-06T20:11:01.677+01:00 INFO : Filtering template 39/96 segment 1/5
2026-09-06T20:11:01.747+01:00 INFO : Filtering template 39/96 segment 2/5
2026-09-06T20:11:01.807+01:00 INFO : 2 points above threshold
2026-09-06T20:11:01.827+01:00 INFO : Filtering template 39/96 segment 3/5
2026-09-06T20:11:01.886+01:00 INFO : Filtering template 39/96 segment 4/5
2026-09-06T20:11:01.946+01:00 INFO : 2 points above threshold
2026-09-06T20:11:01.954+01:00 INFO : Filtering template 39/96 segment 5/5
2026-09-06T20:11:02.013+01:00 INFO : 39: generating IMRPhenomD from 30.0 Hz
2026-09-06T20:11:02.016+01:00 INFO : Decompressing waveform using inline_linear
2026-09-06T20:11:02.316+01:00 INFO : Filtering template 40/96 segment 1/5
2026-09-06T20:11:02.385+01:00 INFO : Filtering template 40/96 segment 2/5
2026-09-06T20:11:02.445+01:00 INFO : Filtering template 40/96 segment 3/5
2026-09-06T20:11:02.504+01:00 INFO : Filtering template 40/96 segment 4/5
2026-09-06T20:11:02.563+01:00 INFO : 2 points above threshold
2026-09-06T20:11:02.589+01:00 INFO : Filtering template 40/96 segment 5/5
2026-09-06T20:11:02.648+01:00 INFO : 40: generating IMRPhenomD from 30.0 Hz
2026-09-06T20:11:02.651+01:00 INFO : Decompressing waveform using inline_linear
2026-09-06T20:11:02.946+01:00 INFO : Filtering template 41/96 segment 1/5
2026-09-06T20:11:03.021+01:00 INFO : Filtering template 41/96 segment 2/5
2026-09-06T20:11:03.081+01:00 INFO : Filtering template 41/96 segment 3/5
2026-09-06T20:11:03.140+01:00 INFO : 2 points above threshold
2026-09-06T20:11:03.166+01:00 INFO : Filtering template 41/96 segment 4/5
2026-09-06T20:11:03.225+01:00 INFO : 2 points above threshold
2026-09-06T20:11:03.233+01:00 INFO : Filtering template 41/96 segment 5/5
2026-09-06T20:11:03.293+01:00 INFO : 41: generating IMRPhenomD from 30.0 Hz
2026-09-06T20:11:03.295+01:00 INFO : Decompressing waveform using inline_linear
2026-09-06T20:11:03.598+01:00 INFO : Filtering template 42/96 segment 1/5
2026-09-06T20:11:03.674+01:00 INFO : Filtering template 42/96 segment 2/5
2026-09-06T20:11:03.734+01:00 INFO : 1 points above threshold
2026-09-06T20:11:03.760+01:00 INFO : Filtering template 42/96 segment 3/5
2026-09-06T20:11:03.821+01:00 INFO : Filtering template 42/96 segment 4/5
2026-09-06T20:11:03.887+01:00 INFO : 1 points above threshold
2026-09-06T20:11:03.893+01:00 INFO : Filtering template 42/96 segment 5/5
2026-09-06T20:11:03.953+01:00 INFO : 1 points above threshold
2026-09-06T20:11:03.959+01:00 INFO : 42: generating IMRPhenomD from 30.0 Hz
2026-09-06T20:11:03.962+01:00 INFO : Decompressing waveform using inline_linear
2026-09-06T20:11:04.264+01:00 INFO : Filtering template 43/96 segment 1/5
2026-09-06T20:11:04.346+01:00 INFO : 1 points above threshold
2026-09-06T20:11:04.373+01:00 INFO : Filtering template 43/96 segment 2/5
2026-09-06T20:11:04.432+01:00 INFO : 2 points above threshold
2026-09-06T20:11:04.440+01:00 INFO : Filtering template 43/96 segment 3/5
2026-09-06T20:11:04.499+01:00 INFO : 1 points above threshold
2026-09-06T20:11:04.505+01:00 INFO : Filtering template 43/96 segment 4/5
2026-09-06T20:11:04.564+01:00 INFO : Filtering template 43/96 segment 5/5
2026-09-06T20:11:04.624+01:00 INFO : 43: generating IMRPhenomD from 30.0 Hz
2026-09-06T20:11:04.626+01:00 INFO : Decompressing waveform using inline_linear
2026-09-06T20:11:04.931+01:00 INFO : Filtering template 44/96 segment 1/5
2026-09-06T20:11:05.013+01:00 INFO : 1 points above threshold
2026-09-06T20:11:05.040+01:00 INFO : Filtering template 44/96 segment 2/5
2026-09-06T20:11:05.099+01:00 INFO : Filtering template 44/96 segment 3/5
2026-09-06T20:11:05.158+01:00 INFO : Filtering template 44/96 segment 4/5
2026-09-06T20:11:05.217+01:00 INFO : 1 points above threshold
2026-09-06T20:11:05.223+01:00 INFO : Filtering template 44/96 segment 5/5
2026-09-06T20:11:05.283+01:00 INFO : 44: generating IMRPhenomD from 30.0 Hz
2026-09-06T20:11:05.285+01:00 INFO : Decompressing waveform using inline_linear
2026-09-06T20:11:05.589+01:00 INFO : Filtering template 45/96 segment 1/5
2026-09-06T20:11:05.671+01:00 INFO : 2 points above threshold
2026-09-06T20:11:05.699+01:00 INFO : Filtering template 45/96 segment 2/5
2026-09-06T20:11:05.758+01:00 INFO : 1 points above threshold
2026-09-06T20:11:05.764+01:00 INFO : Filtering template 45/96 segment 3/5
2026-09-06T20:11:05.823+01:00 INFO : 1 points above threshold
2026-09-06T20:11:05.829+01:00 INFO : Filtering template 45/96 segment 4/5
2026-09-06T20:11:05.888+01:00 INFO : Filtering template 45/96 segment 5/5
2026-09-06T20:11:05.948+01:00 INFO : 45: generating IMRPhenomD from 30.0 Hz
2026-09-06T20:11:05.951+01:00 INFO : Decompressing waveform using inline_linear
2026-09-06T20:11:06.254+01:00 INFO : Filtering template 46/96 segment 1/5
2026-09-06T20:11:06.336+01:00 INFO : Filtering template 46/96 segment 2/5
2026-09-06T20:11:06.395+01:00 INFO : Filtering template 46/96 segment 3/5
2026-09-06T20:11:06.455+01:00 INFO : 1 points above threshold
2026-09-06T20:11:06.482+01:00 INFO : Filtering template 46/96 segment 4/5
2026-09-06T20:11:06.541+01:00 INFO : 3 points above threshold
2026-09-06T20:11:06.551+01:00 INFO : Filtering template 46/96 segment 5/5
2026-09-06T20:11:06.610+01:00 INFO : 1 points above threshold
2026-09-06T20:11:06.616+01:00 INFO : 46: generating IMRPhenomD from 30.0 Hz
2026-09-06T20:11:06.618+01:00 INFO : Decompressing waveform using inline_linear
2026-09-06T20:11:06.921+01:00 INFO : Filtering template 47/96 segment 1/5
2026-09-06T20:11:07.003+01:00 INFO : 3 points above threshold
2026-09-06T20:11:07.033+01:00 INFO : Filtering template 47/96 segment 2/5
2026-09-06T20:11:07.093+01:00 INFO : Filtering template 47/96 segment 3/5
2026-09-06T20:11:07.152+01:00 INFO : 2 points above threshold
2026-09-06T20:11:07.160+01:00 INFO : Filtering template 47/96 segment 4/5
2026-09-06T20:11:07.219+01:00 INFO : 1 points above threshold
2026-09-06T20:11:07.225+01:00 INFO : Filtering template 47/96 segment 5/5
2026-09-06T20:11:07.285+01:00 INFO : 1 points above threshold
2026-09-06T20:11:07.291+01:00 INFO : 47: generating IMRPhenomD from 30.0 Hz
2026-09-06T20:11:07.294+01:00 INFO : Decompressing waveform using inline_linear
2026-09-06T20:11:07.597+01:00 INFO : Filtering template 48/96 segment 1/5
2026-09-06T20:11:07.679+01:00 INFO : 3 points above threshold
2026-09-06T20:11:07.709+01:00 INFO : Filtering template 48/96 segment 2/5
2026-09-06T20:11:07.768+01:00 INFO : 1 points above threshold
2026-09-06T20:11:07.774+01:00 INFO : Filtering template 48/96 segment 3/5
2026-09-06T20:11:07.833+01:00 INFO : 1 points above threshold
2026-09-06T20:11:07.839+01:00 INFO : Filtering template 48/96 segment 4/5
2026-09-06T20:11:07.899+01:00 INFO : 2 points above threshold
2026-09-06T20:11:07.906+01:00 INFO : Filtering template 48/96 segment 5/5
2026-09-06T20:11:07.966+01:00 INFO : 1 points above threshold
2026-09-06T20:11:07.973+01:00 INFO : 48: generating IMRPhenomD from 30.0 Hz
2026-09-06T20:11:07.975+01:00 INFO : Decompressing waveform using inline_linear
2026-09-06T20:11:08.168+01:00 INFO : Filtering template 49/96 segment 1/5
2026-09-06T20:11:08.237+01:00 INFO : 1 points above threshold
2026-09-06T20:11:08.256+01:00 INFO : Filtering template 49/96 segment 2/5
2026-09-06T20:11:08.315+01:00 INFO : 1 points above threshold
2026-09-06T20:11:08.321+01:00 INFO : Filtering template 49/96 segment 3/5
2026-09-06T20:11:08.380+01:00 INFO : 2 points above threshold
2026-09-06T20:11:08.388+01:00 INFO : Filtering template 49/96 segment 4/5
2026-09-06T20:11:08.447+01:00 INFO : Filtering template 49/96 segment 5/5
2026-09-06T20:11:08.507+01:00 INFO : 49: generating IMRPhenomD from 30.0 Hz
2026-09-06T20:11:08.510+01:00 INFO : Decompressing waveform using inline_linear
2026-09-06T20:11:08.714+01:00 INFO : Filtering template 50/96 segment 1/5
2026-09-06T20:11:08.784+01:00 INFO : Filtering template 50/96 segment 2/5
2026-09-06T20:11:08.843+01:00 INFO : 2 points above threshold
2026-09-06T20:11:08.863+01:00 INFO : Filtering template 50/96 segment 3/5
2026-09-06T20:11:08.924+01:00 INFO : 4 points above threshold
2026-09-06T20:11:08.934+01:00 INFO : Filtering template 50/96 segment 4/5
2026-09-06T20:11:08.996+01:00 INFO : 2 points above threshold
2026-09-06T20:11:09.004+01:00 INFO : Filtering template 50/96 segment 5/5
2026-09-06T20:11:09.063+01:00 INFO : 50: generating IMRPhenomD from 30.0 Hz
2026-09-06T20:11:09.066+01:00 INFO : Decompressing waveform using inline_linear
2026-09-06T20:11:09.301+01:00 INFO : Filtering template 51/96 segment 1/5
2026-09-06T20:11:09.370+01:00 INFO : 1 points above threshold
2026-09-06T20:11:09.389+01:00 INFO : Filtering template 51/96 segment 2/5
2026-09-06T20:11:09.448+01:00 INFO : 1 points above threshold
2026-09-06T20:11:09.454+01:00 INFO : Filtering template 51/96 segment 3/5
2026-09-06T20:11:09.514+01:00 INFO : Filtering template 51/96 segment 4/5
2026-09-06T20:11:09.573+01:00 INFO : 1 points above threshold
2026-09-06T20:11:09.579+01:00 INFO : Filtering template 51/96 segment 5/5
2026-09-06T20:11:09.638+01:00 INFO : 2 points above threshold
2026-09-06T20:11:09.646+01:00 INFO : 51: generating IMRPhenomD from 30.0 Hz
2026-09-06T20:11:09.649+01:00 INFO : Decompressing waveform using inline_linear
2026-09-06T20:11:09.899+01:00 INFO : Filtering template 52/96 segment 1/5
2026-09-06T20:11:09.968+01:00 INFO : 1 points above threshold
2026-09-06T20:11:09.987+01:00 INFO : Filtering template 52/96 segment 2/5
2026-09-06T20:11:10.046+01:00 INFO : 1 points above threshold
2026-09-06T20:11:10.052+01:00 INFO : Filtering template 52/96 segment 3/5
2026-09-06T20:11:10.111+01:00 INFO : Filtering template 52/96 segment 4/5
2026-09-06T20:11:10.170+01:00 INFO : 3 points above threshold
2026-09-06T20:11:10.180+01:00 INFO : Filtering template 52/96 segment 5/5
2026-09-06T20:11:10.239+01:00 INFO : 1 points above threshold
2026-09-06T20:11:10.245+01:00 INFO : 52: generating IMRPhenomD from 30.0 Hz
2026-09-06T20:11:10.248+01:00 INFO : Decompressing waveform using inline_linear
2026-09-06T20:11:10.502+01:00 INFO : Filtering template 53/96 segment 1/5
2026-09-06T20:11:10.571+01:00 INFO : 3 points above threshold
2026-09-06T20:11:10.594+01:00 INFO : Filtering template 53/96 segment 2/5
2026-09-06T20:11:10.653+01:00 INFO : 2 points above threshold
2026-09-06T20:11:10.661+01:00 INFO : Filtering template 53/96 segment 3/5
2026-09-06T20:11:10.720+01:00 INFO : 2 points above threshold
2026-09-06T20:11:10.728+01:00 INFO : Filtering template 53/96 segment 4/5
2026-09-06T20:11:10.787+01:00 INFO : 1 points above threshold
2026-09-06T20:11:10.793+01:00 INFO : Filtering template 53/96 segment 5/5
2026-09-06T20:11:10.853+01:00 INFO : 1 points above threshold
2026-09-06T20:11:10.859+01:00 INFO : 53: generating IMRPhenomD from 30.0 Hz
2026-09-06T20:11:10.861+01:00 INFO : Decompressing waveform using inline_linear
2026-09-06T20:11:11.129+01:00 INFO : Filtering template 54/96 segment 1/5
2026-09-06T20:11:11.199+01:00 INFO : Filtering template 54/96 segment 2/5
2026-09-06T20:11:11.258+01:00 INFO : Filtering template 54/96 segment 3/5
2026-09-06T20:11:11.317+01:00 INFO : 2 points above threshold
2026-09-06T20:11:11.338+01:00 INFO : Filtering template 54/96 segment 4/5
2026-09-06T20:11:11.397+01:00 INFO : 5 points above threshold
2026-09-06T20:11:11.409+01:00 INFO : Filtering template 54/96 segment 5/5
2026-09-06T20:11:11.469+01:00 INFO : 54: generating IMRPhenomD from 30.0 Hz
2026-09-06T20:11:11.471+01:00 INFO : Decompressing waveform using inline_linear
2026-09-06T20:11:11.726+01:00 INFO : Filtering template 55/96 segment 1/5
2026-09-06T20:11:11.795+01:00 INFO : Filtering template 55/96 segment 2/5
2026-09-06T20:11:11.855+01:00 INFO : 1 points above threshold
2026-09-06T20:11:11.873+01:00 INFO : Filtering template 55/96 segment 3/5
2026-09-06T20:11:11.933+01:00 INFO : 3 points above threshold
2026-09-06T20:11:11.943+01:00 INFO : Filtering template 55/96 segment 4/5
2026-09-06T20:11:12.002+01:00 INFO : 1 points above threshold
2026-09-06T20:11:12.008+01:00 INFO : Filtering template 55/96 segment 5/5
2026-09-06T20:11:12.067+01:00 INFO : 1 points above threshold
2026-09-06T20:11:12.073+01:00 INFO : 55: generating IMRPhenomD from 30.0 Hz
2026-09-06T20:11:12.076+01:00 INFO : Decompressing waveform using inline_linear
2026-09-06T20:11:12.356+01:00 INFO : Filtering template 56/96 segment 1/5
2026-09-06T20:11:12.426+01:00 INFO : 1 points above threshold
2026-09-06T20:11:12.444+01:00 INFO : Filtering template 56/96 segment 2/5
2026-09-06T20:11:12.503+01:00 INFO : 1 points above threshold
2026-09-06T20:11:12.509+01:00 INFO : Filtering template 56/96 segment 3/5
2026-09-06T20:11:12.569+01:00 INFO : 3 points above threshold
2026-09-06T20:11:12.579+01:00 INFO : Filtering template 56/96 segment 4/5
2026-09-06T20:11:12.637+01:00 INFO : Filtering template 56/96 segment 5/5
2026-09-06T20:11:12.697+01:00 INFO : 1 points above threshold
2026-09-06T20:11:12.703+01:00 INFO : 56: generating IMRPhenomD from 30.0 Hz
2026-09-06T20:11:12.705+01:00 INFO : Decompressing waveform using inline_linear
2026-09-06T20:11:12.986+01:00 INFO : Filtering template 57/96 segment 1/5
2026-09-06T20:11:13.055+01:00 INFO : 1 points above threshold
2026-09-06T20:11:13.074+01:00 INFO : Filtering template 57/96 segment 2/5
2026-09-06T20:11:13.133+01:00 INFO : 2 points above threshold
2026-09-06T20:11:13.141+01:00 INFO : Filtering template 57/96 segment 3/5
2026-09-06T20:11:13.200+01:00 INFO : 2 points above threshold
2026-09-06T20:11:13.207+01:00 INFO : Filtering template 57/96 segment 4/5
2026-09-06T20:11:13.267+01:00 INFO : 2 points above threshold
2026-09-06T20:11:13.274+01:00 INFO : Filtering template 57/96 segment 5/5
2026-09-06T20:11:13.334+01:00 INFO : 57: generating IMRPhenomD from 30.0 Hz
2026-09-06T20:11:13.336+01:00 INFO : Decompressing waveform using inline_linear
2026-09-06T20:11:13.623+01:00 INFO : Filtering template 58/96 segment 1/5
2026-09-06T20:11:13.693+01:00 INFO : 1 points above threshold
2026-09-06T20:11:13.711+01:00 INFO : Filtering template 58/96 segment 2/5
2026-09-06T20:11:13.770+01:00 INFO : 2 points above threshold
2026-09-06T20:11:13.778+01:00 INFO : Filtering template 58/96 segment 3/5
2026-09-06T20:11:13.838+01:00 INFO : 1 points above threshold
2026-09-06T20:11:13.844+01:00 INFO : Filtering template 58/96 segment 4/5
2026-09-06T20:11:13.903+01:00 INFO : 1 points above threshold
2026-09-06T20:11:13.909+01:00 INFO : Filtering template 58/96 segment 5/5
2026-09-06T20:11:13.969+01:00 INFO : 2 points above threshold
2026-09-06T20:11:13.977+01:00 INFO : 58: generating IMRPhenomD from 30.0 Hz
2026-09-06T20:11:13.980+01:00 INFO : Decompressing waveform using inline_linear
2026-09-06T20:11:14.221+01:00 INFO : Filtering template 59/96 segment 1/5
2026-09-06T20:11:14.290+01:00 INFO : 1 points above threshold
2026-09-06T20:11:14.309+01:00 INFO : Filtering template 59/96 segment 2/5
2026-09-06T20:11:14.368+01:00 INFO : 2 points above threshold
2026-09-06T20:11:14.376+01:00 INFO : Filtering template 59/96 segment 3/5
2026-09-06T20:11:14.435+01:00 INFO : 2 points above threshold
2026-09-06T20:11:14.443+01:00 INFO : Filtering template 59/96 segment 4/5
2026-09-06T20:11:14.502+01:00 INFO : 1 points above threshold
2026-09-06T20:11:14.508+01:00 INFO : Filtering template 59/96 segment 5/5
2026-09-06T20:11:14.567+01:00 INFO : 59: generating IMRPhenomD from 30.0 Hz
2026-09-06T20:11:14.570+01:00 INFO : Decompressing waveform using inline_linear
2026-09-06T20:11:14.825+01:00 INFO : Filtering template 60/96 segment 1/5
2026-09-06T20:11:14.894+01:00 INFO : Filtering template 60/96 segment 2/5
2026-09-06T20:11:14.953+01:00 INFO : Filtering template 60/96 segment 3/5
2026-09-06T20:11:15.012+01:00 INFO : 1 points above threshold
2026-09-06T20:11:15.031+01:00 INFO : Filtering template 60/96 segment 4/5
2026-09-06T20:11:15.091+01:00 INFO : 2 points above threshold
2026-09-06T20:11:15.099+01:00 INFO : Filtering template 60/96 segment 5/5
2026-09-06T20:11:15.158+01:00 INFO : 60: generating IMRPhenomD from 30.0 Hz
2026-09-06T20:11:15.166+01:00 INFO : Decompressing waveform using inline_linear
2026-09-06T20:11:15.420+01:00 INFO : Filtering template 61/96 segment 1/5
2026-09-06T20:11:15.489+01:00 INFO : Filtering template 61/96 segment 2/5
2026-09-06T20:11:15.549+01:00 INFO : 2 points above threshold
2026-09-06T20:11:15.569+01:00 INFO : Filtering template 61/96 segment 3/5
2026-09-06T20:11:15.628+01:00 INFO : 1 points above threshold
2026-09-06T20:11:15.634+01:00 INFO : Filtering template 61/96 segment 4/5
2026-09-06T20:11:15.693+01:00 INFO : 1 points above threshold
2026-09-06T20:11:15.699+01:00 INFO : Filtering template 61/96 segment 5/5
2026-09-06T20:11:15.758+01:00 INFO : 61: generating IMRPhenomD from 30.0 Hz
2026-09-06T20:11:15.761+01:00 INFO : Decompressing waveform using inline_linear
2026-09-06T20:11:16.017+01:00 INFO : Filtering template 62/96 segment 1/5
2026-09-06T20:11:16.087+01:00 INFO : 2 points above threshold
2026-09-06T20:11:16.107+01:00 INFO : Filtering template 62/96 segment 2/5
2026-09-06T20:11:16.166+01:00 INFO : Filtering template 62/96 segment 3/5
2026-09-06T20:11:16.225+01:00 INFO : Filtering template 62/96 segment 4/5
2026-09-06T20:11:16.285+01:00 INFO : 5 points above threshold
2026-09-06T20:11:16.297+01:00 INFO : Filtering template 62/96 segment 5/5
2026-09-06T20:11:16.356+01:00 INFO : 62: generating IMRPhenomD from 30.0 Hz
2026-09-06T20:11:16.359+01:00 INFO : Decompressing waveform using inline_linear
2026-09-06T20:11:16.628+01:00 INFO : Filtering template 63/96 segment 1/5
2026-09-06T20:11:16.697+01:00 INFO : Filtering template 63/96 segment 2/5
2026-09-06T20:11:16.757+01:00 INFO : 1 points above threshold
2026-09-06T20:11:16.775+01:00 INFO : Filtering template 63/96 segment 3/5
2026-09-06T20:11:16.834+01:00 INFO : 2 points above threshold
2026-09-06T20:11:16.842+01:00 INFO : Filtering template 63/96 segment 4/5
2026-09-06T20:11:16.902+01:00 INFO : 1 points above threshold
2026-09-06T20:11:16.907+01:00 INFO : Filtering template 63/96 segment 5/5
2026-09-06T20:11:16.967+01:00 INFO : 1 points above threshold
2026-09-06T20:11:16.973+01:00 INFO : 63: generating IMRPhenomD from 30.0 Hz
2026-09-06T20:11:16.975+01:00 INFO : Decompressing waveform using inline_linear
2026-09-06T20:11:17.243+01:00 INFO : Filtering template 64/96 segment 1/5
2026-09-06T20:11:17.312+01:00 INFO : 2 points above threshold
2026-09-06T20:11:17.333+01:00 INFO : Filtering template 64/96 segment 2/5
2026-09-06T20:11:17.392+01:00 INFO : 1 points above threshold
2026-09-06T20:11:17.398+01:00 INFO : Filtering template 64/96 segment 3/5
2026-09-06T20:11:17.457+01:00 INFO : Filtering template 64/96 segment 4/5
2026-09-06T20:11:17.516+01:00 INFO : Filtering template 64/96 segment 5/5
2026-09-06T20:11:17.575+01:00 INFO : 64: generating IMRPhenomD from 30.0 Hz
2026-09-06T20:11:17.578+01:00 INFO : Decompressing waveform using inline_linear
2026-09-06T20:11:17.845+01:00 INFO : Filtering template 65/96 segment 1/5
2026-09-06T20:11:17.915+01:00 INFO : 2 points above threshold
2026-09-06T20:11:17.936+01:00 INFO : Filtering template 65/96 segment 2/5
2026-09-06T20:11:17.995+01:00 INFO : 2 points above threshold
2026-09-06T20:11:18.003+01:00 INFO : Filtering template 65/96 segment 3/5
2026-09-06T20:11:18.062+01:00 INFO : 1 points above threshold
2026-09-06T20:11:18.068+01:00 INFO : Filtering template 65/96 segment 4/5
2026-09-06T20:11:18.127+01:00 INFO : 2 points above threshold
2026-09-06T20:11:18.135+01:00 INFO : Filtering template 65/96 segment 5/5
2026-09-06T20:11:18.195+01:00 INFO : 65: generating IMRPhenomD from 30.0 Hz
2026-09-06T20:11:18.197+01:00 INFO : Decompressing waveform using inline_linear
2026-09-06T20:11:18.486+01:00 INFO : Filtering template 66/96 segment 1/5
2026-09-06T20:11:18.555+01:00 INFO : 1 points above threshold
2026-09-06T20:11:18.574+01:00 INFO : Filtering template 66/96 segment 2/5
2026-09-06T20:11:18.633+01:00 INFO : 1 points above threshold
2026-09-06T20:11:18.639+01:00 INFO : Filtering template 66/96 segment 3/5
2026-09-06T20:11:18.698+01:00 INFO : 2 points above threshold
2026-09-06T20:11:18.706+01:00 INFO : Filtering template 66/96 segment 4/5
2026-09-06T20:11:18.765+01:00 INFO : 1 points above threshold
2026-09-06T20:11:18.771+01:00 INFO : Filtering template 66/96 segment 5/5
2026-09-06T20:11:18.831+01:00 INFO : 66: generating IMRPhenomD from 30.0 Hz
2026-09-06T20:11:18.833+01:00 INFO : Decompressing waveform using inline_linear
2026-09-06T20:11:19.129+01:00 INFO : Filtering template 67/96 segment 1/5
2026-09-06T20:11:19.202+01:00 INFO : 3 points above threshold
2026-09-06T20:11:19.224+01:00 INFO : Filtering template 67/96 segment 2/5
2026-09-06T20:11:19.283+01:00 INFO : Filtering template 67/96 segment 3/5
2026-09-06T20:11:19.343+01:00 INFO : 1 points above threshold
2026-09-06T20:11:19.349+01:00 INFO : Filtering template 67/96 segment 4/5
2026-09-06T20:11:19.408+01:00 INFO : Filtering template 67/96 segment 5/5
2026-09-06T20:11:19.467+01:00 INFO : 67: generating IMRPhenomD from 30.0 Hz
2026-09-06T20:11:19.470+01:00 INFO : Decompressing waveform using inline_linear
2026-09-06T20:11:19.763+01:00 INFO : Filtering template 68/96 segment 1/5
2026-09-06T20:11:19.832+01:00 INFO : 1 points above threshold
2026-09-06T20:11:19.851+01:00 INFO : Filtering template 68/96 segment 2/5
2026-09-06T20:11:19.911+01:00 INFO : 1 points above threshold
2026-09-06T20:11:19.917+01:00 INFO : Filtering template 68/96 segment 3/5
2026-09-06T20:11:19.976+01:00 INFO : 1 points above threshold
2026-09-06T20:11:19.982+01:00 INFO : Filtering template 68/96 segment 4/5
2026-09-06T20:11:20.041+01:00 INFO : 1 points above threshold
2026-09-06T20:11:20.047+01:00 INFO : Filtering template 68/96 segment 5/5
2026-09-06T20:11:20.106+01:00 INFO : 1 points above threshold
2026-09-06T20:11:20.112+01:00 INFO : 68: generating IMRPhenomD from 30.0 Hz
2026-09-06T20:11:20.115+01:00 INFO : Decompressing waveform using inline_linear
2026-09-06T20:11:20.414+01:00 INFO : Filtering template 69/96 segment 1/5
2026-09-06T20:11:20.483+01:00 INFO : Filtering template 69/96 segment 2/5
2026-09-06T20:11:20.543+01:00 INFO : Filtering template 69/96 segment 3/5
2026-09-06T20:11:20.603+01:00 INFO : 1 points above threshold
2026-09-06T20:11:20.626+01:00 INFO : Filtering template 69/96 segment 4/5
2026-09-06T20:11:20.686+01:00 INFO : 2 points above threshold
2026-09-06T20:11:20.694+01:00 INFO : Filtering template 69/96 segment 5/5
2026-09-06T20:11:20.753+01:00 INFO : 69: generating IMRPhenomD from 30.0 Hz
2026-09-06T20:11:20.755+01:00 INFO : Decompressing waveform using inline_linear
2026-09-06T20:11:21.049+01:00 INFO : Filtering template 70/96 segment 1/5
2026-09-06T20:11:21.125+01:00 INFO : 2 points above threshold
2026-09-06T20:11:21.150+01:00 INFO : Filtering template 70/96 segment 2/5
2026-09-06T20:11:21.210+01:00 INFO : 2 points above threshold
2026-09-06T20:11:21.218+01:00 INFO : Filtering template 70/96 segment 3/5
2026-09-06T20:11:21.277+01:00 INFO : Filtering template 70/96 segment 4/5
2026-09-06T20:11:21.336+01:00 INFO : 2 points above threshold
2026-09-06T20:11:21.344+01:00 INFO : Filtering template 70/96 segment 5/5
2026-09-06T20:11:21.403+01:00 INFO : 2 points above threshold
2026-09-06T20:11:21.411+01:00 INFO : 70: generating IMRPhenomD from 30.0 Hz
2026-09-06T20:11:21.413+01:00 INFO : Decompressing waveform using inline_linear
2026-09-06T20:11:21.645+01:00 INFO : Filtering template 71/96 segment 1/5
2026-09-06T20:11:21.715+01:00 INFO : Filtering template 71/96 segment 2/5
2026-09-06T20:11:21.774+01:00 INFO : 1 points above threshold
2026-09-06T20:11:21.793+01:00 INFO : Filtering template 71/96 segment 3/5
2026-09-06T20:11:21.852+01:00 INFO : 1 points above threshold
2026-09-06T20:11:21.858+01:00 INFO : Filtering template 71/96 segment 4/5
2026-09-06T20:11:21.917+01:00 INFO : 3 points above threshold
2026-09-06T20:11:21.928+01:00 INFO : Filtering template 71/96 segment 5/5
2026-09-06T20:11:21.987+01:00 INFO : 71: generating IMRPhenomD from 30.0 Hz
2026-09-06T20:11:21.990+01:00 INFO : Decompressing waveform using inline_linear
2026-09-06T20:11:22.231+01:00 INFO : Filtering template 72/96 segment 1/5
2026-09-06T20:11:22.301+01:00 INFO : 2 points above threshold
2026-09-06T20:11:22.321+01:00 INFO : Filtering template 72/96 segment 2/5
2026-09-06T20:11:22.380+01:00 INFO : 1 points above threshold
2026-09-06T20:11:22.386+01:00 INFO : Filtering template 72/96 segment 3/5
2026-09-06T20:11:22.445+01:00 INFO : 1 points above threshold
2026-09-06T20:11:22.451+01:00 INFO : Filtering template 72/96 segment 4/5
2026-09-06T20:11:22.510+01:00 INFO : 3 points above threshold
2026-09-06T20:11:22.520+01:00 INFO : Filtering template 72/96 segment 5/5
2026-09-06T20:11:22.579+01:00 INFO : 3 points above threshold
2026-09-06T20:11:22.590+01:00 INFO : 72: generating IMRPhenomD from 30.0 Hz
2026-09-06T20:11:22.592+01:00 INFO : Decompressing waveform using inline_linear
2026-09-06T20:11:22.833+01:00 INFO : Filtering template 73/96 segment 1/5
2026-09-06T20:11:22.903+01:00 INFO : 1 points above threshold
2026-09-06T20:11:22.921+01:00 INFO : Filtering template 73/96 segment 2/5
2026-09-06T20:11:22.981+01:00 INFO : 1 points above threshold
2026-09-06T20:11:22.987+01:00 INFO : Filtering template 73/96 segment 3/5
2026-09-06T20:11:23.046+01:00 INFO : 1 points above threshold
2026-09-06T20:11:23.052+01:00 INFO : Filtering template 73/96 segment 4/5
2026-09-06T20:11:23.111+01:00 INFO : Filtering template 73/96 segment 5/5
2026-09-06T20:11:23.171+01:00 INFO : 1 points above threshold
2026-09-06T20:11:23.177+01:00 INFO : 73: generating IMRPhenomD from 30.0 Hz
2026-09-06T20:11:23.179+01:00 INFO : Decompressing waveform using inline_linear
2026-09-06T20:11:23.432+01:00 INFO : Filtering template 74/96 segment 1/5
2026-09-06T20:11:23.502+01:00 INFO : 3 points above threshold
2026-09-06T20:11:23.525+01:00 INFO : Filtering template 74/96 segment 2/5
2026-09-06T20:11:23.584+01:00 INFO : 3 points above threshold
2026-09-06T20:11:23.594+01:00 INFO : Filtering template 74/96 segment 3/5
2026-09-06T20:11:23.653+01:00 INFO : Filtering template 74/96 segment 4/5
2026-09-06T20:11:23.712+01:00 INFO : 1 points above threshold
2026-09-06T20:11:23.718+01:00 INFO : Filtering template 74/96 segment 5/5
2026-09-06T20:11:23.778+01:00 INFO : 74: generating IMRPhenomD from 30.0 Hz
2026-09-06T20:11:23.780+01:00 INFO : Decompressing waveform using inline_linear
2026-09-06T20:11:24.035+01:00 INFO : Filtering template 75/96 segment 1/5
2026-09-06T20:11:24.105+01:00 INFO : Filtering template 75/96 segment 2/5
2026-09-06T20:11:24.164+01:00 INFO : 1 points above threshold
2026-09-06T20:11:24.186+01:00 INFO : Filtering template 75/96 segment 3/5
2026-09-06T20:11:24.251+01:00 INFO : 2 points above threshold
2026-09-06T20:11:24.260+01:00 INFO : Filtering template 75/96 segment 4/5
2026-09-06T20:11:24.320+01:00 INFO : Filtering template 75/96 segment 5/5
2026-09-06T20:11:24.379+01:00 INFO : 2 points above threshold
2026-09-06T20:11:24.387+01:00 INFO : 75: generating IMRPhenomD from 30.0 Hz
2026-09-06T20:11:24.389+01:00 INFO : Decompressing waveform using inline_linear
2026-09-06T20:11:24.656+01:00 INFO : Filtering template 76/96 segment 1/5
2026-09-06T20:11:24.725+01:00 INFO : 1 points above threshold
2026-09-06T20:11:24.744+01:00 INFO : Filtering template 76/96 segment 2/5
2026-09-06T20:11:24.803+01:00 INFO : Filtering template 76/96 segment 3/5
2026-09-06T20:11:24.863+01:00 INFO : 1 points above threshold
2026-09-06T20:11:24.869+01:00 INFO : Filtering template 76/96 segment 4/5
2026-09-06T20:11:24.928+01:00 INFO : Filtering template 76/96 segment 5/5
2026-09-06T20:11:24.987+01:00 INFO : 2 points above threshold
2026-09-06T20:11:24.995+01:00 INFO : 76: generating IMRPhenomD from 30.0 Hz
2026-09-06T20:11:24.997+01:00 INFO : Decompressing waveform using inline_linear
2026-09-06T20:11:25.263+01:00 INFO : Filtering template 77/96 segment 1/5
2026-09-06T20:11:25.332+01:00 INFO : Filtering template 77/96 segment 2/5
2026-09-06T20:11:25.391+01:00 INFO : 1 points above threshold
2026-09-06T20:11:25.410+01:00 INFO : Filtering template 77/96 segment 3/5
2026-09-06T20:11:25.469+01:00 INFO : Filtering template 77/96 segment 4/5
2026-09-06T20:11:25.529+01:00 INFO : 1 points above threshold
2026-09-06T20:11:25.535+01:00 INFO : Filtering template 77/96 segment 5/5
2026-09-06T20:11:25.594+01:00 INFO : 77: generating IMRPhenomD from 30.0 Hz
2026-09-06T20:11:25.597+01:00 INFO : Decompressing waveform using inline_linear
2026-09-06T20:11:25.874+01:00 INFO : Filtering template 78/96 segment 1/5
2026-09-06T20:11:25.945+01:00 INFO : Filtering template 78/96 segment 2/5
2026-09-06T20:11:26.004+01:00 INFO : Filtering template 78/96 segment 3/5
2026-09-06T20:11:26.063+01:00 INFO : Filtering template 78/96 segment 4/5
2026-09-06T20:11:26.123+01:00 INFO : 1 points above threshold
2026-09-06T20:11:26.141+01:00 INFO : Filtering template 78/96 segment 5/5
2026-09-06T20:11:26.200+01:00 INFO : 78: generating IMRPhenomD from 30.0 Hz
2026-09-06T20:11:26.203+01:00 INFO : Decompressing waveform using inline_linear
2026-09-06T20:11:26.488+01:00 INFO : Filtering template 79/96 segment 1/5
2026-09-06T20:11:26.557+01:00 INFO : 2 points above threshold
2026-09-06T20:11:26.578+01:00 INFO : Filtering template 79/96 segment 2/5
2026-09-06T20:11:26.637+01:00 INFO : Filtering template 79/96 segment 3/5
2026-09-06T20:11:26.696+01:00 INFO : 1 points above threshold
2026-09-06T20:11:26.702+01:00 INFO : Filtering template 79/96 segment 4/5
2026-09-06T20:11:26.762+01:00 INFO : 1 points above threshold
2026-09-06T20:11:26.768+01:00 INFO : Filtering template 79/96 segment 5/5
2026-09-06T20:11:26.827+01:00 INFO : 3 points above threshold
2026-09-06T20:11:26.837+01:00 INFO : 79: generating IMRPhenomD from 30.0 Hz
2026-09-06T20:11:26.840+01:00 INFO : Decompressing waveform using inline_linear
2026-09-06T20:11:27.131+01:00 INFO : Filtering template 80/96 segment 1/5
2026-09-06T20:11:27.200+01:00 INFO : 2 points above threshold
2026-09-06T20:11:27.226+01:00 INFO : Filtering template 80/96 segment 2/5
2026-09-06T20:11:27.285+01:00 INFO : 1 points above threshold
2026-09-06T20:11:27.291+01:00 INFO : Filtering template 80/96 segment 3/5
2026-09-06T20:11:27.350+01:00 INFO : 1 points above threshold
2026-09-06T20:11:27.356+01:00 INFO : Filtering template 80/96 segment 4/5
2026-09-06T20:11:27.415+01:00 INFO : Filtering template 80/96 segment 5/5
2026-09-06T20:11:27.474+01:00 INFO : 1 points above threshold
2026-09-06T20:11:27.480+01:00 INFO : 80: generating IMRPhenomD from 30.0 Hz
2026-09-06T20:11:27.483+01:00 INFO : Decompressing waveform using inline_linear
2026-09-06T20:11:27.778+01:00 INFO : Filtering template 81/96 segment 1/5
2026-09-06T20:11:27.847+01:00 INFO : 1 points above threshold
2026-09-06T20:11:27.874+01:00 INFO : Filtering template 81/96 segment 2/5
2026-09-06T20:11:27.933+01:00 INFO : 2 points above threshold
2026-09-06T20:11:27.941+01:00 INFO : Filtering template 81/96 segment 3/5
2026-09-06T20:11:28.000+01:00 INFO : 1 points above threshold
2026-09-06T20:11:28.006+01:00 INFO : Filtering template 81/96 segment 4/5
2026-09-06T20:11:28.065+01:00 INFO : Filtering template 81/96 segment 5/5
2026-09-06T20:11:28.124+01:00 INFO : 1 points above threshold
2026-09-06T20:11:28.131+01:00 INFO : 81: generating IMRPhenomD from 30.0 Hz
2026-09-06T20:11:28.133+01:00 INFO : Decompressing waveform using inline_linear
2026-09-06T20:11:28.437+01:00 INFO : Filtering template 82/96 segment 1/5
2026-09-06T20:11:28.511+01:00 INFO : Filtering template 82/96 segment 2/5
2026-09-06T20:11:28.570+01:00 INFO : 2 points above threshold
2026-09-06T20:11:28.599+01:00 INFO : Filtering template 82/96 segment 3/5
2026-09-06T20:11:28.658+01:00 INFO : 1 points above threshold
2026-09-06T20:11:28.664+01:00 INFO : Filtering template 82/96 segment 4/5
2026-09-06T20:11:28.723+01:00 INFO : Filtering template 82/96 segment 5/5
2026-09-06T20:11:28.783+01:00 INFO : 82: generating IMRPhenomD from 30.0 Hz
2026-09-06T20:11:28.786+01:00 INFO : Decompressing waveform using inline_linear
2026-09-06T20:11:29.091+01:00 INFO : Filtering template 83/96 segment 1/5
2026-09-06T20:11:29.167+01:00 INFO : 1 points above threshold
2026-09-06T20:11:29.194+01:00 INFO : Filtering template 83/96 segment 2/5
2026-09-06T20:11:29.253+01:00 INFO : 2 points above threshold
2026-09-06T20:11:29.261+01:00 INFO : Filtering template 83/96 segment 3/5
2026-09-06T20:11:29.325+01:00 INFO : 2 points above threshold
2026-09-06T20:11:29.334+01:00 INFO : Filtering template 83/96 segment 4/5
2026-09-06T20:11:29.394+01:00 INFO : 3 points above threshold
2026-09-06T20:11:29.403+01:00 INFO : Filtering template 83/96 segment 5/5
2026-09-06T20:11:29.462+01:00 INFO : 3 points above threshold
2026-09-06T20:11:29.473+01:00 INFO : 83: generating IMRPhenomD from 30.0 Hz
2026-09-06T20:11:29.475+01:00 INFO : Decompressing waveform using inline_linear
2026-09-06T20:11:29.726+01:00 INFO : Filtering template 84/96 segment 1/5
2026-09-06T20:11:29.795+01:00 INFO : Filtering template 84/96 segment 2/5
2026-09-06T20:11:29.854+01:00 INFO : Filtering template 84/96 segment 3/5
2026-09-06T20:11:29.914+01:00 INFO : 1 points above threshold
2026-09-06T20:11:29.932+01:00 INFO : Filtering template 84/96 segment 4/5
2026-09-06T20:11:29.992+01:00 INFO : 3 points above threshold
2026-09-06T20:11:30.002+01:00 INFO : Filtering template 84/96 segment 5/5
2026-09-06T20:11:30.061+01:00 INFO : 84: generating IMRPhenomD from 30.0 Hz
2026-09-06T20:11:30.064+01:00 INFO : Decompressing waveform using inline_linear
2026-09-06T20:11:30.330+01:00 INFO : Filtering template 85/96 segment 1/5
2026-09-06T20:11:30.399+01:00 INFO : 1 points above threshold
2026-09-06T20:11:30.418+01:00 INFO : Filtering template 85/96 segment 2/5
2026-09-06T20:11:30.477+01:00 INFO : 2 points above threshold
2026-09-06T20:11:30.485+01:00 INFO : Filtering template 85/96 segment 3/5
2026-09-06T20:11:30.544+01:00 INFO : 1 points above threshold
2026-09-06T20:11:30.550+01:00 INFO : Filtering template 85/96 segment 4/5
2026-09-06T20:11:30.610+01:00 INFO : 3 points above threshold
2026-09-06T20:11:30.619+01:00 INFO : Filtering template 85/96 segment 5/5
2026-09-06T20:11:30.679+01:00 INFO : 2 points above threshold
2026-09-06T20:11:30.687+01:00 INFO : 85: generating IMRPhenomD from 30.0 Hz
2026-09-06T20:11:30.689+01:00 INFO : Decompressing waveform using inline_linear
2026-09-06T20:11:30.956+01:00 INFO : Filtering template 86/96 segment 1/5
2026-09-06T20:11:31.026+01:00 INFO : 2 points above threshold
2026-09-06T20:11:31.046+01:00 INFO : Filtering template 86/96 segment 2/5
2026-09-06T20:11:31.105+01:00 INFO : 2 points above threshold
2026-09-06T20:11:31.113+01:00 INFO : Filtering template 86/96 segment 3/5
2026-09-06T20:11:31.172+01:00 INFO : 1 points above threshold
2026-09-06T20:11:31.178+01:00 INFO : Filtering template 86/96 segment 4/5
2026-09-06T20:11:31.237+01:00 INFO : 1 points above threshold
2026-09-06T20:11:31.243+01:00 INFO : Filtering template 86/96 segment 5/5
2026-09-06T20:11:31.302+01:00 INFO : 2 points above threshold
2026-09-06T20:11:31.310+01:00 INFO : 86: generating IMRPhenomD from 30.0 Hz
2026-09-06T20:11:31.313+01:00 INFO : Decompressing waveform using inline_linear
2026-09-06T20:11:31.579+01:00 INFO : Filtering template 87/96 segment 1/5
2026-09-06T20:11:31.648+01:00 INFO : 1 points above threshold
2026-09-06T20:11:31.667+01:00 INFO : Filtering template 87/96 segment 2/5
2026-09-06T20:11:31.726+01:00 INFO : 2 points above threshold
2026-09-06T20:11:31.734+01:00 INFO : Filtering template 87/96 segment 3/5
2026-09-06T20:11:31.793+01:00 INFO : 1 points above threshold
2026-09-06T20:11:31.799+01:00 INFO : Filtering template 87/96 segment 4/5
2026-09-06T20:11:31.858+01:00 INFO : 1 points above threshold
2026-09-06T20:11:31.864+01:00 INFO : Filtering template 87/96 segment 5/5
2026-09-06T20:11:31.924+01:00 INFO : 1 points above threshold
2026-09-06T20:11:31.930+01:00 INFO : 87: generating IMRPhenomD from 30.0 Hz
2026-09-06T20:11:31.932+01:00 INFO : Decompressing waveform using inline_linear
2026-09-06T20:11:32.212+01:00 INFO : Filtering template 88/96 segment 1/5
2026-09-06T20:11:32.281+01:00 INFO : 2 points above threshold
2026-09-06T20:11:32.302+01:00 INFO : Filtering template 88/96 segment 2/5
2026-09-06T20:11:32.361+01:00 INFO : 1 points above threshold
2026-09-06T20:11:32.367+01:00 INFO : Filtering template 88/96 segment 3/5
2026-09-06T20:11:32.427+01:00 INFO : Filtering template 88/96 segment 4/5
2026-09-06T20:11:32.486+01:00 INFO : Filtering template 88/96 segment 5/5
2026-09-06T20:11:32.545+01:00 INFO : 2 points above threshold
2026-09-06T20:11:32.553+01:00 INFO : 88: generating IMRPhenomD from 30.0 Hz
2026-09-06T20:11:32.556+01:00 INFO : Decompressing waveform using inline_linear
2026-09-06T20:11:32.834+01:00 INFO : Filtering template 89/96 segment 1/5
2026-09-06T20:11:32.904+01:00 INFO : 2 points above threshold
2026-09-06T20:11:32.925+01:00 INFO : Filtering template 89/96 segment 2/5
2026-09-06T20:11:32.984+01:00 INFO : 1 points above threshold
2026-09-06T20:11:32.990+01:00 INFO : Filtering template 89/96 segment 3/5
2026-09-06T20:11:33.065+01:00 INFO : 2 points above threshold
2026-09-06T20:11:33.076+01:00 INFO : Filtering template 89/96 segment 4/5
2026-09-06T20:11:33.142+01:00 INFO : Filtering template 89/96 segment 5/5
2026-09-06T20:11:33.201+01:00 INFO : 89: generating IMRPhenomD from 30.0 Hz
2026-09-06T20:11:33.204+01:00 INFO : Decompressing waveform using inline_linear
2026-09-06T20:11:33.483+01:00 INFO : Filtering template 90/96 segment 1/5
2026-09-06T20:11:33.552+01:00 INFO : Filtering template 90/96 segment 2/5
2026-09-06T20:11:33.611+01:00 INFO : 1 points above threshold
2026-09-06T20:11:33.630+01:00 INFO : Filtering template 90/96 segment 3/5
2026-09-06T20:11:33.689+01:00 INFO : 3 points above threshold
2026-09-06T20:11:33.699+01:00 INFO : Filtering template 90/96 segment 4/5
2026-09-06T20:11:33.758+01:00 INFO : Filtering template 90/96 segment 5/5
2026-09-06T20:11:33.817+01:00 INFO : 1 points above threshold
2026-09-06T20:11:33.823+01:00 INFO : 90: generating IMRPhenomD from 30.0 Hz
2026-09-06T20:11:33.826+01:00 INFO : Decompressing waveform using inline_linear
2026-09-06T20:11:34.126+01:00 INFO : Filtering template 91/96 segment 1/5
2026-09-06T20:11:34.195+01:00 INFO : Filtering template 91/96 segment 2/5
2026-09-06T20:11:34.254+01:00 INFO : 2 points above threshold
2026-09-06T20:11:34.280+01:00 INFO : Filtering template 91/96 segment 3/5
2026-09-06T20:11:34.339+01:00 INFO : 3 points above threshold
2026-09-06T20:11:34.349+01:00 INFO : Filtering template 91/96 segment 4/5
2026-09-06T20:11:34.413+01:00 INFO : Filtering template 91/96 segment 5/5
2026-09-06T20:11:34.477+01:00 INFO : 1 points above threshold
2026-09-06T20:11:34.483+01:00 INFO : 91: generating IMRPhenomD from 30.0 Hz
2026-09-06T20:11:34.486+01:00 INFO : Decompressing waveform using inline_linear
2026-09-06T20:11:34.779+01:00 INFO : Filtering template 92/96 segment 1/5
2026-09-06T20:11:34.849+01:00 INFO : 2 points above threshold
2026-09-06T20:11:34.877+01:00 INFO : Filtering template 92/96 segment 2/5
2026-09-06T20:11:34.937+01:00 INFO : 1 points above threshold
2026-09-06T20:11:34.943+01:00 INFO : Filtering template 92/96 segment 3/5
2026-09-06T20:11:35.002+01:00 INFO : 2 points above threshold
2026-09-06T20:11:35.010+01:00 INFO : Filtering template 92/96 segment 4/5
2026-09-06T20:11:35.069+01:00 INFO : 1 points above threshold
2026-09-06T20:11:35.075+01:00 INFO : Filtering template 92/96 segment 5/5
2026-09-06T20:11:35.133+01:00 INFO : 1 points above threshold
2026-09-06T20:11:35.140+01:00 INFO : 92: generating IMRPhenomD from 30.0 Hz
2026-09-06T20:11:35.142+01:00 INFO : Decompressing waveform using inline_linear
2026-09-06T20:11:35.432+01:00 INFO : Filtering template 93/96 segment 1/5
2026-09-06T20:11:35.502+01:00 INFO : Filtering template 93/96 segment 2/5
2026-09-06T20:11:35.561+01:00 INFO : 3 points above threshold
2026-09-06T20:11:35.594+01:00 INFO : Filtering template 93/96 segment 3/5
2026-09-06T20:11:35.653+01:00 INFO : 3 points above threshold
2026-09-06T20:11:35.663+01:00 INFO : Filtering template 93/96 segment 4/5
2026-09-06T20:11:35.722+01:00 INFO : 1 points above threshold
2026-09-06T20:11:35.728+01:00 INFO : Filtering template 93/96 segment 5/5
2026-09-06T20:11:35.787+01:00 INFO : 1 points above threshold
2026-09-06T20:11:35.794+01:00 INFO : 93: generating IMRPhenomD from 30.0 Hz
2026-09-06T20:11:35.796+01:00 INFO : Decompressing waveform using inline_linear
2026-09-06T20:11:36.099+01:00 INFO : Filtering template 94/96 segment 1/5
2026-09-06T20:11:36.176+01:00 INFO : 1 points above threshold
2026-09-06T20:11:36.202+01:00 INFO : Filtering template 94/96 segment 2/5
2026-09-06T20:11:36.262+01:00 INFO : 2 points above threshold
2026-09-06T20:11:36.269+01:00 INFO : Filtering template 94/96 segment 3/5
2026-09-06T20:11:36.329+01:00 INFO : 4 points above threshold
2026-09-06T20:11:36.338+01:00 INFO : Filtering template 94/96 segment 4/5
2026-09-06T20:11:36.398+01:00 INFO : Filtering template 94/96 segment 5/5
2026-09-06T20:11:36.457+01:00 INFO : 2 points above threshold
2026-09-06T20:11:36.465+01:00 INFO : 94: generating IMRPhenomD from 30.0 Hz
2026-09-06T20:11:36.468+01:00 INFO : Decompressing waveform using inline_linear
2026-09-06T20:11:36.768+01:00 INFO : Filtering template 95/96 segment 1/5
2026-09-06T20:11:36.850+01:00 INFO : 3 points above threshold
2026-09-06T20:11:36.881+01:00 INFO : Filtering template 95/96 segment 2/5
2026-09-06T20:11:36.940+01:00 INFO : 2 points above threshold
2026-09-06T20:11:36.948+01:00 INFO : Filtering template 95/96 segment 3/5
2026-09-06T20:11:37.008+01:00 INFO : 2 points above threshold
2026-09-06T20:11:37.016+01:00 INFO : Filtering template 95/96 segment 4/5
2026-09-06T20:11:37.076+01:00 INFO : 1 points above threshold
2026-09-06T20:11:37.082+01:00 INFO : Filtering template 95/96 segment 5/5
2026-09-06T20:11:37.141+01:00 INFO : 95: generating IMRPhenomD from 30.0 Hz
2026-09-06T20:11:37.144+01:00 INFO : Decompressing waveform using inline_linear
2026-09-06T20:11:37.444+01:00 INFO : Filtering template 96/96 segment 1/5
2026-09-06T20:11:37.526+01:00 INFO : 2 points above threshold
2026-09-06T20:11:37.555+01:00 INFO : Filtering template 96/96 segment 2/5
2026-09-06T20:11:37.614+01:00 INFO : Filtering template 96/96 segment 3/5
2026-09-06T20:11:37.674+01:00 INFO : Filtering template 96/96 segment 4/5
2026-09-06T20:11:37.733+01:00 INFO : 1 points above threshold
2026-09-06T20:11:37.739+01:00 INFO : Filtering template 96/96 segment 5/5
2026-09-06T20:11:37.798+01:00 INFO : We currently have 527 triggers
2026-09-06T20:11:37.799+01:00 INFO : Removing triggers with NewSNR below threshold
2026-09-06T20:11:37.799+01:00 INFO : 475 remaining triggers
2026-09-06T20:11:37.799+01:00 INFO : Outputting 475 triggers
2026-09-06T20:11:37.799+01:00 INFO : Writing out triggers
2026-09-06T20:11:37.809+01:00 INFO : Finished
