2026-09-06T15:34:00.664143+00:00 Waiting for /home/xangma/pycbc-torch-performance-fix-20260906/postchecks/postcheck-status.json; host len; PID 1616783; stop: kill -TERM 1616783; next check in 30 seconds
2026-09-06T16:01:01.476032+00:00 Starting verify-bundle: git -C /home/xangma/pycbc-torch-performance-fix-20260906/baseline bundle verify /home/xangma/pycbc-torch-performance-fix-20260906/dependent-sources-v2.bundle; cwd /home/xangma/pycbc-torch-performance-fix-20260906; log /home/xangma/pycbc-torch-performance-fix-20260906/accelerator-refinement/logs/verify-bundle.log
2026-09-06T16:01:01.490640+00:00 Starting setup-candidate-v2-1: git clone --no-hardlinks --no-checkout /home/xangma/pycbc-torch-performance-fix-20260906/baseline /home/xangma/pycbc-torch-performance-fix-20260906/candidate-v2; cwd /home/xangma/pycbc-torch-performance-fix-20260906; log /home/xangma/pycbc-torch-performance-fix-20260906/accelerator-refinement/logs/setup-candidate-v2-1.log
2026-09-06T16:01:01.609992+00:00 Starting setup-candidate-v2-2: git -C /home/xangma/pycbc-torch-performance-fix-20260906/candidate-v2 fetch /home/xangma/pycbc-torch-performance-fix-20260906/dependent-sources-v2.bundle '+refs/heads/*:refs/remotes/bundle/*'; cwd /home/xangma/pycbc-torch-performance-fix-20260906; log /home/xangma/pycbc-torch-performance-fix-20260906/accelerator-refinement/logs/setup-candidate-v2-2.log
2026-09-06T16:01:01.729600+00:00 Starting setup-candidate-v2-3: git -C /home/xangma/pycbc-torch-performance-fix-20260906/candidate-v2 checkout --detach 0d00581251e642a5d6b56b2497a9adad93069e6b; cwd /home/xangma/pycbc-torch-performance-fix-20260906; log /home/xangma/pycbc-torch-performance-fix-20260906/accelerator-refinement/logs/setup-candidate-v2-3.log
2026-09-06T16:01:02.785443+00:00 Starting setup-fft-candidate-v2-1: git clone --no-hardlinks --no-checkout /home/xangma/pycbc-torch-performance-fix-20260906/baseline /home/xangma/pycbc-torch-performance-fix-20260906/fft-candidate-v2; cwd /home/xangma/pycbc-torch-performance-fix-20260906; log /home/xangma/pycbc-torch-performance-fix-20260906/accelerator-refinement/logs/setup-fft-candidate-v2-1.log
2026-09-06T16:01:02.904664+00:00 Starting setup-fft-candidate-v2-2: git -C /home/xangma/pycbc-torch-performance-fix-20260906/fft-candidate-v2 fetch /home/xangma/pycbc-torch-performance-fix-20260906/dependent-sources-v2.bundle '+refs/heads/*:refs/remotes/bundle/*'; cwd /home/xangma/pycbc-torch-performance-fix-20260906; log /home/xangma/pycbc-torch-performance-fix-20260906/accelerator-refinement/logs/setup-fft-candidate-v2-2.log
2026-09-06T16:01:03.024817+00:00 Starting setup-fft-candidate-v2-3: git -C /home/xangma/pycbc-torch-performance-fix-20260906/fft-candidate-v2 checkout --detach c3202b4b0b681a1ace527d1e6231c47470856ba6; cwd /home/xangma/pycbc-torch-performance-fix-20260906; log /home/xangma/pycbc-torch-performance-fix-20260906/accelerator-refinement/logs/setup-fft-candidate-v2-3.log
2026-09-06T16:01:04.302818+00:00 Starting setup-cpu-candidate-v2-1: git clone --no-hardlinks --no-checkout /home/xangma/pycbc-torch-performance-fix-20260906/baseline /home/xangma/pycbc-torch-performance-fix-20260906/cpu-candidate-v2; cwd /home/xangma/pycbc-torch-performance-fix-20260906; log /home/xangma/pycbc-torch-performance-fix-20260906/accelerator-refinement/logs/setup-cpu-candidate-v2-1.log
2026-09-06T16:01:04.421998+00:00 Starting setup-cpu-candidate-v2-2: git -C /home/xangma/pycbc-torch-performance-fix-20260906/cpu-candidate-v2 fetch /home/xangma/pycbc-torch-performance-fix-20260906/dependent-sources-v2.bundle '+refs/heads/*:refs/remotes/bundle/*'; cwd /home/xangma/pycbc-torch-performance-fix-20260906; log /home/xangma/pycbc-torch-performance-fix-20260906/accelerator-refinement/logs/setup-cpu-candidate-v2-2.log
2026-09-06T16:01:04.542485+00:00 Starting setup-cpu-candidate-v2-3: git -C /home/xangma/pycbc-torch-performance-fix-20260906/cpu-candidate-v2 checkout --detach 665fa5a0f41946c0c2873d8a79a16c8b6975a090; cwd /home/xangma/pycbc-torch-performance-fix-20260906; log /home/xangma/pycbc-torch-performance-fix-20260906/accelerator-refinement/logs/setup-cpu-candidate-v2-3.log
2026-09-06T16:01:07.954279+00:00 Refinement failed; status: /home/xangma/pycbc-torch-performance-fix-20260906/accelerator-refinement/status.json
Traceback (most recent call last):
  File "/home/xangma/pycbc-torch-performance-fix-20260906/run-accelerator-refinement.py", line 998, in <module>
    main()
  File "/home/xangma/pycbc-torch-performance-fix-20260906/run-accelerator-refinement.py", line 994, in main
    Runner(args).run()
  File "/home/xangma/pycbc-torch-performance-fix-20260906/run-accelerator-refinement.py", line 921, in run
    self.prepare()
  File "/home/xangma/pycbc-torch-performance-fix-20260906/run-accelerator-refinement.py", line 776, in prepare
    require(
  File "/home/xangma/pycbc-torch-performance-fix-20260906/run-accelerator-refinement.py", line 109, in require
    raise RuntimeError(message)
RuntimeError: Harness differs: cpu-candidate: tools/bench_production_live_batch.py
