2026-09-06T19:30:29.797+01:00 INFO : Running with Torch support on device cuda:0
2026-09-06T19:30:29.797+01:00 INFO : Reading Frames
2026-09-06T19:30:36.496+01:00 INFO : Highpass Filtering
2026-09-06T19:30:36.950+01:00 INFO : Resampling data
2026-09-06T19:30:36.960+01:00 INFO : Converting to float32
/home/xangma/pycbc-torch-inspiral-reference-20260906/source-v4/pycbc/types/array.py:872: RuntimeWarning: divide by zero encountered in divide
  return self._data.__rtruediv__(other)
2026-09-06T19:30:42.036+01:00 INFO : Highpass Filtering
2026-09-06T19:30:42.492+01:00 INFO : Remove Padding
2026-09-06T19:30:42.518+01:00 INFO : Making frequency-domain data segments
2026-09-06T19:30:43.201+01:00 INFO : Overwhitening frequency-domain data segments
2026-09-06T19:30:43.202+01:00 INFO : Read in template bank
2026-09-06T19:30:43.214+01:00 INFO : Full template bank size: 96
2026-09-06T19:30:43.214+01:00 INFO : Template bank size after thinning: 96
2026-09-06T19:30:43.214+01:00 INFO : 0: generating IMRPhenomD from 30.0 Hz
2026-09-06T19:30:43.215+01:00 INFO : Decompressing waveform using inline_linear
2026-09-06T19:30:43.397+01:00 INFO : Filtering template 1/96 segment 1/5
2026-09-06T19:30:43.883+01:00 INFO : 1 points above threshold
2026-09-06T19:30:43.901+01:00 INFO : Filtering template 1/96 segment 2/5
2026-09-06T19:30:43.902+01:00 INFO : Filtering template 1/96 segment 3/5
2026-09-06T19:30:43.902+01:00 INFO : 1 points above threshold
2026-09-06T19:30:43.905+01:00 INFO : Filtering template 1/96 segment 4/5
2026-09-06T19:30:43.906+01:00 INFO : Filtering template 1/96 segment 5/5
2026-09-06T19:30:43.906+01:00 INFO : 1 points above threshold
2026-09-06T19:30:43.909+01:00 INFO : 1: generating IMRPhenomD from 30.0 Hz
2026-09-06T19:30:43.911+01:00 INFO : Decompressing waveform using inline_linear
2026-09-06T19:30:43.913+01:00 INFO : Filtering template 2/96 segment 1/5
2026-09-06T19:30:43.914+01:00 INFO : 1 points above threshold
2026-09-06T19:30:43.917+01:00 INFO : Filtering template 2/96 segment 2/5
2026-09-06T19:30:43.917+01:00 INFO : 1 points above threshold
2026-09-06T19:30:43.920+01:00 INFO : Filtering template 2/96 segment 3/5
2026-09-06T19:30:43.920+01:00 INFO : 2 points above threshold
2026-09-06T19:30:43.927+01:00 INFO : Filtering template 2/96 segment 4/5
2026-09-06T19:30:43.928+01:00 INFO : Filtering template 2/96 segment 5/5
2026-09-06T19:30:43.928+01:00 INFO : 1 points above threshold
2026-09-06T19:30:43.931+01:00 INFO : 2: generating IMRPhenomD from 30.0 Hz
2026-09-06T19:30:43.933+01:00 INFO : Decompressing waveform using inline_linear
2026-09-06T19:30:43.934+01:00 INFO : Filtering template 3/96 segment 1/5
2026-09-06T19:30:43.935+01:00 INFO : 3 points above threshold
2026-09-06T19:30:43.940+01:00 INFO : Filtering template 3/96 segment 2/5
2026-09-06T19:30:43.940+01:00 INFO : Filtering template 3/96 segment 3/5
2026-09-06T19:30:43.941+01:00 INFO : 1 points above threshold
2026-09-06T19:30:43.943+01:00 INFO : Filtering template 3/96 segment 4/5
2026-09-06T19:30:43.944+01:00 INFO : 1 points above threshold
2026-09-06T19:30:43.946+01:00 INFO : Filtering template 3/96 segment 5/5
2026-09-06T19:30:43.947+01:00 INFO : 3: generating IMRPhenomD from 30.0 Hz
2026-09-06T19:30:43.948+01:00 INFO : Decompressing waveform using inline_linear
2026-09-06T19:30:43.950+01:00 INFO : Filtering template 4/96 segment 1/5
2026-09-06T19:30:43.951+01:00 INFO : 1 points above threshold
2026-09-06T19:30:43.954+01:00 INFO : Filtering template 4/96 segment 2/5
2026-09-06T19:30:43.954+01:00 INFO : 1 points above threshold
2026-09-06T19:30:43.957+01:00 INFO : Filtering template 4/96 segment 3/5
2026-09-06T19:30:43.957+01:00 INFO : 2 points above threshold
2026-09-06T19:30:43.961+01:00 INFO : Filtering template 4/96 segment 4/5
2026-09-06T19:30:43.961+01:00 INFO : 2 points above threshold
2026-09-06T19:30:43.965+01:00 INFO : Filtering template 4/96 segment 5/5
2026-09-06T19:30:43.965+01:00 INFO : 2 points above threshold
2026-09-06T19:30:43.969+01:00 INFO : 4: generating IMRPhenomD from 30.0 Hz
2026-09-06T19:30:43.971+01:00 INFO : Decompressing waveform using inline_linear
2026-09-06T19:30:43.972+01:00 INFO : Filtering template 5/96 segment 1/5
2026-09-06T19:30:43.973+01:00 INFO : 1 points above threshold
2026-09-06T19:30:43.976+01:00 INFO : Filtering template 5/96 segment 2/5
2026-09-06T19:30:43.977+01:00 INFO : 2 points above threshold
2026-09-06T19:30:43.980+01:00 INFO : Filtering template 5/96 segment 3/5
2026-09-06T19:30:43.981+01:00 INFO : 2 points above threshold
2026-09-06T19:30:43.984+01:00 INFO : Filtering template 5/96 segment 4/5
2026-09-06T19:30:43.984+01:00 INFO : 2 points above threshold
2026-09-06T19:30:43.988+01:00 INFO : Filtering template 5/96 segment 5/5
2026-09-06T19:30:43.989+01:00 INFO : 5: generating IMRPhenomD from 30.0 Hz
2026-09-06T19:30:43.990+01:00 INFO : Decompressing waveform using inline_linear
2026-09-06T19:30:43.992+01:00 INFO : Filtering template 6/96 segment 1/5
2026-09-06T19:30:43.993+01:00 INFO : 1 points above threshold
2026-09-06T19:30:43.996+01:00 INFO : Filtering template 6/96 segment 2/5
2026-09-06T19:30:43.996+01:00 INFO : Filtering template 6/96 segment 3/5
2026-09-06T19:30:43.997+01:00 INFO : Filtering template 6/96 segment 4/5
2026-09-06T19:30:43.997+01:00 INFO : Filtering template 6/96 segment 5/5
2026-09-06T19:30:43.998+01:00 INFO : 1 points above threshold
2026-09-06T19:30:44.000+01:00 INFO : 6: generating IMRPhenomD from 30.0 Hz
2026-09-06T19:30:44.002+01:00 INFO : Decompressing waveform using inline_linear
2026-09-06T19:30:44.003+01:00 INFO : Filtering template 7/96 segment 1/5
2026-09-06T19:30:44.004+01:00 INFO : 2 points above threshold
2026-09-06T19:30:44.008+01:00 INFO : Filtering template 7/96 segment 2/5
2026-09-06T19:30:44.009+01:00 INFO : Filtering template 7/96 segment 3/5
2026-09-06T19:30:44.009+01:00 INFO : Filtering template 7/96 segment 4/5
2026-09-06T19:30:44.010+01:00 INFO : 1 points above threshold
2026-09-06T19:30:44.012+01:00 INFO : Filtering template 7/96 segment 5/5
2026-09-06T19:30:44.013+01:00 INFO : 7: generating IMRPhenomD from 30.0 Hz
2026-09-06T19:30:44.014+01:00 INFO : Decompressing waveform using inline_linear
2026-09-06T19:30:44.016+01:00 INFO : Filtering template 8/96 segment 1/5
2026-09-06T19:30:44.017+01:00 INFO : 2 points above threshold
2026-09-06T19:30:44.021+01:00 INFO : Filtering template 8/96 segment 2/5
2026-09-06T19:30:44.022+01:00 INFO : 1 points above threshold
2026-09-06T19:30:44.024+01:00 INFO : Filtering template 8/96 segment 3/5
2026-09-06T19:30:44.025+01:00 INFO : 4 points above threshold
2026-09-06T19:30:44.028+01:00 INFO : Filtering template 8/96 segment 4/5
2026-09-06T19:30:44.028+01:00 INFO : Filtering template 8/96 segment 5/5
2026-09-06T19:30:44.029+01:00 INFO : 8: generating IMRPhenomD from 30.0 Hz
2026-09-06T19:30:44.031+01:00 INFO : Decompressing waveform using inline_linear
2026-09-06T19:30:44.032+01:00 INFO : Filtering template 9/96 segment 1/5
2026-09-06T19:30:44.033+01:00 INFO : Filtering template 9/96 segment 2/5
2026-09-06T19:30:44.034+01:00 INFO : 1 points above threshold
2026-09-06T19:30:44.037+01:00 INFO : Filtering template 9/96 segment 3/5
2026-09-06T19:30:44.037+01:00 INFO : 2 points above threshold
2026-09-06T19:30:44.041+01:00 INFO : Filtering template 9/96 segment 4/5
2026-09-06T19:30:44.041+01:00 INFO : 1 points above threshold
2026-09-06T19:30:44.044+01:00 INFO : Filtering template 9/96 segment 5/5
2026-09-06T19:30:44.044+01:00 INFO : 3 points above threshold
2026-09-06T19:30:44.048+01:00 INFO : 9: generating IMRPhenomD from 30.0 Hz
2026-09-06T19:30:44.050+01:00 INFO : Decompressing waveform using inline_linear
2026-09-06T19:30:44.051+01:00 INFO : Filtering template 10/96 segment 1/5
2026-09-06T19:30:44.052+01:00 INFO : 1 points above threshold
2026-09-06T19:30:44.055+01:00 INFO : Filtering template 10/96 segment 2/5
2026-09-06T19:30:44.056+01:00 INFO : 1 points above threshold
2026-09-06T19:30:44.058+01:00 INFO : Filtering template 10/96 segment 3/5
2026-09-06T19:30:44.059+01:00 INFO : Filtering template 10/96 segment 4/5
2026-09-06T19:30:44.059+01:00 INFO : 2 points above threshold
2026-09-06T19:30:44.063+01:00 INFO : Filtering template 10/96 segment 5/5
2026-09-06T19:30:44.063+01:00 INFO : 1 points above threshold
2026-09-06T19:30:44.066+01:00 INFO : 10: generating IMRPhenomD from 30.0 Hz
2026-09-06T19:30:44.067+01:00 INFO : Decompressing waveform using inline_linear
2026-09-06T19:30:44.069+01:00 INFO : Filtering template 11/96 segment 1/5
2026-09-06T19:30:44.070+01:00 INFO : 4 points above threshold
2026-09-06T19:30:44.074+01:00 INFO : Filtering template 11/96 segment 2/5
2026-09-06T19:30:44.075+01:00 INFO : 2 points above threshold
2026-09-06T19:30:44.078+01:00 INFO : Filtering template 11/96 segment 3/5
2026-09-06T19:30:44.079+01:00 INFO : 1 points above threshold
2026-09-06T19:30:44.081+01:00 INFO : Filtering template 11/96 segment 4/5
2026-09-06T19:30:44.081+01:00 INFO : Filtering template 11/96 segment 5/5
2026-09-06T19:30:44.082+01:00 INFO : 11: generating IMRPhenomD from 30.0 Hz
2026-09-06T19:30:44.084+01:00 INFO : Decompressing waveform using inline_linear
2026-09-06T19:30:44.085+01:00 INFO : Filtering template 12/96 segment 1/5
2026-09-06T19:30:44.086+01:00 INFO : 1 points above threshold
2026-09-06T19:30:44.089+01:00 INFO : Filtering template 12/96 segment 2/5
2026-09-06T19:30:44.090+01:00 INFO : 1 points above threshold
2026-09-06T19:30:44.092+01:00 INFO : Filtering template 12/96 segment 3/5
2026-09-06T19:30:44.093+01:00 INFO : 1 points above threshold
2026-09-06T19:30:44.095+01:00 INFO : Filtering template 12/96 segment 4/5
2026-09-06T19:30:44.096+01:00 INFO : 3 points above threshold
2026-09-06T19:30:44.099+01:00 INFO : Filtering template 12/96 segment 5/5
2026-09-06T19:30:44.100+01:00 INFO : 12: generating IMRPhenomD from 30.0 Hz
2026-09-06T19:30:44.101+01:00 INFO : Decompressing waveform using inline_linear
2026-09-06T19:30:44.103+01:00 INFO : Filtering template 13/96 segment 1/5
2026-09-06T19:30:44.104+01:00 INFO : Filtering template 13/96 segment 2/5
2026-09-06T19:30:44.104+01:00 INFO : 4 points above threshold
2026-09-06T19:30:44.108+01:00 INFO : Filtering template 13/96 segment 3/5
2026-09-06T19:30:44.109+01:00 INFO : Filtering template 13/96 segment 4/5
2026-09-06T19:30:44.109+01:00 INFO : Filtering template 13/96 segment 5/5
2026-09-06T19:30:44.110+01:00 INFO : 1 points above threshold
2026-09-06T19:30:44.113+01:00 INFO : 13: generating IMRPhenomD from 30.0 Hz
2026-09-06T19:30:44.114+01:00 INFO : Decompressing waveform using inline_linear
2026-09-06T19:30:44.116+01:00 INFO : Filtering template 14/96 segment 1/5
2026-09-06T19:30:44.117+01:00 INFO : 1 points above threshold
2026-09-06T19:30:44.120+01:00 INFO : Filtering template 14/96 segment 2/5
2026-09-06T19:30:44.120+01:00 INFO : 2 points above threshold
2026-09-06T19:30:44.123+01:00 INFO : Filtering template 14/96 segment 3/5
2026-09-06T19:30:44.124+01:00 INFO : 3 points above threshold
2026-09-06T19:30:44.127+01:00 INFO : Filtering template 14/96 segment 4/5
2026-09-06T19:30:44.127+01:00 INFO : 2 points above threshold
2026-09-06T19:30:44.130+01:00 INFO : Filtering template 14/96 segment 5/5
2026-09-06T19:30:44.131+01:00 INFO : 14: generating IMRPhenomD from 30.0 Hz
2026-09-06T19:30:44.132+01:00 INFO : Decompressing waveform using inline_linear
2026-09-06T19:30:44.134+01:00 INFO : Filtering template 15/96 segment 1/5
2026-09-06T19:30:44.135+01:00 INFO : 1 points above threshold
2026-09-06T19:30:44.138+01:00 INFO : Filtering template 15/96 segment 2/5
2026-09-06T19:30:44.139+01:00 INFO : Filtering template 15/96 segment 3/5
2026-09-06T19:30:44.139+01:00 INFO : 1 points above threshold
2026-09-06T19:30:44.141+01:00 INFO : Filtering template 15/96 segment 4/5
2026-09-06T19:30:44.142+01:00 INFO : 1 points above threshold
2026-09-06T19:30:44.144+01:00 INFO : Filtering template 15/96 segment 5/5
2026-09-06T19:30:44.145+01:00 INFO : 3 points above threshold
2026-09-06T19:30:44.149+01:00 INFO : 15: generating IMRPhenomD from 30.0 Hz
2026-09-06T19:30:44.150+01:00 INFO : Decompressing waveform using inline_linear
2026-09-06T19:30:44.152+01:00 INFO : Filtering template 16/96 segment 1/5
2026-09-06T19:30:44.153+01:00 INFO : 1 points above threshold
2026-09-06T19:30:44.156+01:00 INFO : Filtering template 16/96 segment 2/5
2026-09-06T19:30:44.156+01:00 INFO : 2 points above threshold
2026-09-06T19:30:44.159+01:00 INFO : Filtering template 16/96 segment 3/5
2026-09-06T19:30:44.160+01:00 INFO : 3 points above threshold
2026-09-06T19:30:44.163+01:00 INFO : Filtering template 16/96 segment 4/5
2026-09-06T19:30:44.163+01:00 INFO : 2 points above threshold
2026-09-06T19:30:44.167+01:00 INFO : Filtering template 16/96 segment 5/5
2026-09-06T19:30:44.168+01:00 INFO : 16: generating IMRPhenomD from 30.0 Hz
2026-09-06T19:30:44.169+01:00 INFO : Decompressing waveform using inline_linear
2026-09-06T19:30:44.171+01:00 INFO : Filtering template 17/96 segment 1/5
2026-09-06T19:30:44.172+01:00 INFO : 2 points above threshold
2026-09-06T19:30:44.175+01:00 INFO : Filtering template 17/96 segment 2/5
2026-09-06T19:30:44.175+01:00 INFO : 3 points above threshold
2026-09-06T19:30:44.178+01:00 INFO : Filtering template 17/96 segment 3/5
2026-09-06T19:30:44.179+01:00 INFO : Filtering template 17/96 segment 4/5
2026-09-06T19:30:44.179+01:00 INFO : 2 points above threshold
2026-09-06T19:30:44.182+01:00 INFO : Filtering template 17/96 segment 5/5
2026-09-06T19:30:44.182+01:00 INFO : 3 points above threshold
2026-09-06T19:30:44.185+01:00 INFO : 17: generating IMRPhenomD from 30.0 Hz
2026-09-06T19:30:44.187+01:00 INFO : Decompressing waveform using inline_linear
2026-09-06T19:30:44.189+01:00 INFO : Filtering template 18/96 segment 1/5
2026-09-06T19:30:44.189+01:00 INFO : Filtering template 18/96 segment 2/5
2026-09-06T19:30:44.190+01:00 INFO : Filtering template 18/96 segment 3/5
2026-09-06T19:30:44.190+01:00 INFO : 1 points above threshold
2026-09-06T19:30:44.193+01:00 INFO : Filtering template 18/96 segment 4/5
2026-09-06T19:30:44.194+01:00 INFO : Filtering template 18/96 segment 5/5
2026-09-06T19:30:44.194+01:00 INFO : 2 points above threshold
2026-09-06T19:30:44.198+01:00 INFO : 18: generating IMRPhenomD from 30.0 Hz
2026-09-06T19:30:44.199+01:00 INFO : Decompressing waveform using inline_linear
2026-09-06T19:30:44.201+01:00 INFO : Filtering template 19/96 segment 1/5
2026-09-06T19:30:44.202+01:00 INFO : 3 points above threshold
2026-09-06T19:30:44.205+01:00 INFO : Filtering template 19/96 segment 2/5
2026-09-06T19:30:44.206+01:00 INFO : 1 points above threshold
2026-09-06T19:30:44.208+01:00 INFO : Filtering template 19/96 segment 3/5
2026-09-06T19:30:44.209+01:00 INFO : 1 points above threshold
2026-09-06T19:30:44.211+01:00 INFO : Filtering template 19/96 segment 4/5
2026-09-06T19:30:44.212+01:00 INFO : 3 points above threshold
2026-09-06T19:30:44.215+01:00 INFO : Filtering template 19/96 segment 5/5
2026-09-06T19:30:44.215+01:00 INFO : 1 points above threshold
2026-09-06T19:30:44.218+01:00 INFO : 19: generating IMRPhenomD from 30.0 Hz
2026-09-06T19:30:44.219+01:00 INFO : Decompressing waveform using inline_linear
2026-09-06T19:30:44.221+01:00 INFO : Filtering template 20/96 segment 1/5
2026-09-06T19:30:44.222+01:00 INFO : 1 points above threshold
2026-09-06T19:30:44.225+01:00 INFO : Filtering template 20/96 segment 2/5
2026-09-06T19:30:44.226+01:00 INFO : 3 points above threshold
2026-09-06T19:30:44.229+01:00 INFO : Filtering template 20/96 segment 3/5
2026-09-06T19:30:44.229+01:00 INFO : Filtering template 20/96 segment 4/5
2026-09-06T19:30:44.230+01:00 INFO : 2 points above threshold
2026-09-06T19:30:44.233+01:00 INFO : Filtering template 20/96 segment 5/5
2026-09-06T19:30:44.234+01:00 INFO : 20: generating IMRPhenomD from 30.0 Hz
2026-09-06T19:30:44.235+01:00 INFO : Decompressing waveform using inline_linear
2026-09-06T19:30:44.237+01:00 INFO : Filtering template 21/96 segment 1/5
2026-09-06T19:30:44.238+01:00 INFO : 1 points above threshold
2026-09-06T19:30:44.241+01:00 INFO : Filtering template 21/96 segment 2/5
2026-09-06T19:30:44.241+01:00 INFO : 1 points above threshold
2026-09-06T19:30:44.244+01:00 INFO : Filtering template 21/96 segment 3/5
2026-09-06T19:30:44.244+01:00 INFO : 1 points above threshold
2026-09-06T19:30:44.247+01:00 INFO : Filtering template 21/96 segment 4/5
2026-09-06T19:30:44.247+01:00 INFO : Filtering template 21/96 segment 5/5
2026-09-06T19:30:44.248+01:00 INFO : 21: generating IMRPhenomD from 30.0 Hz
2026-09-06T19:30:44.249+01:00 INFO : Decompressing waveform using inline_linear
2026-09-06T19:30:44.251+01:00 INFO : Filtering template 22/96 segment 1/5
2026-09-06T19:30:44.252+01:00 INFO : 5 points above threshold
2026-09-06T19:30:44.256+01:00 INFO : Filtering template 22/96 segment 2/5
2026-09-06T19:30:44.256+01:00 INFO : Filtering template 22/96 segment 3/5
2026-09-06T19:30:44.257+01:00 INFO : Filtering template 22/96 segment 4/5
2026-09-06T19:30:44.257+01:00 INFO : 1 points above threshold
2026-09-06T19:30:44.260+01:00 INFO : Filtering template 22/96 segment 5/5
2026-09-06T19:30:44.260+01:00 INFO : 1 points above threshold
2026-09-06T19:30:44.263+01:00 INFO : 22: generating IMRPhenomD from 30.0 Hz
2026-09-06T19:30:44.264+01:00 INFO : Decompressing waveform using inline_linear
2026-09-06T19:30:44.266+01:00 INFO : Filtering template 23/96 segment 1/5
2026-09-06T19:30:44.267+01:00 INFO : 2 points above threshold
2026-09-06T19:30:44.271+01:00 INFO : Filtering template 23/96 segment 2/5
2026-09-06T19:30:44.271+01:00 INFO : 1 points above threshold
2026-09-06T19:30:44.274+01:00 INFO : Filtering template 23/96 segment 3/5
2026-09-06T19:30:44.274+01:00 INFO : 1 points above threshold
2026-09-06T19:30:44.277+01:00 INFO : Filtering template 23/96 segment 4/5
2026-09-06T19:30:44.277+01:00 INFO : Filtering template 23/96 segment 5/5
2026-09-06T19:30:44.278+01:00 INFO : 23: generating IMRPhenomD from 30.0 Hz
2026-09-06T19:30:44.279+01:00 INFO : Decompressing waveform using inline_linear
2026-09-06T19:30:44.281+01:00 INFO : Filtering template 24/96 segment 1/5
2026-09-06T19:30:44.282+01:00 INFO : 1 points above threshold
2026-09-06T19:30:44.285+01:00 INFO : Filtering template 24/96 segment 2/5
2026-09-06T19:30:44.285+01:00 INFO : 2 points above threshold
2026-09-06T19:30:44.289+01:00 INFO : Filtering template 24/96 segment 3/5
2026-09-06T19:30:44.289+01:00 INFO : 1 points above threshold
2026-09-06T19:30:44.292+01:00 INFO : Filtering template 24/96 segment 4/5
2026-09-06T19:30:44.292+01:00 INFO : Filtering template 24/96 segment 5/5
2026-09-06T19:30:44.293+01:00 INFO : 2 points above threshold
2026-09-06T19:30:44.297+01:00 INFO : 24: generating IMRPhenomD from 30.0 Hz
2026-09-06T19:30:44.298+01:00 INFO : Decompressing waveform using inline_linear
2026-09-06T19:30:44.300+01:00 INFO : Filtering template 25/96 segment 1/5
2026-09-06T19:30:44.301+01:00 INFO : 2 points above threshold
2026-09-06T19:30:44.304+01:00 INFO : Filtering template 25/96 segment 2/5
2026-09-06T19:30:44.305+01:00 INFO : Filtering template 25/96 segment 3/5
2026-09-06T19:30:44.305+01:00 INFO : Filtering template 25/96 segment 4/5
2026-09-06T19:30:44.306+01:00 INFO : Filtering template 25/96 segment 5/5
2026-09-06T19:30:44.306+01:00 INFO : 25: generating IMRPhenomD from 30.0 Hz
2026-09-06T19:30:44.308+01:00 INFO : Decompressing waveform using inline_linear
2026-09-06T19:30:44.310+01:00 INFO : Filtering template 26/96 segment 1/5
2026-09-06T19:30:44.310+01:00 INFO : Filtering template 26/96 segment 2/5
2026-09-06T19:30:44.311+01:00 INFO : 2 points above threshold
2026-09-06T19:30:44.315+01:00 INFO : Filtering template 26/96 segment 3/5
2026-09-06T19:30:44.315+01:00 INFO : Filtering template 26/96 segment 4/5
2026-09-06T19:30:44.316+01:00 INFO : 2 points above threshold
2026-09-06T19:30:44.319+01:00 INFO : Filtering template 26/96 segment 5/5
2026-09-06T19:30:44.319+01:00 INFO : 2 points above threshold
2026-09-06T19:30:44.323+01:00 INFO : 26: generating IMRPhenomD from 30.0 Hz
2026-09-06T19:30:44.325+01:00 INFO : Decompressing waveform using inline_linear
2026-09-06T19:30:44.327+01:00 INFO : Filtering template 27/96 segment 1/5
2026-09-06T19:30:44.328+01:00 INFO : 3 points above threshold
2026-09-06T19:30:44.331+01:00 INFO : Filtering template 27/96 segment 2/5
2026-09-06T19:30:44.332+01:00 INFO : Filtering template 27/96 segment 3/5
2026-09-06T19:30:44.332+01:00 INFO : 1 points above threshold
2026-09-06T19:30:44.335+01:00 INFO : Filtering template 27/96 segment 4/5
2026-09-06T19:30:44.335+01:00 INFO : Filtering template 27/96 segment 5/5
2026-09-06T19:30:44.336+01:00 INFO : 27: generating IMRPhenomD from 30.0 Hz
2026-09-06T19:30:44.337+01:00 INFO : Decompressing waveform using inline_linear
2026-09-06T19:30:44.339+01:00 INFO : Filtering template 28/96 segment 1/5
2026-09-06T19:30:44.340+01:00 INFO : 3 points above threshold
2026-09-06T19:30:44.344+01:00 INFO : Filtering template 28/96 segment 2/5
2026-09-06T19:30:44.345+01:00 INFO : 1 points above threshold
2026-09-06T19:30:44.347+01:00 INFO : Filtering template 28/96 segment 3/5
2026-09-06T19:30:44.348+01:00 INFO : 2 points above threshold
2026-09-06T19:30:44.351+01:00 INFO : Filtering template 28/96 segment 4/5
2026-09-06T19:30:44.352+01:00 INFO : 1 points above threshold
2026-09-06T19:30:44.354+01:00 INFO : Filtering template 28/96 segment 5/5
2026-09-06T19:30:44.355+01:00 INFO : 28: generating IMRPhenomD from 30.0 Hz
2026-09-06T19:30:44.356+01:00 INFO : Decompressing waveform using inline_linear
2026-09-06T19:30:44.358+01:00 INFO : Filtering template 29/96 segment 1/5
2026-09-06T19:30:44.359+01:00 INFO : 2 points above threshold
2026-09-06T19:30:44.363+01:00 INFO : Filtering template 29/96 segment 2/5
2026-09-06T19:30:44.364+01:00 INFO : 2 points above threshold
2026-09-06T19:30:44.367+01:00 INFO : Filtering template 29/96 segment 3/5
2026-09-06T19:30:44.368+01:00 INFO : 1 points above threshold
2026-09-06T19:30:44.370+01:00 INFO : Filtering template 29/96 segment 4/5
2026-09-06T19:30:44.371+01:00 INFO : 2 points above threshold
2026-09-06T19:30:44.374+01:00 INFO : Filtering template 29/96 segment 5/5
2026-09-06T19:30:44.375+01:00 INFO : 2 points above threshold
2026-09-06T19:30:44.379+01:00 INFO : 29: generating IMRPhenomD from 30.0 Hz
2026-09-06T19:30:44.380+01:00 INFO : Decompressing waveform using inline_linear
2026-09-06T19:30:44.382+01:00 INFO : Filtering template 30/96 segment 1/5
2026-09-06T19:30:44.383+01:00 INFO : 1 points above threshold
2026-09-06T19:30:44.386+01:00 INFO : Filtering template 30/96 segment 2/5
2026-09-06T19:30:44.386+01:00 INFO : 1 points above threshold
2026-09-06T19:30:44.389+01:00 INFO : Filtering template 30/96 segment 3/5
2026-09-06T19:30:44.389+01:00 INFO : 1 points above threshold
2026-09-06T19:30:44.392+01:00 INFO : Filtering template 30/96 segment 4/5
2026-09-06T19:30:44.392+01:00 INFO : Filtering template 30/96 segment 5/5
2026-09-06T19:30:44.393+01:00 INFO : 30: generating IMRPhenomD from 30.0 Hz
2026-09-06T19:30:44.394+01:00 INFO : Decompressing waveform using inline_linear
2026-09-06T19:30:44.396+01:00 INFO : Filtering template 31/96 segment 1/5
2026-09-06T19:30:44.397+01:00 INFO : Filtering template 31/96 segment 2/5
2026-09-06T19:30:44.398+01:00 INFO : 1 points above threshold
2026-09-06T19:30:44.401+01:00 INFO : Filtering template 31/96 segment 3/5
2026-09-06T19:30:44.401+01:00 INFO : Filtering template 31/96 segment 4/5
2026-09-06T19:30:44.402+01:00 INFO : 1 points above threshold
2026-09-06T19:30:44.404+01:00 INFO : Filtering template 31/96 segment 5/5
2026-09-06T19:30:44.405+01:00 INFO : 1 points above threshold
2026-09-06T19:30:44.408+01:00 INFO : 31: generating IMRPhenomD from 30.0 Hz
2026-09-06T19:30:44.409+01:00 INFO : Decompressing waveform using inline_linear
2026-09-06T19:30:44.411+01:00 INFO : Filtering template 32/96 segment 1/5
2026-09-06T19:30:44.412+01:00 INFO : Filtering template 32/96 segment 2/5
2026-09-06T19:30:44.412+01:00 INFO : Filtering template 32/96 segment 3/5
2026-09-06T19:30:44.412+01:00 INFO : Filtering template 32/96 segment 4/5
2026-09-06T19:30:44.413+01:00 INFO : 3 points above threshold
2026-09-06T19:30:44.417+01:00 INFO : Filtering template 32/96 segment 5/5
2026-09-06T19:30:44.417+01:00 INFO : 2 points above threshold
2026-09-06T19:30:44.421+01:00 INFO : 32: generating IMRPhenomD from 30.0 Hz
2026-09-06T19:30:44.422+01:00 INFO : Decompressing waveform using inline_linear
2026-09-06T19:30:44.424+01:00 INFO : Filtering template 33/96 segment 1/5
2026-09-06T19:30:44.425+01:00 INFO : 2 points above threshold
2026-09-06T19:30:44.429+01:00 INFO : Filtering template 33/96 segment 2/5
2026-09-06T19:30:44.429+01:00 INFO : Filtering template 33/96 segment 3/5
2026-09-06T19:30:44.430+01:00 INFO : Filtering template 33/96 segment 4/5
2026-09-06T19:30:44.430+01:00 INFO : 1 points above threshold
2026-09-06T19:30:44.432+01:00 INFO : Filtering template 33/96 segment 5/5
2026-09-06T19:30:44.433+01:00 INFO : 33: generating IMRPhenomD from 30.0 Hz
2026-09-06T19:30:44.435+01:00 INFO : Decompressing waveform using inline_linear
2026-09-06T19:30:44.436+01:00 INFO : Filtering template 34/96 segment 1/5
2026-09-06T19:30:44.437+01:00 INFO : Filtering template 34/96 segment 2/5
2026-09-06T19:30:44.438+01:00 INFO : 1 points above threshold
2026-09-06T19:30:44.441+01:00 INFO : Filtering template 34/96 segment 3/5
2026-09-06T19:30:44.441+01:00 INFO : 1 points above threshold
2026-09-06T19:30:44.444+01:00 INFO : Filtering template 34/96 segment 4/5
2026-09-06T19:30:44.444+01:00 INFO : Filtering template 34/96 segment 5/5
2026-09-06T19:30:44.445+01:00 INFO : 1 points above threshold
2026-09-06T19:30:44.448+01:00 INFO : 34: generating IMRPhenomD from 30.0 Hz
2026-09-06T19:30:44.449+01:00 INFO : Decompressing waveform using inline_linear
2026-09-06T19:30:44.451+01:00 INFO : Filtering template 35/96 segment 1/5
2026-09-06T19:30:44.451+01:00 INFO : 1 points above threshold
2026-09-06T19:30:44.455+01:00 INFO : Filtering template 35/96 segment 2/5
2026-09-06T19:30:44.455+01:00 INFO : 1 points above threshold
2026-09-06T19:30:44.457+01:00 INFO : Filtering template 35/96 segment 3/5
2026-09-06T19:30:44.458+01:00 INFO : 1 points above threshold
2026-09-06T19:30:44.460+01:00 INFO : Filtering template 35/96 segment 4/5
2026-09-06T19:30:44.461+01:00 INFO : Filtering template 35/96 segment 5/5
2026-09-06T19:30:44.462+01:00 INFO : 35: generating IMRPhenomD from 30.0 Hz
2026-09-06T19:30:44.463+01:00 INFO : Decompressing waveform using inline_linear
2026-09-06T19:30:44.465+01:00 INFO : Filtering template 36/96 segment 1/5
2026-09-06T19:30:44.466+01:00 INFO : 3 points above threshold
2026-09-06T19:30:44.469+01:00 INFO : Filtering template 36/96 segment 2/5
2026-09-06T19:30:44.470+01:00 INFO : 1 points above threshold
2026-09-06T19:30:44.472+01:00 INFO : Filtering template 36/96 segment 3/5
2026-09-06T19:30:44.473+01:00 INFO : 2 points above threshold
2026-09-06T19:30:44.475+01:00 INFO : Filtering template 36/96 segment 4/5
2026-09-06T19:30:44.476+01:00 INFO : Filtering template 36/96 segment 5/5
2026-09-06T19:30:44.476+01:00 INFO : 1 points above threshold
2026-09-06T19:30:44.479+01:00 INFO : 36: generating IMRPhenomD from 30.0 Hz
2026-09-06T19:30:44.481+01:00 INFO : Decompressing waveform using inline_linear
2026-09-06T19:30:44.482+01:00 INFO : Filtering template 37/96 segment 1/5
2026-09-06T19:30:44.483+01:00 INFO : 2 points above threshold
2026-09-06T19:30:44.487+01:00 INFO : Filtering template 37/96 segment 2/5
2026-09-06T19:30:44.488+01:00 INFO : 3 points above threshold
2026-09-06T19:30:44.491+01:00 INFO : Filtering template 37/96 segment 3/5
2026-09-06T19:30:44.492+01:00 INFO : 1 points above threshold
2026-09-06T19:30:44.494+01:00 INFO : Filtering template 37/96 segment 4/5
2026-09-06T19:30:44.495+01:00 INFO : 3 points above threshold
2026-09-06T19:30:44.498+01:00 INFO : Filtering template 37/96 segment 5/5
2026-09-06T19:30:44.499+01:00 INFO : 37: generating IMRPhenomD from 30.0 Hz
2026-09-06T19:30:44.500+01:00 INFO : Decompressing waveform using inline_linear
2026-09-06T19:30:44.502+01:00 INFO : Filtering template 38/96 segment 1/5
2026-09-06T19:30:44.503+01:00 INFO : Filtering template 38/96 segment 2/5
2026-09-06T19:30:44.504+01:00 INFO : Filtering template 38/96 segment 3/5
2026-09-06T19:30:44.504+01:00 INFO : 1 points above threshold
2026-09-06T19:30:44.507+01:00 INFO : Filtering template 38/96 segment 4/5
2026-09-06T19:30:44.508+01:00 INFO : 1 points above threshold
2026-09-06T19:30:44.510+01:00 INFO : Filtering template 38/96 segment 5/5
2026-09-06T19:30:44.510+01:00 INFO : 1 points above threshold
2026-09-06T19:30:44.513+01:00 INFO : 38: generating IMRPhenomD from 30.0 Hz
2026-09-06T19:30:44.515+01:00 INFO : Decompressing waveform using inline_linear
2026-09-06T19:30:44.516+01:00 INFO : Filtering template 39/96 segment 1/5
2026-09-06T19:30:44.517+01:00 INFO : Filtering template 39/96 segment 2/5
2026-09-06T19:30:44.518+01:00 INFO : 2 points above threshold
2026-09-06T19:30:44.522+01:00 INFO : Filtering template 39/96 segment 3/5
2026-09-06T19:30:44.522+01:00 INFO : Filtering template 39/96 segment 4/5
2026-09-06T19:30:44.523+01:00 INFO : 2 points above threshold
2026-09-06T19:30:44.526+01:00 INFO : Filtering template 39/96 segment 5/5
2026-09-06T19:30:44.527+01:00 INFO : 39: generating IMRPhenomD from 30.0 Hz
2026-09-06T19:30:44.528+01:00 INFO : Decompressing waveform using inline_linear
2026-09-06T19:30:44.530+01:00 INFO : Filtering template 40/96 segment 1/5
2026-09-06T19:30:44.531+01:00 INFO : Filtering template 40/96 segment 2/5
2026-09-06T19:30:44.532+01:00 INFO : Filtering template 40/96 segment 3/5
2026-09-06T19:30:44.532+01:00 INFO : Filtering template 40/96 segment 4/5
2026-09-06T19:30:44.532+01:00 INFO : 2 points above threshold
2026-09-06T19:30:44.537+01:00 INFO : Filtering template 40/96 segment 5/5
2026-09-06T19:30:44.537+01:00 INFO : 40: generating IMRPhenomD from 30.0 Hz
2026-09-06T19:30:44.539+01:00 INFO : Decompressing waveform using inline_linear
2026-09-06T19:30:44.540+01:00 INFO : Filtering template 41/96 segment 1/5
2026-09-06T19:30:44.541+01:00 INFO : Filtering template 41/96 segment 2/5
2026-09-06T19:30:44.542+01:00 INFO : Filtering template 41/96 segment 3/5
2026-09-06T19:30:44.542+01:00 INFO : 2 points above threshold
2026-09-06T19:30:44.547+01:00 INFO : Filtering template 41/96 segment 4/5
2026-09-06T19:30:44.547+01:00 INFO : 2 points above threshold
2026-09-06T19:30:44.551+01:00 INFO : Filtering template 41/96 segment 5/5
2026-09-06T19:30:44.551+01:00 INFO : 41: generating IMRPhenomD from 30.0 Hz
2026-09-06T19:30:44.553+01:00 INFO : Decompressing waveform using inline_linear
2026-09-06T19:30:44.554+01:00 INFO : Filtering template 42/96 segment 1/5
2026-09-06T19:30:44.555+01:00 INFO : Filtering template 42/96 segment 2/5
2026-09-06T19:30:44.556+01:00 INFO : 1 points above threshold
2026-09-06T19:30:44.559+01:00 INFO : Filtering template 42/96 segment 3/5
2026-09-06T19:30:44.559+01:00 INFO : Filtering template 42/96 segment 4/5
2026-09-06T19:30:44.560+01:00 INFO : 1 points above threshold
2026-09-06T19:30:44.562+01:00 INFO : Filtering template 42/96 segment 5/5
2026-09-06T19:30:44.563+01:00 INFO : 1 points above threshold
2026-09-06T19:30:44.566+01:00 INFO : 42: generating IMRPhenomD from 30.0 Hz
2026-09-06T19:30:44.567+01:00 INFO : Decompressing waveform using inline_linear
2026-09-06T19:30:44.569+01:00 INFO : Filtering template 43/96 segment 1/5
2026-09-06T19:30:44.570+01:00 INFO : 1 points above threshold
2026-09-06T19:30:44.573+01:00 INFO : Filtering template 43/96 segment 2/5
2026-09-06T19:30:44.573+01:00 INFO : 2 points above threshold
2026-09-06T19:30:44.576+01:00 INFO : Filtering template 43/96 segment 3/5
2026-09-06T19:30:44.577+01:00 INFO : 1 points above threshold
2026-09-06T19:30:44.579+01:00 INFO : Filtering template 43/96 segment 4/5
2026-09-06T19:30:44.580+01:00 INFO : Filtering template 43/96 segment 5/5
2026-09-06T19:30:44.581+01:00 INFO : 43: generating IMRPhenomD from 30.0 Hz
2026-09-06T19:30:44.582+01:00 INFO : Decompressing waveform using inline_linear
2026-09-06T19:30:44.584+01:00 INFO : Filtering template 44/96 segment 1/5
2026-09-06T19:30:44.585+01:00 INFO : 1 points above threshold
2026-09-06T19:30:44.588+01:00 INFO : Filtering template 44/96 segment 2/5
2026-09-06T19:30:44.588+01:00 INFO : Filtering template 44/96 segment 3/5
2026-09-06T19:30:44.589+01:00 INFO : Filtering template 44/96 segment 4/5
2026-09-06T19:30:44.589+01:00 INFO : 1 points above threshold
2026-09-06T19:30:44.592+01:00 INFO : Filtering template 44/96 segment 5/5
2026-09-06T19:30:44.592+01:00 INFO : 44: generating IMRPhenomD from 30.0 Hz
2026-09-06T19:30:44.594+01:00 INFO : Decompressing waveform using inline_linear
2026-09-06T19:30:44.595+01:00 INFO : Filtering template 45/96 segment 1/5
2026-09-06T19:30:44.596+01:00 INFO : 2 points above threshold
2026-09-06T19:30:44.600+01:00 INFO : Filtering template 45/96 segment 2/5
2026-09-06T19:30:44.601+01:00 INFO : 1 points above threshold
2026-09-06T19:30:44.603+01:00 INFO : Filtering template 45/96 segment 3/5
2026-09-06T19:30:44.603+01:00 INFO : 1 points above threshold
2026-09-06T19:30:44.606+01:00 INFO : Filtering template 45/96 segment 4/5
2026-09-06T19:30:44.606+01:00 INFO : Filtering template 45/96 segment 5/5
2026-09-06T19:30:44.607+01:00 INFO : 45: generating IMRPhenomD from 30.0 Hz
2026-09-06T19:30:44.608+01:00 INFO : Decompressing waveform using inline_linear
2026-09-06T19:30:44.610+01:00 INFO : Filtering template 46/96 segment 1/5
2026-09-06T19:30:44.611+01:00 INFO : Filtering template 46/96 segment 2/5
2026-09-06T19:30:44.612+01:00 INFO : Filtering template 46/96 segment 3/5
2026-09-06T19:30:44.612+01:00 INFO : 1 points above threshold
2026-09-06T19:30:44.615+01:00 INFO : Filtering template 46/96 segment 4/5
2026-09-06T19:30:44.616+01:00 INFO : 3 points above threshold
2026-09-06T19:30:44.619+01:00 INFO : Filtering template 46/96 segment 5/5
2026-09-06T19:30:44.620+01:00 INFO : 1 points above threshold
2026-09-06T19:30:44.622+01:00 INFO : 46: generating IMRPhenomD from 30.0 Hz
2026-09-06T19:30:44.624+01:00 INFO : Decompressing waveform using inline_linear
2026-09-06T19:30:44.625+01:00 INFO : Filtering template 47/96 segment 1/5
2026-09-06T19:30:44.626+01:00 INFO : 3 points above threshold
2026-09-06T19:30:44.631+01:00 INFO : Filtering template 47/96 segment 2/5
2026-09-06T19:30:44.631+01:00 INFO : Filtering template 47/96 segment 3/5
2026-09-06T19:30:44.632+01:00 INFO : 2 points above threshold
2026-09-06T19:30:44.635+01:00 INFO : Filtering template 47/96 segment 4/5
2026-09-06T19:30:44.635+01:00 INFO : 1 points above threshold
2026-09-06T19:30:44.638+01:00 INFO : Filtering template 47/96 segment 5/5
2026-09-06T19:30:44.638+01:00 INFO : 1 points above threshold
2026-09-06T19:30:44.641+01:00 INFO : 47: generating IMRPhenomD from 30.0 Hz
2026-09-06T19:30:44.643+01:00 INFO : Decompressing waveform using inline_linear
2026-09-06T19:30:44.644+01:00 INFO : Filtering template 48/96 segment 1/5
2026-09-06T19:30:44.645+01:00 INFO : 3 points above threshold
2026-09-06T19:30:44.649+01:00 INFO : Filtering template 48/96 segment 2/5
2026-09-06T19:30:44.650+01:00 INFO : 1 points above threshold
2026-09-06T19:30:44.652+01:00 INFO : Filtering template 48/96 segment 3/5
2026-09-06T19:30:44.653+01:00 INFO : 1 points above threshold
2026-09-06T19:30:44.655+01:00 INFO : Filtering template 48/96 segment 4/5
2026-09-06T19:30:44.656+01:00 INFO : 2 points above threshold
2026-09-06T19:30:44.659+01:00 INFO : Filtering template 48/96 segment 5/5
2026-09-06T19:30:44.660+01:00 INFO : 1 points above threshold
2026-09-06T19:30:44.663+01:00 INFO : 48: generating IMRPhenomD from 30.0 Hz
2026-09-06T19:30:44.664+01:00 INFO : Decompressing waveform using inline_linear
2026-09-06T19:30:44.666+01:00 INFO : Filtering template 49/96 segment 1/5
2026-09-06T19:30:44.667+01:00 INFO : 1 points above threshold
2026-09-06T19:30:44.670+01:00 INFO : Filtering template 49/96 segment 2/5
2026-09-06T19:30:44.670+01:00 INFO : 1 points above threshold
2026-09-06T19:30:44.673+01:00 INFO : Filtering template 49/96 segment 3/5
2026-09-06T19:30:44.673+01:00 INFO : 2 points above threshold
2026-09-06T19:30:44.677+01:00 INFO : Filtering template 49/96 segment 4/5
2026-09-06T19:30:44.677+01:00 INFO : Filtering template 49/96 segment 5/5
2026-09-06T19:30:44.678+01:00 INFO : 49: generating IMRPhenomD from 30.0 Hz
2026-09-06T19:30:44.679+01:00 INFO : Decompressing waveform using inline_linear
2026-09-06T19:30:44.681+01:00 INFO : Filtering template 50/96 segment 1/5
2026-09-06T19:30:44.682+01:00 INFO : Filtering template 50/96 segment 2/5
2026-09-06T19:30:44.683+01:00 INFO : 2 points above threshold
2026-09-06T19:30:44.687+01:00 INFO : Filtering template 50/96 segment 3/5
2026-09-06T19:30:44.687+01:00 INFO : 4 points above threshold
2026-09-06T19:30:44.691+01:00 INFO : Filtering template 50/96 segment 4/5
2026-09-06T19:30:44.691+01:00 INFO : 2 points above threshold
2026-09-06T19:30:44.695+01:00 INFO : Filtering template 50/96 segment 5/5
2026-09-06T19:30:44.696+01:00 INFO : 50: generating IMRPhenomD from 30.0 Hz
2026-09-06T19:30:44.697+01:00 INFO : Decompressing waveform using inline_linear
2026-09-06T19:30:44.699+01:00 INFO : Filtering template 51/96 segment 1/5
2026-09-06T19:30:44.700+01:00 INFO : 1 points above threshold
2026-09-06T19:30:44.703+01:00 INFO : Filtering template 51/96 segment 2/5
2026-09-06T19:30:44.703+01:00 INFO : 1 points above threshold
2026-09-06T19:30:44.706+01:00 INFO : Filtering template 51/96 segment 3/5
2026-09-06T19:30:44.706+01:00 INFO : Filtering template 51/96 segment 4/5
2026-09-06T19:30:44.707+01:00 INFO : 1 points above threshold
2026-09-06T19:30:44.709+01:00 INFO : Filtering template 51/96 segment 5/5
2026-09-06T19:30:44.709+01:00 INFO : 2 points above threshold
2026-09-06T19:30:44.714+01:00 INFO : 51: generating IMRPhenomD from 30.0 Hz
2026-09-06T19:30:44.715+01:00 INFO : Decompressing waveform using inline_linear
2026-09-06T19:30:44.717+01:00 INFO : Filtering template 52/96 segment 1/5
2026-09-06T19:30:44.718+01:00 INFO : 1 points above threshold
2026-09-06T19:30:44.721+01:00 INFO : Filtering template 52/96 segment 2/5
2026-09-06T19:30:44.721+01:00 INFO : 1 points above threshold
2026-09-06T19:30:44.723+01:00 INFO : Filtering template 52/96 segment 3/5
2026-09-06T19:30:44.724+01:00 INFO : Filtering template 52/96 segment 4/5
2026-09-06T19:30:44.724+01:00 INFO : 3 points above threshold
2026-09-06T19:30:44.728+01:00 INFO : Filtering template 52/96 segment 5/5
2026-09-06T19:30:44.728+01:00 INFO : 1 points above threshold
2026-09-06T19:30:44.731+01:00 INFO : 52: generating IMRPhenomD from 30.0 Hz
2026-09-06T19:30:44.733+01:00 INFO : Decompressing waveform using inline_linear
2026-09-06T19:30:44.734+01:00 INFO : Filtering template 53/96 segment 1/5
2026-09-06T19:30:44.735+01:00 INFO : 3 points above threshold
2026-09-06T19:30:44.740+01:00 INFO : Filtering template 53/96 segment 2/5
2026-09-06T19:30:44.740+01:00 INFO : 2 points above threshold
2026-09-06T19:30:44.744+01:00 INFO : Filtering template 53/96 segment 3/5
2026-09-06T19:30:44.744+01:00 INFO : 2 points above threshold
2026-09-06T19:30:44.747+01:00 INFO : Filtering template 53/96 segment 4/5
2026-09-06T19:30:44.748+01:00 INFO : 1 points above threshold
2026-09-06T19:30:44.750+01:00 INFO : Filtering template 53/96 segment 5/5
2026-09-06T19:30:44.751+01:00 INFO : 1 points above threshold
2026-09-06T19:30:44.754+01:00 INFO : 53: generating IMRPhenomD from 30.0 Hz
2026-09-06T19:30:44.755+01:00 INFO : Decompressing waveform using inline_linear
2026-09-06T19:30:44.757+01:00 INFO : Filtering template 54/96 segment 1/5
2026-09-06T19:30:44.758+01:00 INFO : Filtering template 54/96 segment 2/5
2026-09-06T19:30:44.758+01:00 INFO : Filtering template 54/96 segment 3/5
2026-09-06T19:30:44.759+01:00 INFO : 2 points above threshold
2026-09-06T19:30:44.762+01:00 INFO : Filtering template 54/96 segment 4/5
2026-09-06T19:30:44.763+01:00 INFO : 5 points above threshold
2026-09-06T19:30:44.765+01:00 INFO : Filtering template 54/96 segment 5/5
2026-09-06T19:30:44.766+01:00 INFO : 54: generating IMRPhenomD from 30.0 Hz
2026-09-06T19:30:44.767+01:00 INFO : Decompressing waveform using inline_linear
2026-09-06T19:30:44.769+01:00 INFO : Filtering template 55/96 segment 1/5
2026-09-06T19:30:44.770+01:00 INFO : Filtering template 55/96 segment 2/5
2026-09-06T19:30:44.770+01:00 INFO : 1 points above threshold
2026-09-06T19:30:44.773+01:00 INFO : Filtering template 55/96 segment 3/5
2026-09-06T19:30:44.774+01:00 INFO : 3 points above threshold
2026-09-06T19:30:44.777+01:00 INFO : Filtering template 55/96 segment 4/5
2026-09-06T19:30:44.778+01:00 INFO : 1 points above threshold
2026-09-06T19:30:44.780+01:00 INFO : Filtering template 55/96 segment 5/5
2026-09-06T19:30:44.781+01:00 INFO : 1 points above threshold
2026-09-06T19:30:44.784+01:00 INFO : 55: generating IMRPhenomD from 30.0 Hz
2026-09-06T19:30:44.785+01:00 INFO : Decompressing waveform using inline_linear
2026-09-06T19:30:44.787+01:00 INFO : Filtering template 56/96 segment 1/5
2026-09-06T19:30:44.788+01:00 INFO : 1 points above threshold
2026-09-06T19:30:44.791+01:00 INFO : Filtering template 56/96 segment 2/5
2026-09-06T19:30:44.791+01:00 INFO : 1 points above threshold
2026-09-06T19:30:44.794+01:00 INFO : Filtering template 56/96 segment 3/5
2026-09-06T19:30:44.794+01:00 INFO : 3 points above threshold
2026-09-06T19:30:44.798+01:00 INFO : Filtering template 56/96 segment 4/5
2026-09-06T19:30:44.798+01:00 INFO : Filtering template 56/96 segment 5/5
2026-09-06T19:30:44.798+01:00 INFO : 1 points above threshold
2026-09-06T19:30:44.801+01:00 INFO : 56: generating IMRPhenomD from 30.0 Hz
2026-09-06T19:30:44.803+01:00 INFO : Decompressing waveform using inline_linear
2026-09-06T19:30:44.804+01:00 INFO : Filtering template 57/96 segment 1/5
2026-09-06T19:30:44.805+01:00 INFO : 1 points above threshold
2026-09-06T19:30:44.808+01:00 INFO : Filtering template 57/96 segment 2/5
2026-09-06T19:30:44.809+01:00 INFO : 2 points above threshold
2026-09-06T19:30:44.812+01:00 INFO : Filtering template 57/96 segment 3/5
2026-09-06T19:30:44.813+01:00 INFO : 2 points above threshold
2026-09-06T19:30:44.816+01:00 INFO : Filtering template 57/96 segment 4/5
2026-09-06T19:30:44.817+01:00 INFO : 2 points above threshold
2026-09-06T19:30:44.820+01:00 INFO : Filtering template 57/96 segment 5/5
2026-09-06T19:30:44.821+01:00 INFO : 57: generating IMRPhenomD from 30.0 Hz
2026-09-06T19:30:44.823+01:00 INFO : Decompressing waveform using inline_linear
2026-09-06T19:30:44.825+01:00 INFO : Filtering template 58/96 segment 1/5
2026-09-06T19:30:44.825+01:00 INFO : 1 points above threshold
2026-09-06T19:30:44.829+01:00 INFO : Filtering template 58/96 segment 2/5
2026-09-06T19:30:44.829+01:00 INFO : 2 points above threshold
2026-09-06T19:30:44.833+01:00 INFO : Filtering template 58/96 segment 3/5
2026-09-06T19:30:44.833+01:00 INFO : 1 points above threshold
2026-09-06T19:30:44.835+01:00 INFO : Filtering template 58/96 segment 4/5
2026-09-06T19:30:44.836+01:00 INFO : 1 points above threshold
2026-09-06T19:30:44.838+01:00 INFO : Filtering template 58/96 segment 5/5
2026-09-06T19:30:44.839+01:00 INFO : 2 points above threshold
2026-09-06T19:30:44.843+01:00 INFO : 58: generating IMRPhenomD from 30.0 Hz
2026-09-06T19:30:44.844+01:00 INFO : Decompressing waveform using inline_linear
2026-09-06T19:30:44.846+01:00 INFO : Filtering template 59/96 segment 1/5
2026-09-06T19:30:44.847+01:00 INFO : 1 points above threshold
2026-09-06T19:30:44.850+01:00 INFO : Filtering template 59/96 segment 2/5
2026-09-06T19:30:44.851+01:00 INFO : 2 points above threshold
2026-09-06T19:30:44.854+01:00 INFO : Filtering template 59/96 segment 3/5
2026-09-06T19:30:44.855+01:00 INFO : 2 points above threshold
2026-09-06T19:30:44.858+01:00 INFO : Filtering template 59/96 segment 4/5
2026-09-06T19:30:44.859+01:00 INFO : 1 points above threshold
2026-09-06T19:30:44.861+01:00 INFO : Filtering template 59/96 segment 5/5
2026-09-06T19:30:44.862+01:00 INFO : 59: generating IMRPhenomD from 30.0 Hz
2026-09-06T19:30:44.863+01:00 INFO : Decompressing waveform using inline_linear
2026-09-06T19:30:44.865+01:00 INFO : Filtering template 60/96 segment 1/5
2026-09-06T19:30:44.866+01:00 INFO : Filtering template 60/96 segment 2/5
2026-09-06T19:30:44.866+01:00 INFO : Filtering template 60/96 segment 3/5
2026-09-06T19:30:44.867+01:00 INFO : 1 points above threshold
2026-09-06T19:30:44.870+01:00 INFO : Filtering template 60/96 segment 4/5
2026-09-06T19:30:44.871+01:00 INFO : 2 points above threshold
2026-09-06T19:30:44.874+01:00 INFO : Filtering template 60/96 segment 5/5
2026-09-06T19:30:44.875+01:00 INFO : 60: generating IMRPhenomD from 30.0 Hz
2026-09-06T19:30:44.876+01:00 INFO : Decompressing waveform using inline_linear
2026-09-06T19:30:44.878+01:00 INFO : Filtering template 61/96 segment 1/5
2026-09-06T19:30:44.879+01:00 INFO : Filtering template 61/96 segment 2/5
2026-09-06T19:30:44.879+01:00 INFO : 2 points above threshold
2026-09-06T19:30:44.884+01:00 INFO : Filtering template 61/96 segment 3/5
2026-09-06T19:30:44.884+01:00 INFO : 1 points above threshold
2026-09-06T19:30:44.886+01:00 INFO : Filtering template 61/96 segment 4/5
2026-09-06T19:30:44.887+01:00 INFO : 1 points above threshold
2026-09-06T19:30:44.889+01:00 INFO : Filtering template 61/96 segment 5/5
2026-09-06T19:30:44.890+01:00 INFO : 61: generating IMRPhenomD from 30.0 Hz
2026-09-06T19:30:44.891+01:00 INFO : Decompressing waveform using inline_linear
2026-09-06T19:30:44.893+01:00 INFO : Filtering template 62/96 segment 1/5
2026-09-06T19:30:44.894+01:00 INFO : 2 points above threshold
2026-09-06T19:30:44.898+01:00 INFO : Filtering template 62/96 segment 2/5
2026-09-06T19:30:44.899+01:00 INFO : Filtering template 62/96 segment 3/5
2026-09-06T19:30:44.899+01:00 INFO : Filtering template 62/96 segment 4/5
2026-09-06T19:30:44.900+01:00 INFO : 5 points above threshold
2026-09-06T19:30:44.903+01:00 INFO : Filtering template 62/96 segment 5/5
2026-09-06T19:30:44.904+01:00 INFO : 62: generating IMRPhenomD from 30.0 Hz
2026-09-06T19:30:44.905+01:00 INFO : Decompressing waveform using inline_linear
2026-09-06T19:30:44.907+01:00 INFO : Filtering template 63/96 segment 1/5
2026-09-06T19:30:44.908+01:00 INFO : Filtering template 63/96 segment 2/5
2026-09-06T19:30:44.909+01:00 INFO : 1 points above threshold
2026-09-06T19:30:44.912+01:00 INFO : Filtering template 63/96 segment 3/5
2026-09-06T19:30:44.912+01:00 INFO : 2 points above threshold
2026-09-06T19:30:44.916+01:00 INFO : Filtering template 63/96 segment 4/5
2026-09-06T19:30:44.916+01:00 INFO : 1 points above threshold
2026-09-06T19:30:44.918+01:00 INFO : Filtering template 63/96 segment 5/5
2026-09-06T19:30:44.919+01:00 INFO : 1 points above threshold
2026-09-06T19:30:44.922+01:00 INFO : 63: generating IMRPhenomD from 30.0 Hz
2026-09-06T19:30:44.923+01:00 INFO : Decompressing waveform using inline_linear
2026-09-06T19:30:44.925+01:00 INFO : Filtering template 64/96 segment 1/5
2026-09-06T19:30:44.926+01:00 INFO : 2 points above threshold
2026-09-06T19:30:44.930+01:00 INFO : Filtering template 64/96 segment 2/5
2026-09-06T19:30:44.930+01:00 INFO : 1 points above threshold
2026-09-06T19:30:44.933+01:00 INFO : Filtering template 64/96 segment 3/5
2026-09-06T19:30:44.933+01:00 INFO : Filtering template 64/96 segment 4/5
2026-09-06T19:30:44.934+01:00 INFO : Filtering template 64/96 segment 5/5
2026-09-06T19:30:44.935+01:00 INFO : 64: generating IMRPhenomD from 30.0 Hz
2026-09-06T19:30:44.936+01:00 INFO : Decompressing waveform using inline_linear
2026-09-06T19:30:44.938+01:00 INFO : Filtering template 65/96 segment 1/5
2026-09-06T19:30:44.938+01:00 INFO : 2 points above threshold
2026-09-06T19:30:44.942+01:00 INFO : Filtering template 65/96 segment 2/5
2026-09-06T19:30:44.943+01:00 INFO : 2 points above threshold
2026-09-06T19:30:44.946+01:00 INFO : Filtering template 65/96 segment 3/5
2026-09-06T19:30:44.947+01:00 INFO : 1 points above threshold
2026-09-06T19:30:44.949+01:00 INFO : Filtering template 65/96 segment 4/5
2026-09-06T19:30:44.949+01:00 INFO : 2 points above threshold
2026-09-06T19:30:44.953+01:00 INFO : Filtering template 65/96 segment 5/5
2026-09-06T19:30:44.954+01:00 INFO : 65: generating IMRPhenomD from 30.0 Hz
2026-09-06T19:30:44.955+01:00 INFO : Decompressing waveform using inline_linear
2026-09-06T19:30:44.957+01:00 INFO : Filtering template 66/96 segment 1/5
2026-09-06T19:30:44.958+01:00 INFO : 1 points above threshold
2026-09-06T19:30:44.961+01:00 INFO : Filtering template 66/96 segment 2/5
2026-09-06T19:30:44.961+01:00 INFO : 1 points above threshold
2026-09-06T19:30:44.963+01:00 INFO : Filtering template 66/96 segment 3/5
2026-09-06T19:30:44.964+01:00 INFO : 2 points above threshold
2026-09-06T19:30:44.967+01:00 INFO : Filtering template 66/96 segment 4/5
2026-09-06T19:30:44.968+01:00 INFO : 1 points above threshold
2026-09-06T19:30:44.970+01:00 INFO : Filtering template 66/96 segment 5/5
2026-09-06T19:30:44.971+01:00 INFO : 66: generating IMRPhenomD from 30.0 Hz
2026-09-06T19:30:44.972+01:00 INFO : Decompressing waveform using inline_linear
2026-09-06T19:30:44.974+01:00 INFO : Filtering template 67/96 segment 1/5
2026-09-06T19:30:44.975+01:00 INFO : 3 points above threshold
2026-09-06T19:30:44.979+01:00 INFO : Filtering template 67/96 segment 2/5
2026-09-06T19:30:44.980+01:00 INFO : Filtering template 67/96 segment 3/5
2026-09-06T19:30:44.980+01:00 INFO : 1 points above threshold
2026-09-06T19:30:44.983+01:00 INFO : Filtering template 67/96 segment 4/5
2026-09-06T19:30:44.983+01:00 INFO : Filtering template 67/96 segment 5/5
2026-09-06T19:30:44.984+01:00 INFO : 67: generating IMRPhenomD from 30.0 Hz
2026-09-06T19:30:44.985+01:00 INFO : Decompressing waveform using inline_linear
2026-09-06T19:30:44.987+01:00 INFO : Filtering template 68/96 segment 1/5
2026-09-06T19:30:44.988+01:00 INFO : 1 points above threshold
2026-09-06T19:30:44.991+01:00 INFO : Filtering template 68/96 segment 2/5
2026-09-06T19:30:44.991+01:00 INFO : 1 points above threshold
2026-09-06T19:30:44.994+01:00 INFO : Filtering template 68/96 segment 3/5
2026-09-06T19:30:44.994+01:00 INFO : 1 points above threshold
2026-09-06T19:30:44.997+01:00 INFO : Filtering template 68/96 segment 4/5
2026-09-06T19:30:44.997+01:00 INFO : 1 points above threshold
2026-09-06T19:30:45.000+01:00 INFO : Filtering template 68/96 segment 5/5
2026-09-06T19:30:45.000+01:00 INFO : 1 points above threshold
2026-09-06T19:30:45.003+01:00 INFO : 68: generating IMRPhenomD from 30.0 Hz
2026-09-06T19:30:45.004+01:00 INFO : Decompressing waveform using inline_linear
2026-09-06T19:30:45.006+01:00 INFO : Filtering template 69/96 segment 1/5
2026-09-06T19:30:45.007+01:00 INFO : Filtering template 69/96 segment 2/5
2026-09-06T19:30:45.007+01:00 INFO : Filtering template 69/96 segment 3/5
2026-09-06T19:30:45.008+01:00 INFO : 1 points above threshold
2026-09-06T19:30:45.011+01:00 INFO : Filtering template 69/96 segment 4/5
2026-09-06T19:30:45.011+01:00 INFO : 2 points above threshold
2026-09-06T19:30:45.015+01:00 INFO : Filtering template 69/96 segment 5/5
2026-09-06T19:30:45.016+01:00 INFO : 69: generating IMRPhenomD from 30.0 Hz
2026-09-06T19:30:45.017+01:00 INFO : Decompressing waveform using inline_linear
2026-09-06T19:30:45.019+01:00 INFO : Filtering template 70/96 segment 1/5
2026-09-06T19:30:45.020+01:00 INFO : 2 points above threshold
2026-09-06T19:30:45.024+01:00 INFO : Filtering template 70/96 segment 2/5
2026-09-06T19:30:45.024+01:00 INFO : 2 points above threshold
2026-09-06T19:30:45.028+01:00 INFO : Filtering template 70/96 segment 3/5
2026-09-06T19:30:45.028+01:00 INFO : Filtering template 70/96 segment 4/5
2026-09-06T19:30:45.029+01:00 INFO : 2 points above threshold
2026-09-06T19:30:45.032+01:00 INFO : Filtering template 70/96 segment 5/5
2026-09-06T19:30:45.033+01:00 INFO : 2 points above threshold
2026-09-06T19:30:45.037+01:00 INFO : 70: generating IMRPhenomD from 30.0 Hz
2026-09-06T19:30:45.038+01:00 INFO : Decompressing waveform using inline_linear
2026-09-06T19:30:45.040+01:00 INFO : Filtering template 71/96 segment 1/5
2026-09-06T19:30:45.041+01:00 INFO : Filtering template 71/96 segment 2/5
2026-09-06T19:30:45.041+01:00 INFO : 1 points above threshold
2026-09-06T19:30:45.044+01:00 INFO : Filtering template 71/96 segment 3/5
2026-09-06T19:30:45.045+01:00 INFO : 1 points above threshold
2026-09-06T19:30:45.047+01:00 INFO : Filtering template 71/96 segment 4/5
2026-09-06T19:30:45.048+01:00 INFO : 3 points above threshold
2026-09-06T19:30:45.051+01:00 INFO : Filtering template 71/96 segment 5/5
2026-09-06T19:30:45.052+01:00 INFO : 71: generating IMRPhenomD from 30.0 Hz
2026-09-06T19:30:45.053+01:00 INFO : Decompressing waveform using inline_linear
2026-09-06T19:30:45.055+01:00 INFO : Filtering template 72/96 segment 1/5
2026-09-06T19:30:45.056+01:00 INFO : 2 points above threshold
2026-09-06T19:30:45.060+01:00 INFO : Filtering template 72/96 segment 2/5
2026-09-06T19:30:45.061+01:00 INFO : 1 points above threshold
2026-09-06T19:30:45.063+01:00 INFO : Filtering template 72/96 segment 3/5
2026-09-06T19:30:45.064+01:00 INFO : 1 points above threshold
2026-09-06T19:30:45.066+01:00 INFO : Filtering template 72/96 segment 4/5
2026-09-06T19:30:45.066+01:00 INFO : 3 points above threshold
2026-09-06T19:30:45.070+01:00 INFO : Filtering template 72/96 segment 5/5
2026-09-06T19:30:45.070+01:00 INFO : 3 points above threshold
2026-09-06T19:30:45.074+01:00 INFO : 72: generating IMRPhenomD from 30.0 Hz
2026-09-06T19:30:45.076+01:00 INFO : Decompressing waveform using inline_linear
2026-09-06T19:30:45.077+01:00 INFO : Filtering template 73/96 segment 1/5
2026-09-06T19:30:45.078+01:00 INFO : 1 points above threshold
2026-09-06T19:30:45.081+01:00 INFO : Filtering template 73/96 segment 2/5
2026-09-06T19:30:45.082+01:00 INFO : 1 points above threshold
2026-09-06T19:30:45.084+01:00 INFO : Filtering template 73/96 segment 3/5
2026-09-06T19:30:45.085+01:00 INFO : 1 points above threshold
2026-09-06T19:30:45.087+01:00 INFO : Filtering template 73/96 segment 4/5
2026-09-06T19:30:45.088+01:00 INFO : Filtering template 73/96 segment 5/5
2026-09-06T19:30:45.088+01:00 INFO : 1 points above threshold
2026-09-06T19:30:45.091+01:00 INFO : 73: generating IMRPhenomD from 30.0 Hz
2026-09-06T19:30:45.092+01:00 INFO : Decompressing waveform using inline_linear
2026-09-06T19:30:45.094+01:00 INFO : Filtering template 74/96 segment 1/5
2026-09-06T19:30:45.095+01:00 INFO : 3 points above threshold
2026-09-06T19:30:45.099+01:00 INFO : Filtering template 74/96 segment 2/5
2026-09-06T19:30:45.100+01:00 INFO : 3 points above threshold
2026-09-06T19:30:45.104+01:00 INFO : Filtering template 74/96 segment 3/5
2026-09-06T19:30:45.104+01:00 INFO : Filtering template 74/96 segment 4/5
2026-09-06T19:30:45.105+01:00 INFO : 1 points above threshold
2026-09-06T19:30:45.107+01:00 INFO : Filtering template 74/96 segment 5/5
2026-09-06T19:30:45.108+01:00 INFO : 74: generating IMRPhenomD from 30.0 Hz
2026-09-06T19:30:45.109+01:00 INFO : Decompressing waveform using inline_linear
2026-09-06T19:30:45.111+01:00 INFO : Filtering template 75/96 segment 1/5
2026-09-06T19:30:45.112+01:00 INFO : Filtering template 75/96 segment 2/5
2026-09-06T19:30:45.112+01:00 INFO : 1 points above threshold
2026-09-06T19:30:45.115+01:00 INFO : Filtering template 75/96 segment 3/5
2026-09-06T19:30:45.116+01:00 INFO : 2 points above threshold
2026-09-06T19:30:45.119+01:00 INFO : Filtering template 75/96 segment 4/5
2026-09-06T19:30:45.120+01:00 INFO : Filtering template 75/96 segment 5/5
2026-09-06T19:30:45.120+01:00 INFO : 2 points above threshold
2026-09-06T19:30:45.124+01:00 INFO : 75: generating IMRPhenomD from 30.0 Hz
2026-09-06T19:30:45.125+01:00 INFO : Decompressing waveform using inline_linear
2026-09-06T19:30:45.127+01:00 INFO : Filtering template 76/96 segment 1/5
2026-09-06T19:30:45.128+01:00 INFO : 1 points above threshold
2026-09-06T19:30:45.131+01:00 INFO : Filtering template 76/96 segment 2/5
2026-09-06T19:30:45.132+01:00 INFO : Filtering template 76/96 segment 3/5
2026-09-06T19:30:45.132+01:00 INFO : 1 points above threshold
2026-09-06T19:30:45.135+01:00 INFO : Filtering template 76/96 segment 4/5
2026-09-06T19:30:45.135+01:00 INFO : Filtering template 76/96 segment 5/5
2026-09-06T19:30:45.136+01:00 INFO : 2 points above threshold
2026-09-06T19:30:45.139+01:00 INFO : 76: generating IMRPhenomD from 30.0 Hz
2026-09-06T19:30:45.141+01:00 INFO : Decompressing waveform using inline_linear
2026-09-06T19:30:45.142+01:00 INFO : Filtering template 77/96 segment 1/5
2026-09-06T19:30:45.143+01:00 INFO : Filtering template 77/96 segment 2/5
2026-09-06T19:30:45.144+01:00 INFO : 1 points above threshold
2026-09-06T19:30:45.147+01:00 INFO : Filtering template 77/96 segment 3/5
2026-09-06T19:30:45.147+01:00 INFO : Filtering template 77/96 segment 4/5
2026-09-06T19:30:45.148+01:00 INFO : 1 points above threshold
2026-09-06T19:30:45.150+01:00 INFO : Filtering template 77/96 segment 5/5
2026-09-06T19:30:45.151+01:00 INFO : 77: generating IMRPhenomD from 30.0 Hz
2026-09-06T19:30:45.152+01:00 INFO : Decompressing waveform using inline_linear
2026-09-06T19:30:45.154+01:00 INFO : Filtering template 78/96 segment 1/5
2026-09-06T19:30:45.155+01:00 INFO : Filtering template 78/96 segment 2/5
2026-09-06T19:30:45.155+01:00 INFO : Filtering template 78/96 segment 3/5
2026-09-06T19:30:45.156+01:00 INFO : Filtering template 78/96 segment 4/5
2026-09-06T19:30:45.156+01:00 INFO : 1 points above threshold
2026-09-06T19:30:45.159+01:00 INFO : Filtering template 78/96 segment 5/5
2026-09-06T19:30:45.160+01:00 INFO : 78: generating IMRPhenomD from 30.0 Hz
2026-09-06T19:30:45.161+01:00 INFO : Decompressing waveform using inline_linear
2026-09-06T19:30:45.163+01:00 INFO : Filtering template 79/96 segment 1/5
2026-09-06T19:30:45.164+01:00 INFO : 2 points above threshold
2026-09-06T19:30:45.168+01:00 INFO : Filtering template 79/96 segment 2/5
2026-09-06T19:30:45.168+01:00 INFO : Filtering template 79/96 segment 3/5
2026-09-06T19:30:45.169+01:00 INFO : 1 points above threshold
2026-09-06T19:30:45.171+01:00 INFO : Filtering template 79/96 segment 4/5
2026-09-06T19:30:45.172+01:00 INFO : 1 points above threshold
2026-09-06T19:30:45.174+01:00 INFO : Filtering template 79/96 segment 5/5
2026-09-06T19:30:45.175+01:00 INFO : 3 points above threshold
2026-09-06T19:30:45.178+01:00 INFO : 79: generating IMRPhenomD from 30.0 Hz
2026-09-06T19:30:45.180+01:00 INFO : Decompressing waveform using inline_linear
2026-09-06T19:30:45.181+01:00 INFO : Filtering template 80/96 segment 1/5
2026-09-06T19:30:45.182+01:00 INFO : 2 points above threshold
2026-09-06T19:30:45.186+01:00 INFO : Filtering template 80/96 segment 2/5
2026-09-06T19:30:45.187+01:00 INFO : 1 points above threshold
2026-09-06T19:30:45.189+01:00 INFO : Filtering template 80/96 segment 3/5
2026-09-06T19:30:45.189+01:00 INFO : 1 points above threshold
2026-09-06T19:30:45.192+01:00 INFO : Filtering template 80/96 segment 4/5
2026-09-06T19:30:45.192+01:00 INFO : Filtering template 80/96 segment 5/5
2026-09-06T19:30:45.193+01:00 INFO : 1 points above threshold
2026-09-06T19:30:45.196+01:00 INFO : 80: generating IMRPhenomD from 30.0 Hz
2026-09-06T19:30:45.197+01:00 INFO : Decompressing waveform using inline_linear
2026-09-06T19:30:45.199+01:00 INFO : Filtering template 81/96 segment 1/5
2026-09-06T19:30:45.200+01:00 INFO : 1 points above threshold
2026-09-06T19:30:45.203+01:00 INFO : Filtering template 81/96 segment 2/5
2026-09-06T19:30:45.203+01:00 INFO : 2 points above threshold
2026-09-06T19:30:45.207+01:00 INFO : Filtering template 81/96 segment 3/5
2026-09-06T19:30:45.207+01:00 INFO : 1 points above threshold
2026-09-06T19:30:45.210+01:00 INFO : Filtering template 81/96 segment 4/5
2026-09-06T19:30:45.210+01:00 INFO : Filtering template 81/96 segment 5/5
2026-09-06T19:30:45.211+01:00 INFO : 1 points above threshold
2026-09-06T19:30:45.214+01:00 INFO : 81: generating IMRPhenomD from 30.0 Hz
2026-09-06T19:30:45.215+01:00 INFO : Decompressing waveform using inline_linear
2026-09-06T19:30:45.217+01:00 INFO : Filtering template 82/96 segment 1/5
2026-09-06T19:30:45.217+01:00 INFO : Filtering template 82/96 segment 2/5
2026-09-06T19:30:45.218+01:00 INFO : 2 points above threshold
2026-09-06T19:30:45.222+01:00 INFO : Filtering template 82/96 segment 3/5
2026-09-06T19:30:45.223+01:00 INFO : 1 points above threshold
2026-09-06T19:30:45.225+01:00 INFO : Filtering template 82/96 segment 4/5
2026-09-06T19:30:45.225+01:00 INFO : Filtering template 82/96 segment 5/5
2026-09-06T19:30:45.226+01:00 INFO : 82: generating IMRPhenomD from 30.0 Hz
2026-09-06T19:30:45.227+01:00 INFO : Decompressing waveform using inline_linear
2026-09-06T19:30:45.229+01:00 INFO : Filtering template 83/96 segment 1/5
2026-09-06T19:30:45.230+01:00 INFO : 1 points above threshold
2026-09-06T19:30:45.233+01:00 INFO : Filtering template 83/96 segment 2/5
2026-09-06T19:30:45.234+01:00 INFO : 2 points above threshold
2026-09-06T19:30:45.237+01:00 INFO : Filtering template 83/96 segment 3/5
2026-09-06T19:30:45.238+01:00 INFO : 2 points above threshold
2026-09-06T19:30:45.241+01:00 INFO : Filtering template 83/96 segment 4/5
2026-09-06T19:30:45.241+01:00 INFO : 3 points above threshold
2026-09-06T19:30:45.245+01:00 INFO : Filtering template 83/96 segment 5/5
2026-09-06T19:30:45.245+01:00 INFO : 3 points above threshold
2026-09-06T19:30:45.249+01:00 INFO : 83: generating IMRPhenomD from 30.0 Hz
2026-09-06T19:30:45.251+01:00 INFO : Decompressing waveform using inline_linear
2026-09-06T19:30:45.252+01:00 INFO : Filtering template 84/96 segment 1/5
2026-09-06T19:30:45.253+01:00 INFO : Filtering template 84/96 segment 2/5
2026-09-06T19:30:45.254+01:00 INFO : Filtering template 84/96 segment 3/5
2026-09-06T19:30:45.254+01:00 INFO : 1 points above threshold
2026-09-06T19:30:45.257+01:00 INFO : Filtering template 84/96 segment 4/5
2026-09-06T19:30:45.258+01:00 INFO : 3 points above threshold
2026-09-06T19:30:45.261+01:00 INFO : Filtering template 84/96 segment 5/5
2026-09-06T19:30:45.262+01:00 INFO : 84: generating IMRPhenomD from 30.0 Hz
2026-09-06T19:30:45.263+01:00 INFO : Decompressing waveform using inline_linear
2026-09-06T19:30:45.265+01:00 INFO : Filtering template 85/96 segment 1/5
2026-09-06T19:30:45.266+01:00 INFO : 1 points above threshold
2026-09-06T19:30:45.269+01:00 INFO : Filtering template 85/96 segment 2/5
2026-09-06T19:30:45.270+01:00 INFO : 2 points above threshold
2026-09-06T19:30:45.273+01:00 INFO : Filtering template 85/96 segment 3/5
2026-09-06T19:30:45.274+01:00 INFO : 1 points above threshold
2026-09-06T19:30:45.276+01:00 INFO : Filtering template 85/96 segment 4/5
2026-09-06T19:30:45.276+01:00 INFO : 3 points above threshold
2026-09-06T19:30:45.280+01:00 INFO : Filtering template 85/96 segment 5/5
2026-09-06T19:30:45.280+01:00 INFO : 2 points above threshold
2026-09-06T19:30:45.285+01:00 INFO : 85: generating IMRPhenomD from 30.0 Hz
2026-09-06T19:30:45.286+01:00 INFO : Decompressing waveform using inline_linear
2026-09-06T19:30:45.288+01:00 INFO : Filtering template 86/96 segment 1/5
2026-09-06T19:30:45.289+01:00 INFO : 2 points above threshold
2026-09-06T19:30:45.293+01:00 INFO : Filtering template 86/96 segment 2/5
2026-09-06T19:30:45.293+01:00 INFO : 2 points above threshold
2026-09-06T19:30:45.297+01:00 INFO : Filtering template 86/96 segment 3/5
2026-09-06T19:30:45.297+01:00 INFO : 1 points above threshold
2026-09-06T19:30:45.300+01:00 INFO : Filtering template 86/96 segment 4/5
2026-09-06T19:30:45.300+01:00 INFO : 1 points above threshold
2026-09-06T19:30:45.303+01:00 INFO : Filtering template 86/96 segment 5/5
2026-09-06T19:30:45.303+01:00 INFO : 2 points above threshold
2026-09-06T19:30:45.307+01:00 INFO : 86: generating IMRPhenomD from 30.0 Hz
2026-09-06T19:30:45.309+01:00 INFO : Decompressing waveform using inline_linear
2026-09-06T19:30:45.310+01:00 INFO : Filtering template 87/96 segment 1/5
2026-09-06T19:30:45.311+01:00 INFO : 1 points above threshold
2026-09-06T19:30:45.314+01:00 INFO : Filtering template 87/96 segment 2/5
2026-09-06T19:30:45.315+01:00 INFO : 2 points above threshold
2026-09-06T19:30:45.318+01:00 INFO : Filtering template 87/96 segment 3/5
2026-09-06T19:30:45.319+01:00 INFO : 1 points above threshold
2026-09-06T19:30:45.321+01:00 INFO : Filtering template 87/96 segment 4/5
2026-09-06T19:30:45.322+01:00 INFO : 1 points above threshold
2026-09-06T19:30:45.324+01:00 INFO : Filtering template 87/96 segment 5/5
2026-09-06T19:30:45.325+01:00 INFO : 1 points above threshold
2026-09-06T19:30:45.328+01:00 INFO : 87: generating IMRPhenomD from 30.0 Hz
2026-09-06T19:30:45.329+01:00 INFO : Decompressing waveform using inline_linear
2026-09-06T19:30:45.331+01:00 INFO : Filtering template 88/96 segment 1/5
2026-09-06T19:30:45.332+01:00 INFO : 2 points above threshold
2026-09-06T19:30:45.336+01:00 INFO : Filtering template 88/96 segment 2/5
2026-09-06T19:30:45.336+01:00 INFO : 1 points above threshold
2026-09-06T19:30:45.339+01:00 INFO : Filtering template 88/96 segment 3/5
2026-09-06T19:30:45.339+01:00 INFO : Filtering template 88/96 segment 4/5
2026-09-06T19:30:45.340+01:00 INFO : Filtering template 88/96 segment 5/5
2026-09-06T19:30:45.340+01:00 INFO : 2 points above threshold
2026-09-06T19:30:45.344+01:00 INFO : 88: generating IMRPhenomD from 30.0 Hz
2026-09-06T19:30:45.345+01:00 INFO : Decompressing waveform using inline_linear
2026-09-06T19:30:45.347+01:00 INFO : Filtering template 89/96 segment 1/5
2026-09-06T19:30:45.348+01:00 INFO : 2 points above threshold
2026-09-06T19:30:45.352+01:00 INFO : Filtering template 89/96 segment 2/5
2026-09-06T19:30:45.353+01:00 INFO : 1 points above threshold
2026-09-06T19:30:45.355+01:00 INFO : Filtering template 89/96 segment 3/5
2026-09-06T19:30:45.356+01:00 INFO : 2 points above threshold
2026-09-06T19:30:45.359+01:00 INFO : Filtering template 89/96 segment 4/5
2026-09-06T19:30:45.359+01:00 INFO : Filtering template 89/96 segment 5/5
2026-09-06T19:30:45.360+01:00 INFO : 89: generating IMRPhenomD from 30.0 Hz
2026-09-06T19:30:45.362+01:00 INFO : Decompressing waveform using inline_linear
2026-09-06T19:30:45.363+01:00 INFO : Filtering template 90/96 segment 1/5
2026-09-06T19:30:45.364+01:00 INFO : Filtering template 90/96 segment 2/5
2026-09-06T19:30:45.365+01:00 INFO : 1 points above threshold
2026-09-06T19:30:45.368+01:00 INFO : Filtering template 90/96 segment 3/5
2026-09-06T19:30:45.368+01:00 INFO : 3 points above threshold
2026-09-06T19:30:45.372+01:00 INFO : Filtering template 90/96 segment 4/5
2026-09-06T19:30:45.372+01:00 INFO : Filtering template 90/96 segment 5/5
2026-09-06T19:30:45.373+01:00 INFO : 1 points above threshold
2026-09-06T19:30:45.376+01:00 INFO : 90: generating IMRPhenomD from 30.0 Hz
2026-09-06T19:30:45.377+01:00 INFO : Decompressing waveform using inline_linear
2026-09-06T19:30:45.379+01:00 INFO : Filtering template 91/96 segment 1/5
2026-09-06T19:30:45.380+01:00 INFO : Filtering template 91/96 segment 2/5
2026-09-06T19:30:45.380+01:00 INFO : 2 points above threshold
2026-09-06T19:30:45.384+01:00 INFO : Filtering template 91/96 segment 3/5
2026-09-06T19:30:45.385+01:00 INFO : 3 points above threshold
2026-09-06T19:30:45.388+01:00 INFO : Filtering template 91/96 segment 4/5
2026-09-06T19:30:45.389+01:00 INFO : Filtering template 91/96 segment 5/5
2026-09-06T19:30:45.389+01:00 INFO : 1 points above threshold
2026-09-06T19:30:45.392+01:00 INFO : 91: generating IMRPhenomD from 30.0 Hz
2026-09-06T19:30:45.393+01:00 INFO : Decompressing waveform using inline_linear
2026-09-06T19:30:45.395+01:00 INFO : Filtering template 92/96 segment 1/5
2026-09-06T19:30:45.396+01:00 INFO : 2 points above threshold
2026-09-06T19:30:45.400+01:00 INFO : Filtering template 92/96 segment 2/5
2026-09-06T19:30:45.401+01:00 INFO : 1 points above threshold
2026-09-06T19:30:45.403+01:00 INFO : Filtering template 92/96 segment 3/5
2026-09-06T19:30:45.403+01:00 INFO : 2 points above threshold
2026-09-06T19:30:45.407+01:00 INFO : Filtering template 92/96 segment 4/5
2026-09-06T19:30:45.407+01:00 INFO : 1 points above threshold
2026-09-06T19:30:45.410+01:00 INFO : Filtering template 92/96 segment 5/5
2026-09-06T19:30:45.410+01:00 INFO : 1 points above threshold
2026-09-06T19:30:45.413+01:00 INFO : 92: generating IMRPhenomD from 30.0 Hz
2026-09-06T19:30:45.415+01:00 INFO : Decompressing waveform using inline_linear
2026-09-06T19:30:45.416+01:00 INFO : Filtering template 93/96 segment 1/5
2026-09-06T19:30:45.417+01:00 INFO : Filtering template 93/96 segment 2/5
2026-09-06T19:30:45.418+01:00 INFO : 3 points above threshold
2026-09-06T19:30:45.422+01:00 INFO : Filtering template 93/96 segment 3/5
2026-09-06T19:30:45.422+01:00 INFO : 3 points above threshold
2026-09-06T19:30:45.426+01:00 INFO : Filtering template 93/96 segment 4/5
2026-09-06T19:30:45.426+01:00 INFO : 1 points above threshold
2026-09-06T19:30:45.429+01:00 INFO : Filtering template 93/96 segment 5/5
2026-09-06T19:30:45.429+01:00 INFO : 1 points above threshold
2026-09-06T19:30:45.432+01:00 INFO : 93: generating IMRPhenomD from 30.0 Hz
2026-09-06T19:30:45.433+01:00 INFO : Decompressing waveform using inline_linear
2026-09-06T19:30:45.435+01:00 INFO : Filtering template 94/96 segment 1/5
2026-09-06T19:30:45.436+01:00 INFO : 1 points above threshold
2026-09-06T19:30:45.439+01:00 INFO : Filtering template 94/96 segment 2/5
2026-09-06T19:30:45.440+01:00 INFO : 2 points above threshold
2026-09-06T19:30:45.443+01:00 INFO : Filtering template 94/96 segment 3/5
2026-09-06T19:30:45.444+01:00 INFO : 4 points above threshold
2026-09-06T19:30:45.447+01:00 INFO : Filtering template 94/96 segment 4/5
2026-09-06T19:30:45.448+01:00 INFO : Filtering template 94/96 segment 5/5
2026-09-06T19:30:45.448+01:00 INFO : 2 points above threshold
2026-09-06T19:30:45.453+01:00 INFO : 94: generating IMRPhenomD from 30.0 Hz
2026-09-06T19:30:45.454+01:00 INFO : Decompressing waveform using inline_linear
2026-09-06T19:30:45.456+01:00 INFO : Filtering template 95/96 segment 1/5
2026-09-06T19:30:45.456+01:00 INFO : 3 points above threshold
2026-09-06T19:30:45.460+01:00 INFO : Filtering template 95/96 segment 2/5
2026-09-06T19:30:45.461+01:00 INFO : 2 points above threshold
2026-09-06T19:30:45.464+01:00 INFO : Filtering template 95/96 segment 3/5
2026-09-06T19:30:45.464+01:00 INFO : 2 points above threshold
2026-09-06T19:30:45.467+01:00 INFO : Filtering template 95/96 segment 4/5
2026-09-06T19:30:45.468+01:00 INFO : 1 points above threshold
2026-09-06T19:30:45.470+01:00 INFO : Filtering template 95/96 segment 5/5
2026-09-06T19:30:45.471+01:00 INFO : 95: generating IMRPhenomD from 30.0 Hz
2026-09-06T19:30:45.473+01:00 INFO : Decompressing waveform using inline_linear
2026-09-06T19:30:45.474+01:00 INFO : Filtering template 96/96 segment 1/5
2026-09-06T19:30:45.475+01:00 INFO : 2 points above threshold
2026-09-06T19:30:45.480+01:00 INFO : Filtering template 96/96 segment 2/5
2026-09-06T19:30:45.480+01:00 INFO : Filtering template 96/96 segment 3/5
2026-09-06T19:30:45.481+01:00 INFO : Filtering template 96/96 segment 4/5
2026-09-06T19:30:45.481+01:00 INFO : 1 points above threshold
2026-09-06T19:30:45.483+01:00 INFO : Filtering template 96/96 segment 5/5
2026-09-06T19:30:45.484+01:00 INFO : We currently have 527 triggers
2026-09-06T19:30:45.484+01:00 INFO : Removing triggers with NewSNR below threshold
2026-09-06T19:30:45.485+01:00 INFO : 475 remaining triggers
2026-09-06T19:30:45.485+01:00 INFO : Outputting 475 triggers
2026-09-06T19:30:45.485+01:00 INFO : Writing out triggers
2026-09-06T19:30:45.496+01:00 INFO : Finished
