2026-09-06T20:05:16.962+01:00 INFO : Running with CPU support: 1 threads
2026-09-06T20:05:16.962+01:00 INFO : Reading Frames
2026-09-06T20:05:23.664+01:00 INFO : Highpass Filtering
2026-09-06T20:05:24.116+01:00 INFO : Resampling data
2026-09-06T20:05:24.128+01:00 INFO : Converting to float32
/home/xangma/pycbc-torch-inspiral-reference-20260906/source-v5/pycbc/types/array.py:872: RuntimeWarning: divide by zero encountered in divide
  return self._data.__rtruediv__(other)
2026-09-06T20:05:29.216+01:00 INFO : Highpass Filtering
2026-09-06T20:05:29.695+01:00 INFO : Remove Padding
2026-09-06T20:05:29.717+01:00 INFO : Making frequency-domain data segments
2026-09-06T20:05:32.237+01:00 INFO : Overwhitening frequency-domain data segments
2026-09-06T20:05:32.257+01:00 INFO : Read in template bank
2026-09-06T20:05:32.267+01:00 INFO : Full template bank size: 96
2026-09-06T20:05:32.268+01:00 INFO : Template bank size after thinning: 96
2026-09-06T20:05:32.268+01:00 INFO : 0: generating IMRPhenomD from 30.0 Hz
2026-09-06T20:05:32.271+01:00 INFO : Decompressing waveform using inline_linear
2026-09-06T20:05:32.277+01:00 INFO : Filtering template 1/96 segment 1/5
2026-09-06T20:05:32.324+01:00 INFO : 1 points above threshold
2026-09-06T20:05:32.347+01:00 INFO : Filtering template 1/96 segment 2/5
2026-09-06T20:05:32.365+01:00 INFO : Filtering template 1/96 segment 3/5
2026-09-06T20:05:32.382+01:00 INFO : 1 points above threshold
2026-09-06T20:05:32.387+01:00 INFO : Filtering template 1/96 segment 4/5
2026-09-06T20:05:32.405+01:00 INFO : Filtering template 1/96 segment 5/5
2026-09-06T20:05:32.423+01:00 INFO : 1 points above threshold
2026-09-06T20:05:32.428+01:00 INFO : 1: generating IMRPhenomD from 30.0 Hz
2026-09-06T20:05:32.431+01:00 INFO : Decompressing waveform using inline_linear
2026-09-06T20:05:32.436+01:00 INFO : Filtering template 2/96 segment 1/5
2026-09-06T20:05:32.456+01:00 INFO : 1 points above threshold
2026-09-06T20:05:32.471+01:00 INFO : Filtering template 2/96 segment 2/5
2026-09-06T20:05:32.489+01:00 INFO : 1 points above threshold
2026-09-06T20:05:32.494+01:00 INFO : Filtering template 2/96 segment 3/5
2026-09-06T20:05:32.512+01:00 INFO : 2 points above threshold
2026-09-06T20:05:32.519+01:00 INFO : Filtering template 2/96 segment 4/5
2026-09-06T20:05:32.537+01:00 INFO : Filtering template 2/96 segment 5/5
2026-09-06T20:05:32.556+01:00 INFO : 1 points above threshold
2026-09-06T20:05:32.561+01:00 INFO : 2: generating IMRPhenomD from 30.0 Hz
2026-09-06T20:05:32.564+01:00 INFO : Decompressing waveform using inline_linear
2026-09-06T20:05:32.569+01:00 INFO : Filtering template 3/96 segment 1/5
2026-09-06T20:05:32.590+01:00 INFO : 3 points above threshold
2026-09-06T20:05:32.610+01:00 INFO : Filtering template 3/96 segment 2/5
2026-09-06T20:05:32.630+01:00 INFO : Filtering template 3/96 segment 3/5
2026-09-06T20:05:32.648+01:00 INFO : 1 points above threshold
2026-09-06T20:05:32.653+01:00 INFO : Filtering template 3/96 segment 4/5
2026-09-06T20:05:32.671+01:00 INFO : 1 points above threshold
2026-09-06T20:05:32.677+01:00 INFO : Filtering template 3/96 segment 5/5
2026-09-06T20:05:32.695+01:00 INFO : 3: generating IMRPhenomD from 30.0 Hz
2026-09-06T20:05:32.698+01:00 INFO : Decompressing waveform using inline_linear
2026-09-06T20:05:32.703+01:00 INFO : Filtering template 4/96 segment 1/5
2026-09-06T20:05:32.723+01:00 INFO : 1 points above threshold
2026-09-06T20:05:32.738+01:00 INFO : Filtering template 4/96 segment 2/5
2026-09-06T20:05:32.756+01:00 INFO : 1 points above threshold
2026-09-06T20:05:32.761+01:00 INFO : Filtering template 4/96 segment 3/5
2026-09-06T20:05:32.779+01:00 INFO : 2 points above threshold
2026-09-06T20:05:32.786+01:00 INFO : Filtering template 4/96 segment 4/5
2026-09-06T20:05:32.803+01:00 INFO : 2 points above threshold
2026-09-06T20:05:32.810+01:00 INFO : Filtering template 4/96 segment 5/5
2026-09-06T20:05:32.828+01:00 INFO : 2 points above threshold
2026-09-06T20:05:32.835+01:00 INFO : 4: generating IMRPhenomD from 30.0 Hz
2026-09-06T20:05:32.838+01:00 INFO : Decompressing waveform using inline_linear
2026-09-06T20:05:32.842+01:00 INFO : Filtering template 5/96 segment 1/5
2026-09-06T20:05:32.863+01:00 INFO : 1 points above threshold
2026-09-06T20:05:32.878+01:00 INFO : Filtering template 5/96 segment 2/5
2026-09-06T20:05:32.896+01:00 INFO : 2 points above threshold
2026-09-06T20:05:32.903+01:00 INFO : Filtering template 5/96 segment 3/5
2026-09-06T20:05:32.920+01:00 INFO : 2 points above threshold
2026-09-06T20:05:32.927+01:00 INFO : Filtering template 5/96 segment 4/5
2026-09-06T20:05:32.945+01:00 INFO : 2 points above threshold
2026-09-06T20:05:32.953+01:00 INFO : Filtering template 5/96 segment 5/5
2026-09-06T20:05:32.970+01:00 INFO : 5: generating IMRPhenomD from 30.0 Hz
2026-09-06T20:05:32.973+01:00 INFO : Decompressing waveform using inline_linear
2026-09-06T20:05:32.978+01:00 INFO : Filtering template 6/96 segment 1/5
2026-09-06T20:05:32.998+01:00 INFO : 1 points above threshold
2026-09-06T20:05:33.013+01:00 INFO : Filtering template 6/96 segment 2/5
2026-09-06T20:05:33.031+01:00 INFO : Filtering template 6/96 segment 3/5
2026-09-06T20:05:33.048+01:00 INFO : Filtering template 6/96 segment 4/5
2026-09-06T20:05:33.066+01:00 INFO : Filtering template 6/96 segment 5/5
2026-09-06T20:05:33.083+01:00 INFO : 1 points above threshold
2026-09-06T20:05:33.089+01:00 INFO : 6: generating IMRPhenomD from 30.0 Hz
2026-09-06T20:05:33.092+01:00 INFO : Decompressing waveform using inline_linear
2026-09-06T20:05:33.096+01:00 INFO : Filtering template 7/96 segment 1/5
2026-09-06T20:05:33.116+01:00 INFO : 2 points above threshold
2026-09-06T20:05:33.133+01:00 INFO : Filtering template 7/96 segment 2/5
2026-09-06T20:05:33.151+01:00 INFO : Filtering template 7/96 segment 3/5
2026-09-06T20:05:33.169+01:00 INFO : Filtering template 7/96 segment 4/5
2026-09-06T20:05:33.186+01:00 INFO : 1 points above threshold
2026-09-06T20:05:33.192+01:00 INFO : Filtering template 7/96 segment 5/5
2026-09-06T20:05:33.209+01:00 INFO : 7: generating IMRPhenomD from 30.0 Hz
2026-09-06T20:05:33.212+01:00 INFO : Decompressing waveform using inline_linear
2026-09-06T20:05:33.217+01:00 INFO : Filtering template 8/96 segment 1/5
2026-09-06T20:05:33.237+01:00 INFO : 2 points above threshold
2026-09-06T20:05:33.254+01:00 INFO : Filtering template 8/96 segment 2/5
2026-09-06T20:05:33.272+01:00 INFO : 1 points above threshold
2026-09-06T20:05:33.277+01:00 INFO : Filtering template 8/96 segment 3/5
2026-09-06T20:05:33.295+01:00 INFO : 4 points above threshold
2026-09-06T20:05:33.303+01:00 INFO : Filtering template 8/96 segment 4/5
2026-09-06T20:05:33.321+01:00 INFO : Filtering template 8/96 segment 5/5
2026-09-06T20:05:33.339+01:00 INFO : 8: generating IMRPhenomD from 30.0 Hz
2026-09-06T20:05:33.341+01:00 INFO : Decompressing waveform using inline_linear
2026-09-06T20:05:33.346+01:00 INFO : Filtering template 9/96 segment 1/5
2026-09-06T20:05:33.366+01:00 INFO : Filtering template 9/96 segment 2/5
2026-09-06T20:05:33.384+01:00 INFO : 1 points above threshold
2026-09-06T20:05:33.397+01:00 INFO : Filtering template 9/96 segment 3/5
2026-09-06T20:05:33.415+01:00 INFO : 2 points above threshold
2026-09-06T20:05:33.422+01:00 INFO : Filtering template 9/96 segment 4/5
2026-09-06T20:05:33.439+01:00 INFO : 1 points above threshold
2026-09-06T20:05:33.444+01:00 INFO : Filtering template 9/96 segment 5/5
2026-09-06T20:05:33.462+01:00 INFO : 3 points above threshold
2026-09-06T20:05:33.471+01:00 INFO : 9: generating IMRPhenomD from 30.0 Hz
2026-09-06T20:05:33.474+01:00 INFO : Decompressing waveform using inline_linear
2026-09-06T20:05:33.479+01:00 INFO : Filtering template 10/96 segment 1/5
2026-09-06T20:05:33.499+01:00 INFO : 1 points above threshold
2026-09-06T20:05:33.512+01:00 INFO : Filtering template 10/96 segment 2/5
2026-09-06T20:05:33.530+01:00 INFO : 1 points above threshold
2026-09-06T20:05:33.535+01:00 INFO : Filtering template 10/96 segment 3/5
2026-09-06T20:05:33.552+01:00 INFO : Filtering template 10/96 segment 4/5
2026-09-06T20:05:33.570+01:00 INFO : 2 points above threshold
2026-09-06T20:05:33.577+01:00 INFO : Filtering template 10/96 segment 5/5
2026-09-06T20:05:33.595+01:00 INFO : 1 points above threshold
2026-09-06T20:05:33.600+01:00 INFO : 10: generating IMRPhenomD from 30.0 Hz
2026-09-06T20:05:33.603+01:00 INFO : Decompressing waveform using inline_linear
2026-09-06T20:05:33.607+01:00 INFO : Filtering template 11/96 segment 1/5
2026-09-06T20:05:33.627+01:00 INFO : 4 points above threshold
2026-09-06T20:05:33.644+01:00 INFO : Filtering template 11/96 segment 2/5
2026-09-06T20:05:33.662+01:00 INFO : 2 points above threshold
2026-09-06T20:05:33.669+01:00 INFO : Filtering template 11/96 segment 3/5
2026-09-06T20:05:33.686+01:00 INFO : 1 points above threshold
2026-09-06T20:05:33.691+01:00 INFO : Filtering template 11/96 segment 4/5
2026-09-06T20:05:33.709+01:00 INFO : Filtering template 11/96 segment 5/5
2026-09-06T20:05:33.727+01:00 INFO : 11: generating IMRPhenomD from 30.0 Hz
2026-09-06T20:05:33.730+01:00 INFO : Decompressing waveform using inline_linear
2026-09-06T20:05:33.735+01:00 INFO : Filtering template 12/96 segment 1/5
2026-09-06T20:05:33.754+01:00 INFO : 1 points above threshold
2026-09-06T20:05:33.768+01:00 INFO : Filtering template 12/96 segment 2/5
2026-09-06T20:05:33.786+01:00 INFO : 1 points above threshold
2026-09-06T20:05:33.791+01:00 INFO : Filtering template 12/96 segment 3/5
2026-09-06T20:05:33.808+01:00 INFO : 1 points above threshold
2026-09-06T20:05:33.814+01:00 INFO : Filtering template 12/96 segment 4/5
2026-09-06T20:05:33.831+01:00 INFO : 3 points above threshold
2026-09-06T20:05:33.840+01:00 INFO : Filtering template 12/96 segment 5/5
2026-09-06T20:05:33.858+01:00 INFO : 12: generating IMRPhenomD from 30.0 Hz
2026-09-06T20:05:33.861+01:00 INFO : Decompressing waveform using inline_linear
2026-09-06T20:05:33.866+01:00 INFO : Filtering template 13/96 segment 1/5
2026-09-06T20:05:33.886+01:00 INFO : Filtering template 13/96 segment 2/5
2026-09-06T20:05:33.904+01:00 INFO : 4 points above threshold
2026-09-06T20:05:33.921+01:00 INFO : Filtering template 13/96 segment 3/5
2026-09-06T20:05:33.938+01:00 INFO : Filtering template 13/96 segment 4/5
2026-09-06T20:05:33.956+01:00 INFO : Filtering template 13/96 segment 5/5
2026-09-06T20:05:33.973+01:00 INFO : 1 points above threshold
2026-09-06T20:05:33.979+01:00 INFO : 13: generating IMRPhenomD from 30.0 Hz
2026-09-06T20:05:33.981+01:00 INFO : Decompressing waveform using inline_linear
2026-09-06T20:05:33.986+01:00 INFO : Filtering template 14/96 segment 1/5
2026-09-06T20:05:34.006+01:00 INFO : 1 points above threshold
2026-09-06T20:05:34.020+01:00 INFO : Filtering template 14/96 segment 2/5
2026-09-06T20:05:34.037+01:00 INFO : 2 points above threshold
2026-09-06T20:05:34.045+01:00 INFO : Filtering template 14/96 segment 3/5
2026-09-06T20:05:34.062+01:00 INFO : 3 points above threshold
2026-09-06T20:05:34.072+01:00 INFO : Filtering template 14/96 segment 4/5
2026-09-06T20:05:34.089+01:00 INFO : 2 points above threshold
2026-09-06T20:05:34.096+01:00 INFO : Filtering template 14/96 segment 5/5
2026-09-06T20:05:34.114+01:00 INFO : 14: generating IMRPhenomD from 30.0 Hz
2026-09-06T20:05:34.117+01:00 INFO : Decompressing waveform using inline_linear
2026-09-06T20:05:34.121+01:00 INFO : Filtering template 15/96 segment 1/5
2026-09-06T20:05:34.141+01:00 INFO : 1 points above threshold
2026-09-06T20:05:34.155+01:00 INFO : Filtering template 15/96 segment 2/5
2026-09-06T20:05:34.172+01:00 INFO : Filtering template 15/96 segment 3/5
2026-09-06T20:05:34.190+01:00 INFO : 1 points above threshold
2026-09-06T20:05:34.195+01:00 INFO : Filtering template 15/96 segment 4/5
2026-09-06T20:05:34.213+01:00 INFO : 1 points above threshold
2026-09-06T20:05:34.218+01:00 INFO : Filtering template 15/96 segment 5/5
2026-09-06T20:05:34.235+01:00 INFO : 3 points above threshold
2026-09-06T20:05:34.244+01:00 INFO : 15: generating IMRPhenomD from 30.0 Hz
2026-09-06T20:05:34.247+01:00 INFO : Decompressing waveform using inline_linear
2026-09-06T20:05:34.252+01:00 INFO : Filtering template 16/96 segment 1/5
2026-09-06T20:05:34.272+01:00 INFO : 1 points above threshold
2026-09-06T20:05:34.286+01:00 INFO : Filtering template 16/96 segment 2/5
2026-09-06T20:05:34.303+01:00 INFO : 2 points above threshold
2026-09-06T20:05:34.310+01:00 INFO : Filtering template 16/96 segment 3/5
2026-09-06T20:05:34.328+01:00 INFO : 3 points above threshold
2026-09-06T20:05:34.337+01:00 INFO : Filtering template 16/96 segment 4/5
2026-09-06T20:05:34.355+01:00 INFO : 2 points above threshold
2026-09-06T20:05:34.362+01:00 INFO : Filtering template 16/96 segment 5/5
2026-09-06T20:05:34.379+01:00 INFO : 16: generating IMRPhenomD from 30.0 Hz
2026-09-06T20:05:34.382+01:00 INFO : Decompressing waveform using inline_linear
2026-09-06T20:05:34.387+01:00 INFO : Filtering template 17/96 segment 1/5
2026-09-06T20:05:34.407+01:00 INFO : 2 points above threshold
2026-09-06T20:05:34.424+01:00 INFO : Filtering template 17/96 segment 2/5
2026-09-06T20:05:34.442+01:00 INFO : 3 points above threshold
2026-09-06T20:05:34.451+01:00 INFO : Filtering template 17/96 segment 3/5
2026-09-06T20:05:34.468+01:00 INFO : Filtering template 17/96 segment 4/5
2026-09-06T20:05:34.486+01:00 INFO : 2 points above threshold
2026-09-06T20:05:34.493+01:00 INFO : Filtering template 17/96 segment 5/5
2026-09-06T20:05:34.511+01:00 INFO : 3 points above threshold
2026-09-06T20:05:34.520+01:00 INFO : 17: generating IMRPhenomD from 30.0 Hz
2026-09-06T20:05:34.523+01:00 INFO : Decompressing waveform using inline_linear
2026-09-06T20:05:34.528+01:00 INFO : Filtering template 18/96 segment 1/5
2026-09-06T20:05:34.547+01:00 INFO : Filtering template 18/96 segment 2/5
2026-09-06T20:05:34.565+01:00 INFO : Filtering template 18/96 segment 3/5
2026-09-06T20:05:34.583+01:00 INFO : 1 points above threshold
2026-09-06T20:05:34.598+01:00 INFO : Filtering template 18/96 segment 4/5
2026-09-06T20:05:34.615+01:00 INFO : Filtering template 18/96 segment 5/5
2026-09-06T20:05:34.633+01:00 INFO : 2 points above threshold
2026-09-06T20:05:34.640+01:00 INFO : 18: generating IMRPhenomD from 30.0 Hz
2026-09-06T20:05:34.643+01:00 INFO : Decompressing waveform using inline_linear
2026-09-06T20:05:34.648+01:00 INFO : Filtering template 19/96 segment 1/5
2026-09-06T20:05:34.667+01:00 INFO : 3 points above threshold
2026-09-06T20:05:34.687+01:00 INFO : Filtering template 19/96 segment 2/5
2026-09-06T20:05:34.704+01:00 INFO : 1 points above threshold
2026-09-06T20:05:34.709+01:00 INFO : Filtering template 19/96 segment 3/5
2026-09-06T20:05:34.727+01:00 INFO : 1 points above threshold
2026-09-06T20:05:34.732+01:00 INFO : Filtering template 19/96 segment 4/5
2026-09-06T20:05:34.750+01:00 INFO : 3 points above threshold
2026-09-06T20:05:34.759+01:00 INFO : Filtering template 19/96 segment 5/5
2026-09-06T20:05:34.776+01:00 INFO : 1 points above threshold
2026-09-06T20:05:34.782+01:00 INFO : 19: generating IMRPhenomD from 30.0 Hz
2026-09-06T20:05:34.784+01:00 INFO : Decompressing waveform using inline_linear
2026-09-06T20:05:34.789+01:00 INFO : Filtering template 20/96 segment 1/5
2026-09-06T20:05:34.809+01:00 INFO : 1 points above threshold
2026-09-06T20:05:34.824+01:00 INFO : Filtering template 20/96 segment 2/5
2026-09-06T20:05:34.842+01:00 INFO : 3 points above threshold
2026-09-06T20:05:34.851+01:00 INFO : Filtering template 20/96 segment 3/5
2026-09-06T20:05:34.868+01:00 INFO : Filtering template 20/96 segment 4/5
2026-09-06T20:05:34.886+01:00 INFO : 2 points above threshold
2026-09-06T20:05:34.893+01:00 INFO : Filtering template 20/96 segment 5/5
2026-09-06T20:05:34.911+01:00 INFO : 20: generating IMRPhenomD from 30.0 Hz
2026-09-06T20:05:34.914+01:00 INFO : Decompressing waveform using inline_linear
2026-09-06T20:05:34.918+01:00 INFO : Filtering template 21/96 segment 1/5
2026-09-06T20:05:34.938+01:00 INFO : 1 points above threshold
2026-09-06T20:05:34.953+01:00 INFO : Filtering template 21/96 segment 2/5
2026-09-06T20:05:34.971+01:00 INFO : 1 points above threshold
2026-09-06T20:05:34.976+01:00 INFO : Filtering template 21/96 segment 3/5
2026-09-06T20:05:34.994+01:00 INFO : 1 points above threshold
2026-09-06T20:05:34.999+01:00 INFO : Filtering template 21/96 segment 4/5
2026-09-06T20:05:35.016+01:00 INFO : Filtering template 21/96 segment 5/5
2026-09-06T20:05:35.034+01:00 INFO : 21: generating IMRPhenomD from 30.0 Hz
2026-09-06T20:05:35.037+01:00 INFO : Decompressing waveform using inline_linear
2026-09-06T20:05:35.042+01:00 INFO : Filtering template 22/96 segment 1/5
2026-09-06T20:05:35.062+01:00 INFO : 5 points above threshold
2026-09-06T20:05:35.083+01:00 INFO : Filtering template 22/96 segment 2/5
2026-09-06T20:05:35.101+01:00 INFO : Filtering template 22/96 segment 3/5
2026-09-06T20:05:35.119+01:00 INFO : Filtering template 22/96 segment 4/5
2026-09-06T20:05:35.136+01:00 INFO : 1 points above threshold
2026-09-06T20:05:35.141+01:00 INFO : Filtering template 22/96 segment 5/5
2026-09-06T20:05:35.159+01:00 INFO : 1 points above threshold
2026-09-06T20:05:35.164+01:00 INFO : 22: generating IMRPhenomD from 30.0 Hz
2026-09-06T20:05:35.167+01:00 INFO : Decompressing waveform using inline_linear
2026-09-06T20:05:35.172+01:00 INFO : Filtering template 23/96 segment 1/5
2026-09-06T20:05:35.191+01:00 INFO : 2 points above threshold
2026-09-06T20:05:35.208+01:00 INFO : Filtering template 23/96 segment 2/5
2026-09-06T20:05:35.226+01:00 INFO : 1 points above threshold
2026-09-06T20:05:35.231+01:00 INFO : Filtering template 23/96 segment 3/5
2026-09-06T20:05:35.248+01:00 INFO : 1 points above threshold
2026-09-06T20:05:35.254+01:00 INFO : Filtering template 23/96 segment 4/5
2026-09-06T20:05:35.271+01:00 INFO : Filtering template 23/96 segment 5/5
2026-09-06T20:05:35.289+01:00 INFO : 23: generating IMRPhenomD from 30.0 Hz
2026-09-06T20:05:35.292+01:00 INFO : Decompressing waveform using inline_linear
2026-09-06T20:05:35.297+01:00 INFO : Filtering template 24/96 segment 1/5
2026-09-06T20:05:35.316+01:00 INFO : 1 points above threshold
2026-09-06T20:05:35.331+01:00 INFO : Filtering template 24/96 segment 2/5
2026-09-06T20:05:35.349+01:00 INFO : 2 points above threshold
2026-09-06T20:05:35.356+01:00 INFO : Filtering template 24/96 segment 3/5
2026-09-06T20:05:35.373+01:00 INFO : 1 points above threshold
2026-09-06T20:05:35.379+01:00 INFO : Filtering template 24/96 segment 4/5
2026-09-06T20:05:35.396+01:00 INFO : Filtering template 24/96 segment 5/5
2026-09-06T20:05:35.414+01:00 INFO : 2 points above threshold
2026-09-06T20:05:35.421+01:00 INFO : 24: generating IMRPhenomD from 30.0 Hz
2026-09-06T20:05:35.424+01:00 INFO : Decompressing waveform using inline_linear
2026-09-06T20:05:35.429+01:00 INFO : Filtering template 25/96 segment 1/5
2026-09-06T20:05:35.448+01:00 INFO : 2 points above threshold
2026-09-06T20:05:35.465+01:00 INFO : Filtering template 25/96 segment 2/5
2026-09-06T20:05:35.483+01:00 INFO : Filtering template 25/96 segment 3/5
2026-09-06T20:05:35.500+01:00 INFO : Filtering template 25/96 segment 4/5
2026-09-06T20:05:35.518+01:00 INFO : Filtering template 25/96 segment 5/5
2026-09-06T20:05:35.536+01:00 INFO : 25: generating IMRPhenomD from 30.0 Hz
2026-09-06T20:05:35.539+01:00 INFO : Decompressing waveform using inline_linear
2026-09-06T20:05:35.544+01:00 INFO : Filtering template 26/96 segment 1/5
2026-09-06T20:05:35.563+01:00 INFO : Filtering template 26/96 segment 2/5
2026-09-06T20:05:35.581+01:00 INFO : 2 points above threshold
2026-09-06T20:05:35.598+01:00 INFO : Filtering template 26/96 segment 3/5
2026-09-06T20:05:35.616+01:00 INFO : Filtering template 26/96 segment 4/5
2026-09-06T20:05:35.633+01:00 INFO : 2 points above threshold
2026-09-06T20:05:35.640+01:00 INFO : Filtering template 26/96 segment 5/5
2026-09-06T20:05:35.657+01:00 INFO : 2 points above threshold
2026-09-06T20:05:35.665+01:00 INFO : 26: generating IMRPhenomD from 30.0 Hz
2026-09-06T20:05:35.667+01:00 INFO : Decompressing waveform using inline_linear
2026-09-06T20:05:35.672+01:00 INFO : Filtering template 27/96 segment 1/5
2026-09-06T20:05:35.692+01:00 INFO : 3 points above threshold
2026-09-06T20:05:35.712+01:00 INFO : Filtering template 27/96 segment 2/5
2026-09-06T20:05:35.730+01:00 INFO : Filtering template 27/96 segment 3/5
2026-09-06T20:05:35.747+01:00 INFO : 1 points above threshold
2026-09-06T20:05:35.752+01:00 INFO : Filtering template 27/96 segment 4/5
2026-09-06T20:05:35.770+01:00 INFO : Filtering template 27/96 segment 5/5
2026-09-06T20:05:35.788+01:00 INFO : 27: generating IMRPhenomD from 30.0 Hz
2026-09-06T20:05:35.791+01:00 INFO : Decompressing waveform using inline_linear
2026-09-06T20:05:35.796+01:00 INFO : Filtering template 28/96 segment 1/5
2026-09-06T20:05:35.815+01:00 INFO : 3 points above threshold
2026-09-06T20:05:35.836+01:00 INFO : Filtering template 28/96 segment 2/5
2026-09-06T20:05:35.853+01:00 INFO : 1 points above threshold
2026-09-06T20:05:35.859+01:00 INFO : Filtering template 28/96 segment 3/5
2026-09-06T20:05:35.876+01:00 INFO : 2 points above threshold
2026-09-06T20:05:35.884+01:00 INFO : Filtering template 28/96 segment 4/5
2026-09-06T20:05:35.901+01:00 INFO : 1 points above threshold
2026-09-06T20:05:35.906+01:00 INFO : Filtering template 28/96 segment 5/5
2026-09-06T20:05:35.924+01:00 INFO : 28: generating IMRPhenomD from 30.0 Hz
2026-09-06T20:05:35.927+01:00 INFO : Decompressing waveform using inline_linear
2026-09-06T20:05:35.932+01:00 INFO : Filtering template 29/96 segment 1/5
2026-09-06T20:05:35.952+01:00 INFO : 2 points above threshold
2026-09-06T20:05:35.970+01:00 INFO : Filtering template 29/96 segment 2/5
2026-09-06T20:05:35.988+01:00 INFO : 2 points above threshold
2026-09-06T20:05:35.995+01:00 INFO : Filtering template 29/96 segment 3/5
2026-09-06T20:05:36.012+01:00 INFO : 1 points above threshold
2026-09-06T20:05:36.017+01:00 INFO : Filtering template 29/96 segment 4/5
2026-09-06T20:05:36.035+01:00 INFO : 2 points above threshold
2026-09-06T20:05:36.042+01:00 INFO : Filtering template 29/96 segment 5/5
2026-09-06T20:05:36.060+01:00 INFO : 2 points above threshold
2026-09-06T20:05:36.067+01:00 INFO : 29: generating IMRPhenomD from 30.0 Hz
2026-09-06T20:05:36.070+01:00 INFO : Decompressing waveform using inline_linear
2026-09-06T20:05:36.075+01:00 INFO : Filtering template 30/96 segment 1/5
2026-09-06T20:05:36.094+01:00 INFO : 1 points above threshold
2026-09-06T20:05:36.111+01:00 INFO : Filtering template 30/96 segment 2/5
2026-09-06T20:05:36.128+01:00 INFO : 1 points above threshold
2026-09-06T20:05:36.134+01:00 INFO : Filtering template 30/96 segment 3/5
2026-09-06T20:05:36.151+01:00 INFO : 1 points above threshold
2026-09-06T20:05:36.156+01:00 INFO : Filtering template 30/96 segment 4/5
2026-09-06T20:05:36.174+01:00 INFO : Filtering template 30/96 segment 5/5
2026-09-06T20:05:36.191+01:00 INFO : 30: generating IMRPhenomD from 30.0 Hz
2026-09-06T20:05:36.194+01:00 INFO : Decompressing waveform using inline_linear
2026-09-06T20:05:36.199+01:00 INFO : Filtering template 31/96 segment 1/5
2026-09-06T20:05:36.219+01:00 INFO : Filtering template 31/96 segment 2/5
2026-09-06T20:05:36.236+01:00 INFO : 1 points above threshold
2026-09-06T20:05:36.252+01:00 INFO : Filtering template 31/96 segment 3/5
2026-09-06T20:05:36.270+01:00 INFO : Filtering template 31/96 segment 4/5
2026-09-06T20:05:36.287+01:00 INFO : 1 points above threshold
2026-09-06T20:05:36.292+01:00 INFO : Filtering template 31/96 segment 5/5
2026-09-06T20:05:36.310+01:00 INFO : 1 points above threshold
2026-09-06T20:05:36.315+01:00 INFO : 31: generating IMRPhenomD from 30.0 Hz
2026-09-06T20:05:36.318+01:00 INFO : Decompressing waveform using inline_linear
2026-09-06T20:05:36.323+01:00 INFO : Filtering template 32/96 segment 1/5
2026-09-06T20:05:36.343+01:00 INFO : Filtering template 32/96 segment 2/5
2026-09-06T20:05:36.360+01:00 INFO : Filtering template 32/96 segment 3/5
2026-09-06T20:05:36.378+01:00 INFO : Filtering template 32/96 segment 4/5
2026-09-06T20:05:36.396+01:00 INFO : 3 points above threshold
2026-09-06T20:05:36.415+01:00 INFO : Filtering template 32/96 segment 5/5
2026-09-06T20:05:36.433+01:00 INFO : 2 points above threshold
2026-09-06T20:05:36.440+01:00 INFO : 32: generating IMRPhenomD from 30.0 Hz
2026-09-06T20:05:36.442+01:00 INFO : Decompressing waveform using inline_linear
2026-09-06T20:05:36.447+01:00 INFO : Filtering template 33/96 segment 1/5
2026-09-06T20:05:36.467+01:00 INFO : 2 points above threshold
2026-09-06T20:05:36.484+01:00 INFO : Filtering template 33/96 segment 2/5
2026-09-06T20:05:36.502+01:00 INFO : Filtering template 33/96 segment 3/5
2026-09-06T20:05:36.519+01:00 INFO : Filtering template 33/96 segment 4/5
2026-09-06T20:05:36.537+01:00 INFO : 1 points above threshold
2026-09-06T20:05:36.542+01:00 INFO : Filtering template 33/96 segment 5/5
2026-09-06T20:05:36.560+01:00 INFO : 33: generating IMRPhenomD from 30.0 Hz
2026-09-06T20:05:36.563+01:00 INFO : Decompressing waveform using inline_linear
2026-09-06T20:05:36.568+01:00 INFO : Filtering template 34/96 segment 1/5
2026-09-06T20:05:36.588+01:00 INFO : Filtering template 34/96 segment 2/5
2026-09-06T20:05:36.605+01:00 INFO : 1 points above threshold
2026-09-06T20:05:36.620+01:00 INFO : Filtering template 34/96 segment 3/5
2026-09-06T20:05:36.638+01:00 INFO : 1 points above threshold
2026-09-06T20:05:36.643+01:00 INFO : Filtering template 34/96 segment 4/5
2026-09-06T20:05:36.661+01:00 INFO : Filtering template 34/96 segment 5/5
2026-09-06T20:05:36.678+01:00 INFO : 1 points above threshold
2026-09-06T20:05:36.684+01:00 INFO : 34: generating IMRPhenomD from 30.0 Hz
2026-09-06T20:05:36.686+01:00 INFO : Decompressing waveform using inline_linear
2026-09-06T20:05:36.691+01:00 INFO : Filtering template 35/96 segment 1/5
2026-09-06T20:05:36.711+01:00 INFO : 1 points above threshold
2026-09-06T20:05:36.726+01:00 INFO : Filtering template 35/96 segment 2/5
2026-09-06T20:05:36.744+01:00 INFO : 1 points above threshold
2026-09-06T20:05:36.749+01:00 INFO : Filtering template 35/96 segment 3/5
2026-09-06T20:05:36.767+01:00 INFO : 1 points above threshold
2026-09-06T20:05:36.772+01:00 INFO : Filtering template 35/96 segment 4/5
2026-09-06T20:05:36.789+01:00 INFO : Filtering template 35/96 segment 5/5
2026-09-06T20:05:36.807+01:00 INFO : 35: generating IMRPhenomD from 30.0 Hz
2026-09-06T20:05:36.810+01:00 INFO : Decompressing waveform using inline_linear
2026-09-06T20:05:36.815+01:00 INFO : Filtering template 36/96 segment 1/5
2026-09-06T20:05:36.834+01:00 INFO : 3 points above threshold
2026-09-06T20:05:36.854+01:00 INFO : Filtering template 36/96 segment 2/5
2026-09-06T20:05:36.872+01:00 INFO : 1 points above threshold
2026-09-06T20:05:36.877+01:00 INFO : Filtering template 36/96 segment 3/5
2026-09-06T20:05:36.894+01:00 INFO : 2 points above threshold
2026-09-06T20:05:36.902+01:00 INFO : Filtering template 36/96 segment 4/5
2026-09-06T20:05:36.919+01:00 INFO : Filtering template 36/96 segment 5/5
2026-09-06T20:05:36.937+01:00 INFO : 1 points above threshold
2026-09-06T20:05:36.942+01:00 INFO : 36: generating IMRPhenomD from 30.0 Hz
2026-09-06T20:05:36.945+01:00 INFO : Decompressing waveform using inline_linear
2026-09-06T20:05:36.950+01:00 INFO : Filtering template 37/96 segment 1/5
2026-09-06T20:05:36.970+01:00 INFO : 2 points above threshold
2026-09-06T20:05:36.987+01:00 INFO : Filtering template 37/96 segment 2/5
2026-09-06T20:05:37.005+01:00 INFO : 3 points above threshold
2026-09-06T20:05:37.014+01:00 INFO : Filtering template 37/96 segment 3/5
2026-09-06T20:05:37.032+01:00 INFO : 1 points above threshold
2026-09-06T20:05:37.037+01:00 INFO : Filtering template 37/96 segment 4/5
2026-09-06T20:05:37.055+01:00 INFO : 3 points above threshold
2026-09-06T20:05:37.064+01:00 INFO : Filtering template 37/96 segment 5/5
2026-09-06T20:05:37.082+01:00 INFO : 37: generating IMRPhenomD from 30.0 Hz
2026-09-06T20:05:37.085+01:00 INFO : Decompressing waveform using inline_linear
2026-09-06T20:05:37.089+01:00 INFO : Filtering template 38/96 segment 1/5
2026-09-06T20:05:37.109+01:00 INFO : Filtering template 38/96 segment 2/5
2026-09-06T20:05:37.127+01:00 INFO : Filtering template 38/96 segment 3/5
2026-09-06T20:05:37.144+01:00 INFO : 1 points above threshold
2026-09-06T20:05:37.160+01:00 INFO : Filtering template 38/96 segment 4/5
2026-09-06T20:05:37.177+01:00 INFO : 1 points above threshold
2026-09-06T20:05:37.182+01:00 INFO : Filtering template 38/96 segment 5/5
2026-09-06T20:05:37.200+01:00 INFO : 1 points above threshold
2026-09-06T20:05:37.205+01:00 INFO : 38: generating IMRPhenomD from 30.0 Hz
2026-09-06T20:05:37.208+01:00 INFO : Decompressing waveform using inline_linear
2026-09-06T20:05:37.213+01:00 INFO : Filtering template 39/96 segment 1/5
2026-09-06T20:05:37.233+01:00 INFO : Filtering template 39/96 segment 2/5
2026-09-06T20:05:37.250+01:00 INFO : 2 points above threshold
2026-09-06T20:05:37.267+01:00 INFO : Filtering template 39/96 segment 3/5
2026-09-06T20:05:37.285+01:00 INFO : Filtering template 39/96 segment 4/5
2026-09-06T20:05:37.302+01:00 INFO : 2 points above threshold
2026-09-06T20:05:37.309+01:00 INFO : Filtering template 39/96 segment 5/5
2026-09-06T20:05:37.327+01:00 INFO : 39: generating IMRPhenomD from 30.0 Hz
2026-09-06T20:05:37.330+01:00 INFO : Decompressing waveform using inline_linear
2026-09-06T20:05:37.335+01:00 INFO : Filtering template 40/96 segment 1/5
2026-09-06T20:05:37.355+01:00 INFO : Filtering template 40/96 segment 2/5
2026-09-06T20:05:37.372+01:00 INFO : Filtering template 40/96 segment 3/5
2026-09-06T20:05:37.390+01:00 INFO : Filtering template 40/96 segment 4/5
2026-09-06T20:05:37.408+01:00 INFO : 2 points above threshold
2026-09-06T20:05:37.425+01:00 INFO : Filtering template 40/96 segment 5/5
2026-09-06T20:05:37.442+01:00 INFO : 40: generating IMRPhenomD from 30.0 Hz
2026-09-06T20:05:37.445+01:00 INFO : Decompressing waveform using inline_linear
2026-09-06T20:05:37.450+01:00 INFO : Filtering template 41/96 segment 1/5
2026-09-06T20:05:37.470+01:00 INFO : Filtering template 41/96 segment 2/5
2026-09-06T20:05:37.487+01:00 INFO : Filtering template 41/96 segment 3/5
2026-09-06T20:05:37.505+01:00 INFO : 2 points above threshold
2026-09-06T20:05:37.522+01:00 INFO : Filtering template 41/96 segment 4/5
2026-09-06T20:05:37.540+01:00 INFO : 2 points above threshold
2026-09-06T20:05:37.547+01:00 INFO : Filtering template 41/96 segment 5/5
2026-09-06T20:05:37.564+01:00 INFO : 41: generating IMRPhenomD from 30.0 Hz
2026-09-06T20:05:37.567+01:00 INFO : Decompressing waveform using inline_linear
2026-09-06T20:05:37.572+01:00 INFO : Filtering template 42/96 segment 1/5
2026-09-06T20:05:37.592+01:00 INFO : Filtering template 42/96 segment 2/5
2026-09-06T20:05:37.609+01:00 INFO : 1 points above threshold
2026-09-06T20:05:37.625+01:00 INFO : Filtering template 42/96 segment 3/5
2026-09-06T20:05:37.644+01:00 INFO : Filtering template 42/96 segment 4/5
2026-09-06T20:05:37.662+01:00 INFO : 1 points above threshold
2026-09-06T20:05:37.668+01:00 INFO : Filtering template 42/96 segment 5/5
2026-09-06T20:05:37.687+01:00 INFO : 1 points above threshold
2026-09-06T20:05:37.692+01:00 INFO : 42: generating IMRPhenomD from 30.0 Hz
2026-09-06T20:05:37.695+01:00 INFO : Decompressing waveform using inline_linear
2026-09-06T20:05:37.700+01:00 INFO : Filtering template 43/96 segment 1/5
2026-09-06T20:05:37.722+01:00 INFO : 1 points above threshold
2026-09-06T20:05:37.739+01:00 INFO : Filtering template 43/96 segment 2/5
2026-09-06T20:05:37.756+01:00 INFO : 2 points above threshold
2026-09-06T20:05:37.764+01:00 INFO : Filtering template 43/96 segment 3/5
2026-09-06T20:05:37.781+01:00 INFO : 1 points above threshold
2026-09-06T20:05:37.787+01:00 INFO : Filtering template 43/96 segment 4/5
2026-09-06T20:05:37.804+01:00 INFO : Filtering template 43/96 segment 5/5
2026-09-06T20:05:37.822+01:00 INFO : 43: generating IMRPhenomD from 30.0 Hz
2026-09-06T20:05:37.825+01:00 INFO : Decompressing waveform using inline_linear
2026-09-06T20:05:37.830+01:00 INFO : Filtering template 44/96 segment 1/5
2026-09-06T20:05:37.849+01:00 INFO : 1 points above threshold
2026-09-06T20:05:37.865+01:00 INFO : Filtering template 44/96 segment 2/5
2026-09-06T20:05:37.882+01:00 INFO : Filtering template 44/96 segment 3/5
2026-09-06T20:05:37.900+01:00 INFO : Filtering template 44/96 segment 4/5
2026-09-06T20:05:37.918+01:00 INFO : 1 points above threshold
2026-09-06T20:05:37.923+01:00 INFO : Filtering template 44/96 segment 5/5
2026-09-06T20:05:37.941+01:00 INFO : 44: generating IMRPhenomD from 30.0 Hz
2026-09-06T20:05:37.943+01:00 INFO : Decompressing waveform using inline_linear
2026-09-06T20:05:37.948+01:00 INFO : Filtering template 45/96 segment 1/5
2026-09-06T20:05:37.968+01:00 INFO : 2 points above threshold
2026-09-06T20:05:37.985+01:00 INFO : Filtering template 45/96 segment 2/5
2026-09-06T20:05:38.003+01:00 INFO : 1 points above threshold
2026-09-06T20:05:38.008+01:00 INFO : Filtering template 45/96 segment 3/5
2026-09-06T20:05:38.025+01:00 INFO : 1 points above threshold
2026-09-06T20:05:38.030+01:00 INFO : Filtering template 45/96 segment 4/5
2026-09-06T20:05:38.048+01:00 INFO : Filtering template 45/96 segment 5/5
2026-09-06T20:05:38.066+01:00 INFO : 45: generating IMRPhenomD from 30.0 Hz
2026-09-06T20:05:38.069+01:00 INFO : Decompressing waveform using inline_linear
2026-09-06T20:05:38.074+01:00 INFO : Filtering template 46/96 segment 1/5
2026-09-06T20:05:38.094+01:00 INFO : Filtering template 46/96 segment 2/5
2026-09-06T20:05:38.111+01:00 INFO : Filtering template 46/96 segment 3/5
2026-09-06T20:05:38.129+01:00 INFO : 1 points above threshold
2026-09-06T20:05:38.144+01:00 INFO : Filtering template 46/96 segment 4/5
2026-09-06T20:05:38.162+01:00 INFO : 3 points above threshold
2026-09-06T20:05:38.171+01:00 INFO : Filtering template 46/96 segment 5/5
2026-09-06T20:05:38.189+01:00 INFO : 1 points above threshold
2026-09-06T20:05:38.194+01:00 INFO : 46: generating IMRPhenomD from 30.0 Hz
2026-09-06T20:05:38.197+01:00 INFO : Decompressing waveform using inline_linear
2026-09-06T20:05:38.201+01:00 INFO : Filtering template 47/96 segment 1/5
2026-09-06T20:05:38.221+01:00 INFO : 3 points above threshold
2026-09-06T20:05:38.240+01:00 INFO : Filtering template 47/96 segment 2/5
2026-09-06T20:05:38.258+01:00 INFO : Filtering template 47/96 segment 3/5
2026-09-06T20:05:38.276+01:00 INFO : 2 points above threshold
2026-09-06T20:05:38.283+01:00 INFO : Filtering template 47/96 segment 4/5
2026-09-06T20:05:38.300+01:00 INFO : 1 points above threshold
2026-09-06T20:05:38.305+01:00 INFO : Filtering template 47/96 segment 5/5
2026-09-06T20:05:38.323+01:00 INFO : 1 points above threshold
2026-09-06T20:05:38.328+01:00 INFO : 47: generating IMRPhenomD from 30.0 Hz
2026-09-06T20:05:38.331+01:00 INFO : Decompressing waveform using inline_linear
2026-09-06T20:05:38.336+01:00 INFO : Filtering template 48/96 segment 1/5
2026-09-06T20:05:38.355+01:00 INFO : 3 points above threshold
2026-09-06T20:05:38.374+01:00 INFO : Filtering template 48/96 segment 2/5
2026-09-06T20:05:38.392+01:00 INFO : 1 points above threshold
2026-09-06T20:05:38.397+01:00 INFO : Filtering template 48/96 segment 3/5
2026-09-06T20:05:38.415+01:00 INFO : 1 points above threshold
2026-09-06T20:05:38.420+01:00 INFO : Filtering template 48/96 segment 4/5
2026-09-06T20:05:38.437+01:00 INFO : 2 points above threshold
2026-09-06T20:05:38.444+01:00 INFO : Filtering template 48/96 segment 5/5
2026-09-06T20:05:38.462+01:00 INFO : 1 points above threshold
2026-09-06T20:05:38.467+01:00 INFO : 48: generating IMRPhenomD from 30.0 Hz
2026-09-06T20:05:38.470+01:00 INFO : Decompressing waveform using inline_linear
2026-09-06T20:05:38.475+01:00 INFO : Filtering template 49/96 segment 1/5
2026-09-06T20:05:38.494+01:00 INFO : 1 points above threshold
2026-09-06T20:05:38.510+01:00 INFO : Filtering template 49/96 segment 2/5
2026-09-06T20:05:38.527+01:00 INFO : 1 points above threshold
2026-09-06T20:05:38.532+01:00 INFO : Filtering template 49/96 segment 3/5
2026-09-06T20:05:38.550+01:00 INFO : 2 points above threshold
2026-09-06T20:05:38.557+01:00 INFO : Filtering template 49/96 segment 4/5
2026-09-06T20:05:38.574+01:00 INFO : Filtering template 49/96 segment 5/5
2026-09-06T20:05:38.592+01:00 INFO : 49: generating IMRPhenomD from 30.0 Hz
2026-09-06T20:05:38.609+01:00 INFO : Decompressing waveform using inline_linear
2026-09-06T20:05:38.614+01:00 INFO : Filtering template 50/96 segment 1/5
2026-09-06T20:05:38.636+01:00 INFO : Filtering template 50/96 segment 2/5
2026-09-06T20:05:38.654+01:00 INFO : 2 points above threshold
2026-09-06T20:05:38.675+01:00 INFO : Filtering template 50/96 segment 3/5
2026-09-06T20:05:38.693+01:00 INFO : 4 points above threshold
2026-09-06T20:05:38.702+01:00 INFO : Filtering template 50/96 segment 4/5
2026-09-06T20:05:38.719+01:00 INFO : 2 points above threshold
2026-09-06T20:05:38.726+01:00 INFO : Filtering template 50/96 segment 5/5
2026-09-06T20:05:38.744+01:00 INFO : 50: generating IMRPhenomD from 30.0 Hz
2026-09-06T20:05:38.747+01:00 INFO : Decompressing waveform using inline_linear
2026-09-06T20:05:38.752+01:00 INFO : Filtering template 51/96 segment 1/5
2026-09-06T20:05:38.772+01:00 INFO : 1 points above threshold
2026-09-06T20:05:38.787+01:00 INFO : Filtering template 51/96 segment 2/5
2026-09-06T20:05:38.805+01:00 INFO : 1 points above threshold
2026-09-06T20:05:38.810+01:00 INFO : Filtering template 51/96 segment 3/5
2026-09-06T20:05:38.828+01:00 INFO : Filtering template 51/96 segment 4/5
2026-09-06T20:05:38.845+01:00 INFO : 1 points above threshold
2026-09-06T20:05:38.850+01:00 INFO : Filtering template 51/96 segment 5/5
2026-09-06T20:05:38.868+01:00 INFO : 2 points above threshold
2026-09-06T20:05:38.876+01:00 INFO : 51: generating IMRPhenomD from 30.0 Hz
2026-09-06T20:05:38.879+01:00 INFO : Decompressing waveform using inline_linear
2026-09-06T20:05:38.884+01:00 INFO : Filtering template 52/96 segment 1/5
2026-09-06T20:05:38.904+01:00 INFO : 1 points above threshold
2026-09-06T20:05:38.919+01:00 INFO : Filtering template 52/96 segment 2/5
2026-09-06T20:05:38.936+01:00 INFO : 1 points above threshold
2026-09-06T20:05:38.941+01:00 INFO : Filtering template 52/96 segment 3/5
2026-09-06T20:05:38.959+01:00 INFO : Filtering template 52/96 segment 4/5
2026-09-06T20:05:38.976+01:00 INFO : 3 points above threshold
2026-09-06T20:05:38.986+01:00 INFO : Filtering template 52/96 segment 5/5
2026-09-06T20:05:39.003+01:00 INFO : 1 points above threshold
2026-09-06T20:05:39.008+01:00 INFO : 52: generating IMRPhenomD from 30.0 Hz
2026-09-06T20:05:39.011+01:00 INFO : Decompressing waveform using inline_linear
2026-09-06T20:05:39.016+01:00 INFO : Filtering template 53/96 segment 1/5
2026-09-06T20:05:39.036+01:00 INFO : 3 points above threshold
2026-09-06T20:05:39.055+01:00 INFO : Filtering template 53/96 segment 2/5
2026-09-06T20:05:39.073+01:00 INFO : 2 points above threshold
2026-09-06T20:05:39.080+01:00 INFO : Filtering template 53/96 segment 3/5
2026-09-06T20:05:39.097+01:00 INFO : 2 points above threshold
2026-09-06T20:05:39.104+01:00 INFO : Filtering template 53/96 segment 4/5
2026-09-06T20:05:39.122+01:00 INFO : 1 points above threshold
2026-09-06T20:05:39.127+01:00 INFO : Filtering template 53/96 segment 5/5
2026-09-06T20:05:39.145+01:00 INFO : 1 points above threshold
2026-09-06T20:05:39.150+01:00 INFO : 53: generating IMRPhenomD from 30.0 Hz
2026-09-06T20:05:39.153+01:00 INFO : Decompressing waveform using inline_linear
2026-09-06T20:05:39.157+01:00 INFO : Filtering template 54/96 segment 1/5
2026-09-06T20:05:39.177+01:00 INFO : Filtering template 54/96 segment 2/5
2026-09-06T20:05:39.195+01:00 INFO : Filtering template 54/96 segment 3/5
2026-09-06T20:05:39.213+01:00 INFO : 2 points above threshold
2026-09-06T20:05:39.230+01:00 INFO : Filtering template 54/96 segment 4/5
2026-09-06T20:05:39.247+01:00 INFO : 5 points above threshold
2026-09-06T20:05:39.259+01:00 INFO : Filtering template 54/96 segment 5/5
2026-09-06T20:05:39.277+01:00 INFO : 54: generating IMRPhenomD from 30.0 Hz
2026-09-06T20:05:39.280+01:00 INFO : Decompressing waveform using inline_linear
2026-09-06T20:05:39.284+01:00 INFO : Filtering template 55/96 segment 1/5
2026-09-06T20:05:39.304+01:00 INFO : Filtering template 55/96 segment 2/5
2026-09-06T20:05:39.322+01:00 INFO : 1 points above threshold
2026-09-06T20:05:39.337+01:00 INFO : Filtering template 55/96 segment 3/5
2026-09-06T20:05:39.355+01:00 INFO : 3 points above threshold
2026-09-06T20:05:39.364+01:00 INFO : Filtering template 55/96 segment 4/5
2026-09-06T20:05:39.381+01:00 INFO : 1 points above threshold
2026-09-06T20:05:39.386+01:00 INFO : Filtering template 55/96 segment 5/5
2026-09-06T20:05:39.404+01:00 INFO : 1 points above threshold
2026-09-06T20:05:39.409+01:00 INFO : 55: generating IMRPhenomD from 30.0 Hz
2026-09-06T20:05:39.412+01:00 INFO : Decompressing waveform using inline_linear
2026-09-06T20:05:39.417+01:00 INFO : Filtering template 56/96 segment 1/5
2026-09-06T20:05:39.437+01:00 INFO : 1 points above threshold
2026-09-06T20:05:39.452+01:00 INFO : Filtering template 56/96 segment 2/5
2026-09-06T20:05:39.469+01:00 INFO : 1 points above threshold
2026-09-06T20:05:39.475+01:00 INFO : Filtering template 56/96 segment 3/5
2026-09-06T20:05:39.492+01:00 INFO : 3 points above threshold
2026-09-06T20:05:39.501+01:00 INFO : Filtering template 56/96 segment 4/5
2026-09-06T20:05:39.519+01:00 INFO : Filtering template 56/96 segment 5/5
2026-09-06T20:05:39.536+01:00 INFO : 1 points above threshold
2026-09-06T20:05:39.542+01:00 INFO : 56: generating IMRPhenomD from 30.0 Hz
2026-09-06T20:05:39.545+01:00 INFO : Decompressing waveform using inline_linear
2026-09-06T20:05:39.549+01:00 INFO : Filtering template 57/96 segment 1/5
2026-09-06T20:05:39.569+01:00 INFO : 1 points above threshold
2026-09-06T20:05:39.585+01:00 INFO : Filtering template 57/96 segment 2/5
2026-09-06T20:05:39.602+01:00 INFO : 2 points above threshold
2026-09-06T20:05:39.609+01:00 INFO : Filtering template 57/96 segment 3/5
2026-09-06T20:05:39.627+01:00 INFO : 2 points above threshold
2026-09-06T20:05:39.634+01:00 INFO : Filtering template 57/96 segment 4/5
2026-09-06T20:05:39.651+01:00 INFO : 2 points above threshold
2026-09-06T20:05:39.658+01:00 INFO : Filtering template 57/96 segment 5/5
2026-09-06T20:05:39.676+01:00 INFO : 57: generating IMRPhenomD from 30.0 Hz
2026-09-06T20:05:39.679+01:00 INFO : Decompressing waveform using inline_linear
2026-09-06T20:05:39.684+01:00 INFO : Filtering template 58/96 segment 1/5
2026-09-06T20:05:39.704+01:00 INFO : 1 points above threshold
2026-09-06T20:05:39.719+01:00 INFO : Filtering template 58/96 segment 2/5
2026-09-06T20:05:39.736+01:00 INFO : 2 points above threshold
2026-09-06T20:05:39.743+01:00 INFO : Filtering template 58/96 segment 3/5
2026-09-06T20:05:39.761+01:00 INFO : 1 points above threshold
2026-09-06T20:05:39.766+01:00 INFO : Filtering template 58/96 segment 4/5
2026-09-06T20:05:39.784+01:00 INFO : 1 points above threshold
2026-09-06T20:05:39.809+01:00 INFO : Filtering template 58/96 segment 5/5
2026-09-06T20:05:39.827+01:00 INFO : 2 points above threshold
2026-09-06T20:05:39.834+01:00 INFO : 58: generating IMRPhenomD from 30.0 Hz
2026-09-06T20:05:39.837+01:00 INFO : Decompressing waveform using inline_linear
2026-09-06T20:05:39.842+01:00 INFO : Filtering template 59/96 segment 1/5
2026-09-06T20:05:39.861+01:00 INFO : 1 points above threshold
2026-09-06T20:05:39.877+01:00 INFO : Filtering template 59/96 segment 2/5
2026-09-06T20:05:39.895+01:00 INFO : 2 points above threshold
2026-09-06T20:05:39.902+01:00 INFO : Filtering template 59/96 segment 3/5
2026-09-06T20:05:39.919+01:00 INFO : 2 points above threshold
2026-09-06T20:05:39.926+01:00 INFO : Filtering template 59/96 segment 4/5
2026-09-06T20:05:39.943+01:00 INFO : 1 points above threshold
2026-09-06T20:05:39.949+01:00 INFO : Filtering template 59/96 segment 5/5
2026-09-06T20:05:39.966+01:00 INFO : 59: generating IMRPhenomD from 30.0 Hz
2026-09-06T20:05:39.969+01:00 INFO : Decompressing waveform using inline_linear
2026-09-06T20:05:39.974+01:00 INFO : Filtering template 60/96 segment 1/5
2026-09-06T20:05:39.994+01:00 INFO : Filtering template 60/96 segment 2/5
2026-09-06T20:05:40.011+01:00 INFO : Filtering template 60/96 segment 3/5
2026-09-06T20:05:40.029+01:00 INFO : 1 points above threshold
2026-09-06T20:05:40.044+01:00 INFO : Filtering template 60/96 segment 4/5
2026-09-06T20:05:40.062+01:00 INFO : 2 points above threshold
2026-09-06T20:05:40.069+01:00 INFO : Filtering template 60/96 segment 5/5
2026-09-06T20:05:40.086+01:00 INFO : 60: generating IMRPhenomD from 30.0 Hz
2026-09-06T20:05:40.089+01:00 INFO : Decompressing waveform using inline_linear
2026-09-06T20:05:40.094+01:00 INFO : Filtering template 61/96 segment 1/5
2026-09-06T20:05:40.114+01:00 INFO : Filtering template 61/96 segment 2/5
2026-09-06T20:05:40.131+01:00 INFO : 2 points above threshold
2026-09-06T20:05:40.148+01:00 INFO : Filtering template 61/96 segment 3/5
2026-09-06T20:05:40.166+01:00 INFO : 1 points above threshold
2026-09-06T20:05:40.171+01:00 INFO : Filtering template 61/96 segment 4/5
2026-09-06T20:05:40.189+01:00 INFO : 1 points above threshold
2026-09-06T20:05:40.194+01:00 INFO : Filtering template 61/96 segment 5/5
2026-09-06T20:05:40.212+01:00 INFO : 61: generating IMRPhenomD from 30.0 Hz
2026-09-06T20:05:40.215+01:00 INFO : Decompressing waveform using inline_linear
2026-09-06T20:05:40.219+01:00 INFO : Filtering template 62/96 segment 1/5
2026-09-06T20:05:40.239+01:00 INFO : 2 points above threshold
2026-09-06T20:05:40.256+01:00 INFO : Filtering template 62/96 segment 2/5
2026-09-06T20:05:40.274+01:00 INFO : Filtering template 62/96 segment 3/5
2026-09-06T20:05:40.291+01:00 INFO : Filtering template 62/96 segment 4/5
2026-09-06T20:05:40.309+01:00 INFO : 5 points above threshold
2026-09-06T20:05:40.321+01:00 INFO : Filtering template 62/96 segment 5/5
2026-09-06T20:05:40.338+01:00 INFO : 62: generating IMRPhenomD from 30.0 Hz
2026-09-06T20:05:40.341+01:00 INFO : Decompressing waveform using inline_linear
2026-09-06T20:05:40.346+01:00 INFO : Filtering template 63/96 segment 1/5
2026-09-06T20:05:40.366+01:00 INFO : Filtering template 63/96 segment 2/5
2026-09-06T20:05:40.384+01:00 INFO : 1 points above threshold
2026-09-06T20:05:40.399+01:00 INFO : Filtering template 63/96 segment 3/5
2026-09-06T20:05:40.416+01:00 INFO : 2 points above threshold
2026-09-06T20:05:40.423+01:00 INFO : Filtering template 63/96 segment 4/5
2026-09-06T20:05:40.441+01:00 INFO : 1 points above threshold
2026-09-06T20:05:40.446+01:00 INFO : Filtering template 63/96 segment 5/5
2026-09-06T20:05:40.463+01:00 INFO : 1 points above threshold
2026-09-06T20:05:40.469+01:00 INFO : 63: generating IMRPhenomD from 30.0 Hz
2026-09-06T20:05:40.471+01:00 INFO : Decompressing waveform using inline_linear
2026-09-06T20:05:40.476+01:00 INFO : Filtering template 64/96 segment 1/5
2026-09-06T20:05:40.496+01:00 INFO : 2 points above threshold
2026-09-06T20:05:40.513+01:00 INFO : Filtering template 64/96 segment 2/5
2026-09-06T20:05:40.530+01:00 INFO : 1 points above threshold
2026-09-06T20:05:40.535+01:00 INFO : Filtering template 64/96 segment 3/5
2026-09-06T20:05:40.553+01:00 INFO : Filtering template 64/96 segment 4/5
2026-09-06T20:05:40.571+01:00 INFO : Filtering template 64/96 segment 5/5
2026-09-06T20:05:40.589+01:00 INFO : 64: generating IMRPhenomD from 30.0 Hz
2026-09-06T20:05:40.591+01:00 INFO : Decompressing waveform using inline_linear
2026-09-06T20:05:40.596+01:00 INFO : Filtering template 65/96 segment 1/5
2026-09-06T20:05:40.616+01:00 INFO : 2 points above threshold
2026-09-06T20:05:40.633+01:00 INFO : Filtering template 65/96 segment 2/5
2026-09-06T20:05:40.650+01:00 INFO : 2 points above threshold
2026-09-06T20:05:40.657+01:00 INFO : Filtering template 65/96 segment 3/5
2026-09-06T20:05:40.675+01:00 INFO : 1 points above threshold
2026-09-06T20:05:40.680+01:00 INFO : Filtering template 65/96 segment 4/5
2026-09-06T20:05:40.698+01:00 INFO : 2 points above threshold
2026-09-06T20:05:40.705+01:00 INFO : Filtering template 65/96 segment 5/5
2026-09-06T20:05:40.722+01:00 INFO : 65: generating IMRPhenomD from 30.0 Hz
2026-09-06T20:05:40.725+01:00 INFO : Decompressing waveform using inline_linear
2026-09-06T20:05:40.730+01:00 INFO : Filtering template 66/96 segment 1/5
2026-09-06T20:05:40.750+01:00 INFO : 1 points above threshold
2026-09-06T20:05:40.765+01:00 INFO : Filtering template 66/96 segment 2/5
2026-09-06T20:05:40.783+01:00 INFO : 1 points above threshold
2026-09-06T20:05:40.788+01:00 INFO : Filtering template 66/96 segment 3/5
2026-09-06T20:05:40.805+01:00 INFO : 2 points above threshold
2026-09-06T20:05:40.812+01:00 INFO : Filtering template 66/96 segment 4/5
2026-09-06T20:05:40.830+01:00 INFO : 1 points above threshold
2026-09-06T20:05:40.835+01:00 INFO : Filtering template 66/96 segment 5/5
2026-09-06T20:05:40.853+01:00 INFO : 66: generating IMRPhenomD from 30.0 Hz
2026-09-06T20:05:40.856+01:00 INFO : Decompressing waveform using inline_linear
2026-09-06T20:05:40.860+01:00 INFO : Filtering template 67/96 segment 1/5
2026-09-06T20:05:40.880+01:00 INFO : 3 points above threshold
2026-09-06T20:05:40.899+01:00 INFO : Filtering template 67/96 segment 2/5
2026-09-06T20:05:40.917+01:00 INFO : Filtering template 67/96 segment 3/5
2026-09-06T20:05:40.934+01:00 INFO : 1 points above threshold
2026-09-06T20:05:40.939+01:00 INFO : Filtering template 67/96 segment 4/5
2026-09-06T20:05:40.957+01:00 INFO : Filtering template 67/96 segment 5/5
2026-09-06T20:05:40.975+01:00 INFO : 67: generating IMRPhenomD from 30.0 Hz
2026-09-06T20:05:40.978+01:00 INFO : Decompressing waveform using inline_linear
2026-09-06T20:05:40.982+01:00 INFO : Filtering template 68/96 segment 1/5
2026-09-06T20:05:41.002+01:00 INFO : 1 points above threshold
2026-09-06T20:05:41.019+01:00 INFO : Filtering template 68/96 segment 2/5
2026-09-06T20:05:41.036+01:00 INFO : 1 points above threshold
2026-09-06T20:05:41.041+01:00 INFO : Filtering template 68/96 segment 3/5
2026-09-06T20:05:41.059+01:00 INFO : 1 points above threshold
2026-09-06T20:05:41.064+01:00 INFO : Filtering template 68/96 segment 4/5
2026-09-06T20:05:41.081+01:00 INFO : 1 points above threshold
2026-09-06T20:05:41.086+01:00 INFO : Filtering template 68/96 segment 5/5
2026-09-06T20:05:41.104+01:00 INFO : 1 points above threshold
2026-09-06T20:05:41.109+01:00 INFO : 68: generating IMRPhenomD from 30.0 Hz
2026-09-06T20:05:41.112+01:00 INFO : Decompressing waveform using inline_linear
2026-09-06T20:05:41.117+01:00 INFO : Filtering template 69/96 segment 1/5
2026-09-06T20:05:41.137+01:00 INFO : Filtering template 69/96 segment 2/5
2026-09-06T20:05:41.154+01:00 INFO : Filtering template 69/96 segment 3/5
2026-09-06T20:05:41.172+01:00 INFO : 1 points above threshold
2026-09-06T20:05:41.188+01:00 INFO : Filtering template 69/96 segment 4/5
2026-09-06T20:05:41.206+01:00 INFO : 2 points above threshold
2026-09-06T20:05:41.213+01:00 INFO : Filtering template 69/96 segment 5/5
2026-09-06T20:05:41.230+01:00 INFO : 69: generating IMRPhenomD from 30.0 Hz
2026-09-06T20:05:41.233+01:00 INFO : Decompressing waveform using inline_linear
2026-09-06T20:05:41.238+01:00 INFO : Filtering template 70/96 segment 1/5
2026-09-06T20:05:41.258+01:00 INFO : 2 points above threshold
2026-09-06T20:05:41.276+01:00 INFO : Filtering template 70/96 segment 2/5
2026-09-06T20:05:41.294+01:00 INFO : 2 points above threshold
2026-09-06T20:05:41.301+01:00 INFO : Filtering template 70/96 segment 3/5
2026-09-06T20:05:41.318+01:00 INFO : Filtering template 70/96 segment 4/5
2026-09-06T20:05:41.336+01:00 INFO : 2 points above threshold
2026-09-06T20:05:41.343+01:00 INFO : Filtering template 70/96 segment 5/5
2026-09-06T20:05:41.360+01:00 INFO : 2 points above threshold
2026-09-06T20:05:41.368+01:00 INFO : 70: generating IMRPhenomD from 30.0 Hz
2026-09-06T20:05:41.370+01:00 INFO : Decompressing waveform using inline_linear
2026-09-06T20:05:41.375+01:00 INFO : Filtering template 71/96 segment 1/5
2026-09-06T20:05:41.395+01:00 INFO : Filtering template 71/96 segment 2/5
2026-09-06T20:05:41.413+01:00 INFO : 1 points above threshold
2026-09-06T20:05:41.429+01:00 INFO : Filtering template 71/96 segment 3/5
2026-09-06T20:05:41.446+01:00 INFO : 1 points above threshold
2026-09-06T20:05:41.451+01:00 INFO : Filtering template 71/96 segment 4/5
2026-09-06T20:05:41.469+01:00 INFO : 3 points above threshold
2026-09-06T20:05:41.478+01:00 INFO : Filtering template 71/96 segment 5/5
2026-09-06T20:05:41.496+01:00 INFO : 71: generating IMRPhenomD from 30.0 Hz
2026-09-06T20:05:41.499+01:00 INFO : Decompressing waveform using inline_linear
2026-09-06T20:05:41.503+01:00 INFO : Filtering template 72/96 segment 1/5
2026-09-06T20:05:41.523+01:00 INFO : 2 points above threshold
2026-09-06T20:05:41.540+01:00 INFO : Filtering template 72/96 segment 2/5
2026-09-06T20:05:41.558+01:00 INFO : 1 points above threshold
2026-09-06T20:05:41.563+01:00 INFO : Filtering template 72/96 segment 3/5
2026-09-06T20:05:41.581+01:00 INFO : 1 points above threshold
2026-09-06T20:05:41.586+01:00 INFO : Filtering template 72/96 segment 4/5
2026-09-06T20:05:41.604+01:00 INFO : 3 points above threshold
2026-09-06T20:05:41.613+01:00 INFO : Filtering template 72/96 segment 5/5
2026-09-06T20:05:41.630+01:00 INFO : 3 points above threshold
2026-09-06T20:05:41.639+01:00 INFO : 72: generating IMRPhenomD from 30.0 Hz
2026-09-06T20:05:41.642+01:00 INFO : Decompressing waveform using inline_linear
2026-09-06T20:05:41.647+01:00 INFO : Filtering template 73/96 segment 1/5
2026-09-06T20:05:41.667+01:00 INFO : 1 points above threshold
2026-09-06T20:05:41.682+01:00 INFO : Filtering template 73/96 segment 2/5
2026-09-06T20:05:41.700+01:00 INFO : 1 points above threshold
2026-09-06T20:05:41.705+01:00 INFO : Filtering template 73/96 segment 3/5
2026-09-06T20:05:41.722+01:00 INFO : 1 points above threshold
2026-09-06T20:05:41.727+01:00 INFO : Filtering template 73/96 segment 4/5
2026-09-06T20:05:41.745+01:00 INFO : Filtering template 73/96 segment 5/5
2026-09-06T20:05:41.763+01:00 INFO : 1 points above threshold
2026-09-06T20:05:41.768+01:00 INFO : 73: generating IMRPhenomD from 30.0 Hz
2026-09-06T20:05:41.771+01:00 INFO : Decompressing waveform using inline_linear
2026-09-06T20:05:41.776+01:00 INFO : Filtering template 74/96 segment 1/5
2026-09-06T20:05:41.795+01:00 INFO : 3 points above threshold
2026-09-06T20:05:41.815+01:00 INFO : Filtering template 74/96 segment 2/5
2026-09-06T20:05:41.832+01:00 INFO : 3 points above threshold
2026-09-06T20:05:41.841+01:00 INFO : Filtering template 74/96 segment 3/5
2026-09-06T20:05:41.859+01:00 INFO : Filtering template 74/96 segment 4/5
2026-09-06T20:05:41.877+01:00 INFO : 1 points above threshold
2026-09-06T20:05:41.882+01:00 INFO : Filtering template 74/96 segment 5/5
2026-09-06T20:05:41.900+01:00 INFO : 74: generating IMRPhenomD from 30.0 Hz
2026-09-06T20:05:41.903+01:00 INFO : Decompressing waveform using inline_linear
2026-09-06T20:05:41.908+01:00 INFO : Filtering template 75/96 segment 1/5
2026-09-06T20:05:41.928+01:00 INFO : Filtering template 75/96 segment 2/5
2026-09-06T20:05:41.945+01:00 INFO : 1 points above threshold
2026-09-06T20:05:41.961+01:00 INFO : Filtering template 75/96 segment 3/5
2026-09-06T20:05:41.978+01:00 INFO : 2 points above threshold
2026-09-06T20:05:41.985+01:00 INFO : Filtering template 75/96 segment 4/5
2026-09-06T20:05:42.003+01:00 INFO : Filtering template 75/96 segment 5/5
2026-09-06T20:05:42.020+01:00 INFO : 2 points above threshold
2026-09-06T20:05:42.027+01:00 INFO : 75: generating IMRPhenomD from 30.0 Hz
2026-09-06T20:05:42.030+01:00 INFO : Decompressing waveform using inline_linear
2026-09-06T20:05:42.035+01:00 INFO : Filtering template 76/96 segment 1/5
2026-09-06T20:05:42.055+01:00 INFO : 1 points above threshold
2026-09-06T20:05:42.070+01:00 INFO : Filtering template 76/96 segment 2/5
2026-09-06T20:05:42.087+01:00 INFO : Filtering template 76/96 segment 3/5
2026-09-06T20:05:42.105+01:00 INFO : 1 points above threshold
2026-09-06T20:05:42.110+01:00 INFO : Filtering template 76/96 segment 4/5
2026-09-06T20:05:42.128+01:00 INFO : Filtering template 76/96 segment 5/5
2026-09-06T20:05:42.145+01:00 INFO : 2 points above threshold
2026-09-06T20:05:42.152+01:00 INFO : 76: generating IMRPhenomD from 30.0 Hz
2026-09-06T20:05:42.155+01:00 INFO : Decompressing waveform using inline_linear
2026-09-06T20:05:42.160+01:00 INFO : Filtering template 77/96 segment 1/5
2026-09-06T20:05:42.179+01:00 INFO : Filtering template 77/96 segment 2/5
2026-09-06T20:05:42.197+01:00 INFO : 1 points above threshold
2026-09-06T20:05:42.212+01:00 INFO : Filtering template 77/96 segment 3/5
2026-09-06T20:05:42.230+01:00 INFO : Filtering template 77/96 segment 4/5
2026-09-06T20:05:42.247+01:00 INFO : 1 points above threshold
2026-09-06T20:05:42.255+01:00 INFO : Filtering template 77/96 segment 5/5
2026-09-06T20:05:42.273+01:00 INFO : 77: generating IMRPhenomD from 30.0 Hz
2026-09-06T20:05:42.276+01:00 INFO : Decompressing waveform using inline_linear
2026-09-06T20:05:42.280+01:00 INFO : Filtering template 78/96 segment 1/5
2026-09-06T20:05:42.300+01:00 INFO : Filtering template 78/96 segment 2/5
2026-09-06T20:05:42.318+01:00 INFO : Filtering template 78/96 segment 3/5
2026-09-06T20:05:42.335+01:00 INFO : Filtering template 78/96 segment 4/5
2026-09-06T20:05:42.353+01:00 INFO : 1 points above threshold
2026-09-06T20:05:42.368+01:00 INFO : Filtering template 78/96 segment 5/5
2026-09-06T20:05:42.386+01:00 INFO : 78: generating IMRPhenomD from 30.0 Hz
2026-09-06T20:05:42.388+01:00 INFO : Decompressing waveform using inline_linear
2026-09-06T20:05:42.393+01:00 INFO : Filtering template 79/96 segment 1/5
2026-09-06T20:05:42.413+01:00 INFO : 2 points above threshold
2026-09-06T20:05:42.430+01:00 INFO : Filtering template 79/96 segment 2/5
2026-09-06T20:05:42.448+01:00 INFO : Filtering template 79/96 segment 3/5
2026-09-06T20:05:42.465+01:00 INFO : 1 points above threshold
2026-09-06T20:05:42.470+01:00 INFO : Filtering template 79/96 segment 4/5
2026-09-06T20:05:42.488+01:00 INFO : 1 points above threshold
2026-09-06T20:05:42.493+01:00 INFO : Filtering template 79/96 segment 5/5
2026-09-06T20:05:42.510+01:00 INFO : 3 points above threshold
2026-09-06T20:05:42.520+01:00 INFO : 79: generating IMRPhenomD from 30.0 Hz
2026-09-06T20:05:42.522+01:00 INFO : Decompressing waveform using inline_linear
2026-09-06T20:05:42.527+01:00 INFO : Filtering template 80/96 segment 1/5
2026-09-06T20:05:42.547+01:00 INFO : 2 points above threshold
2026-09-06T20:05:42.564+01:00 INFO : Filtering template 80/96 segment 2/5
2026-09-06T20:05:42.581+01:00 INFO : 1 points above threshold
2026-09-06T20:05:42.586+01:00 INFO : Filtering template 80/96 segment 3/5
2026-09-06T20:05:42.604+01:00 INFO : 1 points above threshold
2026-09-06T20:05:42.609+01:00 INFO : Filtering template 80/96 segment 4/5
2026-09-06T20:05:42.626+01:00 INFO : Filtering template 80/96 segment 5/5
2026-09-06T20:05:42.644+01:00 INFO : 1 points above threshold
2026-09-06T20:05:42.649+01:00 INFO : 80: generating IMRPhenomD from 30.0 Hz
2026-09-06T20:05:42.652+01:00 INFO : Decompressing waveform using inline_linear
2026-09-06T20:05:42.657+01:00 INFO : Filtering template 81/96 segment 1/5
2026-09-06T20:05:42.677+01:00 INFO : 1 points above threshold
2026-09-06T20:05:42.692+01:00 INFO : Filtering template 81/96 segment 2/5
2026-09-06T20:05:42.709+01:00 INFO : 2 points above threshold
2026-09-06T20:05:42.716+01:00 INFO : Filtering template 81/96 segment 3/5
2026-09-06T20:05:42.734+01:00 INFO : 1 points above threshold
2026-09-06T20:05:42.740+01:00 INFO : Filtering template 81/96 segment 4/5
2026-09-06T20:05:42.759+01:00 INFO : Filtering template 81/96 segment 5/5
2026-09-06T20:05:42.781+01:00 INFO : 1 points above threshold
2026-09-06T20:05:42.787+01:00 INFO : 81: generating IMRPhenomD from 30.0 Hz
2026-09-06T20:05:42.790+01:00 INFO : Decompressing waveform using inline_linear
2026-09-06T20:05:42.795+01:00 INFO : Filtering template 82/96 segment 1/5
2026-09-06T20:05:42.818+01:00 INFO : Filtering template 82/96 segment 2/5
2026-09-06T20:05:42.836+01:00 INFO : 2 points above threshold
2026-09-06T20:05:42.853+01:00 INFO : Filtering template 82/96 segment 3/5
2026-09-06T20:05:42.871+01:00 INFO : 1 points above threshold
2026-09-06T20:05:42.877+01:00 INFO : Filtering template 82/96 segment 4/5
2026-09-06T20:05:42.894+01:00 INFO : Filtering template 82/96 segment 5/5
2026-09-06T20:05:42.912+01:00 INFO : 82: generating IMRPhenomD from 30.0 Hz
2026-09-06T20:05:42.915+01:00 INFO : Decompressing waveform using inline_linear
2026-09-06T20:05:42.919+01:00 INFO : Filtering template 83/96 segment 1/5
2026-09-06T20:05:42.939+01:00 INFO : 1 points above threshold
2026-09-06T20:05:42.954+01:00 INFO : Filtering template 83/96 segment 2/5
2026-09-06T20:05:42.972+01:00 INFO : 2 points above threshold
2026-09-06T20:05:42.979+01:00 INFO : Filtering template 83/96 segment 3/5
2026-09-06T20:05:42.996+01:00 INFO : 2 points above threshold
2026-09-06T20:05:43.003+01:00 INFO : Filtering template 83/96 segment 4/5
2026-09-06T20:05:43.021+01:00 INFO : 3 points above threshold
2026-09-06T20:05:43.030+01:00 INFO : Filtering template 83/96 segment 5/5
2026-09-06T20:05:43.048+01:00 INFO : 3 points above threshold
2026-09-06T20:05:43.057+01:00 INFO : 83: generating IMRPhenomD from 30.0 Hz
2026-09-06T20:05:43.060+01:00 INFO : Decompressing waveform using inline_linear
2026-09-06T20:05:43.065+01:00 INFO : Filtering template 84/96 segment 1/5
2026-09-06T20:05:43.084+01:00 INFO : Filtering template 84/96 segment 2/5
2026-09-06T20:05:43.102+01:00 INFO : Filtering template 84/96 segment 3/5
2026-09-06T20:05:43.120+01:00 INFO : 1 points above threshold
2026-09-06T20:05:43.135+01:00 INFO : Filtering template 84/96 segment 4/5
2026-09-06T20:05:43.153+01:00 INFO : 3 points above threshold
2026-09-06T20:05:43.162+01:00 INFO : Filtering template 84/96 segment 5/5
2026-09-06T20:05:43.179+01:00 INFO : 84: generating IMRPhenomD from 30.0 Hz
2026-09-06T20:05:43.182+01:00 INFO : Decompressing waveform using inline_linear
2026-09-06T20:05:43.187+01:00 INFO : Filtering template 85/96 segment 1/5
2026-09-06T20:05:43.207+01:00 INFO : 1 points above threshold
2026-09-06T20:05:43.222+01:00 INFO : Filtering template 85/96 segment 2/5
2026-09-06T20:05:43.239+01:00 INFO : 2 points above threshold
2026-09-06T20:05:43.246+01:00 INFO : Filtering template 85/96 segment 3/5
2026-09-06T20:05:43.263+01:00 INFO : 1 points above threshold
2026-09-06T20:05:43.269+01:00 INFO : Filtering template 85/96 segment 4/5
2026-09-06T20:05:43.286+01:00 INFO : 3 points above threshold
2026-09-06T20:05:43.295+01:00 INFO : Filtering template 85/96 segment 5/5
2026-09-06T20:05:43.313+01:00 INFO : 2 points above threshold
2026-09-06T20:05:43.320+01:00 INFO : 85: generating IMRPhenomD from 30.0 Hz
2026-09-06T20:05:43.323+01:00 INFO : Decompressing waveform using inline_linear
2026-09-06T20:05:43.328+01:00 INFO : Filtering template 86/96 segment 1/5
2026-09-06T20:05:43.348+01:00 INFO : 2 points above threshold
2026-09-06T20:05:43.364+01:00 INFO : Filtering template 86/96 segment 2/5
2026-09-06T20:05:43.382+01:00 INFO : 2 points above threshold
2026-09-06T20:05:43.389+01:00 INFO : Filtering template 86/96 segment 3/5
2026-09-06T20:05:43.407+01:00 INFO : 1 points above threshold
2026-09-06T20:05:43.412+01:00 INFO : Filtering template 86/96 segment 4/5
2026-09-06T20:05:43.429+01:00 INFO : 1 points above threshold
2026-09-06T20:05:43.434+01:00 INFO : Filtering template 86/96 segment 5/5
2026-09-06T20:05:43.452+01:00 INFO : 2 points above threshold
2026-09-06T20:05:43.459+01:00 INFO : 86: generating IMRPhenomD from 30.0 Hz
2026-09-06T20:05:43.462+01:00 INFO : Decompressing waveform using inline_linear
2026-09-06T20:05:43.467+01:00 INFO : Filtering template 87/96 segment 1/5
2026-09-06T20:05:43.486+01:00 INFO : 1 points above threshold
2026-09-06T20:05:43.501+01:00 INFO : Filtering template 87/96 segment 2/5
2026-09-06T20:05:43.519+01:00 INFO : 2 points above threshold
2026-09-06T20:05:43.526+01:00 INFO : Filtering template 87/96 segment 3/5
2026-09-06T20:05:43.544+01:00 INFO : 1 points above threshold
2026-09-06T20:05:43.549+01:00 INFO : Filtering template 87/96 segment 4/5
2026-09-06T20:05:43.566+01:00 INFO : 1 points above threshold
2026-09-06T20:05:43.571+01:00 INFO : Filtering template 87/96 segment 5/5
2026-09-06T20:05:43.589+01:00 INFO : 1 points above threshold
2026-09-06T20:05:43.594+01:00 INFO : 87: generating IMRPhenomD from 30.0 Hz
2026-09-06T20:05:43.597+01:00 INFO : Decompressing waveform using inline_linear
2026-09-06T20:05:43.602+01:00 INFO : Filtering template 88/96 segment 1/5
2026-09-06T20:05:43.622+01:00 INFO : 2 points above threshold
2026-09-06T20:05:43.639+01:00 INFO : Filtering template 88/96 segment 2/5
2026-09-06T20:05:43.656+01:00 INFO : 1 points above threshold
2026-09-06T20:05:43.661+01:00 INFO : Filtering template 88/96 segment 3/5
2026-09-06T20:05:43.679+01:00 INFO : Filtering template 88/96 segment 4/5
2026-09-06T20:05:43.696+01:00 INFO : Filtering template 88/96 segment 5/5
2026-09-06T20:05:43.714+01:00 INFO : 2 points above threshold
2026-09-06T20:05:43.721+01:00 INFO : 88: generating IMRPhenomD from 30.0 Hz
2026-09-06T20:05:43.724+01:00 INFO : Decompressing waveform using inline_linear
2026-09-06T20:05:43.728+01:00 INFO : Filtering template 89/96 segment 1/5
2026-09-06T20:05:43.748+01:00 INFO : 2 points above threshold
2026-09-06T20:05:43.765+01:00 INFO : Filtering template 89/96 segment 2/5
2026-09-06T20:05:43.783+01:00 INFO : 1 points above threshold
2026-09-06T20:05:43.788+01:00 INFO : Filtering template 89/96 segment 3/5
2026-09-06T20:05:43.805+01:00 INFO : 2 points above threshold
2026-09-06T20:05:43.812+01:00 INFO : Filtering template 89/96 segment 4/5
2026-09-06T20:05:43.830+01:00 INFO : Filtering template 89/96 segment 5/5
2026-09-06T20:05:43.848+01:00 INFO : 89: generating IMRPhenomD from 30.0 Hz
2026-09-06T20:05:43.850+01:00 INFO : Decompressing waveform using inline_linear
2026-09-06T20:05:43.855+01:00 INFO : Filtering template 90/96 segment 1/5
2026-09-06T20:05:43.875+01:00 INFO : Filtering template 90/96 segment 2/5
2026-09-06T20:05:43.893+01:00 INFO : 1 points above threshold
2026-09-06T20:05:43.908+01:00 INFO : Filtering template 90/96 segment 3/5
2026-09-06T20:05:43.926+01:00 INFO : 3 points above threshold
2026-09-06T20:05:43.935+01:00 INFO : Filtering template 90/96 segment 4/5
2026-09-06T20:05:43.952+01:00 INFO : Filtering template 90/96 segment 5/5
2026-09-06T20:05:43.970+01:00 INFO : 1 points above threshold
2026-09-06T20:05:43.975+01:00 INFO : 90: generating IMRPhenomD from 30.0 Hz
2026-09-06T20:05:43.978+01:00 INFO : Decompressing waveform using inline_linear
2026-09-06T20:05:43.983+01:00 INFO : Filtering template 91/96 segment 1/5
2026-09-06T20:05:44.002+01:00 INFO : Filtering template 91/96 segment 2/5
2026-09-06T20:05:44.020+01:00 INFO : 2 points above threshold
2026-09-06T20:05:44.037+01:00 INFO : Filtering template 91/96 segment 3/5
2026-09-06T20:05:44.055+01:00 INFO : 3 points above threshold
2026-09-06T20:05:44.064+01:00 INFO : Filtering template 91/96 segment 4/5
2026-09-06T20:05:44.081+01:00 INFO : Filtering template 91/96 segment 5/5
2026-09-06T20:05:44.099+01:00 INFO : 1 points above threshold
2026-09-06T20:05:44.104+01:00 INFO : 91: generating IMRPhenomD from 30.0 Hz
2026-09-06T20:05:44.107+01:00 INFO : Decompressing waveform using inline_linear
2026-09-06T20:05:44.111+01:00 INFO : Filtering template 92/96 segment 1/5
2026-09-06T20:05:44.131+01:00 INFO : 2 points above threshold
2026-09-06T20:05:44.148+01:00 INFO : Filtering template 92/96 segment 2/5
2026-09-06T20:05:44.166+01:00 INFO : 1 points above threshold
2026-09-06T20:05:44.171+01:00 INFO : Filtering template 92/96 segment 3/5
2026-09-06T20:05:44.188+01:00 INFO : 2 points above threshold
2026-09-06T20:05:44.195+01:00 INFO : Filtering template 92/96 segment 4/5
2026-09-06T20:05:44.213+01:00 INFO : 1 points above threshold
2026-09-06T20:05:44.218+01:00 INFO : Filtering template 92/96 segment 5/5
2026-09-06T20:05:44.235+01:00 INFO : 1 points above threshold
2026-09-06T20:05:44.241+01:00 INFO : 92: generating IMRPhenomD from 30.0 Hz
2026-09-06T20:05:44.243+01:00 INFO : Decompressing waveform using inline_linear
2026-09-06T20:05:44.248+01:00 INFO : Filtering template 93/96 segment 1/5
2026-09-06T20:05:44.268+01:00 INFO : Filtering template 93/96 segment 2/5
2026-09-06T20:05:44.285+01:00 INFO : 3 points above threshold
2026-09-06T20:05:44.304+01:00 INFO : Filtering template 93/96 segment 3/5
2026-09-06T20:05:44.322+01:00 INFO : 3 points above threshold
2026-09-06T20:05:44.331+01:00 INFO : Filtering template 93/96 segment 4/5
2026-09-06T20:05:44.349+01:00 INFO : 1 points above threshold
2026-09-06T20:05:44.354+01:00 INFO : Filtering template 93/96 segment 5/5
2026-09-06T20:05:44.371+01:00 INFO : 1 points above threshold
2026-09-06T20:05:44.377+01:00 INFO : 93: generating IMRPhenomD from 30.0 Hz
2026-09-06T20:05:44.379+01:00 INFO : Decompressing waveform using inline_linear
2026-09-06T20:05:44.384+01:00 INFO : Filtering template 94/96 segment 1/5
2026-09-06T20:05:44.404+01:00 INFO : 1 points above threshold
2026-09-06T20:05:44.419+01:00 INFO : Filtering template 94/96 segment 2/5
2026-09-06T20:05:44.437+01:00 INFO : 2 points above threshold
2026-09-06T20:05:44.444+01:00 INFO : Filtering template 94/96 segment 3/5
2026-09-06T20:05:44.461+01:00 INFO : 4 points above threshold
2026-09-06T20:05:44.470+01:00 INFO : Filtering template 94/96 segment 4/5
2026-09-06T20:05:44.487+01:00 INFO : Filtering template 94/96 segment 5/5
2026-09-06T20:05:44.505+01:00 INFO : 2 points above threshold
2026-09-06T20:05:44.512+01:00 INFO : 94: generating IMRPhenomD from 30.0 Hz
2026-09-06T20:05:44.515+01:00 INFO : Decompressing waveform using inline_linear
2026-09-06T20:05:44.519+01:00 INFO : Filtering template 95/96 segment 1/5
2026-09-06T20:05:44.539+01:00 INFO : 3 points above threshold
2026-09-06T20:05:44.558+01:00 INFO : Filtering template 95/96 segment 2/5
2026-09-06T20:05:44.576+01:00 INFO : 2 points above threshold
2026-09-06T20:05:44.583+01:00 INFO : Filtering template 95/96 segment 3/5
2026-09-06T20:05:44.600+01:00 INFO : 2 points above threshold
2026-09-06T20:05:44.607+01:00 INFO : Filtering template 95/96 segment 4/5
2026-09-06T20:05:44.625+01:00 INFO : 1 points above threshold
2026-09-06T20:05:44.630+01:00 INFO : Filtering template 95/96 segment 5/5
2026-09-06T20:05:44.648+01:00 INFO : 95: generating IMRPhenomD from 30.0 Hz
2026-09-06T20:05:44.667+01:00 INFO : Decompressing waveform using inline_linear
2026-09-06T20:05:44.672+01:00 INFO : Filtering template 96/96 segment 1/5
2026-09-06T20:05:44.695+01:00 INFO : 2 points above threshold
2026-09-06T20:05:44.716+01:00 INFO : Filtering template 96/96 segment 2/5
2026-09-06T20:05:44.734+01:00 INFO : Filtering template 96/96 segment 3/5
2026-09-06T20:05:44.751+01:00 INFO : Filtering template 96/96 segment 4/5
2026-09-06T20:05:44.769+01:00 INFO : 1 points above threshold
2026-09-06T20:05:44.774+01:00 INFO : Filtering template 96/96 segment 5/5
2026-09-06T20:05:44.792+01:00 INFO : We currently have 527 triggers
2026-09-06T20:05:44.792+01:00 INFO : Removing triggers with NewSNR below threshold
2026-09-06T20:05:44.792+01:00 INFO : 475 remaining triggers
2026-09-06T20:05:44.792+01:00 INFO : Outputting 475 triggers
2026-09-06T20:05:44.792+01:00 INFO : Writing out triggers
2026-09-06T20:05:44.803+01:00 INFO : Finished
