2026-09-06T17:42:07.137+01:00 INFO : Running with CPU support: 1 threads
2026-09-06T17:42:07.137+01:00 INFO : Reading Frames
2026-09-06T17:42:13.836+01:00 INFO : Highpass Filtering
2026-09-06T17:42:14.307+01:00 INFO : Resampling data
2026-09-06T17:42:14.319+01:00 INFO : Converting to float32
/home/xangma/pycbc-torch-inspiral-reference-20260906/source/pycbc/types/array.py:872: RuntimeWarning: divide by zero encountered in divide
  return self._data.__rtruediv__(other)
2026-09-06T17:42:19.405+01:00 INFO : Highpass Filtering
2026-09-06T17:42:19.859+01:00 INFO : Remove Padding
2026-09-06T17:42:19.882+01:00 INFO : Making frequency-domain data segments
/home/xangma/pycbc-torch-inspiral-reference-20260906/source/pycbc/types/array.py:872: RuntimeWarning: divide by zero encountered in divide
  return self._data.__rtruediv__(other)
2026-09-06T17:42:21.573+01:00 INFO : Overwhitening frequency-domain data segments
2026-09-06T17:42:21.593+01:00 INFO : Read in template bank
2026-09-06T17:42:21.603+01:00 INFO : Full template bank size: 96
2026-09-06T17:42:21.603+01:00 INFO : Template bank size after thinning: 96
2026-09-06T17:42:21.603+01:00 INFO : 0: generating IMRPhenomD from 30.0 Hz
2026-09-06T17:42:21.606+01:00 INFO : Decompressing waveform using inline_linear
2026-09-06T17:42:21.612+01:00 INFO : Filtering template 1/96 segment 1/5
2026-09-06T17:42:21.642+01:00 INFO : 1 points above threshold
2026-09-06T17:42:21.663+01:00 INFO : Filtering template 1/96 segment 2/5
2026-09-06T17:42:21.681+01:00 INFO : Filtering template 1/96 segment 3/5
2026-09-06T17:42:21.699+01:00 INFO : 1 points above threshold
2026-09-06T17:42:21.704+01:00 INFO : Filtering template 1/96 segment 4/5
2026-09-06T17:42:21.722+01:00 INFO : Filtering template 1/96 segment 5/5
2026-09-06T17:42:21.740+01:00 INFO : 1 points above threshold
2026-09-06T17:42:21.745+01:00 INFO : 1: generating IMRPhenomD from 30.0 Hz
2026-09-06T17:42:21.748+01:00 INFO : Decompressing waveform using inline_linear
2026-09-06T17:42:21.753+01:00 INFO : Filtering template 2/96 segment 1/5
2026-09-06T17:42:21.773+01:00 INFO : 1 points above threshold
2026-09-06T17:42:21.788+01:00 INFO : Filtering template 2/96 segment 2/5
2026-09-06T17:42:21.806+01:00 INFO : 1 points above threshold
2026-09-06T17:42:21.811+01:00 INFO : Filtering template 2/96 segment 3/5
2026-09-06T17:42:21.829+01:00 INFO : 2 points above threshold
2026-09-06T17:42:21.834+01:00 INFO : Filtering template 2/96 segment 4/5
2026-09-06T17:42:21.852+01:00 INFO : 1 points above threshold
2026-09-06T17:42:21.857+01:00 INFO : Filtering template 2/96 segment 5/5
2026-09-06T17:42:21.875+01:00 INFO : 1 points above threshold
2026-09-06T17:42:21.881+01:00 INFO : 2: generating IMRPhenomD from 30.0 Hz
2026-09-06T17:42:21.883+01:00 INFO : Decompressing waveform using inline_linear
2026-09-06T17:42:21.888+01:00 INFO : Filtering template 3/96 segment 1/5
2026-09-06T17:42:21.909+01:00 INFO : 3 points above threshold
2026-09-06T17:42:21.925+01:00 INFO : Filtering template 3/96 segment 2/5
2026-09-06T17:42:21.943+01:00 INFO : Filtering template 3/96 segment 3/5
2026-09-06T17:42:21.961+01:00 INFO : 1 points above threshold
2026-09-06T17:42:21.966+01:00 INFO : Filtering template 3/96 segment 4/5
2026-09-06T17:42:21.984+01:00 INFO : 1 points above threshold
2026-09-06T17:42:21.989+01:00 INFO : Filtering template 3/96 segment 5/5
2026-09-06T17:42:22.008+01:00 INFO : 3: generating IMRPhenomD from 30.0 Hz
2026-09-06T17:42:22.010+01:00 INFO : Decompressing waveform using inline_linear
2026-09-06T17:42:22.015+01:00 INFO : Filtering template 4/96 segment 1/5
2026-09-06T17:42:22.036+01:00 INFO : 1 points above threshold
2026-09-06T17:42:22.050+01:00 INFO : Filtering template 4/96 segment 2/5
2026-09-06T17:42:22.068+01:00 INFO : 1 points above threshold
2026-09-06T17:42:22.073+01:00 INFO : Filtering template 4/96 segment 3/5
2026-09-06T17:42:22.091+01:00 INFO : 2 points above threshold
2026-09-06T17:42:22.096+01:00 INFO : Filtering template 4/96 segment 4/5
2026-09-06T17:42:22.114+01:00 INFO : 2 points above threshold
2026-09-06T17:42:22.119+01:00 INFO : Filtering template 4/96 segment 5/5
2026-09-06T17:42:22.137+01:00 INFO : 2 points above threshold
2026-09-06T17:42:22.142+01:00 INFO : 4: generating IMRPhenomD from 30.0 Hz
2026-09-06T17:42:22.145+01:00 INFO : Decompressing waveform using inline_linear
2026-09-06T17:42:22.150+01:00 INFO : Filtering template 5/96 segment 1/5
2026-09-06T17:42:22.170+01:00 INFO : 1 points above threshold
2026-09-06T17:42:22.185+01:00 INFO : Filtering template 5/96 segment 2/5
2026-09-06T17:42:22.203+01:00 INFO : 2 points above threshold
2026-09-06T17:42:22.208+01:00 INFO : Filtering template 5/96 segment 3/5
2026-09-06T17:42:22.226+01:00 INFO : 2 points above threshold
2026-09-06T17:42:22.231+01:00 INFO : Filtering template 5/96 segment 4/5
2026-09-06T17:42:22.249+01:00 INFO : 2 points above threshold
2026-09-06T17:42:22.254+01:00 INFO : Filtering template 5/96 segment 5/5
2026-09-06T17:42:22.272+01:00 INFO : 5: generating IMRPhenomD from 30.0 Hz
2026-09-06T17:42:22.275+01:00 INFO : Decompressing waveform using inline_linear
2026-09-06T17:42:22.279+01:00 INFO : Filtering template 6/96 segment 1/5
2026-09-06T17:42:22.300+01:00 INFO : 1 points above threshold
2026-09-06T17:42:22.314+01:00 INFO : Filtering template 6/96 segment 2/5
2026-09-06T17:42:22.332+01:00 INFO : Filtering template 6/96 segment 3/5
2026-09-06T17:42:22.350+01:00 INFO : Filtering template 6/96 segment 4/5
2026-09-06T17:42:22.368+01:00 INFO : 1 points above threshold
2026-09-06T17:42:22.373+01:00 INFO : Filtering template 6/96 segment 5/5
2026-09-06T17:42:22.391+01:00 INFO : 1 points above threshold
2026-09-06T17:42:22.397+01:00 INFO : 6: generating IMRPhenomD from 30.0 Hz
2026-09-06T17:42:22.399+01:00 INFO : Decompressing waveform using inline_linear
2026-09-06T17:42:22.404+01:00 INFO : Filtering template 7/96 segment 1/5
2026-09-06T17:42:22.424+01:00 INFO : 2 points above threshold
2026-09-06T17:42:22.439+01:00 INFO : Filtering template 7/96 segment 2/5
2026-09-06T17:42:22.457+01:00 INFO : Filtering template 7/96 segment 3/5
2026-09-06T17:42:22.475+01:00 INFO : Filtering template 7/96 segment 4/5
2026-09-06T17:42:22.493+01:00 INFO : 1 points above threshold
2026-09-06T17:42:22.498+01:00 INFO : Filtering template 7/96 segment 5/5
2026-09-06T17:42:22.516+01:00 INFO : 7: generating IMRPhenomD from 30.0 Hz
2026-09-06T17:42:22.519+01:00 INFO : Decompressing waveform using inline_linear
2026-09-06T17:42:22.524+01:00 INFO : Filtering template 8/96 segment 1/5
2026-09-06T17:42:22.544+01:00 INFO : 1 points above threshold
2026-09-06T17:42:22.559+01:00 INFO : Filtering template 8/96 segment 2/5
2026-09-06T17:42:22.577+01:00 INFO : 1 points above threshold
2026-09-06T17:42:22.582+01:00 INFO : Filtering template 8/96 segment 3/5
2026-09-06T17:42:22.600+01:00 INFO : 4 points above threshold
2026-09-06T17:42:22.605+01:00 INFO : Filtering template 8/96 segment 4/5
2026-09-06T17:42:22.623+01:00 INFO : Filtering template 8/96 segment 5/5
2026-09-06T17:42:22.641+01:00 INFO : 8: generating IMRPhenomD from 30.0 Hz
2026-09-06T17:42:22.644+01:00 INFO : Decompressing waveform using inline_linear
2026-09-06T17:42:22.649+01:00 INFO : Filtering template 9/96 segment 1/5
2026-09-06T17:42:22.669+01:00 INFO : Filtering template 9/96 segment 2/5
2026-09-06T17:42:22.687+01:00 INFO : 1 points above threshold
2026-09-06T17:42:22.700+01:00 INFO : Filtering template 9/96 segment 3/5
2026-09-06T17:42:22.718+01:00 INFO : 2 points above threshold
2026-09-06T17:42:22.723+01:00 INFO : Filtering template 9/96 segment 4/5
2026-09-06T17:42:22.741+01:00 INFO : 1 points above threshold
2026-09-06T17:42:22.746+01:00 INFO : Filtering template 9/96 segment 5/5
2026-09-06T17:42:22.764+01:00 INFO : 3 points above threshold
2026-09-06T17:42:22.772+01:00 INFO : 9: generating IMRPhenomD from 30.0 Hz
2026-09-06T17:42:22.774+01:00 INFO : Decompressing waveform using inline_linear
2026-09-06T17:42:22.779+01:00 INFO : Filtering template 10/96 segment 1/5
2026-09-06T17:42:22.799+01:00 INFO : 1 points above threshold
2026-09-06T17:42:22.812+01:00 INFO : Filtering template 10/96 segment 2/5
2026-09-06T17:42:22.830+01:00 INFO : 1 points above threshold
2026-09-06T17:42:22.835+01:00 INFO : Filtering template 10/96 segment 3/5
2026-09-06T17:42:22.853+01:00 INFO : Filtering template 10/96 segment 4/5
2026-09-06T17:42:22.871+01:00 INFO : 2 points above threshold
2026-09-06T17:42:22.876+01:00 INFO : Filtering template 10/96 segment 5/5
2026-09-06T17:42:22.894+01:00 INFO : 1 points above threshold
2026-09-06T17:42:22.900+01:00 INFO : 10: generating IMRPhenomD from 30.0 Hz
2026-09-06T17:42:22.902+01:00 INFO : Decompressing waveform using inline_linear
2026-09-06T17:42:22.907+01:00 INFO : Filtering template 11/96 segment 1/5
2026-09-06T17:42:22.927+01:00 INFO : 4 points above threshold
2026-09-06T17:42:22.940+01:00 INFO : Filtering template 11/96 segment 2/5
2026-09-06T17:42:22.958+01:00 INFO : 2 points above threshold
2026-09-06T17:42:22.963+01:00 INFO : Filtering template 11/96 segment 3/5
2026-09-06T17:42:22.981+01:00 INFO : 1 points above threshold
2026-09-06T17:42:22.987+01:00 INFO : Filtering template 11/96 segment 4/5
2026-09-06T17:42:23.005+01:00 INFO : Filtering template 11/96 segment 5/5
2026-09-06T17:42:23.023+01:00 INFO : 11: generating IMRPhenomD from 30.0 Hz
2026-09-06T17:42:23.026+01:00 INFO : Decompressing waveform using inline_linear
2026-09-06T17:42:23.031+01:00 INFO : Filtering template 12/96 segment 1/5
2026-09-06T17:42:23.051+01:00 INFO : 1 points above threshold
2026-09-06T17:42:23.064+01:00 INFO : Filtering template 12/96 segment 2/5
2026-09-06T17:42:23.082+01:00 INFO : 1 points above threshold
2026-09-06T17:42:23.087+01:00 INFO : Filtering template 12/96 segment 3/5
2026-09-06T17:42:23.105+01:00 INFO : 1 points above threshold
2026-09-06T17:42:23.110+01:00 INFO : Filtering template 12/96 segment 4/5
2026-09-06T17:42:23.128+01:00 INFO : 3 points above threshold
2026-09-06T17:42:23.135+01:00 INFO : Filtering template 12/96 segment 5/5
2026-09-06T17:42:23.153+01:00 INFO : 12: generating IMRPhenomD from 30.0 Hz
2026-09-06T17:42:23.156+01:00 INFO : Decompressing waveform using inline_linear
2026-09-06T17:42:23.161+01:00 INFO : Filtering template 13/96 segment 1/5
2026-09-06T17:42:23.181+01:00 INFO : Filtering template 13/96 segment 2/5
2026-09-06T17:42:23.200+01:00 INFO : 4 points above threshold
2026-09-06T17:42:23.213+01:00 INFO : Filtering template 13/96 segment 3/5
2026-09-06T17:42:23.232+01:00 INFO : Filtering template 13/96 segment 4/5
2026-09-06T17:42:23.251+01:00 INFO : Filtering template 13/96 segment 5/5
2026-09-06T17:42:23.271+01:00 INFO : 1 points above threshold
2026-09-06T17:42:23.277+01:00 INFO : 13: generating IMRPhenomD from 30.0 Hz
2026-09-06T17:42:23.280+01:00 INFO : Decompressing waveform using inline_linear
2026-09-06T17:42:23.284+01:00 INFO : Filtering template 14/96 segment 1/5
2026-09-06T17:42:23.307+01:00 INFO : 1 points above threshold
2026-09-06T17:42:23.320+01:00 INFO : Filtering template 14/96 segment 2/5
2026-09-06T17:42:23.338+01:00 INFO : 2 points above threshold
2026-09-06T17:42:23.344+01:00 INFO : Filtering template 14/96 segment 3/5
2026-09-06T17:42:23.362+01:00 INFO : 3 points above threshold
2026-09-06T17:42:23.369+01:00 INFO : Filtering template 14/96 segment 4/5
2026-09-06T17:42:23.387+01:00 INFO : 2 points above threshold
2026-09-06T17:42:23.392+01:00 INFO : Filtering template 14/96 segment 5/5
2026-09-06T17:42:23.410+01:00 INFO : 14: generating IMRPhenomD from 30.0 Hz
2026-09-06T17:42:23.413+01:00 INFO : Decompressing waveform using inline_linear
2026-09-06T17:42:23.418+01:00 INFO : Filtering template 15/96 segment 1/5
2026-09-06T17:42:23.438+01:00 INFO : 1 points above threshold
2026-09-06T17:42:23.451+01:00 INFO : Filtering template 15/96 segment 2/5
2026-09-06T17:42:23.469+01:00 INFO : Filtering template 15/96 segment 3/5
2026-09-06T17:42:23.487+01:00 INFO : 1 points above threshold
2026-09-06T17:42:23.492+01:00 INFO : Filtering template 15/96 segment 4/5
2026-09-06T17:42:23.510+01:00 INFO : 1 points above threshold
2026-09-06T17:42:23.515+01:00 INFO : Filtering template 15/96 segment 5/5
2026-09-06T17:42:23.533+01:00 INFO : 3 points above threshold
2026-09-06T17:42:23.541+01:00 INFO : 15: generating IMRPhenomD from 30.0 Hz
2026-09-06T17:42:23.544+01:00 INFO : Decompressing waveform using inline_linear
2026-09-06T17:42:23.548+01:00 INFO : Filtering template 16/96 segment 1/5
2026-09-06T17:42:23.568+01:00 INFO : 1 points above threshold
2026-09-06T17:42:23.581+01:00 INFO : Filtering template 16/96 segment 2/5
2026-09-06T17:42:23.599+01:00 INFO : 2 points above threshold
2026-09-06T17:42:23.604+01:00 INFO : Filtering template 16/96 segment 3/5
2026-09-06T17:42:23.622+01:00 INFO : 3 points above threshold
2026-09-06T17:42:23.629+01:00 INFO : Filtering template 16/96 segment 4/5
2026-09-06T17:42:23.647+01:00 INFO : 2 points above threshold
2026-09-06T17:42:23.652+01:00 INFO : Filtering template 16/96 segment 5/5
2026-09-06T17:42:23.670+01:00 INFO : 16: generating IMRPhenomD from 30.0 Hz
2026-09-06T17:42:23.673+01:00 INFO : Decompressing waveform using inline_linear
2026-09-06T17:42:23.678+01:00 INFO : Filtering template 17/96 segment 1/5
2026-09-06T17:42:23.698+01:00 INFO : 2 points above threshold
2026-09-06T17:42:23.713+01:00 INFO : Filtering template 17/96 segment 2/5
2026-09-06T17:42:23.731+01:00 INFO : 3 points above threshold
2026-09-06T17:42:23.738+01:00 INFO : Filtering template 17/96 segment 3/5
2026-09-06T17:42:23.756+01:00 INFO : Filtering template 17/96 segment 4/5
2026-09-06T17:42:23.774+01:00 INFO : 2 points above threshold
2026-09-06T17:42:23.779+01:00 INFO : Filtering template 17/96 segment 5/5
2026-09-06T17:42:23.797+01:00 INFO : 3 points above threshold
2026-09-06T17:42:23.804+01:00 INFO : 17: generating IMRPhenomD from 30.0 Hz
2026-09-06T17:42:23.807+01:00 INFO : Decompressing waveform using inline_linear
2026-09-06T17:42:23.811+01:00 INFO : Filtering template 18/96 segment 1/5
2026-09-06T17:42:23.832+01:00 INFO : Filtering template 18/96 segment 2/5
2026-09-06T17:42:23.850+01:00 INFO : Filtering template 18/96 segment 3/5
2026-09-06T17:42:23.868+01:00 INFO : 1 points above threshold
2026-09-06T17:42:23.883+01:00 INFO : Filtering template 18/96 segment 4/5
2026-09-06T17:42:23.902+01:00 INFO : Filtering template 18/96 segment 5/5
2026-09-06T17:42:23.920+01:00 INFO : 2 points above threshold
2026-09-06T17:42:23.925+01:00 INFO : 18: generating IMRPhenomD from 30.0 Hz
2026-09-06T17:42:23.928+01:00 INFO : Decompressing waveform using inline_linear
2026-09-06T17:42:23.933+01:00 INFO : Filtering template 19/96 segment 1/5
2026-09-06T17:42:23.953+01:00 INFO : 3 points above threshold
2026-09-06T17:42:23.969+01:00 INFO : Filtering template 19/96 segment 2/5
2026-09-06T17:42:23.987+01:00 INFO : 1 points above threshold
2026-09-06T17:42:23.993+01:00 INFO : Filtering template 19/96 segment 3/5
2026-09-06T17:42:24.011+01:00 INFO : 1 points above threshold
2026-09-06T17:42:24.016+01:00 INFO : Filtering template 19/96 segment 4/5
2026-09-06T17:42:24.034+01:00 INFO : 3 points above threshold
2026-09-06T17:42:24.041+01:00 INFO : Filtering template 19/96 segment 5/5
2026-09-06T17:42:24.059+01:00 INFO : 1 points above threshold
2026-09-06T17:42:24.064+01:00 INFO : 19: generating IMRPhenomD from 30.0 Hz
2026-09-06T17:42:24.067+01:00 INFO : Decompressing waveform using inline_linear
2026-09-06T17:42:24.072+01:00 INFO : Filtering template 20/96 segment 1/5
2026-09-06T17:42:24.092+01:00 INFO : 1 points above threshold
2026-09-06T17:42:24.107+01:00 INFO : Filtering template 20/96 segment 2/5
2026-09-06T17:42:24.125+01:00 INFO : 3 points above threshold
2026-09-06T17:42:24.132+01:00 INFO : Filtering template 20/96 segment 3/5
2026-09-06T17:42:24.150+01:00 INFO : Filtering template 20/96 segment 4/5
2026-09-06T17:42:24.168+01:00 INFO : 2 points above threshold
2026-09-06T17:42:24.173+01:00 INFO : Filtering template 20/96 segment 5/5
2026-09-06T17:42:24.191+01:00 INFO : 20: generating IMRPhenomD from 30.0 Hz
2026-09-06T17:42:24.194+01:00 INFO : Decompressing waveform using inline_linear
2026-09-06T17:42:24.198+01:00 INFO : Filtering template 21/96 segment 1/5
2026-09-06T17:42:24.218+01:00 INFO : 1 points above threshold
2026-09-06T17:42:24.233+01:00 INFO : Filtering template 21/96 segment 2/5
2026-09-06T17:42:24.251+01:00 INFO : 1 points above threshold
2026-09-06T17:42:24.256+01:00 INFO : Filtering template 21/96 segment 3/5
2026-09-06T17:42:24.274+01:00 INFO : 1 points above threshold
2026-09-06T17:42:24.279+01:00 INFO : Filtering template 21/96 segment 4/5
2026-09-06T17:42:24.297+01:00 INFO : Filtering template 21/96 segment 5/5
2026-09-06T17:42:24.316+01:00 INFO : 21: generating IMRPhenomD from 30.0 Hz
2026-09-06T17:42:24.319+01:00 INFO : Decompressing waveform using inline_linear
2026-09-06T17:42:24.323+01:00 INFO : Filtering template 22/96 segment 1/5
2026-09-06T17:42:24.343+01:00 INFO : 5 points above threshold
2026-09-06T17:42:24.360+01:00 INFO : Filtering template 22/96 segment 2/5
2026-09-06T17:42:24.378+01:00 INFO : Filtering template 22/96 segment 3/5
2026-09-06T17:42:24.396+01:00 INFO : Filtering template 22/96 segment 4/5
2026-09-06T17:42:24.414+01:00 INFO : 1 points above threshold
2026-09-06T17:42:24.419+01:00 INFO : Filtering template 22/96 segment 5/5
2026-09-06T17:42:24.437+01:00 INFO : 1 points above threshold
2026-09-06T17:42:24.443+01:00 INFO : 22: generating IMRPhenomD from 30.0 Hz
2026-09-06T17:42:24.445+01:00 INFO : Decompressing waveform using inline_linear
2026-09-06T17:42:24.450+01:00 INFO : Filtering template 23/96 segment 1/5
2026-09-06T17:42:24.470+01:00 INFO : 2 points above threshold
2026-09-06T17:42:24.485+01:00 INFO : Filtering template 23/96 segment 2/5
2026-09-06T17:42:24.503+01:00 INFO : 1 points above threshold
2026-09-06T17:42:24.508+01:00 INFO : Filtering template 23/96 segment 3/5
2026-09-06T17:42:24.526+01:00 INFO : 1 points above threshold
2026-09-06T17:42:24.531+01:00 INFO : Filtering template 23/96 segment 4/5
2026-09-06T17:42:24.549+01:00 INFO : Filtering template 23/96 segment 5/5
2026-09-06T17:42:24.567+01:00 INFO : 23: generating IMRPhenomD from 30.0 Hz
2026-09-06T17:42:24.570+01:00 INFO : Decompressing waveform using inline_linear
2026-09-06T17:42:24.575+01:00 INFO : Filtering template 24/96 segment 1/5
2026-09-06T17:42:24.595+01:00 INFO : 1 points above threshold
2026-09-06T17:42:24.610+01:00 INFO : Filtering template 24/96 segment 2/5
2026-09-06T17:42:24.628+01:00 INFO : 2 points above threshold
2026-09-06T17:42:24.633+01:00 INFO : Filtering template 24/96 segment 3/5
2026-09-06T17:42:24.651+01:00 INFO : 1 points above threshold
2026-09-06T17:42:24.656+01:00 INFO : Filtering template 24/96 segment 4/5
2026-09-06T17:42:24.674+01:00 INFO : Filtering template 24/96 segment 5/5
2026-09-06T17:42:24.692+01:00 INFO : 2 points above threshold
2026-09-06T17:42:24.697+01:00 INFO : 24: generating IMRPhenomD from 30.0 Hz
2026-09-06T17:42:24.700+01:00 INFO : Decompressing waveform using inline_linear
2026-09-06T17:42:24.705+01:00 INFO : Filtering template 25/96 segment 1/5
2026-09-06T17:42:24.725+01:00 INFO : 2 points above threshold
2026-09-06T17:42:24.740+01:00 INFO : Filtering template 25/96 segment 2/5
2026-09-06T17:42:24.758+01:00 INFO : Filtering template 25/96 segment 3/5
2026-09-06T17:42:24.777+01:00 INFO : Filtering template 25/96 segment 4/5
2026-09-06T17:42:24.795+01:00 INFO : Filtering template 25/96 segment 5/5
2026-09-06T17:42:24.813+01:00 INFO : 25: generating IMRPhenomD from 30.0 Hz
2026-09-06T17:42:24.816+01:00 INFO : Decompressing waveform using inline_linear
2026-09-06T17:42:24.821+01:00 INFO : Filtering template 26/96 segment 1/5
2026-09-06T17:42:24.841+01:00 INFO : Filtering template 26/96 segment 2/5
2026-09-06T17:42:24.859+01:00 INFO : 2 points above threshold
2026-09-06T17:42:24.874+01:00 INFO : Filtering template 26/96 segment 3/5
2026-09-06T17:42:24.892+01:00 INFO : Filtering template 26/96 segment 4/5
2026-09-06T17:42:24.910+01:00 INFO : 2 points above threshold
2026-09-06T17:42:24.915+01:00 INFO : Filtering template 26/96 segment 5/5
2026-09-06T17:42:24.933+01:00 INFO : 2 points above threshold
2026-09-06T17:42:24.939+01:00 INFO : 26: generating IMRPhenomD from 30.0 Hz
2026-09-06T17:42:24.941+01:00 INFO : Decompressing waveform using inline_linear
2026-09-06T17:42:24.946+01:00 INFO : Filtering template 27/96 segment 1/5
2026-09-06T17:42:24.966+01:00 INFO : 3 points above threshold
2026-09-06T17:42:24.983+01:00 INFO : Filtering template 27/96 segment 2/5
2026-09-06T17:42:25.001+01:00 INFO : Filtering template 27/96 segment 3/5
2026-09-06T17:42:25.019+01:00 INFO : 1 points above threshold
2026-09-06T17:42:25.024+01:00 INFO : Filtering template 27/96 segment 4/5
2026-09-06T17:42:25.042+01:00 INFO : Filtering template 27/96 segment 5/5
2026-09-06T17:42:25.061+01:00 INFO : 27: generating IMRPhenomD from 30.0 Hz
2026-09-06T17:42:25.063+01:00 INFO : Decompressing waveform using inline_linear
2026-09-06T17:42:25.068+01:00 INFO : Filtering template 28/96 segment 1/5
2026-09-06T17:42:25.088+01:00 INFO : 4 points above threshold
2026-09-06T17:42:25.103+01:00 INFO : Filtering template 28/96 segment 2/5
2026-09-06T17:42:25.121+01:00 INFO : 1 points above threshold
2026-09-06T17:42:25.126+01:00 INFO : Filtering template 28/96 segment 3/5
2026-09-06T17:42:25.144+01:00 INFO : 2 points above threshold
2026-09-06T17:42:25.149+01:00 INFO : Filtering template 28/96 segment 4/5
2026-09-06T17:42:25.167+01:00 INFO : Filtering template 28/96 segment 5/5
2026-09-06T17:42:25.185+01:00 INFO : 28: generating IMRPhenomD from 30.0 Hz
2026-09-06T17:42:25.188+01:00 INFO : Decompressing waveform using inline_linear
2026-09-06T17:42:25.193+01:00 INFO : Filtering template 29/96 segment 1/5
2026-09-06T17:42:25.213+01:00 INFO : 2 points above threshold
2026-09-06T17:42:25.227+01:00 INFO : Filtering template 29/96 segment 2/5
2026-09-06T17:42:25.245+01:00 INFO : 2 points above threshold
2026-09-06T17:42:25.250+01:00 INFO : Filtering template 29/96 segment 3/5
2026-09-06T17:42:25.268+01:00 INFO : 1 points above threshold
2026-09-06T17:42:25.273+01:00 INFO : Filtering template 29/96 segment 4/5
2026-09-06T17:42:25.291+01:00 INFO : 2 points above threshold
2026-09-06T17:42:25.297+01:00 INFO : Filtering template 29/96 segment 5/5
2026-09-06T17:42:25.315+01:00 INFO : 3 points above threshold
2026-09-06T17:42:25.322+01:00 INFO : 29: generating IMRPhenomD from 30.0 Hz
2026-09-06T17:42:25.325+01:00 INFO : Decompressing waveform using inline_linear
2026-09-06T17:42:25.329+01:00 INFO : Filtering template 30/96 segment 1/5
2026-09-06T17:42:25.350+01:00 INFO : 1 points above threshold
2026-09-06T17:42:25.364+01:00 INFO : Filtering template 30/96 segment 2/5
2026-09-06T17:42:25.382+01:00 INFO : 1 points above threshold
2026-09-06T17:42:25.387+01:00 INFO : Filtering template 30/96 segment 3/5
2026-09-06T17:42:25.405+01:00 INFO : 1 points above threshold
2026-09-06T17:42:25.410+01:00 INFO : Filtering template 30/96 segment 4/5
2026-09-06T17:42:25.428+01:00 INFO : Filtering template 30/96 segment 5/5
2026-09-06T17:42:25.447+01:00 INFO : 30: generating IMRPhenomD from 30.0 Hz
2026-09-06T17:42:25.449+01:00 INFO : Decompressing waveform using inline_linear
2026-09-06T17:42:25.454+01:00 INFO : Filtering template 31/96 segment 1/5
2026-09-06T17:42:25.474+01:00 INFO : Filtering template 31/96 segment 2/5
2026-09-06T17:42:25.493+01:00 INFO : 1 points above threshold
2026-09-06T17:42:25.507+01:00 INFO : Filtering template 31/96 segment 3/5
2026-09-06T17:42:25.526+01:00 INFO : Filtering template 31/96 segment 4/5
2026-09-06T17:42:25.544+01:00 INFO : 1 points above threshold
2026-09-06T17:42:25.549+01:00 INFO : Filtering template 31/96 segment 5/5
2026-09-06T17:42:25.567+01:00 INFO : 1 points above threshold
2026-09-06T17:42:25.572+01:00 INFO : 31: generating IMRPhenomD from 30.0 Hz
2026-09-06T17:42:25.575+01:00 INFO : Decompressing waveform using inline_linear
2026-09-06T17:42:25.580+01:00 INFO : Filtering template 32/96 segment 1/5
2026-09-06T17:42:25.600+01:00 INFO : Filtering template 32/96 segment 2/5
2026-09-06T17:42:25.618+01:00 INFO : Filtering template 32/96 segment 3/5
2026-09-06T17:42:25.636+01:00 INFO : Filtering template 32/96 segment 4/5
2026-09-06T17:42:25.654+01:00 INFO : 3 points above threshold
2026-09-06T17:42:25.670+01:00 INFO : Filtering template 32/96 segment 5/5
2026-09-06T17:42:25.688+01:00 INFO : 2 points above threshold
2026-09-06T17:42:25.694+01:00 INFO : 32: generating IMRPhenomD from 30.0 Hz
2026-09-06T17:42:25.696+01:00 INFO : Decompressing waveform using inline_linear
2026-09-06T17:42:25.701+01:00 INFO : Filtering template 33/96 segment 1/5
2026-09-06T17:42:25.721+01:00 INFO : 2 points above threshold
2026-09-06T17:42:25.737+01:00 INFO : Filtering template 33/96 segment 2/5
2026-09-06T17:42:25.755+01:00 INFO : Filtering template 33/96 segment 3/5
2026-09-06T17:42:25.773+01:00 INFO : Filtering template 33/96 segment 4/5
2026-09-06T17:42:25.791+01:00 INFO : 1 points above threshold
2026-09-06T17:42:25.796+01:00 INFO : Filtering template 33/96 segment 5/5
2026-09-06T17:42:25.814+01:00 INFO : 33: generating IMRPhenomD from 30.0 Hz
2026-09-06T17:42:25.817+01:00 INFO : Decompressing waveform using inline_linear
2026-09-06T17:42:25.822+01:00 INFO : Filtering template 34/96 segment 1/5
2026-09-06T17:42:25.842+01:00 INFO : Filtering template 34/96 segment 2/5
2026-09-06T17:42:25.860+01:00 INFO : 1 points above threshold
2026-09-06T17:42:25.875+01:00 INFO : Filtering template 34/96 segment 3/5
2026-09-06T17:42:25.894+01:00 INFO : 1 points above threshold
2026-09-06T17:42:25.899+01:00 INFO : Filtering template 34/96 segment 4/5
2026-09-06T17:42:25.917+01:00 INFO : Filtering template 34/96 segment 5/5
2026-09-06T17:42:25.935+01:00 INFO : 1 points above threshold
2026-09-06T17:42:25.940+01:00 INFO : 34: generating IMRPhenomD from 30.0 Hz
2026-09-06T17:42:25.943+01:00 INFO : Decompressing waveform using inline_linear
2026-09-06T17:42:25.948+01:00 INFO : Filtering template 35/96 segment 1/5
2026-09-06T17:42:25.968+01:00 INFO : 1 points above threshold
2026-09-06T17:42:25.982+01:00 INFO : Filtering template 35/96 segment 2/5
2026-09-06T17:42:26.000+01:00 INFO : 1 points above threshold
2026-09-06T17:42:26.006+01:00 INFO : Filtering template 35/96 segment 3/5
2026-09-06T17:42:26.024+01:00 INFO : 1 points above threshold
2026-09-06T17:42:26.029+01:00 INFO : Filtering template 35/96 segment 4/5
2026-09-06T17:42:26.047+01:00 INFO : Filtering template 35/96 segment 5/5
2026-09-06T17:42:26.065+01:00 INFO : 35: generating IMRPhenomD from 30.0 Hz
2026-09-06T17:42:26.068+01:00 INFO : Decompressing waveform using inline_linear
2026-09-06T17:42:26.073+01:00 INFO : Filtering template 36/96 segment 1/5
2026-09-06T17:42:26.093+01:00 INFO : 3 points above threshold
2026-09-06T17:42:26.110+01:00 INFO : Filtering template 36/96 segment 2/5
2026-09-06T17:42:26.128+01:00 INFO : 1 points above threshold
2026-09-06T17:42:26.133+01:00 INFO : Filtering template 36/96 segment 3/5
2026-09-06T17:42:26.151+01:00 INFO : 2 points above threshold
2026-09-06T17:42:26.156+01:00 INFO : Filtering template 36/96 segment 4/5
2026-09-06T17:42:26.174+01:00 INFO : Filtering template 36/96 segment 5/5
2026-09-06T17:42:26.192+01:00 INFO : 1 points above threshold
2026-09-06T17:42:26.197+01:00 INFO : 36: generating IMRPhenomD from 30.0 Hz
2026-09-06T17:42:26.200+01:00 INFO : Decompressing waveform using inline_linear
2026-09-06T17:42:26.205+01:00 INFO : Filtering template 37/96 segment 1/5
2026-09-06T17:42:26.225+01:00 INFO : 2 points above threshold
2026-09-06T17:42:26.239+01:00 INFO : Filtering template 37/96 segment 2/5
2026-09-06T17:42:26.257+01:00 INFO : 3 points above threshold
2026-09-06T17:42:26.264+01:00 INFO : Filtering template 37/96 segment 3/5
2026-09-06T17:42:26.282+01:00 INFO : 1 points above threshold
2026-09-06T17:42:26.287+01:00 INFO : Filtering template 37/96 segment 4/5
2026-09-06T17:42:26.305+01:00 INFO : 3 points above threshold
2026-09-06T17:42:26.312+01:00 INFO : Filtering template 37/96 segment 5/5
2026-09-06T17:42:26.331+01:00 INFO : 37: generating IMRPhenomD from 30.0 Hz
2026-09-06T17:42:26.333+01:00 INFO : Decompressing waveform using inline_linear
2026-09-06T17:42:26.338+01:00 INFO : Filtering template 38/96 segment 1/5
2026-09-06T17:42:26.358+01:00 INFO : Filtering template 38/96 segment 2/5
2026-09-06T17:42:26.377+01:00 INFO : Filtering template 38/96 segment 3/5
2026-09-06T17:42:26.395+01:00 INFO : 1 points above threshold
2026-09-06T17:42:26.409+01:00 INFO : Filtering template 38/96 segment 4/5
2026-09-06T17:42:26.427+01:00 INFO : 1 points above threshold
2026-09-06T17:42:26.433+01:00 INFO : Filtering template 38/96 segment 5/5
2026-09-06T17:42:26.450+01:00 INFO : 1 points above threshold
2026-09-06T17:42:26.456+01:00 INFO : 38: generating IMRPhenomD from 30.0 Hz
2026-09-06T17:42:26.458+01:00 INFO : Decompressing waveform using inline_linear
2026-09-06T17:42:26.463+01:00 INFO : Filtering template 39/96 segment 1/5
2026-09-06T17:42:26.483+01:00 INFO : Filtering template 39/96 segment 2/5
2026-09-06T17:42:26.502+01:00 INFO : 2 points above threshold
2026-09-06T17:42:26.516+01:00 INFO : Filtering template 39/96 segment 3/5
2026-09-06T17:42:26.534+01:00 INFO : Filtering template 39/96 segment 4/5
2026-09-06T17:42:26.552+01:00 INFO : 2 points above threshold
2026-09-06T17:42:26.557+01:00 INFO : Filtering template 39/96 segment 5/5
2026-09-06T17:42:26.575+01:00 INFO : 39: generating IMRPhenomD from 30.0 Hz
2026-09-06T17:42:26.578+01:00 INFO : Decompressing waveform using inline_linear
2026-09-06T17:42:26.583+01:00 INFO : Filtering template 40/96 segment 1/5
2026-09-06T17:42:26.603+01:00 INFO : Filtering template 40/96 segment 2/5
2026-09-06T17:42:26.621+01:00 INFO : Filtering template 40/96 segment 3/5
2026-09-06T17:42:26.639+01:00 INFO : Filtering template 40/96 segment 4/5
2026-09-06T17:42:26.657+01:00 INFO : 2 points above threshold
2026-09-06T17:42:26.672+01:00 INFO : Filtering template 40/96 segment 5/5
2026-09-06T17:42:26.690+01:00 INFO : 40: generating IMRPhenomD from 30.0 Hz
2026-09-06T17:42:26.693+01:00 INFO : Decompressing waveform using inline_linear
2026-09-06T17:42:26.697+01:00 INFO : Filtering template 41/96 segment 1/5
2026-09-06T17:42:26.718+01:00 INFO : Filtering template 41/96 segment 2/5
2026-09-06T17:42:26.736+01:00 INFO : Filtering template 41/96 segment 3/5
2026-09-06T17:42:26.754+01:00 INFO : 2 points above threshold
2026-09-06T17:42:26.768+01:00 INFO : Filtering template 41/96 segment 4/5
2026-09-06T17:42:26.786+01:00 INFO : 2 points above threshold
2026-09-06T17:42:26.791+01:00 INFO : Filtering template 41/96 segment 5/5
2026-09-06T17:42:26.809+01:00 INFO : 41: generating IMRPhenomD from 30.0 Hz
2026-09-06T17:42:26.812+01:00 INFO : Decompressing waveform using inline_linear
2026-09-06T17:42:26.817+01:00 INFO : Filtering template 42/96 segment 1/5
2026-09-06T17:42:26.837+01:00 INFO : Filtering template 42/96 segment 2/5
2026-09-06T17:42:26.855+01:00 INFO : 2 points above threshold
2026-09-06T17:42:26.869+01:00 INFO : Filtering template 42/96 segment 3/5
2026-09-06T17:42:26.887+01:00 INFO : Filtering template 42/96 segment 4/5
2026-09-06T17:42:26.905+01:00 INFO : 1 points above threshold
2026-09-06T17:42:26.911+01:00 INFO : Filtering template 42/96 segment 5/5
2026-09-06T17:42:26.928+01:00 INFO : 1 points above threshold
2026-09-06T17:42:26.934+01:00 INFO : 42: generating IMRPhenomD from 30.0 Hz
2026-09-06T17:42:26.937+01:00 INFO : Decompressing waveform using inline_linear
2026-09-06T17:42:26.941+01:00 INFO : Filtering template 43/96 segment 1/5
2026-09-06T17:42:26.961+01:00 INFO : 1 points above threshold
2026-09-06T17:42:26.976+01:00 INFO : Filtering template 43/96 segment 2/5
2026-09-06T17:42:26.994+01:00 INFO : 2 points above threshold
2026-09-06T17:42:26.999+01:00 INFO : Filtering template 43/96 segment 3/5
2026-09-06T17:42:27.017+01:00 INFO : 1 points above threshold
2026-09-06T17:42:27.022+01:00 INFO : Filtering template 43/96 segment 4/5
2026-09-06T17:42:27.040+01:00 INFO : Filtering template 43/96 segment 5/5
2026-09-06T17:42:27.059+01:00 INFO : 43: generating IMRPhenomD from 30.0 Hz
2026-09-06T17:42:27.062+01:00 INFO : Decompressing waveform using inline_linear
2026-09-06T17:42:27.066+01:00 INFO : Filtering template 44/96 segment 1/5
2026-09-06T17:42:27.087+01:00 INFO : 1 points above threshold
2026-09-06T17:42:27.101+01:00 INFO : Filtering template 44/96 segment 2/5
2026-09-06T17:42:27.119+01:00 INFO : Filtering template 44/96 segment 3/5
2026-09-06T17:42:27.137+01:00 INFO : Filtering template 44/96 segment 4/5
2026-09-06T17:42:27.155+01:00 INFO : 1 points above threshold
2026-09-06T17:42:27.160+01:00 INFO : Filtering template 44/96 segment 5/5
2026-09-06T17:42:27.179+01:00 INFO : 44: generating IMRPhenomD from 30.0 Hz
2026-09-06T17:42:27.181+01:00 INFO : Decompressing waveform using inline_linear
2026-09-06T17:42:27.186+01:00 INFO : Filtering template 45/96 segment 1/5
2026-09-06T17:42:27.206+01:00 INFO : 2 points above threshold
2026-09-06T17:42:27.221+01:00 INFO : Filtering template 45/96 segment 2/5
2026-09-06T17:42:27.239+01:00 INFO : 1 points above threshold
2026-09-06T17:42:27.244+01:00 INFO : Filtering template 45/96 segment 3/5
2026-09-06T17:42:27.262+01:00 INFO : 1 points above threshold
2026-09-06T17:42:27.267+01:00 INFO : Filtering template 45/96 segment 4/5
2026-09-06T17:42:27.285+01:00 INFO : Filtering template 45/96 segment 5/5
2026-09-06T17:42:27.303+01:00 INFO : 45: generating IMRPhenomD from 30.0 Hz
2026-09-06T17:42:27.306+01:00 INFO : Decompressing waveform using inline_linear
2026-09-06T17:42:27.311+01:00 INFO : Filtering template 46/96 segment 1/5
2026-09-06T17:42:27.331+01:00 INFO : Filtering template 46/96 segment 2/5
2026-09-06T17:42:27.349+01:00 INFO : Filtering template 46/96 segment 3/5
2026-09-06T17:42:27.367+01:00 INFO : 1 points above threshold
2026-09-06T17:42:27.381+01:00 INFO : Filtering template 46/96 segment 4/5
2026-09-06T17:42:27.399+01:00 INFO : 3 points above threshold
2026-09-06T17:42:27.406+01:00 INFO : Filtering template 46/96 segment 5/5
2026-09-06T17:42:27.424+01:00 INFO : 1 points above threshold
2026-09-06T17:42:27.429+01:00 INFO : 46: generating IMRPhenomD from 30.0 Hz
2026-09-06T17:42:27.432+01:00 INFO : Decompressing waveform using inline_linear
2026-09-06T17:42:27.437+01:00 INFO : Filtering template 47/96 segment 1/5
2026-09-06T17:42:27.457+01:00 INFO : 3 points above threshold
2026-09-06T17:42:27.473+01:00 INFO : Filtering template 47/96 segment 2/5
2026-09-06T17:42:27.492+01:00 INFO : Filtering template 47/96 segment 3/5
2026-09-06T17:42:27.509+01:00 INFO : 2 points above threshold
2026-09-06T17:42:27.515+01:00 INFO : Filtering template 47/96 segment 4/5
2026-09-06T17:42:27.532+01:00 INFO : 1 points above threshold
2026-09-06T17:42:27.538+01:00 INFO : Filtering template 47/96 segment 5/5
2026-09-06T17:42:27.555+01:00 INFO : 1 points above threshold
2026-09-06T17:42:27.561+01:00 INFO : 47: generating IMRPhenomD from 30.0 Hz
2026-09-06T17:42:27.564+01:00 INFO : Decompressing waveform using inline_linear
2026-09-06T17:42:27.568+01:00 INFO : Filtering template 48/96 segment 1/5
2026-09-06T17:42:27.589+01:00 INFO : 3 points above threshold
2026-09-06T17:42:27.605+01:00 INFO : Filtering template 48/96 segment 2/5
2026-09-06T17:42:27.623+01:00 INFO : 1 points above threshold
2026-09-06T17:42:27.628+01:00 INFO : Filtering template 48/96 segment 3/5
2026-09-06T17:42:27.646+01:00 INFO : 1 points above threshold
2026-09-06T17:42:27.651+01:00 INFO : Filtering template 48/96 segment 4/5
2026-09-06T17:42:27.669+01:00 INFO : 2 points above threshold
2026-09-06T17:42:27.674+01:00 INFO : Filtering template 48/96 segment 5/5
2026-09-06T17:42:27.692+01:00 INFO : 1 points above threshold
2026-09-06T17:42:27.697+01:00 INFO : 48: generating IMRPhenomD from 30.0 Hz
2026-09-06T17:42:27.700+01:00 INFO : Decompressing waveform using inline_linear
2026-09-06T17:42:27.705+01:00 INFO : Filtering template 49/96 segment 1/5
2026-09-06T17:42:27.725+01:00 INFO : 1 points above threshold
2026-09-06T17:42:27.739+01:00 INFO : Filtering template 49/96 segment 2/5
2026-09-06T17:42:27.757+01:00 INFO : 1 points above threshold
2026-09-06T17:42:27.762+01:00 INFO : Filtering template 49/96 segment 3/5
2026-09-06T17:42:27.781+01:00 INFO : 2 points above threshold
2026-09-06T17:42:27.786+01:00 INFO : Filtering template 49/96 segment 4/5
2026-09-06T17:42:27.804+01:00 INFO : Filtering template 49/96 segment 5/5
2026-09-06T17:42:27.822+01:00 INFO : 49: generating IMRPhenomD from 30.0 Hz
2026-09-06T17:42:27.840+01:00 INFO : Decompressing waveform using inline_linear
2026-09-06T17:42:27.845+01:00 INFO : Filtering template 50/96 segment 1/5
2026-09-06T17:42:27.868+01:00 INFO : Filtering template 50/96 segment 2/5
2026-09-06T17:42:27.887+01:00 INFO : 2 points above threshold
2026-09-06T17:42:27.904+01:00 INFO : Filtering template 50/96 segment 3/5
2026-09-06T17:42:27.922+01:00 INFO : 4 points above threshold
2026-09-06T17:42:27.928+01:00 INFO : Filtering template 50/96 segment 4/5
2026-09-06T17:42:27.946+01:00 INFO : 2 points above threshold
2026-09-06T17:42:27.951+01:00 INFO : Filtering template 50/96 segment 5/5
2026-09-06T17:42:27.969+01:00 INFO : 50: generating IMRPhenomD from 30.0 Hz
2026-09-06T17:42:27.972+01:00 INFO : Decompressing waveform using inline_linear
2026-09-06T17:42:27.977+01:00 INFO : Filtering template 51/96 segment 1/5
2026-09-06T17:42:27.997+01:00 INFO : 1 points above threshold
2026-09-06T17:42:28.012+01:00 INFO : Filtering template 51/96 segment 2/5
2026-09-06T17:42:28.030+01:00 INFO : 1 points above threshold
2026-09-06T17:42:28.035+01:00 INFO : Filtering template 51/96 segment 3/5
2026-09-06T17:42:28.053+01:00 INFO : Filtering template 51/96 segment 4/5
2026-09-06T17:42:28.071+01:00 INFO : 1 points above threshold
2026-09-06T17:42:28.076+01:00 INFO : Filtering template 51/96 segment 5/5
2026-09-06T17:42:28.094+01:00 INFO : 2 points above threshold
2026-09-06T17:42:28.099+01:00 INFO : 51: generating IMRPhenomD from 30.0 Hz
2026-09-06T17:42:28.102+01:00 INFO : Decompressing waveform using inline_linear
2026-09-06T17:42:28.107+01:00 INFO : Filtering template 52/96 segment 1/5
2026-09-06T17:42:28.127+01:00 INFO : 1 points above threshold
2026-09-06T17:42:28.142+01:00 INFO : Filtering template 52/96 segment 2/5
2026-09-06T17:42:28.160+01:00 INFO : 1 points above threshold
2026-09-06T17:42:28.165+01:00 INFO : Filtering template 52/96 segment 3/5
2026-09-06T17:42:28.183+01:00 INFO : Filtering template 52/96 segment 4/5
2026-09-06T17:42:28.201+01:00 INFO : 3 points above threshold
2026-09-06T17:42:28.208+01:00 INFO : Filtering template 52/96 segment 5/5
2026-09-06T17:42:28.226+01:00 INFO : 1 points above threshold
2026-09-06T17:42:28.231+01:00 INFO : 52: generating IMRPhenomD from 30.0 Hz
2026-09-06T17:42:28.234+01:00 INFO : Decompressing waveform using inline_linear
2026-09-06T17:42:28.239+01:00 INFO : Filtering template 53/96 segment 1/5
2026-09-06T17:42:28.259+01:00 INFO : 3 points above threshold
2026-09-06T17:42:28.275+01:00 INFO : Filtering template 53/96 segment 2/5
2026-09-06T17:42:28.294+01:00 INFO : 2 points above threshold
2026-09-06T17:42:28.300+01:00 INFO : Filtering template 53/96 segment 3/5
2026-09-06T17:42:28.318+01:00 INFO : 2 points above threshold
2026-09-06T17:42:28.323+01:00 INFO : Filtering template 53/96 segment 4/5
2026-09-06T17:42:28.343+01:00 INFO : 1 points above threshold
2026-09-06T17:42:28.348+01:00 INFO : Filtering template 53/96 segment 5/5
2026-09-06T17:42:28.369+01:00 INFO : 1 points above threshold
2026-09-06T17:42:28.375+01:00 INFO : 53: generating IMRPhenomD from 30.0 Hz
2026-09-06T17:42:28.378+01:00 INFO : Decompressing waveform using inline_linear
2026-09-06T17:42:28.383+01:00 INFO : Filtering template 54/96 segment 1/5
2026-09-06T17:42:28.405+01:00 INFO : Filtering template 54/96 segment 2/5
2026-09-06T17:42:28.424+01:00 INFO : Filtering template 54/96 segment 3/5
2026-09-06T17:42:28.442+01:00 INFO : 3 points above threshold
2026-09-06T17:42:28.458+01:00 INFO : Filtering template 54/96 segment 4/5
2026-09-06T17:42:28.476+01:00 INFO : 5 points above threshold
2026-09-06T17:42:28.483+01:00 INFO : Filtering template 54/96 segment 5/5
2026-09-06T17:42:28.502+01:00 INFO : 54: generating IMRPhenomD from 30.0 Hz
2026-09-06T17:42:28.504+01:00 INFO : Decompressing waveform using inline_linear
2026-09-06T17:42:28.509+01:00 INFO : Filtering template 55/96 segment 1/5
2026-09-06T17:42:28.529+01:00 INFO : Filtering template 55/96 segment 2/5
2026-09-06T17:42:28.547+01:00 INFO : 1 points above threshold
2026-09-06T17:42:28.562+01:00 INFO : Filtering template 55/96 segment 3/5
2026-09-06T17:42:28.580+01:00 INFO : 3 points above threshold
2026-09-06T17:42:28.587+01:00 INFO : Filtering template 55/96 segment 4/5
2026-09-06T17:42:28.605+01:00 INFO : 1 points above threshold
2026-09-06T17:42:28.610+01:00 INFO : Filtering template 55/96 segment 5/5
2026-09-06T17:42:28.628+01:00 INFO : 1 points above threshold
2026-09-06T17:42:28.633+01:00 INFO : 55: generating IMRPhenomD from 30.0 Hz
2026-09-06T17:42:28.636+01:00 INFO : Decompressing waveform using inline_linear
2026-09-06T17:42:28.641+01:00 INFO : Filtering template 56/96 segment 1/5
2026-09-06T17:42:28.661+01:00 INFO : 1 points above threshold
2026-09-06T17:42:28.675+01:00 INFO : Filtering template 56/96 segment 2/5
2026-09-06T17:42:28.693+01:00 INFO : 1 points above threshold
2026-09-06T17:42:28.699+01:00 INFO : Filtering template 56/96 segment 3/5
2026-09-06T17:42:28.717+01:00 INFO : 4 points above threshold
2026-09-06T17:42:28.722+01:00 INFO : Filtering template 56/96 segment 4/5
2026-09-06T17:42:28.740+01:00 INFO : Filtering template 56/96 segment 5/5
2026-09-06T17:42:28.758+01:00 INFO : 1 points above threshold
2026-09-06T17:42:28.763+01:00 INFO : 56: generating IMRPhenomD from 30.0 Hz
2026-09-06T17:42:28.766+01:00 INFO : Decompressing waveform using inline_linear
2026-09-06T17:42:28.770+01:00 INFO : Filtering template 57/96 segment 1/5
2026-09-06T17:42:28.791+01:00 INFO : 1 points above threshold
2026-09-06T17:42:28.805+01:00 INFO : Filtering template 57/96 segment 2/5
2026-09-06T17:42:28.823+01:00 INFO : 2 points above threshold
2026-09-06T17:42:28.828+01:00 INFO : Filtering template 57/96 segment 3/5
2026-09-06T17:42:28.846+01:00 INFO : 2 points above threshold
2026-09-06T17:42:28.851+01:00 INFO : Filtering template 57/96 segment 4/5
2026-09-06T17:42:28.869+01:00 INFO : 2 points above threshold
2026-09-06T17:42:28.874+01:00 INFO : Filtering template 57/96 segment 5/5
2026-09-06T17:42:28.892+01:00 INFO : 57: generating IMRPhenomD from 30.0 Hz
2026-09-06T17:42:28.895+01:00 INFO : Decompressing waveform using inline_linear
2026-09-06T17:42:28.900+01:00 INFO : Filtering template 58/96 segment 1/5
2026-09-06T17:42:28.920+01:00 INFO : 1 points above threshold
2026-09-06T17:42:28.935+01:00 INFO : Filtering template 58/96 segment 2/5
2026-09-06T17:42:28.953+01:00 INFO : 2 points above threshold
2026-09-06T17:42:28.958+01:00 INFO : Filtering template 58/96 segment 3/5
2026-09-06T17:42:28.976+01:00 INFO : 1 points above threshold
2026-09-06T17:42:28.981+01:00 INFO : Filtering template 58/96 segment 4/5
2026-09-06T17:42:28.999+01:00 INFO : 1 points above threshold
2026-09-06T17:42:29.004+01:00 INFO : Filtering template 58/96 segment 5/5
2026-09-06T17:42:29.022+01:00 INFO : 2 points above threshold
2026-09-06T17:42:29.027+01:00 INFO : 58: generating IMRPhenomD from 30.0 Hz
2026-09-06T17:42:29.030+01:00 INFO : Decompressing waveform using inline_linear
2026-09-06T17:42:29.035+01:00 INFO : Filtering template 59/96 segment 1/5
2026-09-06T17:42:29.055+01:00 INFO : 1 points above threshold
2026-09-06T17:42:29.070+01:00 INFO : Filtering template 59/96 segment 2/5
2026-09-06T17:42:29.088+01:00 INFO : 2 points above threshold
2026-09-06T17:42:29.093+01:00 INFO : Filtering template 59/96 segment 3/5
2026-09-06T17:42:29.111+01:00 INFO : 2 points above threshold
2026-09-06T17:42:29.116+01:00 INFO : Filtering template 59/96 segment 4/5
2026-09-06T17:42:29.134+01:00 INFO : 1 points above threshold
2026-09-06T17:42:29.139+01:00 INFO : Filtering template 59/96 segment 5/5
2026-09-06T17:42:29.157+01:00 INFO : 59: generating IMRPhenomD from 30.0 Hz
2026-09-06T17:42:29.160+01:00 INFO : Decompressing waveform using inline_linear
2026-09-06T17:42:29.165+01:00 INFO : Filtering template 60/96 segment 1/5
2026-09-06T17:42:29.185+01:00 INFO : Filtering template 60/96 segment 2/5
2026-09-06T17:42:29.203+01:00 INFO : Filtering template 60/96 segment 3/5
2026-09-06T17:42:29.221+01:00 INFO : 1 points above threshold
2026-09-06T17:42:29.236+01:00 INFO : Filtering template 60/96 segment 4/5
2026-09-06T17:42:29.254+01:00 INFO : 2 points above threshold
2026-09-06T17:42:29.259+01:00 INFO : Filtering template 60/96 segment 5/5
2026-09-06T17:42:29.277+01:00 INFO : 60: generating IMRPhenomD from 30.0 Hz
2026-09-06T17:42:29.280+01:00 INFO : Decompressing waveform using inline_linear
2026-09-06T17:42:29.284+01:00 INFO : Filtering template 61/96 segment 1/5
2026-09-06T17:42:29.305+01:00 INFO : Filtering template 61/96 segment 2/5
2026-09-06T17:42:29.323+01:00 INFO : 2 points above threshold
2026-09-06T17:42:29.337+01:00 INFO : Filtering template 61/96 segment 3/5
2026-09-06T17:42:29.355+01:00 INFO : 1 points above threshold
2026-09-06T17:42:29.360+01:00 INFO : Filtering template 61/96 segment 4/5
2026-09-06T17:42:29.378+01:00 INFO : 1 points above threshold
2026-09-06T17:42:29.383+01:00 INFO : Filtering template 61/96 segment 5/5
2026-09-06T17:42:29.402+01:00 INFO : 61: generating IMRPhenomD from 30.0 Hz
2026-09-06T17:42:29.404+01:00 INFO : Decompressing waveform using inline_linear
2026-09-06T17:42:29.409+01:00 INFO : Filtering template 62/96 segment 1/5
2026-09-06T17:42:29.429+01:00 INFO : 2 points above threshold
2026-09-06T17:42:29.444+01:00 INFO : Filtering template 62/96 segment 2/5
2026-09-06T17:42:29.462+01:00 INFO : Filtering template 62/96 segment 3/5
2026-09-06T17:42:29.480+01:00 INFO : Filtering template 62/96 segment 4/5
2026-09-06T17:42:29.498+01:00 INFO : 5 points above threshold
2026-09-06T17:42:29.505+01:00 INFO : Filtering template 62/96 segment 5/5
2026-09-06T17:42:29.523+01:00 INFO : 62: generating IMRPhenomD from 30.0 Hz
2026-09-06T17:42:29.526+01:00 INFO : Decompressing waveform using inline_linear
2026-09-06T17:42:29.531+01:00 INFO : Filtering template 63/96 segment 1/5
2026-09-06T17:42:29.551+01:00 INFO : Filtering template 63/96 segment 2/5
2026-09-06T17:42:29.569+01:00 INFO : 1 points above threshold
2026-09-06T17:42:29.584+01:00 INFO : Filtering template 63/96 segment 3/5
2026-09-06T17:42:29.602+01:00 INFO : 2 points above threshold
2026-09-06T17:42:29.607+01:00 INFO : Filtering template 63/96 segment 4/5
2026-09-06T17:42:29.625+01:00 INFO : 1 points above threshold
2026-09-06T17:42:29.630+01:00 INFO : Filtering template 63/96 segment 5/5
2026-09-06T17:42:29.648+01:00 INFO : 1 points above threshold
2026-09-06T17:42:29.653+01:00 INFO : 63: generating IMRPhenomD from 30.0 Hz
2026-09-06T17:42:29.656+01:00 INFO : Decompressing waveform using inline_linear
2026-09-06T17:42:29.661+01:00 INFO : Filtering template 64/96 segment 1/5
2026-09-06T17:42:29.681+01:00 INFO : 2 points above threshold
2026-09-06T17:42:29.695+01:00 INFO : Filtering template 64/96 segment 2/5
2026-09-06T17:42:29.713+01:00 INFO : 1 points above threshold
2026-09-06T17:42:29.718+01:00 INFO : Filtering template 64/96 segment 3/5
2026-09-06T17:42:29.736+01:00 INFO : Filtering template 64/96 segment 4/5
2026-09-06T17:42:29.754+01:00 INFO : Filtering template 64/96 segment 5/5
2026-09-06T17:42:29.773+01:00 INFO : 64: generating IMRPhenomD from 30.0 Hz
2026-09-06T17:42:29.775+01:00 INFO : Decompressing waveform using inline_linear
2026-09-06T17:42:29.780+01:00 INFO : Filtering template 65/96 segment 1/5
2026-09-06T17:42:29.800+01:00 INFO : 2 points above threshold
2026-09-06T17:42:29.815+01:00 INFO : Filtering template 65/96 segment 2/5
2026-09-06T17:42:29.833+01:00 INFO : 2 points above threshold
2026-09-06T17:42:29.838+01:00 INFO : Filtering template 65/96 segment 3/5
2026-09-06T17:42:29.856+01:00 INFO : 1 points above threshold
2026-09-06T17:42:29.861+01:00 INFO : Filtering template 65/96 segment 4/5
2026-09-06T17:42:29.879+01:00 INFO : 2 points above threshold
2026-09-06T17:42:29.884+01:00 INFO : Filtering template 65/96 segment 5/5
2026-09-06T17:42:29.902+01:00 INFO : 65: generating IMRPhenomD from 30.0 Hz
2026-09-06T17:42:29.905+01:00 INFO : Decompressing waveform using inline_linear
2026-09-06T17:42:29.910+01:00 INFO : Filtering template 66/96 segment 1/5
2026-09-06T17:42:29.930+01:00 INFO : 1 points above threshold
2026-09-06T17:42:29.945+01:00 INFO : Filtering template 66/96 segment 2/5
2026-09-06T17:42:29.964+01:00 INFO : 1 points above threshold
2026-09-06T17:42:29.969+01:00 INFO : Filtering template 66/96 segment 3/5
2026-09-06T17:42:29.987+01:00 INFO : 2 points above threshold
2026-09-06T17:42:29.992+01:00 INFO : Filtering template 66/96 segment 4/5
2026-09-06T17:42:30.010+01:00 INFO : 1 points above threshold
2026-09-06T17:42:30.015+01:00 INFO : Filtering template 66/96 segment 5/5
2026-09-06T17:42:30.033+01:00 INFO : 66: generating IMRPhenomD from 30.0 Hz
2026-09-06T17:42:30.036+01:00 INFO : Decompressing waveform using inline_linear
2026-09-06T17:42:30.041+01:00 INFO : Filtering template 67/96 segment 1/5
2026-09-06T17:42:30.061+01:00 INFO : 3 points above threshold
2026-09-06T17:42:30.077+01:00 INFO : Filtering template 67/96 segment 2/5
2026-09-06T17:42:30.095+01:00 INFO : Filtering template 67/96 segment 3/5
2026-09-06T17:42:30.113+01:00 INFO : 1 points above threshold
2026-09-06T17:42:30.118+01:00 INFO : Filtering template 67/96 segment 4/5
2026-09-06T17:42:30.136+01:00 INFO : Filtering template 67/96 segment 5/5
2026-09-06T17:42:30.155+01:00 INFO : 67: generating IMRPhenomD from 30.0 Hz
2026-09-06T17:42:30.158+01:00 INFO : Decompressing waveform using inline_linear
2026-09-06T17:42:30.162+01:00 INFO : Filtering template 68/96 segment 1/5
2026-09-06T17:42:30.183+01:00 INFO : 1 points above threshold
2026-09-06T17:42:30.197+01:00 INFO : Filtering template 68/96 segment 2/5
2026-09-06T17:42:30.215+01:00 INFO : 1 points above threshold
2026-09-06T17:42:30.220+01:00 INFO : Filtering template 68/96 segment 3/5
2026-09-06T17:42:30.238+01:00 INFO : 1 points above threshold
2026-09-06T17:42:30.243+01:00 INFO : Filtering template 68/96 segment 4/5
2026-09-06T17:42:30.261+01:00 INFO : 1 points above threshold
2026-09-06T17:42:30.267+01:00 INFO : Filtering template 68/96 segment 5/5
2026-09-06T17:42:30.284+01:00 INFO : 1 points above threshold
2026-09-06T17:42:30.290+01:00 INFO : 68: generating IMRPhenomD from 30.0 Hz
2026-09-06T17:42:30.293+01:00 INFO : Decompressing waveform using inline_linear
2026-09-06T17:42:30.297+01:00 INFO : Filtering template 69/96 segment 1/5
2026-09-06T17:42:30.317+01:00 INFO : Filtering template 69/96 segment 2/5
2026-09-06T17:42:30.335+01:00 INFO : Filtering template 69/96 segment 3/5
2026-09-06T17:42:30.353+01:00 INFO : 1 points above threshold
2026-09-06T17:42:30.368+01:00 INFO : Filtering template 69/96 segment 4/5
2026-09-06T17:42:30.386+01:00 INFO : 2 points above threshold
2026-09-06T17:42:30.391+01:00 INFO : Filtering template 69/96 segment 5/5
2026-09-06T17:42:30.409+01:00 INFO : 69: generating IMRPhenomD from 30.0 Hz
2026-09-06T17:42:30.412+01:00 INFO : Decompressing waveform using inline_linear
2026-09-06T17:42:30.417+01:00 INFO : Filtering template 70/96 segment 1/5
2026-09-06T17:42:30.437+01:00 INFO : 2 points above threshold
2026-09-06T17:42:30.451+01:00 INFO : Filtering template 70/96 segment 2/5
2026-09-06T17:42:30.469+01:00 INFO : 2 points above threshold
2026-09-06T17:42:30.474+01:00 INFO : Filtering template 70/96 segment 3/5
2026-09-06T17:42:30.492+01:00 INFO : Filtering template 70/96 segment 4/5
2026-09-06T17:42:30.510+01:00 INFO : 2 points above threshold
2026-09-06T17:42:30.515+01:00 INFO : Filtering template 70/96 segment 5/5
2026-09-06T17:42:30.533+01:00 INFO : 2 points above threshold
2026-09-06T17:42:30.538+01:00 INFO : 70: generating IMRPhenomD from 30.0 Hz
2026-09-06T17:42:30.541+01:00 INFO : Decompressing waveform using inline_linear
2026-09-06T17:42:30.546+01:00 INFO : Filtering template 71/96 segment 1/5
2026-09-06T17:42:30.566+01:00 INFO : Filtering template 71/96 segment 2/5
2026-09-06T17:42:30.584+01:00 INFO : 1 points above threshold
2026-09-06T17:42:30.599+01:00 INFO : Filtering template 71/96 segment 3/5
2026-09-06T17:42:30.617+01:00 INFO : 1 points above threshold
2026-09-06T17:42:30.622+01:00 INFO : Filtering template 71/96 segment 4/5
2026-09-06T17:42:30.640+01:00 INFO : 3 points above threshold
2026-09-06T17:42:30.647+01:00 INFO : Filtering template 71/96 segment 5/5
2026-09-06T17:42:30.665+01:00 INFO : 1 points above threshold
2026-09-06T17:42:30.670+01:00 INFO : 71: generating IMRPhenomD from 30.0 Hz
2026-09-06T17:42:30.672+01:00 INFO : Decompressing waveform using inline_linear
2026-09-06T17:42:30.677+01:00 INFO : Filtering template 72/96 segment 1/5
2026-09-06T17:42:30.697+01:00 INFO : 2 points above threshold
2026-09-06T17:42:30.712+01:00 INFO : Filtering template 72/96 segment 2/5
2026-09-06T17:42:30.730+01:00 INFO : 1 points above threshold
2026-09-06T17:42:30.735+01:00 INFO : Filtering template 72/96 segment 3/5
2026-09-06T17:42:30.753+01:00 INFO : 1 points above threshold
2026-09-06T17:42:30.758+01:00 INFO : Filtering template 72/96 segment 4/5
2026-09-06T17:42:30.776+01:00 INFO : 4 points above threshold
2026-09-06T17:42:30.781+01:00 INFO : Filtering template 72/96 segment 5/5
2026-09-06T17:42:30.799+01:00 INFO : 3 points above threshold
2026-09-06T17:42:30.807+01:00 INFO : 72: generating IMRPhenomD from 30.0 Hz
2026-09-06T17:42:30.809+01:00 INFO : Decompressing waveform using inline_linear
2026-09-06T17:42:30.814+01:00 INFO : Filtering template 73/96 segment 1/5
2026-09-06T17:42:30.834+01:00 INFO : 1 points above threshold
2026-09-06T17:42:30.849+01:00 INFO : Filtering template 73/96 segment 2/5
2026-09-06T17:42:30.867+01:00 INFO : Filtering template 73/96 segment 3/5
2026-09-06T17:42:30.885+01:00 INFO : 1 points above threshold
2026-09-06T17:42:30.890+01:00 INFO : Filtering template 73/96 segment 4/5
2026-09-06T17:42:30.908+01:00 INFO : Filtering template 73/96 segment 5/5
2026-09-06T17:42:30.926+01:00 INFO : 1 points above threshold
2026-09-06T17:42:30.931+01:00 INFO : 73: generating IMRPhenomD from 30.0 Hz
2026-09-06T17:42:30.934+01:00 INFO : Decompressing waveform using inline_linear
2026-09-06T17:42:30.939+01:00 INFO : Filtering template 74/96 segment 1/5
2026-09-06T17:42:30.959+01:00 INFO : 2 points above threshold
2026-09-06T17:42:30.975+01:00 INFO : Filtering template 74/96 segment 2/5
2026-09-06T17:42:30.993+01:00 INFO : 3 points above threshold
2026-09-06T17:42:31.000+01:00 INFO : Filtering template 74/96 segment 3/5
2026-09-06T17:42:31.018+01:00 INFO : Filtering template 74/96 segment 4/5
2026-09-06T17:42:31.036+01:00 INFO : 1 points above threshold
2026-09-06T17:42:31.041+01:00 INFO : Filtering template 74/96 segment 5/5
2026-09-06T17:42:31.059+01:00 INFO : 74: generating IMRPhenomD from 30.0 Hz
2026-09-06T17:42:31.062+01:00 INFO : Decompressing waveform using inline_linear
2026-09-06T17:42:31.067+01:00 INFO : Filtering template 75/96 segment 1/5
2026-09-06T17:42:31.087+01:00 INFO : Filtering template 75/96 segment 2/5
2026-09-06T17:42:31.105+01:00 INFO : 1 points above threshold
2026-09-06T17:42:31.119+01:00 INFO : Filtering template 75/96 segment 3/5
2026-09-06T17:42:31.137+01:00 INFO : 2 points above threshold
2026-09-06T17:42:31.142+01:00 INFO : Filtering template 75/96 segment 4/5
2026-09-06T17:42:31.160+01:00 INFO : Filtering template 75/96 segment 5/5
2026-09-06T17:42:31.179+01:00 INFO : 2 points above threshold
2026-09-06T17:42:31.184+01:00 INFO : 75: generating IMRPhenomD from 30.0 Hz
2026-09-06T17:42:31.187+01:00 INFO : Decompressing waveform using inline_linear
2026-09-06T17:42:31.192+01:00 INFO : Filtering template 76/96 segment 1/5
2026-09-06T17:42:31.212+01:00 INFO : 1 points above threshold
2026-09-06T17:42:31.226+01:00 INFO : Filtering template 76/96 segment 2/5
2026-09-06T17:42:31.244+01:00 INFO : Filtering template 76/96 segment 3/5
2026-09-06T17:42:31.262+01:00 INFO : 1 points above threshold
2026-09-06T17:42:31.267+01:00 INFO : Filtering template 76/96 segment 4/5
2026-09-06T17:42:31.285+01:00 INFO : Filtering template 76/96 segment 5/5
2026-09-06T17:42:31.304+01:00 INFO : 2 points above threshold
2026-09-06T17:42:31.309+01:00 INFO : 76: generating IMRPhenomD from 30.0 Hz
2026-09-06T17:42:31.311+01:00 INFO : Decompressing waveform using inline_linear
2026-09-06T17:42:31.316+01:00 INFO : Filtering template 77/96 segment 1/5
2026-09-06T17:42:31.336+01:00 INFO : Filtering template 77/96 segment 2/5
2026-09-06T17:42:31.354+01:00 INFO : 1 points above threshold
2026-09-06T17:42:31.369+01:00 INFO : Filtering template 77/96 segment 3/5
2026-09-06T17:42:31.387+01:00 INFO : Filtering template 77/96 segment 4/5
2026-09-06T17:42:31.405+01:00 INFO : 1 points above threshold
2026-09-06T17:42:31.410+01:00 INFO : Filtering template 77/96 segment 5/5
2026-09-06T17:42:31.429+01:00 INFO : 77: generating IMRPhenomD from 30.0 Hz
2026-09-06T17:42:31.431+01:00 INFO : Decompressing waveform using inline_linear
2026-09-06T17:42:31.436+01:00 INFO : Filtering template 78/96 segment 1/5
2026-09-06T17:42:31.456+01:00 INFO : Filtering template 78/96 segment 2/5
2026-09-06T17:42:31.474+01:00 INFO : Filtering template 78/96 segment 3/5
2026-09-06T17:42:31.493+01:00 INFO : Filtering template 78/96 segment 4/5
2026-09-06T17:42:31.511+01:00 INFO : 1 points above threshold
2026-09-06T17:42:31.525+01:00 INFO : Filtering template 78/96 segment 5/5
2026-09-06T17:42:31.544+01:00 INFO : 78: generating IMRPhenomD from 30.0 Hz
2026-09-06T17:42:31.546+01:00 INFO : Decompressing waveform using inline_linear
2026-09-06T17:42:31.551+01:00 INFO : Filtering template 79/96 segment 1/5
2026-09-06T17:42:31.572+01:00 INFO : 2 points above threshold
2026-09-06T17:42:31.586+01:00 INFO : Filtering template 79/96 segment 2/5
2026-09-06T17:42:31.604+01:00 INFO : Filtering template 79/96 segment 3/5
2026-09-06T17:42:31.622+01:00 INFO : 1 points above threshold
2026-09-06T17:42:31.627+01:00 INFO : Filtering template 79/96 segment 4/5
2026-09-06T17:42:31.645+01:00 INFO : 1 points above threshold
2026-09-06T17:42:31.650+01:00 INFO : Filtering template 79/96 segment 5/5
2026-09-06T17:42:31.668+01:00 INFO : 3 points above threshold
2026-09-06T17:42:31.675+01:00 INFO : 79: generating IMRPhenomD from 30.0 Hz
2026-09-06T17:42:31.678+01:00 INFO : Decompressing waveform using inline_linear
2026-09-06T17:42:31.683+01:00 INFO : Filtering template 80/96 segment 1/5
2026-09-06T17:42:31.703+01:00 INFO : 2 points above threshold
2026-09-06T17:42:31.717+01:00 INFO : Filtering template 80/96 segment 2/5
2026-09-06T17:42:31.735+01:00 INFO : 1 points above threshold
2026-09-06T17:42:31.740+01:00 INFO : Filtering template 80/96 segment 3/5
2026-09-06T17:42:31.759+01:00 INFO : 1 points above threshold
2026-09-06T17:42:31.764+01:00 INFO : Filtering template 80/96 segment 4/5
2026-09-06T17:42:31.782+01:00 INFO : Filtering template 80/96 segment 5/5
2026-09-06T17:42:31.800+01:00 INFO : 1 points above threshold
2026-09-06T17:42:31.805+01:00 INFO : 80: generating IMRPhenomD from 30.0 Hz
2026-09-06T17:42:31.808+01:00 INFO : Decompressing waveform using inline_linear
2026-09-06T17:42:31.813+01:00 INFO : Filtering template 81/96 segment 1/5
2026-09-06T17:42:31.833+01:00 INFO : 1 points above threshold
2026-09-06T17:42:31.848+01:00 INFO : Filtering template 81/96 segment 2/5
2026-09-06T17:42:31.866+01:00 INFO : 2 points above threshold
2026-09-06T17:42:31.871+01:00 INFO : Filtering template 81/96 segment 3/5
2026-09-06T17:42:31.889+01:00 INFO : 1 points above threshold
2026-09-06T17:42:31.897+01:00 INFO : Filtering template 81/96 segment 4/5
2026-09-06T17:42:31.914+01:00 INFO : Filtering template 81/96 segment 5/5
2026-09-06T17:42:31.933+01:00 INFO : 1 points above threshold
2026-09-06T17:42:31.938+01:00 INFO : 81: generating IMRPhenomD from 30.0 Hz
2026-09-06T17:42:31.941+01:00 INFO : Decompressing waveform using inline_linear
2026-09-06T17:42:31.945+01:00 INFO : Filtering template 82/96 segment 1/5
2026-09-06T17:42:31.965+01:00 INFO : Filtering template 82/96 segment 2/5
2026-09-06T17:42:31.984+01:00 INFO : 2 points above threshold
2026-09-06T17:42:31.998+01:00 INFO : Filtering template 82/96 segment 3/5
2026-09-06T17:42:32.016+01:00 INFO : 1 points above threshold
2026-09-06T17:42:32.021+01:00 INFO : Filtering template 82/96 segment 4/5
2026-09-06T17:42:32.039+01:00 INFO : Filtering template 82/96 segment 5/5
2026-09-06T17:42:32.058+01:00 INFO : 82: generating IMRPhenomD from 30.0 Hz
2026-09-06T17:42:32.060+01:00 INFO : Decompressing waveform using inline_linear
2026-09-06T17:42:32.065+01:00 INFO : Filtering template 83/96 segment 1/5
2026-09-06T17:42:32.085+01:00 INFO : 1 points above threshold
2026-09-06T17:42:32.100+01:00 INFO : Filtering template 83/96 segment 2/5
2026-09-06T17:42:32.118+01:00 INFO : 2 points above threshold
2026-09-06T17:42:32.123+01:00 INFO : Filtering template 83/96 segment 3/5
2026-09-06T17:42:32.141+01:00 INFO : 2 points above threshold
2026-09-06T17:42:32.146+01:00 INFO : Filtering template 83/96 segment 4/5
2026-09-06T17:42:32.164+01:00 INFO : 3 points above threshold
2026-09-06T17:42:32.171+01:00 INFO : Filtering template 83/96 segment 5/5
2026-09-06T17:42:32.189+01:00 INFO : 3 points above threshold
2026-09-06T17:42:32.196+01:00 INFO : 83: generating IMRPhenomD from 30.0 Hz
2026-09-06T17:42:32.199+01:00 INFO : Decompressing waveform using inline_linear
2026-09-06T17:42:32.203+01:00 INFO : Filtering template 84/96 segment 1/5
2026-09-06T17:42:32.224+01:00 INFO : Filtering template 84/96 segment 2/5
2026-09-06T17:42:32.242+01:00 INFO : Filtering template 84/96 segment 3/5
2026-09-06T17:42:32.260+01:00 INFO : 1 points above threshold
2026-09-06T17:42:32.274+01:00 INFO : Filtering template 84/96 segment 4/5
2026-09-06T17:42:32.292+01:00 INFO : 3 points above threshold
2026-09-06T17:42:32.299+01:00 INFO : Filtering template 84/96 segment 5/5
2026-09-06T17:42:32.317+01:00 INFO : 84: generating IMRPhenomD from 30.0 Hz
2026-09-06T17:42:32.320+01:00 INFO : Decompressing waveform using inline_linear
2026-09-06T17:42:32.325+01:00 INFO : Filtering template 85/96 segment 1/5
2026-09-06T17:42:32.345+01:00 INFO : 1 points above threshold
2026-09-06T17:42:32.360+01:00 INFO : Filtering template 85/96 segment 2/5
2026-09-06T17:42:32.378+01:00 INFO : 2 points above threshold
2026-09-06T17:42:32.383+01:00 INFO : Filtering template 85/96 segment 3/5
2026-09-06T17:42:32.401+01:00 INFO : 1 points above threshold
2026-09-06T17:42:32.406+01:00 INFO : Filtering template 85/96 segment 4/5
2026-09-06T17:42:32.424+01:00 INFO : 3 points above threshold
2026-09-06T17:42:32.431+01:00 INFO : Filtering template 85/96 segment 5/5
2026-09-06T17:42:32.449+01:00 INFO : 2 points above threshold
2026-09-06T17:42:32.454+01:00 INFO : 85: generating IMRPhenomD from 30.0 Hz
2026-09-06T17:42:32.457+01:00 INFO : Decompressing waveform using inline_linear
2026-09-06T17:42:32.461+01:00 INFO : Filtering template 86/96 segment 1/5
2026-09-06T17:42:32.482+01:00 INFO : 2 points above threshold
2026-09-06T17:42:32.498+01:00 INFO : Filtering template 86/96 segment 2/5
2026-09-06T17:42:32.516+01:00 INFO : 2 points above threshold
2026-09-06T17:42:32.521+01:00 INFO : Filtering template 86/96 segment 3/5
2026-09-06T17:42:32.539+01:00 INFO : 1 points above threshold
2026-09-06T17:42:32.544+01:00 INFO : Filtering template 86/96 segment 4/5
2026-09-06T17:42:32.562+01:00 INFO : 1 points above threshold
2026-09-06T17:42:32.567+01:00 INFO : Filtering template 86/96 segment 5/5
2026-09-06T17:42:32.585+01:00 INFO : 2 points above threshold
2026-09-06T17:42:32.590+01:00 INFO : 86: generating IMRPhenomD from 30.0 Hz
2026-09-06T17:42:32.593+01:00 INFO : Decompressing waveform using inline_linear
2026-09-06T17:42:32.597+01:00 INFO : Filtering template 87/96 segment 1/5
2026-09-06T17:42:32.618+01:00 INFO : 1 points above threshold
2026-09-06T17:42:32.632+01:00 INFO : Filtering template 87/96 segment 2/5
2026-09-06T17:42:32.650+01:00 INFO : 2 points above threshold
2026-09-06T17:42:32.655+01:00 INFO : Filtering template 87/96 segment 3/5
2026-09-06T17:42:32.673+01:00 INFO : 1 points above threshold
2026-09-06T17:42:32.679+01:00 INFO : Filtering template 87/96 segment 4/5
2026-09-06T17:42:32.697+01:00 INFO : 1 points above threshold
2026-09-06T17:42:32.702+01:00 INFO : Filtering template 87/96 segment 5/5
2026-09-06T17:42:32.720+01:00 INFO : 1 points above threshold
2026-09-06T17:42:32.725+01:00 INFO : 87: generating IMRPhenomD from 30.0 Hz
2026-09-06T17:42:32.728+01:00 INFO : Decompressing waveform using inline_linear
2026-09-06T17:42:32.732+01:00 INFO : Filtering template 88/96 segment 1/5
2026-09-06T17:42:32.753+01:00 INFO : 2 points above threshold
2026-09-06T17:42:32.768+01:00 INFO : Filtering template 88/96 segment 2/5
2026-09-06T17:42:32.786+01:00 INFO : 1 points above threshold
2026-09-06T17:42:32.791+01:00 INFO : Filtering template 88/96 segment 3/5
2026-09-06T17:42:32.809+01:00 INFO : Filtering template 88/96 segment 4/5
2026-09-06T17:42:32.827+01:00 INFO : Filtering template 88/96 segment 5/5
2026-09-06T17:42:32.845+01:00 INFO : 2 points above threshold
2026-09-06T17:42:32.851+01:00 INFO : 88: generating IMRPhenomD from 30.0 Hz
2026-09-06T17:42:32.853+01:00 INFO : Decompressing waveform using inline_linear
2026-09-06T17:42:32.858+01:00 INFO : Filtering template 89/96 segment 1/5
2026-09-06T17:42:32.878+01:00 INFO : 2 points above threshold
2026-09-06T17:42:32.893+01:00 INFO : Filtering template 89/96 segment 2/5
2026-09-06T17:42:32.911+01:00 INFO : 1 points above threshold
2026-09-06T17:42:32.916+01:00 INFO : Filtering template 89/96 segment 3/5
2026-09-06T17:42:32.934+01:00 INFO : 2 points above threshold
2026-09-06T17:42:32.939+01:00 INFO : Filtering template 89/96 segment 4/5
2026-09-06T17:42:32.957+01:00 INFO : 1 points above threshold
2026-09-06T17:42:32.962+01:00 INFO : Filtering template 89/96 segment 5/5
2026-09-06T17:42:32.980+01:00 INFO : 89: generating IMRPhenomD from 30.0 Hz
2026-09-06T17:42:32.983+01:00 INFO : Decompressing waveform using inline_linear
2026-09-06T17:42:32.988+01:00 INFO : Filtering template 90/96 segment 1/5
2026-09-06T17:42:33.008+01:00 INFO : Filtering template 90/96 segment 2/5
2026-09-06T17:42:33.026+01:00 INFO : 1 points above threshold
2026-09-06T17:42:33.041+01:00 INFO : Filtering template 90/96 segment 3/5
2026-09-06T17:42:33.059+01:00 INFO : 3 points above threshold
2026-09-06T17:42:33.066+01:00 INFO : Filtering template 90/96 segment 4/5
2026-09-06T17:42:33.084+01:00 INFO : Filtering template 90/96 segment 5/5
2026-09-06T17:42:33.102+01:00 INFO : 1 points above threshold
2026-09-06T17:42:33.107+01:00 INFO : 90: generating IMRPhenomD from 30.0 Hz
2026-09-06T17:42:33.110+01:00 INFO : Decompressing waveform using inline_linear
2026-09-06T17:42:33.115+01:00 INFO : Filtering template 91/96 segment 1/5
2026-09-06T17:42:33.135+01:00 INFO : Filtering template 91/96 segment 2/5
2026-09-06T17:42:33.153+01:00 INFO : 2 points above threshold
2026-09-06T17:42:33.167+01:00 INFO : Filtering template 91/96 segment 3/5
2026-09-06T17:42:33.185+01:00 INFO : 3 points above threshold
2026-09-06T17:42:33.192+01:00 INFO : Filtering template 91/96 segment 4/5
2026-09-06T17:42:33.210+01:00 INFO : Filtering template 91/96 segment 5/5
2026-09-06T17:42:33.228+01:00 INFO : 1 points above threshold
2026-09-06T17:42:33.233+01:00 INFO : 91: generating IMRPhenomD from 30.0 Hz
2026-09-06T17:42:33.236+01:00 INFO : Decompressing waveform using inline_linear
2026-09-06T17:42:33.241+01:00 INFO : Filtering template 92/96 segment 1/5
2026-09-06T17:42:33.261+01:00 INFO : 2 points above threshold
2026-09-06T17:42:33.276+01:00 INFO : Filtering template 92/96 segment 2/5
2026-09-06T17:42:33.294+01:00 INFO : 1 points above threshold
2026-09-06T17:42:33.299+01:00 INFO : Filtering template 92/96 segment 3/5
2026-09-06T17:42:33.317+01:00 INFO : 2 points above threshold
2026-09-06T17:42:33.322+01:00 INFO : Filtering template 92/96 segment 4/5
2026-09-06T17:42:33.340+01:00 INFO : 1 points above threshold
2026-09-06T17:42:33.345+01:00 INFO : Filtering template 92/96 segment 5/5
2026-09-06T17:42:33.363+01:00 INFO : 92: generating IMRPhenomD from 30.0 Hz
2026-09-06T17:42:33.366+01:00 INFO : Decompressing waveform using inline_linear
2026-09-06T17:42:33.371+01:00 INFO : Filtering template 93/96 segment 1/5
2026-09-06T17:42:33.391+01:00 INFO : Filtering template 93/96 segment 2/5
2026-09-06T17:42:33.409+01:00 INFO : 3 points above threshold
2026-09-06T17:42:33.427+01:00 INFO : Filtering template 93/96 segment 3/5
2026-09-06T17:42:33.446+01:00 INFO : 3 points above threshold
2026-09-06T17:42:33.453+01:00 INFO : Filtering template 93/96 segment 4/5
2026-09-06T17:42:33.473+01:00 INFO : 1 points above threshold
2026-09-06T17:42:33.478+01:00 INFO : Filtering template 93/96 segment 5/5
2026-09-06T17:42:33.499+01:00 INFO : 1 points above threshold
2026-09-06T17:42:33.505+01:00 INFO : 93: generating IMRPhenomD from 30.0 Hz
2026-09-06T17:42:33.508+01:00 INFO : Decompressing waveform using inline_linear
2026-09-06T17:42:33.513+01:00 INFO : Filtering template 94/96 segment 1/5
2026-09-06T17:42:33.533+01:00 INFO : 1 points above threshold
2026-09-06T17:42:33.548+01:00 INFO : Filtering template 94/96 segment 2/5
2026-09-06T17:42:33.566+01:00 INFO : 1 points above threshold
2026-09-06T17:42:33.571+01:00 INFO : Filtering template 94/96 segment 3/5
2026-09-06T17:42:33.589+01:00 INFO : 4 points above threshold
2026-09-06T17:42:33.594+01:00 INFO : Filtering template 94/96 segment 4/5
2026-09-06T17:42:33.612+01:00 INFO : Filtering template 94/96 segment 5/5
2026-09-06T17:42:33.630+01:00 INFO : 2 points above threshold
2026-09-06T17:42:33.635+01:00 INFO : 94: generating IMRPhenomD from 30.0 Hz
2026-09-06T17:42:33.638+01:00 INFO : Decompressing waveform using inline_linear
2026-09-06T17:42:33.643+01:00 INFO : Filtering template 95/96 segment 1/5
2026-09-06T17:42:33.663+01:00 INFO : 3 points above threshold
2026-09-06T17:42:33.679+01:00 INFO : Filtering template 95/96 segment 2/5
2026-09-06T17:42:33.697+01:00 INFO : 2 points above threshold
2026-09-06T17:42:33.702+01:00 INFO : Filtering template 95/96 segment 3/5
2026-09-06T17:42:33.720+01:00 INFO : 2 points above threshold
2026-09-06T17:42:33.725+01:00 INFO : Filtering template 95/96 segment 4/5
2026-09-06T17:42:33.743+01:00 INFO : 1 points above threshold
2026-09-06T17:42:33.748+01:00 INFO : Filtering template 95/96 segment 5/5
2026-09-06T17:42:33.767+01:00 INFO : 95: generating IMRPhenomD from 30.0 Hz
2026-09-06T17:42:33.785+01:00 INFO : Decompressing waveform using inline_linear
2026-09-06T17:42:33.790+01:00 INFO : Filtering template 96/96 segment 1/5
2026-09-06T17:42:33.815+01:00 INFO : 2 points above threshold
2026-09-06T17:42:33.831+01:00 INFO : Filtering template 96/96 segment 2/5
2026-09-06T17:42:33.849+01:00 INFO : Filtering template 96/96 segment 3/5
2026-09-06T17:42:33.868+01:00 INFO : Filtering template 96/96 segment 4/5
2026-09-06T17:42:33.886+01:00 INFO : 1 points above threshold
2026-09-06T17:42:33.891+01:00 INFO : Filtering template 96/96 segment 5/5
2026-09-06T17:42:33.909+01:00 INFO : We currently have 531 triggers
2026-09-06T17:42:33.909+01:00 INFO : Removing triggers with NewSNR below threshold
2026-09-06T17:42:33.909+01:00 INFO : 479 remaining triggers
2026-09-06T17:42:33.910+01:00 INFO : Outputting 479 triggers
2026-09-06T17:42:33.910+01:00 INFO : Writing out triggers
2026-09-06T17:42:33.920+01:00 INFO : Finished
