2026-09-06T20:06:23.765+01:00 INFO : Running with CPU support: 1 threads
2026-09-06T20:06:23.765+01:00 INFO : Reading Frames
2026-09-06T20:06:30.453+01:00 INFO : Highpass Filtering
2026-09-06T20:06:30.904+01:00 INFO : Resampling data
2026-09-06T20:06:30.916+01:00 INFO : Converting to float32
/home/xangma/pycbc-torch-inspiral-reference-20260906/source-v5/pycbc/types/array.py:872: RuntimeWarning: divide by zero encountered in divide
  return self._data.__rtruediv__(other)
2026-09-06T20:06:35.986+01:00 INFO : Highpass Filtering
2026-09-06T20:06:36.429+01:00 INFO : Remove Padding
2026-09-06T20:06:36.477+01:00 INFO : Making frequency-domain data segments
2026-09-06T20:06:39.021+01:00 INFO : Overwhitening frequency-domain data segments
2026-09-06T20:06:39.041+01:00 INFO : Read in template bank
2026-09-06T20:06:39.053+01:00 INFO : Full template bank size: 96
2026-09-06T20:06:39.053+01:00 INFO : Template bank size after thinning: 96
2026-09-06T20:06:39.053+01:00 INFO : 0: generating IMRPhenomD from 30.0 Hz
2026-09-06T20:06:39.056+01:00 INFO : Decompressing waveform using inline_linear
2026-09-06T20:06:39.062+01:00 INFO : Filtering template 1/96 segment 1/5
2026-09-06T20:06:39.108+01:00 INFO : 1 points above threshold
2026-09-06T20:06:39.131+01:00 INFO : Filtering template 1/96 segment 2/5
2026-09-06T20:06:39.149+01:00 INFO : Filtering template 1/96 segment 3/5
2026-09-06T20:06:39.167+01:00 INFO : 1 points above threshold
2026-09-06T20:06:39.172+01:00 INFO : Filtering template 1/96 segment 4/5
2026-09-06T20:06:39.190+01:00 INFO : Filtering template 1/96 segment 5/5
2026-09-06T20:06:39.207+01:00 INFO : 1 points above threshold
2026-09-06T20:06:39.213+01:00 INFO : 1: generating IMRPhenomD from 30.0 Hz
2026-09-06T20:06:39.216+01:00 INFO : Decompressing waveform using inline_linear
2026-09-06T20:06:39.221+01:00 INFO : Filtering template 2/96 segment 1/5
2026-09-06T20:06:39.241+01:00 INFO : 1 points above threshold
2026-09-06T20:06:39.256+01:00 INFO : Filtering template 2/96 segment 2/5
2026-09-06T20:06:39.273+01:00 INFO : 1 points above threshold
2026-09-06T20:06:39.279+01:00 INFO : Filtering template 2/96 segment 3/5
2026-09-06T20:06:39.296+01:00 INFO : 2 points above threshold
2026-09-06T20:06:39.303+01:00 INFO : Filtering template 2/96 segment 4/5
2026-09-06T20:06:39.321+01:00 INFO : Filtering template 2/96 segment 5/5
2026-09-06T20:06:39.338+01:00 INFO : 1 points above threshold
2026-09-06T20:06:39.344+01:00 INFO : 2: generating IMRPhenomD from 30.0 Hz
2026-09-06T20:06:39.347+01:00 INFO : Decompressing waveform using inline_linear
2026-09-06T20:06:39.351+01:00 INFO : Filtering template 3/96 segment 1/5
2026-09-06T20:06:39.371+01:00 INFO : 3 points above threshold
2026-09-06T20:06:39.390+01:00 INFO : Filtering template 3/96 segment 2/5
2026-09-06T20:06:39.408+01:00 INFO : Filtering template 3/96 segment 3/5
2026-09-06T20:06:39.426+01:00 INFO : 1 points above threshold
2026-09-06T20:06:39.431+01:00 INFO : Filtering template 3/96 segment 4/5
2026-09-06T20:06:39.448+01:00 INFO : 1 points above threshold
2026-09-06T20:06:39.454+01:00 INFO : Filtering template 3/96 segment 5/5
2026-09-06T20:06:39.471+01:00 INFO : 3: generating IMRPhenomD from 30.0 Hz
2026-09-06T20:06:39.474+01:00 INFO : Decompressing waveform using inline_linear
2026-09-06T20:06:39.479+01:00 INFO : Filtering template 4/96 segment 1/5
2026-09-06T20:06:39.499+01:00 INFO : 1 points above threshold
2026-09-06T20:06:39.513+01:00 INFO : Filtering template 4/96 segment 2/5
2026-09-06T20:06:39.530+01:00 INFO : 1 points above threshold
2026-09-06T20:06:39.535+01:00 INFO : Filtering template 4/96 segment 3/5
2026-09-06T20:06:39.553+01:00 INFO : 2 points above threshold
2026-09-06T20:06:39.560+01:00 INFO : Filtering template 4/96 segment 4/5
2026-09-06T20:06:39.578+01:00 INFO : 2 points above threshold
2026-09-06T20:06:39.585+01:00 INFO : Filtering template 4/96 segment 5/5
2026-09-06T20:06:39.602+01:00 INFO : 2 points above threshold
2026-09-06T20:06:39.609+01:00 INFO : 4: generating IMRPhenomD from 30.0 Hz
2026-09-06T20:06:39.612+01:00 INFO : Decompressing waveform using inline_linear
2026-09-06T20:06:39.617+01:00 INFO : Filtering template 5/96 segment 1/5
2026-09-06T20:06:39.637+01:00 INFO : 1 points above threshold
2026-09-06T20:06:39.651+01:00 INFO : Filtering template 5/96 segment 2/5
2026-09-06T20:06:39.668+01:00 INFO : 2 points above threshold
2026-09-06T20:06:39.675+01:00 INFO : Filtering template 5/96 segment 3/5
2026-09-06T20:06:39.693+01:00 INFO : 2 points above threshold
2026-09-06T20:06:39.700+01:00 INFO : Filtering template 5/96 segment 4/5
2026-09-06T20:06:39.717+01:00 INFO : 2 points above threshold
2026-09-06T20:06:39.724+01:00 INFO : Filtering template 5/96 segment 5/5
2026-09-06T20:06:39.742+01:00 INFO : 5: generating IMRPhenomD from 30.0 Hz
2026-09-06T20:06:39.745+01:00 INFO : Decompressing waveform using inline_linear
2026-09-06T20:06:39.750+01:00 INFO : Filtering template 6/96 segment 1/5
2026-09-06T20:06:39.770+01:00 INFO : 1 points above threshold
2026-09-06T20:06:39.783+01:00 INFO : Filtering template 6/96 segment 2/5
2026-09-06T20:06:39.801+01:00 INFO : Filtering template 6/96 segment 3/5
2026-09-06T20:06:39.819+01:00 INFO : Filtering template 6/96 segment 4/5
2026-09-06T20:06:39.836+01:00 INFO : Filtering template 6/96 segment 5/5
2026-09-06T20:06:39.854+01:00 INFO : 1 points above threshold
2026-09-06T20:06:39.859+01:00 INFO : 6: generating IMRPhenomD from 30.0 Hz
2026-09-06T20:06:39.862+01:00 INFO : Decompressing waveform using inline_linear
2026-09-06T20:06:39.867+01:00 INFO : Filtering template 7/96 segment 1/5
2026-09-06T20:06:39.887+01:00 INFO : 2 points above threshold
2026-09-06T20:06:39.904+01:00 INFO : Filtering template 7/96 segment 2/5
2026-09-06T20:06:39.922+01:00 INFO : Filtering template 7/96 segment 3/5
2026-09-06T20:06:39.940+01:00 INFO : Filtering template 7/96 segment 4/5
2026-09-06T20:06:39.957+01:00 INFO : 1 points above threshold
2026-09-06T20:06:39.962+01:00 INFO : Filtering template 7/96 segment 5/5
2026-09-06T20:06:39.980+01:00 INFO : 7: generating IMRPhenomD from 30.0 Hz
2026-09-06T20:06:39.983+01:00 INFO : Decompressing waveform using inline_linear
2026-09-06T20:06:39.988+01:00 INFO : Filtering template 8/96 segment 1/5
2026-09-06T20:06:40.008+01:00 INFO : 2 points above threshold
2026-09-06T20:06:40.025+01:00 INFO : Filtering template 8/96 segment 2/5
2026-09-06T20:06:40.043+01:00 INFO : 1 points above threshold
2026-09-06T20:06:40.048+01:00 INFO : Filtering template 8/96 segment 3/5
2026-09-06T20:06:40.065+01:00 INFO : 4 points above threshold
2026-09-06T20:06:40.074+01:00 INFO : Filtering template 8/96 segment 4/5
2026-09-06T20:06:40.092+01:00 INFO : Filtering template 8/96 segment 5/5
2026-09-06T20:06:40.109+01:00 INFO : 8: generating IMRPhenomD from 30.0 Hz
2026-09-06T20:06:40.112+01:00 INFO : Decompressing waveform using inline_linear
2026-09-06T20:06:40.117+01:00 INFO : Filtering template 9/96 segment 1/5
2026-09-06T20:06:40.138+01:00 INFO : Filtering template 9/96 segment 2/5
2026-09-06T20:06:40.155+01:00 INFO : 1 points above threshold
2026-09-06T20:06:40.170+01:00 INFO : Filtering template 9/96 segment 3/5
2026-09-06T20:06:40.188+01:00 INFO : 2 points above threshold
2026-09-06T20:06:40.195+01:00 INFO : Filtering template 9/96 segment 4/5
2026-09-06T20:06:40.213+01:00 INFO : 1 points above threshold
2026-09-06T20:06:40.218+01:00 INFO : Filtering template 9/96 segment 5/5
2026-09-06T20:06:40.236+01:00 INFO : 3 points above threshold
2026-09-06T20:06:40.245+01:00 INFO : 9: generating IMRPhenomD from 30.0 Hz
2026-09-06T20:06:40.248+01:00 INFO : Decompressing waveform using inline_linear
2026-09-06T20:06:40.253+01:00 INFO : Filtering template 10/96 segment 1/5
2026-09-06T20:06:40.272+01:00 INFO : 1 points above threshold
2026-09-06T20:06:40.289+01:00 INFO : Filtering template 10/96 segment 2/5
2026-09-06T20:06:40.307+01:00 INFO : 1 points above threshold
2026-09-06T20:06:40.312+01:00 INFO : Filtering template 10/96 segment 3/5
2026-09-06T20:06:40.330+01:00 INFO : Filtering template 10/96 segment 4/5
2026-09-06T20:06:40.347+01:00 INFO : 2 points above threshold
2026-09-06T20:06:40.354+01:00 INFO : Filtering template 10/96 segment 5/5
2026-09-06T20:06:40.372+01:00 INFO : 1 points above threshold
2026-09-06T20:06:40.377+01:00 INFO : 10: generating IMRPhenomD from 30.0 Hz
2026-09-06T20:06:40.380+01:00 INFO : Decompressing waveform using inline_linear
2026-09-06T20:06:40.385+01:00 INFO : Filtering template 11/96 segment 1/5
2026-09-06T20:06:40.405+01:00 INFO : 4 points above threshold
2026-09-06T20:06:40.425+01:00 INFO : Filtering template 11/96 segment 2/5
2026-09-06T20:06:40.442+01:00 INFO : 2 points above threshold
2026-09-06T20:06:40.449+01:00 INFO : Filtering template 11/96 segment 3/5
2026-09-06T20:06:40.467+01:00 INFO : 1 points above threshold
2026-09-06T20:06:40.472+01:00 INFO : Filtering template 11/96 segment 4/5
2026-09-06T20:06:40.490+01:00 INFO : Filtering template 11/96 segment 5/5
2026-09-06T20:06:40.508+01:00 INFO : 11: generating IMRPhenomD from 30.0 Hz
2026-09-06T20:06:40.511+01:00 INFO : Decompressing waveform using inline_linear
2026-09-06T20:06:40.515+01:00 INFO : Filtering template 12/96 segment 1/5
2026-09-06T20:06:40.535+01:00 INFO : 1 points above threshold
2026-09-06T20:06:40.552+01:00 INFO : Filtering template 12/96 segment 2/5
2026-09-06T20:06:40.569+01:00 INFO : 1 points above threshold
2026-09-06T20:06:40.575+01:00 INFO : Filtering template 12/96 segment 3/5
2026-09-06T20:06:40.592+01:00 INFO : 1 points above threshold
2026-09-06T20:06:40.597+01:00 INFO : Filtering template 12/96 segment 4/5
2026-09-06T20:06:40.615+01:00 INFO : 3 points above threshold
2026-09-06T20:06:40.624+01:00 INFO : Filtering template 12/96 segment 5/5
2026-09-06T20:06:40.642+01:00 INFO : 12: generating IMRPhenomD from 30.0 Hz
2026-09-06T20:06:40.645+01:00 INFO : Decompressing waveform using inline_linear
2026-09-06T20:06:40.649+01:00 INFO : Filtering template 13/96 segment 1/5
2026-09-06T20:06:40.669+01:00 INFO : Filtering template 13/96 segment 2/5
2026-09-06T20:06:40.687+01:00 INFO : 4 points above threshold
2026-09-06T20:06:40.707+01:00 INFO : Filtering template 13/96 segment 3/5
2026-09-06T20:06:40.725+01:00 INFO : Filtering template 13/96 segment 4/5
2026-09-06T20:06:40.742+01:00 INFO : Filtering template 13/96 segment 5/5
2026-09-06T20:06:40.760+01:00 INFO : 1 points above threshold
2026-09-06T20:06:40.765+01:00 INFO : 13: generating IMRPhenomD from 30.0 Hz
2026-09-06T20:06:40.768+01:00 INFO : Decompressing waveform using inline_linear
2026-09-06T20:06:40.773+01:00 INFO : Filtering template 14/96 segment 1/5
2026-09-06T20:06:40.793+01:00 INFO : 1 points above threshold
2026-09-06T20:06:40.808+01:00 INFO : Filtering template 14/96 segment 2/5
2026-09-06T20:06:40.826+01:00 INFO : 2 points above threshold
2026-09-06T20:06:40.833+01:00 INFO : Filtering template 14/96 segment 3/5
2026-09-06T20:06:40.850+01:00 INFO : 3 points above threshold
2026-09-06T20:06:40.859+01:00 INFO : Filtering template 14/96 segment 4/5
2026-09-06T20:06:40.877+01:00 INFO : 2 points above threshold
2026-09-06T20:06:40.884+01:00 INFO : Filtering template 14/96 segment 5/5
2026-09-06T20:06:40.902+01:00 INFO : 14: generating IMRPhenomD from 30.0 Hz
2026-09-06T20:06:40.905+01:00 INFO : Decompressing waveform using inline_linear
2026-09-06T20:06:40.910+01:00 INFO : Filtering template 15/96 segment 1/5
2026-09-06T20:06:40.930+01:00 INFO : 1 points above threshold
2026-09-06T20:06:40.946+01:00 INFO : Filtering template 15/96 segment 2/5
2026-09-06T20:06:40.964+01:00 INFO : Filtering template 15/96 segment 3/5
2026-09-06T20:06:40.981+01:00 INFO : 1 points above threshold
2026-09-06T20:06:40.986+01:00 INFO : Filtering template 15/96 segment 4/5
2026-09-06T20:06:41.004+01:00 INFO : 1 points above threshold
2026-09-06T20:06:41.009+01:00 INFO : Filtering template 15/96 segment 5/5
2026-09-06T20:06:41.027+01:00 INFO : 3 points above threshold
2026-09-06T20:06:41.036+01:00 INFO : 15: generating IMRPhenomD from 30.0 Hz
2026-09-06T20:06:41.039+01:00 INFO : Decompressing waveform using inline_linear
2026-09-06T20:06:41.044+01:00 INFO : Filtering template 16/96 segment 1/5
2026-09-06T20:06:41.064+01:00 INFO : 1 points above threshold
2026-09-06T20:06:41.079+01:00 INFO : Filtering template 16/96 segment 2/5
2026-09-06T20:06:41.097+01:00 INFO : 2 points above threshold
2026-09-06T20:06:41.104+01:00 INFO : Filtering template 16/96 segment 3/5
2026-09-06T20:06:41.121+01:00 INFO : 3 points above threshold
2026-09-06T20:06:41.130+01:00 INFO : Filtering template 16/96 segment 4/5
2026-09-06T20:06:41.148+01:00 INFO : 2 points above threshold
2026-09-06T20:06:41.155+01:00 INFO : Filtering template 16/96 segment 5/5
2026-09-06T20:06:41.173+01:00 INFO : 16: generating IMRPhenomD from 30.0 Hz
2026-09-06T20:06:41.175+01:00 INFO : Decompressing waveform using inline_linear
2026-09-06T20:06:41.180+01:00 INFO : Filtering template 17/96 segment 1/5
2026-09-06T20:06:41.200+01:00 INFO : 2 points above threshold
2026-09-06T20:06:41.217+01:00 INFO : Filtering template 17/96 segment 2/5
2026-09-06T20:06:41.236+01:00 INFO : 3 points above threshold
2026-09-06T20:06:41.245+01:00 INFO : Filtering template 17/96 segment 3/5
2026-09-06T20:06:41.263+01:00 INFO : Filtering template 17/96 segment 4/5
2026-09-06T20:06:41.281+01:00 INFO : 2 points above threshold
2026-09-06T20:06:41.288+01:00 INFO : Filtering template 17/96 segment 5/5
2026-09-06T20:06:41.305+01:00 INFO : 3 points above threshold
2026-09-06T20:06:41.314+01:00 INFO : 17: generating IMRPhenomD from 30.0 Hz
2026-09-06T20:06:41.317+01:00 INFO : Decompressing waveform using inline_linear
2026-09-06T20:06:41.322+01:00 INFO : Filtering template 18/96 segment 1/5
2026-09-06T20:06:41.342+01:00 INFO : Filtering template 18/96 segment 2/5
2026-09-06T20:06:41.360+01:00 INFO : Filtering template 18/96 segment 3/5
2026-09-06T20:06:41.377+01:00 INFO : 1 points above threshold
2026-09-06T20:06:41.392+01:00 INFO : Filtering template 18/96 segment 4/5
2026-09-06T20:06:41.410+01:00 INFO : Filtering template 18/96 segment 5/5
2026-09-06T20:06:41.428+01:00 INFO : 2 points above threshold
2026-09-06T20:06:41.435+01:00 INFO : 18: generating IMRPhenomD from 30.0 Hz
2026-09-06T20:06:41.438+01:00 INFO : Decompressing waveform using inline_linear
2026-09-06T20:06:41.443+01:00 INFO : Filtering template 19/96 segment 1/5
2026-09-06T20:06:41.462+01:00 INFO : 3 points above threshold
2026-09-06T20:06:41.482+01:00 INFO : Filtering template 19/96 segment 2/5
2026-09-06T20:06:41.499+01:00 INFO : 1 points above threshold
2026-09-06T20:06:41.504+01:00 INFO : Filtering template 19/96 segment 3/5
2026-09-06T20:06:41.522+01:00 INFO : 1 points above threshold
2026-09-06T20:06:41.527+01:00 INFO : Filtering template 19/96 segment 4/5
2026-09-06T20:06:41.545+01:00 INFO : 3 points above threshold
2026-09-06T20:06:41.554+01:00 INFO : Filtering template 19/96 segment 5/5
2026-09-06T20:06:41.571+01:00 INFO : 1 points above threshold
2026-09-06T20:06:41.577+01:00 INFO : 19: generating IMRPhenomD from 30.0 Hz
2026-09-06T20:06:41.579+01:00 INFO : Decompressing waveform using inline_linear
2026-09-06T20:06:41.584+01:00 INFO : Filtering template 20/96 segment 1/5
2026-09-06T20:06:41.604+01:00 INFO : 1 points above threshold
2026-09-06T20:06:41.619+01:00 INFO : Filtering template 20/96 segment 2/5
2026-09-06T20:06:41.637+01:00 INFO : 3 points above threshold
2026-09-06T20:06:41.646+01:00 INFO : Filtering template 20/96 segment 3/5
2026-09-06T20:06:41.663+01:00 INFO : Filtering template 20/96 segment 4/5
2026-09-06T20:06:41.681+01:00 INFO : 2 points above threshold
2026-09-06T20:06:41.688+01:00 INFO : Filtering template 20/96 segment 5/5
2026-09-06T20:06:41.706+01:00 INFO : 20: generating IMRPhenomD from 30.0 Hz
2026-09-06T20:06:41.709+01:00 INFO : Decompressing waveform using inline_linear
2026-09-06T20:06:41.714+01:00 INFO : Filtering template 21/96 segment 1/5
2026-09-06T20:06:41.733+01:00 INFO : 1 points above threshold
2026-09-06T20:06:41.749+01:00 INFO : Filtering template 21/96 segment 2/5
2026-09-06T20:06:41.766+01:00 INFO : 1 points above threshold
2026-09-06T20:06:41.772+01:00 INFO : Filtering template 21/96 segment 3/5
2026-09-06T20:06:41.789+01:00 INFO : 1 points above threshold
2026-09-06T20:06:41.794+01:00 INFO : Filtering template 21/96 segment 4/5
2026-09-06T20:06:41.812+01:00 INFO : Filtering template 21/96 segment 5/5
2026-09-06T20:06:41.830+01:00 INFO : 21: generating IMRPhenomD from 30.0 Hz
2026-09-06T20:06:41.833+01:00 INFO : Decompressing waveform using inline_linear
2026-09-06T20:06:41.837+01:00 INFO : Filtering template 22/96 segment 1/5
2026-09-06T20:06:41.857+01:00 INFO : 5 points above threshold
2026-09-06T20:06:41.879+01:00 INFO : Filtering template 22/96 segment 2/5
2026-09-06T20:06:41.896+01:00 INFO : Filtering template 22/96 segment 3/5
2026-09-06T20:06:41.914+01:00 INFO : Filtering template 22/96 segment 4/5
2026-09-06T20:06:41.932+01:00 INFO : 1 points above threshold
2026-09-06T20:06:41.937+01:00 INFO : Filtering template 22/96 segment 5/5
2026-09-06T20:06:41.954+01:00 INFO : 1 points above threshold
2026-09-06T20:06:41.960+01:00 INFO : 22: generating IMRPhenomD from 30.0 Hz
2026-09-06T20:06:41.963+01:00 INFO : Decompressing waveform using inline_linear
2026-09-06T20:06:41.967+01:00 INFO : Filtering template 23/96 segment 1/5
2026-09-06T20:06:41.987+01:00 INFO : 2 points above threshold
2026-09-06T20:06:42.004+01:00 INFO : Filtering template 23/96 segment 2/5
2026-09-06T20:06:42.022+01:00 INFO : 1 points above threshold
2026-09-06T20:06:42.027+01:00 INFO : Filtering template 23/96 segment 3/5
2026-09-06T20:06:42.045+01:00 INFO : 1 points above threshold
2026-09-06T20:06:42.050+01:00 INFO : Filtering template 23/96 segment 4/5
2026-09-06T20:06:42.067+01:00 INFO : Filtering template 23/96 segment 5/5
2026-09-06T20:06:42.085+01:00 INFO : 23: generating IMRPhenomD from 30.0 Hz
2026-09-06T20:06:42.088+01:00 INFO : Decompressing waveform using inline_linear
2026-09-06T20:06:42.093+01:00 INFO : Filtering template 24/96 segment 1/5
2026-09-06T20:06:42.113+01:00 INFO : 1 points above threshold
2026-09-06T20:06:42.128+01:00 INFO : Filtering template 24/96 segment 2/5
2026-09-06T20:06:42.146+01:00 INFO : 2 points above threshold
2026-09-06T20:06:42.152+01:00 INFO : Filtering template 24/96 segment 3/5
2026-09-06T20:06:42.170+01:00 INFO : 1 points above threshold
2026-09-06T20:06:42.175+01:00 INFO : Filtering template 24/96 segment 4/5
2026-09-06T20:06:42.193+01:00 INFO : Filtering template 24/96 segment 5/5
2026-09-06T20:06:42.210+01:00 INFO : 2 points above threshold
2026-09-06T20:06:42.218+01:00 INFO : 24: generating IMRPhenomD from 30.0 Hz
2026-09-06T20:06:42.220+01:00 INFO : Decompressing waveform using inline_linear
2026-09-06T20:06:42.225+01:00 INFO : Filtering template 25/96 segment 1/5
2026-09-06T20:06:42.245+01:00 INFO : 2 points above threshold
2026-09-06T20:06:42.262+01:00 INFO : Filtering template 25/96 segment 2/5
2026-09-06T20:06:42.280+01:00 INFO : Filtering template 25/96 segment 3/5
2026-09-06T20:06:42.297+01:00 INFO : Filtering template 25/96 segment 4/5
2026-09-06T20:06:42.315+01:00 INFO : Filtering template 25/96 segment 5/5
2026-09-06T20:06:42.333+01:00 INFO : 25: generating IMRPhenomD from 30.0 Hz
2026-09-06T20:06:42.336+01:00 INFO : Decompressing waveform using inline_linear
2026-09-06T20:06:42.341+01:00 INFO : Filtering template 26/96 segment 1/5
2026-09-06T20:06:42.361+01:00 INFO : Filtering template 26/96 segment 2/5
2026-09-06T20:06:42.378+01:00 INFO : 2 points above threshold
2026-09-06T20:06:42.395+01:00 INFO : Filtering template 26/96 segment 3/5
2026-09-06T20:06:42.413+01:00 INFO : Filtering template 26/96 segment 4/5
2026-09-06T20:06:42.431+01:00 INFO : 2 points above threshold
2026-09-06T20:06:42.438+01:00 INFO : Filtering template 26/96 segment 5/5
2026-09-06T20:06:42.456+01:00 INFO : 2 points above threshold
2026-09-06T20:06:42.463+01:00 INFO : 26: generating IMRPhenomD from 30.0 Hz
2026-09-06T20:06:42.466+01:00 INFO : Decompressing waveform using inline_linear
2026-09-06T20:06:42.471+01:00 INFO : Filtering template 27/96 segment 1/5
2026-09-06T20:06:42.491+01:00 INFO : 3 points above threshold
2026-09-06T20:06:42.510+01:00 INFO : Filtering template 27/96 segment 2/5
2026-09-06T20:06:42.527+01:00 INFO : Filtering template 27/96 segment 3/5
2026-09-06T20:06:42.545+01:00 INFO : 1 points above threshold
2026-09-06T20:06:42.550+01:00 INFO : Filtering template 27/96 segment 4/5
2026-09-06T20:06:42.568+01:00 INFO : Filtering template 27/96 segment 5/5
2026-09-06T20:06:42.586+01:00 INFO : 27: generating IMRPhenomD from 30.0 Hz
2026-09-06T20:06:42.589+01:00 INFO : Decompressing waveform using inline_linear
2026-09-06T20:06:42.594+01:00 INFO : Filtering template 28/96 segment 1/5
2026-09-06T20:06:42.614+01:00 INFO : 3 points above threshold
2026-09-06T20:06:42.633+01:00 INFO : Filtering template 28/96 segment 2/5
2026-09-06T20:06:42.650+01:00 INFO : 1 points above threshold
2026-09-06T20:06:42.656+01:00 INFO : Filtering template 28/96 segment 3/5
2026-09-06T20:06:42.673+01:00 INFO : 2 points above threshold
2026-09-06T20:06:42.681+01:00 INFO : Filtering template 28/96 segment 4/5
2026-09-06T20:06:42.699+01:00 INFO : 1 points above threshold
2026-09-06T20:06:42.704+01:00 INFO : Filtering template 28/96 segment 5/5
2026-09-06T20:06:42.722+01:00 INFO : 28: generating IMRPhenomD from 30.0 Hz
2026-09-06T20:06:42.725+01:00 INFO : Decompressing waveform using inline_linear
2026-09-06T20:06:42.729+01:00 INFO : Filtering template 29/96 segment 1/5
2026-09-06T20:06:42.749+01:00 INFO : 2 points above threshold
2026-09-06T20:06:42.766+01:00 INFO : Filtering template 29/96 segment 2/5
2026-09-06T20:06:42.784+01:00 INFO : 2 points above threshold
2026-09-06T20:06:42.792+01:00 INFO : Filtering template 29/96 segment 3/5
2026-09-06T20:06:42.809+01:00 INFO : 1 points above threshold
2026-09-06T20:06:42.814+01:00 INFO : Filtering template 29/96 segment 4/5
2026-09-06T20:06:42.832+01:00 INFO : 2 points above threshold
2026-09-06T20:06:42.839+01:00 INFO : Filtering template 29/96 segment 5/5
2026-09-06T20:06:42.856+01:00 INFO : 2 points above threshold
2026-09-06T20:06:42.864+01:00 INFO : 29: generating IMRPhenomD from 30.0 Hz
2026-09-06T20:06:42.866+01:00 INFO : Decompressing waveform using inline_linear
2026-09-06T20:06:42.871+01:00 INFO : Filtering template 30/96 segment 1/5
2026-09-06T20:06:42.891+01:00 INFO : 1 points above threshold
2026-09-06T20:06:42.906+01:00 INFO : Filtering template 30/96 segment 2/5
2026-09-06T20:06:42.924+01:00 INFO : 1 points above threshold
2026-09-06T20:06:42.929+01:00 INFO : Filtering template 30/96 segment 3/5
2026-09-06T20:06:42.947+01:00 INFO : 1 points above threshold
2026-09-06T20:06:42.952+01:00 INFO : Filtering template 30/96 segment 4/5
2026-09-06T20:06:42.969+01:00 INFO : Filtering template 30/96 segment 5/5
2026-09-06T20:06:42.987+01:00 INFO : 30: generating IMRPhenomD from 30.0 Hz
2026-09-06T20:06:42.990+01:00 INFO : Decompressing waveform using inline_linear
2026-09-06T20:06:42.995+01:00 INFO : Filtering template 31/96 segment 1/5
2026-09-06T20:06:43.015+01:00 INFO : Filtering template 31/96 segment 2/5
2026-09-06T20:06:43.032+01:00 INFO : 1 points above threshold
2026-09-06T20:06:43.047+01:00 INFO : Filtering template 31/96 segment 3/5
2026-09-06T20:06:43.065+01:00 INFO : Filtering template 31/96 segment 4/5
2026-09-06T20:06:43.083+01:00 INFO : 1 points above threshold
2026-09-06T20:06:43.088+01:00 INFO : Filtering template 31/96 segment 5/5
2026-09-06T20:06:43.105+01:00 INFO : 1 points above threshold
2026-09-06T20:06:43.111+01:00 INFO : 31: generating IMRPhenomD from 30.0 Hz
2026-09-06T20:06:43.113+01:00 INFO : Decompressing waveform using inline_linear
2026-09-06T20:06:43.118+01:00 INFO : Filtering template 32/96 segment 1/5
2026-09-06T20:06:43.138+01:00 INFO : Filtering template 32/96 segment 2/5
2026-09-06T20:06:43.156+01:00 INFO : Filtering template 32/96 segment 3/5
2026-09-06T20:06:43.173+01:00 INFO : Filtering template 32/96 segment 4/5
2026-09-06T20:06:43.191+01:00 INFO : 3 points above threshold
2026-09-06T20:06:43.210+01:00 INFO : Filtering template 32/96 segment 5/5
2026-09-06T20:06:43.227+01:00 INFO : 2 points above threshold
2026-09-06T20:06:43.235+01:00 INFO : 32: generating IMRPhenomD from 30.0 Hz
2026-09-06T20:06:43.248+01:00 INFO : Decompressing waveform using inline_linear
2026-09-06T20:06:43.253+01:00 INFO : Filtering template 33/96 segment 1/5
2026-09-06T20:06:43.275+01:00 INFO : 2 points above threshold
2026-09-06T20:06:43.297+01:00 INFO : Filtering template 33/96 segment 2/5
2026-09-06T20:06:43.314+01:00 INFO : Filtering template 33/96 segment 3/5
2026-09-06T20:06:43.332+01:00 INFO : Filtering template 33/96 segment 4/5
2026-09-06T20:06:43.350+01:00 INFO : 1 points above threshold
2026-09-06T20:06:43.355+01:00 INFO : Filtering template 33/96 segment 5/5
2026-09-06T20:06:43.373+01:00 INFO : 33: generating IMRPhenomD from 30.0 Hz
2026-09-06T20:06:43.376+01:00 INFO : Decompressing waveform using inline_linear
2026-09-06T20:06:43.380+01:00 INFO : Filtering template 34/96 segment 1/5
2026-09-06T20:06:43.400+01:00 INFO : Filtering template 34/96 segment 2/5
2026-09-06T20:06:43.418+01:00 INFO : 1 points above threshold
2026-09-06T20:06:43.433+01:00 INFO : Filtering template 34/96 segment 3/5
2026-09-06T20:06:43.450+01:00 INFO : 1 points above threshold
2026-09-06T20:06:43.455+01:00 INFO : Filtering template 34/96 segment 4/5
2026-09-06T20:06:43.473+01:00 INFO : Filtering template 34/96 segment 5/5
2026-09-06T20:06:43.491+01:00 INFO : 1 points above threshold
2026-09-06T20:06:43.496+01:00 INFO : 34: generating IMRPhenomD from 30.0 Hz
2026-09-06T20:06:43.499+01:00 INFO : Decompressing waveform using inline_linear
2026-09-06T20:06:43.504+01:00 INFO : Filtering template 35/96 segment 1/5
2026-09-06T20:06:43.523+01:00 INFO : 1 points above threshold
2026-09-06T20:06:43.539+01:00 INFO : Filtering template 35/96 segment 2/5
2026-09-06T20:06:43.556+01:00 INFO : 1 points above threshold
2026-09-06T20:06:43.561+01:00 INFO : Filtering template 35/96 segment 3/5
2026-09-06T20:06:43.579+01:00 INFO : 1 points above threshold
2026-09-06T20:06:43.584+01:00 INFO : Filtering template 35/96 segment 4/5
2026-09-06T20:06:43.602+01:00 INFO : Filtering template 35/96 segment 5/5
2026-09-06T20:06:43.619+01:00 INFO : 35: generating IMRPhenomD from 30.0 Hz
2026-09-06T20:06:43.622+01:00 INFO : Decompressing waveform using inline_linear
2026-09-06T20:06:43.627+01:00 INFO : Filtering template 36/96 segment 1/5
2026-09-06T20:06:43.647+01:00 INFO : 3 points above threshold
2026-09-06T20:06:43.666+01:00 INFO : Filtering template 36/96 segment 2/5
2026-09-06T20:06:43.684+01:00 INFO : 1 points above threshold
2026-09-06T20:06:43.689+01:00 INFO : Filtering template 36/96 segment 3/5
2026-09-06T20:06:43.706+01:00 INFO : 2 points above threshold
2026-09-06T20:06:43.713+01:00 INFO : Filtering template 36/96 segment 4/5
2026-09-06T20:06:43.731+01:00 INFO : Filtering template 36/96 segment 5/5
2026-09-06T20:06:43.749+01:00 INFO : 1 points above threshold
2026-09-06T20:06:43.754+01:00 INFO : 36: generating IMRPhenomD from 30.0 Hz
2026-09-06T20:06:43.757+01:00 INFO : Decompressing waveform using inline_linear
2026-09-06T20:06:43.762+01:00 INFO : Filtering template 37/96 segment 1/5
2026-09-06T20:06:43.782+01:00 INFO : 2 points above threshold
2026-09-06T20:06:43.799+01:00 INFO : Filtering template 37/96 segment 2/5
2026-09-06T20:06:43.816+01:00 INFO : 3 points above threshold
2026-09-06T20:06:43.825+01:00 INFO : Filtering template 37/96 segment 3/5
2026-09-06T20:06:43.843+01:00 INFO : 1 points above threshold
2026-09-06T20:06:43.848+01:00 INFO : Filtering template 37/96 segment 4/5
2026-09-06T20:06:43.865+01:00 INFO : 3 points above threshold
2026-09-06T20:06:43.875+01:00 INFO : Filtering template 37/96 segment 5/5
2026-09-06T20:06:43.896+01:00 INFO : 37: generating IMRPhenomD from 30.0 Hz
2026-09-06T20:06:43.899+01:00 INFO : Decompressing waveform using inline_linear
2026-09-06T20:06:43.904+01:00 INFO : Filtering template 38/96 segment 1/5
2026-09-06T20:06:43.925+01:00 INFO : Filtering template 38/96 segment 2/5
2026-09-06T20:06:43.945+01:00 INFO : Filtering template 38/96 segment 3/5
2026-09-06T20:06:43.965+01:00 INFO : 1 points above threshold
2026-09-06T20:06:43.982+01:00 INFO : Filtering template 38/96 segment 4/5
2026-09-06T20:06:44.001+01:00 INFO : 1 points above threshold
2026-09-06T20:06:44.006+01:00 INFO : Filtering template 38/96 segment 5/5
2026-09-06T20:06:44.023+01:00 INFO : 1 points above threshold
2026-09-06T20:06:44.029+01:00 INFO : 38: generating IMRPhenomD from 30.0 Hz
2026-09-06T20:06:44.031+01:00 INFO : Decompressing waveform using inline_linear
2026-09-06T20:06:44.036+01:00 INFO : Filtering template 39/96 segment 1/5
2026-09-06T20:06:44.056+01:00 INFO : Filtering template 39/96 segment 2/5
2026-09-06T20:06:44.074+01:00 INFO : 2 points above threshold
2026-09-06T20:06:44.093+01:00 INFO : Filtering template 39/96 segment 3/5
2026-09-06T20:06:44.110+01:00 INFO : Filtering template 39/96 segment 4/5
2026-09-06T20:06:44.128+01:00 INFO : 2 points above threshold
2026-09-06T20:06:44.135+01:00 INFO : Filtering template 39/96 segment 5/5
2026-09-06T20:06:44.153+01:00 INFO : 39: generating IMRPhenomD from 30.0 Hz
2026-09-06T20:06:44.156+01:00 INFO : Decompressing waveform using inline_linear
2026-09-06T20:06:44.161+01:00 INFO : Filtering template 40/96 segment 1/5
2026-09-06T20:06:44.181+01:00 INFO : Filtering template 40/96 segment 2/5
2026-09-06T20:06:44.198+01:00 INFO : Filtering template 40/96 segment 3/5
2026-09-06T20:06:44.216+01:00 INFO : Filtering template 40/96 segment 4/5
2026-09-06T20:06:44.233+01:00 INFO : 2 points above threshold
2026-09-06T20:06:44.253+01:00 INFO : Filtering template 40/96 segment 5/5
2026-09-06T20:06:44.271+01:00 INFO : 40: generating IMRPhenomD from 30.0 Hz
2026-09-06T20:06:44.274+01:00 INFO : Decompressing waveform using inline_linear
2026-09-06T20:06:44.278+01:00 INFO : Filtering template 41/96 segment 1/5
2026-09-06T20:06:44.298+01:00 INFO : Filtering template 41/96 segment 2/5
2026-09-06T20:06:44.316+01:00 INFO : Filtering template 41/96 segment 3/5
2026-09-06T20:06:44.334+01:00 INFO : 2 points above threshold
2026-09-06T20:06:44.352+01:00 INFO : Filtering template 41/96 segment 4/5
2026-09-06T20:06:44.370+01:00 INFO : 2 points above threshold
2026-09-06T20:06:44.377+01:00 INFO : Filtering template 41/96 segment 5/5
2026-09-06T20:06:44.394+01:00 INFO : 41: generating IMRPhenomD from 30.0 Hz
2026-09-06T20:06:44.397+01:00 INFO : Decompressing waveform using inline_linear
2026-09-06T20:06:44.402+01:00 INFO : Filtering template 42/96 segment 1/5
2026-09-06T20:06:44.422+01:00 INFO : Filtering template 42/96 segment 2/5
2026-09-06T20:06:44.440+01:00 INFO : 1 points above threshold
2026-09-06T20:06:44.456+01:00 INFO : Filtering template 42/96 segment 3/5
2026-09-06T20:06:44.474+01:00 INFO : Filtering template 42/96 segment 4/5
2026-09-06T20:06:44.491+01:00 INFO : 1 points above threshold
2026-09-06T20:06:44.497+01:00 INFO : Filtering template 42/96 segment 5/5
2026-09-06T20:06:44.514+01:00 INFO : 1 points above threshold
2026-09-06T20:06:44.521+01:00 INFO : 42: generating IMRPhenomD from 30.0 Hz
2026-09-06T20:06:44.524+01:00 INFO : Decompressing waveform using inline_linear
2026-09-06T20:06:44.528+01:00 INFO : Filtering template 43/96 segment 1/5
2026-09-06T20:06:44.548+01:00 INFO : 1 points above threshold
2026-09-06T20:06:44.564+01:00 INFO : Filtering template 43/96 segment 2/5
2026-09-06T20:06:44.581+01:00 INFO : 2 points above threshold
2026-09-06T20:06:44.588+01:00 INFO : Filtering template 43/96 segment 3/5
2026-09-06T20:06:44.606+01:00 INFO : 1 points above threshold
2026-09-06T20:06:44.611+01:00 INFO : Filtering template 43/96 segment 4/5
2026-09-06T20:06:44.629+01:00 INFO : Filtering template 43/96 segment 5/5
2026-09-06T20:06:44.647+01:00 INFO : 43: generating IMRPhenomD from 30.0 Hz
2026-09-06T20:06:44.650+01:00 INFO : Decompressing waveform using inline_linear
2026-09-06T20:06:44.654+01:00 INFO : Filtering template 44/96 segment 1/5
2026-09-06T20:06:44.674+01:00 INFO : 1 points above threshold
2026-09-06T20:06:44.690+01:00 INFO : Filtering template 44/96 segment 2/5
2026-09-06T20:06:44.707+01:00 INFO : Filtering template 44/96 segment 3/5
2026-09-06T20:06:44.725+01:00 INFO : Filtering template 44/96 segment 4/5
2026-09-06T20:06:44.742+01:00 INFO : 1 points above threshold
2026-09-06T20:06:44.748+01:00 INFO : Filtering template 44/96 segment 5/5
2026-09-06T20:06:44.765+01:00 INFO : 44: generating IMRPhenomD from 30.0 Hz
2026-09-06T20:06:44.768+01:00 INFO : Decompressing waveform using inline_linear
2026-09-06T20:06:44.773+01:00 INFO : Filtering template 45/96 segment 1/5
2026-09-06T20:06:44.793+01:00 INFO : 2 points above threshold
2026-09-06T20:06:44.810+01:00 INFO : Filtering template 45/96 segment 2/5
2026-09-06T20:06:44.828+01:00 INFO : 1 points above threshold
2026-09-06T20:06:44.833+01:00 INFO : Filtering template 45/96 segment 3/5
2026-09-06T20:06:44.851+01:00 INFO : 1 points above threshold
2026-09-06T20:06:44.856+01:00 INFO : Filtering template 45/96 segment 4/5
2026-09-06T20:06:44.873+01:00 INFO : Filtering template 45/96 segment 5/5
2026-09-06T20:06:44.891+01:00 INFO : 45: generating IMRPhenomD from 30.0 Hz
2026-09-06T20:06:44.894+01:00 INFO : Decompressing waveform using inline_linear
2026-09-06T20:06:44.899+01:00 INFO : Filtering template 46/96 segment 1/5
2026-09-06T20:06:44.919+01:00 INFO : Filtering template 46/96 segment 2/5
2026-09-06T20:06:44.937+01:00 INFO : Filtering template 46/96 segment 3/5
2026-09-06T20:06:44.954+01:00 INFO : 1 points above threshold
2026-09-06T20:06:44.969+01:00 INFO : Filtering template 46/96 segment 4/5
2026-09-06T20:06:44.987+01:00 INFO : 3 points above threshold
2026-09-06T20:06:44.996+01:00 INFO : Filtering template 46/96 segment 5/5
2026-09-06T20:06:45.014+01:00 INFO : 1 points above threshold
2026-09-06T20:06:45.019+01:00 INFO : 46: generating IMRPhenomD from 30.0 Hz
2026-09-06T20:06:45.022+01:00 INFO : Decompressing waveform using inline_linear
2026-09-06T20:06:45.027+01:00 INFO : Filtering template 47/96 segment 1/5
2026-09-06T20:06:45.047+01:00 INFO : 3 points above threshold
2026-09-06T20:06:45.066+01:00 INFO : Filtering template 47/96 segment 2/5
2026-09-06T20:06:45.084+01:00 INFO : Filtering template 47/96 segment 3/5
2026-09-06T20:06:45.101+01:00 INFO : 2 points above threshold
2026-09-06T20:06:45.108+01:00 INFO : Filtering template 47/96 segment 4/5
2026-09-06T20:06:45.126+01:00 INFO : 1 points above threshold
2026-09-06T20:06:45.131+01:00 INFO : Filtering template 47/96 segment 5/5
2026-09-06T20:06:45.149+01:00 INFO : 1 points above threshold
2026-09-06T20:06:45.154+01:00 INFO : 47: generating IMRPhenomD from 30.0 Hz
2026-09-06T20:06:45.157+01:00 INFO : Decompressing waveform using inline_linear
2026-09-06T20:06:45.161+01:00 INFO : Filtering template 48/96 segment 1/5
2026-09-06T20:06:45.181+01:00 INFO : 3 points above threshold
2026-09-06T20:06:45.200+01:00 INFO : Filtering template 48/96 segment 2/5
2026-09-06T20:06:45.218+01:00 INFO : 1 points above threshold
2026-09-06T20:06:45.223+01:00 INFO : Filtering template 48/96 segment 3/5
2026-09-06T20:06:45.241+01:00 INFO : 1 points above threshold
2026-09-06T20:06:45.247+01:00 INFO : Filtering template 48/96 segment 4/5
2026-09-06T20:06:45.265+01:00 INFO : 2 points above threshold
2026-09-06T20:06:45.272+01:00 INFO : Filtering template 48/96 segment 5/5
2026-09-06T20:06:45.290+01:00 INFO : 1 points above threshold
2026-09-06T20:06:45.295+01:00 INFO : 48: generating IMRPhenomD from 30.0 Hz
2026-09-06T20:06:45.298+01:00 INFO : Decompressing waveform using inline_linear
2026-09-06T20:06:45.303+01:00 INFO : Filtering template 49/96 segment 1/5
2026-09-06T20:06:45.322+01:00 INFO : 1 points above threshold
2026-09-06T20:06:45.337+01:00 INFO : Filtering template 49/96 segment 2/5
2026-09-06T20:06:45.355+01:00 INFO : 1 points above threshold
2026-09-06T20:06:45.360+01:00 INFO : Filtering template 49/96 segment 3/5
2026-09-06T20:06:45.378+01:00 INFO : 2 points above threshold
2026-09-06T20:06:45.385+01:00 INFO : Filtering template 49/96 segment 4/5
2026-09-06T20:06:45.402+01:00 INFO : Filtering template 49/96 segment 5/5
2026-09-06T20:06:45.420+01:00 INFO : 49: generating IMRPhenomD from 30.0 Hz
2026-09-06T20:06:45.423+01:00 INFO : Decompressing waveform using inline_linear
2026-09-06T20:06:45.428+01:00 INFO : Filtering template 50/96 segment 1/5
2026-09-06T20:06:45.448+01:00 INFO : Filtering template 50/96 segment 2/5
2026-09-06T20:06:45.466+01:00 INFO : 2 points above threshold
2026-09-06T20:06:45.483+01:00 INFO : Filtering template 50/96 segment 3/5
2026-09-06T20:06:45.500+01:00 INFO : 4 points above threshold
2026-09-06T20:06:45.509+01:00 INFO : Filtering template 50/96 segment 4/5
2026-09-06T20:06:45.526+01:00 INFO : 2 points above threshold
2026-09-06T20:06:45.534+01:00 INFO : Filtering template 50/96 segment 5/5
2026-09-06T20:06:45.551+01:00 INFO : 50: generating IMRPhenomD from 30.0 Hz
2026-09-06T20:06:45.554+01:00 INFO : Decompressing waveform using inline_linear
2026-09-06T20:06:45.559+01:00 INFO : Filtering template 51/96 segment 1/5
2026-09-06T20:06:45.579+01:00 INFO : 1 points above threshold
2026-09-06T20:06:45.594+01:00 INFO : Filtering template 51/96 segment 2/5
2026-09-06T20:06:45.612+01:00 INFO : 1 points above threshold
2026-09-06T20:06:45.617+01:00 INFO : Filtering template 51/96 segment 3/5
2026-09-06T20:06:45.635+01:00 INFO : Filtering template 51/96 segment 4/5
2026-09-06T20:06:45.652+01:00 INFO : 1 points above threshold
2026-09-06T20:06:45.657+01:00 INFO : Filtering template 51/96 segment 5/5
2026-09-06T20:06:45.675+01:00 INFO : 2 points above threshold
2026-09-06T20:06:45.682+01:00 INFO : 51: generating IMRPhenomD from 30.0 Hz
2026-09-06T20:06:45.685+01:00 INFO : Decompressing waveform using inline_linear
2026-09-06T20:06:45.690+01:00 INFO : Filtering template 52/96 segment 1/5
2026-09-06T20:06:45.710+01:00 INFO : 1 points above threshold
2026-09-06T20:06:45.725+01:00 INFO : Filtering template 52/96 segment 2/5
2026-09-06T20:06:45.742+01:00 INFO : 1 points above threshold
2026-09-06T20:06:45.747+01:00 INFO : Filtering template 52/96 segment 3/5
2026-09-06T20:06:45.765+01:00 INFO : Filtering template 52/96 segment 4/5
2026-09-06T20:06:45.783+01:00 INFO : 3 points above threshold
2026-09-06T20:06:45.792+01:00 INFO : Filtering template 52/96 segment 5/5
2026-09-06T20:06:45.809+01:00 INFO : 1 points above threshold
2026-09-06T20:06:45.815+01:00 INFO : 52: generating IMRPhenomD from 30.0 Hz
2026-09-06T20:06:45.817+01:00 INFO : Decompressing waveform using inline_linear
2026-09-06T20:06:45.822+01:00 INFO : Filtering template 53/96 segment 1/5
2026-09-06T20:06:45.842+01:00 INFO : 3 points above threshold
2026-09-06T20:06:45.861+01:00 INFO : Filtering template 53/96 segment 2/5
2026-09-06T20:06:45.879+01:00 INFO : 2 points above threshold
2026-09-06T20:06:45.886+01:00 INFO : Filtering template 53/96 segment 3/5
2026-09-06T20:06:45.904+01:00 INFO : 2 points above threshold
2026-09-06T20:06:45.911+01:00 INFO : Filtering template 53/96 segment 4/5
2026-09-06T20:06:45.929+01:00 INFO : 1 points above threshold
2026-09-06T20:06:45.934+01:00 INFO : Filtering template 53/96 segment 5/5
2026-09-06T20:06:45.951+01:00 INFO : 1 points above threshold
2026-09-06T20:06:45.957+01:00 INFO : 53: generating IMRPhenomD from 30.0 Hz
2026-09-06T20:06:45.960+01:00 INFO : Decompressing waveform using inline_linear
2026-09-06T20:06:45.964+01:00 INFO : Filtering template 54/96 segment 1/5
2026-09-06T20:06:45.984+01:00 INFO : Filtering template 54/96 segment 2/5
2026-09-06T20:06:46.002+01:00 INFO : Filtering template 54/96 segment 3/5
2026-09-06T20:06:46.020+01:00 INFO : 2 points above threshold
2026-09-06T20:06:46.037+01:00 INFO : Filtering template 54/96 segment 4/5
2026-09-06T20:06:46.054+01:00 INFO : 5 points above threshold
2026-09-06T20:06:46.066+01:00 INFO : Filtering template 54/96 segment 5/5
2026-09-06T20:06:46.084+01:00 INFO : 54: generating IMRPhenomD from 30.0 Hz
2026-09-06T20:06:46.087+01:00 INFO : Decompressing waveform using inline_linear
2026-09-06T20:06:46.092+01:00 INFO : Filtering template 55/96 segment 1/5
2026-09-06T20:06:46.111+01:00 INFO : Filtering template 55/96 segment 2/5
2026-09-06T20:06:46.129+01:00 INFO : 1 points above threshold
2026-09-06T20:06:46.144+01:00 INFO : Filtering template 55/96 segment 3/5
2026-09-06T20:06:46.162+01:00 INFO : 3 points above threshold
2026-09-06T20:06:46.171+01:00 INFO : Filtering template 55/96 segment 4/5
2026-09-06T20:06:46.189+01:00 INFO : 1 points above threshold
2026-09-06T20:06:46.194+01:00 INFO : Filtering template 55/96 segment 5/5
2026-09-06T20:06:46.211+01:00 INFO : 1 points above threshold
2026-09-06T20:06:46.217+01:00 INFO : 55: generating IMRPhenomD from 30.0 Hz
2026-09-06T20:06:46.219+01:00 INFO : Decompressing waveform using inline_linear
2026-09-06T20:06:46.224+01:00 INFO : Filtering template 56/96 segment 1/5
2026-09-06T20:06:46.244+01:00 INFO : 1 points above threshold
2026-09-06T20:06:46.259+01:00 INFO : Filtering template 56/96 segment 2/5
2026-09-06T20:06:46.277+01:00 INFO : 1 points above threshold
2026-09-06T20:06:46.282+01:00 INFO : Filtering template 56/96 segment 3/5
2026-09-06T20:06:46.300+01:00 INFO : 3 points above threshold
2026-09-06T20:06:46.309+01:00 INFO : Filtering template 56/96 segment 4/5
2026-09-06T20:06:46.326+01:00 INFO : Filtering template 56/96 segment 5/5
2026-09-06T20:06:46.344+01:00 INFO : 1 points above threshold
2026-09-06T20:06:46.349+01:00 INFO : 56: generating IMRPhenomD from 30.0 Hz
2026-09-06T20:06:46.352+01:00 INFO : Decompressing waveform using inline_linear
2026-09-06T20:06:46.357+01:00 INFO : Filtering template 57/96 segment 1/5
2026-09-06T20:06:46.377+01:00 INFO : 1 points above threshold
2026-09-06T20:06:46.392+01:00 INFO : Filtering template 57/96 segment 2/5
2026-09-06T20:06:46.409+01:00 INFO : 2 points above threshold
2026-09-06T20:06:46.416+01:00 INFO : Filtering template 57/96 segment 3/5
2026-09-06T20:06:46.434+01:00 INFO : 2 points above threshold
2026-09-06T20:06:46.441+01:00 INFO : Filtering template 57/96 segment 4/5
2026-09-06T20:06:46.459+01:00 INFO : 2 points above threshold
2026-09-06T20:06:46.466+01:00 INFO : Filtering template 57/96 segment 5/5
2026-09-06T20:06:46.483+01:00 INFO : 57: generating IMRPhenomD from 30.0 Hz
2026-09-06T20:06:46.486+01:00 INFO : Decompressing waveform using inline_linear
2026-09-06T20:06:46.491+01:00 INFO : Filtering template 58/96 segment 1/5
2026-09-06T20:06:46.511+01:00 INFO : 1 points above threshold
2026-09-06T20:06:46.526+01:00 INFO : Filtering template 58/96 segment 2/5
2026-09-06T20:06:46.544+01:00 INFO : 2 points above threshold
2026-09-06T20:06:46.551+01:00 INFO : Filtering template 58/96 segment 3/5
2026-09-06T20:06:46.568+01:00 INFO : 1 points above threshold
2026-09-06T20:06:46.573+01:00 INFO : Filtering template 58/96 segment 4/5
2026-09-06T20:06:46.591+01:00 INFO : 1 points above threshold
2026-09-06T20:06:46.596+01:00 INFO : Filtering template 58/96 segment 5/5
2026-09-06T20:06:46.614+01:00 INFO : 2 points above threshold
2026-09-06T20:06:46.621+01:00 INFO : 58: generating IMRPhenomD from 30.0 Hz
2026-09-06T20:06:46.624+01:00 INFO : Decompressing waveform using inline_linear
2026-09-06T20:06:46.628+01:00 INFO : Filtering template 59/96 segment 1/5
2026-09-06T20:06:46.648+01:00 INFO : 1 points above threshold
2026-09-06T20:06:46.663+01:00 INFO : Filtering template 59/96 segment 2/5
2026-09-06T20:06:46.681+01:00 INFO : 2 points above threshold
2026-09-06T20:06:46.688+01:00 INFO : Filtering template 59/96 segment 3/5
2026-09-06T20:06:46.705+01:00 INFO : 2 points above threshold
2026-09-06T20:06:46.714+01:00 INFO : Filtering template 59/96 segment 4/5
2026-09-06T20:06:46.731+01:00 INFO : 1 points above threshold
2026-09-06T20:06:46.736+01:00 INFO : Filtering template 59/96 segment 5/5
2026-09-06T20:06:46.754+01:00 INFO : 59: generating IMRPhenomD from 30.0 Hz
2026-09-06T20:06:46.757+01:00 INFO : Decompressing waveform using inline_linear
2026-09-06T20:06:46.762+01:00 INFO : Filtering template 60/96 segment 1/5
2026-09-06T20:06:46.782+01:00 INFO : Filtering template 60/96 segment 2/5
2026-09-06T20:06:46.799+01:00 INFO : Filtering template 60/96 segment 3/5
2026-09-06T20:06:46.817+01:00 INFO : 1 points above threshold
2026-09-06T20:06:46.832+01:00 INFO : Filtering template 60/96 segment 4/5
2026-09-06T20:06:46.850+01:00 INFO : 2 points above threshold
2026-09-06T20:06:46.857+01:00 INFO : Filtering template 60/96 segment 5/5
2026-09-06T20:06:46.874+01:00 INFO : 60: generating IMRPhenomD from 30.0 Hz
2026-09-06T20:06:46.877+01:00 INFO : Decompressing waveform using inline_linear
2026-09-06T20:06:46.882+01:00 INFO : Filtering template 61/96 segment 1/5
2026-09-06T20:06:46.902+01:00 INFO : Filtering template 61/96 segment 2/5
2026-09-06T20:06:46.920+01:00 INFO : 2 points above threshold
2026-09-06T20:06:46.937+01:00 INFO : Filtering template 61/96 segment 3/5
2026-09-06T20:06:46.954+01:00 INFO : 1 points above threshold
2026-09-06T20:06:46.960+01:00 INFO : Filtering template 61/96 segment 4/5
2026-09-06T20:06:46.978+01:00 INFO : 1 points above threshold
2026-09-06T20:06:46.983+01:00 INFO : Filtering template 61/96 segment 5/5
2026-09-06T20:06:47.001+01:00 INFO : 61: generating IMRPhenomD from 30.0 Hz
2026-09-06T20:06:47.004+01:00 INFO : Decompressing waveform using inline_linear
2026-09-06T20:06:47.008+01:00 INFO : Filtering template 62/96 segment 1/5
2026-09-06T20:06:47.028+01:00 INFO : 2 points above threshold
2026-09-06T20:06:47.045+01:00 INFO : Filtering template 62/96 segment 2/5
2026-09-06T20:06:47.063+01:00 INFO : Filtering template 62/96 segment 3/5
2026-09-06T20:06:47.081+01:00 INFO : Filtering template 62/96 segment 4/5
2026-09-06T20:06:47.098+01:00 INFO : 5 points above threshold
2026-09-06T20:06:47.110+01:00 INFO : Filtering template 62/96 segment 5/5
2026-09-06T20:06:47.128+01:00 INFO : 62: generating IMRPhenomD from 30.0 Hz
2026-09-06T20:06:47.131+01:00 INFO : Decompressing waveform using inline_linear
2026-09-06T20:06:47.136+01:00 INFO : Filtering template 63/96 segment 1/5
2026-09-06T20:06:47.155+01:00 INFO : Filtering template 63/96 segment 2/5
2026-09-06T20:06:47.173+01:00 INFO : 1 points above threshold
2026-09-06T20:06:47.188+01:00 INFO : Filtering template 63/96 segment 3/5
2026-09-06T20:06:47.206+01:00 INFO : 2 points above threshold
2026-09-06T20:06:47.213+01:00 INFO : Filtering template 63/96 segment 4/5
2026-09-06T20:06:47.231+01:00 INFO : 1 points above threshold
2026-09-06T20:06:47.236+01:00 INFO : Filtering template 63/96 segment 5/5
2026-09-06T20:06:47.253+01:00 INFO : 1 points above threshold
2026-09-06T20:06:47.259+01:00 INFO : 63: generating IMRPhenomD from 30.0 Hz
2026-09-06T20:06:47.261+01:00 INFO : Decompressing waveform using inline_linear
2026-09-06T20:06:47.266+01:00 INFO : Filtering template 64/96 segment 1/5
2026-09-06T20:06:47.286+01:00 INFO : 2 points above threshold
2026-09-06T20:06:47.303+01:00 INFO : Filtering template 64/96 segment 2/5
2026-09-06T20:06:47.321+01:00 INFO : 1 points above threshold
2026-09-06T20:06:47.326+01:00 INFO : Filtering template 64/96 segment 3/5
2026-09-06T20:06:47.343+01:00 INFO : Filtering template 64/96 segment 4/5
2026-09-06T20:06:47.361+01:00 INFO : Filtering template 64/96 segment 5/5
2026-09-06T20:06:47.379+01:00 INFO : 64: generating IMRPhenomD from 30.0 Hz
2026-09-06T20:06:47.382+01:00 INFO : Decompressing waveform using inline_linear
2026-09-06T20:06:47.387+01:00 INFO : Filtering template 65/96 segment 1/5
2026-09-06T20:06:47.406+01:00 INFO : 2 points above threshold
2026-09-06T20:06:47.423+01:00 INFO : Filtering template 65/96 segment 2/5
2026-09-06T20:06:47.441+01:00 INFO : 2 points above threshold
2026-09-06T20:06:47.448+01:00 INFO : Filtering template 65/96 segment 3/5
2026-09-06T20:06:47.466+01:00 INFO : 1 points above threshold
2026-09-06T20:06:47.471+01:00 INFO : Filtering template 65/96 segment 4/5
2026-09-06T20:06:47.488+01:00 INFO : 2 points above threshold
2026-09-06T20:06:47.495+01:00 INFO : Filtering template 65/96 segment 5/5
2026-09-06T20:06:47.513+01:00 INFO : 65: generating IMRPhenomD from 30.0 Hz
2026-09-06T20:06:47.516+01:00 INFO : Decompressing waveform using inline_linear
2026-09-06T20:06:47.521+01:00 INFO : Filtering template 66/96 segment 1/5
2026-09-06T20:06:47.540+01:00 INFO : 1 points above threshold
2026-09-06T20:06:47.556+01:00 INFO : Filtering template 66/96 segment 2/5
2026-09-06T20:06:47.573+01:00 INFO : 1 points above threshold
2026-09-06T20:06:47.579+01:00 INFO : Filtering template 66/96 segment 3/5
2026-09-06T20:06:47.596+01:00 INFO : 2 points above threshold
2026-09-06T20:06:47.603+01:00 INFO : Filtering template 66/96 segment 4/5
2026-09-06T20:06:47.621+01:00 INFO : 1 points above threshold
2026-09-06T20:06:47.626+01:00 INFO : Filtering template 66/96 segment 5/5
2026-09-06T20:06:47.644+01:00 INFO : 66: generating IMRPhenomD from 30.0 Hz
2026-09-06T20:06:47.659+01:00 INFO : Decompressing waveform using inline_linear
2026-09-06T20:06:47.663+01:00 INFO : Filtering template 67/96 segment 1/5
2026-09-06T20:06:47.686+01:00 INFO : 3 points above threshold
2026-09-06T20:06:47.710+01:00 INFO : Filtering template 67/96 segment 2/5
2026-09-06T20:06:47.728+01:00 INFO : Filtering template 67/96 segment 3/5
2026-09-06T20:06:47.745+01:00 INFO : 1 points above threshold
2026-09-06T20:06:47.750+01:00 INFO : Filtering template 67/96 segment 4/5
2026-09-06T20:06:47.768+01:00 INFO : Filtering template 67/96 segment 5/5
2026-09-06T20:06:47.786+01:00 INFO : 67: generating IMRPhenomD from 30.0 Hz
2026-09-06T20:06:47.789+01:00 INFO : Decompressing waveform using inline_linear
2026-09-06T20:06:47.794+01:00 INFO : Filtering template 68/96 segment 1/5
2026-09-06T20:06:47.814+01:00 INFO : 1 points above threshold
2026-09-06T20:06:47.829+01:00 INFO : Filtering template 68/96 segment 2/5
2026-09-06T20:06:47.846+01:00 INFO : 1 points above threshold
2026-09-06T20:06:47.852+01:00 INFO : Filtering template 68/96 segment 3/5
2026-09-06T20:06:47.869+01:00 INFO : 1 points above threshold
2026-09-06T20:06:47.874+01:00 INFO : Filtering template 68/96 segment 4/5
2026-09-06T20:06:47.893+01:00 INFO : 1 points above threshold
2026-09-06T20:06:47.898+01:00 INFO : Filtering template 68/96 segment 5/5
2026-09-06T20:06:47.915+01:00 INFO : 1 points above threshold
2026-09-06T20:06:47.921+01:00 INFO : 68: generating IMRPhenomD from 30.0 Hz
2026-09-06T20:06:47.923+01:00 INFO : Decompressing waveform using inline_linear
2026-09-06T20:06:47.928+01:00 INFO : Filtering template 69/96 segment 1/5
2026-09-06T20:06:47.948+01:00 INFO : Filtering template 69/96 segment 2/5
2026-09-06T20:06:47.966+01:00 INFO : Filtering template 69/96 segment 3/5
2026-09-06T20:06:47.984+01:00 INFO : 1 points above threshold
2026-09-06T20:06:47.999+01:00 INFO : Filtering template 69/96 segment 4/5
2026-09-06T20:06:48.016+01:00 INFO : 2 points above threshold
2026-09-06T20:06:48.023+01:00 INFO : Filtering template 69/96 segment 5/5
2026-09-06T20:06:48.041+01:00 INFO : 69: generating IMRPhenomD from 30.0 Hz
2026-09-06T20:06:48.044+01:00 INFO : Decompressing waveform using inline_linear
2026-09-06T20:06:48.049+01:00 INFO : Filtering template 70/96 segment 1/5
2026-09-06T20:06:48.068+01:00 INFO : 2 points above threshold
2026-09-06T20:06:48.085+01:00 INFO : Filtering template 70/96 segment 2/5
2026-09-06T20:06:48.103+01:00 INFO : 2 points above threshold
2026-09-06T20:06:48.110+01:00 INFO : Filtering template 70/96 segment 3/5
2026-09-06T20:06:48.128+01:00 INFO : Filtering template 70/96 segment 4/5
2026-09-06T20:06:48.145+01:00 INFO : 2 points above threshold
2026-09-06T20:06:48.152+01:00 INFO : Filtering template 70/96 segment 5/5
2026-09-06T20:06:48.170+01:00 INFO : 2 points above threshold
2026-09-06T20:06:48.177+01:00 INFO : 70: generating IMRPhenomD from 30.0 Hz
2026-09-06T20:06:48.180+01:00 INFO : Decompressing waveform using inline_linear
2026-09-06T20:06:48.185+01:00 INFO : Filtering template 71/96 segment 1/5
2026-09-06T20:06:48.205+01:00 INFO : Filtering template 71/96 segment 2/5
2026-09-06T20:06:48.222+01:00 INFO : 1 points above threshold
2026-09-06T20:06:48.238+01:00 INFO : Filtering template 71/96 segment 3/5
2026-09-06T20:06:48.255+01:00 INFO : 1 points above threshold
2026-09-06T20:06:48.260+01:00 INFO : Filtering template 71/96 segment 4/5
2026-09-06T20:06:48.278+01:00 INFO : 3 points above threshold
2026-09-06T20:06:48.287+01:00 INFO : Filtering template 71/96 segment 5/5
2026-09-06T20:06:48.305+01:00 INFO : 71: generating IMRPhenomD from 30.0 Hz
2026-09-06T20:06:48.308+01:00 INFO : Decompressing waveform using inline_linear
2026-09-06T20:06:48.312+01:00 INFO : Filtering template 72/96 segment 1/5
2026-09-06T20:06:48.332+01:00 INFO : 2 points above threshold
2026-09-06T20:06:48.349+01:00 INFO : Filtering template 72/96 segment 2/5
2026-09-06T20:06:48.367+01:00 INFO : 1 points above threshold
2026-09-06T20:06:48.372+01:00 INFO : Filtering template 72/96 segment 3/5
2026-09-06T20:06:48.390+01:00 INFO : 1 points above threshold
2026-09-06T20:06:48.395+01:00 INFO : Filtering template 72/96 segment 4/5
2026-09-06T20:06:48.413+01:00 INFO : 3 points above threshold
2026-09-06T20:06:48.422+01:00 INFO : Filtering template 72/96 segment 5/5
2026-09-06T20:06:48.439+01:00 INFO : 3 points above threshold
2026-09-06T20:06:48.449+01:00 INFO : 72: generating IMRPhenomD from 30.0 Hz
2026-09-06T20:06:48.451+01:00 INFO : Decompressing waveform using inline_linear
2026-09-06T20:06:48.456+01:00 INFO : Filtering template 73/96 segment 1/5
2026-09-06T20:06:48.476+01:00 INFO : 1 points above threshold
2026-09-06T20:06:48.495+01:00 INFO : Filtering template 73/96 segment 2/5
2026-09-06T20:06:48.513+01:00 INFO : 1 points above threshold
2026-09-06T20:06:48.518+01:00 INFO : Filtering template 73/96 segment 3/5
2026-09-06T20:06:48.536+01:00 INFO : 1 points above threshold
2026-09-06T20:06:48.541+01:00 INFO : Filtering template 73/96 segment 4/5
2026-09-06T20:06:48.558+01:00 INFO : Filtering template 73/96 segment 5/5
2026-09-06T20:06:48.576+01:00 INFO : 1 points above threshold
2026-09-06T20:06:48.582+01:00 INFO : 73: generating IMRPhenomD from 30.0 Hz
2026-09-06T20:06:48.584+01:00 INFO : Decompressing waveform using inline_linear
2026-09-06T20:06:48.589+01:00 INFO : Filtering template 74/96 segment 1/5
2026-09-06T20:06:48.609+01:00 INFO : 3 points above threshold
2026-09-06T20:06:48.629+01:00 INFO : Filtering template 74/96 segment 2/5
2026-09-06T20:06:48.647+01:00 INFO : 3 points above threshold
2026-09-06T20:06:48.656+01:00 INFO : Filtering template 74/96 segment 3/5
2026-09-06T20:06:48.674+01:00 INFO : Filtering template 74/96 segment 4/5
2026-09-06T20:06:48.692+01:00 INFO : 1 points above threshold
2026-09-06T20:06:48.697+01:00 INFO : Filtering template 74/96 segment 5/5
2026-09-06T20:06:48.715+01:00 INFO : 74: generating IMRPhenomD from 30.0 Hz
2026-09-06T20:06:48.717+01:00 INFO : Decompressing waveform using inline_linear
2026-09-06T20:06:48.722+01:00 INFO : Filtering template 75/96 segment 1/5
2026-09-06T20:06:48.742+01:00 INFO : Filtering template 75/96 segment 2/5
2026-09-06T20:06:48.760+01:00 INFO : 1 points above threshold
2026-09-06T20:06:48.776+01:00 INFO : Filtering template 75/96 segment 3/5
2026-09-06T20:06:48.794+01:00 INFO : 2 points above threshold
2026-09-06T20:06:48.801+01:00 INFO : Filtering template 75/96 segment 4/5
2026-09-06T20:06:48.818+01:00 INFO : Filtering template 75/96 segment 5/5
2026-09-06T20:06:48.836+01:00 INFO : 2 points above threshold
2026-09-06T20:06:48.843+01:00 INFO : 75: generating IMRPhenomD from 30.0 Hz
2026-09-06T20:06:48.846+01:00 INFO : Decompressing waveform using inline_linear
2026-09-06T20:06:48.851+01:00 INFO : Filtering template 76/96 segment 1/5
2026-09-06T20:06:48.871+01:00 INFO : 1 points above threshold
2026-09-06T20:06:48.887+01:00 INFO : Filtering template 76/96 segment 2/5
2026-09-06T20:06:48.905+01:00 INFO : Filtering template 76/96 segment 3/5
2026-09-06T20:06:48.923+01:00 INFO : 1 points above threshold
2026-09-06T20:06:48.928+01:00 INFO : Filtering template 76/96 segment 4/5
2026-09-06T20:06:48.946+01:00 INFO : Filtering template 76/96 segment 5/5
2026-09-06T20:06:48.963+01:00 INFO : 2 points above threshold
2026-09-06T20:06:48.970+01:00 INFO : 76: generating IMRPhenomD from 30.0 Hz
2026-09-06T20:06:48.973+01:00 INFO : Decompressing waveform using inline_linear
2026-09-06T20:06:48.978+01:00 INFO : Filtering template 77/96 segment 1/5
2026-09-06T20:06:48.999+01:00 INFO : Filtering template 77/96 segment 2/5
2026-09-06T20:06:49.018+01:00 INFO : 1 points above threshold
2026-09-06T20:06:49.034+01:00 INFO : Filtering template 77/96 segment 3/5
2026-09-06T20:06:49.053+01:00 INFO : Filtering template 77/96 segment 4/5
2026-09-06T20:06:49.073+01:00 INFO : 1 points above threshold
2026-09-06T20:06:49.078+01:00 INFO : Filtering template 77/96 segment 5/5
2026-09-06T20:06:49.098+01:00 INFO : 77: generating IMRPhenomD from 30.0 Hz
2026-09-06T20:06:49.101+01:00 INFO : Decompressing waveform using inline_linear
2026-09-06T20:06:49.105+01:00 INFO : Filtering template 78/96 segment 1/5
2026-09-06T20:06:49.125+01:00 INFO : Filtering template 78/96 segment 2/5
2026-09-06T20:06:49.143+01:00 INFO : Filtering template 78/96 segment 3/5
2026-09-06T20:06:49.161+01:00 INFO : Filtering template 78/96 segment 4/5
2026-09-06T20:06:49.178+01:00 INFO : 1 points above threshold
2026-09-06T20:06:49.194+01:00 INFO : Filtering template 78/96 segment 5/5
2026-09-06T20:06:49.212+01:00 INFO : 78: generating IMRPhenomD from 30.0 Hz
2026-09-06T20:06:49.214+01:00 INFO : Decompressing waveform using inline_linear
2026-09-06T20:06:49.219+01:00 INFO : Filtering template 79/96 segment 1/5
2026-09-06T20:06:49.239+01:00 INFO : 2 points above threshold
2026-09-06T20:06:49.256+01:00 INFO : Filtering template 79/96 segment 2/5
2026-09-06T20:06:49.274+01:00 INFO : Filtering template 79/96 segment 3/5
2026-09-06T20:06:49.292+01:00 INFO : 1 points above threshold
2026-09-06T20:06:49.297+01:00 INFO : Filtering template 79/96 segment 4/5
2026-09-06T20:06:49.314+01:00 INFO : 1 points above threshold
2026-09-06T20:06:49.319+01:00 INFO : Filtering template 79/96 segment 5/5
2026-09-06T20:06:49.337+01:00 INFO : 3 points above threshold
2026-09-06T20:06:49.346+01:00 INFO : 79: generating IMRPhenomD from 30.0 Hz
2026-09-06T20:06:49.349+01:00 INFO : Decompressing waveform using inline_linear
2026-09-06T20:06:49.354+01:00 INFO : Filtering template 80/96 segment 1/5
2026-09-06T20:06:49.374+01:00 INFO : 2 points above threshold
2026-09-06T20:06:49.391+01:00 INFO : Filtering template 80/96 segment 2/5
2026-09-06T20:06:49.408+01:00 INFO : 1 points above threshold
2026-09-06T20:06:49.414+01:00 INFO : Filtering template 80/96 segment 3/5
2026-09-06T20:06:49.431+01:00 INFO : 1 points above threshold
2026-09-06T20:06:49.436+01:00 INFO : Filtering template 80/96 segment 4/5
2026-09-06T20:06:49.454+01:00 INFO : Filtering template 80/96 segment 5/5
2026-09-06T20:06:49.471+01:00 INFO : 1 points above threshold
2026-09-06T20:06:49.477+01:00 INFO : 80: generating IMRPhenomD from 30.0 Hz
2026-09-06T20:06:49.480+01:00 INFO : Decompressing waveform using inline_linear
2026-09-06T20:06:49.484+01:00 INFO : Filtering template 81/96 segment 1/5
2026-09-06T20:06:49.504+01:00 INFO : 1 points above threshold
2026-09-06T20:06:49.519+01:00 INFO : Filtering template 81/96 segment 2/5
2026-09-06T20:06:49.537+01:00 INFO : 2 points above threshold
2026-09-06T20:06:49.545+01:00 INFO : Filtering template 81/96 segment 3/5
2026-09-06T20:06:49.563+01:00 INFO : 1 points above threshold
2026-09-06T20:06:49.568+01:00 INFO : Filtering template 81/96 segment 4/5
2026-09-06T20:06:49.585+01:00 INFO : Filtering template 81/96 segment 5/5
2026-09-06T20:06:49.603+01:00 INFO : 1 points above threshold
2026-09-06T20:06:49.608+01:00 INFO : 81: generating IMRPhenomD from 30.0 Hz
2026-09-06T20:06:49.611+01:00 INFO : Decompressing waveform using inline_linear
2026-09-06T20:06:49.616+01:00 INFO : Filtering template 82/96 segment 1/5
2026-09-06T20:06:49.636+01:00 INFO : Filtering template 82/96 segment 2/5
2026-09-06T20:06:49.653+01:00 INFO : 2 points above threshold
2026-09-06T20:06:49.670+01:00 INFO : Filtering template 82/96 segment 3/5
2026-09-06T20:06:49.688+01:00 INFO : 1 points above threshold
2026-09-06T20:06:49.693+01:00 INFO : Filtering template 82/96 segment 4/5
2026-09-06T20:06:49.711+01:00 INFO : Filtering template 82/96 segment 5/5
2026-09-06T20:06:49.729+01:00 INFO : 82: generating IMRPhenomD from 30.0 Hz
2026-09-06T20:06:49.732+01:00 INFO : Decompressing waveform using inline_linear
2026-09-06T20:06:49.737+01:00 INFO : Filtering template 83/96 segment 1/5
2026-09-06T20:06:49.756+01:00 INFO : 1 points above threshold
2026-09-06T20:06:49.771+01:00 INFO : Filtering template 83/96 segment 2/5
2026-09-06T20:06:49.789+01:00 INFO : 2 points above threshold
2026-09-06T20:06:49.796+01:00 INFO : Filtering template 83/96 segment 3/5
2026-09-06T20:06:49.814+01:00 INFO : 2 points above threshold
2026-09-06T20:06:49.821+01:00 INFO : Filtering template 83/96 segment 4/5
2026-09-06T20:06:49.838+01:00 INFO : 3 points above threshold
2026-09-06T20:06:49.847+01:00 INFO : Filtering template 83/96 segment 5/5
2026-09-06T20:06:49.865+01:00 INFO : 3 points above threshold
2026-09-06T20:06:49.874+01:00 INFO : 83: generating IMRPhenomD from 30.0 Hz
2026-09-06T20:06:49.877+01:00 INFO : Decompressing waveform using inline_linear
2026-09-06T20:06:49.882+01:00 INFO : Filtering template 84/96 segment 1/5
2026-09-06T20:06:49.902+01:00 INFO : Filtering template 84/96 segment 2/5
2026-09-06T20:06:49.920+01:00 INFO : Filtering template 84/96 segment 3/5
2026-09-06T20:06:49.938+01:00 INFO : 1 points above threshold
2026-09-06T20:06:49.953+01:00 INFO : Filtering template 84/96 segment 4/5
2026-09-06T20:06:49.971+01:00 INFO : 3 points above threshold
2026-09-06T20:06:49.980+01:00 INFO : Filtering template 84/96 segment 5/5
2026-09-06T20:06:49.998+01:00 INFO : 84: generating IMRPhenomD from 30.0 Hz
2026-09-06T20:06:50.000+01:00 INFO : Decompressing waveform using inline_linear
2026-09-06T20:06:50.005+01:00 INFO : Filtering template 85/96 segment 1/5
2026-09-06T20:06:50.025+01:00 INFO : 1 points above threshold
2026-09-06T20:06:50.040+01:00 INFO : Filtering template 85/96 segment 2/5
2026-09-06T20:06:50.058+01:00 INFO : 2 points above threshold
2026-09-06T20:06:50.065+01:00 INFO : Filtering template 85/96 segment 3/5
2026-09-06T20:06:50.083+01:00 INFO : 1 points above threshold
2026-09-06T20:06:50.088+01:00 INFO : Filtering template 85/96 segment 4/5
2026-09-06T20:06:50.105+01:00 INFO : 3 points above threshold
2026-09-06T20:06:50.114+01:00 INFO : Filtering template 85/96 segment 5/5
2026-09-06T20:06:50.132+01:00 INFO : 2 points above threshold
2026-09-06T20:06:50.139+01:00 INFO : 85: generating IMRPhenomD from 30.0 Hz
2026-09-06T20:06:50.142+01:00 INFO : Decompressing waveform using inline_linear
2026-09-06T20:06:50.147+01:00 INFO : Filtering template 86/96 segment 1/5
2026-09-06T20:06:50.166+01:00 INFO : 2 points above threshold
2026-09-06T20:06:50.184+01:00 INFO : Filtering template 86/96 segment 2/5
2026-09-06T20:06:50.201+01:00 INFO : 2 points above threshold
2026-09-06T20:06:50.208+01:00 INFO : Filtering template 86/96 segment 3/5
2026-09-06T20:06:50.226+01:00 INFO : 1 points above threshold
2026-09-06T20:06:50.231+01:00 INFO : Filtering template 86/96 segment 4/5
2026-09-06T20:06:50.249+01:00 INFO : 1 points above threshold
2026-09-06T20:06:50.254+01:00 INFO : Filtering template 86/96 segment 5/5
2026-09-06T20:06:50.271+01:00 INFO : 2 points above threshold
2026-09-06T20:06:50.279+01:00 INFO : 86: generating IMRPhenomD from 30.0 Hz
2026-09-06T20:06:50.281+01:00 INFO : Decompressing waveform using inline_linear
2026-09-06T20:06:50.286+01:00 INFO : Filtering template 87/96 segment 1/5
2026-09-06T20:06:50.306+01:00 INFO : 1 points above threshold
2026-09-06T20:06:50.321+01:00 INFO : Filtering template 87/96 segment 2/5
2026-09-06T20:06:50.339+01:00 INFO : 2 points above threshold
2026-09-06T20:06:50.346+01:00 INFO : Filtering template 87/96 segment 3/5
2026-09-06T20:06:50.363+01:00 INFO : 1 points above threshold
2026-09-06T20:06:50.368+01:00 INFO : Filtering template 87/96 segment 4/5
2026-09-06T20:06:50.386+01:00 INFO : 1 points above threshold
2026-09-06T20:06:50.391+01:00 INFO : Filtering template 87/96 segment 5/5
2026-09-06T20:06:50.409+01:00 INFO : 1 points above threshold
2026-09-06T20:06:50.414+01:00 INFO : 87: generating IMRPhenomD from 30.0 Hz
2026-09-06T20:06:50.417+01:00 INFO : Decompressing waveform using inline_linear
2026-09-06T20:06:50.421+01:00 INFO : Filtering template 88/96 segment 1/5
2026-09-06T20:06:50.441+01:00 INFO : 2 points above threshold
2026-09-06T20:06:50.458+01:00 INFO : Filtering template 88/96 segment 2/5
2026-09-06T20:06:50.476+01:00 INFO : 1 points above threshold
2026-09-06T20:06:50.481+01:00 INFO : Filtering template 88/96 segment 3/5
2026-09-06T20:06:50.499+01:00 INFO : Filtering template 88/96 segment 4/5
2026-09-06T20:06:50.516+01:00 INFO : Filtering template 88/96 segment 5/5
2026-09-06T20:06:50.534+01:00 INFO : 2 points above threshold
2026-09-06T20:06:50.541+01:00 INFO : 88: generating IMRPhenomD from 30.0 Hz
2026-09-06T20:06:50.544+01:00 INFO : Decompressing waveform using inline_linear
2026-09-06T20:06:50.549+01:00 INFO : Filtering template 89/96 segment 1/5
2026-09-06T20:06:50.569+01:00 INFO : 2 points above threshold
2026-09-06T20:06:50.585+01:00 INFO : Filtering template 89/96 segment 2/5
2026-09-06T20:06:50.603+01:00 INFO : 1 points above threshold
2026-09-06T20:06:50.608+01:00 INFO : Filtering template 89/96 segment 3/5
2026-09-06T20:06:50.626+01:00 INFO : 2 points above threshold
2026-09-06T20:06:50.633+01:00 INFO : Filtering template 89/96 segment 4/5
2026-09-06T20:06:50.651+01:00 INFO : Filtering template 89/96 segment 5/5
2026-09-06T20:06:50.669+01:00 INFO : 89: generating IMRPhenomD from 30.0 Hz
2026-09-06T20:06:50.671+01:00 INFO : Decompressing waveform using inline_linear
2026-09-06T20:06:50.676+01:00 INFO : Filtering template 90/96 segment 1/5
2026-09-06T20:06:50.696+01:00 INFO : Filtering template 90/96 segment 2/5
2026-09-06T20:06:50.714+01:00 INFO : 1 points above threshold
2026-09-06T20:06:50.729+01:00 INFO : Filtering template 90/96 segment 3/5
2026-09-06T20:06:50.746+01:00 INFO : 3 points above threshold
2026-09-06T20:06:50.756+01:00 INFO : Filtering template 90/96 segment 4/5
2026-09-06T20:06:50.773+01:00 INFO : Filtering template 90/96 segment 5/5
2026-09-06T20:06:50.791+01:00 INFO : 1 points above threshold
2026-09-06T20:06:50.796+01:00 INFO : 90: generating IMRPhenomD from 30.0 Hz
2026-09-06T20:06:50.799+01:00 INFO : Decompressing waveform using inline_linear
2026-09-06T20:06:50.804+01:00 INFO : Filtering template 91/96 segment 1/5
2026-09-06T20:06:50.823+01:00 INFO : Filtering template 91/96 segment 2/5
2026-09-06T20:06:50.841+01:00 INFO : 2 points above threshold
2026-09-06T20:06:50.859+01:00 INFO : Filtering template 91/96 segment 3/5
2026-09-06T20:06:50.877+01:00 INFO : 3 points above threshold
2026-09-06T20:06:50.886+01:00 INFO : Filtering template 91/96 segment 4/5
2026-09-06T20:06:50.904+01:00 INFO : Filtering template 91/96 segment 5/5
2026-09-06T20:06:50.921+01:00 INFO : 1 points above threshold
2026-09-06T20:06:50.927+01:00 INFO : 91: generating IMRPhenomD from 30.0 Hz
2026-09-06T20:06:50.929+01:00 INFO : Decompressing waveform using inline_linear
2026-09-06T20:06:50.934+01:00 INFO : Filtering template 92/96 segment 1/5
2026-09-06T20:06:50.954+01:00 INFO : 2 points above threshold
2026-09-06T20:06:50.971+01:00 INFO : Filtering template 92/96 segment 2/5
2026-09-06T20:06:50.989+01:00 INFO : 1 points above threshold
2026-09-06T20:06:50.994+01:00 INFO : Filtering template 92/96 segment 3/5
2026-09-06T20:06:51.011+01:00 INFO : 2 points above threshold
2026-09-06T20:06:51.018+01:00 INFO : Filtering template 92/96 segment 4/5
2026-09-06T20:06:51.036+01:00 INFO : 1 points above threshold
2026-09-06T20:06:51.041+01:00 INFO : Filtering template 92/96 segment 5/5
2026-09-06T20:06:51.059+01:00 INFO : 1 points above threshold
2026-09-06T20:06:51.064+01:00 INFO : 92: generating IMRPhenomD from 30.0 Hz
2026-09-06T20:06:51.067+01:00 INFO : Decompressing waveform using inline_linear
2026-09-06T20:06:51.072+01:00 INFO : Filtering template 93/96 segment 1/5
2026-09-06T20:06:51.092+01:00 INFO : Filtering template 93/96 segment 2/5
2026-09-06T20:06:51.109+01:00 INFO : 3 points above threshold
2026-09-06T20:06:51.128+01:00 INFO : Filtering template 93/96 segment 3/5
2026-09-06T20:06:51.146+01:00 INFO : 3 points above threshold
2026-09-06T20:06:51.155+01:00 INFO : Filtering template 93/96 segment 4/5
2026-09-06T20:06:51.173+01:00 INFO : 1 points above threshold
2026-09-06T20:06:51.178+01:00 INFO : Filtering template 93/96 segment 5/5
2026-09-06T20:06:51.195+01:00 INFO : 1 points above threshold
2026-09-06T20:06:51.202+01:00 INFO : 93: generating IMRPhenomD from 30.0 Hz
2026-09-06T20:06:51.205+01:00 INFO : Decompressing waveform using inline_linear
2026-09-06T20:06:51.210+01:00 INFO : Filtering template 94/96 segment 1/5
2026-09-06T20:06:51.230+01:00 INFO : 1 points above threshold
2026-09-06T20:06:51.245+01:00 INFO : Filtering template 94/96 segment 2/5
2026-09-06T20:06:51.262+01:00 INFO : 2 points above threshold
2026-09-06T20:06:51.269+01:00 INFO : Filtering template 94/96 segment 3/5
2026-09-06T20:06:51.287+01:00 INFO : 4 points above threshold
2026-09-06T20:06:51.296+01:00 INFO : Filtering template 94/96 segment 4/5
2026-09-06T20:06:51.313+01:00 INFO : Filtering template 94/96 segment 5/5
2026-09-06T20:06:51.331+01:00 INFO : 2 points above threshold
2026-09-06T20:06:51.338+01:00 INFO : 94: generating IMRPhenomD from 30.0 Hz
2026-09-06T20:06:51.341+01:00 INFO : Decompressing waveform using inline_linear
2026-09-06T20:06:51.346+01:00 INFO : Filtering template 95/96 segment 1/5
2026-09-06T20:06:51.365+01:00 INFO : 3 points above threshold
2026-09-06T20:06:51.384+01:00 INFO : Filtering template 95/96 segment 2/5
2026-09-06T20:06:51.402+01:00 INFO : 2 points above threshold
2026-09-06T20:06:51.409+01:00 INFO : Filtering template 95/96 segment 3/5
2026-09-06T20:06:51.427+01:00 INFO : 2 points above threshold
2026-09-06T20:06:51.434+01:00 INFO : Filtering template 95/96 segment 4/5
2026-09-06T20:06:51.451+01:00 INFO : 1 points above threshold
2026-09-06T20:06:51.456+01:00 INFO : Filtering template 95/96 segment 5/5
2026-09-06T20:06:51.474+01:00 INFO : 95: generating IMRPhenomD from 30.0 Hz
2026-09-06T20:06:51.477+01:00 INFO : Decompressing waveform using inline_linear
2026-09-06T20:06:51.482+01:00 INFO : Filtering template 96/96 segment 1/5
2026-09-06T20:06:51.502+01:00 INFO : 2 points above threshold
2026-09-06T20:06:51.519+01:00 INFO : Filtering template 96/96 segment 2/5
2026-09-06T20:06:51.536+01:00 INFO : Filtering template 96/96 segment 3/5
2026-09-06T20:06:51.554+01:00 INFO : Filtering template 96/96 segment 4/5
2026-09-06T20:06:51.572+01:00 INFO : 1 points above threshold
2026-09-06T20:06:51.577+01:00 INFO : Filtering template 96/96 segment 5/5
2026-09-06T20:06:51.595+01:00 INFO : We currently have 527 triggers
2026-09-06T20:06:51.595+01:00 INFO : Removing triggers with NewSNR below threshold
2026-09-06T20:06:51.595+01:00 INFO : 475 remaining triggers
2026-09-06T20:06:51.595+01:00 INFO : Outputting 475 triggers
2026-09-06T20:06:51.595+01:00 INFO : Writing out triggers
2026-09-06T20:06:51.606+01:00 INFO : Finished
