2026-09-06T21:26:20.607+01:00 INFO : Running with Torch support on device cpu
2026-09-06T21:26:20.608+01:00 INFO : Reading Frames
2026-09-06T21:26:27.296+01:00 INFO : Highpass Filtering
2026-09-06T21:26:27.748+01:00 INFO : Resampling data
2026-09-06T21:26:27.759+01:00 INFO : Converting to float32
/home/xangma/pycbc-torch-inspiral-reference-20260906/source-v6/pycbc/types/array.py:872: RuntimeWarning: divide by zero encountered in divide
  return self._data.__rtruediv__(other)
2026-09-06T21:26:32.989+01:00 INFO : Highpass Filtering
2026-09-06T21:26:33.431+01:00 INFO : Remove Padding
2026-09-06T21:26:33.456+01:00 INFO : Making frequency-domain data segments
2026-09-06T21:26:35.816+01:00 INFO : Overwhitening frequency-domain data segments
2026-09-06T21:26:35.840+01:00 INFO : Read in template bank
2026-09-06T21:26:35.870+01:00 INFO : Full template bank size: 96
2026-09-06T21:26:35.871+01:00 INFO : Template bank size after thinning: 96
2026-09-06T21:26:35.871+01:00 INFO : 0: generating IMRPhenomD from 30.0 Hz
2026-09-06T21:26:35.874+01:00 INFO : Decompressing waveform using inline_linear
2026-09-06T21:26:35.882+01:00 INFO : Filtering template 1/96 segment 1/5
2026-09-06T21:26:35.974+01:00 INFO : 1 points above threshold
2026-09-06T21:26:36.010+01:00 INFO : Filtering template 1/96 segment 2/5
2026-09-06T21:26:36.051+01:00 INFO : Filtering template 1/96 segment 3/5
2026-09-06T21:26:36.092+01:00 INFO : 1 points above threshold
2026-09-06T21:26:36.099+01:00 INFO : Filtering template 1/96 segment 4/5
2026-09-06T21:26:36.140+01:00 INFO : Filtering template 1/96 segment 5/5
2026-09-06T21:26:36.180+01:00 INFO : 1 points above threshold
2026-09-06T21:26:36.188+01:00 INFO : 1: generating IMRPhenomD from 30.0 Hz
2026-09-06T21:26:36.191+01:00 INFO : Decompressing waveform using inline_linear
2026-09-06T21:26:36.196+01:00 INFO : Filtering template 2/96 segment 1/5
2026-09-06T21:26:36.247+01:00 INFO : 1 points above threshold
2026-09-06T21:26:36.270+01:00 INFO : Filtering template 2/96 segment 2/5
2026-09-06T21:26:36.311+01:00 INFO : 1 points above threshold
2026-09-06T21:26:36.318+01:00 INFO : Filtering template 2/96 segment 3/5
2026-09-06T21:26:36.358+01:00 INFO : 2 points above threshold
2026-09-06T21:26:36.367+01:00 INFO : Filtering template 2/96 segment 4/5
2026-09-06T21:26:36.408+01:00 INFO : Filtering template 2/96 segment 5/5
2026-09-06T21:26:36.449+01:00 INFO : 1 points above threshold
2026-09-06T21:26:36.456+01:00 INFO : 2: generating IMRPhenomD from 30.0 Hz
2026-09-06T21:26:36.459+01:00 INFO : Decompressing waveform using inline_linear
2026-09-06T21:26:36.464+01:00 INFO : Filtering template 3/96 segment 1/5
2026-09-06T21:26:36.516+01:00 INFO : 3 points above threshold
2026-09-06T21:26:36.539+01:00 INFO : Filtering template 3/96 segment 2/5
2026-09-06T21:26:36.580+01:00 INFO : Filtering template 3/96 segment 3/5
2026-09-06T21:26:36.621+01:00 INFO : 1 points above threshold
2026-09-06T21:26:36.628+01:00 INFO : Filtering template 3/96 segment 4/5
2026-09-06T21:26:36.668+01:00 INFO : 1 points above threshold
2026-09-06T21:26:36.675+01:00 INFO : Filtering template 3/96 segment 5/5
2026-09-06T21:26:36.717+01:00 INFO : 3: generating IMRPhenomD from 30.0 Hz
2026-09-06T21:26:36.720+01:00 INFO : Decompressing waveform using inline_linear
2026-09-06T21:26:36.725+01:00 INFO : Filtering template 4/96 segment 1/5
2026-09-06T21:26:36.776+01:00 INFO : 1 points above threshold
2026-09-06T21:26:36.802+01:00 INFO : Filtering template 4/96 segment 2/5
2026-09-06T21:26:36.843+01:00 INFO : 1 points above threshold
2026-09-06T21:26:36.850+01:00 INFO : Filtering template 4/96 segment 3/5
2026-09-06T21:26:36.890+01:00 INFO : 2 points above threshold
2026-09-06T21:26:36.899+01:00 INFO : Filtering template 4/96 segment 4/5
2026-09-06T21:26:36.940+01:00 INFO : 2 points above threshold
2026-09-06T21:26:36.949+01:00 INFO : Filtering template 4/96 segment 5/5
2026-09-06T21:26:36.989+01:00 INFO : 2 points above threshold
2026-09-06T21:26:36.999+01:00 INFO : 4: generating IMRPhenomD from 30.0 Hz
2026-09-06T21:26:37.002+01:00 INFO : Decompressing waveform using inline_linear
2026-09-06T21:26:37.007+01:00 INFO : Filtering template 5/96 segment 1/5
2026-09-06T21:26:37.058+01:00 INFO : 1 points above threshold
2026-09-06T21:26:37.081+01:00 INFO : Filtering template 5/96 segment 2/5
2026-09-06T21:26:37.122+01:00 INFO : 2 points above threshold
2026-09-06T21:26:37.130+01:00 INFO : Filtering template 5/96 segment 3/5
2026-09-06T21:26:37.171+01:00 INFO : 2 points above threshold
2026-09-06T21:26:37.180+01:00 INFO : Filtering template 5/96 segment 4/5
2026-09-06T21:26:37.221+01:00 INFO : 2 points above threshold
2026-09-06T21:26:37.230+01:00 INFO : Filtering template 5/96 segment 5/5
2026-09-06T21:26:37.271+01:00 INFO : 5: generating IMRPhenomD from 30.0 Hz
2026-09-06T21:26:37.274+01:00 INFO : Decompressing waveform using inline_linear
2026-09-06T21:26:37.279+01:00 INFO : Filtering template 6/96 segment 1/5
2026-09-06T21:26:37.330+01:00 INFO : 1 points above threshold
2026-09-06T21:26:37.350+01:00 INFO : Filtering template 6/96 segment 2/5
2026-09-06T21:26:37.391+01:00 INFO : Filtering template 6/96 segment 3/5
2026-09-06T21:26:37.432+01:00 INFO : Filtering template 6/96 segment 4/5
2026-09-06T21:26:37.473+01:00 INFO : Filtering template 6/96 segment 5/5
2026-09-06T21:26:37.514+01:00 INFO : 1 points above threshold
2026-09-06T21:26:37.521+01:00 INFO : 6: generating IMRPhenomD from 30.0 Hz
2026-09-06T21:26:37.524+01:00 INFO : Decompressing waveform using inline_linear
2026-09-06T21:26:37.529+01:00 INFO : Filtering template 7/96 segment 1/5
2026-09-06T21:26:37.580+01:00 INFO : 2 points above threshold
2026-09-06T21:26:37.602+01:00 INFO : Filtering template 7/96 segment 2/5
2026-09-06T21:26:37.643+01:00 INFO : Filtering template 7/96 segment 3/5
2026-09-06T21:26:37.684+01:00 INFO : Filtering template 7/96 segment 4/5
2026-09-06T21:26:37.724+01:00 INFO : 1 points above threshold
2026-09-06T21:26:37.731+01:00 INFO : Filtering template 7/96 segment 5/5
2026-09-06T21:26:37.773+01:00 INFO : 7: generating IMRPhenomD from 30.0 Hz
2026-09-06T21:26:37.776+01:00 INFO : Decompressing waveform using inline_linear
2026-09-06T21:26:37.781+01:00 INFO : Filtering template 8/96 segment 1/5
2026-09-06T21:26:37.832+01:00 INFO : 2 points above threshold
2026-09-06T21:26:37.854+01:00 INFO : Filtering template 8/96 segment 2/5
2026-09-06T21:26:37.895+01:00 INFO : 1 points above threshold
2026-09-06T21:26:37.902+01:00 INFO : Filtering template 8/96 segment 3/5
2026-09-06T21:26:37.942+01:00 INFO : 4 points above threshold
2026-09-06T21:26:37.953+01:00 INFO : Filtering template 8/96 segment 4/5
2026-09-06T21:26:37.994+01:00 INFO : Filtering template 8/96 segment 5/5
2026-09-06T21:26:38.035+01:00 INFO : 8: generating IMRPhenomD from 30.0 Hz
2026-09-06T21:26:38.038+01:00 INFO : Decompressing waveform using inline_linear
2026-09-06T21:26:38.043+01:00 INFO : Filtering template 9/96 segment 1/5
2026-09-06T21:26:38.094+01:00 INFO : Filtering template 9/96 segment 2/5
2026-09-06T21:26:38.135+01:00 INFO : 1 points above threshold
2026-09-06T21:26:38.155+01:00 INFO : Filtering template 9/96 segment 3/5
2026-09-06T21:26:38.196+01:00 INFO : 2 points above threshold
2026-09-06T21:26:38.205+01:00 INFO : Filtering template 9/96 segment 4/5
2026-09-06T21:26:38.245+01:00 INFO : 1 points above threshold
2026-09-06T21:26:38.252+01:00 INFO : Filtering template 9/96 segment 5/5
2026-09-06T21:26:38.293+01:00 INFO : 3 points above threshold
2026-09-06T21:26:38.305+01:00 INFO : 9: generating IMRPhenomD from 30.0 Hz
2026-09-06T21:26:38.307+01:00 INFO : Decompressing waveform using inline_linear
2026-09-06T21:26:38.313+01:00 INFO : Filtering template 10/96 segment 1/5
2026-09-06T21:26:38.363+01:00 INFO : 1 points above threshold
2026-09-06T21:26:38.389+01:00 INFO : Filtering template 10/96 segment 2/5
2026-09-06T21:26:38.429+01:00 INFO : 1 points above threshold
2026-09-06T21:26:38.436+01:00 INFO : Filtering template 10/96 segment 3/5
2026-09-06T21:26:38.477+01:00 INFO : Filtering template 10/96 segment 4/5
2026-09-06T21:26:38.518+01:00 INFO : 2 points above threshold
2026-09-06T21:26:38.526+01:00 INFO : Filtering template 10/96 segment 5/5
2026-09-06T21:26:38.567+01:00 INFO : 1 points above threshold
2026-09-06T21:26:38.575+01:00 INFO : 10: generating IMRPhenomD from 30.0 Hz
2026-09-06T21:26:38.577+01:00 INFO : Decompressing waveform using inline_linear
2026-09-06T21:26:38.583+01:00 INFO : Filtering template 11/96 segment 1/5
2026-09-06T21:26:38.634+01:00 INFO : 4 points above threshold
2026-09-06T21:26:38.663+01:00 INFO : Filtering template 11/96 segment 2/5
2026-09-06T21:26:38.703+01:00 INFO : 2 points above threshold
2026-09-06T21:26:38.712+01:00 INFO : Filtering template 11/96 segment 3/5
2026-09-06T21:26:38.753+01:00 INFO : 1 points above threshold
2026-09-06T21:26:38.760+01:00 INFO : Filtering template 11/96 segment 4/5
2026-09-06T21:26:38.801+01:00 INFO : Filtering template 11/96 segment 5/5
2026-09-06T21:26:38.842+01:00 INFO : 11: generating IMRPhenomD from 30.0 Hz
2026-09-06T21:26:38.845+01:00 INFO : Decompressing waveform using inline_linear
2026-09-06T21:26:38.850+01:00 INFO : Filtering template 12/96 segment 1/5
2026-09-06T21:26:38.901+01:00 INFO : 1 points above threshold
2026-09-06T21:26:38.927+01:00 INFO : Filtering template 12/96 segment 2/5
2026-09-06T21:26:38.968+01:00 INFO : 1 points above threshold
2026-09-06T21:26:38.975+01:00 INFO : Filtering template 12/96 segment 3/5
2026-09-06T21:26:39.016+01:00 INFO : 1 points above threshold
2026-09-06T21:26:39.023+01:00 INFO : Filtering template 12/96 segment 4/5
2026-09-06T21:26:39.063+01:00 INFO : 3 points above threshold
2026-09-06T21:26:39.074+01:00 INFO : Filtering template 12/96 segment 5/5
2026-09-06T21:26:39.115+01:00 INFO : 12: generating IMRPhenomD from 30.0 Hz
2026-09-06T21:26:39.118+01:00 INFO : Decompressing waveform using inline_linear
2026-09-06T21:26:39.124+01:00 INFO : Filtering template 13/96 segment 1/5
2026-09-06T21:26:39.174+01:00 INFO : Filtering template 13/96 segment 2/5
2026-09-06T21:26:39.215+01:00 INFO : 4 points above threshold
2026-09-06T21:26:39.244+01:00 INFO : Filtering template 13/96 segment 3/5
2026-09-06T21:26:39.285+01:00 INFO : Filtering template 13/96 segment 4/5
2026-09-06T21:26:39.326+01:00 INFO : Filtering template 13/96 segment 5/5
2026-09-06T21:26:39.367+01:00 INFO : 1 points above threshold
2026-09-06T21:26:39.374+01:00 INFO : 13: generating IMRPhenomD from 30.0 Hz
2026-09-06T21:26:39.377+01:00 INFO : Decompressing waveform using inline_linear
2026-09-06T21:26:39.382+01:00 INFO : Filtering template 14/96 segment 1/5
2026-09-06T21:26:39.433+01:00 INFO : 1 points above threshold
2026-09-06T21:26:39.458+01:00 INFO : Filtering template 14/96 segment 2/5
2026-09-06T21:26:39.499+01:00 INFO : 2 points above threshold
2026-09-06T21:26:39.508+01:00 INFO : Filtering template 14/96 segment 3/5
2026-09-06T21:26:39.549+01:00 INFO : 3 points above threshold
2026-09-06T21:26:39.560+01:00 INFO : Filtering template 14/96 segment 4/5
2026-09-06T21:26:39.601+01:00 INFO : 2 points above threshold
2026-09-06T21:26:39.610+01:00 INFO : Filtering template 14/96 segment 5/5
2026-09-06T21:26:39.651+01:00 INFO : 14: generating IMRPhenomD from 30.0 Hz
2026-09-06T21:26:39.654+01:00 INFO : Decompressing waveform using inline_linear
2026-09-06T21:26:39.660+01:00 INFO : Filtering template 15/96 segment 1/5
2026-09-06T21:26:39.711+01:00 INFO : 1 points above threshold
2026-09-06T21:26:39.739+01:00 INFO : Filtering template 15/96 segment 2/5
2026-09-06T21:26:39.779+01:00 INFO : Filtering template 15/96 segment 3/5
2026-09-06T21:26:39.820+01:00 INFO : 1 points above threshold
2026-09-06T21:26:39.827+01:00 INFO : Filtering template 15/96 segment 4/5
2026-09-06T21:26:39.868+01:00 INFO : 1 points above threshold
2026-09-06T21:26:39.875+01:00 INFO : Filtering template 15/96 segment 5/5
2026-09-06T21:26:39.916+01:00 INFO : 3 points above threshold
2026-09-06T21:26:39.928+01:00 INFO : 15: generating IMRPhenomD from 30.0 Hz
2026-09-06T21:26:39.930+01:00 INFO : Decompressing waveform using inline_linear
2026-09-06T21:26:39.936+01:00 INFO : Filtering template 16/96 segment 1/5
2026-09-06T21:26:39.987+01:00 INFO : 1 points above threshold
2026-09-06T21:26:40.006+01:00 INFO : Filtering template 16/96 segment 2/5
2026-09-06T21:26:40.047+01:00 INFO : 2 points above threshold
2026-09-06T21:26:40.056+01:00 INFO : Filtering template 16/96 segment 3/5
2026-09-06T21:26:40.097+01:00 INFO : 3 points above threshold
2026-09-06T21:26:40.108+01:00 INFO : Filtering template 16/96 segment 4/5
2026-09-06T21:26:40.149+01:00 INFO : 2 points above threshold
2026-09-06T21:26:40.157+01:00 INFO : Filtering template 16/96 segment 5/5
2026-09-06T21:26:40.199+01:00 INFO : 16: generating IMRPhenomD from 30.0 Hz
2026-09-06T21:26:40.202+01:00 INFO : Decompressing waveform using inline_linear
2026-09-06T21:26:40.207+01:00 INFO : Filtering template 17/96 segment 1/5
2026-09-06T21:26:40.258+01:00 INFO : 2 points above threshold
2026-09-06T21:26:40.280+01:00 INFO : Filtering template 17/96 segment 2/5
2026-09-06T21:26:40.320+01:00 INFO : 3 points above threshold
2026-09-06T21:26:40.331+01:00 INFO : Filtering template 17/96 segment 3/5
2026-09-06T21:26:40.373+01:00 INFO : Filtering template 17/96 segment 4/5
2026-09-06T21:26:40.418+01:00 INFO : 2 points above threshold
2026-09-06T21:26:40.427+01:00 INFO : Filtering template 17/96 segment 5/5
2026-09-06T21:26:40.470+01:00 INFO : 3 points above threshold
2026-09-06T21:26:40.482+01:00 INFO : 17: generating IMRPhenomD from 30.0 Hz
2026-09-06T21:26:40.484+01:00 INFO : Decompressing waveform using inline_linear
2026-09-06T21:26:40.490+01:00 INFO : Filtering template 18/96 segment 1/5
2026-09-06T21:26:40.541+01:00 INFO : Filtering template 18/96 segment 2/5
2026-09-06T21:26:40.582+01:00 INFO : Filtering template 18/96 segment 3/5
2026-09-06T21:26:40.622+01:00 INFO : 1 points above threshold
2026-09-06T21:26:40.642+01:00 INFO : Filtering template 18/96 segment 4/5
2026-09-06T21:26:40.683+01:00 INFO : Filtering template 18/96 segment 5/5
2026-09-06T21:26:40.724+01:00 INFO : 2 points above threshold
2026-09-06T21:26:40.733+01:00 INFO : 18: generating IMRPhenomD from 30.0 Hz
2026-09-06T21:26:40.736+01:00 INFO : Decompressing waveform using inline_linear
2026-09-06T21:26:40.741+01:00 INFO : Filtering template 19/96 segment 1/5
2026-09-06T21:26:40.792+01:00 INFO : 3 points above threshold
2026-09-06T21:26:40.816+01:00 INFO : Filtering template 19/96 segment 2/5
2026-09-06T21:26:40.856+01:00 INFO : 1 points above threshold
2026-09-06T21:26:40.863+01:00 INFO : Filtering template 19/96 segment 3/5
2026-09-06T21:26:40.904+01:00 INFO : 1 points above threshold
2026-09-06T21:26:40.911+01:00 INFO : Filtering template 19/96 segment 4/5
2026-09-06T21:26:40.951+01:00 INFO : 3 points above threshold
2026-09-06T21:26:40.962+01:00 INFO : Filtering template 19/96 segment 5/5
2026-09-06T21:26:41.003+01:00 INFO : 1 points above threshold
2026-09-06T21:26:41.010+01:00 INFO : 19: generating IMRPhenomD from 30.0 Hz
2026-09-06T21:26:41.013+01:00 INFO : Decompressing waveform using inline_linear
2026-09-06T21:26:41.018+01:00 INFO : Filtering template 20/96 segment 1/5
2026-09-06T21:26:41.070+01:00 INFO : 1 points above threshold
2026-09-06T21:26:41.090+01:00 INFO : Filtering template 20/96 segment 2/5
2026-09-06T21:26:41.131+01:00 INFO : 3 points above threshold
2026-09-06T21:26:41.141+01:00 INFO : Filtering template 20/96 segment 3/5
2026-09-06T21:26:41.182+01:00 INFO : Filtering template 20/96 segment 4/5
2026-09-06T21:26:41.223+01:00 INFO : 2 points above threshold
2026-09-06T21:26:41.231+01:00 INFO : Filtering template 20/96 segment 5/5
2026-09-06T21:26:41.273+01:00 INFO : 20: generating IMRPhenomD from 30.0 Hz
2026-09-06T21:26:41.275+01:00 INFO : Decompressing waveform using inline_linear
2026-09-06T21:26:41.281+01:00 INFO : Filtering template 21/96 segment 1/5
2026-09-06T21:26:41.332+01:00 INFO : 1 points above threshold
2026-09-06T21:26:41.352+01:00 INFO : Filtering template 21/96 segment 2/5
2026-09-06T21:26:41.392+01:00 INFO : 1 points above threshold
2026-09-06T21:26:41.399+01:00 INFO : Filtering template 21/96 segment 3/5
2026-09-06T21:26:41.440+01:00 INFO : 1 points above threshold
2026-09-06T21:26:41.447+01:00 INFO : Filtering template 21/96 segment 4/5
2026-09-06T21:26:41.487+01:00 INFO : Filtering template 21/96 segment 5/5
2026-09-06T21:26:41.529+01:00 INFO : 21: generating IMRPhenomD from 30.0 Hz
2026-09-06T21:26:41.532+01:00 INFO : Decompressing waveform using inline_linear
2026-09-06T21:26:41.537+01:00 INFO : Filtering template 22/96 segment 1/5
2026-09-06T21:26:41.588+01:00 INFO : 5 points above threshold
2026-09-06T21:26:41.614+01:00 INFO : Filtering template 22/96 segment 2/5
2026-09-06T21:26:41.655+01:00 INFO : Filtering template 22/96 segment 3/5
2026-09-06T21:26:41.696+01:00 INFO : Filtering template 22/96 segment 4/5
2026-09-06T21:26:41.737+01:00 INFO : 1 points above threshold
2026-09-06T21:26:41.744+01:00 INFO : Filtering template 22/96 segment 5/5
2026-09-06T21:26:41.784+01:00 INFO : 1 points above threshold
2026-09-06T21:26:41.792+01:00 INFO : 22: generating IMRPhenomD from 30.0 Hz
2026-09-06T21:26:41.794+01:00 INFO : Decompressing waveform using inline_linear
2026-09-06T21:26:41.800+01:00 INFO : Filtering template 23/96 segment 1/5
2026-09-06T21:26:41.851+01:00 INFO : 2 points above threshold
2026-09-06T21:26:41.872+01:00 INFO : Filtering template 23/96 segment 2/5
2026-09-06T21:26:41.913+01:00 INFO : 1 points above threshold
2026-09-06T21:26:41.920+01:00 INFO : Filtering template 23/96 segment 3/5
2026-09-06T21:26:41.961+01:00 INFO : 1 points above threshold
2026-09-06T21:26:41.968+01:00 INFO : Filtering template 23/96 segment 4/5
2026-09-06T21:26:42.009+01:00 INFO : Filtering template 23/96 segment 5/5
2026-09-06T21:26:42.050+01:00 INFO : 23: generating IMRPhenomD from 30.0 Hz
2026-09-06T21:26:42.053+01:00 INFO : Decompressing waveform using inline_linear
2026-09-06T21:26:42.058+01:00 INFO : Filtering template 24/96 segment 1/5
2026-09-06T21:26:42.109+01:00 INFO : 1 points above threshold
2026-09-06T21:26:42.129+01:00 INFO : Filtering template 24/96 segment 2/5
2026-09-06T21:26:42.170+01:00 INFO : 2 points above threshold
2026-09-06T21:26:42.179+01:00 INFO : Filtering template 24/96 segment 3/5
2026-09-06T21:26:42.219+01:00 INFO : 1 points above threshold
2026-09-06T21:26:42.227+01:00 INFO : Filtering template 24/96 segment 4/5
2026-09-06T21:26:42.268+01:00 INFO : Filtering template 24/96 segment 5/5
2026-09-06T21:26:42.309+01:00 INFO : 2 points above threshold
2026-09-06T21:26:42.318+01:00 INFO : 24: generating IMRPhenomD from 30.0 Hz
2026-09-06T21:26:42.321+01:00 INFO : Decompressing waveform using inline_linear
2026-09-06T21:26:42.326+01:00 INFO : Filtering template 25/96 segment 1/5
2026-09-06T21:26:42.377+01:00 INFO : 2 points above threshold
2026-09-06T21:26:42.399+01:00 INFO : Filtering template 25/96 segment 2/5
2026-09-06T21:26:42.440+01:00 INFO : Filtering template 25/96 segment 3/5
2026-09-06T21:26:42.480+01:00 INFO : Filtering template 25/96 segment 4/5
2026-09-06T21:26:42.521+01:00 INFO : Filtering template 25/96 segment 5/5
2026-09-06T21:26:42.563+01:00 INFO : 25: generating IMRPhenomD from 30.0 Hz
2026-09-06T21:26:42.565+01:00 INFO : Decompressing waveform using inline_linear
2026-09-06T21:26:42.571+01:00 INFO : Filtering template 26/96 segment 1/5
2026-09-06T21:26:42.622+01:00 INFO : Filtering template 26/96 segment 2/5
2026-09-06T21:26:42.662+01:00 INFO : 2 points above threshold
2026-09-06T21:26:42.684+01:00 INFO : Filtering template 26/96 segment 3/5
2026-09-06T21:26:42.725+01:00 INFO : Filtering template 26/96 segment 4/5
2026-09-06T21:26:42.766+01:00 INFO : 2 points above threshold
2026-09-06T21:26:42.774+01:00 INFO : Filtering template 26/96 segment 5/5
2026-09-06T21:26:42.815+01:00 INFO : 2 points above threshold
2026-09-06T21:26:42.824+01:00 INFO : 26: generating IMRPhenomD from 30.0 Hz
2026-09-06T21:26:42.827+01:00 INFO : Decompressing waveform using inline_linear
2026-09-06T21:26:42.832+01:00 INFO : Filtering template 27/96 segment 1/5
2026-09-06T21:26:42.883+01:00 INFO : 3 points above threshold
2026-09-06T21:26:42.910+01:00 INFO : Filtering template 27/96 segment 2/5
2026-09-06T21:26:42.951+01:00 INFO : Filtering template 27/96 segment 3/5
2026-09-06T21:26:42.991+01:00 INFO : 1 points above threshold
2026-09-06T21:26:42.998+01:00 INFO : Filtering template 27/96 segment 4/5
2026-09-06T21:26:43.039+01:00 INFO : Filtering template 27/96 segment 5/5
2026-09-06T21:26:43.080+01:00 INFO : 27: generating IMRPhenomD from 30.0 Hz
2026-09-06T21:26:43.083+01:00 INFO : Decompressing waveform using inline_linear
2026-09-06T21:26:43.089+01:00 INFO : Filtering template 28/96 segment 1/5
2026-09-06T21:26:43.140+01:00 INFO : 3 points above threshold
2026-09-06T21:26:43.163+01:00 INFO : Filtering template 28/96 segment 2/5
2026-09-06T21:26:43.204+01:00 INFO : 1 points above threshold
2026-09-06T21:26:43.211+01:00 INFO : Filtering template 28/96 segment 3/5
2026-09-06T21:26:43.252+01:00 INFO : 2 points above threshold
2026-09-06T21:26:43.261+01:00 INFO : Filtering template 28/96 segment 4/5
2026-09-06T21:26:43.301+01:00 INFO : 1 points above threshold
2026-09-06T21:26:43.308+01:00 INFO : Filtering template 28/96 segment 5/5
2026-09-06T21:26:43.349+01:00 INFO : 28: generating IMRPhenomD from 30.0 Hz
2026-09-06T21:26:43.352+01:00 INFO : Decompressing waveform using inline_linear
2026-09-06T21:26:43.357+01:00 INFO : Filtering template 29/96 segment 1/5
2026-09-06T21:26:43.408+01:00 INFO : 2 points above threshold
2026-09-06T21:26:43.430+01:00 INFO : Filtering template 29/96 segment 2/5
2026-09-06T21:26:43.471+01:00 INFO : 2 points above threshold
2026-09-06T21:26:43.480+01:00 INFO : Filtering template 29/96 segment 3/5
2026-09-06T21:26:43.521+01:00 INFO : 1 points above threshold
2026-09-06T21:26:43.528+01:00 INFO : Filtering template 29/96 segment 4/5
2026-09-06T21:26:43.568+01:00 INFO : 2 points above threshold
2026-09-06T21:26:43.577+01:00 INFO : Filtering template 29/96 segment 5/5
2026-09-06T21:26:43.618+01:00 INFO : 2 points above threshold
2026-09-06T21:26:43.627+01:00 INFO : 29: generating IMRPhenomD from 30.0 Hz
2026-09-06T21:26:43.630+01:00 INFO : Decompressing waveform using inline_linear
2026-09-06T21:26:43.635+01:00 INFO : Filtering template 30/96 segment 1/5
2026-09-06T21:26:43.686+01:00 INFO : 1 points above threshold
2026-09-06T21:26:43.706+01:00 INFO : Filtering template 30/96 segment 2/5
2026-09-06T21:26:43.747+01:00 INFO : 1 points above threshold
2026-09-06T21:26:43.754+01:00 INFO : Filtering template 30/96 segment 3/5
2026-09-06T21:26:43.795+01:00 INFO : 1 points above threshold
2026-09-06T21:26:43.801+01:00 INFO : Filtering template 30/96 segment 4/5
2026-09-06T21:26:43.842+01:00 INFO : Filtering template 30/96 segment 5/5
2026-09-06T21:26:43.884+01:00 INFO : 30: generating IMRPhenomD from 30.0 Hz
2026-09-06T21:26:43.887+01:00 INFO : Decompressing waveform using inline_linear
2026-09-06T21:26:43.892+01:00 INFO : Filtering template 31/96 segment 1/5
2026-09-06T21:26:43.943+01:00 INFO : Filtering template 31/96 segment 2/5
2026-09-06T21:26:43.984+01:00 INFO : 1 points above threshold
2026-09-06T21:26:44.003+01:00 INFO : Filtering template 31/96 segment 3/5
2026-09-06T21:26:44.044+01:00 INFO : Filtering template 31/96 segment 4/5
2026-09-06T21:26:44.085+01:00 INFO : 1 points above threshold
2026-09-06T21:26:44.092+01:00 INFO : Filtering template 31/96 segment 5/5
2026-09-06T21:26:44.133+01:00 INFO : 1 points above threshold
2026-09-06T21:26:44.141+01:00 INFO : 31: generating IMRPhenomD from 30.0 Hz
2026-09-06T21:26:44.144+01:00 INFO : Decompressing waveform using inline_linear
2026-09-06T21:26:44.149+01:00 INFO : Filtering template 32/96 segment 1/5
2026-09-06T21:26:44.200+01:00 INFO : Filtering template 32/96 segment 2/5
2026-09-06T21:26:44.241+01:00 INFO : Filtering template 32/96 segment 3/5
2026-09-06T21:26:44.282+01:00 INFO : Filtering template 32/96 segment 4/5
2026-09-06T21:26:44.323+01:00 INFO : 3 points above threshold
2026-09-06T21:26:44.347+01:00 INFO : Filtering template 32/96 segment 5/5
2026-09-06T21:26:44.387+01:00 INFO : 2 points above threshold
2026-09-06T21:26:44.397+01:00 INFO : 32: generating IMRPhenomD from 30.0 Hz
2026-09-06T21:26:44.399+01:00 INFO : Decompressing waveform using inline_linear
2026-09-06T21:26:44.405+01:00 INFO : Filtering template 33/96 segment 1/5
2026-09-06T21:26:44.456+01:00 INFO : 2 points above threshold
2026-09-06T21:26:44.477+01:00 INFO : Filtering template 33/96 segment 2/5
2026-09-06T21:26:44.518+01:00 INFO : Filtering template 33/96 segment 3/5
2026-09-06T21:26:44.559+01:00 INFO : Filtering template 33/96 segment 4/5
2026-09-06T21:26:44.600+01:00 INFO : 1 points above threshold
2026-09-06T21:26:44.607+01:00 INFO : Filtering template 33/96 segment 5/5
2026-09-06T21:26:44.648+01:00 INFO : 33: generating IMRPhenomD from 30.0 Hz
2026-09-06T21:26:44.651+01:00 INFO : Decompressing waveform using inline_linear
2026-09-06T21:26:44.656+01:00 INFO : Filtering template 34/96 segment 1/5
2026-09-06T21:26:44.707+01:00 INFO : Filtering template 34/96 segment 2/5
2026-09-06T21:26:44.748+01:00 INFO : 1 points above threshold
2026-09-06T21:26:44.771+01:00 INFO : Filtering template 34/96 segment 3/5
2026-09-06T21:26:44.812+01:00 INFO : 1 points above threshold
2026-09-06T21:26:44.820+01:00 INFO : Filtering template 34/96 segment 4/5
2026-09-06T21:26:44.860+01:00 INFO : Filtering template 34/96 segment 5/5
2026-09-06T21:26:44.901+01:00 INFO : 1 points above threshold
2026-09-06T21:26:44.911+01:00 INFO : 34: generating IMRPhenomD from 30.0 Hz
2026-09-06T21:26:44.914+01:00 INFO : Decompressing waveform using inline_linear
2026-09-06T21:26:44.919+01:00 INFO : Filtering template 35/96 segment 1/5
2026-09-06T21:26:44.970+01:00 INFO : 1 points above threshold
2026-09-06T21:26:44.996+01:00 INFO : Filtering template 35/96 segment 2/5
2026-09-06T21:26:45.036+01:00 INFO : 1 points above threshold
2026-09-06T21:26:45.043+01:00 INFO : Filtering template 35/96 segment 3/5
2026-09-06T21:26:45.084+01:00 INFO : 1 points above threshold
2026-09-06T21:26:45.091+01:00 INFO : Filtering template 35/96 segment 4/5
2026-09-06T21:26:45.131+01:00 INFO : Filtering template 35/96 segment 5/5
2026-09-06T21:26:45.173+01:00 INFO : 35: generating IMRPhenomD from 30.0 Hz
2026-09-06T21:26:45.176+01:00 INFO : Decompressing waveform using inline_linear
2026-09-06T21:26:45.181+01:00 INFO : Filtering template 36/96 segment 1/5
2026-09-06T21:26:45.232+01:00 INFO : 3 points above threshold
2026-09-06T21:26:45.261+01:00 INFO : Filtering template 36/96 segment 2/5
2026-09-06T21:26:45.302+01:00 INFO : 1 points above threshold
2026-09-06T21:26:45.309+01:00 INFO : Filtering template 36/96 segment 3/5
2026-09-06T21:26:45.350+01:00 INFO : 2 points above threshold
2026-09-06T21:26:45.358+01:00 INFO : Filtering template 36/96 segment 4/5
2026-09-06T21:26:45.399+01:00 INFO : Filtering template 36/96 segment 5/5
2026-09-06T21:26:45.440+01:00 INFO : 1 points above threshold
2026-09-06T21:26:45.448+01:00 INFO : 36: generating IMRPhenomD from 30.0 Hz
2026-09-06T21:26:45.450+01:00 INFO : Decompressing waveform using inline_linear
2026-09-06T21:26:45.456+01:00 INFO : Filtering template 37/96 segment 1/5
2026-09-06T21:26:45.511+01:00 INFO : 2 points above threshold
2026-09-06T21:26:45.540+01:00 INFO : Filtering template 37/96 segment 2/5
2026-09-06T21:26:45.582+01:00 INFO : 3 points above threshold
2026-09-06T21:26:45.593+01:00 INFO : Filtering template 37/96 segment 3/5
2026-09-06T21:26:45.634+01:00 INFO : 1 points above threshold
2026-09-06T21:26:45.641+01:00 INFO : Filtering template 37/96 segment 4/5
2026-09-06T21:26:45.681+01:00 INFO : 3 points above threshold
2026-09-06T21:26:45.692+01:00 INFO : Filtering template 37/96 segment 5/5
2026-09-06T21:26:45.734+01:00 INFO : 37: generating IMRPhenomD from 30.0 Hz
2026-09-06T21:26:45.737+01:00 INFO : Decompressing waveform using inline_linear
2026-09-06T21:26:45.742+01:00 INFO : Filtering template 38/96 segment 1/5
2026-09-06T21:26:45.793+01:00 INFO : Filtering template 38/96 segment 2/5
2026-09-06T21:26:45.834+01:00 INFO : Filtering template 38/96 segment 3/5
2026-09-06T21:26:45.875+01:00 INFO : 1 points above threshold
2026-09-06T21:26:45.895+01:00 INFO : Filtering template 38/96 segment 4/5
2026-09-06T21:26:45.936+01:00 INFO : 1 points above threshold
2026-09-06T21:26:45.943+01:00 INFO : Filtering template 38/96 segment 5/5
2026-09-06T21:26:45.983+01:00 INFO : 1 points above threshold
2026-09-06T21:26:45.991+01:00 INFO : 38: generating IMRPhenomD from 30.0 Hz
2026-09-06T21:26:45.994+01:00 INFO : Decompressing waveform using inline_linear
2026-09-06T21:26:45.999+01:00 INFO : Filtering template 39/96 segment 1/5
2026-09-06T21:26:46.050+01:00 INFO : Filtering template 39/96 segment 2/5
2026-09-06T21:26:46.091+01:00 INFO : 2 points above threshold
2026-09-06T21:26:46.112+01:00 INFO : Filtering template 39/96 segment 3/5
2026-09-06T21:26:46.153+01:00 INFO : Filtering template 39/96 segment 4/5
2026-09-06T21:26:46.194+01:00 INFO : 2 points above threshold
2026-09-06T21:26:46.203+01:00 INFO : Filtering template 39/96 segment 5/5
2026-09-06T21:26:46.244+01:00 INFO : 39: generating IMRPhenomD from 30.0 Hz
2026-09-06T21:26:46.247+01:00 INFO : Decompressing waveform using inline_linear
2026-09-06T21:26:46.252+01:00 INFO : Filtering template 40/96 segment 1/5
2026-09-06T21:26:46.303+01:00 INFO : Filtering template 40/96 segment 2/5
2026-09-06T21:26:46.344+01:00 INFO : Filtering template 40/96 segment 3/5
2026-09-06T21:26:46.385+01:00 INFO : Filtering template 40/96 segment 4/5
2026-09-06T21:26:46.426+01:00 INFO : 2 points above threshold
2026-09-06T21:26:46.447+01:00 INFO : Filtering template 40/96 segment 5/5
2026-09-06T21:26:46.488+01:00 INFO : 40: generating IMRPhenomD from 30.0 Hz
2026-09-06T21:26:46.491+01:00 INFO : Decompressing waveform using inline_linear
2026-09-06T21:26:46.497+01:00 INFO : Filtering template 41/96 segment 1/5
2026-09-06T21:26:46.548+01:00 INFO : Filtering template 41/96 segment 2/5
2026-09-06T21:26:46.589+01:00 INFO : Filtering template 41/96 segment 3/5
2026-09-06T21:26:46.630+01:00 INFO : 2 points above threshold
2026-09-06T21:26:46.652+01:00 INFO : Filtering template 41/96 segment 4/5
2026-09-06T21:26:46.693+01:00 INFO : 2 points above threshold
2026-09-06T21:26:46.701+01:00 INFO : Filtering template 41/96 segment 5/5
2026-09-06T21:26:46.743+01:00 INFO : 41: generating IMRPhenomD from 30.0 Hz
2026-09-06T21:26:46.745+01:00 INFO : Decompressing waveform using inline_linear
2026-09-06T21:26:46.751+01:00 INFO : Filtering template 42/96 segment 1/5
2026-09-06T21:26:46.802+01:00 INFO : Filtering template 42/96 segment 2/5
2026-09-06T21:26:46.843+01:00 INFO : 1 points above threshold
2026-09-06T21:26:46.863+01:00 INFO : Filtering template 42/96 segment 3/5
2026-09-06T21:26:46.903+01:00 INFO : Filtering template 42/96 segment 4/5
2026-09-06T21:26:46.944+01:00 INFO : 1 points above threshold
2026-09-06T21:26:46.951+01:00 INFO : Filtering template 42/96 segment 5/5
2026-09-06T21:26:46.992+01:00 INFO : 1 points above threshold
2026-09-06T21:26:46.999+01:00 INFO : 42: generating IMRPhenomD from 30.0 Hz
2026-09-06T21:26:47.002+01:00 INFO : Decompressing waveform using inline_linear
2026-09-06T21:26:47.007+01:00 INFO : Filtering template 43/96 segment 1/5
2026-09-06T21:26:47.058+01:00 INFO : 1 points above threshold
2026-09-06T21:26:47.078+01:00 INFO : Filtering template 43/96 segment 2/5
2026-09-06T21:26:47.119+01:00 INFO : 2 points above threshold
2026-09-06T21:26:47.128+01:00 INFO : Filtering template 43/96 segment 3/5
2026-09-06T21:26:47.169+01:00 INFO : 1 points above threshold
2026-09-06T21:26:47.176+01:00 INFO : Filtering template 43/96 segment 4/5
2026-09-06T21:26:47.216+01:00 INFO : Filtering template 43/96 segment 5/5
2026-09-06T21:26:47.258+01:00 INFO : 43: generating IMRPhenomD from 30.0 Hz
2026-09-06T21:26:47.261+01:00 INFO : Decompressing waveform using inline_linear
2026-09-06T21:26:47.266+01:00 INFO : Filtering template 44/96 segment 1/5
2026-09-06T21:26:47.317+01:00 INFO : 1 points above threshold
2026-09-06T21:26:47.337+01:00 INFO : Filtering template 44/96 segment 2/5
2026-09-06T21:26:47.378+01:00 INFO : Filtering template 44/96 segment 3/5
2026-09-06T21:26:47.419+01:00 INFO : Filtering template 44/96 segment 4/5
2026-09-06T21:26:47.459+01:00 INFO : 1 points above threshold
2026-09-06T21:26:47.466+01:00 INFO : Filtering template 44/96 segment 5/5
2026-09-06T21:26:47.508+01:00 INFO : 44: generating IMRPhenomD from 30.0 Hz
2026-09-06T21:26:47.511+01:00 INFO : Decompressing waveform using inline_linear
2026-09-06T21:26:47.516+01:00 INFO : Filtering template 45/96 segment 1/5
2026-09-06T21:26:47.567+01:00 INFO : 2 points above threshold
2026-09-06T21:26:47.589+01:00 INFO : Filtering template 45/96 segment 2/5
2026-09-06T21:26:47.630+01:00 INFO : 1 points above threshold
2026-09-06T21:26:47.637+01:00 INFO : Filtering template 45/96 segment 3/5
2026-09-06T21:26:47.677+01:00 INFO : 1 points above threshold
2026-09-06T21:26:47.684+01:00 INFO : Filtering template 45/96 segment 4/5
2026-09-06T21:26:47.725+01:00 INFO : Filtering template 45/96 segment 5/5
2026-09-06T21:26:47.767+01:00 INFO : 45: generating IMRPhenomD from 30.0 Hz
2026-09-06T21:26:47.770+01:00 INFO : Decompressing waveform using inline_linear
2026-09-06T21:26:47.775+01:00 INFO : Filtering template 46/96 segment 1/5
2026-09-06T21:26:47.826+01:00 INFO : Filtering template 46/96 segment 2/5
2026-09-06T21:26:47.867+01:00 INFO : Filtering template 46/96 segment 3/5
2026-09-06T21:26:47.907+01:00 INFO : 1 points above threshold
2026-09-06T21:26:47.928+01:00 INFO : Filtering template 46/96 segment 4/5
2026-09-06T21:26:47.968+01:00 INFO : 3 points above threshold
2026-09-06T21:26:47.979+01:00 INFO : Filtering template 46/96 segment 5/5
2026-09-06T21:26:48.020+01:00 INFO : 1 points above threshold
2026-09-06T21:26:48.027+01:00 INFO : 46: generating IMRPhenomD from 30.0 Hz
2026-09-06T21:26:48.030+01:00 INFO : Decompressing waveform using inline_linear
2026-09-06T21:26:48.035+01:00 INFO : Filtering template 47/96 segment 1/5
2026-09-06T21:26:48.086+01:00 INFO : 3 points above threshold
2026-09-06T21:26:48.116+01:00 INFO : Filtering template 47/96 segment 2/5
2026-09-06T21:26:48.156+01:00 INFO : Filtering template 47/96 segment 3/5
2026-09-06T21:26:48.197+01:00 INFO : 2 points above threshold
2026-09-06T21:26:48.206+01:00 INFO : Filtering template 47/96 segment 4/5
2026-09-06T21:26:48.246+01:00 INFO : 1 points above threshold
2026-09-06T21:26:48.253+01:00 INFO : Filtering template 47/96 segment 5/5
2026-09-06T21:26:48.294+01:00 INFO : 1 points above threshold
2026-09-06T21:26:48.301+01:00 INFO : 47: generating IMRPhenomD from 30.0 Hz
2026-09-06T21:26:48.304+01:00 INFO : Decompressing waveform using inline_linear
2026-09-06T21:26:48.309+01:00 INFO : Filtering template 48/96 segment 1/5
2026-09-06T21:26:48.361+01:00 INFO : 3 points above threshold
2026-09-06T21:26:48.390+01:00 INFO : Filtering template 48/96 segment 2/5
2026-09-06T21:26:48.431+01:00 INFO : 1 points above threshold
2026-09-06T21:26:48.438+01:00 INFO : Filtering template 48/96 segment 3/5
2026-09-06T21:26:48.478+01:00 INFO : 1 points above threshold
2026-09-06T21:26:48.485+01:00 INFO : Filtering template 48/96 segment 4/5
2026-09-06T21:26:48.526+01:00 INFO : 2 points above threshold
2026-09-06T21:26:48.535+01:00 INFO : Filtering template 48/96 segment 5/5
2026-09-06T21:26:48.575+01:00 INFO : 1 points above threshold
2026-09-06T21:26:48.583+01:00 INFO : 48: generating IMRPhenomD from 30.0 Hz
2026-09-06T21:26:48.585+01:00 INFO : Decompressing waveform using inline_linear
2026-09-06T21:26:48.591+01:00 INFO : Filtering template 49/96 segment 1/5
2026-09-06T21:26:48.642+01:00 INFO : 1 points above threshold
2026-09-06T21:26:48.662+01:00 INFO : Filtering template 49/96 segment 2/5
2026-09-06T21:26:48.703+01:00 INFO : 1 points above threshold
2026-09-06T21:26:48.709+01:00 INFO : Filtering template 49/96 segment 3/5
2026-09-06T21:26:48.750+01:00 INFO : 2 points above threshold
2026-09-06T21:26:48.759+01:00 INFO : Filtering template 49/96 segment 4/5
2026-09-06T21:26:48.800+01:00 INFO : Filtering template 49/96 segment 5/5
2026-09-06T21:26:48.841+01:00 INFO : 49: generating IMRPhenomD from 30.0 Hz
2026-09-06T21:26:48.844+01:00 INFO : Decompressing waveform using inline_linear
2026-09-06T21:26:48.849+01:00 INFO : Filtering template 50/96 segment 1/5
2026-09-06T21:26:48.900+01:00 INFO : Filtering template 50/96 segment 2/5
2026-09-06T21:26:48.941+01:00 INFO : 2 points above threshold
2026-09-06T21:26:48.963+01:00 INFO : Filtering template 50/96 segment 3/5
2026-09-06T21:26:49.004+01:00 INFO : 4 points above threshold
2026-09-06T21:26:49.014+01:00 INFO : Filtering template 50/96 segment 4/5
2026-09-06T21:26:49.055+01:00 INFO : 2 points above threshold
2026-09-06T21:26:49.064+01:00 INFO : Filtering template 50/96 segment 5/5
2026-09-06T21:26:49.105+01:00 INFO : 50: generating IMRPhenomD from 30.0 Hz
2026-09-06T21:26:49.108+01:00 INFO : Decompressing waveform using inline_linear
2026-09-06T21:26:49.113+01:00 INFO : Filtering template 51/96 segment 1/5
2026-09-06T21:26:49.164+01:00 INFO : 1 points above threshold
2026-09-06T21:26:49.184+01:00 INFO : Filtering template 51/96 segment 2/5
2026-09-06T21:26:49.225+01:00 INFO : 1 points above threshold
2026-09-06T21:26:49.232+01:00 INFO : Filtering template 51/96 segment 3/5
2026-09-06T21:26:49.273+01:00 INFO : Filtering template 51/96 segment 4/5
2026-09-06T21:26:49.314+01:00 INFO : 1 points above threshold
2026-09-06T21:26:49.320+01:00 INFO : Filtering template 51/96 segment 5/5
2026-09-06T21:26:49.361+01:00 INFO : 2 points above threshold
2026-09-06T21:26:49.370+01:00 INFO : 51: generating IMRPhenomD from 30.0 Hz
2026-09-06T21:26:49.373+01:00 INFO : Decompressing waveform using inline_linear
2026-09-06T21:26:49.378+01:00 INFO : Filtering template 52/96 segment 1/5
2026-09-06T21:26:49.429+01:00 INFO : 1 points above threshold
2026-09-06T21:26:49.449+01:00 INFO : Filtering template 52/96 segment 2/5
2026-09-06T21:26:49.490+01:00 INFO : 1 points above threshold
2026-09-06T21:26:49.497+01:00 INFO : Filtering template 52/96 segment 3/5
2026-09-06T21:26:49.538+01:00 INFO : Filtering template 52/96 segment 4/5
2026-09-06T21:26:49.579+01:00 INFO : 3 points above threshold
2026-09-06T21:26:49.589+01:00 INFO : Filtering template 52/96 segment 5/5
2026-09-06T21:26:49.630+01:00 INFO : 1 points above threshold
2026-09-06T21:26:49.637+01:00 INFO : 52: generating IMRPhenomD from 30.0 Hz
2026-09-06T21:26:49.640+01:00 INFO : Decompressing waveform using inline_linear
2026-09-06T21:26:49.645+01:00 INFO : Filtering template 53/96 segment 1/5
2026-09-06T21:26:49.696+01:00 INFO : 3 points above threshold
2026-09-06T21:26:49.720+01:00 INFO : Filtering template 53/96 segment 2/5
2026-09-06T21:26:49.761+01:00 INFO : 2 points above threshold
2026-09-06T21:26:49.770+01:00 INFO : Filtering template 53/96 segment 3/5
2026-09-06T21:26:49.810+01:00 INFO : 2 points above threshold
2026-09-06T21:26:49.819+01:00 INFO : Filtering template 53/96 segment 4/5
2026-09-06T21:26:49.860+01:00 INFO : 1 points above threshold
2026-09-06T21:26:49.867+01:00 INFO : Filtering template 53/96 segment 5/5
2026-09-06T21:26:49.908+01:00 INFO : 1 points above threshold
2026-09-06T21:26:49.915+01:00 INFO : 53: generating IMRPhenomD from 30.0 Hz
2026-09-06T21:26:49.918+01:00 INFO : Decompressing waveform using inline_linear
2026-09-06T21:26:49.923+01:00 INFO : Filtering template 54/96 segment 1/5
2026-09-06T21:26:49.974+01:00 INFO : Filtering template 54/96 segment 2/5
2026-09-06T21:26:50.015+01:00 INFO : Filtering template 54/96 segment 3/5
2026-09-06T21:26:50.056+01:00 INFO : 2 points above threshold
2026-09-06T21:26:50.078+01:00 INFO : Filtering template 54/96 segment 4/5
2026-09-06T21:26:50.119+01:00 INFO : 5 points above threshold
2026-09-06T21:26:50.132+01:00 INFO : Filtering template 54/96 segment 5/5
2026-09-06T21:26:50.173+01:00 INFO : 54: generating IMRPhenomD from 30.0 Hz
2026-09-06T21:26:50.176+01:00 INFO : Decompressing waveform using inline_linear
2026-09-06T21:26:50.181+01:00 INFO : Filtering template 55/96 segment 1/5
2026-09-06T21:26:50.233+01:00 INFO : Filtering template 55/96 segment 2/5
2026-09-06T21:26:50.273+01:00 INFO : 1 points above threshold
2026-09-06T21:26:50.293+01:00 INFO : Filtering template 55/96 segment 3/5
2026-09-06T21:26:50.334+01:00 INFO : 3 points above threshold
2026-09-06T21:26:50.345+01:00 INFO : Filtering template 55/96 segment 4/5
2026-09-06T21:26:50.385+01:00 INFO : 1 points above threshold
2026-09-06T21:26:50.392+01:00 INFO : Filtering template 55/96 segment 5/5
2026-09-06T21:26:50.433+01:00 INFO : 1 points above threshold
2026-09-06T21:26:50.440+01:00 INFO : 55: generating IMRPhenomD from 30.0 Hz
2026-09-06T21:26:50.443+01:00 INFO : Decompressing waveform using inline_linear
2026-09-06T21:26:50.448+01:00 INFO : Filtering template 56/96 segment 1/5
2026-09-06T21:26:50.499+01:00 INFO : 1 points above threshold
2026-09-06T21:26:50.520+01:00 INFO : Filtering template 56/96 segment 2/5
2026-09-06T21:26:50.562+01:00 INFO : 1 points above threshold
2026-09-06T21:26:50.569+01:00 INFO : Filtering template 56/96 segment 3/5
2026-09-06T21:26:50.612+01:00 INFO : 3 points above threshold
2026-09-06T21:26:50.624+01:00 INFO : Filtering template 56/96 segment 4/5
2026-09-06T21:26:50.668+01:00 INFO : Filtering template 56/96 segment 5/5
2026-09-06T21:26:50.709+01:00 INFO : 1 points above threshold
2026-09-06T21:26:50.717+01:00 INFO : 56: generating IMRPhenomD from 30.0 Hz
2026-09-06T21:26:50.720+01:00 INFO : Decompressing waveform using inline_linear
2026-09-06T21:26:50.725+01:00 INFO : Filtering template 57/96 segment 1/5
2026-09-06T21:26:50.776+01:00 INFO : 1 points above threshold
2026-09-06T21:26:50.796+01:00 INFO : Filtering template 57/96 segment 2/5
2026-09-06T21:26:50.837+01:00 INFO : 2 points above threshold
2026-09-06T21:26:50.846+01:00 INFO : Filtering template 57/96 segment 3/5
2026-09-06T21:26:50.886+01:00 INFO : 2 points above threshold
2026-09-06T21:26:50.895+01:00 INFO : Filtering template 57/96 segment 4/5
2026-09-06T21:26:50.936+01:00 INFO : 2 points above threshold
2026-09-06T21:26:50.946+01:00 INFO : Filtering template 57/96 segment 5/5
2026-09-06T21:26:50.987+01:00 INFO : 57: generating IMRPhenomD from 30.0 Hz
2026-09-06T21:26:50.990+01:00 INFO : Decompressing waveform using inline_linear
2026-09-06T21:26:50.996+01:00 INFO : Filtering template 58/96 segment 1/5
2026-09-06T21:26:51.047+01:00 INFO : 1 points above threshold
2026-09-06T21:26:51.066+01:00 INFO : Filtering template 58/96 segment 2/5
2026-09-06T21:26:51.107+01:00 INFO : 2 points above threshold
2026-09-06T21:26:51.116+01:00 INFO : Filtering template 58/96 segment 3/5
2026-09-06T21:26:51.157+01:00 INFO : 1 points above threshold
2026-09-06T21:26:51.164+01:00 INFO : Filtering template 58/96 segment 4/5
2026-09-06T21:26:51.204+01:00 INFO : 1 points above threshold
2026-09-06T21:26:51.211+01:00 INFO : Filtering template 58/96 segment 5/5
2026-09-06T21:26:51.252+01:00 INFO : 2 points above threshold
2026-09-06T21:26:51.261+01:00 INFO : 58: generating IMRPhenomD from 30.0 Hz
2026-09-06T21:26:51.264+01:00 INFO : Decompressing waveform using inline_linear
2026-09-06T21:26:51.269+01:00 INFO : Filtering template 59/96 segment 1/5
2026-09-06T21:26:51.321+01:00 INFO : 1 points above threshold
2026-09-06T21:26:51.340+01:00 INFO : Filtering template 59/96 segment 2/5
2026-09-06T21:26:51.381+01:00 INFO : 2 points above threshold
2026-09-06T21:26:51.390+01:00 INFO : Filtering template 59/96 segment 3/5
2026-09-06T21:26:51.430+01:00 INFO : 2 points above threshold
2026-09-06T21:26:51.439+01:00 INFO : Filtering template 59/96 segment 4/5
2026-09-06T21:26:51.480+01:00 INFO : 1 points above threshold
2026-09-06T21:26:51.487+01:00 INFO : Filtering template 59/96 segment 5/5
2026-09-06T21:26:51.528+01:00 INFO : 59: generating IMRPhenomD from 30.0 Hz
2026-09-06T21:26:51.531+01:00 INFO : Decompressing waveform using inline_linear
2026-09-06T21:26:51.536+01:00 INFO : Filtering template 60/96 segment 1/5
2026-09-06T21:26:51.587+01:00 INFO : Filtering template 60/96 segment 2/5
2026-09-06T21:26:51.628+01:00 INFO : Filtering template 60/96 segment 3/5
2026-09-06T21:26:51.669+01:00 INFO : 1 points above threshold
2026-09-06T21:26:51.689+01:00 INFO : Filtering template 60/96 segment 4/5
2026-09-06T21:26:51.729+01:00 INFO : 2 points above threshold
2026-09-06T21:26:51.738+01:00 INFO : Filtering template 60/96 segment 5/5
2026-09-06T21:26:51.779+01:00 INFO : 60: generating IMRPhenomD from 30.0 Hz
2026-09-06T21:26:51.782+01:00 INFO : Decompressing waveform using inline_linear
2026-09-06T21:26:51.787+01:00 INFO : Filtering template 61/96 segment 1/5
2026-09-06T21:26:51.838+01:00 INFO : Filtering template 61/96 segment 2/5
2026-09-06T21:26:51.880+01:00 INFO : 2 points above threshold
2026-09-06T21:26:51.902+01:00 INFO : Filtering template 61/96 segment 3/5
2026-09-06T21:26:51.943+01:00 INFO : 1 points above threshold
2026-09-06T21:26:51.950+01:00 INFO : Filtering template 61/96 segment 4/5
2026-09-06T21:26:51.990+01:00 INFO : 1 points above threshold
2026-09-06T21:26:51.997+01:00 INFO : Filtering template 61/96 segment 5/5
2026-09-06T21:26:52.039+01:00 INFO : 61: generating IMRPhenomD from 30.0 Hz
2026-09-06T21:26:52.042+01:00 INFO : Decompressing waveform using inline_linear
2026-09-06T21:26:52.047+01:00 INFO : Filtering template 62/96 segment 1/5
2026-09-06T21:26:52.098+01:00 INFO : 2 points above threshold
2026-09-06T21:26:52.120+01:00 INFO : Filtering template 62/96 segment 2/5
2026-09-06T21:26:52.160+01:00 INFO : Filtering template 62/96 segment 3/5
2026-09-06T21:26:52.201+01:00 INFO : Filtering template 62/96 segment 4/5
2026-09-06T21:26:52.242+01:00 INFO : 5 points above threshold
2026-09-06T21:26:52.256+01:00 INFO : Filtering template 62/96 segment 5/5
2026-09-06T21:26:52.297+01:00 INFO : 62: generating IMRPhenomD from 30.0 Hz
2026-09-06T21:26:52.299+01:00 INFO : Decompressing waveform using inline_linear
2026-09-06T21:26:52.305+01:00 INFO : Filtering template 63/96 segment 1/5
2026-09-06T21:26:52.356+01:00 INFO : Filtering template 63/96 segment 2/5
2026-09-06T21:26:52.397+01:00 INFO : 1 points above threshold
2026-09-06T21:26:52.416+01:00 INFO : Filtering template 63/96 segment 3/5
2026-09-06T21:26:52.457+01:00 INFO : 2 points above threshold
2026-09-06T21:26:52.466+01:00 INFO : Filtering template 63/96 segment 4/5
2026-09-06T21:26:52.506+01:00 INFO : 1 points above threshold
2026-09-06T21:26:52.513+01:00 INFO : Filtering template 63/96 segment 5/5
2026-09-06T21:26:52.554+01:00 INFO : 1 points above threshold
2026-09-06T21:26:52.561+01:00 INFO : 63: generating IMRPhenomD from 30.0 Hz
2026-09-06T21:26:52.564+01:00 INFO : Decompressing waveform using inline_linear
2026-09-06T21:26:52.569+01:00 INFO : Filtering template 64/96 segment 1/5
2026-09-06T21:26:52.620+01:00 INFO : 2 points above threshold
2026-09-06T21:26:52.642+01:00 INFO : Filtering template 64/96 segment 2/5
2026-09-06T21:26:52.683+01:00 INFO : 1 points above threshold
2026-09-06T21:26:52.689+01:00 INFO : Filtering template 64/96 segment 3/5
2026-09-06T21:26:52.730+01:00 INFO : Filtering template 64/96 segment 4/5
2026-09-06T21:26:52.771+01:00 INFO : Filtering template 64/96 segment 5/5
2026-09-06T21:26:52.812+01:00 INFO : 64: generating IMRPhenomD from 30.0 Hz
2026-09-06T21:26:52.815+01:00 INFO : Decompressing waveform using inline_linear
2026-09-06T21:26:52.820+01:00 INFO : Filtering template 65/96 segment 1/5
2026-09-06T21:26:52.871+01:00 INFO : 2 points above threshold
2026-09-06T21:26:52.893+01:00 INFO : Filtering template 65/96 segment 2/5
2026-09-06T21:26:52.934+01:00 INFO : 2 points above threshold
2026-09-06T21:26:52.943+01:00 INFO : Filtering template 65/96 segment 3/5
2026-09-06T21:26:52.983+01:00 INFO : 1 points above threshold
2026-09-06T21:26:52.993+01:00 INFO : Filtering template 65/96 segment 4/5
2026-09-06T21:26:53.034+01:00 INFO : 2 points above threshold
2026-09-06T21:26:53.042+01:00 INFO : Filtering template 65/96 segment 5/5
2026-09-06T21:26:53.084+01:00 INFO : 65: generating IMRPhenomD from 30.0 Hz
2026-09-06T21:26:53.086+01:00 INFO : Decompressing waveform using inline_linear
2026-09-06T21:26:53.092+01:00 INFO : Filtering template 66/96 segment 1/5
2026-09-06T21:26:53.143+01:00 INFO : 1 points above threshold
2026-09-06T21:26:53.163+01:00 INFO : Filtering template 66/96 segment 2/5
2026-09-06T21:26:53.203+01:00 INFO : 1 points above threshold
2026-09-06T21:26:53.210+01:00 INFO : Filtering template 66/96 segment 3/5
2026-09-06T21:26:53.251+01:00 INFO : 2 points above threshold
2026-09-06T21:26:53.260+01:00 INFO : Filtering template 66/96 segment 4/5
2026-09-06T21:26:53.300+01:00 INFO : 1 points above threshold
2026-09-06T21:26:53.307+01:00 INFO : Filtering template 66/96 segment 5/5
2026-09-06T21:26:53.348+01:00 INFO : 66: generating IMRPhenomD from 30.0 Hz
2026-09-06T21:26:53.351+01:00 INFO : Decompressing waveform using inline_linear
2026-09-06T21:26:53.356+01:00 INFO : Filtering template 67/96 segment 1/5
2026-09-06T21:26:53.407+01:00 INFO : 3 points above threshold
2026-09-06T21:26:53.431+01:00 INFO : Filtering template 67/96 segment 2/5
2026-09-06T21:26:53.472+01:00 INFO : Filtering template 67/96 segment 3/5
2026-09-06T21:26:53.513+01:00 INFO : 1 points above threshold
2026-09-06T21:26:53.519+01:00 INFO : Filtering template 67/96 segment 4/5
2026-09-06T21:26:53.560+01:00 INFO : Filtering template 67/96 segment 5/5
2026-09-06T21:26:53.601+01:00 INFO : 67: generating IMRPhenomD from 30.0 Hz
2026-09-06T21:26:53.604+01:00 INFO : Decompressing waveform using inline_linear
2026-09-06T21:26:53.609+01:00 INFO : Filtering template 68/96 segment 1/5
2026-09-06T21:26:53.660+01:00 INFO : 1 points above threshold
2026-09-06T21:26:53.680+01:00 INFO : Filtering template 68/96 segment 2/5
2026-09-06T21:26:53.720+01:00 INFO : 1 points above threshold
2026-09-06T21:26:53.727+01:00 INFO : Filtering template 68/96 segment 3/5
2026-09-06T21:26:53.768+01:00 INFO : 1 points above threshold
2026-09-06T21:26:53.775+01:00 INFO : Filtering template 68/96 segment 4/5
2026-09-06T21:26:53.815+01:00 INFO : 1 points above threshold
2026-09-06T21:26:53.822+01:00 INFO : Filtering template 68/96 segment 5/5
2026-09-06T21:26:53.863+01:00 INFO : 1 points above threshold
2026-09-06T21:26:53.870+01:00 INFO : 68: generating IMRPhenomD from 30.0 Hz
2026-09-06T21:26:53.873+01:00 INFO : Decompressing waveform using inline_linear
2026-09-06T21:26:53.878+01:00 INFO : Filtering template 69/96 segment 1/5
2026-09-06T21:26:53.929+01:00 INFO : Filtering template 69/96 segment 2/5
2026-09-06T21:26:53.970+01:00 INFO : Filtering template 69/96 segment 3/5
2026-09-06T21:26:54.011+01:00 INFO : 1 points above threshold
2026-09-06T21:26:54.037+01:00 INFO : Filtering template 69/96 segment 4/5
2026-09-06T21:26:54.078+01:00 INFO : 2 points above threshold
2026-09-06T21:26:54.087+01:00 INFO : Filtering template 69/96 segment 5/5
2026-09-06T21:26:54.128+01:00 INFO : 69: generating IMRPhenomD from 30.0 Hz
2026-09-06T21:26:54.131+01:00 INFO : Decompressing waveform using inline_linear
2026-09-06T21:26:54.136+01:00 INFO : Filtering template 70/96 segment 1/5
2026-09-06T21:26:54.187+01:00 INFO : 2 points above threshold
2026-09-06T21:26:54.214+01:00 INFO : Filtering template 70/96 segment 2/5
2026-09-06T21:26:54.255+01:00 INFO : 2 points above threshold
2026-09-06T21:26:54.263+01:00 INFO : Filtering template 70/96 segment 3/5
2026-09-06T21:26:54.304+01:00 INFO : Filtering template 70/96 segment 4/5
2026-09-06T21:26:54.345+01:00 INFO : 2 points above threshold
2026-09-06T21:26:54.354+01:00 INFO : Filtering template 70/96 segment 5/5
2026-09-06T21:26:54.395+01:00 INFO : 2 points above threshold
2026-09-06T21:26:54.404+01:00 INFO : 70: generating IMRPhenomD from 30.0 Hz
2026-09-06T21:26:54.406+01:00 INFO : Decompressing waveform using inline_linear
2026-09-06T21:26:54.412+01:00 INFO : Filtering template 71/96 segment 1/5
2026-09-06T21:26:54.463+01:00 INFO : Filtering template 71/96 segment 2/5
2026-09-06T21:26:54.504+01:00 INFO : 1 points above threshold
2026-09-06T21:26:54.523+01:00 INFO : Filtering template 71/96 segment 3/5
2026-09-06T21:26:54.564+01:00 INFO : 1 points above threshold
2026-09-06T21:26:54.571+01:00 INFO : Filtering template 71/96 segment 4/5
2026-09-06T21:26:54.611+01:00 INFO : 3 points above threshold
2026-09-06T21:26:54.622+01:00 INFO : Filtering template 71/96 segment 5/5
2026-09-06T21:26:54.664+01:00 INFO : 71: generating IMRPhenomD from 30.0 Hz
2026-09-06T21:26:54.666+01:00 INFO : Decompressing waveform using inline_linear
2026-09-06T21:26:54.672+01:00 INFO : Filtering template 72/96 segment 1/5
2026-09-06T21:26:54.723+01:00 INFO : 2 points above threshold
2026-09-06T21:26:54.744+01:00 INFO : Filtering template 72/96 segment 2/5
2026-09-06T21:26:54.787+01:00 INFO : 1 points above threshold
2026-09-06T21:26:54.794+01:00 INFO : Filtering template 72/96 segment 3/5
2026-09-06T21:26:54.834+01:00 INFO : 1 points above threshold
2026-09-06T21:26:54.841+01:00 INFO : Filtering template 72/96 segment 4/5
2026-09-06T21:26:54.882+01:00 INFO : 3 points above threshold
2026-09-06T21:26:54.893+01:00 INFO : Filtering template 72/96 segment 5/5
2026-09-06T21:26:54.933+01:00 INFO : 3 points above threshold
2026-09-06T21:26:54.945+01:00 INFO : 72: generating IMRPhenomD from 30.0 Hz
2026-09-06T21:26:54.948+01:00 INFO : Decompressing waveform using inline_linear
2026-09-06T21:26:54.953+01:00 INFO : Filtering template 73/96 segment 1/5
2026-09-06T21:26:55.004+01:00 INFO : 1 points above threshold
2026-09-06T21:26:55.023+01:00 INFO : Filtering template 73/96 segment 2/5
2026-09-06T21:26:55.064+01:00 INFO : 1 points above threshold
2026-09-06T21:26:55.071+01:00 INFO : Filtering template 73/96 segment 3/5
2026-09-06T21:26:55.112+01:00 INFO : 1 points above threshold
2026-09-06T21:26:55.120+01:00 INFO : Filtering template 73/96 segment 4/5
2026-09-06T21:26:55.160+01:00 INFO : Filtering template 73/96 segment 5/5
2026-09-06T21:26:55.201+01:00 INFO : 1 points above threshold
2026-09-06T21:26:55.209+01:00 INFO : 73: generating IMRPhenomD from 30.0 Hz
2026-09-06T21:26:55.212+01:00 INFO : Decompressing waveform using inline_linear
2026-09-06T21:26:55.217+01:00 INFO : Filtering template 74/96 segment 1/5
2026-09-06T21:26:55.268+01:00 INFO : 3 points above threshold
2026-09-06T21:26:55.292+01:00 INFO : Filtering template 74/96 segment 2/5
2026-09-06T21:26:55.332+01:00 INFO : 3 points above threshold
2026-09-06T21:26:55.343+01:00 INFO : Filtering template 74/96 segment 3/5
2026-09-06T21:26:55.384+01:00 INFO : Filtering template 74/96 segment 4/5
2026-09-06T21:26:55.425+01:00 INFO : 1 points above threshold
2026-09-06T21:26:55.431+01:00 INFO : Filtering template 74/96 segment 5/5
2026-09-06T21:26:55.472+01:00 INFO : 74: generating IMRPhenomD from 30.0 Hz
2026-09-06T21:26:55.475+01:00 INFO : Decompressing waveform using inline_linear
2026-09-06T21:26:55.480+01:00 INFO : Filtering template 75/96 segment 1/5
2026-09-06T21:26:55.532+01:00 INFO : Filtering template 75/96 segment 2/5
2026-09-06T21:26:55.573+01:00 INFO : 1 points above threshold
2026-09-06T21:26:55.592+01:00 INFO : Filtering template 75/96 segment 3/5
2026-09-06T21:26:55.633+01:00 INFO : 2 points above threshold
2026-09-06T21:26:55.642+01:00 INFO : Filtering template 75/96 segment 4/5
2026-09-06T21:26:55.691+01:00 INFO : Filtering template 75/96 segment 5/5
2026-09-06T21:26:55.736+01:00 INFO : 2 points above threshold
2026-09-06T21:26:55.747+01:00 INFO : 75: generating IMRPhenomD from 30.0 Hz
2026-09-06T21:26:55.750+01:00 INFO : Decompressing waveform using inline_linear
2026-09-06T21:26:55.755+01:00 INFO : Filtering template 76/96 segment 1/5
2026-09-06T21:26:55.807+01:00 INFO : 1 points above threshold
2026-09-06T21:26:55.827+01:00 INFO : Filtering template 76/96 segment 2/5
2026-09-06T21:26:55.868+01:00 INFO : Filtering template 76/96 segment 3/5
2026-09-06T21:26:55.908+01:00 INFO : 1 points above threshold
2026-09-06T21:26:55.915+01:00 INFO : Filtering template 76/96 segment 4/5
2026-09-06T21:26:55.956+01:00 INFO : Filtering template 76/96 segment 5/5
2026-09-06T21:26:55.997+01:00 INFO : 2 points above threshold
2026-09-06T21:26:56.006+01:00 INFO : 76: generating IMRPhenomD from 30.0 Hz
2026-09-06T21:26:56.009+01:00 INFO : Decompressing waveform using inline_linear
2026-09-06T21:26:56.014+01:00 INFO : Filtering template 77/96 segment 1/5
2026-09-06T21:26:56.065+01:00 INFO : Filtering template 77/96 segment 2/5
2026-09-06T21:26:56.106+01:00 INFO : 1 points above threshold
2026-09-06T21:26:56.126+01:00 INFO : Filtering template 77/96 segment 3/5
2026-09-06T21:26:56.167+01:00 INFO : Filtering template 77/96 segment 4/5
2026-09-06T21:26:56.207+01:00 INFO : 1 points above threshold
2026-09-06T21:26:56.214+01:00 INFO : Filtering template 77/96 segment 5/5
2026-09-06T21:26:56.255+01:00 INFO : 77: generating IMRPhenomD from 30.0 Hz
2026-09-06T21:26:56.258+01:00 INFO : Decompressing waveform using inline_linear
2026-09-06T21:26:56.263+01:00 INFO : Filtering template 78/96 segment 1/5
2026-09-06T21:26:56.314+01:00 INFO : Filtering template 78/96 segment 2/5
2026-09-06T21:26:56.355+01:00 INFO : Filtering template 78/96 segment 3/5
2026-09-06T21:26:56.396+01:00 INFO : Filtering template 78/96 segment 4/5
2026-09-06T21:26:56.437+01:00 INFO : 1 points above threshold
2026-09-06T21:26:56.457+01:00 INFO : Filtering template 78/96 segment 5/5
2026-09-06T21:26:56.498+01:00 INFO : 78: generating IMRPhenomD from 30.0 Hz
2026-09-06T21:26:56.501+01:00 INFO : Decompressing waveform using inline_linear
2026-09-06T21:26:56.506+01:00 INFO : Filtering template 79/96 segment 1/5
2026-09-06T21:26:56.557+01:00 INFO : 2 points above threshold
2026-09-06T21:26:56.578+01:00 INFO : Filtering template 79/96 segment 2/5
2026-09-06T21:26:56.619+01:00 INFO : Filtering template 79/96 segment 3/5
2026-09-06T21:26:56.660+01:00 INFO : 1 points above threshold
2026-09-06T21:26:56.667+01:00 INFO : Filtering template 79/96 segment 4/5
2026-09-06T21:26:56.707+01:00 INFO : 1 points above threshold
2026-09-06T21:26:56.714+01:00 INFO : Filtering template 79/96 segment 5/5
2026-09-06T21:26:56.755+01:00 INFO : 3 points above threshold
2026-09-06T21:26:56.766+01:00 INFO : 79: generating IMRPhenomD from 30.0 Hz
2026-09-06T21:26:56.769+01:00 INFO : Decompressing waveform using inline_linear
2026-09-06T21:26:56.774+01:00 INFO : Filtering template 80/96 segment 1/5
2026-09-06T21:26:56.825+01:00 INFO : 2 points above threshold
2026-09-06T21:26:56.847+01:00 INFO : Filtering template 80/96 segment 2/5
2026-09-06T21:26:56.888+01:00 INFO : 1 points above threshold
2026-09-06T21:26:56.895+01:00 INFO : Filtering template 80/96 segment 3/5
2026-09-06T21:26:56.935+01:00 INFO : 1 points above threshold
2026-09-06T21:26:56.942+01:00 INFO : Filtering template 80/96 segment 4/5
2026-09-06T21:26:56.983+01:00 INFO : Filtering template 80/96 segment 5/5
2026-09-06T21:26:57.024+01:00 INFO : 1 points above threshold
2026-09-06T21:26:57.032+01:00 INFO : 80: generating IMRPhenomD from 30.0 Hz
2026-09-06T21:26:57.034+01:00 INFO : Decompressing waveform using inline_linear
2026-09-06T21:26:57.040+01:00 INFO : Filtering template 81/96 segment 1/5
2026-09-06T21:26:57.091+01:00 INFO : 1 points above threshold
2026-09-06T21:26:57.110+01:00 INFO : Filtering template 81/96 segment 2/5
2026-09-06T21:26:57.151+01:00 INFO : 2 points above threshold
2026-09-06T21:26:57.160+01:00 INFO : Filtering template 81/96 segment 3/5
2026-09-06T21:26:57.201+01:00 INFO : 1 points above threshold
2026-09-06T21:26:57.208+01:00 INFO : Filtering template 81/96 segment 4/5
2026-09-06T21:26:57.248+01:00 INFO : Filtering template 81/96 segment 5/5
2026-09-06T21:26:57.289+01:00 INFO : 1 points above threshold
2026-09-06T21:26:57.297+01:00 INFO : 81: generating IMRPhenomD from 30.0 Hz
2026-09-06T21:26:57.299+01:00 INFO : Decompressing waveform using inline_linear
2026-09-06T21:26:57.305+01:00 INFO : Filtering template 82/96 segment 1/5
2026-09-06T21:26:57.356+01:00 INFO : Filtering template 82/96 segment 2/5
2026-09-06T21:26:57.396+01:00 INFO : 2 points above threshold
2026-09-06T21:26:57.418+01:00 INFO : Filtering template 82/96 segment 3/5
2026-09-06T21:26:57.459+01:00 INFO : 1 points above threshold
2026-09-06T21:26:57.466+01:00 INFO : Filtering template 82/96 segment 4/5
2026-09-06T21:26:57.506+01:00 INFO : Filtering template 82/96 segment 5/5
2026-09-06T21:26:57.548+01:00 INFO : 82: generating IMRPhenomD from 30.0 Hz
2026-09-06T21:26:57.551+01:00 INFO : Decompressing waveform using inline_linear
2026-09-06T21:26:57.556+01:00 INFO : Filtering template 83/96 segment 1/5
2026-09-06T21:26:57.607+01:00 INFO : 1 points above threshold
2026-09-06T21:26:57.626+01:00 INFO : Filtering template 83/96 segment 2/5
2026-09-06T21:26:57.667+01:00 INFO : 2 points above threshold
2026-09-06T21:26:57.676+01:00 INFO : Filtering template 83/96 segment 3/5
2026-09-06T21:26:57.716+01:00 INFO : 2 points above threshold
2026-09-06T21:26:57.725+01:00 INFO : Filtering template 83/96 segment 4/5
2026-09-06T21:26:57.766+01:00 INFO : 3 points above threshold
2026-09-06T21:26:57.776+01:00 INFO : Filtering template 83/96 segment 5/5
2026-09-06T21:26:57.817+01:00 INFO : 3 points above threshold
2026-09-06T21:26:57.828+01:00 INFO : 83: generating IMRPhenomD from 30.0 Hz
2026-09-06T21:26:57.831+01:00 INFO : Decompressing waveform using inline_linear
2026-09-06T21:26:57.836+01:00 INFO : Filtering template 84/96 segment 1/5
2026-09-06T21:26:57.888+01:00 INFO : Filtering template 84/96 segment 2/5
2026-09-06T21:26:57.928+01:00 INFO : Filtering template 84/96 segment 3/5
2026-09-06T21:26:57.969+01:00 INFO : 1 points above threshold
2026-09-06T21:26:57.989+01:00 INFO : Filtering template 84/96 segment 4/5
2026-09-06T21:26:58.030+01:00 INFO : 3 points above threshold
2026-09-06T21:26:58.041+01:00 INFO : Filtering template 84/96 segment 5/5
2026-09-06T21:26:58.082+01:00 INFO : 84: generating IMRPhenomD from 30.0 Hz
2026-09-06T21:26:58.085+01:00 INFO : Decompressing waveform using inline_linear
2026-09-06T21:26:58.090+01:00 INFO : Filtering template 85/96 segment 1/5
2026-09-06T21:26:58.141+01:00 INFO : 1 points above threshold
2026-09-06T21:26:58.161+01:00 INFO : Filtering template 85/96 segment 2/5
2026-09-06T21:26:58.202+01:00 INFO : 2 points above threshold
2026-09-06T21:26:58.211+01:00 INFO : Filtering template 85/96 segment 3/5
2026-09-06T21:26:58.252+01:00 INFO : 1 points above threshold
2026-09-06T21:26:58.259+01:00 INFO : Filtering template 85/96 segment 4/5
2026-09-06T21:26:58.299+01:00 INFO : 3 points above threshold
2026-09-06T21:26:58.310+01:00 INFO : Filtering template 85/96 segment 5/5
2026-09-06T21:26:58.351+01:00 INFO : 2 points above threshold
2026-09-06T21:26:58.360+01:00 INFO : 85: generating IMRPhenomD from 30.0 Hz
2026-09-06T21:26:58.363+01:00 INFO : Decompressing waveform using inline_linear
2026-09-06T21:26:58.368+01:00 INFO : Filtering template 86/96 segment 1/5
2026-09-06T21:26:58.419+01:00 INFO : 2 points above threshold
2026-09-06T21:26:58.441+01:00 INFO : Filtering template 86/96 segment 2/5
2026-09-06T21:26:58.482+01:00 INFO : 2 points above threshold
2026-09-06T21:26:58.490+01:00 INFO : Filtering template 86/96 segment 3/5
2026-09-06T21:26:58.531+01:00 INFO : 1 points above threshold
2026-09-06T21:26:58.538+01:00 INFO : Filtering template 86/96 segment 4/5
2026-09-06T21:26:58.578+01:00 INFO : 1 points above threshold
2026-09-06T21:26:58.585+01:00 INFO : Filtering template 86/96 segment 5/5
2026-09-06T21:26:58.626+01:00 INFO : 2 points above threshold
2026-09-06T21:26:58.667+01:00 INFO : 86: generating IMRPhenomD from 30.0 Hz
2026-09-06T21:26:58.670+01:00 INFO : Decompressing waveform using inline_linear
2026-09-06T21:26:58.676+01:00 INFO : Filtering template 87/96 segment 1/5
2026-09-06T21:26:58.734+01:00 INFO : 1 points above threshold
2026-09-06T21:26:58.754+01:00 INFO : Filtering template 87/96 segment 2/5
2026-09-06T21:26:58.794+01:00 INFO : 2 points above threshold
2026-09-06T21:26:58.803+01:00 INFO : Filtering template 87/96 segment 3/5
2026-09-06T21:26:58.843+01:00 INFO : 1 points above threshold
2026-09-06T21:26:58.850+01:00 INFO : Filtering template 87/96 segment 4/5
2026-09-06T21:26:58.891+01:00 INFO : 1 points above threshold
2026-09-06T21:26:58.898+01:00 INFO : Filtering template 87/96 segment 5/5
2026-09-06T21:26:58.939+01:00 INFO : 1 points above threshold
2026-09-06T21:26:58.946+01:00 INFO : 87: generating IMRPhenomD from 30.0 Hz
2026-09-06T21:26:58.949+01:00 INFO : Decompressing waveform using inline_linear
2026-09-06T21:26:58.954+01:00 INFO : Filtering template 88/96 segment 1/5
2026-09-06T21:26:59.005+01:00 INFO : 2 points above threshold
2026-09-06T21:26:59.027+01:00 INFO : Filtering template 88/96 segment 2/5
2026-09-06T21:26:59.068+01:00 INFO : 1 points above threshold
2026-09-06T21:26:59.074+01:00 INFO : Filtering template 88/96 segment 3/5
2026-09-06T21:26:59.115+01:00 INFO : Filtering template 88/96 segment 4/5
2026-09-06T21:26:59.156+01:00 INFO : Filtering template 88/96 segment 5/5
2026-09-06T21:26:59.197+01:00 INFO : 2 points above threshold
2026-09-06T21:26:59.206+01:00 INFO : 88: generating IMRPhenomD from 30.0 Hz
2026-09-06T21:26:59.209+01:00 INFO : Decompressing waveform using inline_linear
2026-09-06T21:26:59.214+01:00 INFO : Filtering template 89/96 segment 1/5
2026-09-06T21:26:59.264+01:00 INFO : 2 points above threshold
2026-09-06T21:26:59.286+01:00 INFO : Filtering template 89/96 segment 2/5
2026-09-06T21:26:59.327+01:00 INFO : 1 points above threshold
2026-09-06T21:26:59.334+01:00 INFO : Filtering template 89/96 segment 3/5
2026-09-06T21:26:59.374+01:00 INFO : 2 points above threshold
2026-09-06T21:26:59.383+01:00 INFO : Filtering template 89/96 segment 4/5
2026-09-06T21:26:59.424+01:00 INFO : Filtering template 89/96 segment 5/5
2026-09-06T21:26:59.465+01:00 INFO : 89: generating IMRPhenomD from 30.0 Hz
2026-09-06T21:26:59.468+01:00 INFO : Decompressing waveform using inline_linear
2026-09-06T21:26:59.473+01:00 INFO : Filtering template 90/96 segment 1/5
2026-09-06T21:26:59.524+01:00 INFO : Filtering template 90/96 segment 2/5
2026-09-06T21:26:59.565+01:00 INFO : 1 points above threshold
2026-09-06T21:26:59.585+01:00 INFO : Filtering template 90/96 segment 3/5
2026-09-06T21:26:59.625+01:00 INFO : 3 points above threshold
2026-09-06T21:26:59.636+01:00 INFO : Filtering template 90/96 segment 4/5
2026-09-06T21:26:59.677+01:00 INFO : Filtering template 90/96 segment 5/5
2026-09-06T21:26:59.718+01:00 INFO : 1 points above threshold
2026-09-06T21:26:59.725+01:00 INFO : 90: generating IMRPhenomD from 30.0 Hz
2026-09-06T21:26:59.728+01:00 INFO : Decompressing waveform using inline_linear
2026-09-06T21:26:59.733+01:00 INFO : Filtering template 91/96 segment 1/5
2026-09-06T21:26:59.784+01:00 INFO : Filtering template 91/96 segment 2/5
2026-09-06T21:26:59.824+01:00 INFO : 2 points above threshold
2026-09-06T21:26:59.846+01:00 INFO : Filtering template 91/96 segment 3/5
2026-09-06T21:26:59.887+01:00 INFO : 3 points above threshold
2026-09-06T21:26:59.898+01:00 INFO : Filtering template 91/96 segment 4/5
2026-09-06T21:26:59.939+01:00 INFO : Filtering template 91/96 segment 5/5
2026-09-06T21:26:59.980+01:00 INFO : 1 points above threshold
2026-09-06T21:26:59.987+01:00 INFO : 91: generating IMRPhenomD from 30.0 Hz
2026-09-06T21:26:59.990+01:00 INFO : Decompressing waveform using inline_linear
2026-09-06T21:26:59.995+01:00 INFO : Filtering template 92/96 segment 1/5
2026-09-06T21:27:00.046+01:00 INFO : 2 points above threshold
2026-09-06T21:27:00.068+01:00 INFO : Filtering template 92/96 segment 2/5
2026-09-06T21:27:00.109+01:00 INFO : 1 points above threshold
2026-09-06T21:27:00.116+01:00 INFO : Filtering template 92/96 segment 3/5
2026-09-06T21:27:00.157+01:00 INFO : 2 points above threshold
2026-09-06T21:27:00.165+01:00 INFO : Filtering template 92/96 segment 4/5
2026-09-06T21:27:00.206+01:00 INFO : 1 points above threshold
2026-09-06T21:27:00.213+01:00 INFO : Filtering template 92/96 segment 5/5
2026-09-06T21:27:00.254+01:00 INFO : 1 points above threshold
2026-09-06T21:27:00.261+01:00 INFO : 92: generating IMRPhenomD from 30.0 Hz
2026-09-06T21:27:00.264+01:00 INFO : Decompressing waveform using inline_linear
2026-09-06T21:27:00.269+01:00 INFO : Filtering template 93/96 segment 1/5
2026-09-06T21:27:00.320+01:00 INFO : Filtering template 93/96 segment 2/5
2026-09-06T21:27:00.361+01:00 INFO : 3 points above threshold
2026-09-06T21:27:00.384+01:00 INFO : Filtering template 93/96 segment 3/5
2026-09-06T21:27:00.425+01:00 INFO : 3 points above threshold
2026-09-06T21:27:00.436+01:00 INFO : Filtering template 93/96 segment 4/5
2026-09-06T21:27:00.476+01:00 INFO : 1 points above threshold
2026-09-06T21:27:00.483+01:00 INFO : Filtering template 93/96 segment 5/5
2026-09-06T21:27:00.524+01:00 INFO : 1 points above threshold
2026-09-06T21:27:00.531+01:00 INFO : 93: generating IMRPhenomD from 30.0 Hz
2026-09-06T21:27:00.534+01:00 INFO : Decompressing waveform using inline_linear
2026-09-06T21:27:00.539+01:00 INFO : Filtering template 94/96 segment 1/5
2026-09-06T21:27:00.590+01:00 INFO : 1 points above threshold
2026-09-06T21:27:00.616+01:00 INFO : Filtering template 94/96 segment 2/5
2026-09-06T21:27:00.657+01:00 INFO : 2 points above threshold
2026-09-06T21:27:00.666+01:00 INFO : Filtering template 94/96 segment 3/5
2026-09-06T21:27:00.706+01:00 INFO : 4 points above threshold
2026-09-06T21:27:00.716+01:00 INFO : Filtering template 94/96 segment 4/5
2026-09-06T21:27:00.758+01:00 INFO : Filtering template 94/96 segment 5/5
2026-09-06T21:27:00.806+01:00 INFO : 2 points above threshold
2026-09-06T21:27:00.816+01:00 INFO : 94: generating IMRPhenomD from 30.0 Hz
2026-09-06T21:27:00.819+01:00 INFO : Decompressing waveform using inline_linear
2026-09-06T21:27:00.825+01:00 INFO : Filtering template 95/96 segment 1/5
2026-09-06T21:27:00.883+01:00 INFO : 3 points above threshold
2026-09-06T21:27:00.913+01:00 INFO : Filtering template 95/96 segment 2/5
2026-09-06T21:27:00.953+01:00 INFO : 2 points above threshold
2026-09-06T21:27:00.962+01:00 INFO : Filtering template 95/96 segment 3/5
2026-09-06T21:27:01.003+01:00 INFO : 2 points above threshold
2026-09-06T21:27:01.012+01:00 INFO : Filtering template 95/96 segment 4/5
2026-09-06T21:27:01.053+01:00 INFO : 1 points above threshold
2026-09-06T21:27:01.059+01:00 INFO : Filtering template 95/96 segment 5/5
2026-09-06T21:27:01.101+01:00 INFO : 95: generating IMRPhenomD from 30.0 Hz
2026-09-06T21:27:01.104+01:00 INFO : Decompressing waveform using inline_linear
2026-09-06T21:27:01.109+01:00 INFO : Filtering template 96/96 segment 1/5
2026-09-06T21:27:01.160+01:00 INFO : 2 points above threshold
2026-09-06T21:27:01.182+01:00 INFO : Filtering template 96/96 segment 2/5
2026-09-06T21:27:01.223+01:00 INFO : Filtering template 96/96 segment 3/5
2026-09-06T21:27:01.263+01:00 INFO : Filtering template 96/96 segment 4/5
2026-09-06T21:27:01.304+01:00 INFO : 1 points above threshold
2026-09-06T21:27:01.311+01:00 INFO : Filtering template 96/96 segment 5/5
2026-09-06T21:27:01.352+01:00 INFO : We currently have 527 triggers
2026-09-06T21:27:01.352+01:00 INFO : Removing triggers with NewSNR below threshold
2026-09-06T21:27:01.352+01:00 INFO : 475 remaining triggers
2026-09-06T21:27:01.353+01:00 INFO : Outputting 475 triggers
2026-09-06T21:27:01.353+01:00 INFO : Writing out triggers
2026-09-06T21:27:01.365+01:00 INFO : Finished
