2026-09-06T18:03:17.904+01:00 INFO : Running with CPU support: 1 threads
2026-09-06T18:03:17.904+01:00 INFO : Reading Frames
2026-09-06T18:03:24.606+01:00 INFO : Highpass Filtering
2026-09-06T18:03:25.059+01:00 INFO : Resampling data
2026-09-06T18:03:25.071+01:00 INFO : Converting to float32
/home/xangma/pycbc-torch-inspiral-reference-20260906/source/pycbc/types/array.py:872: RuntimeWarning: divide by zero encountered in divide
  return self._data.__rtruediv__(other)
2026-09-06T18:03:30.160+01:00 INFO : Highpass Filtering
2026-09-06T18:03:30.601+01:00 INFO : Remove Padding
2026-09-06T18:03:30.649+01:00 INFO : Making frequency-domain data segments
/home/xangma/pycbc-torch-inspiral-reference-20260906/source/pycbc/types/array.py:872: RuntimeWarning: divide by zero encountered in divide
  return self._data.__rtruediv__(other)
2026-09-06T18:03:32.370+01:00 INFO : Overwhitening frequency-domain data segments
2026-09-06T18:03:32.390+01:00 INFO : Read in template bank
2026-09-06T18:03:32.402+01:00 INFO : Full template bank size: 96
2026-09-06T18:03:32.402+01:00 INFO : Template bank size after thinning: 96
2026-09-06T18:03:32.402+01:00 INFO : 0: generating IMRPhenomD from 30.0 Hz
2026-09-06T18:03:32.405+01:00 INFO : Decompressing waveform using inline_linear
2026-09-06T18:03:32.411+01:00 INFO : Filtering template 1/96 segment 1/5
2026-09-06T18:03:32.438+01:00 INFO : 1 points above threshold
2026-09-06T18:03:32.457+01:00 INFO : Filtering template 1/96 segment 2/5
2026-09-06T18:03:32.475+01:00 INFO : Filtering template 1/96 segment 3/5
2026-09-06T18:03:32.493+01:00 INFO : 1 points above threshold
2026-09-06T18:03:32.498+01:00 INFO : Filtering template 1/96 segment 4/5
2026-09-06T18:03:32.516+01:00 INFO : Filtering template 1/96 segment 5/5
2026-09-06T18:03:32.534+01:00 INFO : 1 points above threshold
2026-09-06T18:03:32.540+01:00 INFO : 1: generating IMRPhenomD from 30.0 Hz
2026-09-06T18:03:32.542+01:00 INFO : Decompressing waveform using inline_linear
2026-09-06T18:03:32.547+01:00 INFO : Filtering template 2/96 segment 1/5
2026-09-06T18:03:32.568+01:00 INFO : 1 points above threshold
2026-09-06T18:03:32.584+01:00 INFO : Filtering template 2/96 segment 2/5
2026-09-06T18:03:32.602+01:00 INFO : 1 points above threshold
2026-09-06T18:03:32.607+01:00 INFO : Filtering template 2/96 segment 3/5
2026-09-06T18:03:32.625+01:00 INFO : 2 points above threshold
2026-09-06T18:03:32.630+01:00 INFO : Filtering template 2/96 segment 4/5
2026-09-06T18:03:32.648+01:00 INFO : Filtering template 2/96 segment 5/5
2026-09-06T18:03:32.666+01:00 INFO : 1 points above threshold
2026-09-06T18:03:32.671+01:00 INFO : 2: generating IMRPhenomD from 30.0 Hz
2026-09-06T18:03:32.674+01:00 INFO : Decompressing waveform using inline_linear
2026-09-06T18:03:32.679+01:00 INFO : Filtering template 3/96 segment 1/5
2026-09-06T18:03:32.699+01:00 INFO : 3 points above threshold
2026-09-06T18:03:32.717+01:00 INFO : Filtering template 3/96 segment 2/5
2026-09-06T18:03:32.735+01:00 INFO : Filtering template 3/96 segment 3/5
2026-09-06T18:03:32.753+01:00 INFO : 1 points above threshold
2026-09-06T18:03:32.758+01:00 INFO : Filtering template 3/96 segment 4/5
2026-09-06T18:03:32.776+01:00 INFO : 1 points above threshold
2026-09-06T18:03:32.781+01:00 INFO : Filtering template 3/96 segment 5/5
2026-09-06T18:03:32.802+01:00 INFO : 3: generating IMRPhenomD from 30.0 Hz
2026-09-06T18:03:32.805+01:00 INFO : Decompressing waveform using inline_linear
2026-09-06T18:03:32.810+01:00 INFO : Filtering template 4/96 segment 1/5
2026-09-06T18:03:32.831+01:00 INFO : 1 points above threshold
2026-09-06T18:03:32.845+01:00 INFO : Filtering template 4/96 segment 2/5
2026-09-06T18:03:32.864+01:00 INFO : 1 points above threshold
2026-09-06T18:03:32.870+01:00 INFO : Filtering template 4/96 segment 3/5
2026-09-06T18:03:32.889+01:00 INFO : 2 points above threshold
2026-09-06T18:03:32.894+01:00 INFO : Filtering template 4/96 segment 4/5
2026-09-06T18:03:32.913+01:00 INFO : 2 points above threshold
2026-09-06T18:03:32.920+01:00 INFO : Filtering template 4/96 segment 5/5
2026-09-06T18:03:32.938+01:00 INFO : 2 points above threshold
2026-09-06T18:03:32.944+01:00 INFO : 4: generating IMRPhenomD from 30.0 Hz
2026-09-06T18:03:32.946+01:00 INFO : Decompressing waveform using inline_linear
2026-09-06T18:03:32.951+01:00 INFO : Filtering template 5/96 segment 1/5
2026-09-06T18:03:32.971+01:00 INFO : 1 points above threshold
2026-09-06T18:03:32.984+01:00 INFO : Filtering template 5/96 segment 2/5
2026-09-06T18:03:33.002+01:00 INFO : 2 points above threshold
2026-09-06T18:03:33.007+01:00 INFO : Filtering template 5/96 segment 3/5
2026-09-06T18:03:33.025+01:00 INFO : 2 points above threshold
2026-09-06T18:03:33.030+01:00 INFO : Filtering template 5/96 segment 4/5
2026-09-06T18:03:33.048+01:00 INFO : 2 points above threshold
2026-09-06T18:03:33.053+01:00 INFO : Filtering template 5/96 segment 5/5
2026-09-06T18:03:33.071+01:00 INFO : 5: generating IMRPhenomD from 30.0 Hz
2026-09-06T18:03:33.074+01:00 INFO : Decompressing waveform using inline_linear
2026-09-06T18:03:33.079+01:00 INFO : Filtering template 6/96 segment 1/5
2026-09-06T18:03:33.099+01:00 INFO : 1 points above threshold
2026-09-06T18:03:33.112+01:00 INFO : Filtering template 6/96 segment 2/5
2026-09-06T18:03:33.129+01:00 INFO : Filtering template 6/96 segment 3/5
2026-09-06T18:03:33.147+01:00 INFO : Filtering template 6/96 segment 4/5
2026-09-06T18:03:33.165+01:00 INFO : Filtering template 6/96 segment 5/5
2026-09-06T18:03:33.183+01:00 INFO : 1 points above threshold
2026-09-06T18:03:33.188+01:00 INFO : 6: generating IMRPhenomD from 30.0 Hz
2026-09-06T18:03:33.191+01:00 INFO : Decompressing waveform using inline_linear
2026-09-06T18:03:33.196+01:00 INFO : Filtering template 7/96 segment 1/5
2026-09-06T18:03:33.216+01:00 INFO : 2 points above threshold
2026-09-06T18:03:33.230+01:00 INFO : Filtering template 7/96 segment 2/5
2026-09-06T18:03:33.248+01:00 INFO : Filtering template 7/96 segment 3/5
2026-09-06T18:03:33.267+01:00 INFO : Filtering template 7/96 segment 4/5
2026-09-06T18:03:33.284+01:00 INFO : 1 points above threshold
2026-09-06T18:03:33.289+01:00 INFO : Filtering template 7/96 segment 5/5
2026-09-06T18:03:33.308+01:00 INFO : 7: generating IMRPhenomD from 30.0 Hz
2026-09-06T18:03:33.311+01:00 INFO : Decompressing waveform using inline_linear
2026-09-06T18:03:33.315+01:00 INFO : Filtering template 8/96 segment 1/5
2026-09-06T18:03:33.336+01:00 INFO : 2 points above threshold
2026-09-06T18:03:33.350+01:00 INFO : Filtering template 8/96 segment 2/5
2026-09-06T18:03:33.368+01:00 INFO : 1 points above threshold
2026-09-06T18:03:33.373+01:00 INFO : Filtering template 8/96 segment 3/5
2026-09-06T18:03:33.391+01:00 INFO : 4 points above threshold
2026-09-06T18:03:33.396+01:00 INFO : Filtering template 8/96 segment 4/5
2026-09-06T18:03:33.414+01:00 INFO : Filtering template 8/96 segment 5/5
2026-09-06T18:03:33.432+01:00 INFO : 8: generating IMRPhenomD from 30.0 Hz
2026-09-06T18:03:33.435+01:00 INFO : Decompressing waveform using inline_linear
2026-09-06T18:03:33.440+01:00 INFO : Filtering template 9/96 segment 1/5
2026-09-06T18:03:33.460+01:00 INFO : Filtering template 9/96 segment 2/5
2026-09-06T18:03:33.478+01:00 INFO : 1 points above threshold
2026-09-06T18:03:33.492+01:00 INFO : Filtering template 9/96 segment 3/5
2026-09-06T18:03:33.510+01:00 INFO : 2 points above threshold
2026-09-06T18:03:33.515+01:00 INFO : Filtering template 9/96 segment 4/5
2026-09-06T18:03:33.533+01:00 INFO : 1 points above threshold
2026-09-06T18:03:33.538+01:00 INFO : Filtering template 9/96 segment 5/5
2026-09-06T18:03:33.556+01:00 INFO : 3 points above threshold
2026-09-06T18:03:33.563+01:00 INFO : 9: generating IMRPhenomD from 30.0 Hz
2026-09-06T18:03:33.566+01:00 INFO : Decompressing waveform using inline_linear
2026-09-06T18:03:33.571+01:00 INFO : Filtering template 10/96 segment 1/5
2026-09-06T18:03:33.591+01:00 INFO : 1 points above threshold
2026-09-06T18:03:33.605+01:00 INFO : Filtering template 10/96 segment 2/5
2026-09-06T18:03:33.623+01:00 INFO : 1 points above threshold
2026-09-06T18:03:33.629+01:00 INFO : Filtering template 10/96 segment 3/5
2026-09-06T18:03:33.646+01:00 INFO : Filtering template 10/96 segment 4/5
2026-09-06T18:03:33.664+01:00 INFO : 2 points above threshold
2026-09-06T18:03:33.669+01:00 INFO : Filtering template 10/96 segment 5/5
2026-09-06T18:03:33.687+01:00 INFO : 1 points above threshold
2026-09-06T18:03:33.693+01:00 INFO : 10: generating IMRPhenomD from 30.0 Hz
2026-09-06T18:03:33.695+01:00 INFO : Decompressing waveform using inline_linear
2026-09-06T18:03:33.700+01:00 INFO : Filtering template 11/96 segment 1/5
2026-09-06T18:03:33.720+01:00 INFO : 4 points above threshold
2026-09-06T18:03:33.735+01:00 INFO : Filtering template 11/96 segment 2/5
2026-09-06T18:03:33.753+01:00 INFO : 2 points above threshold
2026-09-06T18:03:33.758+01:00 INFO : Filtering template 11/96 segment 3/5
2026-09-06T18:03:33.776+01:00 INFO : 1 points above threshold
2026-09-06T18:03:33.781+01:00 INFO : Filtering template 11/96 segment 4/5
2026-09-06T18:03:33.798+01:00 INFO : Filtering template 11/96 segment 5/5
2026-09-06T18:03:33.817+01:00 INFO : 11: generating IMRPhenomD from 30.0 Hz
2026-09-06T18:03:33.820+01:00 INFO : Decompressing waveform using inline_linear
2026-09-06T18:03:33.824+01:00 INFO : Filtering template 12/96 segment 1/5
2026-09-06T18:03:33.845+01:00 INFO : 1 points above threshold
2026-09-06T18:03:33.859+01:00 INFO : Filtering template 12/96 segment 2/5
2026-09-06T18:03:33.877+01:00 INFO : 1 points above threshold
2026-09-06T18:03:33.883+01:00 INFO : Filtering template 12/96 segment 3/5
2026-09-06T18:03:33.900+01:00 INFO : 1 points above threshold
2026-09-06T18:03:33.906+01:00 INFO : Filtering template 12/96 segment 4/5
2026-09-06T18:03:33.923+01:00 INFO : 3 points above threshold
2026-09-06T18:03:33.931+01:00 INFO : Filtering template 12/96 segment 5/5
2026-09-06T18:03:33.950+01:00 INFO : 12: generating IMRPhenomD from 30.0 Hz
2026-09-06T18:03:33.953+01:00 INFO : Decompressing waveform using inline_linear
2026-09-06T18:03:33.957+01:00 INFO : Filtering template 13/96 segment 1/5
2026-09-06T18:03:33.978+01:00 INFO : Filtering template 13/96 segment 2/5
2026-09-06T18:03:33.995+01:00 INFO : 4 points above threshold
2026-09-06T18:03:34.013+01:00 INFO : Filtering template 13/96 segment 3/5
2026-09-06T18:03:34.031+01:00 INFO : Filtering template 13/96 segment 4/5
2026-09-06T18:03:34.049+01:00 INFO : Filtering template 13/96 segment 5/5
2026-09-06T18:03:34.067+01:00 INFO : 1 points above threshold
2026-09-06T18:03:34.072+01:00 INFO : 13: generating IMRPhenomD from 30.0 Hz
2026-09-06T18:03:34.075+01:00 INFO : Decompressing waveform using inline_linear
2026-09-06T18:03:34.080+01:00 INFO : Filtering template 14/96 segment 1/5
2026-09-06T18:03:34.100+01:00 INFO : 1 points above threshold
2026-09-06T18:03:34.115+01:00 INFO : Filtering template 14/96 segment 2/5
2026-09-06T18:03:34.132+01:00 INFO : 2 points above threshold
2026-09-06T18:03:34.138+01:00 INFO : Filtering template 14/96 segment 3/5
2026-09-06T18:03:34.155+01:00 INFO : 3 points above threshold
2026-09-06T18:03:34.162+01:00 INFO : Filtering template 14/96 segment 4/5
2026-09-06T18:03:34.180+01:00 INFO : 2 points above threshold
2026-09-06T18:03:34.185+01:00 INFO : Filtering template 14/96 segment 5/5
2026-09-06T18:03:34.203+01:00 INFO : 14: generating IMRPhenomD from 30.0 Hz
2026-09-06T18:03:34.206+01:00 INFO : Decompressing waveform using inline_linear
2026-09-06T18:03:34.211+01:00 INFO : Filtering template 15/96 segment 1/5
2026-09-06T18:03:34.231+01:00 INFO : 1 points above threshold
2026-09-06T18:03:34.246+01:00 INFO : Filtering template 15/96 segment 2/5
2026-09-06T18:03:34.264+01:00 INFO : Filtering template 15/96 segment 3/5
2026-09-06T18:03:34.282+01:00 INFO : 1 points above threshold
2026-09-06T18:03:34.287+01:00 INFO : Filtering template 15/96 segment 4/5
2026-09-06T18:03:34.305+01:00 INFO : 1 points above threshold
2026-09-06T18:03:34.310+01:00 INFO : Filtering template 15/96 segment 5/5
2026-09-06T18:03:34.328+01:00 INFO : 3 points above threshold
2026-09-06T18:03:34.335+01:00 INFO : 15: generating IMRPhenomD from 30.0 Hz
2026-09-06T18:03:34.338+01:00 INFO : Decompressing waveform using inline_linear
2026-09-06T18:03:34.343+01:00 INFO : Filtering template 16/96 segment 1/5
2026-09-06T18:03:34.363+01:00 INFO : 1 points above threshold
2026-09-06T18:03:34.377+01:00 INFO : Filtering template 16/96 segment 2/5
2026-09-06T18:03:34.395+01:00 INFO : 2 points above threshold
2026-09-06T18:03:34.400+01:00 INFO : Filtering template 16/96 segment 3/5
2026-09-06T18:03:34.418+01:00 INFO : 3 points above threshold
2026-09-06T18:03:34.425+01:00 INFO : Filtering template 16/96 segment 4/5
2026-09-06T18:03:34.443+01:00 INFO : 2 points above threshold
2026-09-06T18:03:34.448+01:00 INFO : Filtering template 16/96 segment 5/5
2026-09-06T18:03:34.466+01:00 INFO : 16: generating IMRPhenomD from 30.0 Hz
2026-09-06T18:03:34.469+01:00 INFO : Decompressing waveform using inline_linear
2026-09-06T18:03:34.474+01:00 INFO : Filtering template 17/96 segment 1/5
2026-09-06T18:03:34.494+01:00 INFO : 2 points above threshold
2026-09-06T18:03:34.509+01:00 INFO : Filtering template 17/96 segment 2/5
2026-09-06T18:03:34.527+01:00 INFO : 3 points above threshold
2026-09-06T18:03:34.533+01:00 INFO : Filtering template 17/96 segment 3/5
2026-09-06T18:03:34.551+01:00 INFO : Filtering template 17/96 segment 4/5
2026-09-06T18:03:34.569+01:00 INFO : 2 points above threshold
2026-09-06T18:03:34.574+01:00 INFO : Filtering template 17/96 segment 5/5
2026-09-06T18:03:34.592+01:00 INFO : 3 points above threshold
2026-09-06T18:03:34.599+01:00 INFO : 17: generating IMRPhenomD from 30.0 Hz
2026-09-06T18:03:34.602+01:00 INFO : Decompressing waveform using inline_linear
2026-09-06T18:03:34.607+01:00 INFO : Filtering template 18/96 segment 1/5
2026-09-06T18:03:34.627+01:00 INFO : Filtering template 18/96 segment 2/5
2026-09-06T18:03:34.645+01:00 INFO : Filtering template 18/96 segment 3/5
2026-09-06T18:03:34.663+01:00 INFO : 1 points above threshold
2026-09-06T18:03:34.677+01:00 INFO : Filtering template 18/96 segment 4/5
2026-09-06T18:03:34.695+01:00 INFO : Filtering template 18/96 segment 5/5
2026-09-06T18:03:34.713+01:00 INFO : 2 points above threshold
2026-09-06T18:03:34.718+01:00 INFO : 18: generating IMRPhenomD from 30.0 Hz
2026-09-06T18:03:34.721+01:00 INFO : Decompressing waveform using inline_linear
2026-09-06T18:03:34.726+01:00 INFO : Filtering template 19/96 segment 1/5
2026-09-06T18:03:34.746+01:00 INFO : 3 points above threshold
2026-09-06T18:03:34.764+01:00 INFO : Filtering template 19/96 segment 2/5
2026-09-06T18:03:34.782+01:00 INFO : 1 points above threshold
2026-09-06T18:03:34.787+01:00 INFO : Filtering template 19/96 segment 3/5
2026-09-06T18:03:34.805+01:00 INFO : 1 points above threshold
2026-09-06T18:03:34.810+01:00 INFO : Filtering template 19/96 segment 4/5
2026-09-06T18:03:34.828+01:00 INFO : 3 points above threshold
2026-09-06T18:03:34.835+01:00 INFO : Filtering template 19/96 segment 5/5
2026-09-06T18:03:34.853+01:00 INFO : 1 points above threshold
2026-09-06T18:03:34.858+01:00 INFO : 19: generating IMRPhenomD from 30.0 Hz
2026-09-06T18:03:34.861+01:00 INFO : Decompressing waveform using inline_linear
2026-09-06T18:03:34.865+01:00 INFO : Filtering template 20/96 segment 1/5
2026-09-06T18:03:34.886+01:00 INFO : 1 points above threshold
2026-09-06T18:03:34.900+01:00 INFO : Filtering template 20/96 segment 2/5
2026-09-06T18:03:34.918+01:00 INFO : 3 points above threshold
2026-09-06T18:03:34.925+01:00 INFO : Filtering template 20/96 segment 3/5
2026-09-06T18:03:34.943+01:00 INFO : Filtering template 20/96 segment 4/5
2026-09-06T18:03:34.961+01:00 INFO : 2 points above threshold
2026-09-06T18:03:34.966+01:00 INFO : Filtering template 20/96 segment 5/5
2026-09-06T18:03:34.984+01:00 INFO : 20: generating IMRPhenomD from 30.0 Hz
2026-09-06T18:03:34.987+01:00 INFO : Decompressing waveform using inline_linear
2026-09-06T18:03:34.991+01:00 INFO : Filtering template 21/96 segment 1/5
2026-09-06T18:03:35.011+01:00 INFO : 1 points above threshold
2026-09-06T18:03:35.026+01:00 INFO : Filtering template 21/96 segment 2/5
2026-09-06T18:03:35.044+01:00 INFO : 1 points above threshold
2026-09-06T18:03:35.049+01:00 INFO : Filtering template 21/96 segment 3/5
2026-09-06T18:03:35.067+01:00 INFO : 1 points above threshold
2026-09-06T18:03:35.072+01:00 INFO : Filtering template 21/96 segment 4/5
2026-09-06T18:03:35.090+01:00 INFO : Filtering template 21/96 segment 5/5
2026-09-06T18:03:35.108+01:00 INFO : 21: generating IMRPhenomD from 30.0 Hz
2026-09-06T18:03:35.111+01:00 INFO : Decompressing waveform using inline_linear
2026-09-06T18:03:35.116+01:00 INFO : Filtering template 22/96 segment 1/5
2026-09-06T18:03:35.136+01:00 INFO : 5 points above threshold
2026-09-06T18:03:35.153+01:00 INFO : Filtering template 22/96 segment 2/5
2026-09-06T18:03:35.171+01:00 INFO : Filtering template 22/96 segment 3/5
2026-09-06T18:03:35.188+01:00 INFO : Filtering template 22/96 segment 4/5
2026-09-06T18:03:35.206+01:00 INFO : 1 points above threshold
2026-09-06T18:03:35.211+01:00 INFO : Filtering template 22/96 segment 5/5
2026-09-06T18:03:35.229+01:00 INFO : 1 points above threshold
2026-09-06T18:03:35.235+01:00 INFO : 22: generating IMRPhenomD from 30.0 Hz
2026-09-06T18:03:35.238+01:00 INFO : Decompressing waveform using inline_linear
2026-09-06T18:03:35.242+01:00 INFO : Filtering template 23/96 segment 1/5
2026-09-06T18:03:35.262+01:00 INFO : 2 points above threshold
2026-09-06T18:03:35.277+01:00 INFO : Filtering template 23/96 segment 2/5
2026-09-06T18:03:35.295+01:00 INFO : 1 points above threshold
2026-09-06T18:03:35.300+01:00 INFO : Filtering template 23/96 segment 3/5
2026-09-06T18:03:35.318+01:00 INFO : 1 points above threshold
2026-09-06T18:03:35.323+01:00 INFO : Filtering template 23/96 segment 4/5
2026-09-06T18:03:35.341+01:00 INFO : Filtering template 23/96 segment 5/5
2026-09-06T18:03:35.359+01:00 INFO : 23: generating IMRPhenomD from 30.0 Hz
2026-09-06T18:03:35.362+01:00 INFO : Decompressing waveform using inline_linear
2026-09-06T18:03:35.367+01:00 INFO : Filtering template 24/96 segment 1/5
2026-09-06T18:03:35.387+01:00 INFO : 1 points above threshold
2026-09-06T18:03:35.401+01:00 INFO : Filtering template 24/96 segment 2/5
2026-09-06T18:03:35.419+01:00 INFO : 2 points above threshold
2026-09-06T18:03:35.424+01:00 INFO : Filtering template 24/96 segment 3/5
2026-09-06T18:03:35.442+01:00 INFO : 1 points above threshold
2026-09-06T18:03:35.447+01:00 INFO : Filtering template 24/96 segment 4/5
2026-09-06T18:03:35.465+01:00 INFO : Filtering template 24/96 segment 5/5
2026-09-06T18:03:35.483+01:00 INFO : 2 points above threshold
2026-09-06T18:03:35.488+01:00 INFO : 24: generating IMRPhenomD from 30.0 Hz
2026-09-06T18:03:35.491+01:00 INFO : Decompressing waveform using inline_linear
2026-09-06T18:03:35.495+01:00 INFO : Filtering template 25/96 segment 1/5
2026-09-06T18:03:35.516+01:00 INFO : 2 points above threshold
2026-09-06T18:03:35.530+01:00 INFO : Filtering template 25/96 segment 2/5
2026-09-06T18:03:35.548+01:00 INFO : Filtering template 25/96 segment 3/5
2026-09-06T18:03:35.566+01:00 INFO : Filtering template 25/96 segment 4/5
2026-09-06T18:03:35.584+01:00 INFO : Filtering template 25/96 segment 5/5
2026-09-06T18:03:35.602+01:00 INFO : 25: generating IMRPhenomD from 30.0 Hz
2026-09-06T18:03:35.605+01:00 INFO : Decompressing waveform using inline_linear
2026-09-06T18:03:35.610+01:00 INFO : Filtering template 26/96 segment 1/5
2026-09-06T18:03:35.630+01:00 INFO : Filtering template 26/96 segment 2/5
2026-09-06T18:03:35.648+01:00 INFO : 2 points above threshold
2026-09-06T18:03:35.662+01:00 INFO : Filtering template 26/96 segment 3/5
2026-09-06T18:03:35.680+01:00 INFO : Filtering template 26/96 segment 4/5
2026-09-06T18:03:35.698+01:00 INFO : 2 points above threshold
2026-09-06T18:03:35.703+01:00 INFO : Filtering template 26/96 segment 5/5
2026-09-06T18:03:35.721+01:00 INFO : 2 points above threshold
2026-09-06T18:03:35.726+01:00 INFO : 26: generating IMRPhenomD from 30.0 Hz
2026-09-06T18:03:35.729+01:00 INFO : Decompressing waveform using inline_linear
2026-09-06T18:03:35.734+01:00 INFO : Filtering template 27/96 segment 1/5
2026-09-06T18:03:35.754+01:00 INFO : 3 points above threshold
2026-09-06T18:03:35.770+01:00 INFO : Filtering template 27/96 segment 2/5
2026-09-06T18:03:35.788+01:00 INFO : Filtering template 27/96 segment 3/5
2026-09-06T18:03:35.806+01:00 INFO : 1 points above threshold
2026-09-06T18:03:35.811+01:00 INFO : Filtering template 27/96 segment 4/5
2026-09-06T18:03:35.829+01:00 INFO : Filtering template 27/96 segment 5/5
2026-09-06T18:03:35.847+01:00 INFO : 27: generating IMRPhenomD from 30.0 Hz
2026-09-06T18:03:35.850+01:00 INFO : Decompressing waveform using inline_linear
2026-09-06T18:03:35.855+01:00 INFO : Filtering template 28/96 segment 1/5
2026-09-06T18:03:35.875+01:00 INFO : 3 points above threshold
2026-09-06T18:03:35.891+01:00 INFO : Filtering template 28/96 segment 2/5
2026-09-06T18:03:35.909+01:00 INFO : 1 points above threshold
2026-09-06T18:03:35.914+01:00 INFO : Filtering template 28/96 segment 3/5
2026-09-06T18:03:35.932+01:00 INFO : 2 points above threshold
2026-09-06T18:03:35.937+01:00 INFO : Filtering template 28/96 segment 4/5
2026-09-06T18:03:35.955+01:00 INFO : 1 points above threshold
2026-09-06T18:03:35.960+01:00 INFO : Filtering template 28/96 segment 5/5
2026-09-06T18:03:35.978+01:00 INFO : 28: generating IMRPhenomD from 30.0 Hz
2026-09-06T18:03:35.981+01:00 INFO : Decompressing waveform using inline_linear
2026-09-06T18:03:35.986+01:00 INFO : Filtering template 29/96 segment 1/5
2026-09-06T18:03:36.006+01:00 INFO : 2 points above threshold
2026-09-06T18:03:36.020+01:00 INFO : Filtering template 29/96 segment 2/5
2026-09-06T18:03:36.038+01:00 INFO : 2 points above threshold
2026-09-06T18:03:36.043+01:00 INFO : Filtering template 29/96 segment 3/5
2026-09-06T18:03:36.061+01:00 INFO : 1 points above threshold
2026-09-06T18:03:36.066+01:00 INFO : Filtering template 29/96 segment 4/5
2026-09-06T18:03:36.084+01:00 INFO : 2 points above threshold
2026-09-06T18:03:36.089+01:00 INFO : Filtering template 29/96 segment 5/5
2026-09-06T18:03:36.107+01:00 INFO : 2 points above threshold
2026-09-06T18:03:36.112+01:00 INFO : 29: generating IMRPhenomD from 30.0 Hz
2026-09-06T18:03:36.115+01:00 INFO : Decompressing waveform using inline_linear
2026-09-06T18:03:36.120+01:00 INFO : Filtering template 30/96 segment 1/5
2026-09-06T18:03:36.140+01:00 INFO : 1 points above threshold
2026-09-06T18:03:36.154+01:00 INFO : Filtering template 30/96 segment 2/5
2026-09-06T18:03:36.174+01:00 INFO : 1 points above threshold
2026-09-06T18:03:36.179+01:00 INFO : Filtering template 30/96 segment 3/5
2026-09-06T18:03:36.197+01:00 INFO : 1 points above threshold
2026-09-06T18:03:36.202+01:00 INFO : Filtering template 30/96 segment 4/5
2026-09-06T18:03:36.219+01:00 INFO : Filtering template 30/96 segment 5/5
2026-09-06T18:03:36.238+01:00 INFO : 30: generating IMRPhenomD from 30.0 Hz
2026-09-06T18:03:36.240+01:00 INFO : Decompressing waveform using inline_linear
2026-09-06T18:03:36.245+01:00 INFO : Filtering template 31/96 segment 1/5
2026-09-06T18:03:36.266+01:00 INFO : Filtering template 31/96 segment 2/5
2026-09-06T18:03:36.283+01:00 INFO : 1 points above threshold
2026-09-06T18:03:36.298+01:00 INFO : Filtering template 31/96 segment 3/5
2026-09-06T18:03:36.316+01:00 INFO : Filtering template 31/96 segment 4/5
2026-09-06T18:03:36.334+01:00 INFO : 1 points above threshold
2026-09-06T18:03:36.339+01:00 INFO : Filtering template 31/96 segment 5/5
2026-09-06T18:03:36.357+01:00 INFO : 1 points above threshold
2026-09-06T18:03:36.362+01:00 INFO : 31: generating IMRPhenomD from 30.0 Hz
2026-09-06T18:03:36.365+01:00 INFO : Decompressing waveform using inline_linear
2026-09-06T18:03:36.369+01:00 INFO : Filtering template 32/96 segment 1/5
2026-09-06T18:03:36.390+01:00 INFO : Filtering template 32/96 segment 2/5
2026-09-06T18:03:36.407+01:00 INFO : Filtering template 32/96 segment 3/5
2026-09-06T18:03:36.425+01:00 INFO : Filtering template 32/96 segment 4/5
2026-09-06T18:03:36.443+01:00 INFO : 3 points above threshold
2026-09-06T18:03:36.460+01:00 INFO : Filtering template 32/96 segment 5/5
2026-09-06T18:03:36.478+01:00 INFO : 2 points above threshold
2026-09-06T18:03:36.483+01:00 INFO : 32: generating IMRPhenomD from 30.0 Hz
2026-09-06T18:03:36.497+01:00 INFO : Decompressing waveform using inline_linear
2026-09-06T18:03:36.502+01:00 INFO : Filtering template 33/96 segment 1/5
2026-09-06T18:03:36.527+01:00 INFO : 2 points above threshold
2026-09-06T18:03:36.545+01:00 INFO : Filtering template 33/96 segment 2/5
2026-09-06T18:03:36.563+01:00 INFO : Filtering template 33/96 segment 3/5
2026-09-06T18:03:36.581+01:00 INFO : Filtering template 33/96 segment 4/5
2026-09-06T18:03:36.598+01:00 INFO : 1 points above threshold
2026-09-06T18:03:36.603+01:00 INFO : Filtering template 33/96 segment 5/5
2026-09-06T18:03:36.622+01:00 INFO : 33: generating IMRPhenomD from 30.0 Hz
2026-09-06T18:03:36.624+01:00 INFO : Decompressing waveform using inline_linear
2026-09-06T18:03:36.629+01:00 INFO : Filtering template 34/96 segment 1/5
2026-09-06T18:03:36.649+01:00 INFO : Filtering template 34/96 segment 2/5
2026-09-06T18:03:36.667+01:00 INFO : 1 points above threshold
2026-09-06T18:03:36.682+01:00 INFO : Filtering template 34/96 segment 3/5
2026-09-06T18:03:36.700+01:00 INFO : 1 points above threshold
2026-09-06T18:03:36.705+01:00 INFO : Filtering template 34/96 segment 4/5
2026-09-06T18:03:36.723+01:00 INFO : Filtering template 34/96 segment 5/5
2026-09-06T18:03:36.741+01:00 INFO : 1 points above threshold
2026-09-06T18:03:36.746+01:00 INFO : 34: generating IMRPhenomD from 30.0 Hz
2026-09-06T18:03:36.749+01:00 INFO : Decompressing waveform using inline_linear
2026-09-06T18:03:36.754+01:00 INFO : Filtering template 35/96 segment 1/5
2026-09-06T18:03:36.774+01:00 INFO : 1 points above threshold
2026-09-06T18:03:36.788+01:00 INFO : Filtering template 35/96 segment 2/5
2026-09-06T18:03:36.806+01:00 INFO : 1 points above threshold
2026-09-06T18:03:36.811+01:00 INFO : Filtering template 35/96 segment 3/5
2026-09-06T18:03:36.829+01:00 INFO : 1 points above threshold
2026-09-06T18:03:36.834+01:00 INFO : Filtering template 35/96 segment 4/5
2026-09-06T18:03:36.852+01:00 INFO : Filtering template 35/96 segment 5/5
2026-09-06T18:03:36.871+01:00 INFO : 35: generating IMRPhenomD from 30.0 Hz
2026-09-06T18:03:36.874+01:00 INFO : Decompressing waveform using inline_linear
2026-09-06T18:03:36.878+01:00 INFO : Filtering template 36/96 segment 1/5
2026-09-06T18:03:36.899+01:00 INFO : 3 points above threshold
2026-09-06T18:03:36.915+01:00 INFO : Filtering template 36/96 segment 2/5
2026-09-06T18:03:36.933+01:00 INFO : 1 points above threshold
2026-09-06T18:03:36.938+01:00 INFO : Filtering template 36/96 segment 3/5
2026-09-06T18:03:36.956+01:00 INFO : 2 points above threshold
2026-09-06T18:03:36.961+01:00 INFO : Filtering template 36/96 segment 4/5
2026-09-06T18:03:36.978+01:00 INFO : Filtering template 36/96 segment 5/5
2026-09-06T18:03:36.996+01:00 INFO : 1 points above threshold
2026-09-06T18:03:37.002+01:00 INFO : 36: generating IMRPhenomD from 30.0 Hz
2026-09-06T18:03:37.004+01:00 INFO : Decompressing waveform using inline_linear
2026-09-06T18:03:37.009+01:00 INFO : Filtering template 37/96 segment 1/5
2026-09-06T18:03:37.029+01:00 INFO : 2 points above threshold
2026-09-06T18:03:37.044+01:00 INFO : Filtering template 37/96 segment 2/5
2026-09-06T18:03:37.061+01:00 INFO : 3 points above threshold
2026-09-06T18:03:37.068+01:00 INFO : Filtering template 37/96 segment 3/5
2026-09-06T18:03:37.086+01:00 INFO : 1 points above threshold
2026-09-06T18:03:37.091+01:00 INFO : Filtering template 37/96 segment 4/5
2026-09-06T18:03:37.109+01:00 INFO : 3 points above threshold
2026-09-06T18:03:37.116+01:00 INFO : Filtering template 37/96 segment 5/5
2026-09-06T18:03:37.134+01:00 INFO : 37: generating IMRPhenomD from 30.0 Hz
2026-09-06T18:03:37.137+01:00 INFO : Decompressing waveform using inline_linear
2026-09-06T18:03:37.142+01:00 INFO : Filtering template 38/96 segment 1/5
2026-09-06T18:03:37.162+01:00 INFO : Filtering template 38/96 segment 2/5
2026-09-06T18:03:37.180+01:00 INFO : Filtering template 38/96 segment 3/5
2026-09-06T18:03:37.198+01:00 INFO : 1 points above threshold
2026-09-06T18:03:37.212+01:00 INFO : Filtering template 38/96 segment 4/5
2026-09-06T18:03:37.230+01:00 INFO : 1 points above threshold
2026-09-06T18:03:37.236+01:00 INFO : Filtering template 38/96 segment 5/5
2026-09-06T18:03:37.254+01:00 INFO : 1 points above threshold
2026-09-06T18:03:37.260+01:00 INFO : 38: generating IMRPhenomD from 30.0 Hz
2026-09-06T18:03:37.262+01:00 INFO : Decompressing waveform using inline_linear
2026-09-06T18:03:37.267+01:00 INFO : Filtering template 39/96 segment 1/5
2026-09-06T18:03:37.287+01:00 INFO : Filtering template 39/96 segment 2/5
2026-09-06T18:03:37.305+01:00 INFO : 2 points above threshold
2026-09-06T18:03:37.320+01:00 INFO : Filtering template 39/96 segment 3/5
2026-09-06T18:03:37.338+01:00 INFO : Filtering template 39/96 segment 4/5
2026-09-06T18:03:37.356+01:00 INFO : 2 points above threshold
2026-09-06T18:03:37.361+01:00 INFO : Filtering template 39/96 segment 5/5
2026-09-06T18:03:37.379+01:00 INFO : 39: generating IMRPhenomD from 30.0 Hz
2026-09-06T18:03:37.382+01:00 INFO : Decompressing waveform using inline_linear
2026-09-06T18:03:37.386+01:00 INFO : Filtering template 40/96 segment 1/5
2026-09-06T18:03:37.406+01:00 INFO : Filtering template 40/96 segment 2/5
2026-09-06T18:03:37.424+01:00 INFO : Filtering template 40/96 segment 3/5
2026-09-06T18:03:37.442+01:00 INFO : Filtering template 40/96 segment 4/5
2026-09-06T18:03:37.460+01:00 INFO : 2 points above threshold
2026-09-06T18:03:37.475+01:00 INFO : Filtering template 40/96 segment 5/5
2026-09-06T18:03:37.493+01:00 INFO : 40: generating IMRPhenomD from 30.0 Hz
2026-09-06T18:03:37.496+01:00 INFO : Decompressing waveform using inline_linear
2026-09-06T18:03:37.500+01:00 INFO : Filtering template 41/96 segment 1/5
2026-09-06T18:03:37.521+01:00 INFO : Filtering template 41/96 segment 2/5
2026-09-06T18:03:37.539+01:00 INFO : Filtering template 41/96 segment 3/5
2026-09-06T18:03:37.556+01:00 INFO : 2 points above threshold
2026-09-06T18:03:37.571+01:00 INFO : Filtering template 41/96 segment 4/5
2026-09-06T18:03:37.589+01:00 INFO : 2 points above threshold
2026-09-06T18:03:37.594+01:00 INFO : Filtering template 41/96 segment 5/5
2026-09-06T18:03:37.612+01:00 INFO : 41: generating IMRPhenomD from 30.0 Hz
2026-09-06T18:03:37.615+01:00 INFO : Decompressing waveform using inline_linear
2026-09-06T18:03:37.620+01:00 INFO : Filtering template 42/96 segment 1/5
2026-09-06T18:03:37.640+01:00 INFO : Filtering template 42/96 segment 2/5
2026-09-06T18:03:37.658+01:00 INFO : 1 points above threshold
2026-09-06T18:03:37.672+01:00 INFO : Filtering template 42/96 segment 3/5
2026-09-06T18:03:37.690+01:00 INFO : Filtering template 42/96 segment 4/5
2026-09-06T18:03:37.708+01:00 INFO : 1 points above threshold
2026-09-06T18:03:37.713+01:00 INFO : Filtering template 42/96 segment 5/5
2026-09-06T18:03:37.731+01:00 INFO : 1 points above threshold
2026-09-06T18:03:37.737+01:00 INFO : 42: generating IMRPhenomD from 30.0 Hz
2026-09-06T18:03:37.739+01:00 INFO : Decompressing waveform using inline_linear
2026-09-06T18:03:37.744+01:00 INFO : Filtering template 43/96 segment 1/5
2026-09-06T18:03:37.764+01:00 INFO : 1 points above threshold
2026-09-06T18:03:37.779+01:00 INFO : Filtering template 43/96 segment 2/5
2026-09-06T18:03:37.797+01:00 INFO : 2 points above threshold
2026-09-06T18:03:37.802+01:00 INFO : Filtering template 43/96 segment 3/5
2026-09-06T18:03:37.820+01:00 INFO : 1 points above threshold
2026-09-06T18:03:37.825+01:00 INFO : Filtering template 43/96 segment 4/5
2026-09-06T18:03:37.843+01:00 INFO : Filtering template 43/96 segment 5/5
2026-09-06T18:03:37.861+01:00 INFO : 43: generating IMRPhenomD from 30.0 Hz
2026-09-06T18:03:37.864+01:00 INFO : Decompressing waveform using inline_linear
2026-09-06T18:03:37.869+01:00 INFO : Filtering template 44/96 segment 1/5
2026-09-06T18:03:37.889+01:00 INFO : 1 points above threshold
2026-09-06T18:03:37.904+01:00 INFO : Filtering template 44/96 segment 2/5
2026-09-06T18:03:37.923+01:00 INFO : Filtering template 44/96 segment 3/5
2026-09-06T18:03:37.942+01:00 INFO : Filtering template 44/96 segment 4/5
2026-09-06T18:03:37.961+01:00 INFO : 1 points above threshold
2026-09-06T18:03:37.966+01:00 INFO : Filtering template 44/96 segment 5/5
2026-09-06T18:03:37.987+01:00 INFO : 44: generating IMRPhenomD from 30.0 Hz
2026-09-06T18:03:37.990+01:00 INFO : Decompressing waveform using inline_linear
2026-09-06T18:03:37.995+01:00 INFO : Filtering template 45/96 segment 1/5
2026-09-06T18:03:38.016+01:00 INFO : 2 points above threshold
2026-09-06T18:03:38.031+01:00 INFO : Filtering template 45/96 segment 2/5
2026-09-06T18:03:38.049+01:00 INFO : 1 points above threshold
2026-09-06T18:03:38.054+01:00 INFO : Filtering template 45/96 segment 3/5
2026-09-06T18:03:38.072+01:00 INFO : 1 points above threshold
2026-09-06T18:03:38.077+01:00 INFO : Filtering template 45/96 segment 4/5
2026-09-06T18:03:38.095+01:00 INFO : Filtering template 45/96 segment 5/5
2026-09-06T18:03:38.113+01:00 INFO : 45: generating IMRPhenomD from 30.0 Hz
2026-09-06T18:03:38.116+01:00 INFO : Decompressing waveform using inline_linear
2026-09-06T18:03:38.121+01:00 INFO : Filtering template 46/96 segment 1/5
2026-09-06T18:03:38.141+01:00 INFO : Filtering template 46/96 segment 2/5
2026-09-06T18:03:38.158+01:00 INFO : Filtering template 46/96 segment 3/5
2026-09-06T18:03:38.176+01:00 INFO : 1 points above threshold
2026-09-06T18:03:38.191+01:00 INFO : Filtering template 46/96 segment 4/5
2026-09-06T18:03:38.209+01:00 INFO : 3 points above threshold
2026-09-06T18:03:38.216+01:00 INFO : Filtering template 46/96 segment 5/5
2026-09-06T18:03:38.234+01:00 INFO : 1 points above threshold
2026-09-06T18:03:38.239+01:00 INFO : 46: generating IMRPhenomD from 30.0 Hz
2026-09-06T18:03:38.242+01:00 INFO : Decompressing waveform using inline_linear
2026-09-06T18:03:38.247+01:00 INFO : Filtering template 47/96 segment 1/5
2026-09-06T18:03:38.267+01:00 INFO : 3 points above threshold
2026-09-06T18:03:38.283+01:00 INFO : Filtering template 47/96 segment 2/5
2026-09-06T18:03:38.301+01:00 INFO : Filtering template 47/96 segment 3/5
2026-09-06T18:03:38.319+01:00 INFO : 2 points above threshold
2026-09-06T18:03:38.324+01:00 INFO : Filtering template 47/96 segment 4/5
2026-09-06T18:03:38.342+01:00 INFO : 1 points above threshold
2026-09-06T18:03:38.347+01:00 INFO : Filtering template 47/96 segment 5/5
2026-09-06T18:03:38.365+01:00 INFO : 1 points above threshold
2026-09-06T18:03:38.371+01:00 INFO : 47: generating IMRPhenomD from 30.0 Hz
2026-09-06T18:03:38.373+01:00 INFO : Decompressing waveform using inline_linear
2026-09-06T18:03:38.378+01:00 INFO : Filtering template 48/96 segment 1/5
2026-09-06T18:03:38.398+01:00 INFO : 3 points above threshold
2026-09-06T18:03:38.416+01:00 INFO : Filtering template 48/96 segment 2/5
2026-09-06T18:03:38.433+01:00 INFO : 1 points above threshold
2026-09-06T18:03:38.439+01:00 INFO : Filtering template 48/96 segment 3/5
2026-09-06T18:03:38.456+01:00 INFO : 1 points above threshold
2026-09-06T18:03:38.462+01:00 INFO : Filtering template 48/96 segment 4/5
2026-09-06T18:03:38.479+01:00 INFO : 2 points above threshold
2026-09-06T18:03:38.484+01:00 INFO : Filtering template 48/96 segment 5/5
2026-09-06T18:03:38.502+01:00 INFO : 1 points above threshold
2026-09-06T18:03:38.508+01:00 INFO : 48: generating IMRPhenomD from 30.0 Hz
2026-09-06T18:03:38.510+01:00 INFO : Decompressing waveform using inline_linear
2026-09-06T18:03:38.515+01:00 INFO : Filtering template 49/96 segment 1/5
2026-09-06T18:03:38.535+01:00 INFO : 1 points above threshold
2026-09-06T18:03:38.550+01:00 INFO : Filtering template 49/96 segment 2/5
2026-09-06T18:03:38.568+01:00 INFO : 1 points above threshold
2026-09-06T18:03:38.573+01:00 INFO : Filtering template 49/96 segment 3/5
2026-09-06T18:03:38.591+01:00 INFO : 2 points above threshold
2026-09-06T18:03:38.596+01:00 INFO : Filtering template 49/96 segment 4/5
2026-09-06T18:03:38.613+01:00 INFO : Filtering template 49/96 segment 5/5
2026-09-06T18:03:38.632+01:00 INFO : 49: generating IMRPhenomD from 30.0 Hz
2026-09-06T18:03:38.635+01:00 INFO : Decompressing waveform using inline_linear
2026-09-06T18:03:38.639+01:00 INFO : Filtering template 50/96 segment 1/5
2026-09-06T18:03:38.659+01:00 INFO : Filtering template 50/96 segment 2/5
2026-09-06T18:03:38.677+01:00 INFO : 2 points above threshold
2026-09-06T18:03:38.692+01:00 INFO : Filtering template 50/96 segment 3/5
2026-09-06T18:03:38.710+01:00 INFO : 4 points above threshold
2026-09-06T18:03:38.715+01:00 INFO : Filtering template 50/96 segment 4/5
2026-09-06T18:03:38.733+01:00 INFO : 2 points above threshold
2026-09-06T18:03:38.738+01:00 INFO : Filtering template 50/96 segment 5/5
2026-09-06T18:03:38.756+01:00 INFO : 50: generating IMRPhenomD from 30.0 Hz
2026-09-06T18:03:38.759+01:00 INFO : Decompressing waveform using inline_linear
2026-09-06T18:03:38.764+01:00 INFO : Filtering template 51/96 segment 1/5
2026-09-06T18:03:38.784+01:00 INFO : 1 points above threshold
2026-09-06T18:03:38.798+01:00 INFO : Filtering template 51/96 segment 2/5
2026-09-06T18:03:38.816+01:00 INFO : 1 points above threshold
2026-09-06T18:03:38.821+01:00 INFO : Filtering template 51/96 segment 3/5
2026-09-06T18:03:38.839+01:00 INFO : Filtering template 51/96 segment 4/5
2026-09-06T18:03:38.857+01:00 INFO : 1 points above threshold
2026-09-06T18:03:38.862+01:00 INFO : Filtering template 51/96 segment 5/5
2026-09-06T18:03:38.880+01:00 INFO : 2 points above threshold
2026-09-06T18:03:38.886+01:00 INFO : 51: generating IMRPhenomD from 30.0 Hz
2026-09-06T18:03:38.888+01:00 INFO : Decompressing waveform using inline_linear
2026-09-06T18:03:38.893+01:00 INFO : Filtering template 52/96 segment 1/5
2026-09-06T18:03:38.913+01:00 INFO : 1 points above threshold
2026-09-06T18:03:38.928+01:00 INFO : Filtering template 52/96 segment 2/5
2026-09-06T18:03:38.946+01:00 INFO : 1 points above threshold
2026-09-06T18:03:38.951+01:00 INFO : Filtering template 52/96 segment 3/5
2026-09-06T18:03:38.969+01:00 INFO : Filtering template 52/96 segment 4/5
2026-09-06T18:03:38.987+01:00 INFO : 3 points above threshold
2026-09-06T18:03:38.993+01:00 INFO : Filtering template 52/96 segment 5/5
2026-09-06T18:03:39.011+01:00 INFO : 1 points above threshold
2026-09-06T18:03:39.017+01:00 INFO : 52: generating IMRPhenomD from 30.0 Hz
2026-09-06T18:03:39.020+01:00 INFO : Decompressing waveform using inline_linear
2026-09-06T18:03:39.024+01:00 INFO : Filtering template 53/96 segment 1/5
2026-09-06T18:03:39.044+01:00 INFO : 3 points above threshold
2026-09-06T18:03:39.061+01:00 INFO : Filtering template 53/96 segment 2/5
2026-09-06T18:03:39.079+01:00 INFO : 2 points above threshold
2026-09-06T18:03:39.084+01:00 INFO : Filtering template 53/96 segment 3/5
2026-09-06T18:03:39.101+01:00 INFO : 2 points above threshold
2026-09-06T18:03:39.106+01:00 INFO : Filtering template 53/96 segment 4/5
2026-09-06T18:03:39.124+01:00 INFO : 1 points above threshold
2026-09-06T18:03:39.129+01:00 INFO : Filtering template 53/96 segment 5/5
2026-09-06T18:03:39.147+01:00 INFO : 1 points above threshold
2026-09-06T18:03:39.153+01:00 INFO : 53: generating IMRPhenomD from 30.0 Hz
2026-09-06T18:03:39.155+01:00 INFO : Decompressing waveform using inline_linear
2026-09-06T18:03:39.160+01:00 INFO : Filtering template 54/96 segment 1/5
2026-09-06T18:03:39.180+01:00 INFO : Filtering template 54/96 segment 2/5
2026-09-06T18:03:39.198+01:00 INFO : Filtering template 54/96 segment 3/5
2026-09-06T18:03:39.216+01:00 INFO : 2 points above threshold
2026-09-06T18:03:39.230+01:00 INFO : Filtering template 54/96 segment 4/5
2026-09-06T18:03:39.248+01:00 INFO : 5 points above threshold
2026-09-06T18:03:39.256+01:00 INFO : Filtering template 54/96 segment 5/5
2026-09-06T18:03:39.275+01:00 INFO : 54: generating IMRPhenomD from 30.0 Hz
2026-09-06T18:03:39.278+01:00 INFO : Decompressing waveform using inline_linear
2026-09-06T18:03:39.282+01:00 INFO : Filtering template 55/96 segment 1/5
2026-09-06T18:03:39.302+01:00 INFO : Filtering template 55/96 segment 2/5
2026-09-06T18:03:39.320+01:00 INFO : 1 points above threshold
2026-09-06T18:03:39.335+01:00 INFO : Filtering template 55/96 segment 3/5
2026-09-06T18:03:39.353+01:00 INFO : 3 points above threshold
2026-09-06T18:03:39.360+01:00 INFO : Filtering template 55/96 segment 4/5
2026-09-06T18:03:39.378+01:00 INFO : 1 points above threshold
2026-09-06T18:03:39.383+01:00 INFO : Filtering template 55/96 segment 5/5
2026-09-06T18:03:39.401+01:00 INFO : 1 points above threshold
2026-09-06T18:03:39.406+01:00 INFO : 55: generating IMRPhenomD from 30.0 Hz
2026-09-06T18:03:39.409+01:00 INFO : Decompressing waveform using inline_linear
2026-09-06T18:03:39.414+01:00 INFO : Filtering template 56/96 segment 1/5
2026-09-06T18:03:39.434+01:00 INFO : 1 points above threshold
2026-09-06T18:03:39.448+01:00 INFO : Filtering template 56/96 segment 2/5
2026-09-06T18:03:39.466+01:00 INFO : 1 points above threshold
2026-09-06T18:03:39.471+01:00 INFO : Filtering template 56/96 segment 3/5
2026-09-06T18:03:39.489+01:00 INFO : 3 points above threshold
2026-09-06T18:03:39.496+01:00 INFO : Filtering template 56/96 segment 4/5
2026-09-06T18:03:39.514+01:00 INFO : Filtering template 56/96 segment 5/5
2026-09-06T18:03:39.532+01:00 INFO : 1 points above threshold
2026-09-06T18:03:39.537+01:00 INFO : 56: generating IMRPhenomD from 30.0 Hz
2026-09-06T18:03:39.540+01:00 INFO : Decompressing waveform using inline_linear
2026-09-06T18:03:39.545+01:00 INFO : Filtering template 57/96 segment 1/5
2026-09-06T18:03:39.565+01:00 INFO : 1 points above threshold
2026-09-06T18:03:39.579+01:00 INFO : Filtering template 57/96 segment 2/5
2026-09-06T18:03:39.597+01:00 INFO : 2 points above threshold
2026-09-06T18:03:39.602+01:00 INFO : Filtering template 57/96 segment 3/5
2026-09-06T18:03:39.620+01:00 INFO : 2 points above threshold
2026-09-06T18:03:39.625+01:00 INFO : Filtering template 57/96 segment 4/5
2026-09-06T18:03:39.642+01:00 INFO : 2 points above threshold
2026-09-06T18:03:39.647+01:00 INFO : Filtering template 57/96 segment 5/5
2026-09-06T18:03:39.666+01:00 INFO : 57: generating IMRPhenomD from 30.0 Hz
2026-09-06T18:03:39.669+01:00 INFO : Decompressing waveform using inline_linear
2026-09-06T18:03:39.674+01:00 INFO : Filtering template 58/96 segment 1/5
2026-09-06T18:03:39.693+01:00 INFO : 1 points above threshold
2026-09-06T18:03:39.708+01:00 INFO : Filtering template 58/96 segment 2/5
2026-09-06T18:03:39.726+01:00 INFO : 2 points above threshold
2026-09-06T18:03:39.731+01:00 INFO : Filtering template 58/96 segment 3/5
2026-09-06T18:03:39.749+01:00 INFO : 1 points above threshold
2026-09-06T18:03:39.754+01:00 INFO : Filtering template 58/96 segment 4/5
2026-09-06T18:03:39.772+01:00 INFO : 1 points above threshold
2026-09-06T18:03:39.777+01:00 INFO : Filtering template 58/96 segment 5/5
2026-09-06T18:03:39.795+01:00 INFO : 2 points above threshold
2026-09-06T18:03:39.800+01:00 INFO : 58: generating IMRPhenomD from 30.0 Hz
2026-09-06T18:03:39.803+01:00 INFO : Decompressing waveform using inline_linear
2026-09-06T18:03:39.807+01:00 INFO : Filtering template 59/96 segment 1/5
2026-09-06T18:03:39.827+01:00 INFO : 1 points above threshold
2026-09-06T18:03:39.842+01:00 INFO : Filtering template 59/96 segment 2/5
2026-09-06T18:03:39.860+01:00 INFO : 2 points above threshold
2026-09-06T18:03:39.865+01:00 INFO : Filtering template 59/96 segment 3/5
2026-09-06T18:03:39.883+01:00 INFO : 2 points above threshold
2026-09-06T18:03:39.888+01:00 INFO : Filtering template 59/96 segment 4/5
2026-09-06T18:03:39.906+01:00 INFO : 1 points above threshold
2026-09-06T18:03:39.911+01:00 INFO : Filtering template 59/96 segment 5/5
2026-09-06T18:03:39.929+01:00 INFO : 59: generating IMRPhenomD from 30.0 Hz
2026-09-06T18:03:39.932+01:00 INFO : Decompressing waveform using inline_linear
2026-09-06T18:03:39.937+01:00 INFO : Filtering template 60/96 segment 1/5
2026-09-06T18:03:39.957+01:00 INFO : Filtering template 60/96 segment 2/5
2026-09-06T18:03:39.975+01:00 INFO : Filtering template 60/96 segment 3/5
2026-09-06T18:03:39.993+01:00 INFO : 1 points above threshold
2026-09-06T18:03:40.007+01:00 INFO : Filtering template 60/96 segment 4/5
2026-09-06T18:03:40.025+01:00 INFO : 2 points above threshold
2026-09-06T18:03:40.030+01:00 INFO : Filtering template 60/96 segment 5/5
2026-09-06T18:03:40.048+01:00 INFO : 60: generating IMRPhenomD from 30.0 Hz
2026-09-06T18:03:40.051+01:00 INFO : Decompressing waveform using inline_linear
2026-09-06T18:03:40.056+01:00 INFO : Filtering template 61/96 segment 1/5
2026-09-06T18:03:40.076+01:00 INFO : Filtering template 61/96 segment 2/5
2026-09-06T18:03:40.094+01:00 INFO : 2 points above threshold
2026-09-06T18:03:40.108+01:00 INFO : Filtering template 61/96 segment 3/5
2026-09-06T18:03:40.126+01:00 INFO : 1 points above threshold
2026-09-06T18:03:40.131+01:00 INFO : Filtering template 61/96 segment 4/5
2026-09-06T18:03:40.149+01:00 INFO : 1 points above threshold
2026-09-06T18:03:40.154+01:00 INFO : Filtering template 61/96 segment 5/5
2026-09-06T18:03:40.173+01:00 INFO : 61: generating IMRPhenomD from 30.0 Hz
2026-09-06T18:03:40.175+01:00 INFO : Decompressing waveform using inline_linear
2026-09-06T18:03:40.180+01:00 INFO : Filtering template 62/96 segment 1/5
2026-09-06T18:03:40.200+01:00 INFO : 2 points above threshold
2026-09-06T18:03:40.214+01:00 INFO : Filtering template 62/96 segment 2/5
2026-09-06T18:03:40.232+01:00 INFO : Filtering template 62/96 segment 3/5
2026-09-06T18:03:40.250+01:00 INFO : Filtering template 62/96 segment 4/5
2026-09-06T18:03:40.268+01:00 INFO : 5 points above threshold
2026-09-06T18:03:40.275+01:00 INFO : Filtering template 62/96 segment 5/5
2026-09-06T18:03:40.293+01:00 INFO : 62: generating IMRPhenomD from 30.0 Hz
2026-09-06T18:03:40.296+01:00 INFO : Decompressing waveform using inline_linear
2026-09-06T18:03:40.301+01:00 INFO : Filtering template 63/96 segment 1/5
2026-09-06T18:03:40.321+01:00 INFO : Filtering template 63/96 segment 2/5
2026-09-06T18:03:40.339+01:00 INFO : 1 points above threshold
2026-09-06T18:03:40.354+01:00 INFO : Filtering template 63/96 segment 3/5
2026-09-06T18:03:40.371+01:00 INFO : 2 points above threshold
2026-09-06T18:03:40.377+01:00 INFO : Filtering template 63/96 segment 4/5
2026-09-06T18:03:40.394+01:00 INFO : 1 points above threshold
2026-09-06T18:03:40.399+01:00 INFO : Filtering template 63/96 segment 5/5
2026-09-06T18:03:40.417+01:00 INFO : 1 points above threshold
2026-09-06T18:03:40.423+01:00 INFO : 63: generating IMRPhenomD from 30.0 Hz
2026-09-06T18:03:40.425+01:00 INFO : Decompressing waveform using inline_linear
2026-09-06T18:03:40.430+01:00 INFO : Filtering template 64/96 segment 1/5
2026-09-06T18:03:40.450+01:00 INFO : 2 points above threshold
2026-09-06T18:03:40.465+01:00 INFO : Filtering template 64/96 segment 2/5
2026-09-06T18:03:40.482+01:00 INFO : 1 points above threshold
2026-09-06T18:03:40.487+01:00 INFO : Filtering template 64/96 segment 3/5
2026-09-06T18:03:40.505+01:00 INFO : Filtering template 64/96 segment 4/5
2026-09-06T18:03:40.523+01:00 INFO : Filtering template 64/96 segment 5/5
2026-09-06T18:03:40.541+01:00 INFO : 64: generating IMRPhenomD from 30.0 Hz
2026-09-06T18:03:40.544+01:00 INFO : Decompressing waveform using inline_linear
2026-09-06T18:03:40.549+01:00 INFO : Filtering template 65/96 segment 1/5
2026-09-06T18:03:40.569+01:00 INFO : 2 points above threshold
2026-09-06T18:03:40.583+01:00 INFO : Filtering template 65/96 segment 2/5
2026-09-06T18:03:40.601+01:00 INFO : 2 points above threshold
2026-09-06T18:03:40.606+01:00 INFO : Filtering template 65/96 segment 3/5
2026-09-06T18:03:40.624+01:00 INFO : 1 points above threshold
2026-09-06T18:03:40.629+01:00 INFO : Filtering template 65/96 segment 4/5
2026-09-06T18:03:40.647+01:00 INFO : 2 points above threshold
2026-09-06T18:03:40.652+01:00 INFO : Filtering template 65/96 segment 5/5
2026-09-06T18:03:40.671+01:00 INFO : 65: generating IMRPhenomD from 30.0 Hz
2026-09-06T18:03:40.674+01:00 INFO : Decompressing waveform using inline_linear
2026-09-06T18:03:40.678+01:00 INFO : Filtering template 66/96 segment 1/5
2026-09-06T18:03:40.698+01:00 INFO : 1 points above threshold
2026-09-06T18:03:40.713+01:00 INFO : Filtering template 66/96 segment 2/5
2026-09-06T18:03:40.731+01:00 INFO : 1 points above threshold
2026-09-06T18:03:40.736+01:00 INFO : Filtering template 66/96 segment 3/5
2026-09-06T18:03:40.754+01:00 INFO : 2 points above threshold
2026-09-06T18:03:40.759+01:00 INFO : Filtering template 66/96 segment 4/5
2026-09-06T18:03:40.777+01:00 INFO : 1 points above threshold
2026-09-06T18:03:40.782+01:00 INFO : Filtering template 66/96 segment 5/5
2026-09-06T18:03:40.800+01:00 INFO : 66: generating IMRPhenomD from 30.0 Hz
2026-09-06T18:03:40.816+01:00 INFO : Decompressing waveform using inline_linear
2026-09-06T18:03:40.821+01:00 INFO : Filtering template 67/96 segment 1/5
2026-09-06T18:03:40.846+01:00 INFO : 3 points above threshold
2026-09-06T18:03:40.866+01:00 INFO : Filtering template 67/96 segment 2/5
2026-09-06T18:03:40.884+01:00 INFO : Filtering template 67/96 segment 3/5
2026-09-06T18:03:40.901+01:00 INFO : 1 points above threshold
2026-09-06T18:03:40.907+01:00 INFO : Filtering template 67/96 segment 4/5
2026-09-06T18:03:40.924+01:00 INFO : Filtering template 67/96 segment 5/5
2026-09-06T18:03:40.943+01:00 INFO : 67: generating IMRPhenomD from 30.0 Hz
2026-09-06T18:03:40.946+01:00 INFO : Decompressing waveform using inline_linear
2026-09-06T18:03:40.950+01:00 INFO : Filtering template 68/96 segment 1/5
2026-09-06T18:03:40.971+01:00 INFO : 1 points above threshold
2026-09-06T18:03:40.987+01:00 INFO : Filtering template 68/96 segment 2/5
2026-09-06T18:03:41.005+01:00 INFO : 1 points above threshold
2026-09-06T18:03:41.010+01:00 INFO : Filtering template 68/96 segment 3/5
2026-09-06T18:03:41.027+01:00 INFO : 1 points above threshold
2026-09-06T18:03:41.033+01:00 INFO : Filtering template 68/96 segment 4/5
2026-09-06T18:03:41.050+01:00 INFO : 1 points above threshold
2026-09-06T18:03:41.056+01:00 INFO : Filtering template 68/96 segment 5/5
2026-09-06T18:03:41.074+01:00 INFO : 1 points above threshold
2026-09-06T18:03:41.079+01:00 INFO : 68: generating IMRPhenomD from 30.0 Hz
2026-09-06T18:03:41.082+01:00 INFO : Decompressing waveform using inline_linear
2026-09-06T18:03:41.086+01:00 INFO : Filtering template 69/96 segment 1/5
2026-09-06T18:03:41.106+01:00 INFO : Filtering template 69/96 segment 2/5
2026-09-06T18:03:41.124+01:00 INFO : Filtering template 69/96 segment 3/5
2026-09-06T18:03:41.142+01:00 INFO : 1 points above threshold
2026-09-06T18:03:41.157+01:00 INFO : Filtering template 69/96 segment 4/5
2026-09-06T18:03:41.175+01:00 INFO : 2 points above threshold
2026-09-06T18:03:41.180+01:00 INFO : Filtering template 69/96 segment 5/5
2026-09-06T18:03:41.198+01:00 INFO : 69: generating IMRPhenomD from 30.0 Hz
2026-09-06T18:03:41.201+01:00 INFO : Decompressing waveform using inline_linear
2026-09-06T18:03:41.205+01:00 INFO : Filtering template 70/96 segment 1/5
2026-09-06T18:03:41.225+01:00 INFO : 2 points above threshold
2026-09-06T18:03:41.240+01:00 INFO : Filtering template 70/96 segment 2/5
2026-09-06T18:03:41.258+01:00 INFO : 2 points above threshold
2026-09-06T18:03:41.263+01:00 INFO : Filtering template 70/96 segment 3/5
2026-09-06T18:03:41.281+01:00 INFO : Filtering template 70/96 segment 4/5
2026-09-06T18:03:41.299+01:00 INFO : 2 points above threshold
2026-09-06T18:03:41.304+01:00 INFO : Filtering template 70/96 segment 5/5
2026-09-06T18:03:41.322+01:00 INFO : 2 points above threshold
2026-09-06T18:03:41.327+01:00 INFO : 70: generating IMRPhenomD from 30.0 Hz
2026-09-06T18:03:41.330+01:00 INFO : Decompressing waveform using inline_linear
2026-09-06T18:03:41.334+01:00 INFO : Filtering template 71/96 segment 1/5
2026-09-06T18:03:41.355+01:00 INFO : Filtering template 71/96 segment 2/5
2026-09-06T18:03:41.372+01:00 INFO : 1 points above threshold
2026-09-06T18:03:41.387+01:00 INFO : Filtering template 71/96 segment 3/5
2026-09-06T18:03:41.405+01:00 INFO : 1 points above threshold
2026-09-06T18:03:41.410+01:00 INFO : Filtering template 71/96 segment 4/5
2026-09-06T18:03:41.428+01:00 INFO : 3 points above threshold
2026-09-06T18:03:41.435+01:00 INFO : Filtering template 71/96 segment 5/5
2026-09-06T18:03:41.453+01:00 INFO : 71: generating IMRPhenomD from 30.0 Hz
2026-09-06T18:03:41.456+01:00 INFO : Decompressing waveform using inline_linear
2026-09-06T18:03:41.460+01:00 INFO : Filtering template 72/96 segment 1/5
2026-09-06T18:03:41.481+01:00 INFO : 2 points above threshold
2026-09-06T18:03:41.495+01:00 INFO : Filtering template 72/96 segment 2/5
2026-09-06T18:03:41.513+01:00 INFO : 1 points above threshold
2026-09-06T18:03:41.518+01:00 INFO : Filtering template 72/96 segment 3/5
2026-09-06T18:03:41.536+01:00 INFO : 1 points above threshold
2026-09-06T18:03:41.541+01:00 INFO : Filtering template 72/96 segment 4/5
2026-09-06T18:03:41.559+01:00 INFO : 3 points above threshold
2026-09-06T18:03:41.566+01:00 INFO : Filtering template 72/96 segment 5/5
2026-09-06T18:03:41.584+01:00 INFO : 3 points above threshold
2026-09-06T18:03:41.591+01:00 INFO : 72: generating IMRPhenomD from 30.0 Hz
2026-09-06T18:03:41.593+01:00 INFO : Decompressing waveform using inline_linear
2026-09-06T18:03:41.598+01:00 INFO : Filtering template 73/96 segment 1/5
2026-09-06T18:03:41.618+01:00 INFO : 1 points above threshold
2026-09-06T18:03:41.633+01:00 INFO : Filtering template 73/96 segment 2/5
2026-09-06T18:03:41.651+01:00 INFO : 1 points above threshold
2026-09-06T18:03:41.656+01:00 INFO : Filtering template 73/96 segment 3/5
2026-09-06T18:03:41.674+01:00 INFO : 1 points above threshold
2026-09-06T18:03:41.679+01:00 INFO : Filtering template 73/96 segment 4/5
2026-09-06T18:03:41.697+01:00 INFO : Filtering template 73/96 segment 5/5
2026-09-06T18:03:41.715+01:00 INFO : 1 points above threshold
2026-09-06T18:03:41.720+01:00 INFO : 73: generating IMRPhenomD from 30.0 Hz
2026-09-06T18:03:41.723+01:00 INFO : Decompressing waveform using inline_linear
2026-09-06T18:03:41.727+01:00 INFO : Filtering template 74/96 segment 1/5
2026-09-06T18:03:41.747+01:00 INFO : 3 points above threshold
2026-09-06T18:03:41.764+01:00 INFO : Filtering template 74/96 segment 2/5
2026-09-06T18:03:41.782+01:00 INFO : 3 points above threshold
2026-09-06T18:03:41.789+01:00 INFO : Filtering template 74/96 segment 3/5
2026-09-06T18:03:41.807+01:00 INFO : Filtering template 74/96 segment 4/5
2026-09-06T18:03:41.825+01:00 INFO : 1 points above threshold
2026-09-06T18:03:41.830+01:00 INFO : Filtering template 74/96 segment 5/5
2026-09-06T18:03:41.848+01:00 INFO : 74: generating IMRPhenomD from 30.0 Hz
2026-09-06T18:03:41.851+01:00 INFO : Decompressing waveform using inline_linear
2026-09-06T18:03:41.855+01:00 INFO : Filtering template 75/96 segment 1/5
2026-09-06T18:03:41.876+01:00 INFO : Filtering template 75/96 segment 2/5
2026-09-06T18:03:41.894+01:00 INFO : 1 points above threshold
2026-09-06T18:03:41.909+01:00 INFO : Filtering template 75/96 segment 3/5
2026-09-06T18:03:41.926+01:00 INFO : 2 points above threshold
2026-09-06T18:03:41.932+01:00 INFO : Filtering template 75/96 segment 4/5
2026-09-06T18:03:41.949+01:00 INFO : Filtering template 75/96 segment 5/5
2026-09-06T18:03:41.967+01:00 INFO : 2 points above threshold
2026-09-06T18:03:41.973+01:00 INFO : 75: generating IMRPhenomD from 30.0 Hz
2026-09-06T18:03:41.975+01:00 INFO : Decompressing waveform using inline_linear
2026-09-06T18:03:41.980+01:00 INFO : Filtering template 76/96 segment 1/5
2026-09-06T18:03:42.000+01:00 INFO : 1 points above threshold
2026-09-06T18:03:42.015+01:00 INFO : Filtering template 76/96 segment 2/5
2026-09-06T18:03:42.033+01:00 INFO : Filtering template 76/96 segment 3/5
2026-09-06T18:03:42.051+01:00 INFO : 1 points above threshold
2026-09-06T18:03:42.056+01:00 INFO : Filtering template 76/96 segment 4/5
2026-09-06T18:03:42.074+01:00 INFO : Filtering template 76/96 segment 5/5
2026-09-06T18:03:42.092+01:00 INFO : 2 points above threshold
2026-09-06T18:03:42.097+01:00 INFO : 76: generating IMRPhenomD from 30.0 Hz
2026-09-06T18:03:42.100+01:00 INFO : Decompressing waveform using inline_linear
2026-09-06T18:03:42.105+01:00 INFO : Filtering template 77/96 segment 1/5
2026-09-06T18:03:42.125+01:00 INFO : Filtering template 77/96 segment 2/5
2026-09-06T18:03:42.143+01:00 INFO : 1 points above threshold
2026-09-06T18:03:42.157+01:00 INFO : Filtering template 77/96 segment 3/5
2026-09-06T18:03:42.175+01:00 INFO : Filtering template 77/96 segment 4/5
2026-09-06T18:03:42.193+01:00 INFO : 1 points above threshold
2026-09-06T18:03:42.198+01:00 INFO : Filtering template 77/96 segment 5/5
2026-09-06T18:03:42.217+01:00 INFO : 77: generating IMRPhenomD from 30.0 Hz
2026-09-06T18:03:42.219+01:00 INFO : Decompressing waveform using inline_linear
2026-09-06T18:03:42.224+01:00 INFO : Filtering template 78/96 segment 1/5
2026-09-06T18:03:42.244+01:00 INFO : Filtering template 78/96 segment 2/5
2026-09-06T18:03:42.262+01:00 INFO : Filtering template 78/96 segment 3/5
2026-09-06T18:03:42.280+01:00 INFO : Filtering template 78/96 segment 4/5
2026-09-06T18:03:42.298+01:00 INFO : 1 points above threshold
2026-09-06T18:03:42.313+01:00 INFO : Filtering template 78/96 segment 5/5
2026-09-06T18:03:42.331+01:00 INFO : 78: generating IMRPhenomD from 30.0 Hz
2026-09-06T18:03:42.334+01:00 INFO : Decompressing waveform using inline_linear
2026-09-06T18:03:42.339+01:00 INFO : Filtering template 79/96 segment 1/5
2026-09-06T18:03:42.359+01:00 INFO : 2 points above threshold
2026-09-06T18:03:42.374+01:00 INFO : Filtering template 79/96 segment 2/5
2026-09-06T18:03:42.391+01:00 INFO : Filtering template 79/96 segment 3/5
2026-09-06T18:03:42.409+01:00 INFO : 1 points above threshold
2026-09-06T18:03:42.414+01:00 INFO : Filtering template 79/96 segment 4/5
2026-09-06T18:03:42.432+01:00 INFO : 1 points above threshold
2026-09-06T18:03:42.437+01:00 INFO : Filtering template 79/96 segment 5/5
2026-09-06T18:03:42.455+01:00 INFO : 3 points above threshold
2026-09-06T18:03:42.463+01:00 INFO : 79: generating IMRPhenomD from 30.0 Hz
2026-09-06T18:03:42.465+01:00 INFO : Decompressing waveform using inline_linear
2026-09-06T18:03:42.470+01:00 INFO : Filtering template 80/96 segment 1/5
2026-09-06T18:03:42.490+01:00 INFO : 2 points above threshold
2026-09-06T18:03:42.504+01:00 INFO : Filtering template 80/96 segment 2/5
2026-09-06T18:03:42.522+01:00 INFO : 1 points above threshold
2026-09-06T18:03:42.527+01:00 INFO : Filtering template 80/96 segment 3/5
2026-09-06T18:03:42.545+01:00 INFO : 1 points above threshold
2026-09-06T18:03:42.550+01:00 INFO : Filtering template 80/96 segment 4/5
2026-09-06T18:03:42.568+01:00 INFO : Filtering template 80/96 segment 5/5
2026-09-06T18:03:42.586+01:00 INFO : 1 points above threshold
2026-09-06T18:03:42.591+01:00 INFO : 80: generating IMRPhenomD from 30.0 Hz
2026-09-06T18:03:42.594+01:00 INFO : Decompressing waveform using inline_linear
2026-09-06T18:03:42.599+01:00 INFO : Filtering template 81/96 segment 1/5
2026-09-06T18:03:42.619+01:00 INFO : 1 points above threshold
2026-09-06T18:03:42.635+01:00 INFO : Filtering template 81/96 segment 2/5
2026-09-06T18:03:42.653+01:00 INFO : 2 points above threshold
2026-09-06T18:03:42.658+01:00 INFO : Filtering template 81/96 segment 3/5
2026-09-06T18:03:42.675+01:00 INFO : 1 points above threshold
2026-09-06T18:03:42.681+01:00 INFO : Filtering template 81/96 segment 4/5
2026-09-06T18:03:42.698+01:00 INFO : Filtering template 81/96 segment 5/5
2026-09-06T18:03:42.716+01:00 INFO : 1 points above threshold
2026-09-06T18:03:42.722+01:00 INFO : 81: generating IMRPhenomD from 30.0 Hz
2026-09-06T18:03:42.724+01:00 INFO : Decompressing waveform using inline_linear
2026-09-06T18:03:42.729+01:00 INFO : Filtering template 82/96 segment 1/5
2026-09-06T18:03:42.749+01:00 INFO : Filtering template 82/96 segment 2/5
2026-09-06T18:03:42.767+01:00 INFO : 2 points above threshold
2026-09-06T18:03:42.782+01:00 INFO : Filtering template 82/96 segment 3/5
2026-09-06T18:03:42.800+01:00 INFO : 1 points above threshold
2026-09-06T18:03:42.805+01:00 INFO : Filtering template 82/96 segment 4/5
2026-09-06T18:03:42.823+01:00 INFO : Filtering template 82/96 segment 5/5
2026-09-06T18:03:42.841+01:00 INFO : 82: generating IMRPhenomD from 30.0 Hz
2026-09-06T18:03:42.844+01:00 INFO : Decompressing waveform using inline_linear
2026-09-06T18:03:42.849+01:00 INFO : Filtering template 83/96 segment 1/5
2026-09-06T18:03:42.869+01:00 INFO : 1 points above threshold
2026-09-06T18:03:42.883+01:00 INFO : Filtering template 83/96 segment 2/5
2026-09-06T18:03:42.901+01:00 INFO : 2 points above threshold
2026-09-06T18:03:42.906+01:00 INFO : Filtering template 83/96 segment 3/5
2026-09-06T18:03:42.924+01:00 INFO : 2 points above threshold
2026-09-06T18:03:42.929+01:00 INFO : Filtering template 83/96 segment 4/5
2026-09-06T18:03:42.947+01:00 INFO : 3 points above threshold
2026-09-06T18:03:42.954+01:00 INFO : Filtering template 83/96 segment 5/5
2026-09-06T18:03:42.972+01:00 INFO : 3 points above threshold
2026-09-06T18:03:42.979+01:00 INFO : 83: generating IMRPhenomD from 30.0 Hz
2026-09-06T18:03:42.982+01:00 INFO : Decompressing waveform using inline_linear
2026-09-06T18:03:42.987+01:00 INFO : Filtering template 84/96 segment 1/5
2026-09-06T18:03:43.008+01:00 INFO : Filtering template 84/96 segment 2/5
2026-09-06T18:03:43.027+01:00 INFO : Filtering template 84/96 segment 3/5
2026-09-06T18:03:43.047+01:00 INFO : 1 points above threshold
2026-09-06T18:03:43.065+01:00 INFO : Filtering template 84/96 segment 4/5
2026-09-06T18:03:43.088+01:00 INFO : 3 points above threshold
2026-09-06T18:03:43.096+01:00 INFO : Filtering template 84/96 segment 5/5
2026-09-06T18:03:43.114+01:00 INFO : 84: generating IMRPhenomD from 30.0 Hz
2026-09-06T18:03:43.117+01:00 INFO : Decompressing waveform using inline_linear
2026-09-06T18:03:43.122+01:00 INFO : Filtering template 85/96 segment 1/5
2026-09-06T18:03:43.142+01:00 INFO : 1 points above threshold
2026-09-06T18:03:43.157+01:00 INFO : Filtering template 85/96 segment 2/5
2026-09-06T18:03:43.175+01:00 INFO : 2 points above threshold
2026-09-06T18:03:43.180+01:00 INFO : Filtering template 85/96 segment 3/5
2026-09-06T18:03:43.197+01:00 INFO : 1 points above threshold
2026-09-06T18:03:43.203+01:00 INFO : Filtering template 85/96 segment 4/5
2026-09-06T18:03:43.220+01:00 INFO : 3 points above threshold
2026-09-06T18:03:43.227+01:00 INFO : Filtering template 85/96 segment 5/5
2026-09-06T18:03:43.245+01:00 INFO : 2 points above threshold
2026-09-06T18:03:43.251+01:00 INFO : 85: generating IMRPhenomD from 30.0 Hz
2026-09-06T18:03:43.253+01:00 INFO : Decompressing waveform using inline_linear
2026-09-06T18:03:43.258+01:00 INFO : Filtering template 86/96 segment 1/5
2026-09-06T18:03:43.279+01:00 INFO : 2 points above threshold
2026-09-06T18:03:43.293+01:00 INFO : Filtering template 86/96 segment 2/5
2026-09-06T18:03:43.312+01:00 INFO : 2 points above threshold
2026-09-06T18:03:43.317+01:00 INFO : Filtering template 86/96 segment 3/5
2026-09-06T18:03:43.335+01:00 INFO : 1 points above threshold
2026-09-06T18:03:43.340+01:00 INFO : Filtering template 86/96 segment 4/5
2026-09-06T18:03:43.358+01:00 INFO : 1 points above threshold
2026-09-06T18:03:43.363+01:00 INFO : Filtering template 86/96 segment 5/5
2026-09-06T18:03:43.381+01:00 INFO : 2 points above threshold
2026-09-06T18:03:43.386+01:00 INFO : 86: generating IMRPhenomD from 30.0 Hz
2026-09-06T18:03:43.389+01:00 INFO : Decompressing waveform using inline_linear
2026-09-06T18:03:43.394+01:00 INFO : Filtering template 87/96 segment 1/5
2026-09-06T18:03:43.414+01:00 INFO : 1 points above threshold
2026-09-06T18:03:43.428+01:00 INFO : Filtering template 87/96 segment 2/5
2026-09-06T18:03:43.446+01:00 INFO : 2 points above threshold
2026-09-06T18:03:43.451+01:00 INFO : Filtering template 87/96 segment 3/5
2026-09-06T18:03:43.469+01:00 INFO : 1 points above threshold
2026-09-06T18:03:43.474+01:00 INFO : Filtering template 87/96 segment 4/5
2026-09-06T18:03:43.492+01:00 INFO : 1 points above threshold
2026-09-06T18:03:43.497+01:00 INFO : Filtering template 87/96 segment 5/5
2026-09-06T18:03:43.515+01:00 INFO : 1 points above threshold
2026-09-06T18:03:43.520+01:00 INFO : 87: generating IMRPhenomD from 30.0 Hz
2026-09-06T18:03:43.523+01:00 INFO : Decompressing waveform using inline_linear
2026-09-06T18:03:43.528+01:00 INFO : Filtering template 88/96 segment 1/5
2026-09-06T18:03:43.548+01:00 INFO : 2 points above threshold
2026-09-06T18:03:43.562+01:00 INFO : Filtering template 88/96 segment 2/5
2026-09-06T18:03:43.580+01:00 INFO : 1 points above threshold
2026-09-06T18:03:43.585+01:00 INFO : Filtering template 88/96 segment 3/5
2026-09-06T18:03:43.603+01:00 INFO : Filtering template 88/96 segment 4/5
2026-09-06T18:03:43.621+01:00 INFO : Filtering template 88/96 segment 5/5
2026-09-06T18:03:43.639+01:00 INFO : 2 points above threshold
2026-09-06T18:03:43.644+01:00 INFO : 88: generating IMRPhenomD from 30.0 Hz
2026-09-06T18:03:43.647+01:00 INFO : Decompressing waveform using inline_linear
2026-09-06T18:03:43.652+01:00 INFO : Filtering template 89/96 segment 1/5
2026-09-06T18:03:43.672+01:00 INFO : 2 points above threshold
2026-09-06T18:03:43.686+01:00 INFO : Filtering template 89/96 segment 2/5
2026-09-06T18:03:43.704+01:00 INFO : 1 points above threshold
2026-09-06T18:03:43.709+01:00 INFO : Filtering template 89/96 segment 3/5
2026-09-06T18:03:43.727+01:00 INFO : 2 points above threshold
2026-09-06T18:03:43.732+01:00 INFO : Filtering template 89/96 segment 4/5
2026-09-06T18:03:43.750+01:00 INFO : Filtering template 89/96 segment 5/5
2026-09-06T18:03:43.769+01:00 INFO : 89: generating IMRPhenomD from 30.0 Hz
2026-09-06T18:03:43.771+01:00 INFO : Decompressing waveform using inline_linear
2026-09-06T18:03:43.776+01:00 INFO : Filtering template 90/96 segment 1/5
2026-09-06T18:03:43.796+01:00 INFO : Filtering template 90/96 segment 2/5
2026-09-06T18:03:43.815+01:00 INFO : 1 points above threshold
2026-09-06T18:03:43.830+01:00 INFO : Filtering template 90/96 segment 3/5
2026-09-06T18:03:43.848+01:00 INFO : 3 points above threshold
2026-09-06T18:03:43.855+01:00 INFO : Filtering template 90/96 segment 4/5
2026-09-06T18:03:43.873+01:00 INFO : Filtering template 90/96 segment 5/5
2026-09-06T18:03:43.891+01:00 INFO : 1 points above threshold
2026-09-06T18:03:43.896+01:00 INFO : 90: generating IMRPhenomD from 30.0 Hz
2026-09-06T18:03:43.899+01:00 INFO : Decompressing waveform using inline_linear
2026-09-06T18:03:43.904+01:00 INFO : Filtering template 91/96 segment 1/5
2026-09-06T18:03:43.924+01:00 INFO : Filtering template 91/96 segment 2/5
2026-09-06T18:03:43.941+01:00 INFO : 2 points above threshold
2026-09-06T18:03:43.956+01:00 INFO : Filtering template 91/96 segment 3/5
2026-09-06T18:03:43.974+01:00 INFO : 3 points above threshold
2026-09-06T18:03:43.981+01:00 INFO : Filtering template 91/96 segment 4/5
2026-09-06T18:03:43.999+01:00 INFO : Filtering template 91/96 segment 5/5
2026-09-06T18:03:44.017+01:00 INFO : 1 points above threshold
2026-09-06T18:03:44.022+01:00 INFO : 91: generating IMRPhenomD from 30.0 Hz
2026-09-06T18:03:44.025+01:00 INFO : Decompressing waveform using inline_linear
2026-09-06T18:03:44.030+01:00 INFO : Filtering template 92/96 segment 1/5
2026-09-06T18:03:44.050+01:00 INFO : 2 points above threshold
2026-09-06T18:03:44.064+01:00 INFO : Filtering template 92/96 segment 2/5
2026-09-06T18:03:44.082+01:00 INFO : 1 points above threshold
2026-09-06T18:03:44.087+01:00 INFO : Filtering template 92/96 segment 3/5
2026-09-06T18:03:44.105+01:00 INFO : 2 points above threshold
2026-09-06T18:03:44.110+01:00 INFO : Filtering template 92/96 segment 4/5
2026-09-06T18:03:44.128+01:00 INFO : 1 points above threshold
2026-09-06T18:03:44.133+01:00 INFO : Filtering template 92/96 segment 5/5
2026-09-06T18:03:44.151+01:00 INFO : 1 points above threshold
2026-09-06T18:03:44.157+01:00 INFO : 92: generating IMRPhenomD from 30.0 Hz
2026-09-06T18:03:44.159+01:00 INFO : Decompressing waveform using inline_linear
2026-09-06T18:03:44.164+01:00 INFO : Filtering template 93/96 segment 1/5
2026-09-06T18:03:44.184+01:00 INFO : Filtering template 93/96 segment 2/5
2026-09-06T18:03:44.202+01:00 INFO : 3 points above threshold
2026-09-06T18:03:44.218+01:00 INFO : Filtering template 93/96 segment 3/5
2026-09-06T18:03:44.236+01:00 INFO : 3 points above threshold
2026-09-06T18:03:44.243+01:00 INFO : Filtering template 93/96 segment 4/5
2026-09-06T18:03:44.261+01:00 INFO : 1 points above threshold
2026-09-06T18:03:44.266+01:00 INFO : Filtering template 93/96 segment 5/5
2026-09-06T18:03:44.284+01:00 INFO : 1 points above threshold
2026-09-06T18:03:44.289+01:00 INFO : 93: generating IMRPhenomD from 30.0 Hz
2026-09-06T18:03:44.292+01:00 INFO : Decompressing waveform using inline_linear
2026-09-06T18:03:44.297+01:00 INFO : Filtering template 94/96 segment 1/5
2026-09-06T18:03:44.317+01:00 INFO : 1 points above threshold
2026-09-06T18:03:44.332+01:00 INFO : Filtering template 94/96 segment 2/5
2026-09-06T18:03:44.350+01:00 INFO : 2 points above threshold
2026-09-06T18:03:44.355+01:00 INFO : Filtering template 94/96 segment 3/5
2026-09-06T18:03:44.373+01:00 INFO : 4 points above threshold
2026-09-06T18:03:44.378+01:00 INFO : Filtering template 94/96 segment 4/5
2026-09-06T18:03:44.396+01:00 INFO : Filtering template 94/96 segment 5/5
2026-09-06T18:03:44.414+01:00 INFO : 2 points above threshold
2026-09-06T18:03:44.419+01:00 INFO : 94: generating IMRPhenomD from 30.0 Hz
2026-09-06T18:03:44.422+01:00 INFO : Decompressing waveform using inline_linear
2026-09-06T18:03:44.426+01:00 INFO : Filtering template 95/96 segment 1/5
2026-09-06T18:03:44.447+01:00 INFO : 3 points above threshold
2026-09-06T18:03:44.463+01:00 INFO : Filtering template 95/96 segment 2/5
2026-09-06T18:03:44.481+01:00 INFO : 2 points above threshold
2026-09-06T18:03:44.486+01:00 INFO : Filtering template 95/96 segment 3/5
2026-09-06T18:03:44.504+01:00 INFO : 2 points above threshold
2026-09-06T18:03:44.509+01:00 INFO : Filtering template 95/96 segment 4/5
2026-09-06T18:03:44.527+01:00 INFO : 1 points above threshold
2026-09-06T18:03:44.532+01:00 INFO : Filtering template 95/96 segment 5/5
2026-09-06T18:03:44.550+01:00 INFO : 95: generating IMRPhenomD from 30.0 Hz
2026-09-06T18:03:44.553+01:00 INFO : Decompressing waveform using inline_linear
2026-09-06T18:03:44.558+01:00 INFO : Filtering template 96/96 segment 1/5
2026-09-06T18:03:44.578+01:00 INFO : 2 points above threshold
2026-09-06T18:03:44.592+01:00 INFO : Filtering template 96/96 segment 2/5
2026-09-06T18:03:44.610+01:00 INFO : Filtering template 96/96 segment 3/5
2026-09-06T18:03:44.628+01:00 INFO : Filtering template 96/96 segment 4/5
2026-09-06T18:03:44.646+01:00 INFO : 1 points above threshold
2026-09-06T18:03:44.651+01:00 INFO : Filtering template 96/96 segment 5/5
2026-09-06T18:03:44.670+01:00 INFO : We currently have 527 triggers
2026-09-06T18:03:44.670+01:00 INFO : Removing triggers with NewSNR below threshold
2026-09-06T18:03:44.670+01:00 INFO : 477 remaining triggers
2026-09-06T18:03:44.670+01:00 INFO : Outputting 477 triggers
2026-09-06T18:03:44.670+01:00 INFO : Writing out triggers
2026-09-06T18:03:44.681+01:00 INFO : Finished
