2026-09-06T20:09:49.221+01:00 INFO : Running with CPU support: 1 threads
2026-09-06T20:09:49.221+01:00 INFO : Reading Frames
2026-09-06T20:09:55.915+01:00 INFO : Highpass Filtering
2026-09-06T20:09:56.368+01:00 INFO : Resampling data
2026-09-06T20:09:56.380+01:00 INFO : Converting to float32
/home/xangma/pycbc-torch-inspiral-reference-20260906/source-v5/pycbc/types/array.py:872: RuntimeWarning: divide by zero encountered in divide
  return self._data.__rtruediv__(other)
2026-09-06T20:10:01.465+01:00 INFO : Highpass Filtering
2026-09-06T20:10:01.957+01:00 INFO : Remove Padding
2026-09-06T20:10:01.980+01:00 INFO : Making frequency-domain data segments
2026-09-06T20:10:04.501+01:00 INFO : Overwhitening frequency-domain data segments
2026-09-06T20:10:04.521+01:00 INFO : Read in template bank
2026-09-06T20:10:04.531+01:00 INFO : Full template bank size: 96
2026-09-06T20:10:04.532+01:00 INFO : Template bank size after thinning: 96
2026-09-06T20:10:04.532+01:00 INFO : 0: generating IMRPhenomD from 30.0 Hz
2026-09-06T20:10:04.534+01:00 INFO : Decompressing waveform using inline_linear
2026-09-06T20:10:04.541+01:00 INFO : Filtering template 1/96 segment 1/5
2026-09-06T20:10:04.587+01:00 INFO : 1 points above threshold
2026-09-06T20:10:04.610+01:00 INFO : Filtering template 1/96 segment 2/5
2026-09-06T20:10:04.627+01:00 INFO : Filtering template 1/96 segment 3/5
2026-09-06T20:10:04.645+01:00 INFO : 1 points above threshold
2026-09-06T20:10:04.650+01:00 INFO : Filtering template 1/96 segment 4/5
2026-09-06T20:10:04.668+01:00 INFO : Filtering template 1/96 segment 5/5
2026-09-06T20:10:04.686+01:00 INFO : 1 points above threshold
2026-09-06T20:10:04.691+01:00 INFO : 1: generating IMRPhenomD from 30.0 Hz
2026-09-06T20:10:04.694+01:00 INFO : Decompressing waveform using inline_linear
2026-09-06T20:10:04.699+01:00 INFO : Filtering template 2/96 segment 1/5
2026-09-06T20:10:04.719+01:00 INFO : 1 points above threshold
2026-09-06T20:10:04.734+01:00 INFO : Filtering template 2/96 segment 2/5
2026-09-06T20:10:04.751+01:00 INFO : 1 points above threshold
2026-09-06T20:10:04.757+01:00 INFO : Filtering template 2/96 segment 3/5
2026-09-06T20:10:04.774+01:00 INFO : 2 points above threshold
2026-09-06T20:10:04.781+01:00 INFO : Filtering template 2/96 segment 4/5
2026-09-06T20:10:04.799+01:00 INFO : Filtering template 2/96 segment 5/5
2026-09-06T20:10:04.816+01:00 INFO : 1 points above threshold
2026-09-06T20:10:04.822+01:00 INFO : 2: generating IMRPhenomD from 30.0 Hz
2026-09-06T20:10:04.824+01:00 INFO : Decompressing waveform using inline_linear
2026-09-06T20:10:04.829+01:00 INFO : Filtering template 3/96 segment 1/5
2026-09-06T20:10:04.849+01:00 INFO : 3 points above threshold
2026-09-06T20:10:04.868+01:00 INFO : Filtering template 3/96 segment 2/5
2026-09-06T20:10:04.886+01:00 INFO : Filtering template 3/96 segment 3/5
2026-09-06T20:10:04.904+01:00 INFO : 1 points above threshold
2026-09-06T20:10:04.909+01:00 INFO : Filtering template 3/96 segment 4/5
2026-09-06T20:10:04.926+01:00 INFO : 1 points above threshold
2026-09-06T20:10:04.931+01:00 INFO : Filtering template 3/96 segment 5/5
2026-09-06T20:10:04.949+01:00 INFO : 3: generating IMRPhenomD from 30.0 Hz
2026-09-06T20:10:04.952+01:00 INFO : Decompressing waveform using inline_linear
2026-09-06T20:10:04.957+01:00 INFO : Filtering template 4/96 segment 1/5
2026-09-06T20:10:04.977+01:00 INFO : 1 points above threshold
2026-09-06T20:10:04.992+01:00 INFO : Filtering template 4/96 segment 2/5
2026-09-06T20:10:05.010+01:00 INFO : 1 points above threshold
2026-09-06T20:10:05.015+01:00 INFO : Filtering template 4/96 segment 3/5
2026-09-06T20:10:05.032+01:00 INFO : 2 points above threshold
2026-09-06T20:10:05.039+01:00 INFO : Filtering template 4/96 segment 4/5
2026-09-06T20:10:05.057+01:00 INFO : 2 points above threshold
2026-09-06T20:10:05.064+01:00 INFO : Filtering template 4/96 segment 5/5
2026-09-06T20:10:05.081+01:00 INFO : 2 points above threshold
2026-09-06T20:10:05.088+01:00 INFO : 4: generating IMRPhenomD from 30.0 Hz
2026-09-06T20:10:05.091+01:00 INFO : Decompressing waveform using inline_linear
2026-09-06T20:10:05.096+01:00 INFO : Filtering template 5/96 segment 1/5
2026-09-06T20:10:05.116+01:00 INFO : 1 points above threshold
2026-09-06T20:10:05.131+01:00 INFO : Filtering template 5/96 segment 2/5
2026-09-06T20:10:05.149+01:00 INFO : 2 points above threshold
2026-09-06T20:10:05.156+01:00 INFO : Filtering template 5/96 segment 3/5
2026-09-06T20:10:05.173+01:00 INFO : 2 points above threshold
2026-09-06T20:10:05.180+01:00 INFO : Filtering template 5/96 segment 4/5
2026-09-06T20:10:05.198+01:00 INFO : 2 points above threshold
2026-09-06T20:10:05.205+01:00 INFO : Filtering template 5/96 segment 5/5
2026-09-06T20:10:05.223+01:00 INFO : 5: generating IMRPhenomD from 30.0 Hz
2026-09-06T20:10:05.226+01:00 INFO : Decompressing waveform using inline_linear
2026-09-06T20:10:05.230+01:00 INFO : Filtering template 6/96 segment 1/5
2026-09-06T20:10:05.250+01:00 INFO : 1 points above threshold
2026-09-06T20:10:05.266+01:00 INFO : Filtering template 6/96 segment 2/5
2026-09-06T20:10:05.283+01:00 INFO : Filtering template 6/96 segment 3/5
2026-09-06T20:10:05.301+01:00 INFO : Filtering template 6/96 segment 4/5
2026-09-06T20:10:05.319+01:00 INFO : Filtering template 6/96 segment 5/5
2026-09-06T20:10:05.336+01:00 INFO : 1 points above threshold
2026-09-06T20:10:05.341+01:00 INFO : 6: generating IMRPhenomD from 30.0 Hz
2026-09-06T20:10:05.344+01:00 INFO : Decompressing waveform using inline_linear
2026-09-06T20:10:05.349+01:00 INFO : Filtering template 7/96 segment 1/5
2026-09-06T20:10:05.369+01:00 INFO : 2 points above threshold
2026-09-06T20:10:05.386+01:00 INFO : Filtering template 7/96 segment 2/5
2026-09-06T20:10:05.404+01:00 INFO : Filtering template 7/96 segment 3/5
2026-09-06T20:10:05.421+01:00 INFO : Filtering template 7/96 segment 4/5
2026-09-06T20:10:05.439+01:00 INFO : 1 points above threshold
2026-09-06T20:10:05.444+01:00 INFO : Filtering template 7/96 segment 5/5
2026-09-06T20:10:05.462+01:00 INFO : 7: generating IMRPhenomD from 30.0 Hz
2026-09-06T20:10:05.465+01:00 INFO : Decompressing waveform using inline_linear
2026-09-06T20:10:05.469+01:00 INFO : Filtering template 8/96 segment 1/5
2026-09-06T20:10:05.489+01:00 INFO : 2 points above threshold
2026-09-06T20:10:05.507+01:00 INFO : Filtering template 8/96 segment 2/5
2026-09-06T20:10:05.524+01:00 INFO : 1 points above threshold
2026-09-06T20:10:05.529+01:00 INFO : Filtering template 8/96 segment 3/5
2026-09-06T20:10:05.547+01:00 INFO : 4 points above threshold
2026-09-06T20:10:05.556+01:00 INFO : Filtering template 8/96 segment 4/5
2026-09-06T20:10:05.574+01:00 INFO : Filtering template 8/96 segment 5/5
2026-09-06T20:10:05.592+01:00 INFO : 8: generating IMRPhenomD from 30.0 Hz
2026-09-06T20:10:05.595+01:00 INFO : Decompressing waveform using inline_linear
2026-09-06T20:10:05.599+01:00 INFO : Filtering template 9/96 segment 1/5
2026-09-06T20:10:05.619+01:00 INFO : Filtering template 9/96 segment 2/5
2026-09-06T20:10:05.637+01:00 INFO : 1 points above threshold
2026-09-06T20:10:05.650+01:00 INFO : Filtering template 9/96 segment 3/5
2026-09-06T20:10:05.668+01:00 INFO : 2 points above threshold
2026-09-06T20:10:05.675+01:00 INFO : Filtering template 9/96 segment 4/5
2026-09-06T20:10:05.693+01:00 INFO : 1 points above threshold
2026-09-06T20:10:05.698+01:00 INFO : Filtering template 9/96 segment 5/5
2026-09-06T20:10:05.715+01:00 INFO : 3 points above threshold
2026-09-06T20:10:05.725+01:00 INFO : 9: generating IMRPhenomD from 30.0 Hz
2026-09-06T20:10:05.727+01:00 INFO : Decompressing waveform using inline_linear
2026-09-06T20:10:05.732+01:00 INFO : Filtering template 10/96 segment 1/5
2026-09-06T20:10:05.752+01:00 INFO : 1 points above threshold
2026-09-06T20:10:05.765+01:00 INFO : Filtering template 10/96 segment 2/5
2026-09-06T20:10:05.783+01:00 INFO : 1 points above threshold
2026-09-06T20:10:05.788+01:00 INFO : Filtering template 10/96 segment 3/5
2026-09-06T20:10:05.806+01:00 INFO : Filtering template 10/96 segment 4/5
2026-09-06T20:10:05.823+01:00 INFO : 2 points above threshold
2026-09-06T20:10:05.830+01:00 INFO : Filtering template 10/96 segment 5/5
2026-09-06T20:10:05.848+01:00 INFO : 1 points above threshold
2026-09-06T20:10:05.853+01:00 INFO : 10: generating IMRPhenomD from 30.0 Hz
2026-09-06T20:10:05.856+01:00 INFO : Decompressing waveform using inline_linear
2026-09-06T20:10:05.861+01:00 INFO : Filtering template 11/96 segment 1/5
2026-09-06T20:10:05.881+01:00 INFO : 4 points above threshold
2026-09-06T20:10:05.898+01:00 INFO : Filtering template 11/96 segment 2/5
2026-09-06T20:10:05.916+01:00 INFO : 2 points above threshold
2026-09-06T20:10:05.923+01:00 INFO : Filtering template 11/96 segment 3/5
2026-09-06T20:10:05.940+01:00 INFO : 1 points above threshold
2026-09-06T20:10:05.945+01:00 INFO : Filtering template 11/96 segment 4/5
2026-09-06T20:10:05.963+01:00 INFO : Filtering template 11/96 segment 5/5
2026-09-06T20:10:05.981+01:00 INFO : 11: generating IMRPhenomD from 30.0 Hz
2026-09-06T20:10:05.983+01:00 INFO : Decompressing waveform using inline_linear
2026-09-06T20:10:05.988+01:00 INFO : Filtering template 12/96 segment 1/5
2026-09-06T20:10:06.008+01:00 INFO : 1 points above threshold
2026-09-06T20:10:06.022+01:00 INFO : Filtering template 12/96 segment 2/5
2026-09-06T20:10:06.039+01:00 INFO : 1 points above threshold
2026-09-06T20:10:06.044+01:00 INFO : Filtering template 12/96 segment 3/5
2026-09-06T20:10:06.062+01:00 INFO : 1 points above threshold
2026-09-06T20:10:06.067+01:00 INFO : Filtering template 12/96 segment 4/5
2026-09-06T20:10:06.085+01:00 INFO : 3 points above threshold
2026-09-06T20:10:06.094+01:00 INFO : Filtering template 12/96 segment 5/5
2026-09-06T20:10:06.112+01:00 INFO : 12: generating IMRPhenomD from 30.0 Hz
2026-09-06T20:10:06.114+01:00 INFO : Decompressing waveform using inline_linear
2026-09-06T20:10:06.119+01:00 INFO : Filtering template 13/96 segment 1/5
2026-09-06T20:10:06.139+01:00 INFO : Filtering template 13/96 segment 2/5
2026-09-06T20:10:06.157+01:00 INFO : 4 points above threshold
2026-09-06T20:10:06.174+01:00 INFO : Filtering template 13/96 segment 3/5
2026-09-06T20:10:06.192+01:00 INFO : Filtering template 13/96 segment 4/5
2026-09-06T20:10:06.209+01:00 INFO : Filtering template 13/96 segment 5/5
2026-09-06T20:10:06.227+01:00 INFO : 1 points above threshold
2026-09-06T20:10:06.232+01:00 INFO : 13: generating IMRPhenomD from 30.0 Hz
2026-09-06T20:10:06.235+01:00 INFO : Decompressing waveform using inline_linear
2026-09-06T20:10:06.240+01:00 INFO : Filtering template 14/96 segment 1/5
2026-09-06T20:10:06.260+01:00 INFO : 1 points above threshold
2026-09-06T20:10:06.273+01:00 INFO : Filtering template 14/96 segment 2/5
2026-09-06T20:10:06.291+01:00 INFO : 2 points above threshold
2026-09-06T20:10:06.298+01:00 INFO : Filtering template 14/96 segment 3/5
2026-09-06T20:10:06.316+01:00 INFO : 3 points above threshold
2026-09-06T20:10:06.325+01:00 INFO : Filtering template 14/96 segment 4/5
2026-09-06T20:10:06.342+01:00 INFO : 2 points above threshold
2026-09-06T20:10:06.349+01:00 INFO : Filtering template 14/96 segment 5/5
2026-09-06T20:10:06.367+01:00 INFO : 14: generating IMRPhenomD from 30.0 Hz
2026-09-06T20:10:06.370+01:00 INFO : Decompressing waveform using inline_linear
2026-09-06T20:10:06.375+01:00 INFO : Filtering template 15/96 segment 1/5
2026-09-06T20:10:06.395+01:00 INFO : 1 points above threshold
2026-09-06T20:10:06.408+01:00 INFO : Filtering template 15/96 segment 2/5
2026-09-06T20:10:06.426+01:00 INFO : Filtering template 15/96 segment 3/5
2026-09-06T20:10:06.443+01:00 INFO : 1 points above threshold
2026-09-06T20:10:06.449+01:00 INFO : Filtering template 15/96 segment 4/5
2026-09-06T20:10:06.466+01:00 INFO : 1 points above threshold
2026-09-06T20:10:06.471+01:00 INFO : Filtering template 15/96 segment 5/5
2026-09-06T20:10:06.489+01:00 INFO : 3 points above threshold
2026-09-06T20:10:06.498+01:00 INFO : 15: generating IMRPhenomD from 30.0 Hz
2026-09-06T20:10:06.501+01:00 INFO : Decompressing waveform using inline_linear
2026-09-06T20:10:06.506+01:00 INFO : Filtering template 16/96 segment 1/5
2026-09-06T20:10:06.525+01:00 INFO : 1 points above threshold
2026-09-06T20:10:06.539+01:00 INFO : Filtering template 16/96 segment 2/5
2026-09-06T20:10:06.556+01:00 INFO : 2 points above threshold
2026-09-06T20:10:06.563+01:00 INFO : Filtering template 16/96 segment 3/5
2026-09-06T20:10:06.581+01:00 INFO : 3 points above threshold
2026-09-06T20:10:06.590+01:00 INFO : Filtering template 16/96 segment 4/5
2026-09-06T20:10:06.608+01:00 INFO : 2 points above threshold
2026-09-06T20:10:06.615+01:00 INFO : Filtering template 16/96 segment 5/5
2026-09-06T20:10:06.632+01:00 INFO : 16: generating IMRPhenomD from 30.0 Hz
2026-09-06T20:10:06.635+01:00 INFO : Decompressing waveform using inline_linear
2026-09-06T20:10:06.640+01:00 INFO : Filtering template 17/96 segment 1/5
2026-09-06T20:10:06.660+01:00 INFO : 2 points above threshold
2026-09-06T20:10:06.677+01:00 INFO : Filtering template 17/96 segment 2/5
2026-09-06T20:10:06.695+01:00 INFO : 3 points above threshold
2026-09-06T20:10:06.704+01:00 INFO : Filtering template 17/96 segment 3/5
2026-09-06T20:10:06.721+01:00 INFO : Filtering template 17/96 segment 4/5
2026-09-06T20:10:06.739+01:00 INFO : 2 points above threshold
2026-09-06T20:10:06.746+01:00 INFO : Filtering template 17/96 segment 5/5
2026-09-06T20:10:06.763+01:00 INFO : 3 points above threshold
2026-09-06T20:10:06.773+01:00 INFO : 17: generating IMRPhenomD from 30.0 Hz
2026-09-06T20:10:06.775+01:00 INFO : Decompressing waveform using inline_linear
2026-09-06T20:10:06.780+01:00 INFO : Filtering template 18/96 segment 1/5
2026-09-06T20:10:06.800+01:00 INFO : Filtering template 18/96 segment 2/5
2026-09-06T20:10:06.818+01:00 INFO : Filtering template 18/96 segment 3/5
2026-09-06T20:10:06.835+01:00 INFO : 1 points above threshold
2026-09-06T20:10:06.850+01:00 INFO : Filtering template 18/96 segment 4/5
2026-09-06T20:10:06.868+01:00 INFO : Filtering template 18/96 segment 5/5
2026-09-06T20:10:06.885+01:00 INFO : 2 points above threshold
2026-09-06T20:10:06.894+01:00 INFO : 18: generating IMRPhenomD from 30.0 Hz
2026-09-06T20:10:06.896+01:00 INFO : Decompressing waveform using inline_linear
2026-09-06T20:10:06.901+01:00 INFO : Filtering template 19/96 segment 1/5
2026-09-06T20:10:06.921+01:00 INFO : 3 points above threshold
2026-09-06T20:10:06.940+01:00 INFO : Filtering template 19/96 segment 2/5
2026-09-06T20:10:06.958+01:00 INFO : 1 points above threshold
2026-09-06T20:10:06.963+01:00 INFO : Filtering template 19/96 segment 3/5
2026-09-06T20:10:06.980+01:00 INFO : 1 points above threshold
2026-09-06T20:10:06.985+01:00 INFO : Filtering template 19/96 segment 4/5
2026-09-06T20:10:07.003+01:00 INFO : 3 points above threshold
2026-09-06T20:10:07.012+01:00 INFO : Filtering template 19/96 segment 5/5
2026-09-06T20:10:07.029+01:00 INFO : 1 points above threshold
2026-09-06T20:10:07.035+01:00 INFO : 19: generating IMRPhenomD from 30.0 Hz
2026-09-06T20:10:07.038+01:00 INFO : Decompressing waveform using inline_linear
2026-09-06T20:10:07.043+01:00 INFO : Filtering template 20/96 segment 1/5
2026-09-06T20:10:07.062+01:00 INFO : 1 points above threshold
2026-09-06T20:10:07.078+01:00 INFO : Filtering template 20/96 segment 2/5
2026-09-06T20:10:07.095+01:00 INFO : 3 points above threshold
2026-09-06T20:10:07.104+01:00 INFO : Filtering template 20/96 segment 3/5
2026-09-06T20:10:07.122+01:00 INFO : Filtering template 20/96 segment 4/5
2026-09-06T20:10:07.139+01:00 INFO : 2 points above threshold
2026-09-06T20:10:07.146+01:00 INFO : Filtering template 20/96 segment 5/5
2026-09-06T20:10:07.164+01:00 INFO : 20: generating IMRPhenomD from 30.0 Hz
2026-09-06T20:10:07.167+01:00 INFO : Decompressing waveform using inline_linear
2026-09-06T20:10:07.172+01:00 INFO : Filtering template 21/96 segment 1/5
2026-09-06T20:10:07.192+01:00 INFO : 1 points above threshold
2026-09-06T20:10:07.207+01:00 INFO : Filtering template 21/96 segment 2/5
2026-09-06T20:10:07.225+01:00 INFO : 1 points above threshold
2026-09-06T20:10:07.230+01:00 INFO : Filtering template 21/96 segment 3/5
2026-09-06T20:10:07.247+01:00 INFO : 1 points above threshold
2026-09-06T20:10:07.252+01:00 INFO : Filtering template 21/96 segment 4/5
2026-09-06T20:10:07.270+01:00 INFO : Filtering template 21/96 segment 5/5
2026-09-06T20:10:07.288+01:00 INFO : 21: generating IMRPhenomD from 30.0 Hz
2026-09-06T20:10:07.290+01:00 INFO : Decompressing waveform using inline_linear
2026-09-06T20:10:07.295+01:00 INFO : Filtering template 22/96 segment 1/5
2026-09-06T20:10:07.315+01:00 INFO : 5 points above threshold
2026-09-06T20:10:07.337+01:00 INFO : Filtering template 22/96 segment 2/5
2026-09-06T20:10:07.354+01:00 INFO : Filtering template 22/96 segment 3/5
2026-09-06T20:10:07.372+01:00 INFO : Filtering template 22/96 segment 4/5
2026-09-06T20:10:07.390+01:00 INFO : 1 points above threshold
2026-09-06T20:10:07.395+01:00 INFO : Filtering template 22/96 segment 5/5
2026-09-06T20:10:07.412+01:00 INFO : 1 points above threshold
2026-09-06T20:10:07.420+01:00 INFO : 22: generating IMRPhenomD from 30.0 Hz
2026-09-06T20:10:07.423+01:00 INFO : Decompressing waveform using inline_linear
2026-09-06T20:10:07.428+01:00 INFO : Filtering template 23/96 segment 1/5
2026-09-06T20:10:07.448+01:00 INFO : 2 points above threshold
2026-09-06T20:10:07.466+01:00 INFO : Filtering template 23/96 segment 2/5
2026-09-06T20:10:07.483+01:00 INFO : 1 points above threshold
2026-09-06T20:10:07.488+01:00 INFO : Filtering template 23/96 segment 3/5
2026-09-06T20:10:07.506+01:00 INFO : 1 points above threshold
2026-09-06T20:10:07.511+01:00 INFO : Filtering template 23/96 segment 4/5
2026-09-06T20:10:07.529+01:00 INFO : Filtering template 23/96 segment 5/5
2026-09-06T20:10:07.546+01:00 INFO : 23: generating IMRPhenomD from 30.0 Hz
2026-09-06T20:10:07.549+01:00 INFO : Decompressing waveform using inline_linear
2026-09-06T20:10:07.554+01:00 INFO : Filtering template 24/96 segment 1/5
2026-09-06T20:10:07.574+01:00 INFO : 1 points above threshold
2026-09-06T20:10:07.589+01:00 INFO : Filtering template 24/96 segment 2/5
2026-09-06T20:10:07.607+01:00 INFO : 2 points above threshold
2026-09-06T20:10:07.614+01:00 INFO : Filtering template 24/96 segment 3/5
2026-09-06T20:10:07.631+01:00 INFO : 1 points above threshold
2026-09-06T20:10:07.636+01:00 INFO : Filtering template 24/96 segment 4/5
2026-09-06T20:10:07.654+01:00 INFO : Filtering template 24/96 segment 5/5
2026-09-06T20:10:07.671+01:00 INFO : 2 points above threshold
2026-09-06T20:10:07.679+01:00 INFO : 24: generating IMRPhenomD from 30.0 Hz
2026-09-06T20:10:07.681+01:00 INFO : Decompressing waveform using inline_linear
2026-09-06T20:10:07.686+01:00 INFO : Filtering template 25/96 segment 1/5
2026-09-06T20:10:07.706+01:00 INFO : 2 points above threshold
2026-09-06T20:10:07.723+01:00 INFO : Filtering template 25/96 segment 2/5
2026-09-06T20:10:07.741+01:00 INFO : Filtering template 25/96 segment 3/5
2026-09-06T20:10:07.760+01:00 INFO : Filtering template 25/96 segment 4/5
2026-09-06T20:10:07.780+01:00 INFO : Filtering template 25/96 segment 5/5
2026-09-06T20:10:07.800+01:00 INFO : 25: generating IMRPhenomD from 30.0 Hz
2026-09-06T20:10:07.803+01:00 INFO : Decompressing waveform using inline_linear
2026-09-06T20:10:07.807+01:00 INFO : Filtering template 26/96 segment 1/5
2026-09-06T20:10:07.828+01:00 INFO : Filtering template 26/96 segment 2/5
2026-09-06T20:10:07.846+01:00 INFO : 2 points above threshold
2026-09-06T20:10:07.863+01:00 INFO : Filtering template 26/96 segment 3/5
2026-09-06T20:10:07.881+01:00 INFO : Filtering template 26/96 segment 4/5
2026-09-06T20:10:07.898+01:00 INFO : 2 points above threshold
2026-09-06T20:10:07.905+01:00 INFO : Filtering template 26/96 segment 5/5
2026-09-06T20:10:07.923+01:00 INFO : 2 points above threshold
2026-09-06T20:10:07.930+01:00 INFO : 26: generating IMRPhenomD from 30.0 Hz
2026-09-06T20:10:07.933+01:00 INFO : Decompressing waveform using inline_linear
2026-09-06T20:10:07.938+01:00 INFO : Filtering template 27/96 segment 1/5
2026-09-06T20:10:07.958+01:00 INFO : 3 points above threshold
2026-09-06T20:10:07.977+01:00 INFO : Filtering template 27/96 segment 2/5
2026-09-06T20:10:07.995+01:00 INFO : Filtering template 27/96 segment 3/5
2026-09-06T20:10:08.012+01:00 INFO : 1 points above threshold
2026-09-06T20:10:08.017+01:00 INFO : Filtering template 27/96 segment 4/5
2026-09-06T20:10:08.035+01:00 INFO : Filtering template 27/96 segment 5/5
2026-09-06T20:10:08.053+01:00 INFO : 27: generating IMRPhenomD from 30.0 Hz
2026-09-06T20:10:08.056+01:00 INFO : Decompressing waveform using inline_linear
2026-09-06T20:10:08.060+01:00 INFO : Filtering template 28/96 segment 1/5
2026-09-06T20:10:08.080+01:00 INFO : 3 points above threshold
2026-09-06T20:10:08.099+01:00 INFO : Filtering template 28/96 segment 2/5
2026-09-06T20:10:08.117+01:00 INFO : 1 points above threshold
2026-09-06T20:10:08.122+01:00 INFO : Filtering template 28/96 segment 3/5
2026-09-06T20:10:08.140+01:00 INFO : 2 points above threshold
2026-09-06T20:10:08.147+01:00 INFO : Filtering template 28/96 segment 4/5
2026-09-06T20:10:08.164+01:00 INFO : 1 points above threshold
2026-09-06T20:10:08.169+01:00 INFO : Filtering template 28/96 segment 5/5
2026-09-06T20:10:08.187+01:00 INFO : 28: generating IMRPhenomD from 30.0 Hz
2026-09-06T20:10:08.190+01:00 INFO : Decompressing waveform using inline_linear
2026-09-06T20:10:08.195+01:00 INFO : Filtering template 29/96 segment 1/5
2026-09-06T20:10:08.214+01:00 INFO : 2 points above threshold
2026-09-06T20:10:08.231+01:00 INFO : Filtering template 29/96 segment 2/5
2026-09-06T20:10:08.249+01:00 INFO : 2 points above threshold
2026-09-06T20:10:08.256+01:00 INFO : Filtering template 29/96 segment 3/5
2026-09-06T20:10:08.273+01:00 INFO : 1 points above threshold
2026-09-06T20:10:08.279+01:00 INFO : Filtering template 29/96 segment 4/5
2026-09-06T20:10:08.296+01:00 INFO : 2 points above threshold
2026-09-06T20:10:08.303+01:00 INFO : Filtering template 29/96 segment 5/5
2026-09-06T20:10:08.321+01:00 INFO : 2 points above threshold
2026-09-06T20:10:08.328+01:00 INFO : 29: generating IMRPhenomD from 30.0 Hz
2026-09-06T20:10:08.331+01:00 INFO : Decompressing waveform using inline_linear
2026-09-06T20:10:08.335+01:00 INFO : Filtering template 30/96 segment 1/5
2026-09-06T20:10:08.355+01:00 INFO : 1 points above threshold
2026-09-06T20:10:08.372+01:00 INFO : Filtering template 30/96 segment 2/5
2026-09-06T20:10:08.389+01:00 INFO : 1 points above threshold
2026-09-06T20:10:08.394+01:00 INFO : Filtering template 30/96 segment 3/5
2026-09-06T20:10:08.412+01:00 INFO : 1 points above threshold
2026-09-06T20:10:08.417+01:00 INFO : Filtering template 30/96 segment 4/5
2026-09-06T20:10:08.435+01:00 INFO : Filtering template 30/96 segment 5/5
2026-09-06T20:10:08.453+01:00 INFO : 30: generating IMRPhenomD from 30.0 Hz
2026-09-06T20:10:08.455+01:00 INFO : Decompressing waveform using inline_linear
2026-09-06T20:10:08.460+01:00 INFO : Filtering template 31/96 segment 1/5
2026-09-06T20:10:08.480+01:00 INFO : Filtering template 31/96 segment 2/5
2026-09-06T20:10:08.498+01:00 INFO : 1 points above threshold
2026-09-06T20:10:08.514+01:00 INFO : Filtering template 31/96 segment 3/5
2026-09-06T20:10:08.532+01:00 INFO : Filtering template 31/96 segment 4/5
2026-09-06T20:10:08.549+01:00 INFO : 1 points above threshold
2026-09-06T20:10:08.554+01:00 INFO : Filtering template 31/96 segment 5/5
2026-09-06T20:10:08.572+01:00 INFO : 1 points above threshold
2026-09-06T20:10:08.577+01:00 INFO : 31: generating IMRPhenomD from 30.0 Hz
2026-09-06T20:10:08.580+01:00 INFO : Decompressing waveform using inline_linear
2026-09-06T20:10:08.585+01:00 INFO : Filtering template 32/96 segment 1/5
2026-09-06T20:10:08.605+01:00 INFO : Filtering template 32/96 segment 2/5
2026-09-06T20:10:08.622+01:00 INFO : Filtering template 32/96 segment 3/5
2026-09-06T20:10:08.640+01:00 INFO : Filtering template 32/96 segment 4/5
2026-09-06T20:10:08.658+01:00 INFO : 3 points above threshold
2026-09-06T20:10:08.678+01:00 INFO : Filtering template 32/96 segment 5/5
2026-09-06T20:10:08.696+01:00 INFO : 2 points above threshold
2026-09-06T20:10:08.703+01:00 INFO : 32: generating IMRPhenomD from 30.0 Hz
2026-09-06T20:10:08.706+01:00 INFO : Decompressing waveform using inline_linear
2026-09-06T20:10:08.711+01:00 INFO : Filtering template 33/96 segment 1/5
2026-09-06T20:10:08.730+01:00 INFO : 2 points above threshold
2026-09-06T20:10:08.748+01:00 INFO : Filtering template 33/96 segment 2/5
2026-09-06T20:10:08.766+01:00 INFO : Filtering template 33/96 segment 3/5
2026-09-06T20:10:08.784+01:00 INFO : Filtering template 33/96 segment 4/5
2026-09-06T20:10:08.801+01:00 INFO : 1 points above threshold
2026-09-06T20:10:08.807+01:00 INFO : Filtering template 33/96 segment 5/5
2026-09-06T20:10:08.824+01:00 INFO : 33: generating IMRPhenomD from 30.0 Hz
2026-09-06T20:10:08.827+01:00 INFO : Decompressing waveform using inline_linear
2026-09-06T20:10:08.832+01:00 INFO : Filtering template 34/96 segment 1/5
2026-09-06T20:10:08.852+01:00 INFO : Filtering template 34/96 segment 2/5
2026-09-06T20:10:08.870+01:00 INFO : 1 points above threshold
2026-09-06T20:10:08.885+01:00 INFO : Filtering template 34/96 segment 3/5
2026-09-06T20:10:08.903+01:00 INFO : 1 points above threshold
2026-09-06T20:10:08.908+01:00 INFO : Filtering template 34/96 segment 4/5
2026-09-06T20:10:08.926+01:00 INFO : Filtering template 34/96 segment 5/5
2026-09-06T20:10:08.944+01:00 INFO : 1 points above threshold
2026-09-06T20:10:08.949+01:00 INFO : 34: generating IMRPhenomD from 30.0 Hz
2026-09-06T20:10:08.952+01:00 INFO : Decompressing waveform using inline_linear
2026-09-06T20:10:08.956+01:00 INFO : Filtering template 35/96 segment 1/5
2026-09-06T20:10:08.976+01:00 INFO : 1 points above threshold
2026-09-06T20:10:08.992+01:00 INFO : Filtering template 35/96 segment 2/5
2026-09-06T20:10:09.010+01:00 INFO : 1 points above threshold
2026-09-06T20:10:09.015+01:00 INFO : Filtering template 35/96 segment 3/5
2026-09-06T20:10:09.033+01:00 INFO : 1 points above threshold
2026-09-06T20:10:09.038+01:00 INFO : Filtering template 35/96 segment 4/5
2026-09-06T20:10:09.055+01:00 INFO : Filtering template 35/96 segment 5/5
2026-09-06T20:10:09.073+01:00 INFO : 35: generating IMRPhenomD from 30.0 Hz
2026-09-06T20:10:09.076+01:00 INFO : Decompressing waveform using inline_linear
2026-09-06T20:10:09.081+01:00 INFO : Filtering template 36/96 segment 1/5
2026-09-06T20:10:09.101+01:00 INFO : 3 points above threshold
2026-09-06T20:10:09.120+01:00 INFO : Filtering template 36/96 segment 2/5
2026-09-06T20:10:09.138+01:00 INFO : 1 points above threshold
2026-09-06T20:10:09.143+01:00 INFO : Filtering template 36/96 segment 3/5
2026-09-06T20:10:09.161+01:00 INFO : 2 points above threshold
2026-09-06T20:10:09.168+01:00 INFO : Filtering template 36/96 segment 4/5
2026-09-06T20:10:09.185+01:00 INFO : Filtering template 36/96 segment 5/5
2026-09-06T20:10:09.203+01:00 INFO : 1 points above threshold
2026-09-06T20:10:09.208+01:00 INFO : 36: generating IMRPhenomD from 30.0 Hz
2026-09-06T20:10:09.211+01:00 INFO : Decompressing waveform using inline_linear
2026-09-06T20:10:09.216+01:00 INFO : Filtering template 37/96 segment 1/5
2026-09-06T20:10:09.235+01:00 INFO : 2 points above threshold
2026-09-06T20:10:09.252+01:00 INFO : Filtering template 37/96 segment 2/5
2026-09-06T20:10:09.270+01:00 INFO : 3 points above threshold
2026-09-06T20:10:09.279+01:00 INFO : Filtering template 37/96 segment 3/5
2026-09-06T20:10:09.297+01:00 INFO : 1 points above threshold
2026-09-06T20:10:09.302+01:00 INFO : Filtering template 37/96 segment 4/5
2026-09-06T20:10:09.319+01:00 INFO : 3 points above threshold
2026-09-06T20:10:09.329+01:00 INFO : Filtering template 37/96 segment 5/5
2026-09-06T20:10:09.346+01:00 INFO : 37: generating IMRPhenomD from 30.0 Hz
2026-09-06T20:10:09.349+01:00 INFO : Decompressing waveform using inline_linear
2026-09-06T20:10:09.354+01:00 INFO : Filtering template 38/96 segment 1/5
2026-09-06T20:10:09.374+01:00 INFO : Filtering template 38/96 segment 2/5
2026-09-06T20:10:09.391+01:00 INFO : Filtering template 38/96 segment 3/5
2026-09-06T20:10:09.409+01:00 INFO : 1 points above threshold
2026-09-06T20:10:09.424+01:00 INFO : Filtering template 38/96 segment 4/5
2026-09-06T20:10:09.442+01:00 INFO : 1 points above threshold
2026-09-06T20:10:09.447+01:00 INFO : Filtering template 38/96 segment 5/5
2026-09-06T20:10:09.464+01:00 INFO : 1 points above threshold
2026-09-06T20:10:09.470+01:00 INFO : 38: generating IMRPhenomD from 30.0 Hz
2026-09-06T20:10:09.472+01:00 INFO : Decompressing waveform using inline_linear
2026-09-06T20:10:09.477+01:00 INFO : Filtering template 39/96 segment 1/5
2026-09-06T20:10:09.497+01:00 INFO : Filtering template 39/96 segment 2/5
2026-09-06T20:10:09.515+01:00 INFO : 2 points above threshold
2026-09-06T20:10:09.532+01:00 INFO : Filtering template 39/96 segment 3/5
2026-09-06T20:10:09.549+01:00 INFO : Filtering template 39/96 segment 4/5
2026-09-06T20:10:09.567+01:00 INFO : 2 points above threshold
2026-09-06T20:10:09.574+01:00 INFO : Filtering template 39/96 segment 5/5
2026-09-06T20:10:09.592+01:00 INFO : 39: generating IMRPhenomD from 30.0 Hz
2026-09-06T20:10:09.594+01:00 INFO : Decompressing waveform using inline_linear
2026-09-06T20:10:09.599+01:00 INFO : Filtering template 40/96 segment 1/5
2026-09-06T20:10:09.619+01:00 INFO : Filtering template 40/96 segment 2/5
2026-09-06T20:10:09.637+01:00 INFO : Filtering template 40/96 segment 3/5
2026-09-06T20:10:09.654+01:00 INFO : Filtering template 40/96 segment 4/5
2026-09-06T20:10:09.672+01:00 INFO : 2 points above threshold
2026-09-06T20:10:09.689+01:00 INFO : Filtering template 40/96 segment 5/5
2026-09-06T20:10:09.707+01:00 INFO : 40: generating IMRPhenomD from 30.0 Hz
2026-09-06T20:10:09.710+01:00 INFO : Decompressing waveform using inline_linear
2026-09-06T20:10:09.714+01:00 INFO : Filtering template 41/96 segment 1/5
2026-09-06T20:10:09.734+01:00 INFO : Filtering template 41/96 segment 2/5
2026-09-06T20:10:09.752+01:00 INFO : Filtering template 41/96 segment 3/5
2026-09-06T20:10:09.769+01:00 INFO : 2 points above threshold
2026-09-06T20:10:09.786+01:00 INFO : Filtering template 41/96 segment 4/5
2026-09-06T20:10:09.804+01:00 INFO : 2 points above threshold
2026-09-06T20:10:09.811+01:00 INFO : Filtering template 41/96 segment 5/5
2026-09-06T20:10:09.829+01:00 INFO : 41: generating IMRPhenomD from 30.0 Hz
2026-09-06T20:10:09.831+01:00 INFO : Decompressing waveform using inline_linear
2026-09-06T20:10:09.836+01:00 INFO : Filtering template 42/96 segment 1/5
2026-09-06T20:10:09.856+01:00 INFO : Filtering template 42/96 segment 2/5
2026-09-06T20:10:09.874+01:00 INFO : 1 points above threshold
2026-09-06T20:10:09.890+01:00 INFO : Filtering template 42/96 segment 3/5
2026-09-06T20:10:09.907+01:00 INFO : Filtering template 42/96 segment 4/5
2026-09-06T20:10:09.925+01:00 INFO : 1 points above threshold
2026-09-06T20:10:09.930+01:00 INFO : Filtering template 42/96 segment 5/5
2026-09-06T20:10:09.947+01:00 INFO : 1 points above threshold
2026-09-06T20:10:09.953+01:00 INFO : 42: generating IMRPhenomD from 30.0 Hz
2026-09-06T20:10:09.956+01:00 INFO : Decompressing waveform using inline_linear
2026-09-06T20:10:09.960+01:00 INFO : Filtering template 43/96 segment 1/5
2026-09-06T20:10:09.981+01:00 INFO : 1 points above threshold
2026-09-06T20:10:09.996+01:00 INFO : Filtering template 43/96 segment 2/5
2026-09-06T20:10:10.014+01:00 INFO : 2 points above threshold
2026-09-06T20:10:10.020+01:00 INFO : Filtering template 43/96 segment 3/5
2026-09-06T20:10:10.038+01:00 INFO : 1 points above threshold
2026-09-06T20:10:10.043+01:00 INFO : Filtering template 43/96 segment 4/5
2026-09-06T20:10:10.061+01:00 INFO : Filtering template 43/96 segment 5/5
2026-09-06T20:10:10.079+01:00 INFO : 43: generating IMRPhenomD from 30.0 Hz
2026-09-06T20:10:10.082+01:00 INFO : Decompressing waveform using inline_linear
2026-09-06T20:10:10.087+01:00 INFO : Filtering template 44/96 segment 1/5
2026-09-06T20:10:10.107+01:00 INFO : 1 points above threshold
2026-09-06T20:10:10.122+01:00 INFO : Filtering template 44/96 segment 2/5
2026-09-06T20:10:10.139+01:00 INFO : Filtering template 44/96 segment 3/5
2026-09-06T20:10:10.157+01:00 INFO : Filtering template 44/96 segment 4/5
2026-09-06T20:10:10.175+01:00 INFO : 1 points above threshold
2026-09-06T20:10:10.180+01:00 INFO : Filtering template 44/96 segment 5/5
2026-09-06T20:10:10.198+01:00 INFO : 44: generating IMRPhenomD from 30.0 Hz
2026-09-06T20:10:10.201+01:00 INFO : Decompressing waveform using inline_linear
2026-09-06T20:10:10.206+01:00 INFO : Filtering template 45/96 segment 1/5
2026-09-06T20:10:10.225+01:00 INFO : 2 points above threshold
2026-09-06T20:10:10.242+01:00 INFO : Filtering template 45/96 segment 2/5
2026-09-06T20:10:10.260+01:00 INFO : 1 points above threshold
2026-09-06T20:10:10.265+01:00 INFO : Filtering template 45/96 segment 3/5
2026-09-06T20:10:10.283+01:00 INFO : 1 points above threshold
2026-09-06T20:10:10.288+01:00 INFO : Filtering template 45/96 segment 4/5
2026-09-06T20:10:10.305+01:00 INFO : Filtering template 45/96 segment 5/5
2026-09-06T20:10:10.323+01:00 INFO : 45: generating IMRPhenomD from 30.0 Hz
2026-09-06T20:10:10.326+01:00 INFO : Decompressing waveform using inline_linear
2026-09-06T20:10:10.331+01:00 INFO : Filtering template 46/96 segment 1/5
2026-09-06T20:10:10.350+01:00 INFO : Filtering template 46/96 segment 2/5
2026-09-06T20:10:10.368+01:00 INFO : Filtering template 46/96 segment 3/5
2026-09-06T20:10:10.386+01:00 INFO : 1 points above threshold
2026-09-06T20:10:10.401+01:00 INFO : Filtering template 46/96 segment 4/5
2026-09-06T20:10:10.419+01:00 INFO : 3 points above threshold
2026-09-06T20:10:10.428+01:00 INFO : Filtering template 46/96 segment 5/5
2026-09-06T20:10:10.445+01:00 INFO : 1 points above threshold
2026-09-06T20:10:10.450+01:00 INFO : 46: generating IMRPhenomD from 30.0 Hz
2026-09-06T20:10:10.453+01:00 INFO : Decompressing waveform using inline_linear
2026-09-06T20:10:10.458+01:00 INFO : Filtering template 47/96 segment 1/5
2026-09-06T20:10:10.478+01:00 INFO : 3 points above threshold
2026-09-06T20:10:10.497+01:00 INFO : Filtering template 47/96 segment 2/5
2026-09-06T20:10:10.515+01:00 INFO : Filtering template 47/96 segment 3/5
2026-09-06T20:10:10.532+01:00 INFO : 2 points above threshold
2026-09-06T20:10:10.539+01:00 INFO : Filtering template 47/96 segment 4/5
2026-09-06T20:10:10.557+01:00 INFO : 1 points above threshold
2026-09-06T20:10:10.562+01:00 INFO : Filtering template 47/96 segment 5/5
2026-09-06T20:10:10.580+01:00 INFO : 1 points above threshold
2026-09-06T20:10:10.585+01:00 INFO : 47: generating IMRPhenomD from 30.0 Hz
2026-09-06T20:10:10.588+01:00 INFO : Decompressing waveform using inline_linear
2026-09-06T20:10:10.593+01:00 INFO : Filtering template 48/96 segment 1/5
2026-09-06T20:10:10.613+01:00 INFO : 3 points above threshold
2026-09-06T20:10:10.632+01:00 INFO : Filtering template 48/96 segment 2/5
2026-09-06T20:10:10.650+01:00 INFO : 1 points above threshold
2026-09-06T20:10:10.655+01:00 INFO : Filtering template 48/96 segment 3/5
2026-09-06T20:10:10.672+01:00 INFO : 1 points above threshold
2026-09-06T20:10:10.677+01:00 INFO : Filtering template 48/96 segment 4/5
2026-09-06T20:10:10.695+01:00 INFO : 2 points above threshold
2026-09-06T20:10:10.702+01:00 INFO : Filtering template 48/96 segment 5/5
2026-09-06T20:10:10.720+01:00 INFO : 1 points above threshold
2026-09-06T20:10:10.725+01:00 INFO : 48: generating IMRPhenomD from 30.0 Hz
2026-09-06T20:10:10.728+01:00 INFO : Decompressing waveform using inline_linear
2026-09-06T20:10:10.733+01:00 INFO : Filtering template 49/96 segment 1/5
2026-09-06T20:10:10.752+01:00 INFO : 1 points above threshold
2026-09-06T20:10:10.767+01:00 INFO : Filtering template 49/96 segment 2/5
2026-09-06T20:10:10.785+01:00 INFO : 1 points above threshold
2026-09-06T20:10:10.790+01:00 INFO : Filtering template 49/96 segment 3/5
2026-09-06T20:10:10.808+01:00 INFO : 2 points above threshold
2026-09-06T20:10:10.815+01:00 INFO : Filtering template 49/96 segment 4/5
2026-09-06T20:10:10.832+01:00 INFO : Filtering template 49/96 segment 5/5
2026-09-06T20:10:10.850+01:00 INFO : 49: generating IMRPhenomD from 30.0 Hz
2026-09-06T20:10:10.867+01:00 INFO : Decompressing waveform using inline_linear
2026-09-06T20:10:10.872+01:00 INFO : Filtering template 50/96 segment 1/5
2026-09-06T20:10:10.895+01:00 INFO : Filtering template 50/96 segment 2/5
2026-09-06T20:10:10.912+01:00 INFO : 2 points above threshold
2026-09-06T20:10:10.934+01:00 INFO : Filtering template 50/96 segment 3/5
2026-09-06T20:10:10.951+01:00 INFO : 4 points above threshold
2026-09-06T20:10:10.960+01:00 INFO : Filtering template 50/96 segment 4/5
2026-09-06T20:10:10.978+01:00 INFO : 2 points above threshold
2026-09-06T20:10:10.985+01:00 INFO : Filtering template 50/96 segment 5/5
2026-09-06T20:10:11.002+01:00 INFO : 50: generating IMRPhenomD from 30.0 Hz
2026-09-06T20:10:11.005+01:00 INFO : Decompressing waveform using inline_linear
2026-09-06T20:10:11.010+01:00 INFO : Filtering template 51/96 segment 1/5
2026-09-06T20:10:11.030+01:00 INFO : 1 points above threshold
2026-09-06T20:10:11.045+01:00 INFO : Filtering template 51/96 segment 2/5
2026-09-06T20:10:11.063+01:00 INFO : 1 points above threshold
2026-09-06T20:10:11.068+01:00 INFO : Filtering template 51/96 segment 3/5
2026-09-06T20:10:11.085+01:00 INFO : Filtering template 51/96 segment 4/5
2026-09-06T20:10:11.103+01:00 INFO : 1 points above threshold
2026-09-06T20:10:11.108+01:00 INFO : Filtering template 51/96 segment 5/5
2026-09-06T20:10:11.126+01:00 INFO : 2 points above threshold
2026-09-06T20:10:11.133+01:00 INFO : 51: generating IMRPhenomD from 30.0 Hz
2026-09-06T20:10:11.136+01:00 INFO : Decompressing waveform using inline_linear
2026-09-06T20:10:11.141+01:00 INFO : Filtering template 52/96 segment 1/5
2026-09-06T20:10:11.160+01:00 INFO : 1 points above threshold
2026-09-06T20:10:11.175+01:00 INFO : Filtering template 52/96 segment 2/5
2026-09-06T20:10:11.193+01:00 INFO : 1 points above threshold
2026-09-06T20:10:11.198+01:00 INFO : Filtering template 52/96 segment 3/5
2026-09-06T20:10:11.216+01:00 INFO : Filtering template 52/96 segment 4/5
2026-09-06T20:10:11.233+01:00 INFO : 3 points above threshold
2026-09-06T20:10:11.243+01:00 INFO : Filtering template 52/96 segment 5/5
2026-09-06T20:10:11.260+01:00 INFO : 1 points above threshold
2026-09-06T20:10:11.265+01:00 INFO : 52: generating IMRPhenomD from 30.0 Hz
2026-09-06T20:10:11.268+01:00 INFO : Decompressing waveform using inline_linear
2026-09-06T20:10:11.273+01:00 INFO : Filtering template 53/96 segment 1/5
2026-09-06T20:10:11.293+01:00 INFO : 3 points above threshold
2026-09-06T20:10:11.312+01:00 INFO : Filtering template 53/96 segment 2/5
2026-09-06T20:10:11.330+01:00 INFO : 2 points above threshold
2026-09-06T20:10:11.337+01:00 INFO : Filtering template 53/96 segment 3/5
2026-09-06T20:10:11.354+01:00 INFO : 2 points above threshold
2026-09-06T20:10:11.361+01:00 INFO : Filtering template 53/96 segment 4/5
2026-09-06T20:10:11.379+01:00 INFO : 1 points above threshold
2026-09-06T20:10:11.384+01:00 INFO : Filtering template 53/96 segment 5/5
2026-09-06T20:10:11.402+01:00 INFO : 1 points above threshold
2026-09-06T20:10:11.407+01:00 INFO : 53: generating IMRPhenomD from 30.0 Hz
2026-09-06T20:10:11.410+01:00 INFO : Decompressing waveform using inline_linear
2026-09-06T20:10:11.415+01:00 INFO : Filtering template 54/96 segment 1/5
2026-09-06T20:10:11.434+01:00 INFO : Filtering template 54/96 segment 2/5
2026-09-06T20:10:11.452+01:00 INFO : Filtering template 54/96 segment 3/5
2026-09-06T20:10:11.470+01:00 INFO : 2 points above threshold
2026-09-06T20:10:11.487+01:00 INFO : Filtering template 54/96 segment 4/5
2026-09-06T20:10:11.504+01:00 INFO : 5 points above threshold
2026-09-06T20:10:11.516+01:00 INFO : Filtering template 54/96 segment 5/5
2026-09-06T20:10:11.534+01:00 INFO : 54: generating IMRPhenomD from 30.0 Hz
2026-09-06T20:10:11.537+01:00 INFO : Decompressing waveform using inline_linear
2026-09-06T20:10:11.541+01:00 INFO : Filtering template 55/96 segment 1/5
2026-09-06T20:10:11.561+01:00 INFO : Filtering template 55/96 segment 2/5
2026-09-06T20:10:11.579+01:00 INFO : 1 points above threshold
2026-09-06T20:10:11.594+01:00 INFO : Filtering template 55/96 segment 3/5
2026-09-06T20:10:11.612+01:00 INFO : 3 points above threshold
2026-09-06T20:10:11.621+01:00 INFO : Filtering template 55/96 segment 4/5
2026-09-06T20:10:11.638+01:00 INFO : 1 points above threshold
2026-09-06T20:10:11.644+01:00 INFO : Filtering template 55/96 segment 5/5
2026-09-06T20:10:11.661+01:00 INFO : 1 points above threshold
2026-09-06T20:10:11.666+01:00 INFO : 55: generating IMRPhenomD from 30.0 Hz
2026-09-06T20:10:11.669+01:00 INFO : Decompressing waveform using inline_linear
2026-09-06T20:10:11.674+01:00 INFO : Filtering template 56/96 segment 1/5
2026-09-06T20:10:11.694+01:00 INFO : 1 points above threshold
2026-09-06T20:10:11.709+01:00 INFO : Filtering template 56/96 segment 2/5
2026-09-06T20:10:11.727+01:00 INFO : 1 points above threshold
2026-09-06T20:10:11.732+01:00 INFO : Filtering template 56/96 segment 3/5
2026-09-06T20:10:11.750+01:00 INFO : 3 points above threshold
2026-09-06T20:10:11.759+01:00 INFO : Filtering template 56/96 segment 4/5
2026-09-06T20:10:11.776+01:00 INFO : Filtering template 56/96 segment 5/5
2026-09-06T20:10:11.794+01:00 INFO : 1 points above threshold
2026-09-06T20:10:11.799+01:00 INFO : 56: generating IMRPhenomD from 30.0 Hz
2026-09-06T20:10:11.802+01:00 INFO : Decompressing waveform using inline_linear
2026-09-06T20:10:11.807+01:00 INFO : Filtering template 57/96 segment 1/5
2026-09-06T20:10:11.827+01:00 INFO : 1 points above threshold
2026-09-06T20:10:11.842+01:00 INFO : Filtering template 57/96 segment 2/5
2026-09-06T20:10:11.859+01:00 INFO : 2 points above threshold
2026-09-06T20:10:11.866+01:00 INFO : Filtering template 57/96 segment 3/5
2026-09-06T20:10:11.884+01:00 INFO : 2 points above threshold
2026-09-06T20:10:11.891+01:00 INFO : Filtering template 57/96 segment 4/5
2026-09-06T20:10:11.909+01:00 INFO : 2 points above threshold
2026-09-06T20:10:11.916+01:00 INFO : Filtering template 57/96 segment 5/5
2026-09-06T20:10:11.934+01:00 INFO : 57: generating IMRPhenomD from 30.0 Hz
2026-09-06T20:10:11.936+01:00 INFO : Decompressing waveform using inline_linear
2026-09-06T20:10:11.941+01:00 INFO : Filtering template 58/96 segment 1/5
2026-09-06T20:10:11.961+01:00 INFO : 1 points above threshold
2026-09-06T20:10:11.976+01:00 INFO : Filtering template 58/96 segment 2/5
2026-09-06T20:10:11.994+01:00 INFO : 2 points above threshold
2026-09-06T20:10:12.001+01:00 INFO : Filtering template 58/96 segment 3/5
2026-09-06T20:10:12.019+01:00 INFO : 1 points above threshold
2026-09-06T20:10:12.024+01:00 INFO : Filtering template 58/96 segment 4/5
2026-09-06T20:10:12.041+01:00 INFO : 1 points above threshold
2026-09-06T20:10:12.047+01:00 INFO : Filtering template 58/96 segment 5/5
2026-09-06T20:10:12.064+01:00 INFO : 2 points above threshold
2026-09-06T20:10:12.071+01:00 INFO : 58: generating IMRPhenomD from 30.0 Hz
2026-09-06T20:10:12.074+01:00 INFO : Decompressing waveform using inline_linear
2026-09-06T20:10:12.079+01:00 INFO : Filtering template 59/96 segment 1/5
2026-09-06T20:10:12.099+01:00 INFO : 1 points above threshold
2026-09-06T20:10:12.114+01:00 INFO : Filtering template 59/96 segment 2/5
2026-09-06T20:10:12.132+01:00 INFO : 2 points above threshold
2026-09-06T20:10:12.139+01:00 INFO : Filtering template 59/96 segment 3/5
2026-09-06T20:10:12.156+01:00 INFO : 2 points above threshold
2026-09-06T20:10:12.163+01:00 INFO : Filtering template 59/96 segment 4/5
2026-09-06T20:10:12.181+01:00 INFO : 1 points above threshold
2026-09-06T20:10:12.187+01:00 INFO : Filtering template 59/96 segment 5/5
2026-09-06T20:10:12.204+01:00 INFO : 59: generating IMRPhenomD from 30.0 Hz
2026-09-06T20:10:12.207+01:00 INFO : Decompressing waveform using inline_linear
2026-09-06T20:10:12.212+01:00 INFO : Filtering template 60/96 segment 1/5
2026-09-06T20:10:12.232+01:00 INFO : Filtering template 60/96 segment 2/5
2026-09-06T20:10:12.249+01:00 INFO : Filtering template 60/96 segment 3/5
2026-09-06T20:10:12.267+01:00 INFO : 1 points above threshold
2026-09-06T20:10:12.282+01:00 INFO : Filtering template 60/96 segment 4/5
2026-09-06T20:10:12.300+01:00 INFO : 2 points above threshold
2026-09-06T20:10:12.307+01:00 INFO : Filtering template 60/96 segment 5/5
2026-09-06T20:10:12.325+01:00 INFO : 60: generating IMRPhenomD from 30.0 Hz
2026-09-06T20:10:12.328+01:00 INFO : Decompressing waveform using inline_linear
2026-09-06T20:10:12.332+01:00 INFO : Filtering template 61/96 segment 1/5
2026-09-06T20:10:12.352+01:00 INFO : Filtering template 61/96 segment 2/5
2026-09-06T20:10:12.370+01:00 INFO : 2 points above threshold
2026-09-06T20:10:12.387+01:00 INFO : Filtering template 61/96 segment 3/5
2026-09-06T20:10:12.404+01:00 INFO : 1 points above threshold
2026-09-06T20:10:12.410+01:00 INFO : Filtering template 61/96 segment 4/5
2026-09-06T20:10:12.427+01:00 INFO : 1 points above threshold
2026-09-06T20:10:12.432+01:00 INFO : Filtering template 61/96 segment 5/5
2026-09-06T20:10:12.450+01:00 INFO : 61: generating IMRPhenomD from 30.0 Hz
2026-09-06T20:10:12.453+01:00 INFO : Decompressing waveform using inline_linear
2026-09-06T20:10:12.458+01:00 INFO : Filtering template 62/96 segment 1/5
2026-09-06T20:10:12.478+01:00 INFO : 2 points above threshold
2026-09-06T20:10:12.495+01:00 INFO : Filtering template 62/96 segment 2/5
2026-09-06T20:10:12.512+01:00 INFO : Filtering template 62/96 segment 3/5
2026-09-06T20:10:12.530+01:00 INFO : Filtering template 62/96 segment 4/5
2026-09-06T20:10:12.547+01:00 INFO : 5 points above threshold
2026-09-06T20:10:12.559+01:00 INFO : Filtering template 62/96 segment 5/5
2026-09-06T20:10:12.577+01:00 INFO : 62: generating IMRPhenomD from 30.0 Hz
2026-09-06T20:10:12.580+01:00 INFO : Decompressing waveform using inline_linear
2026-09-06T20:10:12.584+01:00 INFO : Filtering template 63/96 segment 1/5
2026-09-06T20:10:12.604+01:00 INFO : Filtering template 63/96 segment 2/5
2026-09-06T20:10:12.622+01:00 INFO : 1 points above threshold
2026-09-06T20:10:12.637+01:00 INFO : Filtering template 63/96 segment 3/5
2026-09-06T20:10:12.655+01:00 INFO : 2 points above threshold
2026-09-06T20:10:12.662+01:00 INFO : Filtering template 63/96 segment 4/5
2026-09-06T20:10:12.679+01:00 INFO : 1 points above threshold
2026-09-06T20:10:12.684+01:00 INFO : Filtering template 63/96 segment 5/5
2026-09-06T20:10:12.702+01:00 INFO : 1 points above threshold
2026-09-06T20:10:12.707+01:00 INFO : 63: generating IMRPhenomD from 30.0 Hz
2026-09-06T20:10:12.710+01:00 INFO : Decompressing waveform using inline_linear
2026-09-06T20:10:12.715+01:00 INFO : Filtering template 64/96 segment 1/5
2026-09-06T20:10:12.734+01:00 INFO : 2 points above threshold
2026-09-06T20:10:12.751+01:00 INFO : Filtering template 64/96 segment 2/5
2026-09-06T20:10:12.769+01:00 INFO : 1 points above threshold
2026-09-06T20:10:12.774+01:00 INFO : Filtering template 64/96 segment 3/5
2026-09-06T20:10:12.792+01:00 INFO : Filtering template 64/96 segment 4/5
2026-09-06T20:10:12.809+01:00 INFO : Filtering template 64/96 segment 5/5
2026-09-06T20:10:12.828+01:00 INFO : 64: generating IMRPhenomD from 30.0 Hz
2026-09-06T20:10:12.831+01:00 INFO : Decompressing waveform using inline_linear
2026-09-06T20:10:12.835+01:00 INFO : Filtering template 65/96 segment 1/5
2026-09-06T20:10:12.856+01:00 INFO : 2 points above threshold
2026-09-06T20:10:12.875+01:00 INFO : Filtering template 65/96 segment 2/5
2026-09-06T20:10:12.895+01:00 INFO : 2 points above threshold
2026-09-06T20:10:12.902+01:00 INFO : Filtering template 65/96 segment 3/5
2026-09-06T20:10:12.920+01:00 INFO : 1 points above threshold
2026-09-06T20:10:12.925+01:00 INFO : Filtering template 65/96 segment 4/5
2026-09-06T20:10:12.943+01:00 INFO : 2 points above threshold
2026-09-06T20:10:12.950+01:00 INFO : Filtering template 65/96 segment 5/5
2026-09-06T20:10:12.968+01:00 INFO : 65: generating IMRPhenomD from 30.0 Hz
2026-09-06T20:10:12.971+01:00 INFO : Decompressing waveform using inline_linear
2026-09-06T20:10:12.975+01:00 INFO : Filtering template 66/96 segment 1/5
2026-09-06T20:10:12.995+01:00 INFO : 1 points above threshold
2026-09-06T20:10:13.010+01:00 INFO : Filtering template 66/96 segment 2/5
2026-09-06T20:10:13.028+01:00 INFO : 1 points above threshold
2026-09-06T20:10:13.033+01:00 INFO : Filtering template 66/96 segment 3/5
2026-09-06T20:10:13.050+01:00 INFO : 2 points above threshold
2026-09-06T20:10:13.057+01:00 INFO : Filtering template 66/96 segment 4/5
2026-09-06T20:10:13.075+01:00 INFO : 1 points above threshold
2026-09-06T20:10:13.080+01:00 INFO : Filtering template 66/96 segment 5/5
2026-09-06T20:10:13.098+01:00 INFO : 66: generating IMRPhenomD from 30.0 Hz
2026-09-06T20:10:13.101+01:00 INFO : Decompressing waveform using inline_linear
2026-09-06T20:10:13.105+01:00 INFO : Filtering template 67/96 segment 1/5
2026-09-06T20:10:13.126+01:00 INFO : 3 points above threshold
2026-09-06T20:10:13.145+01:00 INFO : Filtering template 67/96 segment 2/5
2026-09-06T20:10:13.162+01:00 INFO : Filtering template 67/96 segment 3/5
2026-09-06T20:10:13.180+01:00 INFO : 1 points above threshold
2026-09-06T20:10:13.186+01:00 INFO : Filtering template 67/96 segment 4/5
2026-09-06T20:10:13.203+01:00 INFO : Filtering template 67/96 segment 5/5
2026-09-06T20:10:13.221+01:00 INFO : 67: generating IMRPhenomD from 30.0 Hz
2026-09-06T20:10:13.224+01:00 INFO : Decompressing waveform using inline_linear
2026-09-06T20:10:13.229+01:00 INFO : Filtering template 68/96 segment 1/5
2026-09-06T20:10:13.249+01:00 INFO : 1 points above threshold
2026-09-06T20:10:13.264+01:00 INFO : Filtering template 68/96 segment 2/5
2026-09-06T20:10:13.281+01:00 INFO : 1 points above threshold
2026-09-06T20:10:13.286+01:00 INFO : Filtering template 68/96 segment 3/5
2026-09-06T20:10:13.304+01:00 INFO : 1 points above threshold
2026-09-06T20:10:13.309+01:00 INFO : Filtering template 68/96 segment 4/5
2026-09-06T20:10:13.327+01:00 INFO : 1 points above threshold
2026-09-06T20:10:13.332+01:00 INFO : Filtering template 68/96 segment 5/5
2026-09-06T20:10:13.349+01:00 INFO : 1 points above threshold
2026-09-06T20:10:13.354+01:00 INFO : 68: generating IMRPhenomD from 30.0 Hz
2026-09-06T20:10:13.357+01:00 INFO : Decompressing waveform using inline_linear
2026-09-06T20:10:13.362+01:00 INFO : Filtering template 69/96 segment 1/5
2026-09-06T20:10:13.382+01:00 INFO : Filtering template 69/96 segment 2/5
2026-09-06T20:10:13.399+01:00 INFO : Filtering template 69/96 segment 3/5
2026-09-06T20:10:13.417+01:00 INFO : 1 points above threshold
2026-09-06T20:10:13.432+01:00 INFO : Filtering template 69/96 segment 4/5
2026-09-06T20:10:13.450+01:00 INFO : 2 points above threshold
2026-09-06T20:10:13.456+01:00 INFO : Filtering template 69/96 segment 5/5
2026-09-06T20:10:13.474+01:00 INFO : 69: generating IMRPhenomD from 30.0 Hz
2026-09-06T20:10:13.477+01:00 INFO : Decompressing waveform using inline_linear
2026-09-06T20:10:13.482+01:00 INFO : Filtering template 70/96 segment 1/5
2026-09-06T20:10:13.502+01:00 INFO : 2 points above threshold
2026-09-06T20:10:13.519+01:00 INFO : Filtering template 70/96 segment 2/5
2026-09-06T20:10:13.536+01:00 INFO : 2 points above threshold
2026-09-06T20:10:13.543+01:00 INFO : Filtering template 70/96 segment 3/5
2026-09-06T20:10:13.561+01:00 INFO : Filtering template 70/96 segment 4/5
2026-09-06T20:10:13.578+01:00 INFO : 2 points above threshold
2026-09-06T20:10:13.585+01:00 INFO : Filtering template 70/96 segment 5/5
2026-09-06T20:10:13.603+01:00 INFO : 2 points above threshold
2026-09-06T20:10:13.610+01:00 INFO : 70: generating IMRPhenomD from 30.0 Hz
2026-09-06T20:10:13.613+01:00 INFO : Decompressing waveform using inline_linear
2026-09-06T20:10:13.617+01:00 INFO : Filtering template 71/96 segment 1/5
2026-09-06T20:10:13.637+01:00 INFO : Filtering template 71/96 segment 2/5
2026-09-06T20:10:13.655+01:00 INFO : 1 points above threshold
2026-09-06T20:10:13.671+01:00 INFO : Filtering template 71/96 segment 3/5
2026-09-06T20:10:13.689+01:00 INFO : 1 points above threshold
2026-09-06T20:10:13.694+01:00 INFO : Filtering template 71/96 segment 4/5
2026-09-06T20:10:13.711+01:00 INFO : 3 points above threshold
2026-09-06T20:10:13.721+01:00 INFO : Filtering template 71/96 segment 5/5
2026-09-06T20:10:13.739+01:00 INFO : 71: generating IMRPhenomD from 30.0 Hz
2026-09-06T20:10:13.741+01:00 INFO : Decompressing waveform using inline_linear
2026-09-06T20:10:13.746+01:00 INFO : Filtering template 72/96 segment 1/5
2026-09-06T20:10:13.766+01:00 INFO : 2 points above threshold
2026-09-06T20:10:13.784+01:00 INFO : Filtering template 72/96 segment 2/5
2026-09-06T20:10:13.802+01:00 INFO : 1 points above threshold
2026-09-06T20:10:13.807+01:00 INFO : Filtering template 72/96 segment 3/5
2026-09-06T20:10:13.824+01:00 INFO : 1 points above threshold
2026-09-06T20:10:13.829+01:00 INFO : Filtering template 72/96 segment 4/5
2026-09-06T20:10:13.847+01:00 INFO : 3 points above threshold
2026-09-06T20:10:13.856+01:00 INFO : Filtering template 72/96 segment 5/5
2026-09-06T20:10:13.874+01:00 INFO : 3 points above threshold
2026-09-06T20:10:13.883+01:00 INFO : 72: generating IMRPhenomD from 30.0 Hz
2026-09-06T20:10:13.886+01:00 INFO : Decompressing waveform using inline_linear
2026-09-06T20:10:13.891+01:00 INFO : Filtering template 73/96 segment 1/5
2026-09-06T20:10:13.910+01:00 INFO : 1 points above threshold
2026-09-06T20:10:13.927+01:00 INFO : Filtering template 73/96 segment 2/5
2026-09-06T20:10:13.945+01:00 INFO : 1 points above threshold
2026-09-06T20:10:13.950+01:00 INFO : Filtering template 73/96 segment 3/5
2026-09-06T20:10:13.967+01:00 INFO : 1 points above threshold
2026-09-06T20:10:13.973+01:00 INFO : Filtering template 73/96 segment 4/5
2026-09-06T20:10:13.990+01:00 INFO : Filtering template 73/96 segment 5/5
2026-09-06T20:10:14.008+01:00 INFO : 1 points above threshold
2026-09-06T20:10:14.013+01:00 INFO : 73: generating IMRPhenomD from 30.0 Hz
2026-09-06T20:10:14.016+01:00 INFO : Decompressing waveform using inline_linear
2026-09-06T20:10:14.021+01:00 INFO : Filtering template 74/96 segment 1/5
2026-09-06T20:10:14.041+01:00 INFO : 3 points above threshold
2026-09-06T20:10:14.061+01:00 INFO : Filtering template 74/96 segment 2/5
2026-09-06T20:10:14.079+01:00 INFO : 3 points above threshold
2026-09-06T20:10:14.088+01:00 INFO : Filtering template 74/96 segment 3/5
2026-09-06T20:10:14.106+01:00 INFO : Filtering template 74/96 segment 4/5
2026-09-06T20:10:14.123+01:00 INFO : 1 points above threshold
2026-09-06T20:10:14.129+01:00 INFO : Filtering template 74/96 segment 5/5
2026-09-06T20:10:14.146+01:00 INFO : 74: generating IMRPhenomD from 30.0 Hz
2026-09-06T20:10:14.149+01:00 INFO : Decompressing waveform using inline_linear
2026-09-06T20:10:14.154+01:00 INFO : Filtering template 75/96 segment 1/5
2026-09-06T20:10:14.174+01:00 INFO : Filtering template 75/96 segment 2/5
2026-09-06T20:10:14.191+01:00 INFO : 1 points above threshold
2026-09-06T20:10:14.206+01:00 INFO : Filtering template 75/96 segment 3/5
2026-09-06T20:10:14.224+01:00 INFO : 2 points above threshold
2026-09-06T20:10:14.231+01:00 INFO : Filtering template 75/96 segment 4/5
2026-09-06T20:10:14.249+01:00 INFO : Filtering template 75/96 segment 5/5
2026-09-06T20:10:14.266+01:00 INFO : 2 points above threshold
2026-09-06T20:10:14.274+01:00 INFO : 75: generating IMRPhenomD from 30.0 Hz
2026-09-06T20:10:14.276+01:00 INFO : Decompressing waveform using inline_linear
2026-09-06T20:10:14.281+01:00 INFO : Filtering template 76/96 segment 1/5
2026-09-06T20:10:14.301+01:00 INFO : 1 points above threshold
2026-09-06T20:10:14.316+01:00 INFO : Filtering template 76/96 segment 2/5
2026-09-06T20:10:14.334+01:00 INFO : Filtering template 76/96 segment 3/5
2026-09-06T20:10:14.351+01:00 INFO : 1 points above threshold
2026-09-06T20:10:14.356+01:00 INFO : Filtering template 76/96 segment 4/5
2026-09-06T20:10:14.374+01:00 INFO : Filtering template 76/96 segment 5/5
2026-09-06T20:10:14.392+01:00 INFO : 2 points above threshold
2026-09-06T20:10:14.400+01:00 INFO : 76: generating IMRPhenomD from 30.0 Hz
2026-09-06T20:10:14.403+01:00 INFO : Decompressing waveform using inline_linear
2026-09-06T20:10:14.407+01:00 INFO : Filtering template 77/96 segment 1/5
2026-09-06T20:10:14.427+01:00 INFO : Filtering template 77/96 segment 2/5
2026-09-06T20:10:14.445+01:00 INFO : 1 points above threshold
2026-09-06T20:10:14.460+01:00 INFO : Filtering template 77/96 segment 3/5
2026-09-06T20:10:14.478+01:00 INFO : Filtering template 77/96 segment 4/5
2026-09-06T20:10:14.495+01:00 INFO : 1 points above threshold
2026-09-06T20:10:14.500+01:00 INFO : Filtering template 77/96 segment 5/5
2026-09-06T20:10:14.518+01:00 INFO : 77: generating IMRPhenomD from 30.0 Hz
2026-09-06T20:10:14.521+01:00 INFO : Decompressing waveform using inline_linear
2026-09-06T20:10:14.526+01:00 INFO : Filtering template 78/96 segment 1/5
2026-09-06T20:10:14.546+01:00 INFO : Filtering template 78/96 segment 2/5
2026-09-06T20:10:14.563+01:00 INFO : Filtering template 78/96 segment 3/5
2026-09-06T20:10:14.581+01:00 INFO : Filtering template 78/96 segment 4/5
2026-09-06T20:10:14.599+01:00 INFO : 1 points above threshold
2026-09-06T20:10:14.614+01:00 INFO : Filtering template 78/96 segment 5/5
2026-09-06T20:10:14.632+01:00 INFO : 78: generating IMRPhenomD from 30.0 Hz
2026-09-06T20:10:14.634+01:00 INFO : Decompressing waveform using inline_linear
2026-09-06T20:10:14.639+01:00 INFO : Filtering template 79/96 segment 1/5
2026-09-06T20:10:14.659+01:00 INFO : 2 points above threshold
2026-09-06T20:10:14.676+01:00 INFO : Filtering template 79/96 segment 2/5
2026-09-06T20:10:14.694+01:00 INFO : Filtering template 79/96 segment 3/5
2026-09-06T20:10:14.711+01:00 INFO : 1 points above threshold
2026-09-06T20:10:14.716+01:00 INFO : Filtering template 79/96 segment 4/5
2026-09-06T20:10:14.734+01:00 INFO : 1 points above threshold
2026-09-06T20:10:14.739+01:00 INFO : Filtering template 79/96 segment 5/5
2026-09-06T20:10:14.756+01:00 INFO : 3 points above threshold
2026-09-06T20:10:14.766+01:00 INFO : 79: generating IMRPhenomD from 30.0 Hz
2026-09-06T20:10:14.768+01:00 INFO : Decompressing waveform using inline_linear
2026-09-06T20:10:14.773+01:00 INFO : Filtering template 80/96 segment 1/5
2026-09-06T20:10:14.793+01:00 INFO : 2 points above threshold
2026-09-06T20:10:14.810+01:00 INFO : Filtering template 80/96 segment 2/5
2026-09-06T20:10:14.827+01:00 INFO : 1 points above threshold
2026-09-06T20:10:14.833+01:00 INFO : Filtering template 80/96 segment 3/5
2026-09-06T20:10:14.850+01:00 INFO : 1 points above threshold
2026-09-06T20:10:14.855+01:00 INFO : Filtering template 80/96 segment 4/5
2026-09-06T20:10:14.873+01:00 INFO : Filtering template 80/96 segment 5/5
2026-09-06T20:10:14.891+01:00 INFO : 1 points above threshold
2026-09-06T20:10:14.896+01:00 INFO : 80: generating IMRPhenomD from 30.0 Hz
2026-09-06T20:10:14.899+01:00 INFO : Decompressing waveform using inline_linear
2026-09-06T20:10:14.903+01:00 INFO : Filtering template 81/96 segment 1/5
2026-09-06T20:10:14.923+01:00 INFO : 1 points above threshold
2026-09-06T20:10:14.938+01:00 INFO : Filtering template 81/96 segment 2/5
2026-09-06T20:10:14.956+01:00 INFO : 2 points above threshold
2026-09-06T20:10:14.963+01:00 INFO : Filtering template 81/96 segment 3/5
2026-09-06T20:10:14.981+01:00 INFO : 1 points above threshold
2026-09-06T20:10:14.986+01:00 INFO : Filtering template 81/96 segment 4/5
2026-09-06T20:10:15.003+01:00 INFO : Filtering template 81/96 segment 5/5
2026-09-06T20:10:15.021+01:00 INFO : 1 points above threshold
2026-09-06T20:10:15.029+01:00 INFO : 81: generating IMRPhenomD from 30.0 Hz
2026-09-06T20:10:15.032+01:00 INFO : Decompressing waveform using inline_linear
2026-09-06T20:10:15.036+01:00 INFO : Filtering template 82/96 segment 1/5
2026-09-06T20:10:15.056+01:00 INFO : Filtering template 82/96 segment 2/5
2026-09-06T20:10:15.074+01:00 INFO : 2 points above threshold
2026-09-06T20:10:15.092+01:00 INFO : Filtering template 82/96 segment 3/5
2026-09-06T20:10:15.109+01:00 INFO : 1 points above threshold
2026-09-06T20:10:15.115+01:00 INFO : Filtering template 82/96 segment 4/5
2026-09-06T20:10:15.132+01:00 INFO : Filtering template 82/96 segment 5/5
2026-09-06T20:10:15.150+01:00 INFO : 82: generating IMRPhenomD from 30.0 Hz
2026-09-06T20:10:15.153+01:00 INFO : Decompressing waveform using inline_linear
2026-09-06T20:10:15.158+01:00 INFO : Filtering template 83/96 segment 1/5
2026-09-06T20:10:15.178+01:00 INFO : 1 points above threshold
2026-09-06T20:10:15.193+01:00 INFO : Filtering template 83/96 segment 2/5
2026-09-06T20:10:15.210+01:00 INFO : 2 points above threshold
2026-09-06T20:10:15.217+01:00 INFO : Filtering template 83/96 segment 3/5
2026-09-06T20:10:15.235+01:00 INFO : 2 points above threshold
2026-09-06T20:10:15.242+01:00 INFO : Filtering template 83/96 segment 4/5
2026-09-06T20:10:15.259+01:00 INFO : 3 points above threshold
2026-09-06T20:10:15.269+01:00 INFO : Filtering template 83/96 segment 5/5
2026-09-06T20:10:15.286+01:00 INFO : 3 points above threshold
2026-09-06T20:10:15.296+01:00 INFO : 83: generating IMRPhenomD from 30.0 Hz
2026-09-06T20:10:15.298+01:00 INFO : Decompressing waveform using inline_linear
2026-09-06T20:10:15.303+01:00 INFO : Filtering template 84/96 segment 1/5
2026-09-06T20:10:15.323+01:00 INFO : Filtering template 84/96 segment 2/5
2026-09-06T20:10:15.341+01:00 INFO : Filtering template 84/96 segment 3/5
2026-09-06T20:10:15.358+01:00 INFO : 1 points above threshold
2026-09-06T20:10:15.376+01:00 INFO : Filtering template 84/96 segment 4/5
2026-09-06T20:10:15.393+01:00 INFO : 3 points above threshold
2026-09-06T20:10:15.403+01:00 INFO : Filtering template 84/96 segment 5/5
2026-09-06T20:10:15.420+01:00 INFO : 84: generating IMRPhenomD from 30.0 Hz
2026-09-06T20:10:15.423+01:00 INFO : Decompressing waveform using inline_linear
2026-09-06T20:10:15.428+01:00 INFO : Filtering template 85/96 segment 1/5
2026-09-06T20:10:15.448+01:00 INFO : 1 points above threshold
2026-09-06T20:10:15.463+01:00 INFO : Filtering template 85/96 segment 2/5
2026-09-06T20:10:15.480+01:00 INFO : 2 points above threshold
2026-09-06T20:10:15.487+01:00 INFO : Filtering template 85/96 segment 3/5
2026-09-06T20:10:15.505+01:00 INFO : 1 points above threshold
2026-09-06T20:10:15.510+01:00 INFO : Filtering template 85/96 segment 4/5
2026-09-06T20:10:15.528+01:00 INFO : 3 points above threshold
2026-09-06T20:10:15.537+01:00 INFO : Filtering template 85/96 segment 5/5
2026-09-06T20:10:15.555+01:00 INFO : 2 points above threshold
2026-09-06T20:10:15.562+01:00 INFO : 85: generating IMRPhenomD from 30.0 Hz
2026-09-06T20:10:15.564+01:00 INFO : Decompressing waveform using inline_linear
2026-09-06T20:10:15.569+01:00 INFO : Filtering template 86/96 segment 1/5
2026-09-06T20:10:15.589+01:00 INFO : 2 points above threshold
2026-09-06T20:10:15.606+01:00 INFO : Filtering template 86/96 segment 2/5
2026-09-06T20:10:15.623+01:00 INFO : 2 points above threshold
2026-09-06T20:10:15.630+01:00 INFO : Filtering template 86/96 segment 3/5
2026-09-06T20:10:15.648+01:00 INFO : 1 points above threshold
2026-09-06T20:10:15.653+01:00 INFO : Filtering template 86/96 segment 4/5
2026-09-06T20:10:15.671+01:00 INFO : 1 points above threshold
2026-09-06T20:10:15.676+01:00 INFO : Filtering template 86/96 segment 5/5
2026-09-06T20:10:15.693+01:00 INFO : 2 points above threshold
2026-09-06T20:10:15.701+01:00 INFO : 86: generating IMRPhenomD from 30.0 Hz
2026-09-06T20:10:15.703+01:00 INFO : Decompressing waveform using inline_linear
2026-09-06T20:10:15.708+01:00 INFO : Filtering template 87/96 segment 1/5
2026-09-06T20:10:15.728+01:00 INFO : 1 points above threshold
2026-09-06T20:10:15.743+01:00 INFO : Filtering template 87/96 segment 2/5
2026-09-06T20:10:15.761+01:00 INFO : 2 points above threshold
2026-09-06T20:10:15.768+01:00 INFO : Filtering template 87/96 segment 3/5
2026-09-06T20:10:15.785+01:00 INFO : 1 points above threshold
2026-09-06T20:10:15.790+01:00 INFO : Filtering template 87/96 segment 4/5
2026-09-06T20:10:15.808+01:00 INFO : 1 points above threshold
2026-09-06T20:10:15.813+01:00 INFO : Filtering template 87/96 segment 5/5
2026-09-06T20:10:15.831+01:00 INFO : 1 points above threshold
2026-09-06T20:10:15.836+01:00 INFO : 87: generating IMRPhenomD from 30.0 Hz
2026-09-06T20:10:15.839+01:00 INFO : Decompressing waveform using inline_linear
2026-09-06T20:10:15.843+01:00 INFO : Filtering template 88/96 segment 1/5
2026-09-06T20:10:15.863+01:00 INFO : 2 points above threshold
2026-09-06T20:10:15.880+01:00 INFO : Filtering template 88/96 segment 2/5
2026-09-06T20:10:15.898+01:00 INFO : 1 points above threshold
2026-09-06T20:10:15.903+01:00 INFO : Filtering template 88/96 segment 3/5
2026-09-06T20:10:15.921+01:00 INFO : Filtering template 88/96 segment 4/5
2026-09-06T20:10:15.938+01:00 INFO : Filtering template 88/96 segment 5/5
2026-09-06T20:10:15.956+01:00 INFO : 2 points above threshold
2026-09-06T20:10:15.963+01:00 INFO : 88: generating IMRPhenomD from 30.0 Hz
2026-09-06T20:10:15.966+01:00 INFO : Decompressing waveform using inline_linear
2026-09-06T20:10:15.971+01:00 INFO : Filtering template 89/96 segment 1/5
2026-09-06T20:10:15.991+01:00 INFO : 2 points above threshold
2026-09-06T20:10:16.008+01:00 INFO : Filtering template 89/96 segment 2/5
2026-09-06T20:10:16.026+01:00 INFO : 1 points above threshold
2026-09-06T20:10:16.031+01:00 INFO : Filtering template 89/96 segment 3/5
2026-09-06T20:10:16.048+01:00 INFO : 2 points above threshold
2026-09-06T20:10:16.055+01:00 INFO : Filtering template 89/96 segment 4/5
2026-09-06T20:10:16.073+01:00 INFO : Filtering template 89/96 segment 5/5
2026-09-06T20:10:16.091+01:00 INFO : 89: generating IMRPhenomD from 30.0 Hz
2026-09-06T20:10:16.093+01:00 INFO : Decompressing waveform using inline_linear
2026-09-06T20:10:16.098+01:00 INFO : Filtering template 90/96 segment 1/5
2026-09-06T20:10:16.118+01:00 INFO : Filtering template 90/96 segment 2/5
2026-09-06T20:10:16.136+01:00 INFO : 1 points above threshold
2026-09-06T20:10:16.151+01:00 INFO : Filtering template 90/96 segment 3/5
2026-09-06T20:10:16.169+01:00 INFO : 3 points above threshold
2026-09-06T20:10:16.178+01:00 INFO : Filtering template 90/96 segment 4/5
2026-09-06T20:10:16.195+01:00 INFO : Filtering template 90/96 segment 5/5
2026-09-06T20:10:16.213+01:00 INFO : 1 points above threshold
2026-09-06T20:10:16.218+01:00 INFO : 90: generating IMRPhenomD from 30.0 Hz
2026-09-06T20:10:16.221+01:00 INFO : Decompressing waveform using inline_linear
2026-09-06T20:10:16.226+01:00 INFO : Filtering template 91/96 segment 1/5
2026-09-06T20:10:16.246+01:00 INFO : Filtering template 91/96 segment 2/5
2026-09-06T20:10:16.263+01:00 INFO : 2 points above threshold
2026-09-06T20:10:16.281+01:00 INFO : Filtering template 91/96 segment 3/5
2026-09-06T20:10:16.298+01:00 INFO : 3 points above threshold
2026-09-06T20:10:16.307+01:00 INFO : Filtering template 91/96 segment 4/5
2026-09-06T20:10:16.325+01:00 INFO : Filtering template 91/96 segment 5/5
2026-09-06T20:10:16.343+01:00 INFO : 1 points above threshold
2026-09-06T20:10:16.348+01:00 INFO : 91: generating IMRPhenomD from 30.0 Hz
2026-09-06T20:10:16.351+01:00 INFO : Decompressing waveform using inline_linear
2026-09-06T20:10:16.355+01:00 INFO : Filtering template 92/96 segment 1/5
2026-09-06T20:10:16.375+01:00 INFO : 2 points above threshold
2026-09-06T20:10:16.392+01:00 INFO : Filtering template 92/96 segment 2/5
2026-09-06T20:10:16.410+01:00 INFO : 1 points above threshold
2026-09-06T20:10:16.415+01:00 INFO : Filtering template 92/96 segment 3/5
2026-09-06T20:10:16.433+01:00 INFO : 2 points above threshold
2026-09-06T20:10:16.440+01:00 INFO : Filtering template 92/96 segment 4/5
2026-09-06T20:10:16.457+01:00 INFO : 1 points above threshold
2026-09-06T20:10:16.462+01:00 INFO : Filtering template 92/96 segment 5/5
2026-09-06T20:10:16.480+01:00 INFO : 1 points above threshold
2026-09-06T20:10:16.485+01:00 INFO : 92: generating IMRPhenomD from 30.0 Hz
2026-09-06T20:10:16.488+01:00 INFO : Decompressing waveform using inline_linear
2026-09-06T20:10:16.493+01:00 INFO : Filtering template 93/96 segment 1/5
2026-09-06T20:10:16.512+01:00 INFO : Filtering template 93/96 segment 2/5
2026-09-06T20:10:16.530+01:00 INFO : 3 points above threshold
2026-09-06T20:10:16.549+01:00 INFO : Filtering template 93/96 segment 3/5
2026-09-06T20:10:16.567+01:00 INFO : 3 points above threshold
2026-09-06T20:10:16.576+01:00 INFO : Filtering template 93/96 segment 4/5
2026-09-06T20:10:16.594+01:00 INFO : 1 points above threshold
2026-09-06T20:10:16.599+01:00 INFO : Filtering template 93/96 segment 5/5
2026-09-06T20:10:16.616+01:00 INFO : 1 points above threshold
2026-09-06T20:10:16.622+01:00 INFO : 93: generating IMRPhenomD from 30.0 Hz
2026-09-06T20:10:16.624+01:00 INFO : Decompressing waveform using inline_linear
2026-09-06T20:10:16.629+01:00 INFO : Filtering template 94/96 segment 1/5
2026-09-06T20:10:16.649+01:00 INFO : 1 points above threshold
2026-09-06T20:10:16.664+01:00 INFO : Filtering template 94/96 segment 2/5
2026-09-06T20:10:16.681+01:00 INFO : 2 points above threshold
2026-09-06T20:10:16.688+01:00 INFO : Filtering template 94/96 segment 3/5
2026-09-06T20:10:16.706+01:00 INFO : 4 points above threshold
2026-09-06T20:10:16.715+01:00 INFO : Filtering template 94/96 segment 4/5
2026-09-06T20:10:16.733+01:00 INFO : Filtering template 94/96 segment 5/5
2026-09-06T20:10:16.750+01:00 INFO : 2 points above threshold
2026-09-06T20:10:16.757+01:00 INFO : 94: generating IMRPhenomD from 30.0 Hz
2026-09-06T20:10:16.760+01:00 INFO : Decompressing waveform using inline_linear
2026-09-06T20:10:16.765+01:00 INFO : Filtering template 95/96 segment 1/5
2026-09-06T20:10:16.785+01:00 INFO : 3 points above threshold
2026-09-06T20:10:16.804+01:00 INFO : Filtering template 95/96 segment 2/5
2026-09-06T20:10:16.822+01:00 INFO : 2 points above threshold
2026-09-06T20:10:16.829+01:00 INFO : Filtering template 95/96 segment 3/5
2026-09-06T20:10:16.846+01:00 INFO : 2 points above threshold
2026-09-06T20:10:16.853+01:00 INFO : Filtering template 95/96 segment 4/5
2026-09-06T20:10:16.871+01:00 INFO : 1 points above threshold
2026-09-06T20:10:16.876+01:00 INFO : Filtering template 95/96 segment 5/5
2026-09-06T20:10:16.894+01:00 INFO : 95: generating IMRPhenomD from 30.0 Hz
2026-09-06T20:10:16.913+01:00 INFO : Decompressing waveform using inline_linear
2026-09-06T20:10:16.917+01:00 INFO : Filtering template 96/96 segment 1/5
2026-09-06T20:10:16.940+01:00 INFO : 2 points above threshold
2026-09-06T20:10:16.961+01:00 INFO : Filtering template 96/96 segment 2/5
2026-09-06T20:10:16.979+01:00 INFO : Filtering template 96/96 segment 3/5
2026-09-06T20:10:16.997+01:00 INFO : Filtering template 96/96 segment 4/5
2026-09-06T20:10:17.014+01:00 INFO : 1 points above threshold
2026-09-06T20:10:17.020+01:00 INFO : Filtering template 96/96 segment 5/5
2026-09-06T20:10:17.038+01:00 INFO : We currently have 527 triggers
2026-09-06T20:10:17.038+01:00 INFO : Removing triggers with NewSNR below threshold
2026-09-06T20:10:17.038+01:00 INFO : 475 remaining triggers
2026-09-06T20:10:17.038+01:00 INFO : Outputting 475 triggers
2026-09-06T20:10:17.038+01:00 INFO : Writing out triggers
2026-09-06T20:10:17.048+01:00 INFO : Finished
