...................ssss....ssss.s.......s..s..s...ss......ssss......ss.. [ 22%]
.s...ss...s..s..s....ssssss..ss........ssssssss.s.s.s.s........ssssssss. [ 44%]
.ssssss........ssssssss.sss.sss........ssssssss.sss.sss................. [ 66%]
........................s.........................ssssssss.s.s.s.s.s.s.s [ 89%]
.s.s.s.sss.........................                                      [100%]
=========================== short test summary info ============================
SKIPPED [4] test/test_torch_chisq_precision.py:19: CUDA not available
SKIPPED [4] test/test_torch_sigmasq_series_precision.py:19: CUDA is unavailable
SKIPPED [1] test/test_torch_sigmasq_series_precision.py:79: CUDA is unavailable
SKIPPED [1] test/test_chisq_torch.py:295: CUDA not available
SKIPPED [1] test/test_torch_filter_pipeline.py:83: Torch CUDA device unavailable
SKIPPED [1] test/test_torch_filter_pipeline.py:124: Torch CUDA device unavailable
SKIPPED [2] test/test_torch_filter_pipeline.py:142: Torch CUDA device unavailable
SKIPPED [4] test/test_torch_filter_pipeline.py:183: Torch CUDA device unavailable
SKIPPED [2] test/test_torch_filter_pipeline.py:237: Torch CUDA device unavailable
SKIPPED [1] test/test_torch_filter_pipeline.py:283: Torch CUDA device unavailable
SKIPPED [2] test/test_torch_filter_pipeline.py:323: Torch CUDA device unavailable
SKIPPED [1] test/test_torch_filter_pipeline.py:352: Torch CUDA device unavailable
SKIPPED [1] test/test_torch_filter_pipeline.py:391: Torch CUDA device unavailable
SKIPPED [1] test/test_torch_filter_pipeline.py:435: Torch CUDA device unavailable
SKIPPED [3] test/test_torch_filter_pipeline.py:471: Torch CUDA device unavailable
SKIPPED [3] test/test_torch_filter_pipeline.py:486: Torch MPS PyCBC arrays do not support complex dtypes
SKIPPED [1] test/test_torch_filter_pipeline.py:595: Torch CUDA device unavailable
SKIPPED [1] test/test_torch_filter_pipeline.py:599: Glitch detection requires complex PyCBC arrays on MPS
SKIPPED [8] test/test_torch_filter_pipeline.py:644: Torch CUDA device unavailable
SKIPPED [4] test/test_torch_filter_pipeline.py:651: Torch MPS does not support float64
SKIPPED [8] test/test_torch_filter_pipeline.py:712: Torch CUDA device unavailable
SKIPPED [6] test/test_torch_filter_pipeline.py:725: Torch MPS only supports float32 PyCBC arrays
SKIPPED [8] test/test_torch_filter_pipeline.py:784: Torch CUDA device unavailable
SKIPPED [6] test/test_torch_filter_pipeline.py:792: Torch MPS only supports float32 PyCBC arrays
SKIPPED [8] test/test_torch_filter_pipeline.py:836: Torch CUDA device unavailable
SKIPPED [6] test/test_torch_filter_pipeline.py:851: Torch MPS only supports float32 PyCBC arrays
SKIPPED [1] test/test_torch_chisq_cpu_optimization.py:635: Torch CUDA device unavailable
SKIPPED [8] test/test_torch_chisq_cuda_normalization.py:22: CUDA unavailable
SKIPPED [11] test/test_torch_chisq_cuda_normalization.py:43: CUDA unavailable
SKIPPED [2] test/test_torch_chisq_cuda_normalization.py:47: CUDA unavailable
213 passed, 110 skipped in 5.79s
