Sun Sep  6 09:50:51 AM UTC 2026
6829dc9bcba07ca7d3da44de7589cc4e9fb84da5
tests=0
qlty=0
START cuda-off-b1-n4097-r1 log=/home/xangma/pycbc-taylorf2-triton-20260906/full-v3/cuda-off-b1-n4097-r1.log
DONE cuda-off-b1-n4097-r1 failed 0.11s
START cuda-on-b1-n4097-r1 log=/home/xangma/pycbc-taylorf2-triton-20260906/full-v3/cuda-on-b1-n4097-r1.log
DONE cuda-on-b1-n4097-r1 failed 0.11s
START cuda-on-b1-n4097-r2 log=/home/xangma/pycbc-taylorf2-triton-20260906/full-v3/cuda-on-b1-n4097-r2.log
DONE cuda-on-b1-n4097-r2 failed 0.11s
START cuda-off-b1-n4097-r2 log=/home/xangma/pycbc-taylorf2-triton-20260906/full-v3/cuda-off-b1-n4097-r2.log
DONE cuda-off-b1-n4097-r2 failed 0.11s
START cuda-off-b1-n4097-r3 log=/home/xangma/pycbc-taylorf2-triton-20260906/full-v3/cuda-off-b1-n4097-r3.log
DONE cuda-off-b1-n4097-r3 failed 0.11s
START cuda-on-b1-n4097-r3 log=/home/xangma/pycbc-taylorf2-triton-20260906/full-v3/cuda-on-b1-n4097-r3.log
DONE cuda-on-b1-n4097-r3 failed 0.11s
START cuda-off-b8-n4097-r1 log=/home/xangma/pycbc-taylorf2-triton-20260906/full-v3/cuda-off-b8-n4097-r1.log
DONE cuda-off-b8-n4097-r1 failed 0.11s
START cuda-on-b8-n4097-r1 log=/home/xangma/pycbc-taylorf2-triton-20260906/full-v3/cuda-on-b8-n4097-r1.log
DONE cuda-on-b8-n4097-r1 failed 0.11s
START cuda-on-b8-n4097-r2 log=/home/xangma/pycbc-taylorf2-triton-20260906/full-v3/cuda-on-b8-n4097-r2.log
DONE cuda-on-b8-n4097-r2 failed 0.12s
START cuda-off-b8-n4097-r2 log=/home/xangma/pycbc-taylorf2-triton-20260906/full-v3/cuda-off-b8-n4097-r2.log
DONE cuda-off-b8-n4097-r2 failed 0.12s
START cuda-off-b8-n4097-r3 log=/home/xangma/pycbc-taylorf2-triton-20260906/full-v3/cuda-off-b8-n4097-r3.log
DONE cuda-off-b8-n4097-r3 failed 0.12s
START cuda-on-b8-n4097-r3 log=/home/xangma/pycbc-taylorf2-triton-20260906/full-v3/cuda-on-b8-n4097-r3.log
DONE cuda-on-b8-n4097-r3 failed 0.12s
START cuda-off-b32-n4097-r1 log=/home/xangma/pycbc-taylorf2-triton-20260906/full-v3/cuda-off-b32-n4097-r1.log
DONE cuda-off-b32-n4097-r1 failed 0.12s
START cuda-on-b32-n4097-r1 log=/home/xangma/pycbc-taylorf2-triton-20260906/full-v3/cuda-on-b32-n4097-r1.log
DONE cuda-on-b32-n4097-r1 failed 0.12s
START cuda-on-b32-n4097-r2 log=/home/xangma/pycbc-taylorf2-triton-20260906/full-v3/cuda-on-b32-n4097-r2.log
DONE cuda-on-b32-n4097-r2 failed 0.12s
START cuda-off-b32-n4097-r2 log=/home/xangma/pycbc-taylorf2-triton-20260906/full-v3/cuda-off-b32-n4097-r2.log
DONE cuda-off-b32-n4097-r2 failed 0.12s
START cuda-off-b32-n4097-r3 log=/home/xangma/pycbc-taylorf2-triton-20260906/full-v3/cuda-off-b32-n4097-r3.log
DONE cuda-off-b32-n4097-r3 failed 0.12s
START cuda-on-b32-n4097-r3 log=/home/xangma/pycbc-taylorf2-triton-20260906/full-v3/cuda-on-b32-n4097-r3.log
DONE cuda-on-b32-n4097-r3 failed 0.12s
START cuda-off-b128-n4097-r1 log=/home/xangma/pycbc-taylorf2-triton-20260906/full-v3/cuda-off-b128-n4097-r1.log
DONE cuda-off-b128-n4097-r1 failed 0.12s
START cuda-on-b128-n4097-r1 log=/home/xangma/pycbc-taylorf2-triton-20260906/full-v3/cuda-on-b128-n4097-r1.log
DONE cuda-on-b128-n4097-r1 failed 0.12s
START cuda-on-b128-n4097-r2 log=/home/xangma/pycbc-taylorf2-triton-20260906/full-v3/cuda-on-b128-n4097-r2.log
DONE cuda-on-b128-n4097-r2 failed 0.12s
START cuda-off-b128-n4097-r2 log=/home/xangma/pycbc-taylorf2-triton-20260906/full-v3/cuda-off-b128-n4097-r2.log
DONE cuda-off-b128-n4097-r2 failed 0.12s
START cuda-off-b128-n4097-r3 log=/home/xangma/pycbc-taylorf2-triton-20260906/full-v3/cuda-off-b128-n4097-r3.log
DONE cuda-off-b128-n4097-r3 failed 0.12s
START cuda-on-b128-n4097-r3 log=/home/xangma/pycbc-taylorf2-triton-20260906/full-v3/cuda-on-b128-n4097-r3.log
DONE cuda-on-b128-n4097-r3 failed 0.12s
START cuda-off-b512-n4097-r1 log=/home/xangma/pycbc-taylorf2-triton-20260906/full-v3/cuda-off-b512-n4097-r1.log
DONE cuda-off-b512-n4097-r1 failed 0.12s
START cuda-on-b512-n4097-r1 log=/home/xangma/pycbc-taylorf2-triton-20260906/full-v3/cuda-on-b512-n4097-r1.log
DONE cuda-on-b512-n4097-r1 failed 0.12s
START cuda-on-b512-n4097-r2 log=/home/xangma/pycbc-taylorf2-triton-20260906/full-v3/cuda-on-b512-n4097-r2.log
DONE cuda-on-b512-n4097-r2 failed 0.12s
START cuda-off-b512-n4097-r2 log=/home/xangma/pycbc-taylorf2-triton-20260906/full-v3/cuda-off-b512-n4097-r2.log
DONE cuda-off-b512-n4097-r2 failed 0.12s
START cuda-off-b512-n4097-r3 log=/home/xangma/pycbc-taylorf2-triton-20260906/full-v3/cuda-off-b512-n4097-r3.log
DONE cuda-off-b512-n4097-r3 failed 0.12s
START cuda-on-b512-n4097-r3 log=/home/xangma/pycbc-taylorf2-triton-20260906/full-v3/cuda-on-b512-n4097-r3.log
DONE cuda-on-b512-n4097-r3 failed 0.12s
START cuda-off-b1-n32769-r1 log=/home/xangma/pycbc-taylorf2-triton-20260906/full-v3/cuda-off-b1-n32769-r1.log
DONE cuda-off-b1-n32769-r1 failed 0.12s
START cuda-on-b1-n32769-r1 log=/home/xangma/pycbc-taylorf2-triton-20260906/full-v3/cuda-on-b1-n32769-r1.log
DONE cuda-on-b1-n32769-r1 failed 0.12s
START cuda-on-b1-n32769-r2 log=/home/xangma/pycbc-taylorf2-triton-20260906/full-v3/cuda-on-b1-n32769-r2.log
DONE cuda-on-b1-n32769-r2 failed 0.12s
START cuda-off-b1-n32769-r2 log=/home/xangma/pycbc-taylorf2-triton-20260906/full-v3/cuda-off-b1-n32769-r2.log
DONE cuda-off-b1-n32769-r2 failed 0.12s
START cuda-off-b1-n32769-r3 log=/home/xangma/pycbc-taylorf2-triton-20260906/full-v3/cuda-off-b1-n32769-r3.log
DONE cuda-off-b1-n32769-r3 failed 0.12s
START cuda-on-b1-n32769-r3 log=/home/xangma/pycbc-taylorf2-triton-20260906/full-v3/cuda-on-b1-n32769-r3.log
DONE cuda-on-b1-n32769-r3 failed 0.12s
START cuda-off-b8-n32769-r1 log=/home/xangma/pycbc-taylorf2-triton-20260906/full-v3/cuda-off-b8-n32769-r1.log
DONE cuda-off-b8-n32769-r1 failed 0.12s
START cuda-on-b8-n32769-r1 log=/home/xangma/pycbc-taylorf2-triton-20260906/full-v3/cuda-on-b8-n32769-r1.log
DONE cuda-on-b8-n32769-r1 failed 0.12s
START cuda-on-b8-n32769-r2 log=/home/xangma/pycbc-taylorf2-triton-20260906/full-v3/cuda-on-b8-n32769-r2.log
DONE cuda-on-b8-n32769-r2 failed 0.12s
START cuda-off-b8-n32769-r2 log=/home/xangma/pycbc-taylorf2-triton-20260906/full-v3/cuda-off-b8-n32769-r2.log
DONE cuda-off-b8-n32769-r2 failed 0.12s
START cuda-off-b8-n32769-r3 log=/home/xangma/pycbc-taylorf2-triton-20260906/full-v3/cuda-off-b8-n32769-r3.log
DONE cuda-off-b8-n32769-r3 failed 0.12s
START cuda-on-b8-n32769-r3 log=/home/xangma/pycbc-taylorf2-triton-20260906/full-v3/cuda-on-b8-n32769-r3.log
DONE cuda-on-b8-n32769-r3 failed 0.12s
START cuda-off-b32-n32769-r1 log=/home/xangma/pycbc-taylorf2-triton-20260906/full-v3/cuda-off-b32-n32769-r1.log
DONE cuda-off-b32-n32769-r1 failed 0.12s
START cuda-on-b32-n32769-r1 log=/home/xangma/pycbc-taylorf2-triton-20260906/full-v3/cuda-on-b32-n32769-r1.log
DONE cuda-on-b32-n32769-r1 failed 0.12s
START cuda-on-b32-n32769-r2 log=/home/xangma/pycbc-taylorf2-triton-20260906/full-v3/cuda-on-b32-n32769-r2.log
DONE cuda-on-b32-n32769-r2 failed 0.12s
START cuda-off-b32-n32769-r2 log=/home/xangma/pycbc-taylorf2-triton-20260906/full-v3/cuda-off-b32-n32769-r2.log
DONE cuda-off-b32-n32769-r2 failed 0.12s
START cuda-off-b32-n32769-r3 log=/home/xangma/pycbc-taylorf2-triton-20260906/full-v3/cuda-off-b32-n32769-r3.log
DONE cuda-off-b32-n32769-r3 failed 0.12s
START cuda-on-b32-n32769-r3 log=/home/xangma/pycbc-taylorf2-triton-20260906/full-v3/cuda-on-b32-n32769-r3.log
DONE cuda-on-b32-n32769-r3 failed 0.12s
START cuda-off-b128-n32769-r1 log=/home/xangma/pycbc-taylorf2-triton-20260906/full-v3/cuda-off-b128-n32769-r1.log
DONE cuda-off-b128-n32769-r1 failed 0.12s
START cuda-on-b128-n32769-r1 log=/home/xangma/pycbc-taylorf2-triton-20260906/full-v3/cuda-on-b128-n32769-r1.log
DONE cuda-on-b128-n32769-r1 failed 0.12s
START cuda-on-b128-n32769-r2 log=/home/xangma/pycbc-taylorf2-triton-20260906/full-v3/cuda-on-b128-n32769-r2.log
DONE cuda-on-b128-n32769-r2 failed 0.12s
START cuda-off-b128-n32769-r2 log=/home/xangma/pycbc-taylorf2-triton-20260906/full-v3/cuda-off-b128-n32769-r2.log
DONE cuda-off-b128-n32769-r2 failed 0.12s
START cuda-off-b128-n32769-r3 log=/home/xangma/pycbc-taylorf2-triton-20260906/full-v3/cuda-off-b128-n32769-r3.log
DONE cuda-off-b128-n32769-r3 failed 0.12s
START cuda-on-b128-n32769-r3 log=/home/xangma/pycbc-taylorf2-triton-20260906/full-v3/cuda-on-b128-n32769-r3.log
DONE cuda-on-b128-n32769-r3 failed 0.12s
START cuda-off-b512-n32769-r1 log=/home/xangma/pycbc-taylorf2-triton-20260906/full-v3/cuda-off-b512-n32769-r1.log
DONE cuda-off-b512-n32769-r1 failed 0.12s
START cuda-on-b512-n32769-r1 log=/home/xangma/pycbc-taylorf2-triton-20260906/full-v3/cuda-on-b512-n32769-r1.log
DONE cuda-on-b512-n32769-r1 failed 0.12s
START cuda-on-b512-n32769-r2 log=/home/xangma/pycbc-taylorf2-triton-20260906/full-v3/cuda-on-b512-n32769-r2.log
DONE cuda-on-b512-n32769-r2 failed 0.12s
START cuda-off-b512-n32769-r2 log=/home/xangma/pycbc-taylorf2-triton-20260906/full-v3/cuda-off-b512-n32769-r2.log
DONE cuda-off-b512-n32769-r2 failed 0.12s
START cuda-off-b512-n32769-r3 log=/home/xangma/pycbc-taylorf2-triton-20260906/full-v3/cuda-off-b512-n32769-r3.log
DONE cuda-off-b512-n32769-r3 failed 0.12s
START cuda-on-b512-n32769-r3 log=/home/xangma/pycbc-taylorf2-triton-20260906/full-v3/cuda-on-b512-n32769-r3.log
DONE cuda-on-b512-n32769-r3 failed 0.12s
Sun Sep  6 09:51:09 AM UTC 2026
