2026-09-06T20:01:05.536+01:00 INFO : Running with CPU support: 1 threads
2026-09-06T20:01:05.536+01:00 INFO : Reading Frames
2026-09-06T20:01:12.234+01:00 INFO : Highpass Filtering
2026-09-06T20:01:12.698+01:00 INFO : Resampling data
2026-09-06T20:01:12.710+01:00 INFO : Converting to float32
/home/xangma/pycbc-torch-inspiral-reference-20260906/source-v5/pycbc/types/array.py:872: RuntimeWarning: divide by zero encountered in divide
  return self._data.__rtruediv__(other)
2026-09-06T20:01:17.798+01:00 INFO : Highpass Filtering
2026-09-06T20:01:18.286+01:00 INFO : Remove Padding
2026-09-06T20:01:18.309+01:00 INFO : Making frequency-domain data segments
2026-09-06T20:01:20.826+01:00 INFO : Overwhitening frequency-domain data segments
2026-09-06T20:01:20.846+01:00 INFO : Read in template bank
2026-09-06T20:01:20.856+01:00 INFO : Full template bank size: 96
2026-09-06T20:01:20.856+01:00 INFO : Template bank size after thinning: 96
2026-09-06T20:01:20.856+01:00 INFO : 0: generating IMRPhenomD from 30.0 Hz
2026-09-06T20:01:20.859+01:00 INFO : Decompressing waveform using inline_linear
2026-09-06T20:01:20.865+01:00 INFO : Filtering template 1/96 segment 1/5
2026-09-06T20:01:20.909+01:00 INFO : 1 points above threshold
2026-09-06T20:01:20.930+01:00 INFO : Filtering template 1/96 segment 2/5
2026-09-06T20:01:20.947+01:00 INFO : Filtering template 1/96 segment 3/5
2026-09-06T20:01:20.965+01:00 INFO : 1 points above threshold
2026-09-06T20:01:20.970+01:00 INFO : Filtering template 1/96 segment 4/5
2026-09-06T20:01:20.988+01:00 INFO : Filtering template 1/96 segment 5/5
2026-09-06T20:01:21.006+01:00 INFO : 1 points above threshold
2026-09-06T20:01:21.011+01:00 INFO : 1: generating IMRPhenomD from 30.0 Hz
2026-09-06T20:01:21.014+01:00 INFO : Decompressing waveform using inline_linear
2026-09-06T20:01:21.019+01:00 INFO : Filtering template 2/96 segment 1/5
2026-09-06T20:01:21.039+01:00 INFO : 1 points above threshold
2026-09-06T20:01:21.055+01:00 INFO : Filtering template 2/96 segment 2/5
2026-09-06T20:01:21.073+01:00 INFO : 1 points above threshold
2026-09-06T20:01:21.078+01:00 INFO : Filtering template 2/96 segment 3/5
2026-09-06T20:01:21.096+01:00 INFO : 2 points above threshold
2026-09-06T20:01:21.103+01:00 INFO : Filtering template 2/96 segment 4/5
2026-09-06T20:01:21.121+01:00 INFO : Filtering template 2/96 segment 5/5
2026-09-06T20:01:21.138+01:00 INFO : 1 points above threshold
2026-09-06T20:01:21.144+01:00 INFO : 2: generating IMRPhenomD from 30.0 Hz
2026-09-06T20:01:21.146+01:00 INFO : Decompressing waveform using inline_linear
2026-09-06T20:01:21.151+01:00 INFO : Filtering template 3/96 segment 1/5
2026-09-06T20:01:21.171+01:00 INFO : 3 points above threshold
2026-09-06T20:01:21.190+01:00 INFO : Filtering template 3/96 segment 2/5
2026-09-06T20:01:21.208+01:00 INFO : Filtering template 3/96 segment 3/5
2026-09-06T20:01:21.226+01:00 INFO : 1 points above threshold
2026-09-06T20:01:21.231+01:00 INFO : Filtering template 3/96 segment 4/5
2026-09-06T20:01:21.248+01:00 INFO : 1 points above threshold
2026-09-06T20:01:21.254+01:00 INFO : Filtering template 3/96 segment 5/5
2026-09-06T20:01:21.271+01:00 INFO : 3: generating IMRPhenomD from 30.0 Hz
2026-09-06T20:01:21.274+01:00 INFO : Decompressing waveform using inline_linear
2026-09-06T20:01:21.279+01:00 INFO : Filtering template 4/96 segment 1/5
2026-09-06T20:01:21.299+01:00 INFO : 1 points above threshold
2026-09-06T20:01:21.314+01:00 INFO : Filtering template 4/96 segment 2/5
2026-09-06T20:01:21.332+01:00 INFO : 1 points above threshold
2026-09-06T20:01:21.337+01:00 INFO : Filtering template 4/96 segment 3/5
2026-09-06T20:01:21.355+01:00 INFO : 2 points above threshold
2026-09-06T20:01:21.362+01:00 INFO : Filtering template 4/96 segment 4/5
2026-09-06T20:01:21.379+01:00 INFO : 2 points above threshold
2026-09-06T20:01:21.386+01:00 INFO : Filtering template 4/96 segment 5/5
2026-09-06T20:01:21.404+01:00 INFO : 2 points above threshold
2026-09-06T20:01:21.411+01:00 INFO : 4: generating IMRPhenomD from 30.0 Hz
2026-09-06T20:01:21.414+01:00 INFO : Decompressing waveform using inline_linear
2026-09-06T20:01:21.419+01:00 INFO : Filtering template 5/96 segment 1/5
2026-09-06T20:01:21.439+01:00 INFO : 1 points above threshold
2026-09-06T20:01:21.454+01:00 INFO : Filtering template 5/96 segment 2/5
2026-09-06T20:01:21.472+01:00 INFO : 2 points above threshold
2026-09-06T20:01:21.479+01:00 INFO : Filtering template 5/96 segment 3/5
2026-09-06T20:01:21.496+01:00 INFO : 2 points above threshold
2026-09-06T20:01:21.503+01:00 INFO : Filtering template 5/96 segment 4/5
2026-09-06T20:01:21.521+01:00 INFO : 2 points above threshold
2026-09-06T20:01:21.528+01:00 INFO : Filtering template 5/96 segment 5/5
2026-09-06T20:01:21.546+01:00 INFO : 5: generating IMRPhenomD from 30.0 Hz
2026-09-06T20:01:21.548+01:00 INFO : Decompressing waveform using inline_linear
2026-09-06T20:01:21.553+01:00 INFO : Filtering template 6/96 segment 1/5
2026-09-06T20:01:21.573+01:00 INFO : 1 points above threshold
2026-09-06T20:01:21.588+01:00 INFO : Filtering template 6/96 segment 2/5
2026-09-06T20:01:21.606+01:00 INFO : Filtering template 6/96 segment 3/5
2026-09-06T20:01:21.624+01:00 INFO : Filtering template 6/96 segment 4/5
2026-09-06T20:01:21.641+01:00 INFO : Filtering template 6/96 segment 5/5
2026-09-06T20:01:21.659+01:00 INFO : 1 points above threshold
2026-09-06T20:01:21.664+01:00 INFO : 6: generating IMRPhenomD from 30.0 Hz
2026-09-06T20:01:21.667+01:00 INFO : Decompressing waveform using inline_linear
2026-09-06T20:01:21.672+01:00 INFO : Filtering template 7/96 segment 1/5
2026-09-06T20:01:21.692+01:00 INFO : 2 points above threshold
2026-09-06T20:01:21.709+01:00 INFO : Filtering template 7/96 segment 2/5
2026-09-06T20:01:21.727+01:00 INFO : Filtering template 7/96 segment 3/5
2026-09-06T20:01:21.745+01:00 INFO : Filtering template 7/96 segment 4/5
2026-09-06T20:01:21.762+01:00 INFO : 1 points above threshold
2026-09-06T20:01:21.768+01:00 INFO : Filtering template 7/96 segment 5/5
2026-09-06T20:01:21.786+01:00 INFO : 7: generating IMRPhenomD from 30.0 Hz
2026-09-06T20:01:21.788+01:00 INFO : Decompressing waveform using inline_linear
2026-09-06T20:01:21.793+01:00 INFO : Filtering template 8/96 segment 1/5
2026-09-06T20:01:21.813+01:00 INFO : 2 points above threshold
2026-09-06T20:01:21.830+01:00 INFO : Filtering template 8/96 segment 2/5
2026-09-06T20:01:21.848+01:00 INFO : 1 points above threshold
2026-09-06T20:01:21.853+01:00 INFO : Filtering template 8/96 segment 3/5
2026-09-06T20:01:21.871+01:00 INFO : 4 points above threshold
2026-09-06T20:01:21.879+01:00 INFO : Filtering template 8/96 segment 4/5
2026-09-06T20:01:21.897+01:00 INFO : Filtering template 8/96 segment 5/5
2026-09-06T20:01:21.915+01:00 INFO : 8: generating IMRPhenomD from 30.0 Hz
2026-09-06T20:01:21.918+01:00 INFO : Decompressing waveform using inline_linear
2026-09-06T20:01:21.923+01:00 INFO : Filtering template 9/96 segment 1/5
2026-09-06T20:01:21.943+01:00 INFO : Filtering template 9/96 segment 2/5
2026-09-06T20:01:21.961+01:00 INFO : 1 points above threshold
2026-09-06T20:01:21.974+01:00 INFO : Filtering template 9/96 segment 3/5
2026-09-06T20:01:21.992+01:00 INFO : 2 points above threshold
2026-09-06T20:01:21.999+01:00 INFO : Filtering template 9/96 segment 4/5
2026-09-06T20:01:22.017+01:00 INFO : 1 points above threshold
2026-09-06T20:01:22.022+01:00 INFO : Filtering template 9/96 segment 5/5
2026-09-06T20:01:22.040+01:00 INFO : 3 points above threshold
2026-09-06T20:01:22.049+01:00 INFO : 9: generating IMRPhenomD from 30.0 Hz
2026-09-06T20:01:22.052+01:00 INFO : Decompressing waveform using inline_linear
2026-09-06T20:01:22.056+01:00 INFO : Filtering template 10/96 segment 1/5
2026-09-06T20:01:22.076+01:00 INFO : 1 points above threshold
2026-09-06T20:01:22.090+01:00 INFO : Filtering template 10/96 segment 2/5
2026-09-06T20:01:22.108+01:00 INFO : 1 points above threshold
2026-09-06T20:01:22.113+01:00 INFO : Filtering template 10/96 segment 3/5
2026-09-06T20:01:22.130+01:00 INFO : Filtering template 10/96 segment 4/5
2026-09-06T20:01:22.148+01:00 INFO : 2 points above threshold
2026-09-06T20:01:22.155+01:00 INFO : Filtering template 10/96 segment 5/5
2026-09-06T20:01:22.172+01:00 INFO : 1 points above threshold
2026-09-06T20:01:22.178+01:00 INFO : 10: generating IMRPhenomD from 30.0 Hz
2026-09-06T20:01:22.181+01:00 INFO : Decompressing waveform using inline_linear
2026-09-06T20:01:22.185+01:00 INFO : Filtering template 11/96 segment 1/5
2026-09-06T20:01:22.205+01:00 INFO : 4 points above threshold
2026-09-06T20:01:22.222+01:00 INFO : Filtering template 11/96 segment 2/5
2026-09-06T20:01:22.240+01:00 INFO : 2 points above threshold
2026-09-06T20:01:22.247+01:00 INFO : Filtering template 11/96 segment 3/5
2026-09-06T20:01:22.264+01:00 INFO : 1 points above threshold
2026-09-06T20:01:22.270+01:00 INFO : Filtering template 11/96 segment 4/5
2026-09-06T20:01:22.287+01:00 INFO : Filtering template 11/96 segment 5/5
2026-09-06T20:01:22.305+01:00 INFO : 11: generating IMRPhenomD from 30.0 Hz
2026-09-06T20:01:22.308+01:00 INFO : Decompressing waveform using inline_linear
2026-09-06T20:01:22.313+01:00 INFO : Filtering template 12/96 segment 1/5
2026-09-06T20:01:22.333+01:00 INFO : 1 points above threshold
2026-09-06T20:01:22.347+01:00 INFO : Filtering template 12/96 segment 2/5
2026-09-06T20:01:22.364+01:00 INFO : 1 points above threshold
2026-09-06T20:01:22.369+01:00 INFO : Filtering template 12/96 segment 3/5
2026-09-06T20:01:22.387+01:00 INFO : 1 points above threshold
2026-09-06T20:01:22.392+01:00 INFO : Filtering template 12/96 segment 4/5
2026-09-06T20:01:22.410+01:00 INFO : 3 points above threshold
2026-09-06T20:01:22.419+01:00 INFO : Filtering template 12/96 segment 5/5
2026-09-06T20:01:22.437+01:00 INFO : 12: generating IMRPhenomD from 30.0 Hz
2026-09-06T20:01:22.439+01:00 INFO : Decompressing waveform using inline_linear
2026-09-06T20:01:22.444+01:00 INFO : Filtering template 13/96 segment 1/5
2026-09-06T20:01:22.464+01:00 INFO : Filtering template 13/96 segment 2/5
2026-09-06T20:01:22.482+01:00 INFO : 4 points above threshold
2026-09-06T20:01:22.499+01:00 INFO : Filtering template 13/96 segment 3/5
2026-09-06T20:01:22.517+01:00 INFO : Filtering template 13/96 segment 4/5
2026-09-06T20:01:22.534+01:00 INFO : Filtering template 13/96 segment 5/5
2026-09-06T20:01:22.552+01:00 INFO : 1 points above threshold
2026-09-06T20:01:22.557+01:00 INFO : 13: generating IMRPhenomD from 30.0 Hz
2026-09-06T20:01:22.560+01:00 INFO : Decompressing waveform using inline_linear
2026-09-06T20:01:22.565+01:00 INFO : Filtering template 14/96 segment 1/5
2026-09-06T20:01:22.585+01:00 INFO : 1 points above threshold
2026-09-06T20:01:22.598+01:00 INFO : Filtering template 14/96 segment 2/5
2026-09-06T20:01:22.616+01:00 INFO : 2 points above threshold
2026-09-06T20:01:22.623+01:00 INFO : Filtering template 14/96 segment 3/5
2026-09-06T20:01:22.641+01:00 INFO : 3 points above threshold
2026-09-06T20:01:22.650+01:00 INFO : Filtering template 14/96 segment 4/5
2026-09-06T20:01:22.668+01:00 INFO : 2 points above threshold
2026-09-06T20:01:22.675+01:00 INFO : Filtering template 14/96 segment 5/5
2026-09-06T20:01:22.692+01:00 INFO : 14: generating IMRPhenomD from 30.0 Hz
2026-09-06T20:01:22.695+01:00 INFO : Decompressing waveform using inline_linear
2026-09-06T20:01:22.700+01:00 INFO : Filtering template 15/96 segment 1/5
2026-09-06T20:01:22.720+01:00 INFO : 1 points above threshold
2026-09-06T20:01:22.734+01:00 INFO : Filtering template 15/96 segment 2/5
2026-09-06T20:01:22.752+01:00 INFO : Filtering template 15/96 segment 3/5
2026-09-06T20:01:22.773+01:00 INFO : 1 points above threshold
2026-09-06T20:01:22.778+01:00 INFO : Filtering template 15/96 segment 4/5
2026-09-06T20:01:22.806+01:00 INFO : 1 points above threshold
2026-09-06T20:01:22.812+01:00 INFO : Filtering template 15/96 segment 5/5
2026-09-06T20:01:22.831+01:00 INFO : 3 points above threshold
2026-09-06T20:01:22.840+01:00 INFO : 15: generating IMRPhenomD from 30.0 Hz
2026-09-06T20:01:22.843+01:00 INFO : Decompressing waveform using inline_linear
2026-09-06T20:01:22.848+01:00 INFO : Filtering template 16/96 segment 1/5
2026-09-06T20:01:22.868+01:00 INFO : 1 points above threshold
2026-09-06T20:01:22.882+01:00 INFO : Filtering template 16/96 segment 2/5
2026-09-06T20:01:22.899+01:00 INFO : 2 points above threshold
2026-09-06T20:01:22.906+01:00 INFO : Filtering template 16/96 segment 3/5
2026-09-06T20:01:22.924+01:00 INFO : 3 points above threshold
2026-09-06T20:01:22.933+01:00 INFO : Filtering template 16/96 segment 4/5
2026-09-06T20:01:22.951+01:00 INFO : 2 points above threshold
2026-09-06T20:01:22.958+01:00 INFO : Filtering template 16/96 segment 5/5
2026-09-06T20:01:22.976+01:00 INFO : 16: generating IMRPhenomD from 30.0 Hz
2026-09-06T20:01:22.978+01:00 INFO : Decompressing waveform using inline_linear
2026-09-06T20:01:22.983+01:00 INFO : Filtering template 17/96 segment 1/5
2026-09-06T20:01:23.003+01:00 INFO : 2 points above threshold
2026-09-06T20:01:23.020+01:00 INFO : Filtering template 17/96 segment 2/5
2026-09-06T20:01:23.038+01:00 INFO : 3 points above threshold
2026-09-06T20:01:23.047+01:00 INFO : Filtering template 17/96 segment 3/5
2026-09-06T20:01:23.065+01:00 INFO : Filtering template 17/96 segment 4/5
2026-09-06T20:01:23.082+01:00 INFO : 2 points above threshold
2026-09-06T20:01:23.089+01:00 INFO : Filtering template 17/96 segment 5/5
2026-09-06T20:01:23.107+01:00 INFO : 3 points above threshold
2026-09-06T20:01:23.116+01:00 INFO : 17: generating IMRPhenomD from 30.0 Hz
2026-09-06T20:01:23.119+01:00 INFO : Decompressing waveform using inline_linear
2026-09-06T20:01:23.123+01:00 INFO : Filtering template 18/96 segment 1/5
2026-09-06T20:01:23.143+01:00 INFO : Filtering template 18/96 segment 2/5
2026-09-06T20:01:23.161+01:00 INFO : Filtering template 18/96 segment 3/5
2026-09-06T20:01:23.179+01:00 INFO : 1 points above threshold
2026-09-06T20:01:23.194+01:00 INFO : Filtering template 18/96 segment 4/5
2026-09-06T20:01:23.211+01:00 INFO : Filtering template 18/96 segment 5/5
2026-09-06T20:01:23.229+01:00 INFO : 2 points above threshold
2026-09-06T20:01:23.236+01:00 INFO : 18: generating IMRPhenomD from 30.0 Hz
2026-09-06T20:01:23.239+01:00 INFO : Decompressing waveform using inline_linear
2026-09-06T20:01:23.244+01:00 INFO : Filtering template 19/96 segment 1/5
2026-09-06T20:01:23.264+01:00 INFO : 3 points above threshold
2026-09-06T20:01:23.283+01:00 INFO : Filtering template 19/96 segment 2/5
2026-09-06T20:01:23.301+01:00 INFO : 1 points above threshold
2026-09-06T20:01:23.306+01:00 INFO : Filtering template 19/96 segment 3/5
2026-09-06T20:01:23.323+01:00 INFO : 1 points above threshold
2026-09-06T20:01:23.328+01:00 INFO : Filtering template 19/96 segment 4/5
2026-09-06T20:01:23.346+01:00 INFO : 3 points above threshold
2026-09-06T20:01:23.355+01:00 INFO : Filtering template 19/96 segment 5/5
2026-09-06T20:01:23.372+01:00 INFO : 1 points above threshold
2026-09-06T20:01:23.378+01:00 INFO : 19: generating IMRPhenomD from 30.0 Hz
2026-09-06T20:01:23.381+01:00 INFO : Decompressing waveform using inline_linear
2026-09-06T20:01:23.385+01:00 INFO : Filtering template 20/96 segment 1/5
2026-09-06T20:01:23.405+01:00 INFO : 1 points above threshold
2026-09-06T20:01:23.420+01:00 INFO : Filtering template 20/96 segment 2/5
2026-09-06T20:01:23.438+01:00 INFO : 3 points above threshold
2026-09-06T20:01:23.447+01:00 INFO : Filtering template 20/96 segment 3/5
2026-09-06T20:01:23.465+01:00 INFO : Filtering template 20/96 segment 4/5
2026-09-06T20:01:23.482+01:00 INFO : 2 points above threshold
2026-09-06T20:01:23.489+01:00 INFO : Filtering template 20/96 segment 5/5
2026-09-06T20:01:23.507+01:00 INFO : 20: generating IMRPhenomD from 30.0 Hz
2026-09-06T20:01:23.510+01:00 INFO : Decompressing waveform using inline_linear
2026-09-06T20:01:23.515+01:00 INFO : Filtering template 21/96 segment 1/5
2026-09-06T20:01:23.534+01:00 INFO : 1 points above threshold
2026-09-06T20:01:23.550+01:00 INFO : Filtering template 21/96 segment 2/5
2026-09-06T20:01:23.567+01:00 INFO : 1 points above threshold
2026-09-06T20:01:23.572+01:00 INFO : Filtering template 21/96 segment 3/5
2026-09-06T20:01:23.590+01:00 INFO : 1 points above threshold
2026-09-06T20:01:23.595+01:00 INFO : Filtering template 21/96 segment 4/5
2026-09-06T20:01:23.613+01:00 INFO : Filtering template 21/96 segment 5/5
2026-09-06T20:01:23.631+01:00 INFO : 21: generating IMRPhenomD from 30.0 Hz
2026-09-06T20:01:23.634+01:00 INFO : Decompressing waveform using inline_linear
2026-09-06T20:01:23.638+01:00 INFO : Filtering template 22/96 segment 1/5
2026-09-06T20:01:23.658+01:00 INFO : 5 points above threshold
2026-09-06T20:01:23.680+01:00 INFO : Filtering template 22/96 segment 2/5
2026-09-06T20:01:23.697+01:00 INFO : Filtering template 22/96 segment 3/5
2026-09-06T20:01:23.715+01:00 INFO : Filtering template 22/96 segment 4/5
2026-09-06T20:01:23.733+01:00 INFO : 1 points above threshold
2026-09-06T20:01:23.738+01:00 INFO : Filtering template 22/96 segment 5/5
2026-09-06T20:01:23.755+01:00 INFO : 1 points above threshold
2026-09-06T20:01:23.761+01:00 INFO : 22: generating IMRPhenomD from 30.0 Hz
2026-09-06T20:01:23.763+01:00 INFO : Decompressing waveform using inline_linear
2026-09-06T20:01:23.768+01:00 INFO : Filtering template 23/96 segment 1/5
2026-09-06T20:01:23.788+01:00 INFO : 2 points above threshold
2026-09-06T20:01:23.806+01:00 INFO : Filtering template 23/96 segment 2/5
2026-09-06T20:01:23.824+01:00 INFO : 1 points above threshold
2026-09-06T20:01:23.829+01:00 INFO : Filtering template 23/96 segment 3/5
2026-09-06T20:01:23.847+01:00 INFO : 1 points above threshold
2026-09-06T20:01:23.852+01:00 INFO : Filtering template 23/96 segment 4/5
2026-09-06T20:01:23.870+01:00 INFO : Filtering template 23/96 segment 5/5
2026-09-06T20:01:23.887+01:00 INFO : 23: generating IMRPhenomD from 30.0 Hz
2026-09-06T20:01:23.890+01:00 INFO : Decompressing waveform using inline_linear
2026-09-06T20:01:23.895+01:00 INFO : Filtering template 24/96 segment 1/5
2026-09-06T20:01:23.915+01:00 INFO : 1 points above threshold
2026-09-06T20:01:23.931+01:00 INFO : Filtering template 24/96 segment 2/5
2026-09-06T20:01:23.949+01:00 INFO : 2 points above threshold
2026-09-06T20:01:23.956+01:00 INFO : Filtering template 24/96 segment 3/5
2026-09-06T20:01:23.973+01:00 INFO : 1 points above threshold
2026-09-06T20:01:23.979+01:00 INFO : Filtering template 24/96 segment 4/5
2026-09-06T20:01:23.996+01:00 INFO : Filtering template 24/96 segment 5/5
2026-09-06T20:01:24.014+01:00 INFO : 2 points above threshold
2026-09-06T20:01:24.021+01:00 INFO : 24: generating IMRPhenomD from 30.0 Hz
2026-09-06T20:01:24.024+01:00 INFO : Decompressing waveform using inline_linear
2026-09-06T20:01:24.029+01:00 INFO : Filtering template 25/96 segment 1/5
2026-09-06T20:01:24.049+01:00 INFO : 2 points above threshold
2026-09-06T20:01:24.067+01:00 INFO : Filtering template 25/96 segment 2/5
2026-09-06T20:01:24.085+01:00 INFO : Filtering template 25/96 segment 3/5
2026-09-06T20:01:24.103+01:00 INFO : Filtering template 25/96 segment 4/5
2026-09-06T20:01:24.120+01:00 INFO : Filtering template 25/96 segment 5/5
2026-09-06T20:01:24.138+01:00 INFO : 25: generating IMRPhenomD from 30.0 Hz
2026-09-06T20:01:24.141+01:00 INFO : Decompressing waveform using inline_linear
2026-09-06T20:01:24.146+01:00 INFO : Filtering template 26/96 segment 1/5
2026-09-06T20:01:24.166+01:00 INFO : Filtering template 26/96 segment 2/5
2026-09-06T20:01:24.183+01:00 INFO : 2 points above threshold
2026-09-06T20:01:24.202+01:00 INFO : Filtering template 26/96 segment 3/5
2026-09-06T20:01:24.219+01:00 INFO : Filtering template 26/96 segment 4/5
2026-09-06T20:01:24.237+01:00 INFO : 2 points above threshold
2026-09-06T20:01:24.244+01:00 INFO : Filtering template 26/96 segment 5/5
2026-09-06T20:01:24.262+01:00 INFO : 2 points above threshold
2026-09-06T20:01:24.269+01:00 INFO : 26: generating IMRPhenomD from 30.0 Hz
2026-09-06T20:01:24.272+01:00 INFO : Decompressing waveform using inline_linear
2026-09-06T20:01:24.276+01:00 INFO : Filtering template 27/96 segment 1/5
2026-09-06T20:01:24.296+01:00 INFO : 3 points above threshold
2026-09-06T20:01:24.315+01:00 INFO : Filtering template 27/96 segment 2/5
2026-09-06T20:01:24.333+01:00 INFO : Filtering template 27/96 segment 3/5
2026-09-06T20:01:24.351+01:00 INFO : 1 points above threshold
2026-09-06T20:01:24.356+01:00 INFO : Filtering template 27/96 segment 4/5
2026-09-06T20:01:24.373+01:00 INFO : Filtering template 27/96 segment 5/5
2026-09-06T20:01:24.391+01:00 INFO : 27: generating IMRPhenomD from 30.0 Hz
2026-09-06T20:01:24.394+01:00 INFO : Decompressing waveform using inline_linear
2026-09-06T20:01:24.399+01:00 INFO : Filtering template 28/96 segment 1/5
2026-09-06T20:01:24.419+01:00 INFO : 3 points above threshold
2026-09-06T20:01:24.438+01:00 INFO : Filtering template 28/96 segment 2/5
2026-09-06T20:01:24.456+01:00 INFO : 1 points above threshold
2026-09-06T20:01:24.461+01:00 INFO : Filtering template 28/96 segment 3/5
2026-09-06T20:01:24.478+01:00 INFO : 2 points above threshold
2026-09-06T20:01:24.485+01:00 INFO : Filtering template 28/96 segment 4/5
2026-09-06T20:01:24.503+01:00 INFO : 1 points above threshold
2026-09-06T20:01:24.508+01:00 INFO : Filtering template 28/96 segment 5/5
2026-09-06T20:01:24.526+01:00 INFO : 28: generating IMRPhenomD from 30.0 Hz
2026-09-06T20:01:24.529+01:00 INFO : Decompressing waveform using inline_linear
2026-09-06T20:01:24.533+01:00 INFO : Filtering template 29/96 segment 1/5
2026-09-06T20:01:24.553+01:00 INFO : 2 points above threshold
2026-09-06T20:01:24.570+01:00 INFO : Filtering template 29/96 segment 2/5
2026-09-06T20:01:24.588+01:00 INFO : 2 points above threshold
2026-09-06T20:01:24.595+01:00 INFO : Filtering template 29/96 segment 3/5
2026-09-06T20:01:24.612+01:00 INFO : 1 points above threshold
2026-09-06T20:01:24.617+01:00 INFO : Filtering template 29/96 segment 4/5
2026-09-06T20:01:24.635+01:00 INFO : 2 points above threshold
2026-09-06T20:01:24.642+01:00 INFO : Filtering template 29/96 segment 5/5
2026-09-06T20:01:24.660+01:00 INFO : 2 points above threshold
2026-09-06T20:01:24.667+01:00 INFO : 29: generating IMRPhenomD from 30.0 Hz
2026-09-06T20:01:24.670+01:00 INFO : Decompressing waveform using inline_linear
2026-09-06T20:01:24.674+01:00 INFO : Filtering template 30/96 segment 1/5
2026-09-06T20:01:24.694+01:00 INFO : 1 points above threshold
2026-09-06T20:01:24.710+01:00 INFO : Filtering template 30/96 segment 2/5
2026-09-06T20:01:24.727+01:00 INFO : 1 points above threshold
2026-09-06T20:01:24.733+01:00 INFO : Filtering template 30/96 segment 3/5
2026-09-06T20:01:24.750+01:00 INFO : 1 points above threshold
2026-09-06T20:01:24.755+01:00 INFO : Filtering template 30/96 segment 4/5
2026-09-06T20:01:24.773+01:00 INFO : Filtering template 30/96 segment 5/5
2026-09-06T20:01:24.791+01:00 INFO : 30: generating IMRPhenomD from 30.0 Hz
2026-09-06T20:01:24.794+01:00 INFO : Decompressing waveform using inline_linear
2026-09-06T20:01:24.798+01:00 INFO : Filtering template 31/96 segment 1/5
2026-09-06T20:01:24.818+01:00 INFO : Filtering template 31/96 segment 2/5
2026-09-06T20:01:24.836+01:00 INFO : 1 points above threshold
2026-09-06T20:01:24.851+01:00 INFO : Filtering template 31/96 segment 3/5
2026-09-06T20:01:24.869+01:00 INFO : Filtering template 31/96 segment 4/5
2026-09-06T20:01:24.886+01:00 INFO : 1 points above threshold
2026-09-06T20:01:24.892+01:00 INFO : Filtering template 31/96 segment 5/5
2026-09-06T20:01:24.909+01:00 INFO : 1 points above threshold
2026-09-06T20:01:24.914+01:00 INFO : 31: generating IMRPhenomD from 30.0 Hz
2026-09-06T20:01:24.917+01:00 INFO : Decompressing waveform using inline_linear
2026-09-06T20:01:24.922+01:00 INFO : Filtering template 32/96 segment 1/5
2026-09-06T20:01:24.942+01:00 INFO : Filtering template 32/96 segment 2/5
2026-09-06T20:01:24.959+01:00 INFO : Filtering template 32/96 segment 3/5
2026-09-06T20:01:24.977+01:00 INFO : Filtering template 32/96 segment 4/5
2026-09-06T20:01:24.995+01:00 INFO : 3 points above threshold
2026-09-06T20:01:25.014+01:00 INFO : Filtering template 32/96 segment 5/5
2026-09-06T20:01:25.031+01:00 INFO : 2 points above threshold
2026-09-06T20:01:25.039+01:00 INFO : 32: generating IMRPhenomD from 30.0 Hz
2026-09-06T20:01:25.041+01:00 INFO : Decompressing waveform using inline_linear
2026-09-06T20:01:25.046+01:00 INFO : Filtering template 33/96 segment 1/5
2026-09-06T20:01:25.066+01:00 INFO : 2 points above threshold
2026-09-06T20:01:25.083+01:00 INFO : Filtering template 33/96 segment 2/5
2026-09-06T20:01:25.101+01:00 INFO : Filtering template 33/96 segment 3/5
2026-09-06T20:01:25.118+01:00 INFO : Filtering template 33/96 segment 4/5
2026-09-06T20:01:25.136+01:00 INFO : 1 points above threshold
2026-09-06T20:01:25.141+01:00 INFO : Filtering template 33/96 segment 5/5
2026-09-06T20:01:25.159+01:00 INFO : 33: generating IMRPhenomD from 30.0 Hz
2026-09-06T20:01:25.162+01:00 INFO : Decompressing waveform using inline_linear
2026-09-06T20:01:25.167+01:00 INFO : Filtering template 34/96 segment 1/5
2026-09-06T20:01:25.186+01:00 INFO : Filtering template 34/96 segment 2/5
2026-09-06T20:01:25.204+01:00 INFO : 1 points above threshold
2026-09-06T20:01:25.219+01:00 INFO : Filtering template 34/96 segment 3/5
2026-09-06T20:01:25.237+01:00 INFO : 1 points above threshold
2026-09-06T20:01:25.242+01:00 INFO : Filtering template 34/96 segment 4/5
2026-09-06T20:01:25.259+01:00 INFO : Filtering template 34/96 segment 5/5
2026-09-06T20:01:25.277+01:00 INFO : 1 points above threshold
2026-09-06T20:01:25.282+01:00 INFO : 34: generating IMRPhenomD from 30.0 Hz
2026-09-06T20:01:25.285+01:00 INFO : Decompressing waveform using inline_linear
2026-09-06T20:01:25.290+01:00 INFO : Filtering template 35/96 segment 1/5
2026-09-06T20:01:25.310+01:00 INFO : 1 points above threshold
2026-09-06T20:01:25.325+01:00 INFO : Filtering template 35/96 segment 2/5
2026-09-06T20:01:25.343+01:00 INFO : 1 points above threshold
2026-09-06T20:01:25.348+01:00 INFO : Filtering template 35/96 segment 3/5
2026-09-06T20:01:25.365+01:00 INFO : 1 points above threshold
2026-09-06T20:01:25.370+01:00 INFO : Filtering template 35/96 segment 4/5
2026-09-06T20:01:25.388+01:00 INFO : Filtering template 35/96 segment 5/5
2026-09-06T20:01:25.406+01:00 INFO : 35: generating IMRPhenomD from 30.0 Hz
2026-09-06T20:01:25.408+01:00 INFO : Decompressing waveform using inline_linear
2026-09-06T20:01:25.413+01:00 INFO : Filtering template 36/96 segment 1/5
2026-09-06T20:01:25.433+01:00 INFO : 3 points above threshold
2026-09-06T20:01:25.452+01:00 INFO : Filtering template 36/96 segment 2/5
2026-09-06T20:01:25.470+01:00 INFO : 1 points above threshold
2026-09-06T20:01:25.475+01:00 INFO : Filtering template 36/96 segment 3/5
2026-09-06T20:01:25.492+01:00 INFO : 2 points above threshold
2026-09-06T20:01:25.499+01:00 INFO : Filtering template 36/96 segment 4/5
2026-09-06T20:01:25.517+01:00 INFO : Filtering template 36/96 segment 5/5
2026-09-06T20:01:25.535+01:00 INFO : 1 points above threshold
2026-09-06T20:01:25.540+01:00 INFO : 36: generating IMRPhenomD from 30.0 Hz
2026-09-06T20:01:25.543+01:00 INFO : Decompressing waveform using inline_linear
2026-09-06T20:01:25.547+01:00 INFO : Filtering template 37/96 segment 1/5
2026-09-06T20:01:25.567+01:00 INFO : 2 points above threshold
2026-09-06T20:01:25.584+01:00 INFO : Filtering template 37/96 segment 2/5
2026-09-06T20:01:25.602+01:00 INFO : 3 points above threshold
2026-09-06T20:01:25.611+01:00 INFO : Filtering template 37/96 segment 3/5
2026-09-06T20:01:25.628+01:00 INFO : 1 points above threshold
2026-09-06T20:01:25.634+01:00 INFO : Filtering template 37/96 segment 4/5
2026-09-06T20:01:25.651+01:00 INFO : 3 points above threshold
2026-09-06T20:01:25.660+01:00 INFO : Filtering template 37/96 segment 5/5
2026-09-06T20:01:25.678+01:00 INFO : 37: generating IMRPhenomD from 30.0 Hz
2026-09-06T20:01:25.681+01:00 INFO : Decompressing waveform using inline_linear
2026-09-06T20:01:25.686+01:00 INFO : Filtering template 38/96 segment 1/5
2026-09-06T20:01:25.706+01:00 INFO : Filtering template 38/96 segment 2/5
2026-09-06T20:01:25.723+01:00 INFO : Filtering template 38/96 segment 3/5
2026-09-06T20:01:25.741+01:00 INFO : 1 points above threshold
2026-09-06T20:01:25.756+01:00 INFO : Filtering template 38/96 segment 4/5
2026-09-06T20:01:25.773+01:00 INFO : 1 points above threshold
2026-09-06T20:01:25.779+01:00 INFO : Filtering template 38/96 segment 5/5
2026-09-06T20:01:25.796+01:00 INFO : 1 points above threshold
2026-09-06T20:01:25.801+01:00 INFO : 38: generating IMRPhenomD from 30.0 Hz
2026-09-06T20:01:25.804+01:00 INFO : Decompressing waveform using inline_linear
2026-09-06T20:01:25.809+01:00 INFO : Filtering template 39/96 segment 1/5
2026-09-06T20:01:25.829+01:00 INFO : Filtering template 39/96 segment 2/5
2026-09-06T20:01:25.847+01:00 INFO : 2 points above threshold
2026-09-06T20:01:25.864+01:00 INFO : Filtering template 39/96 segment 3/5
2026-09-06T20:01:25.882+01:00 INFO : Filtering template 39/96 segment 4/5
2026-09-06T20:01:25.900+01:00 INFO : 2 points above threshold
2026-09-06T20:01:25.907+01:00 INFO : Filtering template 39/96 segment 5/5
2026-09-06T20:01:25.924+01:00 INFO : 39: generating IMRPhenomD from 30.0 Hz
2026-09-06T20:01:25.927+01:00 INFO : Decompressing waveform using inline_linear
2026-09-06T20:01:25.932+01:00 INFO : Filtering template 40/96 segment 1/5
2026-09-06T20:01:25.952+01:00 INFO : Filtering template 40/96 segment 2/5
2026-09-06T20:01:25.970+01:00 INFO : Filtering template 40/96 segment 3/5
2026-09-06T20:01:25.987+01:00 INFO : Filtering template 40/96 segment 4/5
2026-09-06T20:01:26.005+01:00 INFO : 2 points above threshold
2026-09-06T20:01:26.022+01:00 INFO : Filtering template 40/96 segment 5/5
2026-09-06T20:01:26.040+01:00 INFO : 40: generating IMRPhenomD from 30.0 Hz
2026-09-06T20:01:26.043+01:00 INFO : Decompressing waveform using inline_linear
2026-09-06T20:01:26.047+01:00 INFO : Filtering template 41/96 segment 1/5
2026-09-06T20:01:26.067+01:00 INFO : Filtering template 41/96 segment 2/5
2026-09-06T20:01:26.085+01:00 INFO : Filtering template 41/96 segment 3/5
2026-09-06T20:01:26.102+01:00 INFO : 2 points above threshold
2026-09-06T20:01:26.119+01:00 INFO : Filtering template 41/96 segment 4/5
2026-09-06T20:01:26.137+01:00 INFO : 2 points above threshold
2026-09-06T20:01:26.144+01:00 INFO : Filtering template 41/96 segment 5/5
2026-09-06T20:01:26.162+01:00 INFO : 41: generating IMRPhenomD from 30.0 Hz
2026-09-06T20:01:26.164+01:00 INFO : Decompressing waveform using inline_linear
2026-09-06T20:01:26.169+01:00 INFO : Filtering template 42/96 segment 1/5
2026-09-06T20:01:26.189+01:00 INFO : Filtering template 42/96 segment 2/5
2026-09-06T20:01:26.207+01:00 INFO : 1 points above threshold
2026-09-06T20:01:26.222+01:00 INFO : Filtering template 42/96 segment 3/5
2026-09-06T20:01:26.239+01:00 INFO : Filtering template 42/96 segment 4/5
2026-09-06T20:01:26.257+01:00 INFO : 1 points above threshold
2026-09-06T20:01:26.262+01:00 INFO : Filtering template 42/96 segment 5/5
2026-09-06T20:01:26.280+01:00 INFO : 1 points above threshold
2026-09-06T20:01:26.285+01:00 INFO : 42: generating IMRPhenomD from 30.0 Hz
2026-09-06T20:01:26.288+01:00 INFO : Decompressing waveform using inline_linear
2026-09-06T20:01:26.293+01:00 INFO : Filtering template 43/96 segment 1/5
2026-09-06T20:01:26.312+01:00 INFO : 1 points above threshold
2026-09-06T20:01:26.328+01:00 INFO : Filtering template 43/96 segment 2/5
2026-09-06T20:01:26.345+01:00 INFO : 2 points above threshold
2026-09-06T20:01:26.352+01:00 INFO : Filtering template 43/96 segment 3/5
2026-09-06T20:01:26.370+01:00 INFO : 1 points above threshold
2026-09-06T20:01:26.375+01:00 INFO : Filtering template 43/96 segment 4/5
2026-09-06T20:01:26.393+01:00 INFO : Filtering template 43/96 segment 5/5
2026-09-06T20:01:26.411+01:00 INFO : 43: generating IMRPhenomD from 30.0 Hz
2026-09-06T20:01:26.413+01:00 INFO : Decompressing waveform using inline_linear
2026-09-06T20:01:26.418+01:00 INFO : Filtering template 44/96 segment 1/5
2026-09-06T20:01:26.438+01:00 INFO : 1 points above threshold
2026-09-06T20:01:26.453+01:00 INFO : Filtering template 44/96 segment 2/5
2026-09-06T20:01:26.471+01:00 INFO : Filtering template 44/96 segment 3/5
2026-09-06T20:01:26.488+01:00 INFO : Filtering template 44/96 segment 4/5
2026-09-06T20:01:26.506+01:00 INFO : 1 points above threshold
2026-09-06T20:01:26.511+01:00 INFO : Filtering template 44/96 segment 5/5
2026-09-06T20:01:26.529+01:00 INFO : 44: generating IMRPhenomD from 30.0 Hz
2026-09-06T20:01:26.532+01:00 INFO : Decompressing waveform using inline_linear
2026-09-06T20:01:26.536+01:00 INFO : Filtering template 45/96 segment 1/5
2026-09-06T20:01:26.556+01:00 INFO : 2 points above threshold
2026-09-06T20:01:26.573+01:00 INFO : Filtering template 45/96 segment 2/5
2026-09-06T20:01:26.591+01:00 INFO : 1 points above threshold
2026-09-06T20:01:26.599+01:00 INFO : Filtering template 45/96 segment 3/5
2026-09-06T20:01:26.616+01:00 INFO : 1 points above threshold
2026-09-06T20:01:26.621+01:00 INFO : Filtering template 45/96 segment 4/5
2026-09-06T20:01:26.639+01:00 INFO : Filtering template 45/96 segment 5/5
2026-09-06T20:01:26.657+01:00 INFO : 45: generating IMRPhenomD from 30.0 Hz
2026-09-06T20:01:26.660+01:00 INFO : Decompressing waveform using inline_linear
2026-09-06T20:01:26.664+01:00 INFO : Filtering template 46/96 segment 1/5
2026-09-06T20:01:26.684+01:00 INFO : Filtering template 46/96 segment 2/5
2026-09-06T20:01:26.702+01:00 INFO : Filtering template 46/96 segment 3/5
2026-09-06T20:01:26.720+01:00 INFO : 1 points above threshold
2026-09-06T20:01:26.735+01:00 INFO : Filtering template 46/96 segment 4/5
2026-09-06T20:01:26.752+01:00 INFO : 3 points above threshold
2026-09-06T20:01:26.761+01:00 INFO : Filtering template 46/96 segment 5/5
2026-09-06T20:01:26.779+01:00 INFO : 1 points above threshold
2026-09-06T20:01:26.784+01:00 INFO : 46: generating IMRPhenomD from 30.0 Hz
2026-09-06T20:01:26.787+01:00 INFO : Decompressing waveform using inline_linear
2026-09-06T20:01:26.792+01:00 INFO : Filtering template 47/96 segment 1/5
2026-09-06T20:01:26.812+01:00 INFO : 3 points above threshold
2026-09-06T20:01:26.831+01:00 INFO : Filtering template 47/96 segment 2/5
2026-09-06T20:01:26.849+01:00 INFO : Filtering template 47/96 segment 3/5
2026-09-06T20:01:26.866+01:00 INFO : 2 points above threshold
2026-09-06T20:01:26.873+01:00 INFO : Filtering template 47/96 segment 4/5
2026-09-06T20:01:26.891+01:00 INFO : 1 points above threshold
2026-09-06T20:01:26.896+01:00 INFO : Filtering template 47/96 segment 5/5
2026-09-06T20:01:26.914+01:00 INFO : 1 points above threshold
2026-09-06T20:01:26.919+01:00 INFO : 47: generating IMRPhenomD from 30.0 Hz
2026-09-06T20:01:26.922+01:00 INFO : Decompressing waveform using inline_linear
2026-09-06T20:01:26.927+01:00 INFO : Filtering template 48/96 segment 1/5
2026-09-06T20:01:26.946+01:00 INFO : 3 points above threshold
2026-09-06T20:01:26.965+01:00 INFO : Filtering template 48/96 segment 2/5
2026-09-06T20:01:26.983+01:00 INFO : 1 points above threshold
2026-09-06T20:01:26.988+01:00 INFO : Filtering template 48/96 segment 3/5
2026-09-06T20:01:27.006+01:00 INFO : 1 points above threshold
2026-09-06T20:01:27.011+01:00 INFO : Filtering template 48/96 segment 4/5
2026-09-06T20:01:27.028+01:00 INFO : 2 points above threshold
2026-09-06T20:01:27.035+01:00 INFO : Filtering template 48/96 segment 5/5
2026-09-06T20:01:27.053+01:00 INFO : 1 points above threshold
2026-09-06T20:01:27.058+01:00 INFO : 48: generating IMRPhenomD from 30.0 Hz
2026-09-06T20:01:27.061+01:00 INFO : Decompressing waveform using inline_linear
2026-09-06T20:01:27.066+01:00 INFO : Filtering template 49/96 segment 1/5
2026-09-06T20:01:27.086+01:00 INFO : 1 points above threshold
2026-09-06T20:01:27.101+01:00 INFO : Filtering template 49/96 segment 2/5
2026-09-06T20:01:27.119+01:00 INFO : 1 points above threshold
2026-09-06T20:01:27.124+01:00 INFO : Filtering template 49/96 segment 3/5
2026-09-06T20:01:27.141+01:00 INFO : 2 points above threshold
2026-09-06T20:01:27.148+01:00 INFO : Filtering template 49/96 segment 4/5
2026-09-06T20:01:27.166+01:00 INFO : Filtering template 49/96 segment 5/5
2026-09-06T20:01:27.184+01:00 INFO : 49: generating IMRPhenomD from 30.0 Hz
2026-09-06T20:01:27.202+01:00 INFO : Decompressing waveform using inline_linear
2026-09-06T20:01:27.207+01:00 INFO : Filtering template 50/96 segment 1/5
2026-09-06T20:01:27.232+01:00 INFO : Filtering template 50/96 segment 2/5
2026-09-06T20:01:27.250+01:00 INFO : 2 points above threshold
2026-09-06T20:01:27.271+01:00 INFO : Filtering template 50/96 segment 3/5
2026-09-06T20:01:27.289+01:00 INFO : 4 points above threshold
2026-09-06T20:01:27.298+01:00 INFO : Filtering template 50/96 segment 4/5
2026-09-06T20:01:27.316+01:00 INFO : 2 points above threshold
2026-09-06T20:01:27.323+01:00 INFO : Filtering template 50/96 segment 5/5
2026-09-06T20:01:27.340+01:00 INFO : 50: generating IMRPhenomD from 30.0 Hz
2026-09-06T20:01:27.343+01:00 INFO : Decompressing waveform using inline_linear
2026-09-06T20:01:27.348+01:00 INFO : Filtering template 51/96 segment 1/5
2026-09-06T20:01:27.368+01:00 INFO : 1 points above threshold
2026-09-06T20:01:27.383+01:00 INFO : Filtering template 51/96 segment 2/5
2026-09-06T20:01:27.401+01:00 INFO : 1 points above threshold
2026-09-06T20:01:27.406+01:00 INFO : Filtering template 51/96 segment 3/5
2026-09-06T20:01:27.423+01:00 INFO : Filtering template 51/96 segment 4/5
2026-09-06T20:01:27.441+01:00 INFO : 1 points above threshold
2026-09-06T20:01:27.446+01:00 INFO : Filtering template 51/96 segment 5/5
2026-09-06T20:01:27.463+01:00 INFO : 2 points above threshold
2026-09-06T20:01:27.471+01:00 INFO : 51: generating IMRPhenomD from 30.0 Hz
2026-09-06T20:01:27.473+01:00 INFO : Decompressing waveform using inline_linear
2026-09-06T20:01:27.478+01:00 INFO : Filtering template 52/96 segment 1/5
2026-09-06T20:01:27.498+01:00 INFO : 1 points above threshold
2026-09-06T20:01:27.513+01:00 INFO : Filtering template 52/96 segment 2/5
2026-09-06T20:01:27.531+01:00 INFO : 1 points above threshold
2026-09-06T20:01:27.536+01:00 INFO : Filtering template 52/96 segment 3/5
2026-09-06T20:01:27.553+01:00 INFO : Filtering template 52/96 segment 4/5
2026-09-06T20:01:27.571+01:00 INFO : 3 points above threshold
2026-09-06T20:01:27.580+01:00 INFO : Filtering template 52/96 segment 5/5
2026-09-06T20:01:27.598+01:00 INFO : 1 points above threshold
2026-09-06T20:01:27.603+01:00 INFO : 52: generating IMRPhenomD from 30.0 Hz
2026-09-06T20:01:27.606+01:00 INFO : Decompressing waveform using inline_linear
2026-09-06T20:01:27.611+01:00 INFO : Filtering template 53/96 segment 1/5
2026-09-06T20:01:27.631+01:00 INFO : 3 points above threshold
2026-09-06T20:01:27.650+01:00 INFO : Filtering template 53/96 segment 2/5
2026-09-06T20:01:27.668+01:00 INFO : 2 points above threshold
2026-09-06T20:01:27.674+01:00 INFO : Filtering template 53/96 segment 3/5
2026-09-06T20:01:27.692+01:00 INFO : 2 points above threshold
2026-09-06T20:01:27.699+01:00 INFO : Filtering template 53/96 segment 4/5
2026-09-06T20:01:27.717+01:00 INFO : 1 points above threshold
2026-09-06T20:01:27.722+01:00 INFO : Filtering template 53/96 segment 5/5
2026-09-06T20:01:27.739+01:00 INFO : 1 points above threshold
2026-09-06T20:01:27.745+01:00 INFO : 53: generating IMRPhenomD from 30.0 Hz
2026-09-06T20:01:27.748+01:00 INFO : Decompressing waveform using inline_linear
2026-09-06T20:01:27.752+01:00 INFO : Filtering template 54/96 segment 1/5
2026-09-06T20:01:27.772+01:00 INFO : Filtering template 54/96 segment 2/5
2026-09-06T20:01:27.790+01:00 INFO : Filtering template 54/96 segment 3/5
2026-09-06T20:01:27.807+01:00 INFO : 2 points above threshold
2026-09-06T20:01:27.826+01:00 INFO : Filtering template 54/96 segment 4/5
2026-09-06T20:01:27.846+01:00 INFO : 5 points above threshold
2026-09-06T20:01:27.858+01:00 INFO : Filtering template 54/96 segment 5/5
2026-09-06T20:01:27.882+01:00 INFO : 54: generating IMRPhenomD from 30.0 Hz
2026-09-06T20:01:27.885+01:00 INFO : Decompressing waveform using inline_linear
2026-09-06T20:01:27.891+01:00 INFO : Filtering template 55/96 segment 1/5
2026-09-06T20:01:27.916+01:00 INFO : Filtering template 55/96 segment 2/5
2026-09-06T20:01:27.934+01:00 INFO : 1 points above threshold
2026-09-06T20:01:27.949+01:00 INFO : Filtering template 55/96 segment 3/5
2026-09-06T20:01:27.967+01:00 INFO : 3 points above threshold
2026-09-06T20:01:27.976+01:00 INFO : Filtering template 55/96 segment 4/5
2026-09-06T20:01:27.993+01:00 INFO : 1 points above threshold
2026-09-06T20:01:27.999+01:00 INFO : Filtering template 55/96 segment 5/5
2026-09-06T20:01:28.016+01:00 INFO : 1 points above threshold
2026-09-06T20:01:28.022+01:00 INFO : 55: generating IMRPhenomD from 30.0 Hz
2026-09-06T20:01:28.024+01:00 INFO : Decompressing waveform using inline_linear
2026-09-06T20:01:28.029+01:00 INFO : Filtering template 56/96 segment 1/5
2026-09-06T20:01:28.049+01:00 INFO : 1 points above threshold
2026-09-06T20:01:28.064+01:00 INFO : Filtering template 56/96 segment 2/5
2026-09-06T20:01:28.082+01:00 INFO : 1 points above threshold
2026-09-06T20:01:28.087+01:00 INFO : Filtering template 56/96 segment 3/5
2026-09-06T20:01:28.105+01:00 INFO : 3 points above threshold
2026-09-06T20:01:28.114+01:00 INFO : Filtering template 56/96 segment 4/5
2026-09-06T20:01:28.131+01:00 INFO : Filtering template 56/96 segment 5/5
2026-09-06T20:01:28.149+01:00 INFO : 1 points above threshold
2026-09-06T20:01:28.154+01:00 INFO : 56: generating IMRPhenomD from 30.0 Hz
2026-09-06T20:01:28.157+01:00 INFO : Decompressing waveform using inline_linear
2026-09-06T20:01:28.162+01:00 INFO : Filtering template 57/96 segment 1/5
2026-09-06T20:01:28.181+01:00 INFO : 1 points above threshold
2026-09-06T20:01:28.197+01:00 INFO : Filtering template 57/96 segment 2/5
2026-09-06T20:01:28.214+01:00 INFO : 2 points above threshold
2026-09-06T20:01:28.221+01:00 INFO : Filtering template 57/96 segment 3/5
2026-09-06T20:01:28.239+01:00 INFO : 2 points above threshold
2026-09-06T20:01:28.246+01:00 INFO : Filtering template 57/96 segment 4/5
2026-09-06T20:01:28.263+01:00 INFO : 2 points above threshold
2026-09-06T20:01:28.270+01:00 INFO : Filtering template 57/96 segment 5/5
2026-09-06T20:01:28.288+01:00 INFO : 57: generating IMRPhenomD from 30.0 Hz
2026-09-06T20:01:28.291+01:00 INFO : Decompressing waveform using inline_linear
2026-09-06T20:01:28.296+01:00 INFO : Filtering template 58/96 segment 1/5
2026-09-06T20:01:28.315+01:00 INFO : 1 points above threshold
2026-09-06T20:01:28.331+01:00 INFO : Filtering template 58/96 segment 2/5
2026-09-06T20:01:28.349+01:00 INFO : 2 points above threshold
2026-09-06T20:01:28.356+01:00 INFO : Filtering template 58/96 segment 3/5
2026-09-06T20:01:28.373+01:00 INFO : 1 points above threshold
2026-09-06T20:01:28.378+01:00 INFO : Filtering template 58/96 segment 4/5
2026-09-06T20:01:28.396+01:00 INFO : 1 points above threshold
2026-09-06T20:01:28.417+01:00 INFO : Filtering template 58/96 segment 5/5
2026-09-06T20:01:28.435+01:00 INFO : 2 points above threshold
2026-09-06T20:01:28.442+01:00 INFO : 58: generating IMRPhenomD from 30.0 Hz
2026-09-06T20:01:28.445+01:00 INFO : Decompressing waveform using inline_linear
2026-09-06T20:01:28.449+01:00 INFO : Filtering template 59/96 segment 1/5
2026-09-06T20:01:28.469+01:00 INFO : 1 points above threshold
2026-09-06T20:01:28.484+01:00 INFO : Filtering template 59/96 segment 2/5
2026-09-06T20:01:28.502+01:00 INFO : 2 points above threshold
2026-09-06T20:01:28.509+01:00 INFO : Filtering template 59/96 segment 3/5
2026-09-06T20:01:28.526+01:00 INFO : 2 points above threshold
2026-09-06T20:01:28.533+01:00 INFO : Filtering template 59/96 segment 4/5
2026-09-06T20:01:28.551+01:00 INFO : 1 points above threshold
2026-09-06T20:01:28.556+01:00 INFO : Filtering template 59/96 segment 5/5
2026-09-06T20:01:28.574+01:00 INFO : 59: generating IMRPhenomD from 30.0 Hz
2026-09-06T20:01:28.576+01:00 INFO : Decompressing waveform using inline_linear
2026-09-06T20:01:28.581+01:00 INFO : Filtering template 60/96 segment 1/5
2026-09-06T20:01:28.601+01:00 INFO : Filtering template 60/96 segment 2/5
2026-09-06T20:01:28.619+01:00 INFO : Filtering template 60/96 segment 3/5
2026-09-06T20:01:28.636+01:00 INFO : 1 points above threshold
2026-09-06T20:01:28.651+01:00 INFO : Filtering template 60/96 segment 4/5
2026-09-06T20:01:28.669+01:00 INFO : 2 points above threshold
2026-09-06T20:01:28.676+01:00 INFO : Filtering template 60/96 segment 5/5
2026-09-06T20:01:28.694+01:00 INFO : 60: generating IMRPhenomD from 30.0 Hz
2026-09-06T20:01:28.696+01:00 INFO : Decompressing waveform using inline_linear
2026-09-06T20:01:28.701+01:00 INFO : Filtering template 61/96 segment 1/5
2026-09-06T20:01:28.721+01:00 INFO : Filtering template 61/96 segment 2/5
2026-09-06T20:01:28.739+01:00 INFO : 2 points above threshold
2026-09-06T20:01:28.755+01:00 INFO : Filtering template 61/96 segment 3/5
2026-09-06T20:01:28.773+01:00 INFO : 1 points above threshold
2026-09-06T20:01:28.778+01:00 INFO : Filtering template 61/96 segment 4/5
2026-09-06T20:01:28.796+01:00 INFO : 1 points above threshold
2026-09-06T20:01:28.801+01:00 INFO : Filtering template 61/96 segment 5/5
2026-09-06T20:01:28.819+01:00 INFO : 61: generating IMRPhenomD from 30.0 Hz
2026-09-06T20:01:28.822+01:00 INFO : Decompressing waveform using inline_linear
2026-09-06T20:01:28.826+01:00 INFO : Filtering template 62/96 segment 1/5
2026-09-06T20:01:28.846+01:00 INFO : 2 points above threshold
2026-09-06T20:01:28.865+01:00 INFO : Filtering template 62/96 segment 2/5
2026-09-06T20:01:28.882+01:00 INFO : Filtering template 62/96 segment 3/5
2026-09-06T20:01:28.900+01:00 INFO : Filtering template 62/96 segment 4/5
2026-09-06T20:01:28.918+01:00 INFO : 5 points above threshold
2026-09-06T20:01:28.930+01:00 INFO : Filtering template 62/96 segment 5/5
2026-09-06T20:01:28.947+01:00 INFO : 62: generating IMRPhenomD from 30.0 Hz
2026-09-06T20:01:28.950+01:00 INFO : Decompressing waveform using inline_linear
2026-09-06T20:01:28.955+01:00 INFO : Filtering template 63/96 segment 1/5
2026-09-06T20:01:28.975+01:00 INFO : Filtering template 63/96 segment 2/5
2026-09-06T20:01:28.992+01:00 INFO : 1 points above threshold
2026-09-06T20:01:29.009+01:00 INFO : Filtering template 63/96 segment 3/5
2026-09-06T20:01:29.026+01:00 INFO : 2 points above threshold
2026-09-06T20:01:29.033+01:00 INFO : Filtering template 63/96 segment 4/5
2026-09-06T20:01:29.051+01:00 INFO : 1 points above threshold
2026-09-06T20:01:29.056+01:00 INFO : Filtering template 63/96 segment 5/5
2026-09-06T20:01:29.073+01:00 INFO : 1 points above threshold
2026-09-06T20:01:29.079+01:00 INFO : 63: generating IMRPhenomD from 30.0 Hz
2026-09-06T20:01:29.081+01:00 INFO : Decompressing waveform using inline_linear
2026-09-06T20:01:29.086+01:00 INFO : Filtering template 64/96 segment 1/5
2026-09-06T20:01:29.106+01:00 INFO : 2 points above threshold
2026-09-06T20:01:29.124+01:00 INFO : Filtering template 64/96 segment 2/5
2026-09-06T20:01:29.142+01:00 INFO : 1 points above threshold
2026-09-06T20:01:29.147+01:00 INFO : Filtering template 64/96 segment 3/5
2026-09-06T20:01:29.165+01:00 INFO : Filtering template 64/96 segment 4/5
2026-09-06T20:01:29.182+01:00 INFO : Filtering template 64/96 segment 5/5
2026-09-06T20:01:29.200+01:00 INFO : 64: generating IMRPhenomD from 30.0 Hz
2026-09-06T20:01:29.203+01:00 INFO : Decompressing waveform using inline_linear
2026-09-06T20:01:29.208+01:00 INFO : Filtering template 65/96 segment 1/5
2026-09-06T20:01:29.227+01:00 INFO : 2 points above threshold
2026-09-06T20:01:29.246+01:00 INFO : Filtering template 65/96 segment 2/5
2026-09-06T20:01:29.263+01:00 INFO : 2 points above threshold
2026-09-06T20:01:29.270+01:00 INFO : Filtering template 65/96 segment 3/5
2026-09-06T20:01:29.288+01:00 INFO : 1 points above threshold
2026-09-06T20:01:29.293+01:00 INFO : Filtering template 65/96 segment 4/5
2026-09-06T20:01:29.310+01:00 INFO : 2 points above threshold
2026-09-06T20:01:29.317+01:00 INFO : Filtering template 65/96 segment 5/5
2026-09-06T20:01:29.335+01:00 INFO : 65: generating IMRPhenomD from 30.0 Hz
2026-09-06T20:01:29.338+01:00 INFO : Decompressing waveform using inline_linear
2026-09-06T20:01:29.343+01:00 INFO : Filtering template 66/96 segment 1/5
2026-09-06T20:01:29.362+01:00 INFO : 1 points above threshold
2026-09-06T20:01:29.379+01:00 INFO : Filtering template 66/96 segment 2/5
2026-09-06T20:01:29.397+01:00 INFO : 1 points above threshold
2026-09-06T20:01:29.402+01:00 INFO : Filtering template 66/96 segment 3/5
2026-09-06T20:01:29.419+01:00 INFO : 2 points above threshold
2026-09-06T20:01:29.426+01:00 INFO : Filtering template 66/96 segment 4/5
2026-09-06T20:01:29.444+01:00 INFO : 1 points above threshold
2026-09-06T20:01:29.449+01:00 INFO : Filtering template 66/96 segment 5/5
2026-09-06T20:01:29.467+01:00 INFO : 66: generating IMRPhenomD from 30.0 Hz
2026-09-06T20:01:29.470+01:00 INFO : Decompressing waveform using inline_linear
2026-09-06T20:01:29.474+01:00 INFO : Filtering template 67/96 segment 1/5
2026-09-06T20:01:29.494+01:00 INFO : 3 points above threshold
2026-09-06T20:01:29.513+01:00 INFO : Filtering template 67/96 segment 2/5
2026-09-06T20:01:29.531+01:00 INFO : Filtering template 67/96 segment 3/5
2026-09-06T20:01:29.549+01:00 INFO : 1 points above threshold
2026-09-06T20:01:29.554+01:00 INFO : Filtering template 67/96 segment 4/5
2026-09-06T20:01:29.571+01:00 INFO : Filtering template 67/96 segment 5/5
2026-09-06T20:01:29.589+01:00 INFO : 67: generating IMRPhenomD from 30.0 Hz
2026-09-06T20:01:29.592+01:00 INFO : Decompressing waveform using inline_linear
2026-09-06T20:01:29.597+01:00 INFO : Filtering template 68/96 segment 1/5
2026-09-06T20:01:29.616+01:00 INFO : 1 points above threshold
2026-09-06T20:01:29.632+01:00 INFO : Filtering template 68/96 segment 2/5
2026-09-06T20:01:29.649+01:00 INFO : 1 points above threshold
2026-09-06T20:01:29.654+01:00 INFO : Filtering template 68/96 segment 3/5
2026-09-06T20:01:29.672+01:00 INFO : 1 points above threshold
2026-09-06T20:01:29.677+01:00 INFO : Filtering template 68/96 segment 4/5
2026-09-06T20:01:29.694+01:00 INFO : 1 points above threshold
2026-09-06T20:01:29.700+01:00 INFO : Filtering template 68/96 segment 5/5
2026-09-06T20:01:29.717+01:00 INFO : 1 points above threshold
2026-09-06T20:01:29.722+01:00 INFO : 68: generating IMRPhenomD from 30.0 Hz
2026-09-06T20:01:29.725+01:00 INFO : Decompressing waveform using inline_linear
2026-09-06T20:01:29.730+01:00 INFO : Filtering template 69/96 segment 1/5
2026-09-06T20:01:29.750+01:00 INFO : Filtering template 69/96 segment 2/5
2026-09-06T20:01:29.767+01:00 INFO : Filtering template 69/96 segment 3/5
2026-09-06T20:01:29.785+01:00 INFO : 1 points above threshold
2026-09-06T20:01:29.800+01:00 INFO : Filtering template 69/96 segment 4/5
2026-09-06T20:01:29.818+01:00 INFO : 2 points above threshold
2026-09-06T20:01:29.825+01:00 INFO : Filtering template 69/96 segment 5/5
2026-09-06T20:01:29.843+01:00 INFO : 69: generating IMRPhenomD from 30.0 Hz
2026-09-06T20:01:29.846+01:00 INFO : Decompressing waveform using inline_linear
2026-09-06T20:01:29.850+01:00 INFO : Filtering template 70/96 segment 1/5
2026-09-06T20:01:29.870+01:00 INFO : 2 points above threshold
2026-09-06T20:01:29.888+01:00 INFO : Filtering template 70/96 segment 2/5
2026-09-06T20:01:29.906+01:00 INFO : 2 points above threshold
2026-09-06T20:01:29.913+01:00 INFO : Filtering template 70/96 segment 3/5
2026-09-06T20:01:29.931+01:00 INFO : Filtering template 70/96 segment 4/5
2026-09-06T20:01:29.949+01:00 INFO : 2 points above threshold
2026-09-06T20:01:29.956+01:00 INFO : Filtering template 70/96 segment 5/5
2026-09-06T20:01:29.973+01:00 INFO : 2 points above threshold
2026-09-06T20:01:29.980+01:00 INFO : 70: generating IMRPhenomD from 30.0 Hz
2026-09-06T20:01:29.983+01:00 INFO : Decompressing waveform using inline_linear
2026-09-06T20:01:29.988+01:00 INFO : Filtering template 71/96 segment 1/5
2026-09-06T20:01:30.008+01:00 INFO : Filtering template 71/96 segment 2/5
2026-09-06T20:01:30.025+01:00 INFO : 1 points above threshold
2026-09-06T20:01:30.041+01:00 INFO : Filtering template 71/96 segment 3/5
2026-09-06T20:01:30.058+01:00 INFO : 1 points above threshold
2026-09-06T20:01:30.063+01:00 INFO : Filtering template 71/96 segment 4/5
2026-09-06T20:01:30.081+01:00 INFO : 3 points above threshold
2026-09-06T20:01:30.090+01:00 INFO : Filtering template 71/96 segment 5/5
2026-09-06T20:01:30.108+01:00 INFO : 71: generating IMRPhenomD from 30.0 Hz
2026-09-06T20:01:30.110+01:00 INFO : Decompressing waveform using inline_linear
2026-09-06T20:01:30.115+01:00 INFO : Filtering template 72/96 segment 1/5
2026-09-06T20:01:30.135+01:00 INFO : 2 points above threshold
2026-09-06T20:01:30.152+01:00 INFO : Filtering template 72/96 segment 2/5
2026-09-06T20:01:30.170+01:00 INFO : 1 points above threshold
2026-09-06T20:01:30.175+01:00 INFO : Filtering template 72/96 segment 3/5
2026-09-06T20:01:30.192+01:00 INFO : 1 points above threshold
2026-09-06T20:01:30.197+01:00 INFO : Filtering template 72/96 segment 4/5
2026-09-06T20:01:30.215+01:00 INFO : 3 points above threshold
2026-09-06T20:01:30.224+01:00 INFO : Filtering template 72/96 segment 5/5
2026-09-06T20:01:30.241+01:00 INFO : 3 points above threshold
2026-09-06T20:01:30.251+01:00 INFO : 72: generating IMRPhenomD from 30.0 Hz
2026-09-06T20:01:30.253+01:00 INFO : Decompressing waveform using inline_linear
2026-09-06T20:01:30.258+01:00 INFO : Filtering template 73/96 segment 1/5
2026-09-06T20:01:30.278+01:00 INFO : 1 points above threshold
2026-09-06T20:01:30.293+01:00 INFO : Filtering template 73/96 segment 2/5
2026-09-06T20:01:30.311+01:00 INFO : 1 points above threshold
2026-09-06T20:01:30.316+01:00 INFO : Filtering template 73/96 segment 3/5
2026-09-06T20:01:30.334+01:00 INFO : 1 points above threshold
2026-09-06T20:01:30.339+01:00 INFO : Filtering template 73/96 segment 4/5
2026-09-06T20:01:30.357+01:00 INFO : Filtering template 73/96 segment 5/5
2026-09-06T20:01:30.374+01:00 INFO : 1 points above threshold
2026-09-06T20:01:30.380+01:00 INFO : 73: generating IMRPhenomD from 30.0 Hz
2026-09-06T20:01:30.382+01:00 INFO : Decompressing waveform using inline_linear
2026-09-06T20:01:30.387+01:00 INFO : Filtering template 74/96 segment 1/5
2026-09-06T20:01:30.407+01:00 INFO : 3 points above threshold
2026-09-06T20:01:30.426+01:00 INFO : Filtering template 74/96 segment 2/5
2026-09-06T20:01:30.444+01:00 INFO : 3 points above threshold
2026-09-06T20:01:30.453+01:00 INFO : Filtering template 74/96 segment 3/5
2026-09-06T20:01:30.470+01:00 INFO : Filtering template 74/96 segment 4/5
2026-09-06T20:01:30.488+01:00 INFO : 1 points above threshold
2026-09-06T20:01:30.493+01:00 INFO : Filtering template 74/96 segment 5/5
2026-09-06T20:01:30.511+01:00 INFO : 74: generating IMRPhenomD from 30.0 Hz
2026-09-06T20:01:30.514+01:00 INFO : Decompressing waveform using inline_linear
2026-09-06T20:01:30.519+01:00 INFO : Filtering template 75/96 segment 1/5
2026-09-06T20:01:30.538+01:00 INFO : Filtering template 75/96 segment 2/5
2026-09-06T20:01:30.556+01:00 INFO : 1 points above threshold
2026-09-06T20:01:30.571+01:00 INFO : Filtering template 75/96 segment 3/5
2026-09-06T20:01:30.589+01:00 INFO : 2 points above threshold
2026-09-06T20:01:30.596+01:00 INFO : Filtering template 75/96 segment 4/5
2026-09-06T20:01:30.613+01:00 INFO : Filtering template 75/96 segment 5/5
2026-09-06T20:01:30.631+01:00 INFO : 2 points above threshold
2026-09-06T20:01:30.639+01:00 INFO : 75: generating IMRPhenomD from 30.0 Hz
2026-09-06T20:01:30.641+01:00 INFO : Decompressing waveform using inline_linear
2026-09-06T20:01:30.646+01:00 INFO : Filtering template 76/96 segment 1/5
2026-09-06T20:01:30.666+01:00 INFO : 1 points above threshold
2026-09-06T20:01:30.681+01:00 INFO : Filtering template 76/96 segment 2/5
2026-09-06T20:01:30.698+01:00 INFO : Filtering template 76/96 segment 3/5
2026-09-06T20:01:30.716+01:00 INFO : 1 points above threshold
2026-09-06T20:01:30.721+01:00 INFO : Filtering template 76/96 segment 4/5
2026-09-06T20:01:30.739+01:00 INFO : Filtering template 76/96 segment 5/5
2026-09-06T20:01:30.757+01:00 INFO : 2 points above threshold
2026-09-06T20:01:30.764+01:00 INFO : 76: generating IMRPhenomD from 30.0 Hz
2026-09-06T20:01:30.767+01:00 INFO : Decompressing waveform using inline_linear
2026-09-06T20:01:30.771+01:00 INFO : Filtering template 77/96 segment 1/5
2026-09-06T20:01:30.791+01:00 INFO : Filtering template 77/96 segment 2/5
2026-09-06T20:01:30.809+01:00 INFO : 1 points above threshold
2026-09-06T20:01:30.824+01:00 INFO : Filtering template 77/96 segment 3/5
2026-09-06T20:01:30.842+01:00 INFO : Filtering template 77/96 segment 4/5
2026-09-06T20:01:30.860+01:00 INFO : 1 points above threshold
2026-09-06T20:01:30.865+01:00 INFO : Filtering template 77/96 segment 5/5
2026-09-06T20:01:30.883+01:00 INFO : 77: generating IMRPhenomD from 30.0 Hz
2026-09-06T20:01:30.886+01:00 INFO : Decompressing waveform using inline_linear
2026-09-06T20:01:30.890+01:00 INFO : Filtering template 78/96 segment 1/5
2026-09-06T20:01:30.910+01:00 INFO : Filtering template 78/96 segment 2/5
2026-09-06T20:01:30.928+01:00 INFO : Filtering template 78/96 segment 3/5
2026-09-06T20:01:30.946+01:00 INFO : Filtering template 78/96 segment 4/5
2026-09-06T20:01:30.963+01:00 INFO : 1 points above threshold
2026-09-06T20:01:30.978+01:00 INFO : Filtering template 78/96 segment 5/5
2026-09-06T20:01:30.996+01:00 INFO : 78: generating IMRPhenomD from 30.0 Hz
2026-09-06T20:01:30.999+01:00 INFO : Decompressing waveform using inline_linear
2026-09-06T20:01:31.004+01:00 INFO : Filtering template 79/96 segment 1/5
2026-09-06T20:01:31.023+01:00 INFO : 2 points above threshold
2026-09-06T20:01:31.041+01:00 INFO : Filtering template 79/96 segment 2/5
2026-09-06T20:01:31.059+01:00 INFO : Filtering template 79/96 segment 3/5
2026-09-06T20:01:31.076+01:00 INFO : 1 points above threshold
2026-09-06T20:01:31.081+01:00 INFO : Filtering template 79/96 segment 4/5
2026-09-06T20:01:31.099+01:00 INFO : 1 points above threshold
2026-09-06T20:01:31.104+01:00 INFO : Filtering template 79/96 segment 5/5
2026-09-06T20:01:31.122+01:00 INFO : 3 points above threshold
2026-09-06T20:01:31.131+01:00 INFO : 79: generating IMRPhenomD from 30.0 Hz
2026-09-06T20:01:31.134+01:00 INFO : Decompressing waveform using inline_linear
2026-09-06T20:01:31.139+01:00 INFO : Filtering template 80/96 segment 1/5
2026-09-06T20:01:31.158+01:00 INFO : 2 points above threshold
2026-09-06T20:01:31.175+01:00 INFO : Filtering template 80/96 segment 2/5
2026-09-06T20:01:31.193+01:00 INFO : 1 points above threshold
2026-09-06T20:01:31.198+01:00 INFO : Filtering template 80/96 segment 3/5
2026-09-06T20:01:31.216+01:00 INFO : 1 points above threshold
2026-09-06T20:01:31.221+01:00 INFO : Filtering template 80/96 segment 4/5
2026-09-06T20:01:31.238+01:00 INFO : Filtering template 80/96 segment 5/5
2026-09-06T20:01:31.256+01:00 INFO : 1 points above threshold
2026-09-06T20:01:31.261+01:00 INFO : 80: generating IMRPhenomD from 30.0 Hz
2026-09-06T20:01:31.264+01:00 INFO : Decompressing waveform using inline_linear
2026-09-06T20:01:31.269+01:00 INFO : Filtering template 81/96 segment 1/5
2026-09-06T20:01:31.288+01:00 INFO : 1 points above threshold
2026-09-06T20:01:31.304+01:00 INFO : Filtering template 81/96 segment 2/5
2026-09-06T20:01:31.321+01:00 INFO : 2 points above threshold
2026-09-06T20:01:31.328+01:00 INFO : Filtering template 81/96 segment 3/5
2026-09-06T20:01:31.346+01:00 INFO : 1 points above threshold
2026-09-06T20:01:31.351+01:00 INFO : Filtering template 81/96 segment 4/5
2026-09-06T20:01:31.369+01:00 INFO : Filtering template 81/96 segment 5/5
2026-09-06T20:01:31.386+01:00 INFO : 1 points above threshold
2026-09-06T20:01:31.392+01:00 INFO : 81: generating IMRPhenomD from 30.0 Hz
2026-09-06T20:01:31.394+01:00 INFO : Decompressing waveform using inline_linear
2026-09-06T20:01:31.399+01:00 INFO : Filtering template 82/96 segment 1/5
2026-09-06T20:01:31.419+01:00 INFO : Filtering template 82/96 segment 2/5
2026-09-06T20:01:31.437+01:00 INFO : 2 points above threshold
2026-09-06T20:01:31.454+01:00 INFO : Filtering template 82/96 segment 3/5
2026-09-06T20:01:31.471+01:00 INFO : 1 points above threshold
2026-09-06T20:01:31.476+01:00 INFO : Filtering template 82/96 segment 4/5
2026-09-06T20:01:31.494+01:00 INFO : Filtering template 82/96 segment 5/5
2026-09-06T20:01:31.512+01:00 INFO : 82: generating IMRPhenomD from 30.0 Hz
2026-09-06T20:01:31.515+01:00 INFO : Decompressing waveform using inline_linear
2026-09-06T20:01:31.519+01:00 INFO : Filtering template 83/96 segment 1/5
2026-09-06T20:01:31.539+01:00 INFO : 1 points above threshold
2026-09-06T20:01:31.554+01:00 INFO : Filtering template 83/96 segment 2/5
2026-09-06T20:01:31.572+01:00 INFO : 2 points above threshold
2026-09-06T20:01:31.579+01:00 INFO : Filtering template 83/96 segment 3/5
2026-09-06T20:01:31.596+01:00 INFO : 2 points above threshold
2026-09-06T20:01:31.603+01:00 INFO : Filtering template 83/96 segment 4/5
2026-09-06T20:01:31.621+01:00 INFO : 3 points above threshold
2026-09-06T20:01:31.630+01:00 INFO : Filtering template 83/96 segment 5/5
2026-09-06T20:01:31.647+01:00 INFO : 3 points above threshold
2026-09-06T20:01:31.657+01:00 INFO : 83: generating IMRPhenomD from 30.0 Hz
2026-09-06T20:01:31.660+01:00 INFO : Decompressing waveform using inline_linear
2026-09-06T20:01:31.664+01:00 INFO : Filtering template 84/96 segment 1/5
2026-09-06T20:01:31.684+01:00 INFO : Filtering template 84/96 segment 2/5
2026-09-06T20:01:31.702+01:00 INFO : Filtering template 84/96 segment 3/5
2026-09-06T20:01:31.719+01:00 INFO : 1 points above threshold
2026-09-06T20:01:31.734+01:00 INFO : Filtering template 84/96 segment 4/5
2026-09-06T20:01:31.752+01:00 INFO : 3 points above threshold
2026-09-06T20:01:31.761+01:00 INFO : Filtering template 84/96 segment 5/5
2026-09-06T20:01:31.779+01:00 INFO : 84: generating IMRPhenomD from 30.0 Hz
2026-09-06T20:01:31.782+01:00 INFO : Decompressing waveform using inline_linear
2026-09-06T20:01:31.787+01:00 INFO : Filtering template 85/96 segment 1/5
2026-09-06T20:01:31.806+01:00 INFO : 1 points above threshold
2026-09-06T20:01:31.821+01:00 INFO : Filtering template 85/96 segment 2/5
2026-09-06T20:01:31.839+01:00 INFO : 2 points above threshold
2026-09-06T20:01:31.846+01:00 INFO : Filtering template 85/96 segment 3/5
2026-09-06T20:01:31.864+01:00 INFO : 1 points above threshold
2026-09-06T20:01:31.869+01:00 INFO : Filtering template 85/96 segment 4/5
2026-09-06T20:01:31.887+01:00 INFO : 3 points above threshold
2026-09-06T20:01:31.896+01:00 INFO : Filtering template 85/96 segment 5/5
2026-09-06T20:01:31.914+01:00 INFO : 2 points above threshold
2026-09-06T20:01:31.921+01:00 INFO : 85: generating IMRPhenomD from 30.0 Hz
2026-09-06T20:01:31.924+01:00 INFO : Decompressing waveform using inline_linear
2026-09-06T20:01:31.928+01:00 INFO : Filtering template 86/96 segment 1/5
2026-09-06T20:01:31.948+01:00 INFO : 2 points above threshold
2026-09-06T20:01:31.965+01:00 INFO : Filtering template 86/96 segment 2/5
2026-09-06T20:01:31.983+01:00 INFO : 2 points above threshold
2026-09-06T20:01:31.990+01:00 INFO : Filtering template 86/96 segment 3/5
2026-09-06T20:01:32.007+01:00 INFO : 1 points above threshold
2026-09-06T20:01:32.013+01:00 INFO : Filtering template 86/96 segment 4/5
2026-09-06T20:01:32.030+01:00 INFO : 1 points above threshold
2026-09-06T20:01:32.035+01:00 INFO : Filtering template 86/96 segment 5/5
2026-09-06T20:01:32.053+01:00 INFO : 2 points above threshold
2026-09-06T20:01:32.060+01:00 INFO : 86: generating IMRPhenomD from 30.0 Hz
2026-09-06T20:01:32.063+01:00 INFO : Decompressing waveform using inline_linear
2026-09-06T20:01:32.067+01:00 INFO : Filtering template 87/96 segment 1/5
2026-09-06T20:01:32.087+01:00 INFO : 1 points above threshold
2026-09-06T20:01:32.102+01:00 INFO : Filtering template 87/96 segment 2/5
2026-09-06T20:01:32.120+01:00 INFO : 2 points above threshold
2026-09-06T20:01:32.127+01:00 INFO : Filtering template 87/96 segment 3/5
2026-09-06T20:01:32.144+01:00 INFO : 1 points above threshold
2026-09-06T20:01:32.150+01:00 INFO : Filtering template 87/96 segment 4/5
2026-09-06T20:01:32.167+01:00 INFO : 1 points above threshold
2026-09-06T20:01:32.172+01:00 INFO : Filtering template 87/96 segment 5/5
2026-09-06T20:01:32.190+01:00 INFO : 1 points above threshold
2026-09-06T20:01:32.195+01:00 INFO : 87: generating IMRPhenomD from 30.0 Hz
2026-09-06T20:01:32.198+01:00 INFO : Decompressing waveform using inline_linear
2026-09-06T20:01:32.202+01:00 INFO : Filtering template 88/96 segment 1/5
2026-09-06T20:01:32.222+01:00 INFO : 2 points above threshold
2026-09-06T20:01:32.239+01:00 INFO : Filtering template 88/96 segment 2/5
2026-09-06T20:01:32.257+01:00 INFO : 1 points above threshold
2026-09-06T20:01:32.262+01:00 INFO : Filtering template 88/96 segment 3/5
2026-09-06T20:01:32.279+01:00 INFO : Filtering template 88/96 segment 4/5
2026-09-06T20:01:32.297+01:00 INFO : Filtering template 88/96 segment 5/5
2026-09-06T20:01:32.315+01:00 INFO : 2 points above threshold
2026-09-06T20:01:32.322+01:00 INFO : 88: generating IMRPhenomD from 30.0 Hz
2026-09-06T20:01:32.325+01:00 INFO : Decompressing waveform using inline_linear
2026-09-06T20:01:32.330+01:00 INFO : Filtering template 89/96 segment 1/5
2026-09-06T20:01:32.349+01:00 INFO : 2 points above threshold
2026-09-06T20:01:32.366+01:00 INFO : Filtering template 89/96 segment 2/5
2026-09-06T20:01:32.384+01:00 INFO : 1 points above threshold
2026-09-06T20:01:32.389+01:00 INFO : Filtering template 89/96 segment 3/5
2026-09-06T20:01:32.407+01:00 INFO : 2 points above threshold
2026-09-06T20:01:32.414+01:00 INFO : Filtering template 89/96 segment 4/5
2026-09-06T20:01:32.431+01:00 INFO : Filtering template 89/96 segment 5/5
2026-09-06T20:01:32.449+01:00 INFO : 89: generating IMRPhenomD from 30.0 Hz
2026-09-06T20:01:32.452+01:00 INFO : Decompressing waveform using inline_linear
2026-09-06T20:01:32.457+01:00 INFO : Filtering template 90/96 segment 1/5
2026-09-06T20:01:32.476+01:00 INFO : Filtering template 90/96 segment 2/5
2026-09-06T20:01:32.494+01:00 INFO : 1 points above threshold
2026-09-06T20:01:32.509+01:00 INFO : Filtering template 90/96 segment 3/5
2026-09-06T20:01:32.527+01:00 INFO : 3 points above threshold
2026-09-06T20:01:32.536+01:00 INFO : Filtering template 90/96 segment 4/5
2026-09-06T20:01:32.553+01:00 INFO : Filtering template 90/96 segment 5/5
2026-09-06T20:01:32.571+01:00 INFO : 1 points above threshold
2026-09-06T20:01:32.576+01:00 INFO : 90: generating IMRPhenomD from 30.0 Hz
2026-09-06T20:01:32.579+01:00 INFO : Decompressing waveform using inline_linear
2026-09-06T20:01:32.584+01:00 INFO : Filtering template 91/96 segment 1/5
2026-09-06T20:01:32.603+01:00 INFO : Filtering template 91/96 segment 2/5
2026-09-06T20:01:32.621+01:00 INFO : 2 points above threshold
2026-09-06T20:01:32.638+01:00 INFO : Filtering template 91/96 segment 3/5
2026-09-06T20:01:32.656+01:00 INFO : 3 points above threshold
2026-09-06T20:01:32.665+01:00 INFO : Filtering template 91/96 segment 4/5
2026-09-06T20:01:32.682+01:00 INFO : Filtering template 91/96 segment 5/5
2026-09-06T20:01:32.700+01:00 INFO : 1 points above threshold
2026-09-06T20:01:32.705+01:00 INFO : 91: generating IMRPhenomD from 30.0 Hz
2026-09-06T20:01:32.708+01:00 INFO : Decompressing waveform using inline_linear
2026-09-06T20:01:32.712+01:00 INFO : Filtering template 92/96 segment 1/5
2026-09-06T20:01:32.732+01:00 INFO : 2 points above threshold
2026-09-06T20:01:32.749+01:00 INFO : Filtering template 92/96 segment 2/5
2026-09-06T20:01:32.767+01:00 INFO : 1 points above threshold
2026-09-06T20:01:32.772+01:00 INFO : Filtering template 92/96 segment 3/5
2026-09-06T20:01:32.789+01:00 INFO : 2 points above threshold
2026-09-06T20:01:32.796+01:00 INFO : Filtering template 92/96 segment 4/5
2026-09-06T20:01:32.814+01:00 INFO : 1 points above threshold
2026-09-06T20:01:32.819+01:00 INFO : Filtering template 92/96 segment 5/5
2026-09-06T20:01:32.837+01:00 INFO : 1 points above threshold
2026-09-06T20:01:32.842+01:00 INFO : 92: generating IMRPhenomD from 30.0 Hz
2026-09-06T20:01:32.845+01:00 INFO : Decompressing waveform using inline_linear
2026-09-06T20:01:32.850+01:00 INFO : Filtering template 93/96 segment 1/5
2026-09-06T20:01:32.869+01:00 INFO : Filtering template 93/96 segment 2/5
2026-09-06T20:01:32.887+01:00 INFO : 3 points above threshold
2026-09-06T20:01:32.906+01:00 INFO : Filtering template 93/96 segment 3/5
2026-09-06T20:01:32.924+01:00 INFO : 3 points above threshold
2026-09-06T20:01:32.934+01:00 INFO : Filtering template 93/96 segment 4/5
2026-09-06T20:01:32.954+01:00 INFO : 1 points above threshold
2026-09-06T20:01:32.960+01:00 INFO : Filtering template 93/96 segment 5/5
2026-09-06T20:01:32.979+01:00 INFO : 1 points above threshold
2026-09-06T20:01:32.985+01:00 INFO : 93: generating IMRPhenomD from 30.0 Hz
2026-09-06T20:01:32.987+01:00 INFO : Decompressing waveform using inline_linear
2026-09-06T20:01:32.992+01:00 INFO : Filtering template 94/96 segment 1/5
2026-09-06T20:01:33.015+01:00 INFO : 1 points above threshold
2026-09-06T20:01:33.031+01:00 INFO : Filtering template 94/96 segment 2/5
2026-09-06T20:01:33.050+01:00 INFO : 2 points above threshold
2026-09-06T20:01:33.057+01:00 INFO : Filtering template 94/96 segment 3/5
2026-09-06T20:01:33.074+01:00 INFO : 4 points above threshold
2026-09-06T20:01:33.083+01:00 INFO : Filtering template 94/96 segment 4/5
2026-09-06T20:01:33.100+01:00 INFO : Filtering template 94/96 segment 5/5
2026-09-06T20:01:33.118+01:00 INFO : 2 points above threshold
2026-09-06T20:01:33.125+01:00 INFO : 94: generating IMRPhenomD from 30.0 Hz
2026-09-06T20:01:33.128+01:00 INFO : Decompressing waveform using inline_linear
2026-09-06T20:01:33.133+01:00 INFO : Filtering template 95/96 segment 1/5
2026-09-06T20:01:33.152+01:00 INFO : 3 points above threshold
2026-09-06T20:01:33.171+01:00 INFO : Filtering template 95/96 segment 2/5
2026-09-06T20:01:33.189+01:00 INFO : 2 points above threshold
2026-09-06T20:01:33.196+01:00 INFO : Filtering template 95/96 segment 3/5
2026-09-06T20:01:33.214+01:00 INFO : 2 points above threshold
2026-09-06T20:01:33.221+01:00 INFO : Filtering template 95/96 segment 4/5
2026-09-06T20:01:33.238+01:00 INFO : 1 points above threshold
2026-09-06T20:01:33.243+01:00 INFO : Filtering template 95/96 segment 5/5
2026-09-06T20:01:33.261+01:00 INFO : 95: generating IMRPhenomD from 30.0 Hz
2026-09-06T20:01:33.280+01:00 INFO : Decompressing waveform using inline_linear
2026-09-06T20:01:33.285+01:00 INFO : Filtering template 96/96 segment 1/5
2026-09-06T20:01:33.313+01:00 INFO : 2 points above threshold
2026-09-06T20:01:33.335+01:00 INFO : Filtering template 96/96 segment 2/5
2026-09-06T20:01:33.352+01:00 INFO : Filtering template 96/96 segment 3/5
2026-09-06T20:01:33.370+01:00 INFO : Filtering template 96/96 segment 4/5
2026-09-06T20:01:33.388+01:00 INFO : 1 points above threshold
2026-09-06T20:01:33.393+01:00 INFO : Filtering template 96/96 segment 5/5
2026-09-06T20:01:33.410+01:00 INFO : We currently have 527 triggers
2026-09-06T20:01:33.411+01:00 INFO : Removing triggers with NewSNR below threshold
2026-09-06T20:01:33.411+01:00 INFO : 475 remaining triggers
2026-09-06T20:01:33.411+01:00 INFO : Outputting 475 triggers
2026-09-06T20:01:33.411+01:00 INFO : Writing out triggers
2026-09-06T20:01:33.421+01:00 INFO : Finished
