2026-09-06T20:14:35.927+01:00 INFO : Running with CPU support: 1 threads
2026-09-06T20:14:35.927+01:00 INFO : Reading Frames
2026-09-06T20:14:42.628+01:00 INFO : Highpass Filtering
2026-09-06T20:14:43.089+01:00 INFO : Resampling data
2026-09-06T20:14:43.101+01:00 INFO : Converting to float32
/home/xangma/pycbc-torch-inspiral-reference-20260906/source-v5/pycbc/types/array.py:872: RuntimeWarning: divide by zero encountered in divide
  return self._data.__rtruediv__(other)
2026-09-06T20:14:48.181+01:00 INFO : Highpass Filtering
2026-09-06T20:14:48.623+01:00 INFO : Remove Padding
2026-09-06T20:14:48.646+01:00 INFO : Making frequency-domain data segments
2026-09-06T20:14:51.163+01:00 INFO : Overwhitening frequency-domain data segments
2026-09-06T20:14:51.183+01:00 INFO : Read in template bank
2026-09-06T20:14:51.193+01:00 INFO : Full template bank size: 96
2026-09-06T20:14:51.193+01:00 INFO : Template bank size after thinning: 96
2026-09-06T20:14:51.194+01:00 INFO : 0: generating IMRPhenomD from 30.0 Hz
2026-09-06T20:14:51.196+01:00 INFO : Decompressing waveform using inline_linear
2026-09-06T20:14:51.203+01:00 INFO : Filtering template 1/96 segment 1/5
2026-09-06T20:14:51.249+01:00 INFO : 1 points above threshold
2026-09-06T20:14:51.272+01:00 INFO : Filtering template 1/96 segment 2/5
2026-09-06T20:14:51.289+01:00 INFO : Filtering template 1/96 segment 3/5
2026-09-06T20:14:51.307+01:00 INFO : 1 points above threshold
2026-09-06T20:14:51.312+01:00 INFO : Filtering template 1/96 segment 4/5
2026-09-06T20:14:51.330+01:00 INFO : Filtering template 1/96 segment 5/5
2026-09-06T20:14:51.348+01:00 INFO : 1 points above threshold
2026-09-06T20:14:51.353+01:00 INFO : 1: generating IMRPhenomD from 30.0 Hz
2026-09-06T20:14:51.356+01:00 INFO : Decompressing waveform using inline_linear
2026-09-06T20:14:51.361+01:00 INFO : Filtering template 2/96 segment 1/5
2026-09-06T20:14:51.381+01:00 INFO : 1 points above threshold
2026-09-06T20:14:51.396+01:00 INFO : Filtering template 2/96 segment 2/5
2026-09-06T20:14:51.414+01:00 INFO : 1 points above threshold
2026-09-06T20:14:51.419+01:00 INFO : Filtering template 2/96 segment 3/5
2026-09-06T20:14:51.436+01:00 INFO : 2 points above threshold
2026-09-06T20:14:51.443+01:00 INFO : Filtering template 2/96 segment 4/5
2026-09-06T20:14:51.461+01:00 INFO : Filtering template 2/96 segment 5/5
2026-09-06T20:14:51.478+01:00 INFO : 1 points above threshold
2026-09-06T20:14:51.487+01:00 INFO : 2: generating IMRPhenomD from 30.0 Hz
2026-09-06T20:14:51.489+01:00 INFO : Decompressing waveform using inline_linear
2026-09-06T20:14:51.494+01:00 INFO : Filtering template 3/96 segment 1/5
2026-09-06T20:14:51.514+01:00 INFO : 3 points above threshold
2026-09-06T20:14:51.533+01:00 INFO : Filtering template 3/96 segment 2/5
2026-09-06T20:14:51.551+01:00 INFO : Filtering template 3/96 segment 3/5
2026-09-06T20:14:51.568+01:00 INFO : 1 points above threshold
2026-09-06T20:14:51.574+01:00 INFO : Filtering template 3/96 segment 4/5
2026-09-06T20:14:51.592+01:00 INFO : 1 points above threshold
2026-09-06T20:14:51.597+01:00 INFO : Filtering template 3/96 segment 5/5
2026-09-06T20:14:51.615+01:00 INFO : 3: generating IMRPhenomD from 30.0 Hz
2026-09-06T20:14:51.618+01:00 INFO : Decompressing waveform using inline_linear
2026-09-06T20:14:51.623+01:00 INFO : Filtering template 4/96 segment 1/5
2026-09-06T20:14:51.642+01:00 INFO : 1 points above threshold
2026-09-06T20:14:51.658+01:00 INFO : Filtering template 4/96 segment 2/5
2026-09-06T20:14:51.675+01:00 INFO : 1 points above threshold
2026-09-06T20:14:51.680+01:00 INFO : Filtering template 4/96 segment 3/5
2026-09-06T20:14:51.698+01:00 INFO : 2 points above threshold
2026-09-06T20:14:51.705+01:00 INFO : Filtering template 4/96 segment 4/5
2026-09-06T20:14:51.723+01:00 INFO : 2 points above threshold
2026-09-06T20:14:51.730+01:00 INFO : Filtering template 4/96 segment 5/5
2026-09-06T20:14:51.748+01:00 INFO : 2 points above threshold
2026-09-06T20:14:51.755+01:00 INFO : 4: generating IMRPhenomD from 30.0 Hz
2026-09-06T20:14:51.758+01:00 INFO : Decompressing waveform using inline_linear
2026-09-06T20:14:51.762+01:00 INFO : Filtering template 5/96 segment 1/5
2026-09-06T20:14:51.782+01:00 INFO : 1 points above threshold
2026-09-06T20:14:51.798+01:00 INFO : Filtering template 5/96 segment 2/5
2026-09-06T20:14:51.815+01:00 INFO : 2 points above threshold
2026-09-06T20:14:51.822+01:00 INFO : Filtering template 5/96 segment 3/5
2026-09-06T20:14:51.840+01:00 INFO : 2 points above threshold
2026-09-06T20:14:51.847+01:00 INFO : Filtering template 5/96 segment 4/5
2026-09-06T20:14:51.864+01:00 INFO : 2 points above threshold
2026-09-06T20:14:51.871+01:00 INFO : Filtering template 5/96 segment 5/5
2026-09-06T20:14:51.889+01:00 INFO : 5: generating IMRPhenomD from 30.0 Hz
2026-09-06T20:14:51.892+01:00 INFO : Decompressing waveform using inline_linear
2026-09-06T20:14:51.897+01:00 INFO : Filtering template 6/96 segment 1/5
2026-09-06T20:14:51.917+01:00 INFO : 1 points above threshold
2026-09-06T20:14:51.932+01:00 INFO : Filtering template 6/96 segment 2/5
2026-09-06T20:14:51.950+01:00 INFO : Filtering template 6/96 segment 3/5
2026-09-06T20:14:51.968+01:00 INFO : Filtering template 6/96 segment 4/5
2026-09-06T20:14:51.986+01:00 INFO : Filtering template 6/96 segment 5/5
2026-09-06T20:14:52.003+01:00 INFO : 1 points above threshold
2026-09-06T20:14:52.008+01:00 INFO : 6: generating IMRPhenomD from 30.0 Hz
2026-09-06T20:14:52.011+01:00 INFO : Decompressing waveform using inline_linear
2026-09-06T20:14:52.016+01:00 INFO : Filtering template 7/96 segment 1/5
2026-09-06T20:14:52.036+01:00 INFO : 2 points above threshold
2026-09-06T20:14:52.053+01:00 INFO : Filtering template 7/96 segment 2/5
2026-09-06T20:14:52.071+01:00 INFO : Filtering template 7/96 segment 3/5
2026-09-06T20:14:52.088+01:00 INFO : Filtering template 7/96 segment 4/5
2026-09-06T20:14:52.106+01:00 INFO : 1 points above threshold
2026-09-06T20:14:52.111+01:00 INFO : Filtering template 7/96 segment 5/5
2026-09-06T20:14:52.129+01:00 INFO : 7: generating IMRPhenomD from 30.0 Hz
2026-09-06T20:14:52.132+01:00 INFO : Decompressing waveform using inline_linear
2026-09-06T20:14:52.137+01:00 INFO : Filtering template 8/96 segment 1/5
2026-09-06T20:14:52.156+01:00 INFO : 2 points above threshold
2026-09-06T20:14:52.174+01:00 INFO : Filtering template 8/96 segment 2/5
2026-09-06T20:14:52.191+01:00 INFO : 1 points above threshold
2026-09-06T20:14:52.196+01:00 INFO : Filtering template 8/96 segment 3/5
2026-09-06T20:14:52.214+01:00 INFO : 4 points above threshold
2026-09-06T20:14:52.222+01:00 INFO : Filtering template 8/96 segment 4/5
2026-09-06T20:14:52.240+01:00 INFO : Filtering template 8/96 segment 5/5
2026-09-06T20:14:52.258+01:00 INFO : 8: generating IMRPhenomD from 30.0 Hz
2026-09-06T20:14:52.261+01:00 INFO : Decompressing waveform using inline_linear
2026-09-06T20:14:52.266+01:00 INFO : Filtering template 9/96 segment 1/5
2026-09-06T20:14:52.285+01:00 INFO : Filtering template 9/96 segment 2/5
2026-09-06T20:14:52.303+01:00 INFO : 1 points above threshold
2026-09-06T20:14:52.317+01:00 INFO : Filtering template 9/96 segment 3/5
2026-09-06T20:14:52.334+01:00 INFO : 2 points above threshold
2026-09-06T20:14:52.341+01:00 INFO : Filtering template 9/96 segment 4/5
2026-09-06T20:14:52.359+01:00 INFO : 1 points above threshold
2026-09-06T20:14:52.364+01:00 INFO : Filtering template 9/96 segment 5/5
2026-09-06T20:14:52.381+01:00 INFO : 3 points above threshold
2026-09-06T20:14:52.391+01:00 INFO : 9: generating IMRPhenomD from 30.0 Hz
2026-09-06T20:14:52.394+01:00 INFO : Decompressing waveform using inline_linear
2026-09-06T20:14:52.398+01:00 INFO : Filtering template 10/96 segment 1/5
2026-09-06T20:14:52.418+01:00 INFO : 1 points above threshold
2026-09-06T20:14:52.432+01:00 INFO : Filtering template 10/96 segment 2/5
2026-09-06T20:14:52.449+01:00 INFO : 1 points above threshold
2026-09-06T20:14:52.454+01:00 INFO : Filtering template 10/96 segment 3/5
2026-09-06T20:14:52.472+01:00 INFO : Filtering template 10/96 segment 4/5
2026-09-06T20:14:52.490+01:00 INFO : 2 points above threshold
2026-09-06T20:14:52.497+01:00 INFO : Filtering template 10/96 segment 5/5
2026-09-06T20:14:52.514+01:00 INFO : 1 points above threshold
2026-09-06T20:14:52.519+01:00 INFO : 10: generating IMRPhenomD from 30.0 Hz
2026-09-06T20:14:52.522+01:00 INFO : Decompressing waveform using inline_linear
2026-09-06T20:14:52.527+01:00 INFO : Filtering template 11/96 segment 1/5
2026-09-06T20:14:52.547+01:00 INFO : 4 points above threshold
2026-09-06T20:14:52.564+01:00 INFO : Filtering template 11/96 segment 2/5
2026-09-06T20:14:52.581+01:00 INFO : 2 points above threshold
2026-09-06T20:14:52.588+01:00 INFO : Filtering template 11/96 segment 3/5
2026-09-06T20:14:52.606+01:00 INFO : 1 points above threshold
2026-09-06T20:14:52.611+01:00 INFO : Filtering template 11/96 segment 4/5
2026-09-06T20:14:52.628+01:00 INFO : Filtering template 11/96 segment 5/5
2026-09-06T20:14:52.646+01:00 INFO : 11: generating IMRPhenomD from 30.0 Hz
2026-09-06T20:14:52.649+01:00 INFO : Decompressing waveform using inline_linear
2026-09-06T20:14:52.654+01:00 INFO : Filtering template 12/96 segment 1/5
2026-09-06T20:14:52.674+01:00 INFO : 1 points above threshold
2026-09-06T20:14:52.688+01:00 INFO : Filtering template 12/96 segment 2/5
2026-09-06T20:14:52.706+01:00 INFO : 1 points above threshold
2026-09-06T20:14:52.714+01:00 INFO : Filtering template 12/96 segment 3/5
2026-09-06T20:14:52.732+01:00 INFO : 1 points above threshold
2026-09-06T20:14:52.737+01:00 INFO : Filtering template 12/96 segment 4/5
2026-09-06T20:14:52.755+01:00 INFO : 3 points above threshold
2026-09-06T20:14:52.764+01:00 INFO : Filtering template 12/96 segment 5/5
2026-09-06T20:14:52.782+01:00 INFO : 12: generating IMRPhenomD from 30.0 Hz
2026-09-06T20:14:52.784+01:00 INFO : Decompressing waveform using inline_linear
2026-09-06T20:14:52.789+01:00 INFO : Filtering template 13/96 segment 1/5
2026-09-06T20:14:52.809+01:00 INFO : Filtering template 13/96 segment 2/5
2026-09-06T20:14:52.827+01:00 INFO : 4 points above threshold
2026-09-06T20:14:52.844+01:00 INFO : Filtering template 13/96 segment 3/5
2026-09-06T20:14:52.862+01:00 INFO : Filtering template 13/96 segment 4/5
2026-09-06T20:14:52.879+01:00 INFO : Filtering template 13/96 segment 5/5
2026-09-06T20:14:52.897+01:00 INFO : 1 points above threshold
2026-09-06T20:14:52.902+01:00 INFO : 13: generating IMRPhenomD from 30.0 Hz
2026-09-06T20:14:52.905+01:00 INFO : Decompressing waveform using inline_linear
2026-09-06T20:14:52.910+01:00 INFO : Filtering template 14/96 segment 1/5
2026-09-06T20:14:52.930+01:00 INFO : 1 points above threshold
2026-09-06T20:14:52.944+01:00 INFO : Filtering template 14/96 segment 2/5
2026-09-06T20:14:52.961+01:00 INFO : 2 points above threshold
2026-09-06T20:14:52.968+01:00 INFO : Filtering template 14/96 segment 3/5
2026-09-06T20:14:52.986+01:00 INFO : 3 points above threshold
2026-09-06T20:14:52.995+01:00 INFO : Filtering template 14/96 segment 4/5
2026-09-06T20:14:53.012+01:00 INFO : 2 points above threshold
2026-09-06T20:14:53.019+01:00 INFO : Filtering template 14/96 segment 5/5
2026-09-06T20:14:53.037+01:00 INFO : 14: generating IMRPhenomD from 30.0 Hz
2026-09-06T20:14:53.040+01:00 INFO : Decompressing waveform using inline_linear
2026-09-06T20:14:53.045+01:00 INFO : Filtering template 15/96 segment 1/5
2026-09-06T20:14:53.065+01:00 INFO : 1 points above threshold
2026-09-06T20:14:53.078+01:00 INFO : Filtering template 15/96 segment 2/5
2026-09-06T20:14:53.096+01:00 INFO : Filtering template 15/96 segment 3/5
2026-09-06T20:14:53.113+01:00 INFO : 1 points above threshold
2026-09-06T20:14:53.119+01:00 INFO : Filtering template 15/96 segment 4/5
2026-09-06T20:14:53.136+01:00 INFO : 1 points above threshold
2026-09-06T20:14:53.141+01:00 INFO : Filtering template 15/96 segment 5/5
2026-09-06T20:14:53.159+01:00 INFO : 3 points above threshold
2026-09-06T20:14:53.168+01:00 INFO : 15: generating IMRPhenomD from 30.0 Hz
2026-09-06T20:14:53.171+01:00 INFO : Decompressing waveform using inline_linear
2026-09-06T20:14:53.176+01:00 INFO : Filtering template 16/96 segment 1/5
2026-09-06T20:14:53.195+01:00 INFO : 1 points above threshold
2026-09-06T20:14:53.210+01:00 INFO : Filtering template 16/96 segment 2/5
2026-09-06T20:14:53.230+01:00 INFO : 2 points above threshold
2026-09-06T20:14:53.238+01:00 INFO : Filtering template 16/96 segment 3/5
2026-09-06T20:14:53.260+01:00 INFO : 3 points above threshold
2026-09-06T20:14:53.270+01:00 INFO : Filtering template 16/96 segment 4/5
2026-09-06T20:14:53.290+01:00 INFO : 2 points above threshold
2026-09-06T20:14:53.297+01:00 INFO : Filtering template 16/96 segment 5/5
2026-09-06T20:14:53.316+01:00 INFO : 16: generating IMRPhenomD from 30.0 Hz
2026-09-06T20:14:53.319+01:00 INFO : Decompressing waveform using inline_linear
2026-09-06T20:14:53.324+01:00 INFO : Filtering template 17/96 segment 1/5
2026-09-06T20:14:53.344+01:00 INFO : 2 points above threshold
2026-09-06T20:14:53.361+01:00 INFO : Filtering template 17/96 segment 2/5
2026-09-06T20:14:53.379+01:00 INFO : 3 points above threshold
2026-09-06T20:14:53.388+01:00 INFO : Filtering template 17/96 segment 3/5
2026-09-06T20:14:53.405+01:00 INFO : Filtering template 17/96 segment 4/5
2026-09-06T20:14:53.423+01:00 INFO : 2 points above threshold
2026-09-06T20:14:53.430+01:00 INFO : Filtering template 17/96 segment 5/5
2026-09-06T20:14:53.448+01:00 INFO : 3 points above threshold
2026-09-06T20:14:53.457+01:00 INFO : 17: generating IMRPhenomD from 30.0 Hz
2026-09-06T20:14:53.460+01:00 INFO : Decompressing waveform using inline_linear
2026-09-06T20:14:53.465+01:00 INFO : Filtering template 18/96 segment 1/5
2026-09-06T20:14:53.484+01:00 INFO : Filtering template 18/96 segment 2/5
2026-09-06T20:14:53.502+01:00 INFO : Filtering template 18/96 segment 3/5
2026-09-06T20:14:53.520+01:00 INFO : 1 points above threshold
2026-09-06T20:14:53.535+01:00 INFO : Filtering template 18/96 segment 4/5
2026-09-06T20:14:53.553+01:00 INFO : Filtering template 18/96 segment 5/5
2026-09-06T20:14:53.570+01:00 INFO : 2 points above threshold
2026-09-06T20:14:53.577+01:00 INFO : 18: generating IMRPhenomD from 30.0 Hz
2026-09-06T20:14:53.580+01:00 INFO : Decompressing waveform using inline_linear
2026-09-06T20:14:53.585+01:00 INFO : Filtering template 19/96 segment 1/5
2026-09-06T20:14:53.605+01:00 INFO : 3 points above threshold
2026-09-06T20:14:53.624+01:00 INFO : Filtering template 19/96 segment 2/5
2026-09-06T20:14:53.641+01:00 INFO : 1 points above threshold
2026-09-06T20:14:53.647+01:00 INFO : Filtering template 19/96 segment 3/5
2026-09-06T20:14:53.664+01:00 INFO : 1 points above threshold
2026-09-06T20:14:53.669+01:00 INFO : Filtering template 19/96 segment 4/5
2026-09-06T20:14:53.687+01:00 INFO : 3 points above threshold
2026-09-06T20:14:53.696+01:00 INFO : Filtering template 19/96 segment 5/5
2026-09-06T20:14:53.713+01:00 INFO : 1 points above threshold
2026-09-06T20:14:53.719+01:00 INFO : 19: generating IMRPhenomD from 30.0 Hz
2026-09-06T20:14:53.722+01:00 INFO : Decompressing waveform using inline_linear
2026-09-06T20:14:53.726+01:00 INFO : Filtering template 20/96 segment 1/5
2026-09-06T20:14:53.746+01:00 INFO : 1 points above threshold
2026-09-06T20:14:53.761+01:00 INFO : Filtering template 20/96 segment 2/5
2026-09-06T20:14:53.779+01:00 INFO : 3 points above threshold
2026-09-06T20:14:53.788+01:00 INFO : Filtering template 20/96 segment 3/5
2026-09-06T20:14:53.806+01:00 INFO : Filtering template 20/96 segment 4/5
2026-09-06T20:14:53.823+01:00 INFO : 2 points above threshold
2026-09-06T20:14:53.830+01:00 INFO : Filtering template 20/96 segment 5/5
2026-09-06T20:14:53.848+01:00 INFO : 20: generating IMRPhenomD from 30.0 Hz
2026-09-06T20:14:53.851+01:00 INFO : Decompressing waveform using inline_linear
2026-09-06T20:14:53.856+01:00 INFO : Filtering template 21/96 segment 1/5
2026-09-06T20:14:53.876+01:00 INFO : 1 points above threshold
2026-09-06T20:14:53.892+01:00 INFO : Filtering template 21/96 segment 2/5
2026-09-06T20:14:53.909+01:00 INFO : 1 points above threshold
2026-09-06T20:14:53.915+01:00 INFO : Filtering template 21/96 segment 3/5
2026-09-06T20:14:53.932+01:00 INFO : 1 points above threshold
2026-09-06T20:14:53.937+01:00 INFO : Filtering template 21/96 segment 4/5
2026-09-06T20:14:53.955+01:00 INFO : Filtering template 21/96 segment 5/5
2026-09-06T20:14:53.973+01:00 INFO : 21: generating IMRPhenomD from 30.0 Hz
2026-09-06T20:14:53.976+01:00 INFO : Decompressing waveform using inline_linear
2026-09-06T20:14:53.981+01:00 INFO : Filtering template 22/96 segment 1/5
2026-09-06T20:14:54.001+01:00 INFO : 5 points above threshold
2026-09-06T20:14:54.023+01:00 INFO : Filtering template 22/96 segment 2/5
2026-09-06T20:14:54.041+01:00 INFO : Filtering template 22/96 segment 3/5
2026-09-06T20:14:54.059+01:00 INFO : Filtering template 22/96 segment 4/5
2026-09-06T20:14:54.077+01:00 INFO : 1 points above threshold
2026-09-06T20:14:54.082+01:00 INFO : Filtering template 22/96 segment 5/5
2026-09-06T20:14:54.099+01:00 INFO : 1 points above threshold
2026-09-06T20:14:54.105+01:00 INFO : 22: generating IMRPhenomD from 30.0 Hz
2026-09-06T20:14:54.107+01:00 INFO : Decompressing waveform using inline_linear
2026-09-06T20:14:54.112+01:00 INFO : Filtering template 23/96 segment 1/5
2026-09-06T20:14:54.132+01:00 INFO : 2 points above threshold
2026-09-06T20:14:54.150+01:00 INFO : Filtering template 23/96 segment 2/5
2026-09-06T20:14:54.168+01:00 INFO : 1 points above threshold
2026-09-06T20:14:54.173+01:00 INFO : Filtering template 23/96 segment 3/5
2026-09-06T20:14:54.191+01:00 INFO : 1 points above threshold
2026-09-06T20:14:54.196+01:00 INFO : Filtering template 23/96 segment 4/5
2026-09-06T20:14:54.213+01:00 INFO : Filtering template 23/96 segment 5/5
2026-09-06T20:14:54.231+01:00 INFO : 23: generating IMRPhenomD from 30.0 Hz
2026-09-06T20:14:54.234+01:00 INFO : Decompressing waveform using inline_linear
2026-09-06T20:14:54.239+01:00 INFO : Filtering template 24/96 segment 1/5
2026-09-06T20:14:54.259+01:00 INFO : 1 points above threshold
2026-09-06T20:14:54.275+01:00 INFO : Filtering template 24/96 segment 2/5
2026-09-06T20:14:54.293+01:00 INFO : 2 points above threshold
2026-09-06T20:14:54.300+01:00 INFO : Filtering template 24/96 segment 3/5
2026-09-06T20:14:54.317+01:00 INFO : 1 points above threshold
2026-09-06T20:14:54.322+01:00 INFO : Filtering template 24/96 segment 4/5
2026-09-06T20:14:54.340+01:00 INFO : Filtering template 24/96 segment 5/5
2026-09-06T20:14:54.358+01:00 INFO : 2 points above threshold
2026-09-06T20:14:54.365+01:00 INFO : 24: generating IMRPhenomD from 30.0 Hz
2026-09-06T20:14:54.368+01:00 INFO : Decompressing waveform using inline_linear
2026-09-06T20:14:54.372+01:00 INFO : Filtering template 25/96 segment 1/5
2026-09-06T20:14:54.392+01:00 INFO : 2 points above threshold
2026-09-06T20:14:54.410+01:00 INFO : Filtering template 25/96 segment 2/5
2026-09-06T20:14:54.428+01:00 INFO : Filtering template 25/96 segment 3/5
2026-09-06T20:14:54.446+01:00 INFO : Filtering template 25/96 segment 4/5
2026-09-06T20:14:54.463+01:00 INFO : Filtering template 25/96 segment 5/5
2026-09-06T20:14:54.481+01:00 INFO : 25: generating IMRPhenomD from 30.0 Hz
2026-09-06T20:14:54.484+01:00 INFO : Decompressing waveform using inline_linear
2026-09-06T20:14:54.489+01:00 INFO : Filtering template 26/96 segment 1/5
2026-09-06T20:14:54.509+01:00 INFO : Filtering template 26/96 segment 2/5
2026-09-06T20:14:54.526+01:00 INFO : 2 points above threshold
2026-09-06T20:14:54.543+01:00 INFO : Filtering template 26/96 segment 3/5
2026-09-06T20:14:54.561+01:00 INFO : Filtering template 26/96 segment 4/5
2026-09-06T20:14:54.579+01:00 INFO : 2 points above threshold
2026-09-06T20:14:54.586+01:00 INFO : Filtering template 26/96 segment 5/5
2026-09-06T20:14:54.603+01:00 INFO : 2 points above threshold
2026-09-06T20:14:54.610+01:00 INFO : 26: generating IMRPhenomD from 30.0 Hz
2026-09-06T20:14:54.613+01:00 INFO : Decompressing waveform using inline_linear
2026-09-06T20:14:54.618+01:00 INFO : Filtering template 27/96 segment 1/5
2026-09-06T20:14:54.638+01:00 INFO : 3 points above threshold
2026-09-06T20:14:54.657+01:00 INFO : Filtering template 27/96 segment 2/5
2026-09-06T20:14:54.674+01:00 INFO : Filtering template 27/96 segment 3/5
2026-09-06T20:14:54.692+01:00 INFO : 1 points above threshold
2026-09-06T20:14:54.697+01:00 INFO : Filtering template 27/96 segment 4/5
2026-09-06T20:14:54.715+01:00 INFO : Filtering template 27/96 segment 5/5
2026-09-06T20:14:54.733+01:00 INFO : 27: generating IMRPhenomD from 30.0 Hz
2026-09-06T20:14:54.735+01:00 INFO : Decompressing waveform using inline_linear
2026-09-06T20:14:54.740+01:00 INFO : Filtering template 28/96 segment 1/5
2026-09-06T20:14:54.761+01:00 INFO : 3 points above threshold
2026-09-06T20:14:54.780+01:00 INFO : Filtering template 28/96 segment 2/5
2026-09-06T20:14:54.798+01:00 INFO : 1 points above threshold
2026-09-06T20:14:54.803+01:00 INFO : Filtering template 28/96 segment 3/5
2026-09-06T20:14:54.820+01:00 INFO : 2 points above threshold
2026-09-06T20:14:54.827+01:00 INFO : Filtering template 28/96 segment 4/5
2026-09-06T20:14:54.845+01:00 INFO : 1 points above threshold
2026-09-06T20:14:54.850+01:00 INFO : Filtering template 28/96 segment 5/5
2026-09-06T20:14:54.868+01:00 INFO : 28: generating IMRPhenomD from 30.0 Hz
2026-09-06T20:14:54.871+01:00 INFO : Decompressing waveform using inline_linear
2026-09-06T20:14:54.875+01:00 INFO : Filtering template 29/96 segment 1/5
2026-09-06T20:14:54.895+01:00 INFO : 2 points above threshold
2026-09-06T20:14:54.912+01:00 INFO : Filtering template 29/96 segment 2/5
2026-09-06T20:14:54.930+01:00 INFO : 2 points above threshold
2026-09-06T20:14:54.937+01:00 INFO : Filtering template 29/96 segment 3/5
2026-09-06T20:14:54.955+01:00 INFO : 1 points above threshold
2026-09-06T20:14:54.960+01:00 INFO : Filtering template 29/96 segment 4/5
2026-09-06T20:14:54.977+01:00 INFO : 2 points above threshold
2026-09-06T20:14:54.984+01:00 INFO : Filtering template 29/96 segment 5/5
2026-09-06T20:14:55.002+01:00 INFO : 2 points above threshold
2026-09-06T20:14:55.009+01:00 INFO : 29: generating IMRPhenomD from 30.0 Hz
2026-09-06T20:14:55.012+01:00 INFO : Decompressing waveform using inline_linear
2026-09-06T20:14:55.017+01:00 INFO : Filtering template 30/96 segment 1/5
2026-09-06T20:14:55.037+01:00 INFO : 1 points above threshold
2026-09-06T20:14:55.052+01:00 INFO : Filtering template 30/96 segment 2/5
2026-09-06T20:14:55.069+01:00 INFO : 1 points above threshold
2026-09-06T20:14:55.074+01:00 INFO : Filtering template 30/96 segment 3/5
2026-09-06T20:14:55.092+01:00 INFO : 1 points above threshold
2026-09-06T20:14:55.097+01:00 INFO : Filtering template 30/96 segment 4/5
2026-09-06T20:14:55.115+01:00 INFO : Filtering template 30/96 segment 5/5
2026-09-06T20:14:55.132+01:00 INFO : 30: generating IMRPhenomD from 30.0 Hz
2026-09-06T20:14:55.135+01:00 INFO : Decompressing waveform using inline_linear
2026-09-06T20:14:55.140+01:00 INFO : Filtering template 31/96 segment 1/5
2026-09-06T20:14:55.160+01:00 INFO : Filtering template 31/96 segment 2/5
2026-09-06T20:14:55.177+01:00 INFO : 1 points above threshold
2026-09-06T20:14:55.192+01:00 INFO : Filtering template 31/96 segment 3/5
2026-09-06T20:14:55.210+01:00 INFO : Filtering template 31/96 segment 4/5
2026-09-06T20:14:55.228+01:00 INFO : 1 points above threshold
2026-09-06T20:14:55.233+01:00 INFO : Filtering template 31/96 segment 5/5
2026-09-06T20:14:55.250+01:00 INFO : 1 points above threshold
2026-09-06T20:14:55.256+01:00 INFO : 31: generating IMRPhenomD from 30.0 Hz
2026-09-06T20:14:55.258+01:00 INFO : Decompressing waveform using inline_linear
2026-09-06T20:14:55.263+01:00 INFO : Filtering template 32/96 segment 1/5
2026-09-06T20:14:55.283+01:00 INFO : Filtering template 32/96 segment 2/5
2026-09-06T20:14:55.301+01:00 INFO : Filtering template 32/96 segment 3/5
2026-09-06T20:14:55.319+01:00 INFO : Filtering template 32/96 segment 4/5
2026-09-06T20:14:55.336+01:00 INFO : 3 points above threshold
2026-09-06T20:14:55.355+01:00 INFO : Filtering template 32/96 segment 5/5
2026-09-06T20:14:55.373+01:00 INFO : 2 points above threshold
2026-09-06T20:14:55.380+01:00 INFO : 32: generating IMRPhenomD from 30.0 Hz
2026-09-06T20:14:55.383+01:00 INFO : Decompressing waveform using inline_linear
2026-09-06T20:14:55.388+01:00 INFO : Filtering template 33/96 segment 1/5
2026-09-06T20:14:55.407+01:00 INFO : 2 points above threshold
2026-09-06T20:14:55.424+01:00 INFO : Filtering template 33/96 segment 2/5
2026-09-06T20:14:55.442+01:00 INFO : Filtering template 33/96 segment 3/5
2026-09-06T20:14:55.460+01:00 INFO : Filtering template 33/96 segment 4/5
2026-09-06T20:14:55.477+01:00 INFO : 1 points above threshold
2026-09-06T20:14:55.482+01:00 INFO : Filtering template 33/96 segment 5/5
2026-09-06T20:14:55.500+01:00 INFO : 33: generating IMRPhenomD from 30.0 Hz
2026-09-06T20:14:55.503+01:00 INFO : Decompressing waveform using inline_linear
2026-09-06T20:14:55.508+01:00 INFO : Filtering template 34/96 segment 1/5
2026-09-06T20:14:55.528+01:00 INFO : Filtering template 34/96 segment 2/5
2026-09-06T20:14:55.546+01:00 INFO : 1 points above threshold
2026-09-06T20:14:55.561+01:00 INFO : Filtering template 34/96 segment 3/5
2026-09-06T20:14:55.578+01:00 INFO : 1 points above threshold
2026-09-06T20:14:55.583+01:00 INFO : Filtering template 34/96 segment 4/5
2026-09-06T20:14:55.601+01:00 INFO : Filtering template 34/96 segment 5/5
2026-09-06T20:14:55.619+01:00 INFO : 1 points above threshold
2026-09-06T20:14:55.624+01:00 INFO : 34: generating IMRPhenomD from 30.0 Hz
2026-09-06T20:14:55.627+01:00 INFO : Decompressing waveform using inline_linear
2026-09-06T20:14:55.631+01:00 INFO : Filtering template 35/96 segment 1/5
2026-09-06T20:14:55.651+01:00 INFO : 1 points above threshold
2026-09-06T20:14:55.666+01:00 INFO : Filtering template 35/96 segment 2/5
2026-09-06T20:14:55.684+01:00 INFO : 1 points above threshold
2026-09-06T20:14:55.689+01:00 INFO : Filtering template 35/96 segment 3/5
2026-09-06T20:14:55.706+01:00 INFO : 1 points above threshold
2026-09-06T20:14:55.712+01:00 INFO : Filtering template 35/96 segment 4/5
2026-09-06T20:14:55.729+01:00 INFO : Filtering template 35/96 segment 5/5
2026-09-06T20:14:55.747+01:00 INFO : 35: generating IMRPhenomD from 30.0 Hz
2026-09-06T20:14:55.750+01:00 INFO : Decompressing waveform using inline_linear
2026-09-06T20:14:55.755+01:00 INFO : Filtering template 36/96 segment 1/5
2026-09-06T20:14:55.774+01:00 INFO : 3 points above threshold
2026-09-06T20:14:55.794+01:00 INFO : Filtering template 36/96 segment 2/5
2026-09-06T20:14:55.811+01:00 INFO : 1 points above threshold
2026-09-06T20:14:55.817+01:00 INFO : Filtering template 36/96 segment 3/5
2026-09-06T20:14:55.834+01:00 INFO : 2 points above threshold
2026-09-06T20:14:55.841+01:00 INFO : Filtering template 36/96 segment 4/5
2026-09-06T20:14:55.859+01:00 INFO : Filtering template 36/96 segment 5/5
2026-09-06T20:14:55.877+01:00 INFO : 1 points above threshold
2026-09-06T20:14:55.882+01:00 INFO : 36: generating IMRPhenomD from 30.0 Hz
2026-09-06T20:14:55.885+01:00 INFO : Decompressing waveform using inline_linear
2026-09-06T20:14:55.890+01:00 INFO : Filtering template 37/96 segment 1/5
2026-09-06T20:14:55.910+01:00 INFO : 2 points above threshold
2026-09-06T20:14:55.927+01:00 INFO : Filtering template 37/96 segment 2/5
2026-09-06T20:14:55.945+01:00 INFO : 3 points above threshold
2026-09-06T20:14:55.954+01:00 INFO : Filtering template 37/96 segment 3/5
2026-09-06T20:14:55.971+01:00 INFO : 1 points above threshold
2026-09-06T20:14:55.976+01:00 INFO : Filtering template 37/96 segment 4/5
2026-09-06T20:14:55.994+01:00 INFO : 3 points above threshold
2026-09-06T20:14:56.003+01:00 INFO : Filtering template 37/96 segment 5/5
2026-09-06T20:14:56.021+01:00 INFO : 37: generating IMRPhenomD from 30.0 Hz
2026-09-06T20:14:56.024+01:00 INFO : Decompressing waveform using inline_linear
2026-09-06T20:14:56.029+01:00 INFO : Filtering template 38/96 segment 1/5
2026-09-06T20:14:56.049+01:00 INFO : Filtering template 38/96 segment 2/5
2026-09-06T20:14:56.066+01:00 INFO : Filtering template 38/96 segment 3/5
2026-09-06T20:14:56.084+01:00 INFO : 1 points above threshold
2026-09-06T20:14:56.099+01:00 INFO : Filtering template 38/96 segment 4/5
2026-09-06T20:14:56.117+01:00 INFO : 1 points above threshold
2026-09-06T20:14:56.122+01:00 INFO : Filtering template 38/96 segment 5/5
2026-09-06T20:14:56.140+01:00 INFO : 1 points above threshold
2026-09-06T20:14:56.145+01:00 INFO : 38: generating IMRPhenomD from 30.0 Hz
2026-09-06T20:14:56.148+01:00 INFO : Decompressing waveform using inline_linear
2026-09-06T20:14:56.153+01:00 INFO : Filtering template 39/96 segment 1/5
2026-09-06T20:14:56.172+01:00 INFO : Filtering template 39/96 segment 2/5
2026-09-06T20:14:56.190+01:00 INFO : 2 points above threshold
2026-09-06T20:14:56.207+01:00 INFO : Filtering template 39/96 segment 3/5
2026-09-06T20:14:56.224+01:00 INFO : Filtering template 39/96 segment 4/5
2026-09-06T20:14:56.242+01:00 INFO : 2 points above threshold
2026-09-06T20:14:56.249+01:00 INFO : Filtering template 39/96 segment 5/5
2026-09-06T20:14:56.267+01:00 INFO : 39: generating IMRPhenomD from 30.0 Hz
2026-09-06T20:14:56.270+01:00 INFO : Decompressing waveform using inline_linear
2026-09-06T20:14:56.274+01:00 INFO : Filtering template 40/96 segment 1/5
2026-09-06T20:14:56.294+01:00 INFO : Filtering template 40/96 segment 2/5
2026-09-06T20:14:56.312+01:00 INFO : Filtering template 40/96 segment 3/5
2026-09-06T20:14:56.330+01:00 INFO : Filtering template 40/96 segment 4/5
2026-09-06T20:14:56.347+01:00 INFO : 2 points above threshold
2026-09-06T20:14:56.365+01:00 INFO : Filtering template 40/96 segment 5/5
2026-09-06T20:14:56.382+01:00 INFO : 40: generating IMRPhenomD from 30.0 Hz
2026-09-06T20:14:56.385+01:00 INFO : Decompressing waveform using inline_linear
2026-09-06T20:14:56.390+01:00 INFO : Filtering template 41/96 segment 1/5
2026-09-06T20:14:56.410+01:00 INFO : Filtering template 41/96 segment 2/5
2026-09-06T20:14:56.428+01:00 INFO : Filtering template 41/96 segment 3/5
2026-09-06T20:14:56.445+01:00 INFO : 2 points above threshold
2026-09-06T20:14:56.462+01:00 INFO : Filtering template 41/96 segment 4/5
2026-09-06T20:14:56.480+01:00 INFO : 2 points above threshold
2026-09-06T20:14:56.487+01:00 INFO : Filtering template 41/96 segment 5/5
2026-09-06T20:14:56.505+01:00 INFO : 41: generating IMRPhenomD from 30.0 Hz
2026-09-06T20:14:56.508+01:00 INFO : Decompressing waveform using inline_linear
2026-09-06T20:14:56.512+01:00 INFO : Filtering template 42/96 segment 1/5
2026-09-06T20:14:56.532+01:00 INFO : Filtering template 42/96 segment 2/5
2026-09-06T20:14:56.550+01:00 INFO : 1 points above threshold
2026-09-06T20:14:56.565+01:00 INFO : Filtering template 42/96 segment 3/5
2026-09-06T20:14:56.583+01:00 INFO : Filtering template 42/96 segment 4/5
2026-09-06T20:14:56.600+01:00 INFO : 1 points above threshold
2026-09-06T20:14:56.605+01:00 INFO : Filtering template 42/96 segment 5/5
2026-09-06T20:14:56.623+01:00 INFO : 1 points above threshold
2026-09-06T20:14:56.628+01:00 INFO : 42: generating IMRPhenomD from 30.0 Hz
2026-09-06T20:14:56.631+01:00 INFO : Decompressing waveform using inline_linear
2026-09-06T20:14:56.636+01:00 INFO : Filtering template 43/96 segment 1/5
2026-09-06T20:14:56.656+01:00 INFO : 1 points above threshold
2026-09-06T20:14:56.671+01:00 INFO : Filtering template 43/96 segment 2/5
2026-09-06T20:14:56.688+01:00 INFO : 2 points above threshold
2026-09-06T20:14:56.695+01:00 INFO : Filtering template 43/96 segment 3/5
2026-09-06T20:14:56.713+01:00 INFO : 1 points above threshold
2026-09-06T20:14:56.718+01:00 INFO : Filtering template 43/96 segment 4/5
2026-09-06T20:14:56.736+01:00 INFO : Filtering template 43/96 segment 5/5
2026-09-06T20:14:56.754+01:00 INFO : 43: generating IMRPhenomD from 30.0 Hz
2026-09-06T20:14:56.757+01:00 INFO : Decompressing waveform using inline_linear
2026-09-06T20:14:56.762+01:00 INFO : Filtering template 44/96 segment 1/5
2026-09-06T20:14:56.782+01:00 INFO : 1 points above threshold
2026-09-06T20:14:56.797+01:00 INFO : Filtering template 44/96 segment 2/5
2026-09-06T20:14:56.815+01:00 INFO : Filtering template 44/96 segment 3/5
2026-09-06T20:14:56.832+01:00 INFO : Filtering template 44/96 segment 4/5
2026-09-06T20:14:56.850+01:00 INFO : 1 points above threshold
2026-09-06T20:14:56.855+01:00 INFO : Filtering template 44/96 segment 5/5
2026-09-06T20:14:56.873+01:00 INFO : 44: generating IMRPhenomD from 30.0 Hz
2026-09-06T20:14:56.876+01:00 INFO : Decompressing waveform using inline_linear
2026-09-06T20:14:56.881+01:00 INFO : Filtering template 45/96 segment 1/5
2026-09-06T20:14:56.901+01:00 INFO : 2 points above threshold
2026-09-06T20:14:56.918+01:00 INFO : Filtering template 45/96 segment 2/5
2026-09-06T20:14:56.936+01:00 INFO : 1 points above threshold
2026-09-06T20:14:56.941+01:00 INFO : Filtering template 45/96 segment 3/5
2026-09-06T20:14:56.958+01:00 INFO : 1 points above threshold
2026-09-06T20:14:56.963+01:00 INFO : Filtering template 45/96 segment 4/5
2026-09-06T20:14:56.981+01:00 INFO : Filtering template 45/96 segment 5/5
2026-09-06T20:14:56.999+01:00 INFO : 45: generating IMRPhenomD from 30.0 Hz
2026-09-06T20:14:57.002+01:00 INFO : Decompressing waveform using inline_linear
2026-09-06T20:14:57.006+01:00 INFO : Filtering template 46/96 segment 1/5
2026-09-06T20:14:57.026+01:00 INFO : Filtering template 46/96 segment 2/5
2026-09-06T20:14:57.044+01:00 INFO : Filtering template 46/96 segment 3/5
2026-09-06T20:14:57.062+01:00 INFO : 1 points above threshold
2026-09-06T20:14:57.077+01:00 INFO : Filtering template 46/96 segment 4/5
2026-09-06T20:14:57.095+01:00 INFO : 3 points above threshold
2026-09-06T20:14:57.104+01:00 INFO : Filtering template 46/96 segment 5/5
2026-09-06T20:14:57.121+01:00 INFO : 1 points above threshold
2026-09-06T20:14:57.127+01:00 INFO : 46: generating IMRPhenomD from 30.0 Hz
2026-09-06T20:14:57.130+01:00 INFO : Decompressing waveform using inline_linear
2026-09-06T20:14:57.134+01:00 INFO : Filtering template 47/96 segment 1/5
2026-09-06T20:14:57.154+01:00 INFO : 3 points above threshold
2026-09-06T20:14:57.173+01:00 INFO : Filtering template 47/96 segment 2/5
2026-09-06T20:14:57.191+01:00 INFO : Filtering template 47/96 segment 3/5
2026-09-06T20:14:57.208+01:00 INFO : 2 points above threshold
2026-09-06T20:14:57.215+01:00 INFO : Filtering template 47/96 segment 4/5
2026-09-06T20:14:57.233+01:00 INFO : 1 points above threshold
2026-09-06T20:14:57.238+01:00 INFO : Filtering template 47/96 segment 5/5
2026-09-06T20:14:57.256+01:00 INFO : 1 points above threshold
2026-09-06T20:14:57.261+01:00 INFO : 47: generating IMRPhenomD from 30.0 Hz
2026-09-06T20:14:57.264+01:00 INFO : Decompressing waveform using inline_linear
2026-09-06T20:14:57.268+01:00 INFO : Filtering template 48/96 segment 1/5
2026-09-06T20:14:57.288+01:00 INFO : 3 points above threshold
2026-09-06T20:14:57.308+01:00 INFO : Filtering template 48/96 segment 2/5
2026-09-06T20:14:57.325+01:00 INFO : 1 points above threshold
2026-09-06T20:14:57.330+01:00 INFO : Filtering template 48/96 segment 3/5
2026-09-06T20:14:57.348+01:00 INFO : 1 points above threshold
2026-09-06T20:14:57.353+01:00 INFO : Filtering template 48/96 segment 4/5
2026-09-06T20:14:57.371+01:00 INFO : 2 points above threshold
2026-09-06T20:14:57.378+01:00 INFO : Filtering template 48/96 segment 5/5
2026-09-06T20:14:57.396+01:00 INFO : 1 points above threshold
2026-09-06T20:14:57.401+01:00 INFO : 48: generating IMRPhenomD from 30.0 Hz
2026-09-06T20:14:57.404+01:00 INFO : Decompressing waveform using inline_linear
2026-09-06T20:14:57.408+01:00 INFO : Filtering template 49/96 segment 1/5
2026-09-06T20:14:57.428+01:00 INFO : 1 points above threshold
2026-09-06T20:14:57.443+01:00 INFO : Filtering template 49/96 segment 2/5
2026-09-06T20:14:57.461+01:00 INFO : 1 points above threshold
2026-09-06T20:14:57.466+01:00 INFO : Filtering template 49/96 segment 3/5
2026-09-06T20:14:57.483+01:00 INFO : 2 points above threshold
2026-09-06T20:14:57.490+01:00 INFO : Filtering template 49/96 segment 4/5
2026-09-06T20:14:57.508+01:00 INFO : Filtering template 49/96 segment 5/5
2026-09-06T20:14:57.526+01:00 INFO : 49: generating IMRPhenomD from 30.0 Hz
2026-09-06T20:14:57.542+01:00 INFO : Decompressing waveform using inline_linear
2026-09-06T20:14:57.547+01:00 INFO : Filtering template 50/96 segment 1/5
2026-09-06T20:14:57.570+01:00 INFO : Filtering template 50/96 segment 2/5
2026-09-06T20:14:57.587+01:00 INFO : 2 points above threshold
2026-09-06T20:14:57.609+01:00 INFO : Filtering template 50/96 segment 3/5
2026-09-06T20:14:57.626+01:00 INFO : 4 points above threshold
2026-09-06T20:14:57.635+01:00 INFO : Filtering template 50/96 segment 4/5
2026-09-06T20:14:57.652+01:00 INFO : 2 points above threshold
2026-09-06T20:14:57.659+01:00 INFO : Filtering template 50/96 segment 5/5
2026-09-06T20:14:57.677+01:00 INFO : 50: generating IMRPhenomD from 30.0 Hz
2026-09-06T20:14:57.680+01:00 INFO : Decompressing waveform using inline_linear
2026-09-06T20:14:57.685+01:00 INFO : Filtering template 51/96 segment 1/5
2026-09-06T20:14:57.705+01:00 INFO : 1 points above threshold
2026-09-06T20:14:57.720+01:00 INFO : Filtering template 51/96 segment 2/5
2026-09-06T20:14:57.737+01:00 INFO : 1 points above threshold
2026-09-06T20:14:57.743+01:00 INFO : Filtering template 51/96 segment 3/5
2026-09-06T20:14:57.760+01:00 INFO : Filtering template 51/96 segment 4/5
2026-09-06T20:14:57.778+01:00 INFO : 1 points above threshold
2026-09-06T20:14:57.783+01:00 INFO : Filtering template 51/96 segment 5/5
2026-09-06T20:14:57.800+01:00 INFO : 2 points above threshold
2026-09-06T20:14:57.808+01:00 INFO : 51: generating IMRPhenomD from 30.0 Hz
2026-09-06T20:14:57.810+01:00 INFO : Decompressing waveform using inline_linear
2026-09-06T20:14:57.815+01:00 INFO : Filtering template 52/96 segment 1/5
2026-09-06T20:14:57.835+01:00 INFO : 1 points above threshold
2026-09-06T20:14:57.850+01:00 INFO : Filtering template 52/96 segment 2/5
2026-09-06T20:14:57.868+01:00 INFO : 1 points above threshold
2026-09-06T20:14:57.873+01:00 INFO : Filtering template 52/96 segment 3/5
2026-09-06T20:14:57.891+01:00 INFO : Filtering template 52/96 segment 4/5
2026-09-06T20:14:57.909+01:00 INFO : 3 points above threshold
2026-09-06T20:14:57.918+01:00 INFO : Filtering template 52/96 segment 5/5
2026-09-06T20:14:57.936+01:00 INFO : 1 points above threshold
2026-09-06T20:14:57.941+01:00 INFO : 52: generating IMRPhenomD from 30.0 Hz
2026-09-06T20:14:57.944+01:00 INFO : Decompressing waveform using inline_linear
2026-09-06T20:14:57.949+01:00 INFO : Filtering template 53/96 segment 1/5
2026-09-06T20:14:57.969+01:00 INFO : 3 points above threshold
2026-09-06T20:14:57.988+01:00 INFO : Filtering template 53/96 segment 2/5
2026-09-06T20:14:58.005+01:00 INFO : 2 points above threshold
2026-09-06T20:14:58.012+01:00 INFO : Filtering template 53/96 segment 3/5
2026-09-06T20:14:58.030+01:00 INFO : 2 points above threshold
2026-09-06T20:14:58.037+01:00 INFO : Filtering template 53/96 segment 4/5
2026-09-06T20:14:58.055+01:00 INFO : 1 points above threshold
2026-09-06T20:14:58.060+01:00 INFO : Filtering template 53/96 segment 5/5
2026-09-06T20:14:58.078+01:00 INFO : 1 points above threshold
2026-09-06T20:14:58.083+01:00 INFO : 53: generating IMRPhenomD from 30.0 Hz
2026-09-06T20:14:58.086+01:00 INFO : Decompressing waveform using inline_linear
2026-09-06T20:14:58.090+01:00 INFO : Filtering template 54/96 segment 1/5
2026-09-06T20:14:58.110+01:00 INFO : Filtering template 54/96 segment 2/5
2026-09-06T20:14:58.128+01:00 INFO : Filtering template 54/96 segment 3/5
2026-09-06T20:14:58.146+01:00 INFO : 2 points above threshold
2026-09-06T20:14:58.163+01:00 INFO : Filtering template 54/96 segment 4/5
2026-09-06T20:14:58.180+01:00 INFO : 5 points above threshold
2026-09-06T20:14:58.192+01:00 INFO : Filtering template 54/96 segment 5/5
2026-09-06T20:14:58.210+01:00 INFO : 54: generating IMRPhenomD from 30.0 Hz
2026-09-06T20:14:58.213+01:00 INFO : Decompressing waveform using inline_linear
2026-09-06T20:14:58.217+01:00 INFO : Filtering template 55/96 segment 1/5
2026-09-06T20:14:58.237+01:00 INFO : Filtering template 55/96 segment 2/5
2026-09-06T20:14:58.255+01:00 INFO : 1 points above threshold
2026-09-06T20:14:58.270+01:00 INFO : Filtering template 55/96 segment 3/5
2026-09-06T20:14:58.288+01:00 INFO : 3 points above threshold
2026-09-06T20:14:58.297+01:00 INFO : Filtering template 55/96 segment 4/5
2026-09-06T20:14:58.315+01:00 INFO : 1 points above threshold
2026-09-06T20:14:58.321+01:00 INFO : Filtering template 55/96 segment 5/5
2026-09-06T20:14:58.339+01:00 INFO : 1 points above threshold
2026-09-06T20:14:58.345+01:00 INFO : 55: generating IMRPhenomD from 30.0 Hz
2026-09-06T20:14:58.348+01:00 INFO : Decompressing waveform using inline_linear
2026-09-06T20:14:58.353+01:00 INFO : Filtering template 56/96 segment 1/5
2026-09-06T20:14:58.376+01:00 INFO : 1 points above threshold
2026-09-06T20:14:58.392+01:00 INFO : Filtering template 56/96 segment 2/5
2026-09-06T20:14:58.412+01:00 INFO : 1 points above threshold
2026-09-06T20:14:58.417+01:00 INFO : Filtering template 56/96 segment 3/5
2026-09-06T20:14:58.435+01:00 INFO : 3 points above threshold
2026-09-06T20:14:58.444+01:00 INFO : Filtering template 56/96 segment 4/5
2026-09-06T20:14:58.462+01:00 INFO : Filtering template 56/96 segment 5/5
2026-09-06T20:14:58.480+01:00 INFO : 1 points above threshold
2026-09-06T20:14:58.485+01:00 INFO : 56: generating IMRPhenomD from 30.0 Hz
2026-09-06T20:14:58.488+01:00 INFO : Decompressing waveform using inline_linear
2026-09-06T20:14:58.492+01:00 INFO : Filtering template 57/96 segment 1/5
2026-09-06T20:14:58.512+01:00 INFO : 1 points above threshold
2026-09-06T20:14:58.528+01:00 INFO : Filtering template 57/96 segment 2/5
2026-09-06T20:14:58.545+01:00 INFO : 2 points above threshold
2026-09-06T20:14:58.552+01:00 INFO : Filtering template 57/96 segment 3/5
2026-09-06T20:14:58.570+01:00 INFO : 2 points above threshold
2026-09-06T20:14:58.577+01:00 INFO : Filtering template 57/96 segment 4/5
2026-09-06T20:14:58.594+01:00 INFO : 2 points above threshold
2026-09-06T20:14:58.601+01:00 INFO : Filtering template 57/96 segment 5/5
2026-09-06T20:14:58.619+01:00 INFO : 57: generating IMRPhenomD from 30.0 Hz
2026-09-06T20:14:58.622+01:00 INFO : Decompressing waveform using inline_linear
2026-09-06T20:14:58.627+01:00 INFO : Filtering template 58/96 segment 1/5
2026-09-06T20:14:58.647+01:00 INFO : 1 points above threshold
2026-09-06T20:14:58.662+01:00 INFO : Filtering template 58/96 segment 2/5
2026-09-06T20:14:58.679+01:00 INFO : 2 points above threshold
2026-09-06T20:14:58.686+01:00 INFO : Filtering template 58/96 segment 3/5
2026-09-06T20:14:58.704+01:00 INFO : 1 points above threshold
2026-09-06T20:14:58.709+01:00 INFO : Filtering template 58/96 segment 4/5
2026-09-06T20:14:58.726+01:00 INFO : 1 points above threshold
2026-09-06T20:14:58.732+01:00 INFO : Filtering template 58/96 segment 5/5
2026-09-06T20:14:58.749+01:00 INFO : 2 points above threshold
2026-09-06T20:14:58.757+01:00 INFO : 58: generating IMRPhenomD from 30.0 Hz
2026-09-06T20:14:58.759+01:00 INFO : Decompressing waveform using inline_linear
2026-09-06T20:14:58.764+01:00 INFO : Filtering template 59/96 segment 1/5
2026-09-06T20:14:58.784+01:00 INFO : 1 points above threshold
2026-09-06T20:14:58.799+01:00 INFO : Filtering template 59/96 segment 2/5
2026-09-06T20:14:58.817+01:00 INFO : 2 points above threshold
2026-09-06T20:14:58.824+01:00 INFO : Filtering template 59/96 segment 3/5
2026-09-06T20:14:58.841+01:00 INFO : 2 points above threshold
2026-09-06T20:14:58.848+01:00 INFO : Filtering template 59/96 segment 4/5
2026-09-06T20:14:58.866+01:00 INFO : 1 points above threshold
2026-09-06T20:14:58.871+01:00 INFO : Filtering template 59/96 segment 5/5
2026-09-06T20:14:58.889+01:00 INFO : 59: generating IMRPhenomD from 30.0 Hz
2026-09-06T20:14:58.892+01:00 INFO : Decompressing waveform using inline_linear
2026-09-06T20:14:58.897+01:00 INFO : Filtering template 60/96 segment 1/5
2026-09-06T20:14:58.917+01:00 INFO : Filtering template 60/96 segment 2/5
2026-09-06T20:14:58.935+01:00 INFO : Filtering template 60/96 segment 3/5
2026-09-06T20:14:58.952+01:00 INFO : 1 points above threshold
2026-09-06T20:14:58.968+01:00 INFO : Filtering template 60/96 segment 4/5
2026-09-06T20:14:58.985+01:00 INFO : 2 points above threshold
2026-09-06T20:14:58.992+01:00 INFO : Filtering template 60/96 segment 5/5
2026-09-06T20:14:59.010+01:00 INFO : 60: generating IMRPhenomD from 30.0 Hz
2026-09-06T20:14:59.013+01:00 INFO : Decompressing waveform using inline_linear
2026-09-06T20:14:59.018+01:00 INFO : Filtering template 61/96 segment 1/5
2026-09-06T20:14:59.037+01:00 INFO : Filtering template 61/96 segment 2/5
2026-09-06T20:14:59.055+01:00 INFO : 2 points above threshold
2026-09-06T20:14:59.072+01:00 INFO : Filtering template 61/96 segment 3/5
2026-09-06T20:14:59.090+01:00 INFO : 1 points above threshold
2026-09-06T20:14:59.095+01:00 INFO : Filtering template 61/96 segment 4/5
2026-09-06T20:14:59.113+01:00 INFO : 1 points above threshold
2026-09-06T20:14:59.118+01:00 INFO : Filtering template 61/96 segment 5/5
2026-09-06T20:14:59.136+01:00 INFO : 61: generating IMRPhenomD from 30.0 Hz
2026-09-06T20:14:59.139+01:00 INFO : Decompressing waveform using inline_linear
2026-09-06T20:14:59.143+01:00 INFO : Filtering template 62/96 segment 1/5
2026-09-06T20:14:59.163+01:00 INFO : 2 points above threshold
2026-09-06T20:14:59.180+01:00 INFO : Filtering template 62/96 segment 2/5
2026-09-06T20:14:59.198+01:00 INFO : Filtering template 62/96 segment 3/5
2026-09-06T20:14:59.215+01:00 INFO : Filtering template 62/96 segment 4/5
2026-09-06T20:14:59.233+01:00 INFO : 5 points above threshold
2026-09-06T20:14:59.245+01:00 INFO : Filtering template 62/96 segment 5/5
2026-09-06T20:14:59.263+01:00 INFO : 62: generating IMRPhenomD from 30.0 Hz
2026-09-06T20:14:59.266+01:00 INFO : Decompressing waveform using inline_linear
2026-09-06T20:14:59.270+01:00 INFO : Filtering template 63/96 segment 1/5
2026-09-06T20:14:59.290+01:00 INFO : Filtering template 63/96 segment 2/5
2026-09-06T20:14:59.308+01:00 INFO : 1 points above threshold
2026-09-06T20:14:59.324+01:00 INFO : Filtering template 63/96 segment 3/5
2026-09-06T20:14:59.342+01:00 INFO : 2 points above threshold
2026-09-06T20:14:59.349+01:00 INFO : Filtering template 63/96 segment 4/5
2026-09-06T20:14:59.367+01:00 INFO : 1 points above threshold
2026-09-06T20:14:59.372+01:00 INFO : Filtering template 63/96 segment 5/5
2026-09-06T20:14:59.389+01:00 INFO : 1 points above threshold
2026-09-06T20:14:59.395+01:00 INFO : 63: generating IMRPhenomD from 30.0 Hz
2026-09-06T20:14:59.397+01:00 INFO : Decompressing waveform using inline_linear
2026-09-06T20:14:59.402+01:00 INFO : Filtering template 64/96 segment 1/5
2026-09-06T20:14:59.422+01:00 INFO : 2 points above threshold
2026-09-06T20:14:59.440+01:00 INFO : Filtering template 64/96 segment 2/5
2026-09-06T20:14:59.458+01:00 INFO : 1 points above threshold
2026-09-06T20:14:59.463+01:00 INFO : Filtering template 64/96 segment 3/5
2026-09-06T20:14:59.480+01:00 INFO : Filtering template 64/96 segment 4/5
2026-09-06T20:14:59.498+01:00 INFO : Filtering template 64/96 segment 5/5
2026-09-06T20:14:59.516+01:00 INFO : 64: generating IMRPhenomD from 30.0 Hz
2026-09-06T20:14:59.519+01:00 INFO : Decompressing waveform using inline_linear
2026-09-06T20:14:59.523+01:00 INFO : Filtering template 65/96 segment 1/5
2026-09-06T20:14:59.543+01:00 INFO : 2 points above threshold
2026-09-06T20:14:59.561+01:00 INFO : Filtering template 65/96 segment 2/5
2026-09-06T20:14:59.579+01:00 INFO : 2 points above threshold
2026-09-06T20:14:59.586+01:00 INFO : Filtering template 65/96 segment 3/5
2026-09-06T20:14:59.604+01:00 INFO : 1 points above threshold
2026-09-06T20:14:59.609+01:00 INFO : Filtering template 65/96 segment 4/5
2026-09-06T20:14:59.626+01:00 INFO : 2 points above threshold
2026-09-06T20:14:59.633+01:00 INFO : Filtering template 65/96 segment 5/5
2026-09-06T20:14:59.651+01:00 INFO : 65: generating IMRPhenomD from 30.0 Hz
2026-09-06T20:14:59.654+01:00 INFO : Decompressing waveform using inline_linear
2026-09-06T20:14:59.659+01:00 INFO : Filtering template 66/96 segment 1/5
2026-09-06T20:14:59.679+01:00 INFO : 1 points above threshold
2026-09-06T20:14:59.695+01:00 INFO : Filtering template 66/96 segment 2/5
2026-09-06T20:14:59.713+01:00 INFO : 1 points above threshold
2026-09-06T20:14:59.718+01:00 INFO : Filtering template 66/96 segment 3/5
2026-09-06T20:14:59.735+01:00 INFO : 2 points above threshold
2026-09-06T20:14:59.742+01:00 INFO : Filtering template 66/96 segment 4/5
2026-09-06T20:14:59.760+01:00 INFO : 1 points above threshold
2026-09-06T20:14:59.765+01:00 INFO : Filtering template 66/96 segment 5/5
2026-09-06T20:14:59.783+01:00 INFO : 66: generating IMRPhenomD from 30.0 Hz
2026-09-06T20:14:59.786+01:00 INFO : Decompressing waveform using inline_linear
2026-09-06T20:14:59.791+01:00 INFO : Filtering template 67/96 segment 1/5
2026-09-06T20:14:59.811+01:00 INFO : 3 points above threshold
2026-09-06T20:14:59.830+01:00 INFO : Filtering template 67/96 segment 2/5
2026-09-06T20:14:59.847+01:00 INFO : Filtering template 67/96 segment 3/5
2026-09-06T20:14:59.865+01:00 INFO : 1 points above threshold
2026-09-06T20:14:59.870+01:00 INFO : Filtering template 67/96 segment 4/5
2026-09-06T20:14:59.888+01:00 INFO : Filtering template 67/96 segment 5/5
2026-09-06T20:14:59.906+01:00 INFO : 67: generating IMRPhenomD from 30.0 Hz
2026-09-06T20:14:59.909+01:00 INFO : Decompressing waveform using inline_linear
2026-09-06T20:14:59.913+01:00 INFO : Filtering template 68/96 segment 1/5
2026-09-06T20:14:59.933+01:00 INFO : 1 points above threshold
2026-09-06T20:14:59.948+01:00 INFO : Filtering template 68/96 segment 2/5
2026-09-06T20:14:59.966+01:00 INFO : 1 points above threshold
2026-09-06T20:14:59.971+01:00 INFO : Filtering template 68/96 segment 3/5
2026-09-06T20:14:59.989+01:00 INFO : 1 points above threshold
2026-09-06T20:14:59.994+01:00 INFO : Filtering template 68/96 segment 4/5
2026-09-06T20:15:00.011+01:00 INFO : 1 points above threshold
2026-09-06T20:15:00.016+01:00 INFO : Filtering template 68/96 segment 5/5
2026-09-06T20:15:00.034+01:00 INFO : 1 points above threshold
2026-09-06T20:15:00.039+01:00 INFO : 68: generating IMRPhenomD from 30.0 Hz
2026-09-06T20:15:00.042+01:00 INFO : Decompressing waveform using inline_linear
2026-09-06T20:15:00.047+01:00 INFO : Filtering template 69/96 segment 1/5
2026-09-06T20:15:00.069+01:00 INFO : Filtering template 69/96 segment 2/5
2026-09-06T20:15:00.088+01:00 INFO : Filtering template 69/96 segment 3/5
2026-09-06T20:15:00.106+01:00 INFO : 1 points above threshold
2026-09-06T20:15:00.122+01:00 INFO : Filtering template 69/96 segment 4/5
2026-09-06T20:15:00.140+01:00 INFO : 2 points above threshold
2026-09-06T20:15:00.147+01:00 INFO : Filtering template 69/96 segment 5/5
2026-09-06T20:15:00.166+01:00 INFO : 69: generating IMRPhenomD from 30.0 Hz
2026-09-06T20:15:00.169+01:00 INFO : Decompressing waveform using inline_linear
2026-09-06T20:15:00.174+01:00 INFO : Filtering template 70/96 segment 1/5
2026-09-06T20:15:00.194+01:00 INFO : 2 points above threshold
2026-09-06T20:15:00.211+01:00 INFO : Filtering template 70/96 segment 2/5
2026-09-06T20:15:00.228+01:00 INFO : 2 points above threshold
2026-09-06T20:15:00.235+01:00 INFO : Filtering template 70/96 segment 3/5
2026-09-06T20:15:00.253+01:00 INFO : Filtering template 70/96 segment 4/5
2026-09-06T20:15:00.270+01:00 INFO : 2 points above threshold
2026-09-06T20:15:00.277+01:00 INFO : Filtering template 70/96 segment 5/5
2026-09-06T20:15:00.295+01:00 INFO : 2 points above threshold
2026-09-06T20:15:00.303+01:00 INFO : 70: generating IMRPhenomD from 30.0 Hz
2026-09-06T20:15:00.305+01:00 INFO : Decompressing waveform using inline_linear
2026-09-06T20:15:00.310+01:00 INFO : Filtering template 71/96 segment 1/5
2026-09-06T20:15:00.330+01:00 INFO : Filtering template 71/96 segment 2/5
2026-09-06T20:15:00.348+01:00 INFO : 1 points above threshold
2026-09-06T20:15:00.363+01:00 INFO : Filtering template 71/96 segment 3/5
2026-09-06T20:15:00.381+01:00 INFO : 1 points above threshold
2026-09-06T20:15:00.386+01:00 INFO : Filtering template 71/96 segment 4/5
2026-09-06T20:15:00.403+01:00 INFO : 3 points above threshold
2026-09-06T20:15:00.412+01:00 INFO : Filtering template 71/96 segment 5/5
2026-09-06T20:15:00.430+01:00 INFO : 71: generating IMRPhenomD from 30.0 Hz
2026-09-06T20:15:00.433+01:00 INFO : Decompressing waveform using inline_linear
2026-09-06T20:15:00.438+01:00 INFO : Filtering template 72/96 segment 1/5
2026-09-06T20:15:00.458+01:00 INFO : 2 points above threshold
2026-09-06T20:15:00.475+01:00 INFO : Filtering template 72/96 segment 2/5
2026-09-06T20:15:00.492+01:00 INFO : 1 points above threshold
2026-09-06T20:15:00.497+01:00 INFO : Filtering template 72/96 segment 3/5
2026-09-06T20:15:00.515+01:00 INFO : 1 points above threshold
2026-09-06T20:15:00.520+01:00 INFO : Filtering template 72/96 segment 4/5
2026-09-06T20:15:00.538+01:00 INFO : 3 points above threshold
2026-09-06T20:15:00.547+01:00 INFO : Filtering template 72/96 segment 5/5
2026-09-06T20:15:00.565+01:00 INFO : 3 points above threshold
2026-09-06T20:15:00.574+01:00 INFO : 72: generating IMRPhenomD from 30.0 Hz
2026-09-06T20:15:00.577+01:00 INFO : Decompressing waveform using inline_linear
2026-09-06T20:15:00.581+01:00 INFO : Filtering template 73/96 segment 1/5
2026-09-06T20:15:00.601+01:00 INFO : 1 points above threshold
2026-09-06T20:15:00.617+01:00 INFO : Filtering template 73/96 segment 2/5
2026-09-06T20:15:00.634+01:00 INFO : 1 points above threshold
2026-09-06T20:15:00.640+01:00 INFO : Filtering template 73/96 segment 3/5
2026-09-06T20:15:00.657+01:00 INFO : 1 points above threshold
2026-09-06T20:15:00.662+01:00 INFO : Filtering template 73/96 segment 4/5
2026-09-06T20:15:00.680+01:00 INFO : Filtering template 73/96 segment 5/5
2026-09-06T20:15:00.698+01:00 INFO : 1 points above threshold
2026-09-06T20:15:00.703+01:00 INFO : 73: generating IMRPhenomD from 30.0 Hz
2026-09-06T20:15:00.706+01:00 INFO : Decompressing waveform using inline_linear
2026-09-06T20:15:00.711+01:00 INFO : Filtering template 74/96 segment 1/5
2026-09-06T20:15:00.731+01:00 INFO : 3 points above threshold
2026-09-06T20:15:00.750+01:00 INFO : Filtering template 74/96 segment 2/5
2026-09-06T20:15:00.768+01:00 INFO : 3 points above threshold
2026-09-06T20:15:00.777+01:00 INFO : Filtering template 74/96 segment 3/5
2026-09-06T20:15:00.795+01:00 INFO : Filtering template 74/96 segment 4/5
2026-09-06T20:15:00.812+01:00 INFO : 1 points above threshold
2026-09-06T20:15:00.817+01:00 INFO : Filtering template 74/96 segment 5/5
2026-09-06T20:15:00.835+01:00 INFO : 74: generating IMRPhenomD from 30.0 Hz
2026-09-06T20:15:00.838+01:00 INFO : Decompressing waveform using inline_linear
2026-09-06T20:15:00.843+01:00 INFO : Filtering template 75/96 segment 1/5
2026-09-06T20:15:00.863+01:00 INFO : Filtering template 75/96 segment 2/5
2026-09-06T20:15:00.880+01:00 INFO : 1 points above threshold
2026-09-06T20:15:00.896+01:00 INFO : Filtering template 75/96 segment 3/5
2026-09-06T20:15:00.913+01:00 INFO : 2 points above threshold
2026-09-06T20:15:00.920+01:00 INFO : Filtering template 75/96 segment 4/5
2026-09-06T20:15:00.938+01:00 INFO : Filtering template 75/96 segment 5/5
2026-09-06T20:15:00.956+01:00 INFO : 2 points above threshold
2026-09-06T20:15:00.963+01:00 INFO : 75: generating IMRPhenomD from 30.0 Hz
2026-09-06T20:15:00.965+01:00 INFO : Decompressing waveform using inline_linear
2026-09-06T20:15:00.970+01:00 INFO : Filtering template 76/96 segment 1/5
2026-09-06T20:15:00.990+01:00 INFO : 1 points above threshold
2026-09-06T20:15:01.005+01:00 INFO : Filtering template 76/96 segment 2/5
2026-09-06T20:15:01.023+01:00 INFO : Filtering template 76/96 segment 3/5
2026-09-06T20:15:01.040+01:00 INFO : 1 points above threshold
2026-09-06T20:15:01.045+01:00 INFO : Filtering template 76/96 segment 4/5
2026-09-06T20:15:01.063+01:00 INFO : Filtering template 76/96 segment 5/5
2026-09-06T20:15:01.081+01:00 INFO : 2 points above threshold
2026-09-06T20:15:01.088+01:00 INFO : 76: generating IMRPhenomD from 30.0 Hz
2026-09-06T20:15:01.091+01:00 INFO : Decompressing waveform using inline_linear
2026-09-06T20:15:01.095+01:00 INFO : Filtering template 77/96 segment 1/5
2026-09-06T20:15:01.115+01:00 INFO : Filtering template 77/96 segment 2/5
2026-09-06T20:15:01.133+01:00 INFO : 1 points above threshold
2026-09-06T20:15:01.148+01:00 INFO : Filtering template 77/96 segment 3/5
2026-09-06T20:15:01.166+01:00 INFO : Filtering template 77/96 segment 4/5
2026-09-06T20:15:01.184+01:00 INFO : 1 points above threshold
2026-09-06T20:15:01.189+01:00 INFO : Filtering template 77/96 segment 5/5
2026-09-06T20:15:01.207+01:00 INFO : 77: generating IMRPhenomD from 30.0 Hz
2026-09-06T20:15:01.210+01:00 INFO : Decompressing waveform using inline_linear
2026-09-06T20:15:01.215+01:00 INFO : Filtering template 78/96 segment 1/5
2026-09-06T20:15:01.235+01:00 INFO : Filtering template 78/96 segment 2/5
2026-09-06T20:15:01.252+01:00 INFO : Filtering template 78/96 segment 3/5
2026-09-06T20:15:01.270+01:00 INFO : Filtering template 78/96 segment 4/5
2026-09-06T20:15:01.288+01:00 INFO : 1 points above threshold
2026-09-06T20:15:01.303+01:00 INFO : Filtering template 78/96 segment 5/5
2026-09-06T20:15:01.321+01:00 INFO : 78: generating IMRPhenomD from 30.0 Hz
2026-09-06T20:15:01.324+01:00 INFO : Decompressing waveform using inline_linear
2026-09-06T20:15:01.329+01:00 INFO : Filtering template 79/96 segment 1/5
2026-09-06T20:15:01.349+01:00 INFO : 2 points above threshold
2026-09-06T20:15:01.365+01:00 INFO : Filtering template 79/96 segment 2/5
2026-09-06T20:15:01.383+01:00 INFO : Filtering template 79/96 segment 3/5
2026-09-06T20:15:01.401+01:00 INFO : 1 points above threshold
2026-09-06T20:15:01.406+01:00 INFO : Filtering template 79/96 segment 4/5
2026-09-06T20:15:01.424+01:00 INFO : 1 points above threshold
2026-09-06T20:15:01.429+01:00 INFO : Filtering template 79/96 segment 5/5
2026-09-06T20:15:01.446+01:00 INFO : 3 points above threshold
2026-09-06T20:15:01.456+01:00 INFO : 79: generating IMRPhenomD from 30.0 Hz
2026-09-06T20:15:01.458+01:00 INFO : Decompressing waveform using inline_linear
2026-09-06T20:15:01.463+01:00 INFO : Filtering template 80/96 segment 1/5
2026-09-06T20:15:01.483+01:00 INFO : 2 points above threshold
2026-09-06T20:15:01.500+01:00 INFO : Filtering template 80/96 segment 2/5
2026-09-06T20:15:01.517+01:00 INFO : 1 points above threshold
2026-09-06T20:15:01.523+01:00 INFO : Filtering template 80/96 segment 3/5
2026-09-06T20:15:01.540+01:00 INFO : 1 points above threshold
2026-09-06T20:15:01.545+01:00 INFO : Filtering template 80/96 segment 4/5
2026-09-06T20:15:01.563+01:00 INFO : Filtering template 80/96 segment 5/5
2026-09-06T20:15:01.581+01:00 INFO : 1 points above threshold
2026-09-06T20:15:01.586+01:00 INFO : 80: generating IMRPhenomD from 30.0 Hz
2026-09-06T20:15:01.589+01:00 INFO : Decompressing waveform using inline_linear
2026-09-06T20:15:01.593+01:00 INFO : Filtering template 81/96 segment 1/5
2026-09-06T20:15:01.613+01:00 INFO : 1 points above threshold
2026-09-06T20:15:01.629+01:00 INFO : Filtering template 81/96 segment 2/5
2026-09-06T20:15:01.646+01:00 INFO : 2 points above threshold
2026-09-06T20:15:01.653+01:00 INFO : Filtering template 81/96 segment 3/5
2026-09-06T20:15:01.671+01:00 INFO : 1 points above threshold
2026-09-06T20:15:01.676+01:00 INFO : Filtering template 81/96 segment 4/5
2026-09-06T20:15:01.693+01:00 INFO : Filtering template 81/96 segment 5/5
2026-09-06T20:15:01.711+01:00 INFO : 1 points above threshold
2026-09-06T20:15:01.717+01:00 INFO : 81: generating IMRPhenomD from 30.0 Hz
2026-09-06T20:15:01.719+01:00 INFO : Decompressing waveform using inline_linear
2026-09-06T20:15:01.724+01:00 INFO : Filtering template 82/96 segment 1/5
2026-09-06T20:15:01.744+01:00 INFO : Filtering template 82/96 segment 2/5
2026-09-06T20:15:01.762+01:00 INFO : 2 points above threshold
2026-09-06T20:15:01.779+01:00 INFO : Filtering template 82/96 segment 3/5
2026-09-06T20:15:01.796+01:00 INFO : 1 points above threshold
2026-09-06T20:15:01.801+01:00 INFO : Filtering template 82/96 segment 4/5
2026-09-06T20:15:01.819+01:00 INFO : Filtering template 82/96 segment 5/5
2026-09-06T20:15:01.837+01:00 INFO : 82: generating IMRPhenomD from 30.0 Hz
2026-09-06T20:15:01.840+01:00 INFO : Decompressing waveform using inline_linear
2026-09-06T20:15:01.845+01:00 INFO : Filtering template 83/96 segment 1/5
2026-09-06T20:15:01.864+01:00 INFO : 1 points above threshold
2026-09-06T20:15:01.880+01:00 INFO : Filtering template 83/96 segment 2/5
2026-09-06T20:15:01.897+01:00 INFO : 2 points above threshold
2026-09-06T20:15:01.904+01:00 INFO : Filtering template 83/96 segment 3/5
2026-09-06T20:15:01.922+01:00 INFO : 2 points above threshold
2026-09-06T20:15:01.929+01:00 INFO : Filtering template 83/96 segment 4/5
2026-09-06T20:15:01.947+01:00 INFO : 3 points above threshold
2026-09-06T20:15:01.956+01:00 INFO : Filtering template 83/96 segment 5/5
2026-09-06T20:15:01.974+01:00 INFO : 3 points above threshold
2026-09-06T20:15:01.983+01:00 INFO : 83: generating IMRPhenomD from 30.0 Hz
2026-09-06T20:15:01.986+01:00 INFO : Decompressing waveform using inline_linear
2026-09-06T20:15:01.990+01:00 INFO : Filtering template 84/96 segment 1/5
2026-09-06T20:15:02.010+01:00 INFO : Filtering template 84/96 segment 2/5
2026-09-06T20:15:02.028+01:00 INFO : Filtering template 84/96 segment 3/5
2026-09-06T20:15:02.046+01:00 INFO : 1 points above threshold
2026-09-06T20:15:02.061+01:00 INFO : Filtering template 84/96 segment 4/5
2026-09-06T20:15:02.079+01:00 INFO : 3 points above threshold
2026-09-06T20:15:02.088+01:00 INFO : Filtering template 84/96 segment 5/5
2026-09-06T20:15:02.106+01:00 INFO : 84: generating IMRPhenomD from 30.0 Hz
2026-09-06T20:15:02.108+01:00 INFO : Decompressing waveform using inline_linear
2026-09-06T20:15:02.113+01:00 INFO : Filtering template 85/96 segment 1/5
2026-09-06T20:15:02.133+01:00 INFO : 1 points above threshold
2026-09-06T20:15:02.148+01:00 INFO : Filtering template 85/96 segment 2/5
2026-09-06T20:15:02.166+01:00 INFO : 2 points above threshold
2026-09-06T20:15:02.173+01:00 INFO : Filtering template 85/96 segment 3/5
2026-09-06T20:15:02.191+01:00 INFO : 1 points above threshold
2026-09-06T20:15:02.196+01:00 INFO : Filtering template 85/96 segment 4/5
2026-09-06T20:15:02.213+01:00 INFO : 3 points above threshold
2026-09-06T20:15:02.223+01:00 INFO : Filtering template 85/96 segment 5/5
2026-09-06T20:15:02.240+01:00 INFO : 2 points above threshold
2026-09-06T20:15:02.247+01:00 INFO : 85: generating IMRPhenomD from 30.0 Hz
2026-09-06T20:15:02.250+01:00 INFO : Decompressing waveform using inline_linear
2026-09-06T20:15:02.255+01:00 INFO : Filtering template 86/96 segment 1/5
2026-09-06T20:15:02.274+01:00 INFO : 2 points above threshold
2026-09-06T20:15:02.291+01:00 INFO : Filtering template 86/96 segment 2/5
2026-09-06T20:15:02.309+01:00 INFO : 2 points above threshold
2026-09-06T20:15:02.316+01:00 INFO : Filtering template 86/96 segment 3/5
2026-09-06T20:15:02.334+01:00 INFO : 1 points above threshold
2026-09-06T20:15:02.339+01:00 INFO : Filtering template 86/96 segment 4/5
2026-09-06T20:15:02.356+01:00 INFO : 1 points above threshold
2026-09-06T20:15:02.361+01:00 INFO : Filtering template 86/96 segment 5/5
2026-09-06T20:15:02.379+01:00 INFO : 2 points above threshold
2026-09-06T20:15:02.386+01:00 INFO : 86: generating IMRPhenomD from 30.0 Hz
2026-09-06T20:15:02.389+01:00 INFO : Decompressing waveform using inline_linear
2026-09-06T20:15:02.394+01:00 INFO : Filtering template 87/96 segment 1/5
2026-09-06T20:15:02.414+01:00 INFO : 1 points above threshold
2026-09-06T20:15:02.429+01:00 INFO : Filtering template 87/96 segment 2/5
2026-09-06T20:15:02.447+01:00 INFO : 2 points above threshold
2026-09-06T20:15:02.454+01:00 INFO : Filtering template 87/96 segment 3/5
2026-09-06T20:15:02.471+01:00 INFO : 1 points above threshold
2026-09-06T20:15:02.476+01:00 INFO : Filtering template 87/96 segment 4/5
2026-09-06T20:15:02.494+01:00 INFO : 1 points above threshold
2026-09-06T20:15:02.499+01:00 INFO : Filtering template 87/96 segment 5/5
2026-09-06T20:15:02.517+01:00 INFO : 1 points above threshold
2026-09-06T20:15:02.522+01:00 INFO : 87: generating IMRPhenomD from 30.0 Hz
2026-09-06T20:15:02.525+01:00 INFO : Decompressing waveform using inline_linear
2026-09-06T20:15:02.529+01:00 INFO : Filtering template 88/96 segment 1/5
2026-09-06T20:15:02.549+01:00 INFO : 2 points above threshold
2026-09-06T20:15:02.566+01:00 INFO : Filtering template 88/96 segment 2/5
2026-09-06T20:15:02.584+01:00 INFO : 1 points above threshold
2026-09-06T20:15:02.589+01:00 INFO : Filtering template 88/96 segment 3/5
2026-09-06T20:15:02.607+01:00 INFO : Filtering template 88/96 segment 4/5
2026-09-06T20:15:02.624+01:00 INFO : Filtering template 88/96 segment 5/5
2026-09-06T20:15:02.642+01:00 INFO : 2 points above threshold
2026-09-06T20:15:02.649+01:00 INFO : 88: generating IMRPhenomD from 30.0 Hz
2026-09-06T20:15:02.652+01:00 INFO : Decompressing waveform using inline_linear
2026-09-06T20:15:02.657+01:00 INFO : Filtering template 89/96 segment 1/5
2026-09-06T20:15:02.676+01:00 INFO : 2 points above threshold
2026-09-06T20:15:02.693+01:00 INFO : Filtering template 89/96 segment 2/5
2026-09-06T20:15:02.711+01:00 INFO : 1 points above threshold
2026-09-06T20:15:02.716+01:00 INFO : Filtering template 89/96 segment 3/5
2026-09-06T20:15:02.734+01:00 INFO : 2 points above threshold
2026-09-06T20:15:02.741+01:00 INFO : Filtering template 89/96 segment 4/5
2026-09-06T20:15:02.758+01:00 INFO : Filtering template 89/96 segment 5/5
2026-09-06T20:15:02.776+01:00 INFO : 89: generating IMRPhenomD from 30.0 Hz
2026-09-06T20:15:02.779+01:00 INFO : Decompressing waveform using inline_linear
2026-09-06T20:15:02.784+01:00 INFO : Filtering template 90/96 segment 1/5
2026-09-06T20:15:02.804+01:00 INFO : Filtering template 90/96 segment 2/5
2026-09-06T20:15:02.822+01:00 INFO : 1 points above threshold
2026-09-06T20:15:02.837+01:00 INFO : Filtering template 90/96 segment 3/5
2026-09-06T20:15:02.854+01:00 INFO : 3 points above threshold
2026-09-06T20:15:02.864+01:00 INFO : Filtering template 90/96 segment 4/5
2026-09-06T20:15:02.881+01:00 INFO : Filtering template 90/96 segment 5/5
2026-09-06T20:15:02.899+01:00 INFO : 1 points above threshold
2026-09-06T20:15:02.904+01:00 INFO : 90: generating IMRPhenomD from 30.0 Hz
2026-09-06T20:15:02.907+01:00 INFO : Decompressing waveform using inline_linear
2026-09-06T20:15:02.912+01:00 INFO : Filtering template 91/96 segment 1/5
2026-09-06T20:15:02.932+01:00 INFO : Filtering template 91/96 segment 2/5
2026-09-06T20:15:02.949+01:00 INFO : 2 points above threshold
2026-09-06T20:15:02.966+01:00 INFO : Filtering template 91/96 segment 3/5
2026-09-06T20:15:02.984+01:00 INFO : 3 points above threshold
2026-09-06T20:15:02.993+01:00 INFO : Filtering template 91/96 segment 4/5
2026-09-06T20:15:03.011+01:00 INFO : Filtering template 91/96 segment 5/5
2026-09-06T20:15:03.028+01:00 INFO : 1 points above threshold
2026-09-06T20:15:03.034+01:00 INFO : 91: generating IMRPhenomD from 30.0 Hz
2026-09-06T20:15:03.036+01:00 INFO : Decompressing waveform using inline_linear
2026-09-06T20:15:03.041+01:00 INFO : Filtering template 92/96 segment 1/5
2026-09-06T20:15:03.061+01:00 INFO : 2 points above threshold
2026-09-06T20:15:03.078+01:00 INFO : Filtering template 92/96 segment 2/5
2026-09-06T20:15:03.096+01:00 INFO : 1 points above threshold
2026-09-06T20:15:03.101+01:00 INFO : Filtering template 92/96 segment 3/5
2026-09-06T20:15:03.118+01:00 INFO : 2 points above threshold
2026-09-06T20:15:03.125+01:00 INFO : Filtering template 92/96 segment 4/5
2026-09-06T20:15:03.143+01:00 INFO : 1 points above threshold
2026-09-06T20:15:03.148+01:00 INFO : Filtering template 92/96 segment 5/5
2026-09-06T20:15:03.166+01:00 INFO : 1 points above threshold
2026-09-06T20:15:03.171+01:00 INFO : 92: generating IMRPhenomD from 30.0 Hz
2026-09-06T20:15:03.174+01:00 INFO : Decompressing waveform using inline_linear
2026-09-06T20:15:03.178+01:00 INFO : Filtering template 93/96 segment 1/5
2026-09-06T20:15:03.198+01:00 INFO : Filtering template 93/96 segment 2/5
2026-09-06T20:15:03.216+01:00 INFO : 3 points above threshold
2026-09-06T20:15:03.235+01:00 INFO : Filtering template 93/96 segment 3/5
2026-09-06T20:15:03.253+01:00 INFO : 3 points above threshold
2026-09-06T20:15:03.262+01:00 INFO : Filtering template 93/96 segment 4/5
2026-09-06T20:15:03.280+01:00 INFO : 1 points above threshold
2026-09-06T20:15:03.285+01:00 INFO : Filtering template 93/96 segment 5/5
2026-09-06T20:15:03.303+01:00 INFO : 1 points above threshold
2026-09-06T20:15:03.308+01:00 INFO : 93: generating IMRPhenomD from 30.0 Hz
2026-09-06T20:15:03.311+01:00 INFO : Decompressing waveform using inline_linear
2026-09-06T20:15:03.316+01:00 INFO : Filtering template 94/96 segment 1/5
2026-09-06T20:15:03.336+01:00 INFO : 1 points above threshold
2026-09-06T20:15:03.351+01:00 INFO : Filtering template 94/96 segment 2/5
2026-09-06T20:15:03.368+01:00 INFO : 2 points above threshold
2026-09-06T20:15:03.375+01:00 INFO : Filtering template 94/96 segment 3/5
2026-09-06T20:15:03.393+01:00 INFO : 4 points above threshold
2026-09-06T20:15:03.402+01:00 INFO : Filtering template 94/96 segment 4/5
2026-09-06T20:15:03.421+01:00 INFO : Filtering template 94/96 segment 5/5
2026-09-06T20:15:03.440+01:00 INFO : 2 points above threshold
2026-09-06T20:15:03.448+01:00 INFO : 94: generating IMRPhenomD from 30.0 Hz
2026-09-06T20:15:03.451+01:00 INFO : Decompressing waveform using inline_linear
2026-09-06T20:15:03.456+01:00 INFO : Filtering template 95/96 segment 1/5
2026-09-06T20:15:03.487+01:00 INFO : 3 points above threshold
2026-09-06T20:15:03.510+01:00 INFO : Filtering template 95/96 segment 2/5
2026-09-06T20:15:03.528+01:00 INFO : 2 points above threshold
2026-09-06T20:15:03.535+01:00 INFO : Filtering template 95/96 segment 3/5
2026-09-06T20:15:03.553+01:00 INFO : 2 points above threshold
2026-09-06T20:15:03.560+01:00 INFO : Filtering template 95/96 segment 4/5
2026-09-06T20:15:03.577+01:00 INFO : 1 points above threshold
2026-09-06T20:15:03.582+01:00 INFO : Filtering template 95/96 segment 5/5
2026-09-06T20:15:03.600+01:00 INFO : 95: generating IMRPhenomD from 30.0 Hz
2026-09-06T20:15:03.619+01:00 INFO : Decompressing waveform using inline_linear
2026-09-06T20:15:03.624+01:00 INFO : Filtering template 96/96 segment 1/5
2026-09-06T20:15:03.646+01:00 INFO : 2 points above threshold
2026-09-06T20:15:03.668+01:00 INFO : Filtering template 96/96 segment 2/5
2026-09-06T20:15:03.686+01:00 INFO : Filtering template 96/96 segment 3/5
2026-09-06T20:15:03.704+01:00 INFO : Filtering template 96/96 segment 4/5
2026-09-06T20:15:03.721+01:00 INFO : 1 points above threshold
2026-09-06T20:15:03.726+01:00 INFO : Filtering template 96/96 segment 5/5
2026-09-06T20:15:03.744+01:00 INFO : We currently have 527 triggers
2026-09-06T20:15:03.744+01:00 INFO : Removing triggers with NewSNR below threshold
2026-09-06T20:15:03.744+01:00 INFO : 475 remaining triggers
2026-09-06T20:15:03.745+01:00 INFO : Outputting 475 triggers
2026-09-06T20:15:03.745+01:00 INFO : Writing out triggers
2026-09-06T20:15:03.755+01:00 INFO : Finished
