2026-09-06T21:25:42.695+01:00 INFO : Running with CPU support: 1 threads
2026-09-06T21:25:42.695+01:00 INFO : Reading Frames
2026-09-06T21:25:49.476+01:00 INFO : Highpass Filtering
2026-09-06T21:25:49.935+01:00 INFO : Resampling data
2026-09-06T21:25:49.947+01:00 INFO : Converting to float32
/home/xangma/pycbc-torch-inspiral-reference-20260906/source-v6/pycbc/types/array.py:872: RuntimeWarning: divide by zero encountered in divide
  return self._data.__rtruediv__(other)
2026-09-06T21:25:55.117+01:00 INFO : Highpass Filtering
2026-09-06T21:25:55.568+01:00 INFO : Remove Padding
2026-09-06T21:25:55.596+01:00 INFO : Making frequency-domain data segments
2026-09-06T21:25:58.157+01:00 INFO : Overwhitening frequency-domain data segments
2026-09-06T21:25:58.177+01:00 INFO : Read in template bank
2026-09-06T21:25:58.187+01:00 INFO : Full template bank size: 96
2026-09-06T21:25:58.187+01:00 INFO : Template bank size after thinning: 96
2026-09-06T21:25:58.187+01:00 INFO : 0: generating IMRPhenomD from 30.0 Hz
2026-09-06T21:25:58.191+01:00 INFO : Decompressing waveform using inline_linear
2026-09-06T21:25:58.197+01:00 INFO : Filtering template 1/96 segment 1/5
2026-09-06T21:25:58.243+01:00 INFO : 1 points above threshold
2026-09-06T21:25:58.267+01:00 INFO : Filtering template 1/96 segment 2/5
2026-09-06T21:25:58.285+01:00 INFO : Filtering template 1/96 segment 3/5
2026-09-06T21:25:58.303+01:00 INFO : 1 points above threshold
2026-09-06T21:25:58.308+01:00 INFO : Filtering template 1/96 segment 4/5
2026-09-06T21:25:58.326+01:00 INFO : Filtering template 1/96 segment 5/5
2026-09-06T21:25:58.344+01:00 INFO : 1 points above threshold
2026-09-06T21:25:58.349+01:00 INFO : 1: generating IMRPhenomD from 30.0 Hz
2026-09-06T21:25:58.352+01:00 INFO : Decompressing waveform using inline_linear
2026-09-06T21:25:58.357+01:00 INFO : Filtering template 2/96 segment 1/5
2026-09-06T21:25:58.378+01:00 INFO : 1 points above threshold
2026-09-06T21:25:58.393+01:00 INFO : Filtering template 2/96 segment 2/5
2026-09-06T21:25:58.411+01:00 INFO : 1 points above threshold
2026-09-06T21:25:58.416+01:00 INFO : Filtering template 2/96 segment 3/5
2026-09-06T21:25:58.434+01:00 INFO : 2 points above threshold
2026-09-06T21:25:58.441+01:00 INFO : Filtering template 2/96 segment 4/5
2026-09-06T21:25:58.459+01:00 INFO : Filtering template 2/96 segment 5/5
2026-09-06T21:25:58.477+01:00 INFO : 1 points above threshold
2026-09-06T21:25:58.482+01:00 INFO : 2: generating IMRPhenomD from 30.0 Hz
2026-09-06T21:25:58.485+01:00 INFO : Decompressing waveform using inline_linear
2026-09-06T21:25:58.490+01:00 INFO : Filtering template 3/96 segment 1/5
2026-09-06T21:25:58.510+01:00 INFO : 3 points above threshold
2026-09-06T21:25:58.530+01:00 INFO : Filtering template 3/96 segment 2/5
2026-09-06T21:25:58.547+01:00 INFO : Filtering template 3/96 segment 3/5
2026-09-06T21:25:58.565+01:00 INFO : 1 points above threshold
2026-09-06T21:25:58.570+01:00 INFO : Filtering template 3/96 segment 4/5
2026-09-06T21:25:58.588+01:00 INFO : 1 points above threshold
2026-09-06T21:25:58.594+01:00 INFO : Filtering template 3/96 segment 5/5
2026-09-06T21:25:58.612+01:00 INFO : 3: generating IMRPhenomD from 30.0 Hz
2026-09-06T21:25:58.615+01:00 INFO : Decompressing waveform using inline_linear
2026-09-06T21:25:58.620+01:00 INFO : Filtering template 4/96 segment 1/5
2026-09-06T21:25:58.640+01:00 INFO : 1 points above threshold
2026-09-06T21:25:58.655+01:00 INFO : Filtering template 4/96 segment 2/5
2026-09-06T21:25:58.673+01:00 INFO : 1 points above threshold
2026-09-06T21:25:58.678+01:00 INFO : Filtering template 4/96 segment 3/5
2026-09-06T21:25:58.696+01:00 INFO : 2 points above threshold
2026-09-06T21:25:58.703+01:00 INFO : Filtering template 4/96 segment 4/5
2026-09-06T21:25:58.721+01:00 INFO : 2 points above threshold
2026-09-06T21:25:58.728+01:00 INFO : Filtering template 4/96 segment 5/5
2026-09-06T21:25:58.746+01:00 INFO : 2 points above threshold
2026-09-06T21:25:58.753+01:00 INFO : 4: generating IMRPhenomD from 30.0 Hz
2026-09-06T21:25:58.756+01:00 INFO : Decompressing waveform using inline_linear
2026-09-06T21:25:58.761+01:00 INFO : Filtering template 5/96 segment 1/5
2026-09-06T21:25:58.781+01:00 INFO : 1 points above threshold
2026-09-06T21:25:58.797+01:00 INFO : Filtering template 5/96 segment 2/5
2026-09-06T21:25:58.814+01:00 INFO : 2 points above threshold
2026-09-06T21:25:58.821+01:00 INFO : Filtering template 5/96 segment 3/5
2026-09-06T21:25:58.839+01:00 INFO : 2 points above threshold
2026-09-06T21:25:58.847+01:00 INFO : Filtering template 5/96 segment 4/5
2026-09-06T21:25:58.864+01:00 INFO : 2 points above threshold
2026-09-06T21:25:58.871+01:00 INFO : Filtering template 5/96 segment 5/5
2026-09-06T21:25:58.889+01:00 INFO : 5: generating IMRPhenomD from 30.0 Hz
2026-09-06T21:25:58.892+01:00 INFO : Decompressing waveform using inline_linear
2026-09-06T21:25:58.897+01:00 INFO : Filtering template 6/96 segment 1/5
2026-09-06T21:25:58.918+01:00 INFO : 1 points above threshold
2026-09-06T21:25:58.933+01:00 INFO : Filtering template 6/96 segment 2/5
2026-09-06T21:25:58.951+01:00 INFO : Filtering template 6/96 segment 3/5
2026-09-06T21:25:58.969+01:00 INFO : Filtering template 6/96 segment 4/5
2026-09-06T21:25:58.986+01:00 INFO : Filtering template 6/96 segment 5/5
2026-09-06T21:25:59.004+01:00 INFO : 1 points above threshold
2026-09-06T21:25:59.010+01:00 INFO : 6: generating IMRPhenomD from 30.0 Hz
2026-09-06T21:25:59.013+01:00 INFO : Decompressing waveform using inline_linear
2026-09-06T21:25:59.017+01:00 INFO : Filtering template 7/96 segment 1/5
2026-09-06T21:25:59.037+01:00 INFO : 2 points above threshold
2026-09-06T21:25:59.055+01:00 INFO : Filtering template 7/96 segment 2/5
2026-09-06T21:25:59.073+01:00 INFO : Filtering template 7/96 segment 3/5
2026-09-06T21:25:59.091+01:00 INFO : Filtering template 7/96 segment 4/5
2026-09-06T21:25:59.109+01:00 INFO : 1 points above threshold
2026-09-06T21:25:59.114+01:00 INFO : Filtering template 7/96 segment 5/5
2026-09-06T21:25:59.132+01:00 INFO : 7: generating IMRPhenomD from 30.0 Hz
2026-09-06T21:25:59.135+01:00 INFO : Decompressing waveform using inline_linear
2026-09-06T21:25:59.139+01:00 INFO : Filtering template 8/96 segment 1/5
2026-09-06T21:25:59.160+01:00 INFO : 2 points above threshold
2026-09-06T21:25:59.177+01:00 INFO : Filtering template 8/96 segment 2/5
2026-09-06T21:25:59.195+01:00 INFO : 1 points above threshold
2026-09-06T21:25:59.200+01:00 INFO : Filtering template 8/96 segment 3/5
2026-09-06T21:25:59.218+01:00 INFO : 4 points above threshold
2026-09-06T21:25:59.227+01:00 INFO : Filtering template 8/96 segment 4/5
2026-09-06T21:25:59.245+01:00 INFO : Filtering template 8/96 segment 5/5
2026-09-06T21:25:59.263+01:00 INFO : 8: generating IMRPhenomD from 30.0 Hz
2026-09-06T21:25:59.266+01:00 INFO : Decompressing waveform using inline_linear
2026-09-06T21:25:59.271+01:00 INFO : Filtering template 9/96 segment 1/5
2026-09-06T21:25:59.291+01:00 INFO : Filtering template 9/96 segment 2/5
2026-09-06T21:25:59.309+01:00 INFO : 1 points above threshold
2026-09-06T21:25:59.323+01:00 INFO : Filtering template 9/96 segment 3/5
2026-09-06T21:25:59.340+01:00 INFO : 2 points above threshold
2026-09-06T21:25:59.348+01:00 INFO : Filtering template 9/96 segment 4/5
2026-09-06T21:25:59.365+01:00 INFO : 1 points above threshold
2026-09-06T21:25:59.370+01:00 INFO : Filtering template 9/96 segment 5/5
2026-09-06T21:25:59.389+01:00 INFO : 3 points above threshold
2026-09-06T21:25:59.398+01:00 INFO : 9: generating IMRPhenomD from 30.0 Hz
2026-09-06T21:25:59.401+01:00 INFO : Decompressing waveform using inline_linear
2026-09-06T21:25:59.406+01:00 INFO : Filtering template 10/96 segment 1/5
2026-09-06T21:25:59.426+01:00 INFO : 1 points above threshold
2026-09-06T21:25:59.439+01:00 INFO : Filtering template 10/96 segment 2/5
2026-09-06T21:25:59.457+01:00 INFO : 1 points above threshold
2026-09-06T21:25:59.462+01:00 INFO : Filtering template 10/96 segment 3/5
2026-09-06T21:25:59.480+01:00 INFO : Filtering template 10/96 segment 4/5
2026-09-06T21:25:59.499+01:00 INFO : 2 points above threshold
2026-09-06T21:25:59.506+01:00 INFO : Filtering template 10/96 segment 5/5
2026-09-06T21:25:59.523+01:00 INFO : 1 points above threshold
2026-09-06T21:25:59.529+01:00 INFO : 10: generating IMRPhenomD from 30.0 Hz
2026-09-06T21:25:59.531+01:00 INFO : Decompressing waveform using inline_linear
2026-09-06T21:25:59.536+01:00 INFO : Filtering template 11/96 segment 1/5
2026-09-06T21:25:59.560+01:00 INFO : 4 points above threshold
2026-09-06T21:25:59.579+01:00 INFO : Filtering template 11/96 segment 2/5
2026-09-06T21:25:59.598+01:00 INFO : 2 points above threshold
2026-09-06T21:25:59.606+01:00 INFO : Filtering template 11/96 segment 3/5
2026-09-06T21:25:59.626+01:00 INFO : 1 points above threshold
2026-09-06T21:25:59.632+01:00 INFO : Filtering template 11/96 segment 4/5
2026-09-06T21:25:59.652+01:00 INFO : Filtering template 11/96 segment 5/5
2026-09-06T21:25:59.670+01:00 INFO : 11: generating IMRPhenomD from 30.0 Hz
2026-09-06T21:25:59.673+01:00 INFO : Decompressing waveform using inline_linear
2026-09-06T21:25:59.678+01:00 INFO : Filtering template 12/96 segment 1/5
2026-09-06T21:25:59.698+01:00 INFO : 1 points above threshold
2026-09-06T21:25:59.712+01:00 INFO : Filtering template 12/96 segment 2/5
2026-09-06T21:25:59.730+01:00 INFO : 1 points above threshold
2026-09-06T21:25:59.735+01:00 INFO : Filtering template 12/96 segment 3/5
2026-09-06T21:25:59.753+01:00 INFO : 1 points above threshold
2026-09-06T21:25:59.758+01:00 INFO : Filtering template 12/96 segment 4/5
2026-09-06T21:25:59.776+01:00 INFO : 3 points above threshold
2026-09-06T21:25:59.785+01:00 INFO : Filtering template 12/96 segment 5/5
2026-09-06T21:25:59.804+01:00 INFO : 12: generating IMRPhenomD from 30.0 Hz
2026-09-06T21:25:59.806+01:00 INFO : Decompressing waveform using inline_linear
2026-09-06T21:25:59.811+01:00 INFO : Filtering template 13/96 segment 1/5
2026-09-06T21:25:59.831+01:00 INFO : Filtering template 13/96 segment 2/5
2026-09-06T21:25:59.849+01:00 INFO : 4 points above threshold
2026-09-06T21:25:59.866+01:00 INFO : Filtering template 13/96 segment 3/5
2026-09-06T21:25:59.885+01:00 INFO : Filtering template 13/96 segment 4/5
2026-09-06T21:25:59.903+01:00 INFO : Filtering template 13/96 segment 5/5
2026-09-06T21:25:59.921+01:00 INFO : 1 points above threshold
2026-09-06T21:25:59.926+01:00 INFO : 13: generating IMRPhenomD from 30.0 Hz
2026-09-06T21:25:59.929+01:00 INFO : Decompressing waveform using inline_linear
2026-09-06T21:25:59.934+01:00 INFO : Filtering template 14/96 segment 1/5
2026-09-06T21:25:59.954+01:00 INFO : 1 points above threshold
2026-09-06T21:25:59.968+01:00 INFO : Filtering template 14/96 segment 2/5
2026-09-06T21:25:59.986+01:00 INFO : 2 points above threshold
2026-09-06T21:25:59.993+01:00 INFO : Filtering template 14/96 segment 3/5
2026-09-06T21:26:00.011+01:00 INFO : 3 points above threshold
2026-09-06T21:26:00.020+01:00 INFO : Filtering template 14/96 segment 4/5
2026-09-06T21:26:00.038+01:00 INFO : 2 points above threshold
2026-09-06T21:26:00.045+01:00 INFO : Filtering template 14/96 segment 5/5
2026-09-06T21:26:00.063+01:00 INFO : 14: generating IMRPhenomD from 30.0 Hz
2026-09-06T21:26:00.066+01:00 INFO : Decompressing waveform using inline_linear
2026-09-06T21:26:00.071+01:00 INFO : Filtering template 15/96 segment 1/5
2026-09-06T21:26:00.091+01:00 INFO : 1 points above threshold
2026-09-06T21:26:00.105+01:00 INFO : Filtering template 15/96 segment 2/5
2026-09-06T21:26:00.123+01:00 INFO : Filtering template 15/96 segment 3/5
2026-09-06T21:26:00.141+01:00 INFO : 1 points above threshold
2026-09-06T21:26:00.146+01:00 INFO : Filtering template 15/96 segment 4/5
2026-09-06T21:26:00.164+01:00 INFO : 1 points above threshold
2026-09-06T21:26:00.169+01:00 INFO : Filtering template 15/96 segment 5/5
2026-09-06T21:26:00.187+01:00 INFO : 3 points above threshold
2026-09-06T21:26:00.196+01:00 INFO : 15: generating IMRPhenomD from 30.0 Hz
2026-09-06T21:26:00.199+01:00 INFO : Decompressing waveform using inline_linear
2026-09-06T21:26:00.204+01:00 INFO : Filtering template 16/96 segment 1/5
2026-09-06T21:26:00.224+01:00 INFO : 1 points above threshold
2026-09-06T21:26:00.238+01:00 INFO : Filtering template 16/96 segment 2/5
2026-09-06T21:26:00.256+01:00 INFO : 2 points above threshold
2026-09-06T21:26:00.263+01:00 INFO : Filtering template 16/96 segment 3/5
2026-09-06T21:26:00.281+01:00 INFO : 3 points above threshold
2026-09-06T21:26:00.290+01:00 INFO : Filtering template 16/96 segment 4/5
2026-09-06T21:26:00.308+01:00 INFO : 2 points above threshold
2026-09-06T21:26:00.315+01:00 INFO : Filtering template 16/96 segment 5/5
2026-09-06T21:26:00.333+01:00 INFO : 16: generating IMRPhenomD from 30.0 Hz
2026-09-06T21:26:00.336+01:00 INFO : Decompressing waveform using inline_linear
2026-09-06T21:26:00.341+01:00 INFO : Filtering template 17/96 segment 1/5
2026-09-06T21:26:00.361+01:00 INFO : 2 points above threshold
2026-09-06T21:26:00.378+01:00 INFO : Filtering template 17/96 segment 2/5
2026-09-06T21:26:00.396+01:00 INFO : 3 points above threshold
2026-09-06T21:26:00.406+01:00 INFO : Filtering template 17/96 segment 3/5
2026-09-06T21:26:00.424+01:00 INFO : Filtering template 17/96 segment 4/5
2026-09-06T21:26:00.442+01:00 INFO : 2 points above threshold
2026-09-06T21:26:00.449+01:00 INFO : Filtering template 17/96 segment 5/5
2026-09-06T21:26:00.466+01:00 INFO : 3 points above threshold
2026-09-06T21:26:00.476+01:00 INFO : 17: generating IMRPhenomD from 30.0 Hz
2026-09-06T21:26:00.479+01:00 INFO : Decompressing waveform using inline_linear
2026-09-06T21:26:00.483+01:00 INFO : Filtering template 18/96 segment 1/5
2026-09-06T21:26:00.503+01:00 INFO : Filtering template 18/96 segment 2/5
2026-09-06T21:26:00.522+01:00 INFO : Filtering template 18/96 segment 3/5
2026-09-06T21:26:00.539+01:00 INFO : 1 points above threshold
2026-09-06T21:26:00.555+01:00 INFO : Filtering template 18/96 segment 4/5
2026-09-06T21:26:00.573+01:00 INFO : Filtering template 18/96 segment 5/5
2026-09-06T21:26:00.591+01:00 INFO : 2 points above threshold
2026-09-06T21:26:00.598+01:00 INFO : 18: generating IMRPhenomD from 30.0 Hz
2026-09-06T21:26:00.601+01:00 INFO : Decompressing waveform using inline_linear
2026-09-06T21:26:00.606+01:00 INFO : Filtering template 19/96 segment 1/5
2026-09-06T21:26:00.626+01:00 INFO : 3 points above threshold
2026-09-06T21:26:00.645+01:00 INFO : Filtering template 19/96 segment 2/5
2026-09-06T21:26:00.663+01:00 INFO : 1 points above threshold
2026-09-06T21:26:00.668+01:00 INFO : Filtering template 19/96 segment 3/5
2026-09-06T21:26:00.686+01:00 INFO : 1 points above threshold
2026-09-06T21:26:00.691+01:00 INFO : Filtering template 19/96 segment 4/5
2026-09-06T21:26:00.709+01:00 INFO : 3 points above threshold
2026-09-06T21:26:00.718+01:00 INFO : Filtering template 19/96 segment 5/5
2026-09-06T21:26:00.736+01:00 INFO : 1 points above threshold
2026-09-06T21:26:00.741+01:00 INFO : 19: generating IMRPhenomD from 30.0 Hz
2026-09-06T21:26:00.745+01:00 INFO : Decompressing waveform using inline_linear
2026-09-06T21:26:00.749+01:00 INFO : Filtering template 20/96 segment 1/5
2026-09-06T21:26:00.769+01:00 INFO : 1 points above threshold
2026-09-06T21:26:00.785+01:00 INFO : Filtering template 20/96 segment 2/5
2026-09-06T21:26:00.803+01:00 INFO : 3 points above threshold
2026-09-06T21:26:00.812+01:00 INFO : Filtering template 20/96 segment 3/5
2026-09-06T21:26:00.830+01:00 INFO : Filtering template 20/96 segment 4/5
2026-09-06T21:26:00.848+01:00 INFO : 2 points above threshold
2026-09-06T21:26:00.855+01:00 INFO : Filtering template 20/96 segment 5/5
2026-09-06T21:26:00.873+01:00 INFO : 20: generating IMRPhenomD from 30.0 Hz
2026-09-06T21:26:00.876+01:00 INFO : Decompressing waveform using inline_linear
2026-09-06T21:26:00.881+01:00 INFO : Filtering template 21/96 segment 1/5
2026-09-06T21:26:00.901+01:00 INFO : 1 points above threshold
2026-09-06T21:26:00.917+01:00 INFO : Filtering template 21/96 segment 2/5
2026-09-06T21:26:00.934+01:00 INFO : 1 points above threshold
2026-09-06T21:26:00.940+01:00 INFO : Filtering template 21/96 segment 3/5
2026-09-06T21:26:00.957+01:00 INFO : 1 points above threshold
2026-09-06T21:26:00.962+01:00 INFO : Filtering template 21/96 segment 4/5
2026-09-06T21:26:00.980+01:00 INFO : Filtering template 21/96 segment 5/5
2026-09-06T21:26:00.999+01:00 INFO : 21: generating IMRPhenomD from 30.0 Hz
2026-09-06T21:26:01.002+01:00 INFO : Decompressing waveform using inline_linear
2026-09-06T21:26:01.006+01:00 INFO : Filtering template 22/96 segment 1/5
2026-09-06T21:26:01.026+01:00 INFO : 5 points above threshold
2026-09-06T21:26:01.048+01:00 INFO : Filtering template 22/96 segment 2/5
2026-09-06T21:26:01.067+01:00 INFO : Filtering template 22/96 segment 3/5
2026-09-06T21:26:01.084+01:00 INFO : Filtering template 22/96 segment 4/5
2026-09-06T21:26:01.102+01:00 INFO : 1 points above threshold
2026-09-06T21:26:01.107+01:00 INFO : Filtering template 22/96 segment 5/5
2026-09-06T21:26:01.125+01:00 INFO : 1 points above threshold
2026-09-06T21:26:01.130+01:00 INFO : 22: generating IMRPhenomD from 30.0 Hz
2026-09-06T21:26:01.133+01:00 INFO : Decompressing waveform using inline_linear
2026-09-06T21:26:01.138+01:00 INFO : Filtering template 23/96 segment 1/5
2026-09-06T21:26:01.158+01:00 INFO : 2 points above threshold
2026-09-06T21:26:01.176+01:00 INFO : Filtering template 23/96 segment 2/5
2026-09-06T21:26:01.194+01:00 INFO : 1 points above threshold
2026-09-06T21:26:01.199+01:00 INFO : Filtering template 23/96 segment 3/5
2026-09-06T21:26:01.216+01:00 INFO : 1 points above threshold
2026-09-06T21:26:01.222+01:00 INFO : Filtering template 23/96 segment 4/5
2026-09-06T21:26:01.240+01:00 INFO : Filtering template 23/96 segment 5/5
2026-09-06T21:26:01.258+01:00 INFO : 23: generating IMRPhenomD from 30.0 Hz
2026-09-06T21:26:01.261+01:00 INFO : Decompressing waveform using inline_linear
2026-09-06T21:26:01.266+01:00 INFO : Filtering template 24/96 segment 1/5
2026-09-06T21:26:01.286+01:00 INFO : 1 points above threshold
2026-09-06T21:26:01.301+01:00 INFO : Filtering template 24/96 segment 2/5
2026-09-06T21:26:01.319+01:00 INFO : 2 points above threshold
2026-09-06T21:26:01.326+01:00 INFO : Filtering template 24/96 segment 3/5
2026-09-06T21:26:01.344+01:00 INFO : 1 points above threshold
2026-09-06T21:26:01.349+01:00 INFO : Filtering template 24/96 segment 4/5
2026-09-06T21:26:01.367+01:00 INFO : Filtering template 24/96 segment 5/5
2026-09-06T21:26:01.385+01:00 INFO : 2 points above threshold
2026-09-06T21:26:01.393+01:00 INFO : 24: generating IMRPhenomD from 30.0 Hz
2026-09-06T21:26:01.395+01:00 INFO : Decompressing waveform using inline_linear
2026-09-06T21:26:01.400+01:00 INFO : Filtering template 25/96 segment 1/5
2026-09-06T21:26:01.420+01:00 INFO : 2 points above threshold
2026-09-06T21:26:01.437+01:00 INFO : Filtering template 25/96 segment 2/5
2026-09-06T21:26:01.455+01:00 INFO : Filtering template 25/96 segment 3/5
2026-09-06T21:26:01.474+01:00 INFO : Filtering template 25/96 segment 4/5
2026-09-06T21:26:01.491+01:00 INFO : Filtering template 25/96 segment 5/5
2026-09-06T21:26:01.509+01:00 INFO : 25: generating IMRPhenomD from 30.0 Hz
2026-09-06T21:26:01.512+01:00 INFO : Decompressing waveform using inline_linear
2026-09-06T21:26:01.517+01:00 INFO : Filtering template 26/96 segment 1/5
2026-09-06T21:26:01.537+01:00 INFO : Filtering template 26/96 segment 2/5
2026-09-06T21:26:01.556+01:00 INFO : 2 points above threshold
2026-09-06T21:26:01.573+01:00 INFO : Filtering template 26/96 segment 3/5
2026-09-06T21:26:01.591+01:00 INFO : Filtering template 26/96 segment 4/5
2026-09-06T21:26:01.608+01:00 INFO : 2 points above threshold
2026-09-06T21:26:01.615+01:00 INFO : Filtering template 26/96 segment 5/5
2026-09-06T21:26:01.633+01:00 INFO : 2 points above threshold
2026-09-06T21:26:01.641+01:00 INFO : 26: generating IMRPhenomD from 30.0 Hz
2026-09-06T21:26:01.643+01:00 INFO : Decompressing waveform using inline_linear
2026-09-06T21:26:01.648+01:00 INFO : Filtering template 27/96 segment 1/5
2026-09-06T21:26:01.668+01:00 INFO : 3 points above threshold
2026-09-06T21:26:01.688+01:00 INFO : Filtering template 27/96 segment 2/5
2026-09-06T21:26:01.706+01:00 INFO : Filtering template 27/96 segment 3/5
2026-09-06T21:26:01.724+01:00 INFO : 1 points above threshold
2026-09-06T21:26:01.729+01:00 INFO : Filtering template 27/96 segment 4/5
2026-09-06T21:26:01.747+01:00 INFO : Filtering template 27/96 segment 5/5
2026-09-06T21:26:01.765+01:00 INFO : 27: generating IMRPhenomD from 30.0 Hz
2026-09-06T21:26:01.768+01:00 INFO : Decompressing waveform using inline_linear
2026-09-06T21:26:01.772+01:00 INFO : Filtering template 28/96 segment 1/5
2026-09-06T21:26:01.793+01:00 INFO : 3 points above threshold
2026-09-06T21:26:01.812+01:00 INFO : Filtering template 28/96 segment 2/5
2026-09-06T21:26:01.830+01:00 INFO : 1 points above threshold
2026-09-06T21:26:01.835+01:00 INFO : Filtering template 28/96 segment 3/5
2026-09-06T21:26:01.853+01:00 INFO : 2 points above threshold
2026-09-06T21:26:01.860+01:00 INFO : Filtering template 28/96 segment 4/5
2026-09-06T21:26:01.878+01:00 INFO : 1 points above threshold
2026-09-06T21:26:01.884+01:00 INFO : Filtering template 28/96 segment 5/5
2026-09-06T21:26:01.902+01:00 INFO : 28: generating IMRPhenomD from 30.0 Hz
2026-09-06T21:26:01.905+01:00 INFO : Decompressing waveform using inline_linear
2026-09-06T21:26:01.910+01:00 INFO : Filtering template 29/96 segment 1/5
2026-09-06T21:26:01.930+01:00 INFO : 2 points above threshold
2026-09-06T21:26:01.947+01:00 INFO : Filtering template 29/96 segment 2/5
2026-09-06T21:26:01.965+01:00 INFO : 2 points above threshold
2026-09-06T21:26:01.972+01:00 INFO : Filtering template 29/96 segment 3/5
2026-09-06T21:26:01.990+01:00 INFO : 1 points above threshold
2026-09-06T21:26:01.995+01:00 INFO : Filtering template 29/96 segment 4/5
2026-09-06T21:26:02.013+01:00 INFO : 2 points above threshold
2026-09-06T21:26:02.020+01:00 INFO : Filtering template 29/96 segment 5/5
2026-09-06T21:26:02.038+01:00 INFO : 2 points above threshold
2026-09-06T21:26:02.045+01:00 INFO : 29: generating IMRPhenomD from 30.0 Hz
2026-09-06T21:26:02.048+01:00 INFO : Decompressing waveform using inline_linear
2026-09-06T21:26:02.053+01:00 INFO : Filtering template 30/96 segment 1/5
2026-09-06T21:26:02.073+01:00 INFO : 1 points above threshold
2026-09-06T21:26:02.088+01:00 INFO : Filtering template 30/96 segment 2/5
2026-09-06T21:26:02.107+01:00 INFO : 1 points above threshold
2026-09-06T21:26:02.112+01:00 INFO : Filtering template 30/96 segment 3/5
2026-09-06T21:26:02.129+01:00 INFO : 1 points above threshold
2026-09-06T21:26:02.135+01:00 INFO : Filtering template 30/96 segment 4/5
2026-09-06T21:26:02.152+01:00 INFO : Filtering template 30/96 segment 5/5
2026-09-06T21:26:02.170+01:00 INFO : 30: generating IMRPhenomD from 30.0 Hz
2026-09-06T21:26:02.173+01:00 INFO : Decompressing waveform using inline_linear
2026-09-06T21:26:02.179+01:00 INFO : Filtering template 31/96 segment 1/5
2026-09-06T21:26:02.199+01:00 INFO : Filtering template 31/96 segment 2/5
2026-09-06T21:26:02.216+01:00 INFO : 1 points above threshold
2026-09-06T21:26:02.232+01:00 INFO : Filtering template 31/96 segment 3/5
2026-09-06T21:26:02.249+01:00 INFO : Filtering template 31/96 segment 4/5
2026-09-06T21:26:02.268+01:00 INFO : 1 points above threshold
2026-09-06T21:26:02.273+01:00 INFO : Filtering template 31/96 segment 5/5
2026-09-06T21:26:02.291+01:00 INFO : 1 points above threshold
2026-09-06T21:26:02.296+01:00 INFO : 31: generating IMRPhenomD from 30.0 Hz
2026-09-06T21:26:02.299+01:00 INFO : Decompressing waveform using inline_linear
2026-09-06T21:26:02.304+01:00 INFO : Filtering template 32/96 segment 1/5
2026-09-06T21:26:02.324+01:00 INFO : Filtering template 32/96 segment 2/5
2026-09-06T21:26:02.342+01:00 INFO : Filtering template 32/96 segment 3/5
2026-09-06T21:26:02.360+01:00 INFO : Filtering template 32/96 segment 4/5
2026-09-06T21:26:02.377+01:00 INFO : 3 points above threshold
2026-09-06T21:26:02.397+01:00 INFO : Filtering template 32/96 segment 5/5
2026-09-06T21:26:02.415+01:00 INFO : 2 points above threshold
2026-09-06T21:26:02.422+01:00 INFO : 32: generating IMRPhenomD from 30.0 Hz
2026-09-06T21:26:02.425+01:00 INFO : Decompressing waveform using inline_linear
2026-09-06T21:26:02.430+01:00 INFO : Filtering template 33/96 segment 1/5
2026-09-06T21:26:02.450+01:00 INFO : 2 points above threshold
2026-09-06T21:26:02.467+01:00 INFO : Filtering template 33/96 segment 2/5
2026-09-06T21:26:02.485+01:00 INFO : Filtering template 33/96 segment 3/5
2026-09-06T21:26:02.503+01:00 INFO : Filtering template 33/96 segment 4/5
2026-09-06T21:26:02.521+01:00 INFO : 1 points above threshold
2026-09-06T21:26:02.526+01:00 INFO : Filtering template 33/96 segment 5/5
2026-09-06T21:26:02.544+01:00 INFO : 33: generating IMRPhenomD from 30.0 Hz
2026-09-06T21:26:02.547+01:00 INFO : Decompressing waveform using inline_linear
2026-09-06T21:26:02.552+01:00 INFO : Filtering template 34/96 segment 1/5
2026-09-06T21:26:02.572+01:00 INFO : Filtering template 34/96 segment 2/5
2026-09-06T21:26:02.590+01:00 INFO : 1 points above threshold
2026-09-06T21:26:02.605+01:00 INFO : Filtering template 34/96 segment 3/5
2026-09-06T21:26:02.623+01:00 INFO : 1 points above threshold
2026-09-06T21:26:02.628+01:00 INFO : Filtering template 34/96 segment 4/5
2026-09-06T21:26:02.646+01:00 INFO : Filtering template 34/96 segment 5/5
2026-09-06T21:26:02.664+01:00 INFO : 1 points above threshold
2026-09-06T21:26:02.670+01:00 INFO : 34: generating IMRPhenomD from 30.0 Hz
2026-09-06T21:26:02.672+01:00 INFO : Decompressing waveform using inline_linear
2026-09-06T21:26:02.677+01:00 INFO : Filtering template 35/96 segment 1/5
2026-09-06T21:26:02.697+01:00 INFO : 1 points above threshold
2026-09-06T21:26:02.712+01:00 INFO : Filtering template 35/96 segment 2/5
2026-09-06T21:26:02.730+01:00 INFO : 1 points above threshold
2026-09-06T21:26:02.737+01:00 INFO : Filtering template 35/96 segment 3/5
2026-09-06T21:26:02.754+01:00 INFO : 1 points above threshold
2026-09-06T21:26:02.760+01:00 INFO : Filtering template 35/96 segment 4/5
2026-09-06T21:26:02.777+01:00 INFO : Filtering template 35/96 segment 5/5
2026-09-06T21:26:02.795+01:00 INFO : 35: generating IMRPhenomD from 30.0 Hz
2026-09-06T21:26:02.798+01:00 INFO : Decompressing waveform using inline_linear
2026-09-06T21:26:02.803+01:00 INFO : Filtering template 36/96 segment 1/5
2026-09-06T21:26:02.824+01:00 INFO : 3 points above threshold
2026-09-06T21:26:02.843+01:00 INFO : Filtering template 36/96 segment 2/5
2026-09-06T21:26:02.861+01:00 INFO : 1 points above threshold
2026-09-06T21:26:02.866+01:00 INFO : Filtering template 36/96 segment 3/5
2026-09-06T21:26:02.884+01:00 INFO : 2 points above threshold
2026-09-06T21:26:02.891+01:00 INFO : Filtering template 36/96 segment 4/5
2026-09-06T21:26:02.909+01:00 INFO : Filtering template 36/96 segment 5/5
2026-09-06T21:26:02.927+01:00 INFO : 1 points above threshold
2026-09-06T21:26:02.932+01:00 INFO : 36: generating IMRPhenomD from 30.0 Hz
2026-09-06T21:26:02.935+01:00 INFO : Decompressing waveform using inline_linear
2026-09-06T21:26:02.940+01:00 INFO : Filtering template 37/96 segment 1/5
2026-09-06T21:26:02.960+01:00 INFO : 2 points above threshold
2026-09-06T21:26:02.977+01:00 INFO : Filtering template 37/96 segment 2/5
2026-09-06T21:26:02.995+01:00 INFO : 3 points above threshold
2026-09-06T21:26:03.004+01:00 INFO : Filtering template 37/96 segment 3/5
2026-09-06T21:26:03.022+01:00 INFO : 1 points above threshold
2026-09-06T21:26:03.027+01:00 INFO : Filtering template 37/96 segment 4/5
2026-09-06T21:26:03.045+01:00 INFO : 3 points above threshold
2026-09-06T21:26:03.054+01:00 INFO : Filtering template 37/96 segment 5/5
2026-09-06T21:26:03.073+01:00 INFO : 37: generating IMRPhenomD from 30.0 Hz
2026-09-06T21:26:03.076+01:00 INFO : Decompressing waveform using inline_linear
2026-09-06T21:26:03.080+01:00 INFO : Filtering template 38/96 segment 1/5
2026-09-06T21:26:03.100+01:00 INFO : Filtering template 38/96 segment 2/5
2026-09-06T21:26:03.118+01:00 INFO : Filtering template 38/96 segment 3/5
2026-09-06T21:26:03.137+01:00 INFO : 1 points above threshold
2026-09-06T21:26:03.152+01:00 INFO : Filtering template 38/96 segment 4/5
2026-09-06T21:26:03.170+01:00 INFO : 1 points above threshold
2026-09-06T21:26:03.175+01:00 INFO : Filtering template 38/96 segment 5/5
2026-09-06T21:26:03.193+01:00 INFO : 1 points above threshold
2026-09-06T21:26:03.198+01:00 INFO : 38: generating IMRPhenomD from 30.0 Hz
2026-09-06T21:26:03.201+01:00 INFO : Decompressing waveform using inline_linear
2026-09-06T21:26:03.206+01:00 INFO : Filtering template 39/96 segment 1/5
2026-09-06T21:26:03.226+01:00 INFO : Filtering template 39/96 segment 2/5
2026-09-06T21:26:03.244+01:00 INFO : 2 points above threshold
2026-09-06T21:26:03.262+01:00 INFO : Filtering template 39/96 segment 3/5
2026-09-06T21:26:03.280+01:00 INFO : Filtering template 39/96 segment 4/5
2026-09-06T21:26:03.298+01:00 INFO : 2 points above threshold
2026-09-06T21:26:03.306+01:00 INFO : Filtering template 39/96 segment 5/5
2026-09-06T21:26:03.323+01:00 INFO : 39: generating IMRPhenomD from 30.0 Hz
2026-09-06T21:26:03.326+01:00 INFO : Decompressing waveform using inline_linear
2026-09-06T21:26:03.331+01:00 INFO : Filtering template 40/96 segment 1/5
2026-09-06T21:26:03.351+01:00 INFO : Filtering template 40/96 segment 2/5
2026-09-06T21:26:03.369+01:00 INFO : Filtering template 40/96 segment 3/5
2026-09-06T21:26:03.387+01:00 INFO : Filtering template 40/96 segment 4/5
2026-09-06T21:26:03.405+01:00 INFO : 2 points above threshold
2026-09-06T21:26:03.423+01:00 INFO : Filtering template 40/96 segment 5/5
2026-09-06T21:26:03.441+01:00 INFO : 40: generating IMRPhenomD from 30.0 Hz
2026-09-06T21:26:03.444+01:00 INFO : Decompressing waveform using inline_linear
2026-09-06T21:26:03.449+01:00 INFO : Filtering template 41/96 segment 1/5
2026-09-06T21:26:03.469+01:00 INFO : Filtering template 41/96 segment 2/5
2026-09-06T21:26:03.487+01:00 INFO : Filtering template 41/96 segment 3/5
2026-09-06T21:26:03.505+01:00 INFO : 2 points above threshold
2026-09-06T21:26:03.524+01:00 INFO : Filtering template 41/96 segment 4/5
2026-09-06T21:26:03.542+01:00 INFO : 2 points above threshold
2026-09-06T21:26:03.549+01:00 INFO : Filtering template 41/96 segment 5/5
2026-09-06T21:26:03.567+01:00 INFO : 41: generating IMRPhenomD from 30.0 Hz
2026-09-06T21:26:03.570+01:00 INFO : Decompressing waveform using inline_linear
2026-09-06T21:26:03.575+01:00 INFO : Filtering template 42/96 segment 1/5
2026-09-06T21:26:03.595+01:00 INFO : Filtering template 42/96 segment 2/5
2026-09-06T21:26:03.613+01:00 INFO : 1 points above threshold
2026-09-06T21:26:03.630+01:00 INFO : Filtering template 42/96 segment 3/5
2026-09-06T21:26:03.647+01:00 INFO : Filtering template 42/96 segment 4/5
2026-09-06T21:26:03.665+01:00 INFO : 1 points above threshold
2026-09-06T21:26:03.670+01:00 INFO : Filtering template 42/96 segment 5/5
2026-09-06T21:26:03.688+01:00 INFO : 1 points above threshold
2026-09-06T21:26:03.694+01:00 INFO : 42: generating IMRPhenomD from 30.0 Hz
2026-09-06T21:26:03.697+01:00 INFO : Decompressing waveform using inline_linear
2026-09-06T21:26:03.701+01:00 INFO : Filtering template 43/96 segment 1/5
2026-09-06T21:26:03.721+01:00 INFO : 1 points above threshold
2026-09-06T21:26:03.737+01:00 INFO : Filtering template 43/96 segment 2/5
2026-09-06T21:26:03.754+01:00 INFO : 2 points above threshold
2026-09-06T21:26:03.761+01:00 INFO : Filtering template 43/96 segment 3/5
2026-09-06T21:26:03.780+01:00 INFO : 1 points above threshold
2026-09-06T21:26:03.785+01:00 INFO : Filtering template 43/96 segment 4/5
2026-09-06T21:26:03.803+01:00 INFO : Filtering template 43/96 segment 5/5
2026-09-06T21:26:03.821+01:00 INFO : 43: generating IMRPhenomD from 30.0 Hz
2026-09-06T21:26:03.823+01:00 INFO : Decompressing waveform using inline_linear
2026-09-06T21:26:03.828+01:00 INFO : Filtering template 44/96 segment 1/5
2026-09-06T21:26:03.848+01:00 INFO : 1 points above threshold
2026-09-06T21:26:03.864+01:00 INFO : Filtering template 44/96 segment 2/5
2026-09-06T21:26:03.882+01:00 INFO : Filtering template 44/96 segment 3/5
2026-09-06T21:26:03.900+01:00 INFO : Filtering template 44/96 segment 4/5
2026-09-06T21:26:03.918+01:00 INFO : 1 points above threshold
2026-09-06T21:26:03.923+01:00 INFO : Filtering template 44/96 segment 5/5
2026-09-06T21:26:03.942+01:00 INFO : 44: generating IMRPhenomD from 30.0 Hz
2026-09-06T21:26:03.944+01:00 INFO : Decompressing waveform using inline_linear
2026-09-06T21:26:03.949+01:00 INFO : Filtering template 45/96 segment 1/5
2026-09-06T21:26:03.969+01:00 INFO : 2 points above threshold
2026-09-06T21:26:03.987+01:00 INFO : Filtering template 45/96 segment 2/5
2026-09-06T21:26:04.004+01:00 INFO : 1 points above threshold
2026-09-06T21:26:04.010+01:00 INFO : Filtering template 45/96 segment 3/5
2026-09-06T21:26:04.028+01:00 INFO : 1 points above threshold
2026-09-06T21:26:04.033+01:00 INFO : Filtering template 45/96 segment 4/5
2026-09-06T21:26:04.051+01:00 INFO : Filtering template 45/96 segment 5/5
2026-09-06T21:26:04.069+01:00 INFO : 45: generating IMRPhenomD from 30.0 Hz
2026-09-06T21:26:04.072+01:00 INFO : Decompressing waveform using inline_linear
2026-09-06T21:26:04.077+01:00 INFO : Filtering template 46/96 segment 1/5
2026-09-06T21:26:04.097+01:00 INFO : Filtering template 46/96 segment 2/5
2026-09-06T21:26:04.115+01:00 INFO : Filtering template 46/96 segment 3/5
2026-09-06T21:26:04.133+01:00 INFO : 1 points above threshold
2026-09-06T21:26:04.148+01:00 INFO : Filtering template 46/96 segment 4/5
2026-09-06T21:26:04.166+01:00 INFO : 3 points above threshold
2026-09-06T21:26:04.175+01:00 INFO : Filtering template 46/96 segment 5/5
2026-09-06T21:26:04.193+01:00 INFO : 1 points above threshold
2026-09-06T21:26:04.199+01:00 INFO : 46: generating IMRPhenomD from 30.0 Hz
2026-09-06T21:26:04.201+01:00 INFO : Decompressing waveform using inline_linear
2026-09-06T21:26:04.206+01:00 INFO : Filtering template 47/96 segment 1/5
2026-09-06T21:26:04.226+01:00 INFO : 3 points above threshold
2026-09-06T21:26:04.246+01:00 INFO : Filtering template 47/96 segment 2/5
2026-09-06T21:26:04.264+01:00 INFO : Filtering template 47/96 segment 3/5
2026-09-06T21:26:04.281+01:00 INFO : 2 points above threshold
2026-09-06T21:26:04.288+01:00 INFO : Filtering template 47/96 segment 4/5
2026-09-06T21:26:04.306+01:00 INFO : 1 points above threshold
2026-09-06T21:26:04.311+01:00 INFO : Filtering template 47/96 segment 5/5
2026-09-06T21:26:04.329+01:00 INFO : 1 points above threshold
2026-09-06T21:26:04.335+01:00 INFO : 47: generating IMRPhenomD from 30.0 Hz
2026-09-06T21:26:04.338+01:00 INFO : Decompressing waveform using inline_linear
2026-09-06T21:26:04.342+01:00 INFO : Filtering template 48/96 segment 1/5
2026-09-06T21:26:04.362+01:00 INFO : 3 points above threshold
2026-09-06T21:26:04.382+01:00 INFO : Filtering template 48/96 segment 2/5
2026-09-06T21:26:04.400+01:00 INFO : 1 points above threshold
2026-09-06T21:26:04.408+01:00 INFO : Filtering template 48/96 segment 3/5
2026-09-06T21:26:04.426+01:00 INFO : 1 points above threshold
2026-09-06T21:26:04.431+01:00 INFO : Filtering template 48/96 segment 4/5
2026-09-06T21:26:04.449+01:00 INFO : 2 points above threshold
2026-09-06T21:26:04.456+01:00 INFO : Filtering template 48/96 segment 5/5
2026-09-06T21:26:04.473+01:00 INFO : 1 points above threshold
2026-09-06T21:26:04.479+01:00 INFO : 48: generating IMRPhenomD from 30.0 Hz
2026-09-06T21:26:04.481+01:00 INFO : Decompressing waveform using inline_linear
2026-09-06T21:26:04.487+01:00 INFO : Filtering template 49/96 segment 1/5
2026-09-06T21:26:04.507+01:00 INFO : 1 points above threshold
2026-09-06T21:26:04.522+01:00 INFO : Filtering template 49/96 segment 2/5
2026-09-06T21:26:04.540+01:00 INFO : 1 points above threshold
2026-09-06T21:26:04.545+01:00 INFO : Filtering template 49/96 segment 3/5
2026-09-06T21:26:04.563+01:00 INFO : 2 points above threshold
2026-09-06T21:26:04.570+01:00 INFO : Filtering template 49/96 segment 4/5
2026-09-06T21:26:04.588+01:00 INFO : Filtering template 49/96 segment 5/5
2026-09-06T21:26:04.606+01:00 INFO : 49: generating IMRPhenomD from 30.0 Hz
2026-09-06T21:26:04.624+01:00 INFO : Decompressing waveform using inline_linear
2026-09-06T21:26:04.629+01:00 INFO : Filtering template 50/96 segment 1/5
2026-09-06T21:26:04.652+01:00 INFO : Filtering template 50/96 segment 2/5
2026-09-06T21:26:04.671+01:00 INFO : 2 points above threshold
2026-09-06T21:26:04.694+01:00 INFO : Filtering template 50/96 segment 3/5
2026-09-06T21:26:04.722+01:00 INFO : 4 points above threshold
2026-09-06T21:26:04.733+01:00 INFO : Filtering template 50/96 segment 4/5
2026-09-06T21:26:04.753+01:00 INFO : 2 points above threshold
2026-09-06T21:26:04.760+01:00 INFO : Filtering template 50/96 segment 5/5
2026-09-06T21:26:04.778+01:00 INFO : 50: generating IMRPhenomD from 30.0 Hz
2026-09-06T21:26:04.781+01:00 INFO : Decompressing waveform using inline_linear
2026-09-06T21:26:04.786+01:00 INFO : Filtering template 51/96 segment 1/5
2026-09-06T21:26:04.806+01:00 INFO : 1 points above threshold
2026-09-06T21:26:04.822+01:00 INFO : Filtering template 51/96 segment 2/5
2026-09-06T21:26:04.840+01:00 INFO : 1 points above threshold
2026-09-06T21:26:04.845+01:00 INFO : Filtering template 51/96 segment 3/5
2026-09-06T21:26:04.863+01:00 INFO : Filtering template 51/96 segment 4/5
2026-09-06T21:26:04.880+01:00 INFO : 1 points above threshold
2026-09-06T21:26:04.885+01:00 INFO : Filtering template 51/96 segment 5/5
2026-09-06T21:26:04.904+01:00 INFO : 2 points above threshold
2026-09-06T21:26:04.911+01:00 INFO : 51: generating IMRPhenomD from 30.0 Hz
2026-09-06T21:26:04.914+01:00 INFO : Decompressing waveform using inline_linear
2026-09-06T21:26:04.918+01:00 INFO : Filtering template 52/96 segment 1/5
2026-09-06T21:26:04.939+01:00 INFO : 1 points above threshold
2026-09-06T21:26:04.954+01:00 INFO : Filtering template 52/96 segment 2/5
2026-09-06T21:26:04.972+01:00 INFO : 1 points above threshold
2026-09-06T21:26:04.977+01:00 INFO : Filtering template 52/96 segment 3/5
2026-09-06T21:26:04.995+01:00 INFO : Filtering template 52/96 segment 4/5
2026-09-06T21:26:05.013+01:00 INFO : 3 points above threshold
2026-09-06T21:26:05.022+01:00 INFO : Filtering template 52/96 segment 5/5
2026-09-06T21:26:05.040+01:00 INFO : 1 points above threshold
2026-09-06T21:26:05.045+01:00 INFO : 52: generating IMRPhenomD from 30.0 Hz
2026-09-06T21:26:05.048+01:00 INFO : Decompressing waveform using inline_linear
2026-09-06T21:26:05.052+01:00 INFO : Filtering template 53/96 segment 1/5
2026-09-06T21:26:05.073+01:00 INFO : 3 points above threshold
2026-09-06T21:26:05.092+01:00 INFO : Filtering template 53/96 segment 2/5
2026-09-06T21:26:05.110+01:00 INFO : 2 points above threshold
2026-09-06T21:26:05.117+01:00 INFO : Filtering template 53/96 segment 3/5
2026-09-06T21:26:05.135+01:00 INFO : 2 points above threshold
2026-09-06T21:26:05.142+01:00 INFO : Filtering template 53/96 segment 4/5
2026-09-06T21:26:05.160+01:00 INFO : 1 points above threshold
2026-09-06T21:26:05.165+01:00 INFO : Filtering template 53/96 segment 5/5
2026-09-06T21:26:05.183+01:00 INFO : 1 points above threshold
2026-09-06T21:26:05.188+01:00 INFO : 53: generating IMRPhenomD from 30.0 Hz
2026-09-06T21:26:05.191+01:00 INFO : Decompressing waveform using inline_linear
2026-09-06T21:26:05.196+01:00 INFO : Filtering template 54/96 segment 1/5
2026-09-06T21:26:05.216+01:00 INFO : Filtering template 54/96 segment 2/5
2026-09-06T21:26:05.234+01:00 INFO : Filtering template 54/96 segment 3/5
2026-09-06T21:26:05.252+01:00 INFO : 2 points above threshold
2026-09-06T21:26:05.269+01:00 INFO : Filtering template 54/96 segment 4/5
2026-09-06T21:26:05.287+01:00 INFO : 5 points above threshold
2026-09-06T21:26:05.299+01:00 INFO : Filtering template 54/96 segment 5/5
2026-09-06T21:26:05.317+01:00 INFO : 54: generating IMRPhenomD from 30.0 Hz
2026-09-06T21:26:05.320+01:00 INFO : Decompressing waveform using inline_linear
2026-09-06T21:26:05.325+01:00 INFO : Filtering template 55/96 segment 1/5
2026-09-06T21:26:05.345+01:00 INFO : Filtering template 55/96 segment 2/5
2026-09-06T21:26:05.363+01:00 INFO : 1 points above threshold
2026-09-06T21:26:05.379+01:00 INFO : Filtering template 55/96 segment 3/5
2026-09-06T21:26:05.397+01:00 INFO : 3 points above threshold
2026-09-06T21:26:05.406+01:00 INFO : Filtering template 55/96 segment 4/5
2026-09-06T21:26:05.423+01:00 INFO : 1 points above threshold
2026-09-06T21:26:05.429+01:00 INFO : Filtering template 55/96 segment 5/5
2026-09-06T21:26:05.446+01:00 INFO : 1 points above threshold
2026-09-06T21:26:05.452+01:00 INFO : 55: generating IMRPhenomD from 30.0 Hz
2026-09-06T21:26:05.454+01:00 INFO : Decompressing waveform using inline_linear
2026-09-06T21:26:05.460+01:00 INFO : Filtering template 56/96 segment 1/5
2026-09-06T21:26:05.480+01:00 INFO : 1 points above threshold
2026-09-06T21:26:05.495+01:00 INFO : Filtering template 56/96 segment 2/5
2026-09-06T21:26:05.514+01:00 INFO : 1 points above threshold
2026-09-06T21:26:05.519+01:00 INFO : Filtering template 56/96 segment 3/5
2026-09-06T21:26:05.537+01:00 INFO : 3 points above threshold
2026-09-06T21:26:05.546+01:00 INFO : Filtering template 56/96 segment 4/5
2026-09-06T21:26:05.564+01:00 INFO : Filtering template 56/96 segment 5/5
2026-09-06T21:26:05.582+01:00 INFO : 1 points above threshold
2026-09-06T21:26:05.587+01:00 INFO : 56: generating IMRPhenomD from 30.0 Hz
2026-09-06T21:26:05.590+01:00 INFO : Decompressing waveform using inline_linear
2026-09-06T21:26:05.595+01:00 INFO : Filtering template 57/96 segment 1/5
2026-09-06T21:26:05.615+01:00 INFO : 1 points above threshold
2026-09-06T21:26:05.631+01:00 INFO : Filtering template 57/96 segment 2/5
2026-09-06T21:26:05.648+01:00 INFO : 2 points above threshold
2026-09-06T21:26:05.655+01:00 INFO : Filtering template 57/96 segment 3/5
2026-09-06T21:26:05.673+01:00 INFO : 2 points above threshold
2026-09-06T21:26:05.680+01:00 INFO : Filtering template 57/96 segment 4/5
2026-09-06T21:26:05.698+01:00 INFO : 2 points above threshold
2026-09-06T21:26:05.705+01:00 INFO : Filtering template 57/96 segment 5/5
2026-09-06T21:26:05.723+01:00 INFO : 57: generating IMRPhenomD from 30.0 Hz
2026-09-06T21:26:05.726+01:00 INFO : Decompressing waveform using inline_linear
2026-09-06T21:26:05.731+01:00 INFO : Filtering template 58/96 segment 1/5
2026-09-06T21:26:05.751+01:00 INFO : 1 points above threshold
2026-09-06T21:26:05.766+01:00 INFO : Filtering template 58/96 segment 2/5
2026-09-06T21:26:05.785+01:00 INFO : 2 points above threshold
2026-09-06T21:26:05.792+01:00 INFO : Filtering template 58/96 segment 3/5
2026-09-06T21:26:05.809+01:00 INFO : 1 points above threshold
2026-09-06T21:26:05.814+01:00 INFO : Filtering template 58/96 segment 4/5
2026-09-06T21:26:05.832+01:00 INFO : 1 points above threshold
2026-09-06T21:26:05.837+01:00 INFO : Filtering template 58/96 segment 5/5
2026-09-06T21:26:05.855+01:00 INFO : 2 points above threshold
2026-09-06T21:26:05.863+01:00 INFO : 58: generating IMRPhenomD from 30.0 Hz
2026-09-06T21:26:05.866+01:00 INFO : Decompressing waveform using inline_linear
2026-09-06T21:26:05.870+01:00 INFO : Filtering template 59/96 segment 1/5
2026-09-06T21:26:05.891+01:00 INFO : 1 points above threshold
2026-09-06T21:26:05.906+01:00 INFO : Filtering template 59/96 segment 2/5
2026-09-06T21:26:05.924+01:00 INFO : 2 points above threshold
2026-09-06T21:26:05.931+01:00 INFO : Filtering template 59/96 segment 3/5
2026-09-06T21:26:05.949+01:00 INFO : 2 points above threshold
2026-09-06T21:26:05.956+01:00 INFO : Filtering template 59/96 segment 4/5
2026-09-06T21:26:05.974+01:00 INFO : 1 points above threshold
2026-09-06T21:26:05.979+01:00 INFO : Filtering template 59/96 segment 5/5
2026-09-06T21:26:05.997+01:00 INFO : 59: generating IMRPhenomD from 30.0 Hz
2026-09-06T21:26:06.000+01:00 INFO : Decompressing waveform using inline_linear
2026-09-06T21:26:06.004+01:00 INFO : Filtering template 60/96 segment 1/5
2026-09-06T21:26:06.025+01:00 INFO : Filtering template 60/96 segment 2/5
2026-09-06T21:26:06.043+01:00 INFO : Filtering template 60/96 segment 3/5
2026-09-06T21:26:06.060+01:00 INFO : 1 points above threshold
2026-09-06T21:26:06.076+01:00 INFO : Filtering template 60/96 segment 4/5
2026-09-06T21:26:06.094+01:00 INFO : 2 points above threshold
2026-09-06T21:26:06.101+01:00 INFO : Filtering template 60/96 segment 5/5
2026-09-06T21:26:06.119+01:00 INFO : 60: generating IMRPhenomD from 30.0 Hz
2026-09-06T21:26:06.122+01:00 INFO : Decompressing waveform using inline_linear
2026-09-06T21:26:06.127+01:00 INFO : Filtering template 61/96 segment 1/5
2026-09-06T21:26:06.147+01:00 INFO : Filtering template 61/96 segment 2/5
2026-09-06T21:26:06.164+01:00 INFO : 2 points above threshold
2026-09-06T21:26:06.182+01:00 INFO : Filtering template 61/96 segment 3/5
2026-09-06T21:26:06.200+01:00 INFO : 1 points above threshold
2026-09-06T21:26:06.205+01:00 INFO : Filtering template 61/96 segment 4/5
2026-09-06T21:26:06.223+01:00 INFO : 1 points above threshold
2026-09-06T21:26:06.228+01:00 INFO : Filtering template 61/96 segment 5/5
2026-09-06T21:26:06.246+01:00 INFO : 61: generating IMRPhenomD from 30.0 Hz
2026-09-06T21:26:06.249+01:00 INFO : Decompressing waveform using inline_linear
2026-09-06T21:26:06.254+01:00 INFO : Filtering template 62/96 segment 1/5
2026-09-06T21:26:06.274+01:00 INFO : 2 points above threshold
2026-09-06T21:26:06.291+01:00 INFO : Filtering template 62/96 segment 2/5
2026-09-06T21:26:06.309+01:00 INFO : Filtering template 62/96 segment 3/5
2026-09-06T21:26:06.327+01:00 INFO : Filtering template 62/96 segment 4/5
2026-09-06T21:26:06.345+01:00 INFO : 5 points above threshold
2026-09-06T21:26:06.357+01:00 INFO : Filtering template 62/96 segment 5/5
2026-09-06T21:26:06.375+01:00 INFO : 62: generating IMRPhenomD from 30.0 Hz
2026-09-06T21:26:06.378+01:00 INFO : Decompressing waveform using inline_linear
2026-09-06T21:26:06.383+01:00 INFO : Filtering template 63/96 segment 1/5
2026-09-06T21:26:06.403+01:00 INFO : Filtering template 63/96 segment 2/5
2026-09-06T21:26:06.421+01:00 INFO : 1 points above threshold
2026-09-06T21:26:06.436+01:00 INFO : Filtering template 63/96 segment 3/5
2026-09-06T21:26:06.454+01:00 INFO : 2 points above threshold
2026-09-06T21:26:06.461+01:00 INFO : Filtering template 63/96 segment 4/5
2026-09-06T21:26:06.478+01:00 INFO : 1 points above threshold
2026-09-06T21:26:06.484+01:00 INFO : Filtering template 63/96 segment 5/5
2026-09-06T21:26:06.502+01:00 INFO : 1 points above threshold
2026-09-06T21:26:06.507+01:00 INFO : 63: generating IMRPhenomD from 30.0 Hz
2026-09-06T21:26:06.510+01:00 INFO : Decompressing waveform using inline_linear
2026-09-06T21:26:06.515+01:00 INFO : Filtering template 64/96 segment 1/5
2026-09-06T21:26:06.535+01:00 INFO : 2 points above threshold
2026-09-06T21:26:06.552+01:00 INFO : Filtering template 64/96 segment 2/5
2026-09-06T21:26:06.570+01:00 INFO : 1 points above threshold
2026-09-06T21:26:06.575+01:00 INFO : Filtering template 64/96 segment 3/5
2026-09-06T21:26:06.593+01:00 INFO : Filtering template 64/96 segment 4/5
2026-09-06T21:26:06.611+01:00 INFO : Filtering template 64/96 segment 5/5
2026-09-06T21:26:06.629+01:00 INFO : 64: generating IMRPhenomD from 30.0 Hz
2026-09-06T21:26:06.632+01:00 INFO : Decompressing waveform using inline_linear
2026-09-06T21:26:06.636+01:00 INFO : Filtering template 65/96 segment 1/5
2026-09-06T21:26:06.657+01:00 INFO : 2 points above threshold
2026-09-06T21:26:06.674+01:00 INFO : Filtering template 65/96 segment 2/5
2026-09-06T21:26:06.692+01:00 INFO : 2 points above threshold
2026-09-06T21:26:06.699+01:00 INFO : Filtering template 65/96 segment 3/5
2026-09-06T21:26:06.717+01:00 INFO : 1 points above threshold
2026-09-06T21:26:06.722+01:00 INFO : Filtering template 65/96 segment 4/5
2026-09-06T21:26:06.740+01:00 INFO : 2 points above threshold
2026-09-06T21:26:06.747+01:00 INFO : Filtering template 65/96 segment 5/5
2026-09-06T21:26:06.765+01:00 INFO : 65: generating IMRPhenomD from 30.0 Hz
2026-09-06T21:26:06.768+01:00 INFO : Decompressing waveform using inline_linear
2026-09-06T21:26:06.773+01:00 INFO : Filtering template 66/96 segment 1/5
2026-09-06T21:26:06.793+01:00 INFO : 1 points above threshold
2026-09-06T21:26:06.808+01:00 INFO : Filtering template 66/96 segment 2/5
2026-09-06T21:26:06.826+01:00 INFO : 1 points above threshold
2026-09-06T21:26:06.831+01:00 INFO : Filtering template 66/96 segment 3/5
2026-09-06T21:26:06.849+01:00 INFO : 2 points above threshold
2026-09-06T21:26:06.856+01:00 INFO : Filtering template 66/96 segment 4/5
2026-09-06T21:26:06.874+01:00 INFO : 1 points above threshold
2026-09-06T21:26:06.879+01:00 INFO : Filtering template 66/96 segment 5/5
2026-09-06T21:26:06.898+01:00 INFO : 66: generating IMRPhenomD from 30.0 Hz
2026-09-06T21:26:06.900+01:00 INFO : Decompressing waveform using inline_linear
2026-09-06T21:26:06.905+01:00 INFO : Filtering template 67/96 segment 1/5
2026-09-06T21:26:06.925+01:00 INFO : 3 points above threshold
2026-09-06T21:26:06.945+01:00 INFO : Filtering template 67/96 segment 2/5
2026-09-06T21:26:06.963+01:00 INFO : Filtering template 67/96 segment 3/5
2026-09-06T21:26:06.984+01:00 INFO : 1 points above threshold
2026-09-06T21:26:06.989+01:00 INFO : Filtering template 67/96 segment 4/5
2026-09-06T21:26:07.007+01:00 INFO : Filtering template 67/96 segment 5/5
2026-09-06T21:26:07.025+01:00 INFO : 67: generating IMRPhenomD from 30.0 Hz
2026-09-06T21:26:07.028+01:00 INFO : Decompressing waveform using inline_linear
2026-09-06T21:26:07.032+01:00 INFO : Filtering template 68/96 segment 1/5
2026-09-06T21:26:07.053+01:00 INFO : 1 points above threshold
2026-09-06T21:26:07.068+01:00 INFO : Filtering template 68/96 segment 2/5
2026-09-06T21:26:07.086+01:00 INFO : 1 points above threshold
2026-09-06T21:26:07.091+01:00 INFO : Filtering template 68/96 segment 3/5
2026-09-06T21:26:07.109+01:00 INFO : 1 points above threshold
2026-09-06T21:26:07.114+01:00 INFO : Filtering template 68/96 segment 4/5
2026-09-06T21:26:07.132+01:00 INFO : 1 points above threshold
2026-09-06T21:26:07.137+01:00 INFO : Filtering template 68/96 segment 5/5
2026-09-06T21:26:07.155+01:00 INFO : 1 points above threshold
2026-09-06T21:26:07.160+01:00 INFO : 68: generating IMRPhenomD from 30.0 Hz
2026-09-06T21:26:07.163+01:00 INFO : Decompressing waveform using inline_linear
2026-09-06T21:26:07.168+01:00 INFO : Filtering template 69/96 segment 1/5
2026-09-06T21:26:07.188+01:00 INFO : Filtering template 69/96 segment 2/5
2026-09-06T21:26:07.206+01:00 INFO : Filtering template 69/96 segment 3/5
2026-09-06T21:26:07.224+01:00 INFO : 1 points above threshold
2026-09-06T21:26:07.239+01:00 INFO : Filtering template 69/96 segment 4/5
2026-09-06T21:26:07.257+01:00 INFO : 2 points above threshold
2026-09-06T21:26:07.264+01:00 INFO : Filtering template 69/96 segment 5/5
2026-09-06T21:26:07.282+01:00 INFO : 69: generating IMRPhenomD from 30.0 Hz
2026-09-06T21:26:07.285+01:00 INFO : Decompressing waveform using inline_linear
2026-09-06T21:26:07.290+01:00 INFO : Filtering template 70/96 segment 1/5
2026-09-06T21:26:07.310+01:00 INFO : 2 points above threshold
2026-09-06T21:26:07.327+01:00 INFO : Filtering template 70/96 segment 2/5
2026-09-06T21:26:07.345+01:00 INFO : 2 points above threshold
2026-09-06T21:26:07.352+01:00 INFO : Filtering template 70/96 segment 3/5
2026-09-06T21:26:07.370+01:00 INFO : Filtering template 70/96 segment 4/5
2026-09-06T21:26:07.388+01:00 INFO : 2 points above threshold
2026-09-06T21:26:07.395+01:00 INFO : Filtering template 70/96 segment 5/5
2026-09-06T21:26:07.413+01:00 INFO : 2 points above threshold
2026-09-06T21:26:07.420+01:00 INFO : 70: generating IMRPhenomD from 30.0 Hz
2026-09-06T21:26:07.423+01:00 INFO : Decompressing waveform using inline_linear
2026-09-06T21:26:07.428+01:00 INFO : Filtering template 71/96 segment 1/5
2026-09-06T21:26:07.448+01:00 INFO : Filtering template 71/96 segment 2/5
2026-09-06T21:26:07.466+01:00 INFO : 1 points above threshold
2026-09-06T21:26:07.481+01:00 INFO : Filtering template 71/96 segment 3/5
2026-09-06T21:26:07.499+01:00 INFO : 1 points above threshold
2026-09-06T21:26:07.505+01:00 INFO : Filtering template 71/96 segment 4/5
2026-09-06T21:26:07.522+01:00 INFO : 3 points above threshold
2026-09-06T21:26:07.532+01:00 INFO : Filtering template 71/96 segment 5/5
2026-09-06T21:26:07.550+01:00 INFO : 71: generating IMRPhenomD from 30.0 Hz
2026-09-06T21:26:07.553+01:00 INFO : Decompressing waveform using inline_linear
2026-09-06T21:26:07.558+01:00 INFO : Filtering template 72/96 segment 1/5
2026-09-06T21:26:07.578+01:00 INFO : 2 points above threshold
2026-09-06T21:26:07.595+01:00 INFO : Filtering template 72/96 segment 2/5
2026-09-06T21:26:07.613+01:00 INFO : 1 points above threshold
2026-09-06T21:26:07.618+01:00 INFO : Filtering template 72/96 segment 3/5
2026-09-06T21:26:07.636+01:00 INFO : 1 points above threshold
2026-09-06T21:26:07.641+01:00 INFO : Filtering template 72/96 segment 4/5
2026-09-06T21:26:07.659+01:00 INFO : 3 points above threshold
2026-09-06T21:26:07.668+01:00 INFO : Filtering template 72/96 segment 5/5
2026-09-06T21:26:07.686+01:00 INFO : 3 points above threshold
2026-09-06T21:26:07.696+01:00 INFO : 72: generating IMRPhenomD from 30.0 Hz
2026-09-06T21:26:07.698+01:00 INFO : Decompressing waveform using inline_linear
2026-09-06T21:26:07.703+01:00 INFO : Filtering template 73/96 segment 1/5
2026-09-06T21:26:07.723+01:00 INFO : 1 points above threshold
2026-09-06T21:26:07.738+01:00 INFO : Filtering template 73/96 segment 2/5
2026-09-06T21:26:07.756+01:00 INFO : 1 points above threshold
2026-09-06T21:26:07.761+01:00 INFO : Filtering template 73/96 segment 3/5
2026-09-06T21:26:07.779+01:00 INFO : 1 points above threshold
2026-09-06T21:26:07.785+01:00 INFO : Filtering template 73/96 segment 4/5
2026-09-06T21:26:07.802+01:00 INFO : Filtering template 73/96 segment 5/5
2026-09-06T21:26:07.820+01:00 INFO : 1 points above threshold
2026-09-06T21:26:07.826+01:00 INFO : 73: generating IMRPhenomD from 30.0 Hz
2026-09-06T21:26:07.828+01:00 INFO : Decompressing waveform using inline_linear
2026-09-06T21:26:07.833+01:00 INFO : Filtering template 74/96 segment 1/5
2026-09-06T21:26:07.853+01:00 INFO : 3 points above threshold
2026-09-06T21:26:07.873+01:00 INFO : Filtering template 74/96 segment 2/5
2026-09-06T21:26:07.891+01:00 INFO : 3 points above threshold
2026-09-06T21:26:07.900+01:00 INFO : Filtering template 74/96 segment 3/5
2026-09-06T21:26:07.918+01:00 INFO : Filtering template 74/96 segment 4/5
2026-09-06T21:26:07.936+01:00 INFO : 1 points above threshold
2026-09-06T21:26:07.941+01:00 INFO : Filtering template 74/96 segment 5/5
2026-09-06T21:26:07.959+01:00 INFO : 74: generating IMRPhenomD from 30.0 Hz
2026-09-06T21:26:07.962+01:00 INFO : Decompressing waveform using inline_linear
2026-09-06T21:26:07.967+01:00 INFO : Filtering template 75/96 segment 1/5
2026-09-06T21:26:07.987+01:00 INFO : Filtering template 75/96 segment 2/5
2026-09-06T21:26:08.005+01:00 INFO : 1 points above threshold
2026-09-06T21:26:08.020+01:00 INFO : Filtering template 75/96 segment 3/5
2026-09-06T21:26:08.038+01:00 INFO : 2 points above threshold
2026-09-06T21:26:08.045+01:00 INFO : Filtering template 75/96 segment 4/5
2026-09-06T21:26:08.063+01:00 INFO : Filtering template 75/96 segment 5/5
2026-09-06T21:26:08.081+01:00 INFO : 2 points above threshold
2026-09-06T21:26:08.089+01:00 INFO : 75: generating IMRPhenomD from 30.0 Hz
2026-09-06T21:26:08.091+01:00 INFO : Decompressing waveform using inline_linear
2026-09-06T21:26:08.096+01:00 INFO : Filtering template 76/96 segment 1/5
2026-09-06T21:26:08.116+01:00 INFO : 1 points above threshold
2026-09-06T21:26:08.134+01:00 INFO : Filtering template 76/96 segment 2/5
2026-09-06T21:26:08.152+01:00 INFO : Filtering template 76/96 segment 3/5
2026-09-06T21:26:08.170+01:00 INFO : 1 points above threshold
2026-09-06T21:26:08.178+01:00 INFO : Filtering template 76/96 segment 4/5
2026-09-06T21:26:08.196+01:00 INFO : Filtering template 76/96 segment 5/5
2026-09-06T21:26:08.214+01:00 INFO : 2 points above threshold
2026-09-06T21:26:08.221+01:00 INFO : 76: generating IMRPhenomD from 30.0 Hz
2026-09-06T21:26:08.224+01:00 INFO : Decompressing waveform using inline_linear
2026-09-06T21:26:08.228+01:00 INFO : Filtering template 77/96 segment 1/5
2026-09-06T21:26:08.249+01:00 INFO : Filtering template 77/96 segment 2/5
2026-09-06T21:26:08.267+01:00 INFO : 1 points above threshold
2026-09-06T21:26:08.282+01:00 INFO : Filtering template 77/96 segment 3/5
2026-09-06T21:26:08.300+01:00 INFO : Filtering template 77/96 segment 4/5
2026-09-06T21:26:08.318+01:00 INFO : 1 points above threshold
2026-09-06T21:26:08.323+01:00 INFO : Filtering template 77/96 segment 5/5
2026-09-06T21:26:08.341+01:00 INFO : 77: generating IMRPhenomD from 30.0 Hz
2026-09-06T21:26:08.344+01:00 INFO : Decompressing waveform using inline_linear
2026-09-06T21:26:08.349+01:00 INFO : Filtering template 78/96 segment 1/5
2026-09-06T21:26:08.369+01:00 INFO : Filtering template 78/96 segment 2/5
2026-09-06T21:26:08.387+01:00 INFO : Filtering template 78/96 segment 3/5
2026-09-06T21:26:08.405+01:00 INFO : Filtering template 78/96 segment 4/5
2026-09-06T21:26:08.423+01:00 INFO : 1 points above threshold
2026-09-06T21:26:08.438+01:00 INFO : Filtering template 78/96 segment 5/5
2026-09-06T21:26:08.456+01:00 INFO : 78: generating IMRPhenomD from 30.0 Hz
2026-09-06T21:26:08.459+01:00 INFO : Decompressing waveform using inline_linear
2026-09-06T21:26:08.464+01:00 INFO : Filtering template 79/96 segment 1/5
2026-09-06T21:26:08.484+01:00 INFO : 2 points above threshold
2026-09-06T21:26:08.502+01:00 INFO : Filtering template 79/96 segment 2/5
2026-09-06T21:26:08.519+01:00 INFO : Filtering template 79/96 segment 3/5
2026-09-06T21:26:08.537+01:00 INFO : 1 points above threshold
2026-09-06T21:26:08.542+01:00 INFO : Filtering template 79/96 segment 4/5
2026-09-06T21:26:08.560+01:00 INFO : 1 points above threshold
2026-09-06T21:26:08.565+01:00 INFO : Filtering template 79/96 segment 5/5
2026-09-06T21:26:08.583+01:00 INFO : 3 points above threshold
2026-09-06T21:26:08.593+01:00 INFO : 79: generating IMRPhenomD from 30.0 Hz
2026-09-06T21:26:08.595+01:00 INFO : Decompressing waveform using inline_linear
2026-09-06T21:26:08.600+01:00 INFO : Filtering template 80/96 segment 1/5
2026-09-06T21:26:08.620+01:00 INFO : 2 points above threshold
2026-09-06T21:26:08.639+01:00 INFO : Filtering template 80/96 segment 2/5
2026-09-06T21:26:08.657+01:00 INFO : 1 points above threshold
2026-09-06T21:26:08.662+01:00 INFO : Filtering template 80/96 segment 3/5
2026-09-06T21:26:08.680+01:00 INFO : 1 points above threshold
2026-09-06T21:26:08.685+01:00 INFO : Filtering template 80/96 segment 4/5
2026-09-06T21:26:08.703+01:00 INFO : Filtering template 80/96 segment 5/5
2026-09-06T21:26:08.721+01:00 INFO : 1 points above threshold
2026-09-06T21:26:08.726+01:00 INFO : 80: generating IMRPhenomD from 30.0 Hz
2026-09-06T21:26:08.729+01:00 INFO : Decompressing waveform using inline_linear
2026-09-06T21:26:08.734+01:00 INFO : Filtering template 81/96 segment 1/5
2026-09-06T21:26:08.754+01:00 INFO : 1 points above threshold
2026-09-06T21:26:08.770+01:00 INFO : Filtering template 81/96 segment 2/5
2026-09-06T21:26:08.788+01:00 INFO : 2 points above threshold
2026-09-06T21:26:08.796+01:00 INFO : Filtering template 81/96 segment 3/5
2026-09-06T21:26:08.813+01:00 INFO : 1 points above threshold
2026-09-06T21:26:08.818+01:00 INFO : Filtering template 81/96 segment 4/5
2026-09-06T21:26:08.836+01:00 INFO : Filtering template 81/96 segment 5/5
2026-09-06T21:26:08.854+01:00 INFO : 1 points above threshold
2026-09-06T21:26:08.859+01:00 INFO : 81: generating IMRPhenomD from 30.0 Hz
2026-09-06T21:26:08.862+01:00 INFO : Decompressing waveform using inline_linear
2026-09-06T21:26:08.867+01:00 INFO : Filtering template 82/96 segment 1/5
2026-09-06T21:26:08.887+01:00 INFO : Filtering template 82/96 segment 2/5
2026-09-06T21:26:08.905+01:00 INFO : 2 points above threshold
2026-09-06T21:26:08.923+01:00 INFO : Filtering template 82/96 segment 3/5
2026-09-06T21:26:08.941+01:00 INFO : 1 points above threshold
2026-09-06T21:26:08.946+01:00 INFO : Filtering template 82/96 segment 4/5
2026-09-06T21:26:08.965+01:00 INFO : Filtering template 82/96 segment 5/5
2026-09-06T21:26:08.983+01:00 INFO : 82: generating IMRPhenomD from 30.0 Hz
2026-09-06T21:26:08.986+01:00 INFO : Decompressing waveform using inline_linear
2026-09-06T21:26:08.990+01:00 INFO : Filtering template 83/96 segment 1/5
2026-09-06T21:26:09.010+01:00 INFO : 1 points above threshold
2026-09-06T21:26:09.027+01:00 INFO : Filtering template 83/96 segment 2/5
2026-09-06T21:26:09.046+01:00 INFO : 2 points above threshold
2026-09-06T21:26:09.053+01:00 INFO : Filtering template 83/96 segment 3/5
2026-09-06T21:26:09.070+01:00 INFO : 2 points above threshold
2026-09-06T21:26:09.078+01:00 INFO : Filtering template 83/96 segment 4/5
2026-09-06T21:26:09.095+01:00 INFO : 3 points above threshold
2026-09-06T21:26:09.104+01:00 INFO : Filtering template 83/96 segment 5/5
2026-09-06T21:26:09.123+01:00 INFO : 3 points above threshold
2026-09-06T21:26:09.132+01:00 INFO : 83: generating IMRPhenomD from 30.0 Hz
2026-09-06T21:26:09.135+01:00 INFO : Decompressing waveform using inline_linear
2026-09-06T21:26:09.139+01:00 INFO : Filtering template 84/96 segment 1/5
2026-09-06T21:26:09.160+01:00 INFO : Filtering template 84/96 segment 2/5
2026-09-06T21:26:09.177+01:00 INFO : Filtering template 84/96 segment 3/5
2026-09-06T21:26:09.196+01:00 INFO : 1 points above threshold
2026-09-06T21:26:09.211+01:00 INFO : Filtering template 84/96 segment 4/5
2026-09-06T21:26:09.229+01:00 INFO : 3 points above threshold
2026-09-06T21:26:09.238+01:00 INFO : Filtering template 84/96 segment 5/5
2026-09-06T21:26:09.256+01:00 INFO : 84: generating IMRPhenomD from 30.0 Hz
2026-09-06T21:26:09.259+01:00 INFO : Decompressing waveform using inline_linear
2026-09-06T21:26:09.263+01:00 INFO : Filtering template 85/96 segment 1/5
2026-09-06T21:26:09.284+01:00 INFO : 1 points above threshold
2026-09-06T21:26:09.299+01:00 INFO : Filtering template 85/96 segment 2/5
2026-09-06T21:26:09.317+01:00 INFO : 2 points above threshold
2026-09-06T21:26:09.324+01:00 INFO : Filtering template 85/96 segment 3/5
2026-09-06T21:26:09.342+01:00 INFO : 1 points above threshold
2026-09-06T21:26:09.348+01:00 INFO : Filtering template 85/96 segment 4/5
2026-09-06T21:26:09.366+01:00 INFO : 3 points above threshold
2026-09-06T21:26:09.375+01:00 INFO : Filtering template 85/96 segment 5/5
2026-09-06T21:26:09.393+01:00 INFO : 2 points above threshold
2026-09-06T21:26:09.400+01:00 INFO : 85: generating IMRPhenomD from 30.0 Hz
2026-09-06T21:26:09.403+01:00 INFO : Decompressing waveform using inline_linear
2026-09-06T21:26:09.408+01:00 INFO : Filtering template 86/96 segment 1/5
2026-09-06T21:26:09.428+01:00 INFO : 2 points above threshold
2026-09-06T21:26:09.445+01:00 INFO : Filtering template 86/96 segment 2/5
2026-09-06T21:26:09.463+01:00 INFO : 2 points above threshold
2026-09-06T21:26:09.470+01:00 INFO : Filtering template 86/96 segment 3/5
2026-09-06T21:26:09.488+01:00 INFO : 1 points above threshold
2026-09-06T21:26:09.493+01:00 INFO : Filtering template 86/96 segment 4/5
2026-09-06T21:26:09.511+01:00 INFO : 1 points above threshold
2026-09-06T21:26:09.516+01:00 INFO : Filtering template 86/96 segment 5/5
2026-09-06T21:26:09.534+01:00 INFO : 2 points above threshold
2026-09-06T21:26:09.541+01:00 INFO : 86: generating IMRPhenomD from 30.0 Hz
2026-09-06T21:26:09.544+01:00 INFO : Decompressing waveform using inline_linear
2026-09-06T21:26:09.549+01:00 INFO : Filtering template 87/96 segment 1/5
2026-09-06T21:26:09.569+01:00 INFO : 1 points above threshold
2026-09-06T21:26:09.584+01:00 INFO : Filtering template 87/96 segment 2/5
2026-09-06T21:26:09.603+01:00 INFO : 2 points above threshold
2026-09-06T21:26:09.610+01:00 INFO : Filtering template 87/96 segment 3/5
2026-09-06T21:26:09.627+01:00 INFO : 1 points above threshold
2026-09-06T21:26:09.633+01:00 INFO : Filtering template 87/96 segment 4/5
2026-09-06T21:26:09.650+01:00 INFO : 1 points above threshold
2026-09-06T21:26:09.655+01:00 INFO : Filtering template 87/96 segment 5/5
2026-09-06T21:26:09.674+01:00 INFO : 1 points above threshold
2026-09-06T21:26:09.679+01:00 INFO : 87: generating IMRPhenomD from 30.0 Hz
2026-09-06T21:26:09.682+01:00 INFO : Decompressing waveform using inline_linear
2026-09-06T21:26:09.686+01:00 INFO : Filtering template 88/96 segment 1/5
2026-09-06T21:26:09.706+01:00 INFO : 2 points above threshold
2026-09-06T21:26:09.724+01:00 INFO : Filtering template 88/96 segment 2/5
2026-09-06T21:26:09.741+01:00 INFO : 1 points above threshold
2026-09-06T21:26:09.747+01:00 INFO : Filtering template 88/96 segment 3/5
2026-09-06T21:26:09.768+01:00 INFO : Filtering template 88/96 segment 4/5
2026-09-06T21:26:09.789+01:00 INFO : Filtering template 88/96 segment 5/5
2026-09-06T21:26:09.809+01:00 INFO : 2 points above threshold
2026-09-06T21:26:09.817+01:00 INFO : 88: generating IMRPhenomD from 30.0 Hz
2026-09-06T21:26:09.820+01:00 INFO : Decompressing waveform using inline_linear
2026-09-06T21:26:09.825+01:00 INFO : Filtering template 89/96 segment 1/5
2026-09-06T21:26:09.848+01:00 INFO : 2 points above threshold
2026-09-06T21:26:09.865+01:00 INFO : Filtering template 89/96 segment 2/5
2026-09-06T21:26:09.883+01:00 INFO : 1 points above threshold
2026-09-06T21:26:09.889+01:00 INFO : Filtering template 89/96 segment 3/5
2026-09-06T21:26:09.906+01:00 INFO : 2 points above threshold
2026-09-06T21:26:09.914+01:00 INFO : Filtering template 89/96 segment 4/5
2026-09-06T21:26:09.932+01:00 INFO : Filtering template 89/96 segment 5/5
2026-09-06T21:26:09.950+01:00 INFO : 89: generating IMRPhenomD from 30.0 Hz
2026-09-06T21:26:09.953+01:00 INFO : Decompressing waveform using inline_linear
2026-09-06T21:26:09.957+01:00 INFO : Filtering template 90/96 segment 1/5
2026-09-06T21:26:09.977+01:00 INFO : Filtering template 90/96 segment 2/5
2026-09-06T21:26:09.996+01:00 INFO : 1 points above threshold
2026-09-06T21:26:10.011+01:00 INFO : Filtering template 90/96 segment 3/5
2026-09-06T21:26:10.029+01:00 INFO : 3 points above threshold
2026-09-06T21:26:10.038+01:00 INFO : Filtering template 90/96 segment 4/5
2026-09-06T21:26:10.056+01:00 INFO : Filtering template 90/96 segment 5/5
2026-09-06T21:26:10.074+01:00 INFO : 1 points above threshold
2026-09-06T21:26:10.080+01:00 INFO : 90: generating IMRPhenomD from 30.0 Hz
2026-09-06T21:26:10.083+01:00 INFO : Decompressing waveform using inline_linear
2026-09-06T21:26:10.087+01:00 INFO : Filtering template 91/96 segment 1/5
2026-09-06T21:26:10.107+01:00 INFO : Filtering template 91/96 segment 2/5
2026-09-06T21:26:10.125+01:00 INFO : 2 points above threshold
2026-09-06T21:26:10.142+01:00 INFO : Filtering template 91/96 segment 3/5
2026-09-06T21:26:10.160+01:00 INFO : 3 points above threshold
2026-09-06T21:26:10.170+01:00 INFO : Filtering template 91/96 segment 4/5
2026-09-06T21:26:10.187+01:00 INFO : Filtering template 91/96 segment 5/5
2026-09-06T21:26:10.205+01:00 INFO : 1 points above threshold
2026-09-06T21:26:10.211+01:00 INFO : 91: generating IMRPhenomD from 30.0 Hz
2026-09-06T21:26:10.213+01:00 INFO : Decompressing waveform using inline_linear
2026-09-06T21:26:10.218+01:00 INFO : Filtering template 92/96 segment 1/5
2026-09-06T21:26:10.239+01:00 INFO : 2 points above threshold
2026-09-06T21:26:10.256+01:00 INFO : Filtering template 92/96 segment 2/5
2026-09-06T21:26:10.274+01:00 INFO : 1 points above threshold
2026-09-06T21:26:10.279+01:00 INFO : Filtering template 92/96 segment 3/5
2026-09-06T21:26:10.297+01:00 INFO : 2 points above threshold
2026-09-06T21:26:10.304+01:00 INFO : Filtering template 92/96 segment 4/5
2026-09-06T21:26:10.322+01:00 INFO : 1 points above threshold
2026-09-06T21:26:10.327+01:00 INFO : Filtering template 92/96 segment 5/5
2026-09-06T21:26:10.345+01:00 INFO : 1 points above threshold
2026-09-06T21:26:10.350+01:00 INFO : 92: generating IMRPhenomD from 30.0 Hz
2026-09-06T21:26:10.353+01:00 INFO : Decompressing waveform using inline_linear
2026-09-06T21:26:10.358+01:00 INFO : Filtering template 93/96 segment 1/5
2026-09-06T21:26:10.378+01:00 INFO : Filtering template 93/96 segment 2/5
2026-09-06T21:26:10.396+01:00 INFO : 3 points above threshold
2026-09-06T21:26:10.415+01:00 INFO : Filtering template 93/96 segment 3/5
2026-09-06T21:26:10.433+01:00 INFO : 3 points above threshold
2026-09-06T21:26:10.442+01:00 INFO : Filtering template 93/96 segment 4/5
2026-09-06T21:26:10.460+01:00 INFO : 1 points above threshold
2026-09-06T21:26:10.466+01:00 INFO : Filtering template 93/96 segment 5/5
2026-09-06T21:26:10.483+01:00 INFO : 1 points above threshold
2026-09-06T21:26:10.489+01:00 INFO : 93: generating IMRPhenomD from 30.0 Hz
2026-09-06T21:26:10.492+01:00 INFO : Decompressing waveform using inline_linear
2026-09-06T21:26:10.496+01:00 INFO : Filtering template 94/96 segment 1/5
2026-09-06T21:26:10.516+01:00 INFO : 1 points above threshold
2026-09-06T21:26:10.532+01:00 INFO : Filtering template 94/96 segment 2/5
2026-09-06T21:26:10.550+01:00 INFO : 2 points above threshold
2026-09-06T21:26:10.557+01:00 INFO : Filtering template 94/96 segment 3/5
2026-09-06T21:26:10.575+01:00 INFO : 4 points above threshold
2026-09-06T21:26:10.583+01:00 INFO : Filtering template 94/96 segment 4/5
2026-09-06T21:26:10.601+01:00 INFO : Filtering template 94/96 segment 5/5
2026-09-06T21:26:10.619+01:00 INFO : 2 points above threshold
2026-09-06T21:26:10.627+01:00 INFO : 94: generating IMRPhenomD from 30.0 Hz
2026-09-06T21:26:10.630+01:00 INFO : Decompressing waveform using inline_linear
2026-09-06T21:26:10.634+01:00 INFO : Filtering template 95/96 segment 1/5
2026-09-06T21:26:10.654+01:00 INFO : 3 points above threshold
2026-09-06T21:26:10.674+01:00 INFO : Filtering template 95/96 segment 2/5
2026-09-06T21:26:10.692+01:00 INFO : 2 points above threshold
2026-09-06T21:26:10.699+01:00 INFO : Filtering template 95/96 segment 3/5
2026-09-06T21:26:10.717+01:00 INFO : 2 points above threshold
2026-09-06T21:26:10.724+01:00 INFO : Filtering template 95/96 segment 4/5
2026-09-06T21:26:10.742+01:00 INFO : 1 points above threshold
2026-09-06T21:26:10.747+01:00 INFO : Filtering template 95/96 segment 5/5
2026-09-06T21:26:10.765+01:00 INFO : 95: generating IMRPhenomD from 30.0 Hz
2026-09-06T21:26:10.784+01:00 INFO : Decompressing waveform using inline_linear
2026-09-06T21:26:10.789+01:00 INFO : Filtering template 96/96 segment 1/5
2026-09-06T21:26:10.812+01:00 INFO : 2 points above threshold
2026-09-06T21:26:10.834+01:00 INFO : Filtering template 96/96 segment 2/5
2026-09-06T21:26:10.852+01:00 INFO : Filtering template 96/96 segment 3/5
2026-09-06T21:26:10.869+01:00 INFO : Filtering template 96/96 segment 4/5
2026-09-06T21:26:10.888+01:00 INFO : 1 points above threshold
2026-09-06T21:26:10.893+01:00 INFO : Filtering template 96/96 segment 5/5
2026-09-06T21:26:10.911+01:00 INFO : We currently have 527 triggers
2026-09-06T21:26:10.911+01:00 INFO : Removing triggers with NewSNR below threshold
2026-09-06T21:26:10.911+01:00 INFO : 475 remaining triggers
2026-09-06T21:26:10.911+01:00 INFO : Outputting 475 triggers
2026-09-06T21:26:10.911+01:00 INFO : Writing out triggers
2026-09-06T21:26:10.922+01:00 INFO : Finished
[ perf record: Woken up 415 times to write data ]
[ perf record: Captured and wrote 103.625 MB /home/xangma/pycbc-torch-inspiral-reference-20260906/runs/profile-optimized6-cpu-l512-perf/perf.data (6372 samples) ]
