2026-09-06T19:27:36.079+01:00 INFO : Running with CPU support: 1 threads
2026-09-06T19:27:36.080+01:00 INFO : Reading Frames
2026-09-06T19:27:42.759+01:00 INFO : Highpass Filtering
2026-09-06T19:27:43.211+01:00 INFO : Resampling data
2026-09-06T19:27:43.223+01:00 INFO : Converting to float32
/home/xangma/pycbc-torch-inspiral-reference-20260906/source-v4/pycbc/types/array.py:872: RuntimeWarning: divide by zero encountered in divide
  return self._data.__rtruediv__(other)
2026-09-06T19:27:48.306+01:00 INFO : Highpass Filtering
2026-09-06T19:27:48.749+01:00 INFO : Remove Padding
2026-09-06T19:27:48.797+01:00 INFO : Making frequency-domain data segments
2026-09-06T19:27:51.340+01:00 INFO : Overwhitening frequency-domain data segments
2026-09-06T19:27:51.360+01:00 INFO : Read in template bank
2026-09-06T19:27:51.371+01:00 INFO : Full template bank size: 96
2026-09-06T19:27:51.372+01:00 INFO : Template bank size after thinning: 96
2026-09-06T19:27:51.372+01:00 INFO : 0: generating IMRPhenomD from 30.0 Hz
2026-09-06T19:27:51.375+01:00 INFO : Decompressing waveform using inline_linear
2026-09-06T19:27:51.381+01:00 INFO : Filtering template 1/96 segment 1/5
2026-09-06T19:27:51.427+01:00 INFO : 1 points above threshold
2026-09-06T19:27:51.450+01:00 INFO : Filtering template 1/96 segment 2/5
2026-09-06T19:27:51.468+01:00 INFO : Filtering template 1/96 segment 3/5
2026-09-06T19:27:51.486+01:00 INFO : 1 points above threshold
2026-09-06T19:27:51.491+01:00 INFO : Filtering template 1/96 segment 4/5
2026-09-06T19:27:51.509+01:00 INFO : Filtering template 1/96 segment 5/5
2026-09-06T19:27:51.526+01:00 INFO : 1 points above threshold
2026-09-06T19:27:51.532+01:00 INFO : 1: generating IMRPhenomD from 30.0 Hz
2026-09-06T19:27:51.535+01:00 INFO : Decompressing waveform using inline_linear
2026-09-06T19:27:51.540+01:00 INFO : Filtering template 2/96 segment 1/5
2026-09-06T19:27:51.560+01:00 INFO : 1 points above threshold
2026-09-06T19:27:51.575+01:00 INFO : Filtering template 2/96 segment 2/5
2026-09-06T19:27:51.593+01:00 INFO : 1 points above threshold
2026-09-06T19:27:51.598+01:00 INFO : Filtering template 2/96 segment 3/5
2026-09-06T19:27:51.615+01:00 INFO : 2 points above threshold
2026-09-06T19:27:51.622+01:00 INFO : Filtering template 2/96 segment 4/5
2026-09-06T19:27:51.640+01:00 INFO : Filtering template 2/96 segment 5/5
2026-09-06T19:27:51.658+01:00 INFO : 1 points above threshold
2026-09-06T19:27:51.663+01:00 INFO : 2: generating IMRPhenomD from 30.0 Hz
2026-09-06T19:27:51.666+01:00 INFO : Decompressing waveform using inline_linear
2026-09-06T19:27:51.671+01:00 INFO : Filtering template 3/96 segment 1/5
2026-09-06T19:27:51.691+01:00 INFO : 3 points above threshold
2026-09-06T19:27:51.711+01:00 INFO : Filtering template 3/96 segment 2/5
2026-09-06T19:27:51.728+01:00 INFO : Filtering template 3/96 segment 3/5
2026-09-06T19:27:51.746+01:00 INFO : 1 points above threshold
2026-09-06T19:27:51.751+01:00 INFO : Filtering template 3/96 segment 4/5
2026-09-06T19:27:51.769+01:00 INFO : 1 points above threshold
2026-09-06T19:27:51.774+01:00 INFO : Filtering template 3/96 segment 5/5
2026-09-06T19:27:51.792+01:00 INFO : 3: generating IMRPhenomD from 30.0 Hz
2026-09-06T19:27:51.795+01:00 INFO : Decompressing waveform using inline_linear
2026-09-06T19:27:51.800+01:00 INFO : Filtering template 4/96 segment 1/5
2026-09-06T19:27:51.820+01:00 INFO : 1 points above threshold
2026-09-06T19:27:51.834+01:00 INFO : Filtering template 4/96 segment 2/5
2026-09-06T19:27:51.852+01:00 INFO : 1 points above threshold
2026-09-06T19:27:51.857+01:00 INFO : Filtering template 4/96 segment 3/5
2026-09-06T19:27:51.875+01:00 INFO : 2 points above threshold
2026-09-06T19:27:51.882+01:00 INFO : Filtering template 4/96 segment 4/5
2026-09-06T19:27:51.900+01:00 INFO : 2 points above threshold
2026-09-06T19:27:51.907+01:00 INFO : Filtering template 4/96 segment 5/5
2026-09-06T19:27:51.924+01:00 INFO : 2 points above threshold
2026-09-06T19:27:51.932+01:00 INFO : 4: generating IMRPhenomD from 30.0 Hz
2026-09-06T19:27:51.935+01:00 INFO : Decompressing waveform using inline_linear
2026-09-06T19:27:51.939+01:00 INFO : Filtering template 5/96 segment 1/5
2026-09-06T19:27:51.959+01:00 INFO : 1 points above threshold
2026-09-06T19:27:51.973+01:00 INFO : Filtering template 5/96 segment 2/5
2026-09-06T19:27:51.990+01:00 INFO : 2 points above threshold
2026-09-06T19:27:51.997+01:00 INFO : Filtering template 5/96 segment 3/5
2026-09-06T19:27:52.015+01:00 INFO : 2 points above threshold
2026-09-06T19:27:52.022+01:00 INFO : Filtering template 5/96 segment 4/5
2026-09-06T19:27:52.039+01:00 INFO : 2 points above threshold
2026-09-06T19:27:52.046+01:00 INFO : Filtering template 5/96 segment 5/5
2026-09-06T19:27:52.064+01:00 INFO : 5: generating IMRPhenomD from 30.0 Hz
2026-09-06T19:27:52.067+01:00 INFO : Decompressing waveform using inline_linear
2026-09-06T19:27:52.072+01:00 INFO : Filtering template 6/96 segment 1/5
2026-09-06T19:27:52.092+01:00 INFO : 1 points above threshold
2026-09-06T19:27:52.105+01:00 INFO : Filtering template 6/96 segment 2/5
2026-09-06T19:27:52.123+01:00 INFO : Filtering template 6/96 segment 3/5
2026-09-06T19:27:52.141+01:00 INFO : Filtering template 6/96 segment 4/5
2026-09-06T19:27:52.158+01:00 INFO : Filtering template 6/96 segment 5/5
2026-09-06T19:27:52.176+01:00 INFO : 1 points above threshold
2026-09-06T19:27:52.181+01:00 INFO : 6: generating IMRPhenomD from 30.0 Hz
2026-09-06T19:27:52.184+01:00 INFO : Decompressing waveform using inline_linear
2026-09-06T19:27:52.189+01:00 INFO : Filtering template 7/96 segment 1/5
2026-09-06T19:27:52.209+01:00 INFO : 2 points above threshold
2026-09-06T19:27:52.225+01:00 INFO : Filtering template 7/96 segment 2/5
2026-09-06T19:27:52.243+01:00 INFO : Filtering template 7/96 segment 3/5
2026-09-06T19:27:52.261+01:00 INFO : Filtering template 7/96 segment 4/5
2026-09-06T19:27:52.278+01:00 INFO : 1 points above threshold
2026-09-06T19:27:52.283+01:00 INFO : Filtering template 7/96 segment 5/5
2026-09-06T19:27:52.301+01:00 INFO : 7: generating IMRPhenomD from 30.0 Hz
2026-09-06T19:27:52.304+01:00 INFO : Decompressing waveform using inline_linear
2026-09-06T19:27:52.309+01:00 INFO : Filtering template 8/96 segment 1/5
2026-09-06T19:27:52.329+01:00 INFO : 2 points above threshold
2026-09-06T19:27:52.346+01:00 INFO : Filtering template 8/96 segment 2/5
2026-09-06T19:27:52.364+01:00 INFO : 1 points above threshold
2026-09-06T19:27:52.369+01:00 INFO : Filtering template 8/96 segment 3/5
2026-09-06T19:27:52.386+01:00 INFO : 4 points above threshold
2026-09-06T19:27:52.395+01:00 INFO : Filtering template 8/96 segment 4/5
2026-09-06T19:27:52.413+01:00 INFO : Filtering template 8/96 segment 5/5
2026-09-06T19:27:52.430+01:00 INFO : 8: generating IMRPhenomD from 30.0 Hz
2026-09-06T19:27:52.433+01:00 INFO : Decompressing waveform using inline_linear
2026-09-06T19:27:52.438+01:00 INFO : Filtering template 9/96 segment 1/5
2026-09-06T19:27:52.458+01:00 INFO : Filtering template 9/96 segment 2/5
2026-09-06T19:27:52.476+01:00 INFO : 1 points above threshold
2026-09-06T19:27:52.491+01:00 INFO : Filtering template 9/96 segment 3/5
2026-09-06T19:27:52.509+01:00 INFO : 2 points above threshold
2026-09-06T19:27:52.516+01:00 INFO : Filtering template 9/96 segment 4/5
2026-09-06T19:27:52.533+01:00 INFO : 1 points above threshold
2026-09-06T19:27:52.539+01:00 INFO : Filtering template 9/96 segment 5/5
2026-09-06T19:27:52.556+01:00 INFO : 3 points above threshold
2026-09-06T19:27:52.566+01:00 INFO : 9: generating IMRPhenomD from 30.0 Hz
2026-09-06T19:27:52.568+01:00 INFO : Decompressing waveform using inline_linear
2026-09-06T19:27:52.573+01:00 INFO : Filtering template 10/96 segment 1/5
2026-09-06T19:27:52.593+01:00 INFO : 1 points above threshold
2026-09-06T19:27:52.609+01:00 INFO : Filtering template 10/96 segment 2/5
2026-09-06T19:27:52.626+01:00 INFO : 1 points above threshold
2026-09-06T19:27:52.631+01:00 INFO : Filtering template 10/96 segment 3/5
2026-09-06T19:27:52.649+01:00 INFO : Filtering template 10/96 segment 4/5
2026-09-06T19:27:52.667+01:00 INFO : 2 points above threshold
2026-09-06T19:27:52.674+01:00 INFO : Filtering template 10/96 segment 5/5
2026-09-06T19:27:52.691+01:00 INFO : 1 points above threshold
2026-09-06T19:27:52.697+01:00 INFO : 10: generating IMRPhenomD from 30.0 Hz
2026-09-06T19:27:52.699+01:00 INFO : Decompressing waveform using inline_linear
2026-09-06T19:27:52.704+01:00 INFO : Filtering template 11/96 segment 1/5
2026-09-06T19:27:52.724+01:00 INFO : 4 points above threshold
2026-09-06T19:27:52.743+01:00 INFO : Filtering template 11/96 segment 2/5
2026-09-06T19:27:52.761+01:00 INFO : 2 points above threshold
2026-09-06T19:27:52.768+01:00 INFO : Filtering template 11/96 segment 3/5
2026-09-06T19:27:52.785+01:00 INFO : 1 points above threshold
2026-09-06T19:27:52.793+01:00 INFO : Filtering template 11/96 segment 4/5
2026-09-06T19:27:52.811+01:00 INFO : Filtering template 11/96 segment 5/5
2026-09-06T19:27:52.829+01:00 INFO : 11: generating IMRPhenomD from 30.0 Hz
2026-09-06T19:27:52.832+01:00 INFO : Decompressing waveform using inline_linear
2026-09-06T19:27:52.837+01:00 INFO : Filtering template 12/96 segment 1/5
2026-09-06T19:27:52.856+01:00 INFO : 1 points above threshold
2026-09-06T19:27:52.872+01:00 INFO : Filtering template 12/96 segment 2/5
2026-09-06T19:27:52.890+01:00 INFO : 1 points above threshold
2026-09-06T19:27:52.895+01:00 INFO : Filtering template 12/96 segment 3/5
2026-09-06T19:27:52.912+01:00 INFO : 1 points above threshold
2026-09-06T19:27:52.918+01:00 INFO : Filtering template 12/96 segment 4/5
2026-09-06T19:27:52.935+01:00 INFO : 3 points above threshold
2026-09-06T19:27:52.944+01:00 INFO : Filtering template 12/96 segment 5/5
2026-09-06T19:27:52.963+01:00 INFO : 12: generating IMRPhenomD from 30.0 Hz
2026-09-06T19:27:52.966+01:00 INFO : Decompressing waveform using inline_linear
2026-09-06T19:27:52.970+01:00 INFO : Filtering template 13/96 segment 1/5
2026-09-06T19:27:52.990+01:00 INFO : Filtering template 13/96 segment 2/5
2026-09-06T19:27:53.008+01:00 INFO : 4 points above threshold
2026-09-06T19:27:53.026+01:00 INFO : Filtering template 13/96 segment 3/5
2026-09-06T19:27:53.044+01:00 INFO : Filtering template 13/96 segment 4/5
2026-09-06T19:27:53.062+01:00 INFO : Filtering template 13/96 segment 5/5
2026-09-06T19:27:53.080+01:00 INFO : 1 points above threshold
2026-09-06T19:27:53.085+01:00 INFO : 13: generating IMRPhenomD from 30.0 Hz
2026-09-06T19:27:53.088+01:00 INFO : Decompressing waveform using inline_linear
2026-09-06T19:27:53.093+01:00 INFO : Filtering template 14/96 segment 1/5
2026-09-06T19:27:53.113+01:00 INFO : 1 points above threshold
2026-09-06T19:27:53.128+01:00 INFO : Filtering template 14/96 segment 2/5
2026-09-06T19:27:53.145+01:00 INFO : 2 points above threshold
2026-09-06T19:27:53.152+01:00 INFO : Filtering template 14/96 segment 3/5
2026-09-06T19:27:53.170+01:00 INFO : 3 points above threshold
2026-09-06T19:27:53.179+01:00 INFO : Filtering template 14/96 segment 4/5
2026-09-06T19:27:53.197+01:00 INFO : 2 points above threshold
2026-09-06T19:27:53.204+01:00 INFO : Filtering template 14/96 segment 5/5
2026-09-06T19:27:53.221+01:00 INFO : 14: generating IMRPhenomD from 30.0 Hz
2026-09-06T19:27:53.224+01:00 INFO : Decompressing waveform using inline_linear
2026-09-06T19:27:53.229+01:00 INFO : Filtering template 15/96 segment 1/5
2026-09-06T19:27:53.249+01:00 INFO : 1 points above threshold
2026-09-06T19:27:53.264+01:00 INFO : Filtering template 15/96 segment 2/5
2026-09-06T19:27:53.282+01:00 INFO : Filtering template 15/96 segment 3/5
2026-09-06T19:27:53.300+01:00 INFO : 1 points above threshold
2026-09-06T19:27:53.305+01:00 INFO : Filtering template 15/96 segment 4/5
2026-09-06T19:27:53.323+01:00 INFO : 1 points above threshold
2026-09-06T19:27:53.328+01:00 INFO : Filtering template 15/96 segment 5/5
2026-09-06T19:27:53.345+01:00 INFO : 3 points above threshold
2026-09-06T19:27:53.355+01:00 INFO : 15: generating IMRPhenomD from 30.0 Hz
2026-09-06T19:27:53.358+01:00 INFO : Decompressing waveform using inline_linear
2026-09-06T19:27:53.362+01:00 INFO : Filtering template 16/96 segment 1/5
2026-09-06T19:27:53.382+01:00 INFO : 1 points above threshold
2026-09-06T19:27:53.398+01:00 INFO : Filtering template 16/96 segment 2/5
2026-09-06T19:27:53.415+01:00 INFO : 2 points above threshold
2026-09-06T19:27:53.422+01:00 INFO : Filtering template 16/96 segment 3/5
2026-09-06T19:27:53.440+01:00 INFO : 3 points above threshold
2026-09-06T19:27:53.449+01:00 INFO : Filtering template 16/96 segment 4/5
2026-09-06T19:27:53.466+01:00 INFO : 2 points above threshold
2026-09-06T19:27:53.473+01:00 INFO : Filtering template 16/96 segment 5/5
2026-09-06T19:27:53.491+01:00 INFO : 16: generating IMRPhenomD from 30.0 Hz
2026-09-06T19:27:53.494+01:00 INFO : Decompressing waveform using inline_linear
2026-09-06T19:27:53.499+01:00 INFO : Filtering template 17/96 segment 1/5
2026-09-06T19:27:53.519+01:00 INFO : 2 points above threshold
2026-09-06T19:27:53.536+01:00 INFO : Filtering template 17/96 segment 2/5
2026-09-06T19:27:53.553+01:00 INFO : 3 points above threshold
2026-09-06T19:27:53.563+01:00 INFO : Filtering template 17/96 segment 3/5
2026-09-06T19:27:53.580+01:00 INFO : Filtering template 17/96 segment 4/5
2026-09-06T19:27:53.598+01:00 INFO : 2 points above threshold
2026-09-06T19:27:53.605+01:00 INFO : Filtering template 17/96 segment 5/5
2026-09-06T19:27:53.623+01:00 INFO : 3 points above threshold
2026-09-06T19:27:53.632+01:00 INFO : 17: generating IMRPhenomD from 30.0 Hz
2026-09-06T19:27:53.635+01:00 INFO : Decompressing waveform using inline_linear
2026-09-06T19:27:53.640+01:00 INFO : Filtering template 18/96 segment 1/5
2026-09-06T19:27:53.660+01:00 INFO : Filtering template 18/96 segment 2/5
2026-09-06T19:27:53.677+01:00 INFO : Filtering template 18/96 segment 3/5
2026-09-06T19:27:53.695+01:00 INFO : 1 points above threshold
2026-09-06T19:27:53.710+01:00 INFO : Filtering template 18/96 segment 4/5
2026-09-06T19:27:53.728+01:00 INFO : Filtering template 18/96 segment 5/5
2026-09-06T19:27:53.745+01:00 INFO : 2 points above threshold
2026-09-06T19:27:53.753+01:00 INFO : 18: generating IMRPhenomD from 30.0 Hz
2026-09-06T19:27:53.755+01:00 INFO : Decompressing waveform using inline_linear
2026-09-06T19:27:53.760+01:00 INFO : Filtering template 19/96 segment 1/5
2026-09-06T19:27:53.780+01:00 INFO : 3 points above threshold
2026-09-06T19:27:53.799+01:00 INFO : Filtering template 19/96 segment 2/5
2026-09-06T19:27:53.817+01:00 INFO : 1 points above threshold
2026-09-06T19:27:53.822+01:00 INFO : Filtering template 19/96 segment 3/5
2026-09-06T19:27:53.840+01:00 INFO : 1 points above threshold
2026-09-06T19:27:53.845+01:00 INFO : Filtering template 19/96 segment 4/5
2026-09-06T19:27:53.863+01:00 INFO : 3 points above threshold
2026-09-06T19:27:53.872+01:00 INFO : Filtering template 19/96 segment 5/5
2026-09-06T19:27:53.890+01:00 INFO : 1 points above threshold
2026-09-06T19:27:53.895+01:00 INFO : 19: generating IMRPhenomD from 30.0 Hz
2026-09-06T19:27:53.898+01:00 INFO : Decompressing waveform using inline_linear
2026-09-06T19:27:53.903+01:00 INFO : Filtering template 20/96 segment 1/5
2026-09-06T19:27:53.923+01:00 INFO : 1 points above threshold
2026-09-06T19:27:53.938+01:00 INFO : Filtering template 20/96 segment 2/5
2026-09-06T19:27:53.956+01:00 INFO : 3 points above threshold
2026-09-06T19:27:53.965+01:00 INFO : Filtering template 20/96 segment 3/5
2026-09-06T19:27:53.983+01:00 INFO : Filtering template 20/96 segment 4/5
2026-09-06T19:27:54.000+01:00 INFO : 2 points above threshold
2026-09-06T19:27:54.007+01:00 INFO : Filtering template 20/96 segment 5/5
2026-09-06T19:27:54.025+01:00 INFO : 20: generating IMRPhenomD from 30.0 Hz
2026-09-06T19:27:54.028+01:00 INFO : Decompressing waveform using inline_linear
2026-09-06T19:27:54.033+01:00 INFO : Filtering template 21/96 segment 1/5
2026-09-06T19:27:54.053+01:00 INFO : 1 points above threshold
2026-09-06T19:27:54.068+01:00 INFO : Filtering template 21/96 segment 2/5
2026-09-06T19:27:54.085+01:00 INFO : 1 points above threshold
2026-09-06T19:27:54.090+01:00 INFO : Filtering template 21/96 segment 3/5
2026-09-06T19:27:54.108+01:00 INFO : 1 points above threshold
2026-09-06T19:27:54.113+01:00 INFO : Filtering template 21/96 segment 4/5
2026-09-06T19:27:54.131+01:00 INFO : Filtering template 21/96 segment 5/5
2026-09-06T19:27:54.148+01:00 INFO : 21: generating IMRPhenomD from 30.0 Hz
2026-09-06T19:27:54.151+01:00 INFO : Decompressing waveform using inline_linear
2026-09-06T19:27:54.156+01:00 INFO : Filtering template 22/96 segment 1/5
2026-09-06T19:27:54.176+01:00 INFO : 5 points above threshold
2026-09-06T19:27:54.198+01:00 INFO : Filtering template 22/96 segment 2/5
2026-09-06T19:27:54.216+01:00 INFO : Filtering template 22/96 segment 3/5
2026-09-06T19:27:54.233+01:00 INFO : Filtering template 22/96 segment 4/5
2026-09-06T19:27:54.251+01:00 INFO : 1 points above threshold
2026-09-06T19:27:54.256+01:00 INFO : Filtering template 22/96 segment 5/5
2026-09-06T19:27:54.274+01:00 INFO : 1 points above threshold
2026-09-06T19:27:54.279+01:00 INFO : 22: generating IMRPhenomD from 30.0 Hz
2026-09-06T19:27:54.282+01:00 INFO : Decompressing waveform using inline_linear
2026-09-06T19:27:54.286+01:00 INFO : Filtering template 23/96 segment 1/5
2026-09-06T19:27:54.306+01:00 INFO : 2 points above threshold
2026-09-06T19:27:54.323+01:00 INFO : Filtering template 23/96 segment 2/5
2026-09-06T19:27:54.341+01:00 INFO : 1 points above threshold
2026-09-06T19:27:54.346+01:00 INFO : Filtering template 23/96 segment 3/5
2026-09-06T19:27:54.364+01:00 INFO : 1 points above threshold
2026-09-06T19:27:54.369+01:00 INFO : Filtering template 23/96 segment 4/5
2026-09-06T19:27:54.386+01:00 INFO : Filtering template 23/96 segment 5/5
2026-09-06T19:27:54.404+01:00 INFO : 23: generating IMRPhenomD from 30.0 Hz
2026-09-06T19:27:54.407+01:00 INFO : Decompressing waveform using inline_linear
2026-09-06T19:27:54.412+01:00 INFO : Filtering template 24/96 segment 1/5
2026-09-06T19:27:54.432+01:00 INFO : 1 points above threshold
2026-09-06T19:27:54.448+01:00 INFO : Filtering template 24/96 segment 2/5
2026-09-06T19:27:54.467+01:00 INFO : 2 points above threshold
2026-09-06T19:27:54.474+01:00 INFO : Filtering template 24/96 segment 3/5
2026-09-06T19:27:54.493+01:00 INFO : 1 points above threshold
2026-09-06T19:27:54.498+01:00 INFO : Filtering template 24/96 segment 4/5
2026-09-06T19:27:54.517+01:00 INFO : Filtering template 24/96 segment 5/5
2026-09-06T19:27:54.536+01:00 INFO : 2 points above threshold
2026-09-06T19:27:54.543+01:00 INFO : 24: generating IMRPhenomD from 30.0 Hz
2026-09-06T19:27:54.547+01:00 INFO : Decompressing waveform using inline_linear
2026-09-06T19:27:54.552+01:00 INFO : Filtering template 25/96 segment 1/5
2026-09-06T19:27:54.572+01:00 INFO : 2 points above threshold
2026-09-06T19:27:54.590+01:00 INFO : Filtering template 25/96 segment 2/5
2026-09-06T19:27:54.607+01:00 INFO : Filtering template 25/96 segment 3/5
2026-09-06T19:27:54.625+01:00 INFO : Filtering template 25/96 segment 4/5
2026-09-06T19:27:54.642+01:00 INFO : Filtering template 25/96 segment 5/5
2026-09-06T19:27:54.660+01:00 INFO : 25: generating IMRPhenomD from 30.0 Hz
2026-09-06T19:27:54.663+01:00 INFO : Decompressing waveform using inline_linear
2026-09-06T19:27:54.668+01:00 INFO : Filtering template 26/96 segment 1/5
2026-09-06T19:27:54.688+01:00 INFO : Filtering template 26/96 segment 2/5
2026-09-06T19:27:54.706+01:00 INFO : 2 points above threshold
2026-09-06T19:27:54.724+01:00 INFO : Filtering template 26/96 segment 3/5
2026-09-06T19:27:54.742+01:00 INFO : Filtering template 26/96 segment 4/5
2026-09-06T19:27:54.759+01:00 INFO : 2 points above threshold
2026-09-06T19:27:54.766+01:00 INFO : Filtering template 26/96 segment 5/5
2026-09-06T19:27:54.784+01:00 INFO : 2 points above threshold
2026-09-06T19:27:54.791+01:00 INFO : 26: generating IMRPhenomD from 30.0 Hz
2026-09-06T19:27:54.794+01:00 INFO : Decompressing waveform using inline_linear
2026-09-06T19:27:54.799+01:00 INFO : Filtering template 27/96 segment 1/5
2026-09-06T19:27:54.819+01:00 INFO : 3 points above threshold
2026-09-06T19:27:54.839+01:00 INFO : Filtering template 27/96 segment 2/5
2026-09-06T19:27:54.857+01:00 INFO : Filtering template 27/96 segment 3/5
2026-09-06T19:27:54.874+01:00 INFO : 1 points above threshold
2026-09-06T19:27:54.879+01:00 INFO : Filtering template 27/96 segment 4/5
2026-09-06T19:27:54.897+01:00 INFO : Filtering template 27/96 segment 5/5
2026-09-06T19:27:54.915+01:00 INFO : 27: generating IMRPhenomD from 30.0 Hz
2026-09-06T19:27:54.918+01:00 INFO : Decompressing waveform using inline_linear
2026-09-06T19:27:54.923+01:00 INFO : Filtering template 28/96 segment 1/5
2026-09-06T19:27:54.942+01:00 INFO : 3 points above threshold
2026-09-06T19:27:54.963+01:00 INFO : Filtering template 28/96 segment 2/5
2026-09-06T19:27:54.981+01:00 INFO : 1 points above threshold
2026-09-06T19:27:54.986+01:00 INFO : Filtering template 28/96 segment 3/5
2026-09-06T19:27:55.004+01:00 INFO : 2 points above threshold
2026-09-06T19:27:55.011+01:00 INFO : Filtering template 28/96 segment 4/5
2026-09-06T19:27:55.028+01:00 INFO : 1 points above threshold
2026-09-06T19:27:55.033+01:00 INFO : Filtering template 28/96 segment 5/5
2026-09-06T19:27:55.051+01:00 INFO : 28: generating IMRPhenomD from 30.0 Hz
2026-09-06T19:27:55.054+01:00 INFO : Decompressing waveform using inline_linear
2026-09-06T19:27:55.059+01:00 INFO : Filtering template 29/96 segment 1/5
2026-09-06T19:27:55.078+01:00 INFO : 2 points above threshold
2026-09-06T19:27:55.095+01:00 INFO : Filtering template 29/96 segment 2/5
2026-09-06T19:27:55.113+01:00 INFO : 2 points above threshold
2026-09-06T19:27:55.120+01:00 INFO : Filtering template 29/96 segment 3/5
2026-09-06T19:27:55.137+01:00 INFO : 1 points above threshold
2026-09-06T19:27:55.143+01:00 INFO : Filtering template 29/96 segment 4/5
2026-09-06T19:27:55.160+01:00 INFO : 2 points above threshold
2026-09-06T19:27:55.167+01:00 INFO : Filtering template 29/96 segment 5/5
2026-09-06T19:27:55.185+01:00 INFO : 2 points above threshold
2026-09-06T19:27:55.192+01:00 INFO : 29: generating IMRPhenomD from 30.0 Hz
2026-09-06T19:27:55.195+01:00 INFO : Decompressing waveform using inline_linear
2026-09-06T19:27:55.199+01:00 INFO : Filtering template 30/96 segment 1/5
2026-09-06T19:27:55.219+01:00 INFO : 1 points above threshold
2026-09-06T19:27:55.234+01:00 INFO : Filtering template 30/96 segment 2/5
2026-09-06T19:27:55.252+01:00 INFO : 1 points above threshold
2026-09-06T19:27:55.257+01:00 INFO : Filtering template 30/96 segment 3/5
2026-09-06T19:27:55.275+01:00 INFO : 1 points above threshold
2026-09-06T19:27:55.280+01:00 INFO : Filtering template 30/96 segment 4/5
2026-09-06T19:27:55.298+01:00 INFO : Filtering template 30/96 segment 5/5
2026-09-06T19:27:55.315+01:00 INFO : 30: generating IMRPhenomD from 30.0 Hz
2026-09-06T19:27:55.318+01:00 INFO : Decompressing waveform using inline_linear
2026-09-06T19:27:55.323+01:00 INFO : Filtering template 31/96 segment 1/5
2026-09-06T19:27:55.343+01:00 INFO : Filtering template 31/96 segment 2/5
2026-09-06T19:27:55.361+01:00 INFO : 1 points above threshold
2026-09-06T19:27:55.379+01:00 INFO : Filtering template 31/96 segment 3/5
2026-09-06T19:27:55.397+01:00 INFO : Filtering template 31/96 segment 4/5
2026-09-06T19:27:55.414+01:00 INFO : 1 points above threshold
2026-09-06T19:27:55.419+01:00 INFO : Filtering template 31/96 segment 5/5
2026-09-06T19:27:55.437+01:00 INFO : 1 points above threshold
2026-09-06T19:27:55.442+01:00 INFO : 31: generating IMRPhenomD from 30.0 Hz
2026-09-06T19:27:55.445+01:00 INFO : Decompressing waveform using inline_linear
2026-09-06T19:27:55.450+01:00 INFO : Filtering template 32/96 segment 1/5
2026-09-06T19:27:55.470+01:00 INFO : Filtering template 32/96 segment 2/5
2026-09-06T19:27:55.487+01:00 INFO : Filtering template 32/96 segment 3/5
2026-09-06T19:27:55.505+01:00 INFO : Filtering template 32/96 segment 4/5
2026-09-06T19:27:55.523+01:00 INFO : 3 points above threshold
2026-09-06T19:27:55.542+01:00 INFO : Filtering template 32/96 segment 5/5
2026-09-06T19:27:55.560+01:00 INFO : 2 points above threshold
2026-09-06T19:27:55.567+01:00 INFO : 32: generating IMRPhenomD from 30.0 Hz
2026-09-06T19:27:55.580+01:00 INFO : Decompressing waveform using inline_linear
2026-09-06T19:27:55.585+01:00 INFO : Filtering template 33/96 segment 1/5
2026-09-06T19:27:55.608+01:00 INFO : 2 points above threshold
2026-09-06T19:27:55.629+01:00 INFO : Filtering template 33/96 segment 2/5
2026-09-06T19:27:55.647+01:00 INFO : Filtering template 33/96 segment 3/5
2026-09-06T19:27:55.665+01:00 INFO : Filtering template 33/96 segment 4/5
2026-09-06T19:27:55.682+01:00 INFO : 1 points above threshold
2026-09-06T19:27:55.687+01:00 INFO : Filtering template 33/96 segment 5/5
2026-09-06T19:27:55.705+01:00 INFO : 33: generating IMRPhenomD from 30.0 Hz
2026-09-06T19:27:55.708+01:00 INFO : Decompressing waveform using inline_linear
2026-09-06T19:27:55.713+01:00 INFO : Filtering template 34/96 segment 1/5
2026-09-06T19:27:55.733+01:00 INFO : Filtering template 34/96 segment 2/5
2026-09-06T19:27:55.750+01:00 INFO : 1 points above threshold
2026-09-06T19:27:55.765+01:00 INFO : Filtering template 34/96 segment 3/5
2026-09-06T19:27:55.783+01:00 INFO : 1 points above threshold
2026-09-06T19:27:55.788+01:00 INFO : Filtering template 34/96 segment 4/5
2026-09-06T19:27:55.806+01:00 INFO : Filtering template 34/96 segment 5/5
2026-09-06T19:27:55.823+01:00 INFO : 1 points above threshold
2026-09-06T19:27:55.828+01:00 INFO : 34: generating IMRPhenomD from 30.0 Hz
2026-09-06T19:27:55.831+01:00 INFO : Decompressing waveform using inline_linear
2026-09-06T19:27:55.836+01:00 INFO : Filtering template 35/96 segment 1/5
2026-09-06T19:27:55.856+01:00 INFO : 1 points above threshold
2026-09-06T19:27:55.871+01:00 INFO : Filtering template 35/96 segment 2/5
2026-09-06T19:27:55.889+01:00 INFO : 1 points above threshold
2026-09-06T19:27:55.894+01:00 INFO : Filtering template 35/96 segment 3/5
2026-09-06T19:27:55.912+01:00 INFO : 1 points above threshold
2026-09-06T19:27:55.917+01:00 INFO : Filtering template 35/96 segment 4/5
2026-09-06T19:27:55.935+01:00 INFO : Filtering template 35/96 segment 5/5
2026-09-06T19:27:55.953+01:00 INFO : 35: generating IMRPhenomD from 30.0 Hz
2026-09-06T19:27:55.955+01:00 INFO : Decompressing waveform using inline_linear
2026-09-06T19:27:55.960+01:00 INFO : Filtering template 36/96 segment 1/5
2026-09-06T19:27:55.980+01:00 INFO : 3 points above threshold
2026-09-06T19:27:55.999+01:00 INFO : Filtering template 36/96 segment 2/5
2026-09-06T19:27:56.017+01:00 INFO : 1 points above threshold
2026-09-06T19:27:56.022+01:00 INFO : Filtering template 36/96 segment 3/5
2026-09-06T19:27:56.039+01:00 INFO : 2 points above threshold
2026-09-06T19:27:56.046+01:00 INFO : Filtering template 36/96 segment 4/5
2026-09-06T19:27:56.064+01:00 INFO : Filtering template 36/96 segment 5/5
2026-09-06T19:27:56.081+01:00 INFO : 1 points above threshold
2026-09-06T19:27:56.087+01:00 INFO : 36: generating IMRPhenomD from 30.0 Hz
2026-09-06T19:27:56.090+01:00 INFO : Decompressing waveform using inline_linear
2026-09-06T19:27:56.094+01:00 INFO : Filtering template 37/96 segment 1/5
2026-09-06T19:27:56.114+01:00 INFO : 2 points above threshold
2026-09-06T19:27:56.131+01:00 INFO : Filtering template 37/96 segment 2/5
2026-09-06T19:27:56.149+01:00 INFO : 3 points above threshold
2026-09-06T19:27:56.158+01:00 INFO : Filtering template 37/96 segment 3/5
2026-09-06T19:27:56.175+01:00 INFO : 1 points above threshold
2026-09-06T19:27:56.181+01:00 INFO : Filtering template 37/96 segment 4/5
2026-09-06T19:27:56.198+01:00 INFO : 3 points above threshold
2026-09-06T19:27:56.207+01:00 INFO : Filtering template 37/96 segment 5/5
2026-09-06T19:27:56.225+01:00 INFO : 37: generating IMRPhenomD from 30.0 Hz
2026-09-06T19:27:56.228+01:00 INFO : Decompressing waveform using inline_linear
2026-09-06T19:27:56.233+01:00 INFO : Filtering template 38/96 segment 1/5
2026-09-06T19:27:56.253+01:00 INFO : Filtering template 38/96 segment 2/5
2026-09-06T19:27:56.270+01:00 INFO : Filtering template 38/96 segment 3/5
2026-09-06T19:27:56.288+01:00 INFO : 1 points above threshold
2026-09-06T19:27:56.303+01:00 INFO : Filtering template 38/96 segment 4/5
2026-09-06T19:27:56.321+01:00 INFO : 1 points above threshold
2026-09-06T19:27:56.326+01:00 INFO : Filtering template 38/96 segment 5/5
2026-09-06T19:27:56.343+01:00 INFO : 1 points above threshold
2026-09-06T19:27:56.349+01:00 INFO : 38: generating IMRPhenomD from 30.0 Hz
2026-09-06T19:27:56.352+01:00 INFO : Decompressing waveform using inline_linear
2026-09-06T19:27:56.356+01:00 INFO : Filtering template 39/96 segment 1/5
2026-09-06T19:27:56.376+01:00 INFO : Filtering template 39/96 segment 2/5
2026-09-06T19:27:56.394+01:00 INFO : 2 points above threshold
2026-09-06T19:27:56.411+01:00 INFO : Filtering template 39/96 segment 3/5
2026-09-06T19:27:56.429+01:00 INFO : Filtering template 39/96 segment 4/5
2026-09-06T19:27:56.446+01:00 INFO : 2 points above threshold
2026-09-06T19:27:56.453+01:00 INFO : Filtering template 39/96 segment 5/5
2026-09-06T19:27:56.471+01:00 INFO : 39: generating IMRPhenomD from 30.0 Hz
2026-09-06T19:27:56.474+01:00 INFO : Decompressing waveform using inline_linear
2026-09-06T19:27:56.479+01:00 INFO : Filtering template 40/96 segment 1/5
2026-09-06T19:27:56.499+01:00 INFO : Filtering template 40/96 segment 2/5
2026-09-06T19:27:56.516+01:00 INFO : Filtering template 40/96 segment 3/5
2026-09-06T19:27:56.534+01:00 INFO : Filtering template 40/96 segment 4/5
2026-09-06T19:27:56.551+01:00 INFO : 2 points above threshold
2026-09-06T19:27:56.569+01:00 INFO : Filtering template 40/96 segment 5/5
2026-09-06T19:27:56.586+01:00 INFO : 40: generating IMRPhenomD from 30.0 Hz
2026-09-06T19:27:56.589+01:00 INFO : Decompressing waveform using inline_linear
2026-09-06T19:27:56.594+01:00 INFO : Filtering template 41/96 segment 1/5
2026-09-06T19:27:56.614+01:00 INFO : Filtering template 41/96 segment 2/5
2026-09-06T19:27:56.632+01:00 INFO : Filtering template 41/96 segment 3/5
2026-09-06T19:27:56.649+01:00 INFO : 2 points above threshold
2026-09-06T19:27:56.666+01:00 INFO : Filtering template 41/96 segment 4/5
2026-09-06T19:27:56.684+01:00 INFO : 2 points above threshold
2026-09-06T19:27:56.691+01:00 INFO : Filtering template 41/96 segment 5/5
2026-09-06T19:27:56.709+01:00 INFO : 41: generating IMRPhenomD from 30.0 Hz
2026-09-06T19:27:56.712+01:00 INFO : Decompressing waveform using inline_linear
2026-09-06T19:27:56.716+01:00 INFO : Filtering template 42/96 segment 1/5
2026-09-06T19:27:56.736+01:00 INFO : Filtering template 42/96 segment 2/5
2026-09-06T19:27:56.754+01:00 INFO : 1 points above threshold
2026-09-06T19:27:56.769+01:00 INFO : Filtering template 42/96 segment 3/5
2026-09-06T19:27:56.786+01:00 INFO : Filtering template 42/96 segment 4/5
2026-09-06T19:27:56.804+01:00 INFO : 1 points above threshold
2026-09-06T19:27:56.809+01:00 INFO : Filtering template 42/96 segment 5/5
2026-09-06T19:27:56.827+01:00 INFO : 1 points above threshold
2026-09-06T19:27:56.832+01:00 INFO : 42: generating IMRPhenomD from 30.0 Hz
2026-09-06T19:27:56.835+01:00 INFO : Decompressing waveform using inline_linear
2026-09-06T19:27:56.840+01:00 INFO : Filtering template 43/96 segment 1/5
2026-09-06T19:27:56.860+01:00 INFO : 1 points above threshold
2026-09-06T19:27:56.875+01:00 INFO : Filtering template 43/96 segment 2/5
2026-09-06T19:27:56.893+01:00 INFO : 2 points above threshold
2026-09-06T19:27:56.900+01:00 INFO : Filtering template 43/96 segment 3/5
2026-09-06T19:27:56.917+01:00 INFO : 1 points above threshold
2026-09-06T19:27:56.922+01:00 INFO : Filtering template 43/96 segment 4/5
2026-09-06T19:27:56.940+01:00 INFO : Filtering template 43/96 segment 5/5
2026-09-06T19:27:56.958+01:00 INFO : 43: generating IMRPhenomD from 30.0 Hz
2026-09-06T19:27:56.961+01:00 INFO : Decompressing waveform using inline_linear
2026-09-06T19:27:56.966+01:00 INFO : Filtering template 44/96 segment 1/5
2026-09-06T19:27:56.985+01:00 INFO : 1 points above threshold
2026-09-06T19:27:57.001+01:00 INFO : Filtering template 44/96 segment 2/5
2026-09-06T19:27:57.018+01:00 INFO : Filtering template 44/96 segment 3/5
2026-09-06T19:27:57.036+01:00 INFO : Filtering template 44/96 segment 4/5
2026-09-06T19:27:57.053+01:00 INFO : 1 points above threshold
2026-09-06T19:27:57.059+01:00 INFO : Filtering template 44/96 segment 5/5
2026-09-06T19:27:57.076+01:00 INFO : 44: generating IMRPhenomD from 30.0 Hz
2026-09-06T19:27:57.079+01:00 INFO : Decompressing waveform using inline_linear
2026-09-06T19:27:57.084+01:00 INFO : Filtering template 45/96 segment 1/5
2026-09-06T19:27:57.104+01:00 INFO : 2 points above threshold
2026-09-06T19:27:57.121+01:00 INFO : Filtering template 45/96 segment 2/5
2026-09-06T19:27:57.138+01:00 INFO : 1 points above threshold
2026-09-06T19:27:57.143+01:00 INFO : Filtering template 45/96 segment 3/5
2026-09-06T19:27:57.161+01:00 INFO : 1 points above threshold
2026-09-06T19:27:57.166+01:00 INFO : Filtering template 45/96 segment 4/5
2026-09-06T19:27:57.184+01:00 INFO : Filtering template 45/96 segment 5/5
2026-09-06T19:27:57.202+01:00 INFO : 45: generating IMRPhenomD from 30.0 Hz
2026-09-06T19:27:57.204+01:00 INFO : Decompressing waveform using inline_linear
2026-09-06T19:27:57.209+01:00 INFO : Filtering template 46/96 segment 1/5
2026-09-06T19:27:57.229+01:00 INFO : Filtering template 46/96 segment 2/5
2026-09-06T19:27:57.247+01:00 INFO : Filtering template 46/96 segment 3/5
2026-09-06T19:27:57.264+01:00 INFO : 1 points above threshold
2026-09-06T19:27:57.279+01:00 INFO : Filtering template 46/96 segment 4/5
2026-09-06T19:27:57.297+01:00 INFO : 3 points above threshold
2026-09-06T19:27:57.306+01:00 INFO : Filtering template 46/96 segment 5/5
2026-09-06T19:27:57.324+01:00 INFO : 1 points above threshold
2026-09-06T19:27:57.329+01:00 INFO : 46: generating IMRPhenomD from 30.0 Hz
2026-09-06T19:27:57.332+01:00 INFO : Decompressing waveform using inline_linear
2026-09-06T19:27:57.337+01:00 INFO : Filtering template 47/96 segment 1/5
2026-09-06T19:27:57.357+01:00 INFO : 3 points above threshold
2026-09-06T19:27:57.376+01:00 INFO : Filtering template 47/96 segment 2/5
2026-09-06T19:27:57.393+01:00 INFO : Filtering template 47/96 segment 3/5
2026-09-06T19:27:57.411+01:00 INFO : 2 points above threshold
2026-09-06T19:27:57.418+01:00 INFO : Filtering template 47/96 segment 4/5
2026-09-06T19:27:57.435+01:00 INFO : 1 points above threshold
2026-09-06T19:27:57.441+01:00 INFO : Filtering template 47/96 segment 5/5
2026-09-06T19:27:57.458+01:00 INFO : 1 points above threshold
2026-09-06T19:27:57.463+01:00 INFO : 47: generating IMRPhenomD from 30.0 Hz
2026-09-06T19:27:57.466+01:00 INFO : Decompressing waveform using inline_linear
2026-09-06T19:27:57.471+01:00 INFO : Filtering template 48/96 segment 1/5
2026-09-06T19:27:57.491+01:00 INFO : 3 points above threshold
2026-09-06T19:27:57.510+01:00 INFO : Filtering template 48/96 segment 2/5
2026-09-06T19:27:57.528+01:00 INFO : 1 points above threshold
2026-09-06T19:27:57.533+01:00 INFO : Filtering template 48/96 segment 3/5
2026-09-06T19:27:57.550+01:00 INFO : 1 points above threshold
2026-09-06T19:27:57.555+01:00 INFO : Filtering template 48/96 segment 4/5
2026-09-06T19:27:57.573+01:00 INFO : 2 points above threshold
2026-09-06T19:27:57.580+01:00 INFO : Filtering template 48/96 segment 5/5
2026-09-06T19:27:57.597+01:00 INFO : 1 points above threshold
2026-09-06T19:27:57.603+01:00 INFO : 48: generating IMRPhenomD from 30.0 Hz
2026-09-06T19:27:57.605+01:00 INFO : Decompressing waveform using inline_linear
2026-09-06T19:27:57.610+01:00 INFO : Filtering template 49/96 segment 1/5
2026-09-06T19:27:57.630+01:00 INFO : 1 points above threshold
2026-09-06T19:27:57.645+01:00 INFO : Filtering template 49/96 segment 2/5
2026-09-06T19:27:57.663+01:00 INFO : 1 points above threshold
2026-09-06T19:27:57.668+01:00 INFO : Filtering template 49/96 segment 3/5
2026-09-06T19:27:57.685+01:00 INFO : 2 points above threshold
2026-09-06T19:27:57.692+01:00 INFO : Filtering template 49/96 segment 4/5
2026-09-06T19:27:57.710+01:00 INFO : Filtering template 49/96 segment 5/5
2026-09-06T19:27:57.728+01:00 INFO : 49: generating IMRPhenomD from 30.0 Hz
2026-09-06T19:27:57.731+01:00 INFO : Decompressing waveform using inline_linear
2026-09-06T19:27:57.735+01:00 INFO : Filtering template 50/96 segment 1/5
2026-09-06T19:27:57.755+01:00 INFO : Filtering template 50/96 segment 2/5
2026-09-06T19:27:57.773+01:00 INFO : 2 points above threshold
2026-09-06T19:27:57.790+01:00 INFO : Filtering template 50/96 segment 3/5
2026-09-06T19:27:57.808+01:00 INFO : 4 points above threshold
2026-09-06T19:27:57.816+01:00 INFO : Filtering template 50/96 segment 4/5
2026-09-06T19:27:57.834+01:00 INFO : 2 points above threshold
2026-09-06T19:27:57.841+01:00 INFO : Filtering template 50/96 segment 5/5
2026-09-06T19:27:57.859+01:00 INFO : 50: generating IMRPhenomD from 30.0 Hz
2026-09-06T19:27:57.861+01:00 INFO : Decompressing waveform using inline_linear
2026-09-06T19:27:57.866+01:00 INFO : Filtering template 51/96 segment 1/5
2026-09-06T19:27:57.887+01:00 INFO : 1 points above threshold
2026-09-06T19:27:57.902+01:00 INFO : Filtering template 51/96 segment 2/5
2026-09-06T19:27:57.920+01:00 INFO : 1 points above threshold
2026-09-06T19:27:57.925+01:00 INFO : Filtering template 51/96 segment 3/5
2026-09-06T19:27:57.943+01:00 INFO : Filtering template 51/96 segment 4/5
2026-09-06T19:27:57.960+01:00 INFO : 1 points above threshold
2026-09-06T19:27:57.966+01:00 INFO : Filtering template 51/96 segment 5/5
2026-09-06T19:27:57.983+01:00 INFO : 2 points above threshold
2026-09-06T19:27:57.990+01:00 INFO : 51: generating IMRPhenomD from 30.0 Hz
2026-09-06T19:27:57.993+01:00 INFO : Decompressing waveform using inline_linear
2026-09-06T19:27:57.998+01:00 INFO : Filtering template 52/96 segment 1/5
2026-09-06T19:27:58.018+01:00 INFO : 1 points above threshold
2026-09-06T19:27:58.033+01:00 INFO : Filtering template 52/96 segment 2/5
2026-09-06T19:27:58.050+01:00 INFO : 1 points above threshold
2026-09-06T19:27:58.055+01:00 INFO : Filtering template 52/96 segment 3/5
2026-09-06T19:27:58.073+01:00 INFO : Filtering template 52/96 segment 4/5
2026-09-06T19:27:58.091+01:00 INFO : 3 points above threshold
2026-09-06T19:27:58.100+01:00 INFO : Filtering template 52/96 segment 5/5
2026-09-06T19:27:58.117+01:00 INFO : 1 points above threshold
2026-09-06T19:27:58.123+01:00 INFO : 52: generating IMRPhenomD from 30.0 Hz
2026-09-06T19:27:58.125+01:00 INFO : Decompressing waveform using inline_linear
2026-09-06T19:27:58.130+01:00 INFO : Filtering template 53/96 segment 1/5
2026-09-06T19:27:58.150+01:00 INFO : 3 points above threshold
2026-09-06T19:27:58.169+01:00 INFO : Filtering template 53/96 segment 2/5
2026-09-06T19:27:58.186+01:00 INFO : 2 points above threshold
2026-09-06T19:27:58.193+01:00 INFO : Filtering template 53/96 segment 3/5
2026-09-06T19:27:58.211+01:00 INFO : 2 points above threshold
2026-09-06T19:27:58.218+01:00 INFO : Filtering template 53/96 segment 4/5
2026-09-06T19:27:58.236+01:00 INFO : 1 points above threshold
2026-09-06T19:27:58.241+01:00 INFO : Filtering template 53/96 segment 5/5
2026-09-06T19:27:58.258+01:00 INFO : 1 points above threshold
2026-09-06T19:27:58.264+01:00 INFO : 53: generating IMRPhenomD from 30.0 Hz
2026-09-06T19:27:58.266+01:00 INFO : Decompressing waveform using inline_linear
2026-09-06T19:27:58.271+01:00 INFO : Filtering template 54/96 segment 1/5
2026-09-06T19:27:58.291+01:00 INFO : Filtering template 54/96 segment 2/5
2026-09-06T19:27:58.309+01:00 INFO : Filtering template 54/96 segment 3/5
2026-09-06T19:27:58.326+01:00 INFO : 2 points above threshold
2026-09-06T19:27:58.345+01:00 INFO : Filtering template 54/96 segment 4/5
2026-09-06T19:27:58.362+01:00 INFO : 5 points above threshold
2026-09-06T19:27:58.374+01:00 INFO : Filtering template 54/96 segment 5/5
2026-09-06T19:27:58.392+01:00 INFO : 54: generating IMRPhenomD from 30.0 Hz
2026-09-06T19:27:58.394+01:00 INFO : Decompressing waveform using inline_linear
2026-09-06T19:27:58.399+01:00 INFO : Filtering template 55/96 segment 1/5
2026-09-06T19:27:58.419+01:00 INFO : Filtering template 55/96 segment 2/5
2026-09-06T19:27:58.437+01:00 INFO : 1 points above threshold
2026-09-06T19:27:58.453+01:00 INFO : Filtering template 55/96 segment 3/5
2026-09-06T19:27:58.471+01:00 INFO : 3 points above threshold
2026-09-06T19:27:58.480+01:00 INFO : Filtering template 55/96 segment 4/5
2026-09-06T19:27:58.497+01:00 INFO : 1 points above threshold
2026-09-06T19:27:58.502+01:00 INFO : Filtering template 55/96 segment 5/5
2026-09-06T19:27:58.520+01:00 INFO : 1 points above threshold
2026-09-06T19:27:58.525+01:00 INFO : 55: generating IMRPhenomD from 30.0 Hz
2026-09-06T19:27:58.528+01:00 INFO : Decompressing waveform using inline_linear
2026-09-06T19:27:58.533+01:00 INFO : Filtering template 56/96 segment 1/5
2026-09-06T19:27:58.553+01:00 INFO : 1 points above threshold
2026-09-06T19:27:58.569+01:00 INFO : Filtering template 56/96 segment 2/5
2026-09-06T19:27:58.587+01:00 INFO : 1 points above threshold
2026-09-06T19:27:58.592+01:00 INFO : Filtering template 56/96 segment 3/5
2026-09-06T19:27:58.610+01:00 INFO : 3 points above threshold
2026-09-06T19:27:58.619+01:00 INFO : Filtering template 56/96 segment 4/5
2026-09-06T19:27:58.636+01:00 INFO : Filtering template 56/96 segment 5/5
2026-09-06T19:27:58.654+01:00 INFO : 1 points above threshold
2026-09-06T19:27:58.659+01:00 INFO : 56: generating IMRPhenomD from 30.0 Hz
2026-09-06T19:27:58.662+01:00 INFO : Decompressing waveform using inline_linear
2026-09-06T19:27:58.667+01:00 INFO : Filtering template 57/96 segment 1/5
2026-09-06T19:27:58.686+01:00 INFO : 1 points above threshold
2026-09-06T19:27:58.703+01:00 INFO : Filtering template 57/96 segment 2/5
2026-09-06T19:27:58.721+01:00 INFO : 2 points above threshold
2026-09-06T19:27:58.728+01:00 INFO : Filtering template 57/96 segment 3/5
2026-09-06T19:27:58.745+01:00 INFO : 2 points above threshold
2026-09-06T19:27:58.752+01:00 INFO : Filtering template 57/96 segment 4/5
2026-09-06T19:27:58.770+01:00 INFO : 2 points above threshold
2026-09-06T19:27:58.777+01:00 INFO : Filtering template 57/96 segment 5/5
2026-09-06T19:27:58.795+01:00 INFO : 57: generating IMRPhenomD from 30.0 Hz
2026-09-06T19:27:58.798+01:00 INFO : Decompressing waveform using inline_linear
2026-09-06T19:27:58.802+01:00 INFO : Filtering template 58/96 segment 1/5
2026-09-06T19:27:58.822+01:00 INFO : 1 points above threshold
2026-09-06T19:27:58.838+01:00 INFO : Filtering template 58/96 segment 2/5
2026-09-06T19:27:58.855+01:00 INFO : 2 points above threshold
2026-09-06T19:27:58.862+01:00 INFO : Filtering template 58/96 segment 3/5
2026-09-06T19:27:58.880+01:00 INFO : 1 points above threshold
2026-09-06T19:27:58.885+01:00 INFO : Filtering template 58/96 segment 4/5
2026-09-06T19:27:58.903+01:00 INFO : 1 points above threshold
2026-09-06T19:27:58.908+01:00 INFO : Filtering template 58/96 segment 5/5
2026-09-06T19:27:58.926+01:00 INFO : 2 points above threshold
2026-09-06T19:27:58.933+01:00 INFO : 58: generating IMRPhenomD from 30.0 Hz
2026-09-06T19:27:58.936+01:00 INFO : Decompressing waveform using inline_linear
2026-09-06T19:27:58.940+01:00 INFO : Filtering template 59/96 segment 1/5
2026-09-06T19:27:58.960+01:00 INFO : 1 points above threshold
2026-09-06T19:27:58.975+01:00 INFO : Filtering template 59/96 segment 2/5
2026-09-06T19:27:58.993+01:00 INFO : 2 points above threshold
2026-09-06T19:27:59.000+01:00 INFO : Filtering template 59/96 segment 3/5
2026-09-06T19:27:59.017+01:00 INFO : 2 points above threshold
2026-09-06T19:27:59.024+01:00 INFO : Filtering template 59/96 segment 4/5
2026-09-06T19:27:59.042+01:00 INFO : 1 points above threshold
2026-09-06T19:27:59.047+01:00 INFO : Filtering template 59/96 segment 5/5
2026-09-06T19:27:59.065+01:00 INFO : 59: generating IMRPhenomD from 30.0 Hz
2026-09-06T19:27:59.068+01:00 INFO : Decompressing waveform using inline_linear
2026-09-06T19:27:59.073+01:00 INFO : Filtering template 60/96 segment 1/5
2026-09-06T19:27:59.093+01:00 INFO : Filtering template 60/96 segment 2/5
2026-09-06T19:27:59.110+01:00 INFO : Filtering template 60/96 segment 3/5
2026-09-06T19:27:59.128+01:00 INFO : 1 points above threshold
2026-09-06T19:27:59.143+01:00 INFO : Filtering template 60/96 segment 4/5
2026-09-06T19:27:59.161+01:00 INFO : 2 points above threshold
2026-09-06T19:27:59.168+01:00 INFO : Filtering template 60/96 segment 5/5
2026-09-06T19:27:59.185+01:00 INFO : 60: generating IMRPhenomD from 30.0 Hz
2026-09-06T19:27:59.188+01:00 INFO : Decompressing waveform using inline_linear
2026-09-06T19:27:59.193+01:00 INFO : Filtering template 61/96 segment 1/5
2026-09-06T19:27:59.213+01:00 INFO : Filtering template 61/96 segment 2/5
2026-09-06T19:27:59.231+01:00 INFO : 2 points above threshold
2026-09-06T19:27:59.248+01:00 INFO : Filtering template 61/96 segment 3/5
2026-09-06T19:27:59.266+01:00 INFO : 1 points above threshold
2026-09-06T19:27:59.271+01:00 INFO : Filtering template 61/96 segment 4/5
2026-09-06T19:27:59.288+01:00 INFO : 1 points above threshold
2026-09-06T19:27:59.293+01:00 INFO : Filtering template 61/96 segment 5/5
2026-09-06T19:27:59.311+01:00 INFO : 61: generating IMRPhenomD from 30.0 Hz
2026-09-06T19:27:59.314+01:00 INFO : Decompressing waveform using inline_linear
2026-09-06T19:27:59.319+01:00 INFO : Filtering template 62/96 segment 1/5
2026-09-06T19:27:59.339+01:00 INFO : 2 points above threshold
2026-09-06T19:27:59.356+01:00 INFO : Filtering template 62/96 segment 2/5
2026-09-06T19:27:59.373+01:00 INFO : Filtering template 62/96 segment 3/5
2026-09-06T19:27:59.391+01:00 INFO : Filtering template 62/96 segment 4/5
2026-09-06T19:27:59.408+01:00 INFO : 5 points above threshold
2026-09-06T19:27:59.420+01:00 INFO : Filtering template 62/96 segment 5/5
2026-09-06T19:27:59.438+01:00 INFO : 62: generating IMRPhenomD from 30.0 Hz
2026-09-06T19:27:59.441+01:00 INFO : Decompressing waveform using inline_linear
2026-09-06T19:27:59.446+01:00 INFO : Filtering template 63/96 segment 1/5
2026-09-06T19:27:59.465+01:00 INFO : Filtering template 63/96 segment 2/5
2026-09-06T19:27:59.483+01:00 INFO : 1 points above threshold
2026-09-06T19:27:59.498+01:00 INFO : Filtering template 63/96 segment 3/5
2026-09-06T19:27:59.516+01:00 INFO : 2 points above threshold
2026-09-06T19:27:59.523+01:00 INFO : Filtering template 63/96 segment 4/5
2026-09-06T19:27:59.540+01:00 INFO : 1 points above threshold
2026-09-06T19:27:59.545+01:00 INFO : Filtering template 63/96 segment 5/5
2026-09-06T19:27:59.565+01:00 INFO : 1 points above threshold
2026-09-06T19:27:59.571+01:00 INFO : 63: generating IMRPhenomD from 30.0 Hz
2026-09-06T19:27:59.575+01:00 INFO : Decompressing waveform using inline_linear
2026-09-06T19:27:59.580+01:00 INFO : Filtering template 64/96 segment 1/5
2026-09-06T19:27:59.601+01:00 INFO : 2 points above threshold
2026-09-06T19:27:59.618+01:00 INFO : Filtering template 64/96 segment 2/5
2026-09-06T19:27:59.639+01:00 INFO : 1 points above threshold
2026-09-06T19:27:59.645+01:00 INFO : Filtering template 64/96 segment 3/5
2026-09-06T19:27:59.663+01:00 INFO : Filtering template 64/96 segment 4/5
2026-09-06T19:27:59.681+01:00 INFO : Filtering template 64/96 segment 5/5
2026-09-06T19:27:59.699+01:00 INFO : 64: generating IMRPhenomD from 30.0 Hz
2026-09-06T19:27:59.702+01:00 INFO : Decompressing waveform using inline_linear
2026-09-06T19:27:59.707+01:00 INFO : Filtering template 65/96 segment 1/5
2026-09-06T19:27:59.727+01:00 INFO : 2 points above threshold
2026-09-06T19:27:59.744+01:00 INFO : Filtering template 65/96 segment 2/5
2026-09-06T19:27:59.762+01:00 INFO : 2 points above threshold
2026-09-06T19:27:59.769+01:00 INFO : Filtering template 65/96 segment 3/5
2026-09-06T19:27:59.786+01:00 INFO : 1 points above threshold
2026-09-06T19:27:59.791+01:00 INFO : Filtering template 65/96 segment 4/5
2026-09-06T19:27:59.809+01:00 INFO : 2 points above threshold
2026-09-06T19:27:59.816+01:00 INFO : Filtering template 65/96 segment 5/5
2026-09-06T19:27:59.834+01:00 INFO : 65: generating IMRPhenomD from 30.0 Hz
2026-09-06T19:27:59.837+01:00 INFO : Decompressing waveform using inline_linear
2026-09-06T19:27:59.841+01:00 INFO : Filtering template 66/96 segment 1/5
2026-09-06T19:27:59.861+01:00 INFO : 1 points above threshold
2026-09-06T19:27:59.877+01:00 INFO : Filtering template 66/96 segment 2/5
2026-09-06T19:27:59.895+01:00 INFO : 1 points above threshold
2026-09-06T19:27:59.900+01:00 INFO : Filtering template 66/96 segment 3/5
2026-09-06T19:27:59.917+01:00 INFO : 2 points above threshold
2026-09-06T19:27:59.924+01:00 INFO : Filtering template 66/96 segment 4/5
2026-09-06T19:27:59.942+01:00 INFO : 1 points above threshold
2026-09-06T19:27:59.947+01:00 INFO : Filtering template 66/96 segment 5/5
2026-09-06T19:27:59.965+01:00 INFO : 66: generating IMRPhenomD from 30.0 Hz
2026-09-06T19:27:59.981+01:00 INFO : Decompressing waveform using inline_linear
2026-09-06T19:27:59.985+01:00 INFO : Filtering template 67/96 segment 1/5
2026-09-06T19:28:00.008+01:00 INFO : 3 points above threshold
2026-09-06T19:28:00.032+01:00 INFO : Filtering template 67/96 segment 2/5
2026-09-06T19:28:00.050+01:00 INFO : Filtering template 67/96 segment 3/5
2026-09-06T19:28:00.067+01:00 INFO : 1 points above threshold
2026-09-06T19:28:00.072+01:00 INFO : Filtering template 67/96 segment 4/5
2026-09-06T19:28:00.090+01:00 INFO : Filtering template 67/96 segment 5/5
2026-09-06T19:28:00.108+01:00 INFO : 67: generating IMRPhenomD from 30.0 Hz
2026-09-06T19:28:00.111+01:00 INFO : Decompressing waveform using inline_linear
2026-09-06T19:28:00.115+01:00 INFO : Filtering template 68/96 segment 1/5
2026-09-06T19:28:00.135+01:00 INFO : 1 points above threshold
2026-09-06T19:28:00.150+01:00 INFO : Filtering template 68/96 segment 2/5
2026-09-06T19:28:00.168+01:00 INFO : 1 points above threshold
2026-09-06T19:28:00.173+01:00 INFO : Filtering template 68/96 segment 3/5
2026-09-06T19:28:00.190+01:00 INFO : 1 points above threshold
2026-09-06T19:28:00.196+01:00 INFO : Filtering template 68/96 segment 4/5
2026-09-06T19:28:00.213+01:00 INFO : 1 points above threshold
2026-09-06T19:28:00.218+01:00 INFO : Filtering template 68/96 segment 5/5
2026-09-06T19:28:00.236+01:00 INFO : 1 points above threshold
2026-09-06T19:28:00.241+01:00 INFO : 68: generating IMRPhenomD from 30.0 Hz
2026-09-06T19:28:00.244+01:00 INFO : Decompressing waveform using inline_linear
2026-09-06T19:28:00.249+01:00 INFO : Filtering template 69/96 segment 1/5
2026-09-06T19:28:00.269+01:00 INFO : Filtering template 69/96 segment 2/5
2026-09-06T19:28:00.286+01:00 INFO : Filtering template 69/96 segment 3/5
2026-09-06T19:28:00.304+01:00 INFO : 1 points above threshold
2026-09-06T19:28:00.319+01:00 INFO : Filtering template 69/96 segment 4/5
2026-09-06T19:28:00.337+01:00 INFO : 2 points above threshold
2026-09-06T19:28:00.344+01:00 INFO : Filtering template 69/96 segment 5/5
2026-09-06T19:28:00.361+01:00 INFO : 69: generating IMRPhenomD from 30.0 Hz
2026-09-06T19:28:00.364+01:00 INFO : Decompressing waveform using inline_linear
2026-09-06T19:28:00.369+01:00 INFO : Filtering template 70/96 segment 1/5
2026-09-06T19:28:00.389+01:00 INFO : 2 points above threshold
2026-09-06T19:28:00.406+01:00 INFO : Filtering template 70/96 segment 2/5
2026-09-06T19:28:00.423+01:00 INFO : 2 points above threshold
2026-09-06T19:28:00.430+01:00 INFO : Filtering template 70/96 segment 3/5
2026-09-06T19:28:00.448+01:00 INFO : Filtering template 70/96 segment 4/5
2026-09-06T19:28:00.466+01:00 INFO : 2 points above threshold
2026-09-06T19:28:00.473+01:00 INFO : Filtering template 70/96 segment 5/5
2026-09-06T19:28:00.490+01:00 INFO : 2 points above threshold
2026-09-06T19:28:00.498+01:00 INFO : 70: generating IMRPhenomD from 30.0 Hz
2026-09-06T19:28:00.500+01:00 INFO : Decompressing waveform using inline_linear
2026-09-06T19:28:00.505+01:00 INFO : Filtering template 71/96 segment 1/5
2026-09-06T19:28:00.525+01:00 INFO : Filtering template 71/96 segment 2/5
2026-09-06T19:28:00.543+01:00 INFO : 1 points above threshold
2026-09-06T19:28:00.558+01:00 INFO : Filtering template 71/96 segment 3/5
2026-09-06T19:28:00.575+01:00 INFO : 1 points above threshold
2026-09-06T19:28:00.580+01:00 INFO : Filtering template 71/96 segment 4/5
2026-09-06T19:28:00.598+01:00 INFO : 3 points above threshold
2026-09-06T19:28:00.607+01:00 INFO : Filtering template 71/96 segment 5/5
2026-09-06T19:28:00.625+01:00 INFO : 71: generating IMRPhenomD from 30.0 Hz
2026-09-06T19:28:00.628+01:00 INFO : Decompressing waveform using inline_linear
2026-09-06T19:28:00.633+01:00 INFO : Filtering template 72/96 segment 1/5
2026-09-06T19:28:00.652+01:00 INFO : 2 points above threshold
2026-09-06T19:28:00.669+01:00 INFO : Filtering template 72/96 segment 2/5
2026-09-06T19:28:00.687+01:00 INFO : 1 points above threshold
2026-09-06T19:28:00.692+01:00 INFO : Filtering template 72/96 segment 3/5
2026-09-06T19:28:00.710+01:00 INFO : 1 points above threshold
2026-09-06T19:28:00.715+01:00 INFO : Filtering template 72/96 segment 4/5
2026-09-06T19:28:00.732+01:00 INFO : 3 points above threshold
2026-09-06T19:28:00.742+01:00 INFO : Filtering template 72/96 segment 5/5
2026-09-06T19:28:00.759+01:00 INFO : 3 points above threshold
2026-09-06T19:28:00.769+01:00 INFO : 72: generating IMRPhenomD from 30.0 Hz
2026-09-06T19:28:00.771+01:00 INFO : Decompressing waveform using inline_linear
2026-09-06T19:28:00.776+01:00 INFO : Filtering template 73/96 segment 1/5
2026-09-06T19:28:00.796+01:00 INFO : 1 points above threshold
2026-09-06T19:28:00.811+01:00 INFO : Filtering template 73/96 segment 2/5
2026-09-06T19:28:00.829+01:00 INFO : 1 points above threshold
2026-09-06T19:28:00.834+01:00 INFO : Filtering template 73/96 segment 3/5
2026-09-06T19:28:00.852+01:00 INFO : 1 points above threshold
2026-09-06T19:28:00.857+01:00 INFO : Filtering template 73/96 segment 4/5
2026-09-06T19:28:00.875+01:00 INFO : Filtering template 73/96 segment 5/5
2026-09-06T19:28:00.892+01:00 INFO : 1 points above threshold
2026-09-06T19:28:00.898+01:00 INFO : 73: generating IMRPhenomD from 30.0 Hz
2026-09-06T19:28:00.901+01:00 INFO : Decompressing waveform using inline_linear
2026-09-06T19:28:00.905+01:00 INFO : Filtering template 74/96 segment 1/5
2026-09-06T19:28:00.925+01:00 INFO : 3 points above threshold
2026-09-06T19:28:00.944+01:00 INFO : Filtering template 74/96 segment 2/5
2026-09-06T19:28:00.962+01:00 INFO : 3 points above threshold
2026-09-06T19:28:00.971+01:00 INFO : Filtering template 74/96 segment 3/5
2026-09-06T19:28:00.989+01:00 INFO : Filtering template 74/96 segment 4/5
2026-09-06T19:28:01.007+01:00 INFO : 1 points above threshold
2026-09-06T19:28:01.012+01:00 INFO : Filtering template 74/96 segment 5/5
2026-09-06T19:28:01.030+01:00 INFO : 74: generating IMRPhenomD from 30.0 Hz
2026-09-06T19:28:01.033+01:00 INFO : Decompressing waveform using inline_linear
2026-09-06T19:28:01.037+01:00 INFO : Filtering template 75/96 segment 1/5
2026-09-06T19:28:01.057+01:00 INFO : Filtering template 75/96 segment 2/5
2026-09-06T19:28:01.075+01:00 INFO : 1 points above threshold
2026-09-06T19:28:01.090+01:00 INFO : Filtering template 75/96 segment 3/5
2026-09-06T19:28:01.108+01:00 INFO : 2 points above threshold
2026-09-06T19:28:01.115+01:00 INFO : Filtering template 75/96 segment 4/5
2026-09-06T19:28:01.132+01:00 INFO : Filtering template 75/96 segment 5/5
2026-09-06T19:28:01.150+01:00 INFO : 2 points above threshold
2026-09-06T19:28:01.157+01:00 INFO : 75: generating IMRPhenomD from 30.0 Hz
2026-09-06T19:28:01.160+01:00 INFO : Decompressing waveform using inline_linear
2026-09-06T19:28:01.164+01:00 INFO : Filtering template 76/96 segment 1/5
2026-09-06T19:28:01.184+01:00 INFO : 1 points above threshold
2026-09-06T19:28:01.199+01:00 INFO : Filtering template 76/96 segment 2/5
2026-09-06T19:28:01.217+01:00 INFO : Filtering template 76/96 segment 3/5
2026-09-06T19:28:01.234+01:00 INFO : 1 points above threshold
2026-09-06T19:28:01.239+01:00 INFO : Filtering template 76/96 segment 4/5
2026-09-06T19:28:01.257+01:00 INFO : Filtering template 76/96 segment 5/5
2026-09-06T19:28:01.275+01:00 INFO : 2 points above threshold
2026-09-06T19:28:01.282+01:00 INFO : 76: generating IMRPhenomD from 30.0 Hz
2026-09-06T19:28:01.285+01:00 INFO : Decompressing waveform using inline_linear
2026-09-06T19:28:01.289+01:00 INFO : Filtering template 77/96 segment 1/5
2026-09-06T19:28:01.309+01:00 INFO : Filtering template 77/96 segment 2/5
2026-09-06T19:28:01.327+01:00 INFO : 1 points above threshold
2026-09-06T19:28:01.342+01:00 INFO : Filtering template 77/96 segment 3/5
2026-09-06T19:28:01.360+01:00 INFO : Filtering template 77/96 segment 4/5
2026-09-06T19:28:01.377+01:00 INFO : 1 points above threshold
2026-09-06T19:28:01.382+01:00 INFO : Filtering template 77/96 segment 5/5
2026-09-06T19:28:01.400+01:00 INFO : 77: generating IMRPhenomD from 30.0 Hz
2026-09-06T19:28:01.403+01:00 INFO : Decompressing waveform using inline_linear
2026-09-06T19:28:01.408+01:00 INFO : Filtering template 78/96 segment 1/5
2026-09-06T19:28:01.427+01:00 INFO : Filtering template 78/96 segment 2/5
2026-09-06T19:28:01.445+01:00 INFO : Filtering template 78/96 segment 3/5
2026-09-06T19:28:01.463+01:00 INFO : Filtering template 78/96 segment 4/5
2026-09-06T19:28:01.481+01:00 INFO : 1 points above threshold
2026-09-06T19:28:01.496+01:00 INFO : Filtering template 78/96 segment 5/5
2026-09-06T19:28:01.514+01:00 INFO : 78: generating IMRPhenomD from 30.0 Hz
2026-09-06T19:28:01.516+01:00 INFO : Decompressing waveform using inline_linear
2026-09-06T19:28:01.521+01:00 INFO : Filtering template 79/96 segment 1/5
2026-09-06T19:28:01.541+01:00 INFO : 2 points above threshold
2026-09-06T19:28:01.558+01:00 INFO : Filtering template 79/96 segment 2/5
2026-09-06T19:28:01.576+01:00 INFO : Filtering template 79/96 segment 3/5
2026-09-06T19:28:01.594+01:00 INFO : 1 points above threshold
2026-09-06T19:28:01.599+01:00 INFO : Filtering template 79/96 segment 4/5
2026-09-06T19:28:01.616+01:00 INFO : 1 points above threshold
2026-09-06T19:28:01.622+01:00 INFO : Filtering template 79/96 segment 5/5
2026-09-06T19:28:01.639+01:00 INFO : 3 points above threshold
2026-09-06T19:28:01.648+01:00 INFO : 79: generating IMRPhenomD from 30.0 Hz
2026-09-06T19:28:01.651+01:00 INFO : Decompressing waveform using inline_linear
2026-09-06T19:28:01.656+01:00 INFO : Filtering template 80/96 segment 1/5
2026-09-06T19:28:01.676+01:00 INFO : 2 points above threshold
2026-09-06T19:28:01.693+01:00 INFO : Filtering template 80/96 segment 2/5
2026-09-06T19:28:01.710+01:00 INFO : 1 points above threshold
2026-09-06T19:28:01.716+01:00 INFO : Filtering template 80/96 segment 3/5
2026-09-06T19:28:01.733+01:00 INFO : 1 points above threshold
2026-09-06T19:28:01.738+01:00 INFO : Filtering template 80/96 segment 4/5
2026-09-06T19:28:01.756+01:00 INFO : Filtering template 80/96 segment 5/5
2026-09-06T19:28:01.773+01:00 INFO : 1 points above threshold
2026-09-06T19:28:01.779+01:00 INFO : 80: generating IMRPhenomD from 30.0 Hz
2026-09-06T19:28:01.781+01:00 INFO : Decompressing waveform using inline_linear
2026-09-06T19:28:01.786+01:00 INFO : Filtering template 81/96 segment 1/5
2026-09-06T19:28:01.806+01:00 INFO : 1 points above threshold
2026-09-06T19:28:01.821+01:00 INFO : Filtering template 81/96 segment 2/5
2026-09-06T19:28:01.839+01:00 INFO : 2 points above threshold
2026-09-06T19:28:01.846+01:00 INFO : Filtering template 81/96 segment 3/5
2026-09-06T19:28:01.864+01:00 INFO : 1 points above threshold
2026-09-06T19:28:01.869+01:00 INFO : Filtering template 81/96 segment 4/5
2026-09-06T19:28:01.886+01:00 INFO : Filtering template 81/96 segment 5/5
2026-09-06T19:28:01.904+01:00 INFO : 1 points above threshold
2026-09-06T19:28:01.910+01:00 INFO : 81: generating IMRPhenomD from 30.0 Hz
2026-09-06T19:28:01.912+01:00 INFO : Decompressing waveform using inline_linear
2026-09-06T19:28:01.917+01:00 INFO : Filtering template 82/96 segment 1/5
2026-09-06T19:28:01.937+01:00 INFO : Filtering template 82/96 segment 2/5
2026-09-06T19:28:01.954+01:00 INFO : 2 points above threshold
2026-09-06T19:28:01.971+01:00 INFO : Filtering template 82/96 segment 3/5
2026-09-06T19:28:01.989+01:00 INFO : 1 points above threshold
2026-09-06T19:28:01.994+01:00 INFO : Filtering template 82/96 segment 4/5
2026-09-06T19:28:02.012+01:00 INFO : Filtering template 82/96 segment 5/5
2026-09-06T19:28:02.030+01:00 INFO : 82: generating IMRPhenomD from 30.0 Hz
2026-09-06T19:28:02.033+01:00 INFO : Decompressing waveform using inline_linear
2026-09-06T19:28:02.037+01:00 INFO : Filtering template 83/96 segment 1/5
2026-09-06T19:28:02.057+01:00 INFO : 1 points above threshold
2026-09-06T19:28:02.073+01:00 INFO : Filtering template 83/96 segment 2/5
2026-09-06T19:28:02.090+01:00 INFO : 2 points above threshold
2026-09-06T19:28:02.097+01:00 INFO : Filtering template 83/96 segment 3/5
2026-09-06T19:28:02.115+01:00 INFO : 2 points above threshold
2026-09-06T19:28:02.122+01:00 INFO : Filtering template 83/96 segment 4/5
2026-09-06T19:28:02.139+01:00 INFO : 3 points above threshold
2026-09-06T19:28:02.149+01:00 INFO : Filtering template 83/96 segment 5/5
2026-09-06T19:28:02.166+01:00 INFO : 3 points above threshold
2026-09-06T19:28:02.176+01:00 INFO : 83: generating IMRPhenomD from 30.0 Hz
2026-09-06T19:28:02.178+01:00 INFO : Decompressing waveform using inline_linear
2026-09-06T19:28:02.183+01:00 INFO : Filtering template 84/96 segment 1/5
2026-09-06T19:28:02.203+01:00 INFO : Filtering template 84/96 segment 2/5
2026-09-06T19:28:02.221+01:00 INFO : Filtering template 84/96 segment 3/5
2026-09-06T19:28:02.238+01:00 INFO : 1 points above threshold
2026-09-06T19:28:02.253+01:00 INFO : Filtering template 84/96 segment 4/5
2026-09-06T19:28:02.271+01:00 INFO : 3 points above threshold
2026-09-06T19:28:02.280+01:00 INFO : Filtering template 84/96 segment 5/5
2026-09-06T19:28:02.298+01:00 INFO : 84: generating IMRPhenomD from 30.0 Hz
2026-09-06T19:28:02.300+01:00 INFO : Decompressing waveform using inline_linear
2026-09-06T19:28:02.305+01:00 INFO : Filtering template 85/96 segment 1/5
2026-09-06T19:28:02.325+01:00 INFO : 1 points above threshold
2026-09-06T19:28:02.340+01:00 INFO : Filtering template 85/96 segment 2/5
2026-09-06T19:28:02.358+01:00 INFO : 2 points above threshold
2026-09-06T19:28:02.365+01:00 INFO : Filtering template 85/96 segment 3/5
2026-09-06T19:28:02.382+01:00 INFO : 1 points above threshold
2026-09-06T19:28:02.387+01:00 INFO : Filtering template 85/96 segment 4/5
2026-09-06T19:28:02.405+01:00 INFO : 3 points above threshold
2026-09-06T19:28:02.414+01:00 INFO : Filtering template 85/96 segment 5/5
2026-09-06T19:28:02.431+01:00 INFO : 2 points above threshold
2026-09-06T19:28:02.439+01:00 INFO : 85: generating IMRPhenomD from 30.0 Hz
2026-09-06T19:28:02.441+01:00 INFO : Decompressing waveform using inline_linear
2026-09-06T19:28:02.446+01:00 INFO : Filtering template 86/96 segment 1/5
2026-09-06T19:28:02.466+01:00 INFO : 2 points above threshold
2026-09-06T19:28:02.483+01:00 INFO : Filtering template 86/96 segment 2/5
2026-09-06T19:28:02.501+01:00 INFO : 2 points above threshold
2026-09-06T19:28:02.508+01:00 INFO : Filtering template 86/96 segment 3/5
2026-09-06T19:28:02.525+01:00 INFO : 1 points above threshold
2026-09-06T19:28:02.530+01:00 INFO : Filtering template 86/96 segment 4/5
2026-09-06T19:28:02.548+01:00 INFO : 1 points above threshold
2026-09-06T19:28:02.553+01:00 INFO : Filtering template 86/96 segment 5/5
2026-09-06T19:28:02.570+01:00 INFO : 2 points above threshold
2026-09-06T19:28:02.578+01:00 INFO : 86: generating IMRPhenomD from 30.0 Hz
2026-09-06T19:28:02.580+01:00 INFO : Decompressing waveform using inline_linear
2026-09-06T19:28:02.585+01:00 INFO : Filtering template 87/96 segment 1/5
2026-09-06T19:28:02.605+01:00 INFO : 1 points above threshold
2026-09-06T19:28:02.620+01:00 INFO : Filtering template 87/96 segment 2/5
2026-09-06T19:28:02.638+01:00 INFO : 2 points above threshold
2026-09-06T19:28:02.645+01:00 INFO : Filtering template 87/96 segment 3/5
2026-09-06T19:28:02.662+01:00 INFO : 1 points above threshold
2026-09-06T19:28:02.667+01:00 INFO : Filtering template 87/96 segment 4/5
2026-09-06T19:28:02.685+01:00 INFO : 1 points above threshold
2026-09-06T19:28:02.690+01:00 INFO : Filtering template 87/96 segment 5/5
2026-09-06T19:28:02.708+01:00 INFO : 1 points above threshold
2026-09-06T19:28:02.713+01:00 INFO : 87: generating IMRPhenomD from 30.0 Hz
2026-09-06T19:28:02.716+01:00 INFO : Decompressing waveform using inline_linear
2026-09-06T19:28:02.720+01:00 INFO : Filtering template 88/96 segment 1/5
2026-09-06T19:28:02.740+01:00 INFO : 2 points above threshold
2026-09-06T19:28:02.758+01:00 INFO : Filtering template 88/96 segment 2/5
2026-09-06T19:28:02.776+01:00 INFO : 1 points above threshold
2026-09-06T19:28:02.781+01:00 INFO : Filtering template 88/96 segment 3/5
2026-09-06T19:28:02.798+01:00 INFO : Filtering template 88/96 segment 4/5
2026-09-06T19:28:02.816+01:00 INFO : Filtering template 88/96 segment 5/5
2026-09-06T19:28:02.834+01:00 INFO : 2 points above threshold
2026-09-06T19:28:02.841+01:00 INFO : 88: generating IMRPhenomD from 30.0 Hz
2026-09-06T19:28:02.844+01:00 INFO : Decompressing waveform using inline_linear
2026-09-06T19:28:02.848+01:00 INFO : Filtering template 89/96 segment 1/5
2026-09-06T19:28:02.868+01:00 INFO : 2 points above threshold
2026-09-06T19:28:02.887+01:00 INFO : Filtering template 89/96 segment 2/5
2026-09-06T19:28:02.905+01:00 INFO : 1 points above threshold
2026-09-06T19:28:02.910+01:00 INFO : Filtering template 89/96 segment 3/5
2026-09-06T19:28:02.927+01:00 INFO : 2 points above threshold
2026-09-06T19:28:02.934+01:00 INFO : Filtering template 89/96 segment 4/5
2026-09-06T19:28:02.952+01:00 INFO : Filtering template 89/96 segment 5/5
2026-09-06T19:28:02.970+01:00 INFO : 89: generating IMRPhenomD from 30.0 Hz
2026-09-06T19:28:02.973+01:00 INFO : Decompressing waveform using inline_linear
2026-09-06T19:28:02.977+01:00 INFO : Filtering template 90/96 segment 1/5
2026-09-06T19:28:02.997+01:00 INFO : Filtering template 90/96 segment 2/5
2026-09-06T19:28:03.016+01:00 INFO : 1 points above threshold
2026-09-06T19:28:03.032+01:00 INFO : Filtering template 90/96 segment 3/5
2026-09-06T19:28:03.050+01:00 INFO : 3 points above threshold
2026-09-06T19:28:03.059+01:00 INFO : Filtering template 90/96 segment 4/5
2026-09-06T19:28:03.076+01:00 INFO : Filtering template 90/96 segment 5/5
2026-09-06T19:28:03.094+01:00 INFO : 1 points above threshold
2026-09-06T19:28:03.099+01:00 INFO : 90: generating IMRPhenomD from 30.0 Hz
2026-09-06T19:28:03.102+01:00 INFO : Decompressing waveform using inline_linear
2026-09-06T19:28:03.106+01:00 INFO : Filtering template 91/96 segment 1/5
2026-09-06T19:28:03.126+01:00 INFO : Filtering template 91/96 segment 2/5
2026-09-06T19:28:03.144+01:00 INFO : 2 points above threshold
2026-09-06T19:28:03.162+01:00 INFO : Filtering template 91/96 segment 3/5
2026-09-06T19:28:03.180+01:00 INFO : 3 points above threshold
2026-09-06T19:28:03.189+01:00 INFO : Filtering template 91/96 segment 4/5
2026-09-06T19:28:03.207+01:00 INFO : Filtering template 91/96 segment 5/5
2026-09-06T19:28:03.224+01:00 INFO : 1 points above threshold
2026-09-06T19:28:03.230+01:00 INFO : 91: generating IMRPhenomD from 30.0 Hz
2026-09-06T19:28:03.232+01:00 INFO : Decompressing waveform using inline_linear
2026-09-06T19:28:03.237+01:00 INFO : Filtering template 92/96 segment 1/5
2026-09-06T19:28:03.257+01:00 INFO : 2 points above threshold
2026-09-06T19:28:03.274+01:00 INFO : Filtering template 92/96 segment 2/5
2026-09-06T19:28:03.291+01:00 INFO : 1 points above threshold
2026-09-06T19:28:03.297+01:00 INFO : Filtering template 92/96 segment 3/5
2026-09-06T19:28:03.314+01:00 INFO : 2 points above threshold
2026-09-06T19:28:03.321+01:00 INFO : Filtering template 92/96 segment 4/5
2026-09-06T19:28:03.339+01:00 INFO : 1 points above threshold
2026-09-06T19:28:03.344+01:00 INFO : Filtering template 92/96 segment 5/5
2026-09-06T19:28:03.361+01:00 INFO : 1 points above threshold
2026-09-06T19:28:03.367+01:00 INFO : 92: generating IMRPhenomD from 30.0 Hz
2026-09-06T19:28:03.370+01:00 INFO : Decompressing waveform using inline_linear
2026-09-06T19:28:03.374+01:00 INFO : Filtering template 93/96 segment 1/5
2026-09-06T19:28:03.394+01:00 INFO : Filtering template 93/96 segment 2/5
2026-09-06T19:28:03.412+01:00 INFO : 3 points above threshold
2026-09-06T19:28:03.431+01:00 INFO : Filtering template 93/96 segment 3/5
2026-09-06T19:28:03.449+01:00 INFO : 3 points above threshold
2026-09-06T19:28:03.458+01:00 INFO : Filtering template 93/96 segment 4/5
2026-09-06T19:28:03.475+01:00 INFO : 1 points above threshold
2026-09-06T19:28:03.480+01:00 INFO : Filtering template 93/96 segment 5/5
2026-09-06T19:28:03.498+01:00 INFO : 1 points above threshold
2026-09-06T19:28:03.503+01:00 INFO : 93: generating IMRPhenomD from 30.0 Hz
2026-09-06T19:28:03.506+01:00 INFO : Decompressing waveform using inline_linear
2026-09-06T19:28:03.511+01:00 INFO : Filtering template 94/96 segment 1/5
2026-09-06T19:28:03.531+01:00 INFO : 1 points above threshold
2026-09-06T19:28:03.546+01:00 INFO : Filtering template 94/96 segment 2/5
2026-09-06T19:28:03.564+01:00 INFO : 2 points above threshold
2026-09-06T19:28:03.571+01:00 INFO : Filtering template 94/96 segment 3/5
2026-09-06T19:28:03.588+01:00 INFO : 4 points above threshold
2026-09-06T19:28:03.597+01:00 INFO : Filtering template 94/96 segment 4/5
2026-09-06T19:28:03.614+01:00 INFO : Filtering template 94/96 segment 5/5
2026-09-06T19:28:03.632+01:00 INFO : 2 points above threshold
2026-09-06T19:28:03.639+01:00 INFO : 94: generating IMRPhenomD from 30.0 Hz
2026-09-06T19:28:03.642+01:00 INFO : Decompressing waveform using inline_linear
2026-09-06T19:28:03.647+01:00 INFO : Filtering template 95/96 segment 1/5
2026-09-06T19:28:03.667+01:00 INFO : 3 points above threshold
2026-09-06T19:28:03.686+01:00 INFO : Filtering template 95/96 segment 2/5
2026-09-06T19:28:03.704+01:00 INFO : 2 points above threshold
2026-09-06T19:28:03.711+01:00 INFO : Filtering template 95/96 segment 3/5
2026-09-06T19:28:03.728+01:00 INFO : 2 points above threshold
2026-09-06T19:28:03.735+01:00 INFO : Filtering template 95/96 segment 4/5
2026-09-06T19:28:03.753+01:00 INFO : 1 points above threshold
2026-09-06T19:28:03.758+01:00 INFO : Filtering template 95/96 segment 5/5
2026-09-06T19:28:03.776+01:00 INFO : 95: generating IMRPhenomD from 30.0 Hz
2026-09-06T19:28:03.778+01:00 INFO : Decompressing waveform using inline_linear
2026-09-06T19:28:03.783+01:00 INFO : Filtering template 96/96 segment 1/5
2026-09-06T19:28:03.803+01:00 INFO : 2 points above threshold
2026-09-06T19:28:03.820+01:00 INFO : Filtering template 96/96 segment 2/5
2026-09-06T19:28:03.838+01:00 INFO : Filtering template 96/96 segment 3/5
2026-09-06T19:28:03.855+01:00 INFO : Filtering template 96/96 segment 4/5
2026-09-06T19:28:03.873+01:00 INFO : 1 points above threshold
2026-09-06T19:28:03.878+01:00 INFO : Filtering template 96/96 segment 5/5
2026-09-06T19:28:03.896+01:00 INFO : We currently have 527 triggers
2026-09-06T19:28:03.897+01:00 INFO : Removing triggers with NewSNR below threshold
2026-09-06T19:28:03.897+01:00 INFO : 475 remaining triggers
2026-09-06T19:28:03.897+01:00 INFO : Outputting 475 triggers
2026-09-06T19:28:03.897+01:00 INFO : Writing out triggers
2026-09-06T19:28:03.907+01:00 INFO : Finished
