2026-09-06T20:13:22.353+01:00 INFO : Running with Torch support on device cuda:0
2026-09-06T20:13:22.353+01:00 INFO : Reading Frames
2026-09-06T20:13:29.065+01:00 INFO : Highpass Filtering
2026-09-06T20:13:29.517+01:00 INFO : Resampling data
2026-09-06T20:13:29.528+01:00 INFO : Converting to float32
/home/xangma/pycbc-torch-inspiral-reference-20260906/source-v5/pycbc/types/array.py:872: RuntimeWarning: divide by zero encountered in divide
  return self._data.__rtruediv__(other)
2026-09-06T20:13:34.606+01:00 INFO : Highpass Filtering
2026-09-06T20:13:35.048+01:00 INFO : Remove Padding
2026-09-06T20:13:35.048+01:00 INFO : Making frequency-domain data segments
2026-09-06T20:13:35.700+01:00 INFO : Overwhitening frequency-domain data segments
2026-09-06T20:13:35.701+01:00 INFO : Read in template bank
2026-09-06T20:13:35.711+01:00 INFO : Full template bank size: 96
2026-09-06T20:13:35.711+01:00 INFO : Template bank size after thinning: 96
2026-09-06T20:13:35.711+01:00 INFO : 0: generating IMRPhenomD from 30.0 Hz
2026-09-06T20:13:35.712+01:00 INFO : Decompressing waveform using inline_linear
2026-09-06T20:13:35.900+01:00 INFO : Filtering template 1/96 segment 1/5
2026-09-06T20:13:36.384+01:00 INFO : 1 points above threshold
2026-09-06T20:13:36.402+01:00 INFO : Filtering template 1/96 segment 2/5
2026-09-06T20:13:36.403+01:00 INFO : Filtering template 1/96 segment 3/5
2026-09-06T20:13:36.403+01:00 INFO : 1 points above threshold
2026-09-06T20:13:36.406+01:00 INFO : Filtering template 1/96 segment 4/5
2026-09-06T20:13:36.406+01:00 INFO : Filtering template 1/96 segment 5/5
2026-09-06T20:13:36.407+01:00 INFO : 1 points above threshold
2026-09-06T20:13:36.410+01:00 INFO : 1: generating IMRPhenomD from 30.0 Hz
2026-09-06T20:13:36.411+01:00 INFO : Decompressing waveform using inline_linear
2026-09-06T20:13:36.413+01:00 INFO : Filtering template 2/96 segment 1/5
2026-09-06T20:13:36.414+01:00 INFO : 1 points above threshold
2026-09-06T20:13:36.417+01:00 INFO : Filtering template 2/96 segment 2/5
2026-09-06T20:13:36.418+01:00 INFO : 1 points above threshold
2026-09-06T20:13:36.420+01:00 INFO : Filtering template 2/96 segment 3/5
2026-09-06T20:13:36.421+01:00 INFO : 2 points above threshold
2026-09-06T20:13:36.427+01:00 INFO : Filtering template 2/96 segment 4/5
2026-09-06T20:13:36.427+01:00 INFO : Filtering template 2/96 segment 5/5
2026-09-06T20:13:36.428+01:00 INFO : 1 points above threshold
2026-09-06T20:13:36.431+01:00 INFO : 2: generating IMRPhenomD from 30.0 Hz
2026-09-06T20:13:36.432+01:00 INFO : Decompressing waveform using inline_linear
2026-09-06T20:13:36.434+01:00 INFO : Filtering template 3/96 segment 1/5
2026-09-06T20:13:36.435+01:00 INFO : 3 points above threshold
2026-09-06T20:13:36.439+01:00 INFO : Filtering template 3/96 segment 2/5
2026-09-06T20:13:36.440+01:00 INFO : Filtering template 3/96 segment 3/5
2026-09-06T20:13:36.440+01:00 INFO : 1 points above threshold
2026-09-06T20:13:36.443+01:00 INFO : Filtering template 3/96 segment 4/5
2026-09-06T20:13:36.443+01:00 INFO : 1 points above threshold
2026-09-06T20:13:36.446+01:00 INFO : Filtering template 3/96 segment 5/5
2026-09-06T20:13:36.446+01:00 INFO : 3: generating IMRPhenomD from 30.0 Hz
2026-09-06T20:13:36.448+01:00 INFO : Decompressing waveform using inline_linear
2026-09-06T20:13:36.449+01:00 INFO : Filtering template 4/96 segment 1/5
2026-09-06T20:13:36.450+01:00 INFO : 1 points above threshold
2026-09-06T20:13:36.453+01:00 INFO : Filtering template 4/96 segment 2/5
2026-09-06T20:13:36.454+01:00 INFO : 1 points above threshold
2026-09-06T20:13:36.456+01:00 INFO : Filtering template 4/96 segment 3/5
2026-09-06T20:13:36.457+01:00 INFO : 2 points above threshold
2026-09-06T20:13:36.460+01:00 INFO : Filtering template 4/96 segment 4/5
2026-09-06T20:13:36.461+01:00 INFO : 2 points above threshold
2026-09-06T20:13:36.464+01:00 INFO : Filtering template 4/96 segment 5/5
2026-09-06T20:13:36.464+01:00 INFO : 2 points above threshold
2026-09-06T20:13:36.468+01:00 INFO : 4: generating IMRPhenomD from 30.0 Hz
2026-09-06T20:13:36.470+01:00 INFO : Decompressing waveform using inline_linear
2026-09-06T20:13:36.472+01:00 INFO : Filtering template 5/96 segment 1/5
2026-09-06T20:13:36.472+01:00 INFO : 1 points above threshold
2026-09-06T20:13:36.475+01:00 INFO : Filtering template 5/96 segment 2/5
2026-09-06T20:13:36.476+01:00 INFO : 2 points above threshold
2026-09-06T20:13:36.479+01:00 INFO : Filtering template 5/96 segment 3/5
2026-09-06T20:13:36.480+01:00 INFO : 2 points above threshold
2026-09-06T20:13:36.483+01:00 INFO : Filtering template 5/96 segment 4/5
2026-09-06T20:13:36.483+01:00 INFO : 2 points above threshold
2026-09-06T20:13:36.487+01:00 INFO : Filtering template 5/96 segment 5/5
2026-09-06T20:13:36.488+01:00 INFO : 5: generating IMRPhenomD from 30.0 Hz
2026-09-06T20:13:36.489+01:00 INFO : Decompressing waveform using inline_linear
2026-09-06T20:13:36.491+01:00 INFO : Filtering template 6/96 segment 1/5
2026-09-06T20:13:36.492+01:00 INFO : 1 points above threshold
2026-09-06T20:13:36.495+01:00 INFO : Filtering template 6/96 segment 2/5
2026-09-06T20:13:36.495+01:00 INFO : Filtering template 6/96 segment 3/5
2026-09-06T20:13:36.496+01:00 INFO : Filtering template 6/96 segment 4/5
2026-09-06T20:13:36.496+01:00 INFO : Filtering template 6/96 segment 5/5
2026-09-06T20:13:36.496+01:00 INFO : 1 points above threshold
2026-09-06T20:13:36.499+01:00 INFO : 6: generating IMRPhenomD from 30.0 Hz
2026-09-06T20:13:36.500+01:00 INFO : Decompressing waveform using inline_linear
2026-09-06T20:13:36.502+01:00 INFO : Filtering template 7/96 segment 1/5
2026-09-06T20:13:36.503+01:00 INFO : 2 points above threshold
2026-09-06T20:13:36.507+01:00 INFO : Filtering template 7/96 segment 2/5
2026-09-06T20:13:36.508+01:00 INFO : Filtering template 7/96 segment 3/5
2026-09-06T20:13:36.508+01:00 INFO : Filtering template 7/96 segment 4/5
2026-09-06T20:13:36.509+01:00 INFO : 1 points above threshold
2026-09-06T20:13:36.511+01:00 INFO : Filtering template 7/96 segment 5/5
2026-09-06T20:13:36.512+01:00 INFO : 7: generating IMRPhenomD from 30.0 Hz
2026-09-06T20:13:36.513+01:00 INFO : Decompressing waveform using inline_linear
2026-09-06T20:13:36.515+01:00 INFO : Filtering template 8/96 segment 1/5
2026-09-06T20:13:36.516+01:00 INFO : 2 points above threshold
2026-09-06T20:13:36.520+01:00 INFO : Filtering template 8/96 segment 2/5
2026-09-06T20:13:36.520+01:00 INFO : 1 points above threshold
2026-09-06T20:13:36.523+01:00 INFO : Filtering template 8/96 segment 3/5
2026-09-06T20:13:36.523+01:00 INFO : 4 points above threshold
2026-09-06T20:13:36.527+01:00 INFO : Filtering template 8/96 segment 4/5
2026-09-06T20:13:36.527+01:00 INFO : Filtering template 8/96 segment 5/5
2026-09-06T20:13:36.528+01:00 INFO : 8: generating IMRPhenomD from 30.0 Hz
2026-09-06T20:13:36.529+01:00 INFO : Decompressing waveform using inline_linear
2026-09-06T20:13:36.531+01:00 INFO : Filtering template 9/96 segment 1/5
2026-09-06T20:13:36.532+01:00 INFO : Filtering template 9/96 segment 2/5
2026-09-06T20:13:36.532+01:00 INFO : 1 points above threshold
2026-09-06T20:13:36.535+01:00 INFO : Filtering template 9/96 segment 3/5
2026-09-06T20:13:36.536+01:00 INFO : 2 points above threshold
2026-09-06T20:13:36.539+01:00 INFO : Filtering template 9/96 segment 4/5
2026-09-06T20:13:36.540+01:00 INFO : 1 points above threshold
2026-09-06T20:13:36.542+01:00 INFO : Filtering template 9/96 segment 5/5
2026-09-06T20:13:36.543+01:00 INFO : 3 points above threshold
2026-09-06T20:13:36.547+01:00 INFO : 9: generating IMRPhenomD from 30.0 Hz
2026-09-06T20:13:36.548+01:00 INFO : Decompressing waveform using inline_linear
2026-09-06T20:13:36.550+01:00 INFO : Filtering template 10/96 segment 1/5
2026-09-06T20:13:36.551+01:00 INFO : 1 points above threshold
2026-09-06T20:13:36.554+01:00 INFO : Filtering template 10/96 segment 2/5
2026-09-06T20:13:36.554+01:00 INFO : 1 points above threshold
2026-09-06T20:13:36.557+01:00 INFO : Filtering template 10/96 segment 3/5
2026-09-06T20:13:36.557+01:00 INFO : Filtering template 10/96 segment 4/5
2026-09-06T20:13:36.558+01:00 INFO : 2 points above threshold
2026-09-06T20:13:36.561+01:00 INFO : Filtering template 10/96 segment 5/5
2026-09-06T20:13:36.562+01:00 INFO : 1 points above threshold
2026-09-06T20:13:36.564+01:00 INFO : 10: generating IMRPhenomD from 30.0 Hz
2026-09-06T20:13:36.566+01:00 INFO : Decompressing waveform using inline_linear
2026-09-06T20:13:36.568+01:00 INFO : Filtering template 11/96 segment 1/5
2026-09-06T20:13:36.568+01:00 INFO : 4 points above threshold
2026-09-06T20:13:36.572+01:00 INFO : Filtering template 11/96 segment 2/5
2026-09-06T20:13:36.573+01:00 INFO : 2 points above threshold
2026-09-06T20:13:36.576+01:00 INFO : Filtering template 11/96 segment 3/5
2026-09-06T20:13:36.577+01:00 INFO : 1 points above threshold
2026-09-06T20:13:36.579+01:00 INFO : Filtering template 11/96 segment 4/5
2026-09-06T20:13:36.580+01:00 INFO : Filtering template 11/96 segment 5/5
2026-09-06T20:13:36.580+01:00 INFO : 11: generating IMRPhenomD from 30.0 Hz
2026-09-06T20:13:36.582+01:00 INFO : Decompressing waveform using inline_linear
2026-09-06T20:13:36.584+01:00 INFO : Filtering template 12/96 segment 1/5
2026-09-06T20:13:36.584+01:00 INFO : 1 points above threshold
2026-09-06T20:13:36.588+01:00 INFO : Filtering template 12/96 segment 2/5
2026-09-06T20:13:36.588+01:00 INFO : 1 points above threshold
2026-09-06T20:13:36.590+01:00 INFO : Filtering template 12/96 segment 3/5
2026-09-06T20:13:36.591+01:00 INFO : 1 points above threshold
2026-09-06T20:13:36.593+01:00 INFO : Filtering template 12/96 segment 4/5
2026-09-06T20:13:36.594+01:00 INFO : 3 points above threshold
2026-09-06T20:13:36.597+01:00 INFO : Filtering template 12/96 segment 5/5
2026-09-06T20:13:36.598+01:00 INFO : 12: generating IMRPhenomD from 30.0 Hz
2026-09-06T20:13:36.599+01:00 INFO : Decompressing waveform using inline_linear
2026-09-06T20:13:36.601+01:00 INFO : Filtering template 13/96 segment 1/5
2026-09-06T20:13:36.602+01:00 INFO : Filtering template 13/96 segment 2/5
2026-09-06T20:13:36.603+01:00 INFO : 4 points above threshold
2026-09-06T20:13:36.607+01:00 INFO : Filtering template 13/96 segment 3/5
2026-09-06T20:13:36.607+01:00 INFO : Filtering template 13/96 segment 4/5
2026-09-06T20:13:36.607+01:00 INFO : Filtering template 13/96 segment 5/5
2026-09-06T20:13:36.608+01:00 INFO : 1 points above threshold
2026-09-06T20:13:36.611+01:00 INFO : 13: generating IMRPhenomD from 30.0 Hz
2026-09-06T20:13:36.612+01:00 INFO : Decompressing waveform using inline_linear
2026-09-06T20:13:36.614+01:00 INFO : Filtering template 14/96 segment 1/5
2026-09-06T20:13:36.615+01:00 INFO : 1 points above threshold
2026-09-06T20:13:36.618+01:00 INFO : Filtering template 14/96 segment 2/5
2026-09-06T20:13:36.618+01:00 INFO : 2 points above threshold
2026-09-06T20:13:36.621+01:00 INFO : Filtering template 14/96 segment 3/5
2026-09-06T20:13:36.622+01:00 INFO : 3 points above threshold
2026-09-06T20:13:36.625+01:00 INFO : Filtering template 14/96 segment 4/5
2026-09-06T20:13:36.625+01:00 INFO : 2 points above threshold
2026-09-06T20:13:36.628+01:00 INFO : Filtering template 14/96 segment 5/5
2026-09-06T20:13:36.629+01:00 INFO : 14: generating IMRPhenomD from 30.0 Hz
2026-09-06T20:13:36.630+01:00 INFO : Decompressing waveform using inline_linear
2026-09-06T20:13:36.632+01:00 INFO : Filtering template 15/96 segment 1/5
2026-09-06T20:13:36.633+01:00 INFO : 1 points above threshold
2026-09-06T20:13:36.636+01:00 INFO : Filtering template 15/96 segment 2/5
2026-09-06T20:13:36.636+01:00 INFO : Filtering template 15/96 segment 3/5
2026-09-06T20:13:36.637+01:00 INFO : 1 points above threshold
2026-09-06T20:13:36.639+01:00 INFO : Filtering template 15/96 segment 4/5
2026-09-06T20:13:36.640+01:00 INFO : 1 points above threshold
2026-09-06T20:13:36.642+01:00 INFO : Filtering template 15/96 segment 5/5
2026-09-06T20:13:36.643+01:00 INFO : 3 points above threshold
2026-09-06T20:13:36.647+01:00 INFO : 15: generating IMRPhenomD from 30.0 Hz
2026-09-06T20:13:36.648+01:00 INFO : Decompressing waveform using inline_linear
2026-09-06T20:13:36.650+01:00 INFO : Filtering template 16/96 segment 1/5
2026-09-06T20:13:36.650+01:00 INFO : 1 points above threshold
2026-09-06T20:13:36.654+01:00 INFO : Filtering template 16/96 segment 2/5
2026-09-06T20:13:36.654+01:00 INFO : 2 points above threshold
2026-09-06T20:13:36.657+01:00 INFO : Filtering template 16/96 segment 3/5
2026-09-06T20:13:36.658+01:00 INFO : 3 points above threshold
2026-09-06T20:13:36.661+01:00 INFO : Filtering template 16/96 segment 4/5
2026-09-06T20:13:36.661+01:00 INFO : 2 points above threshold
2026-09-06T20:13:36.664+01:00 INFO : Filtering template 16/96 segment 5/5
2026-09-06T20:13:36.665+01:00 INFO : 16: generating IMRPhenomD from 30.0 Hz
2026-09-06T20:13:36.667+01:00 INFO : Decompressing waveform using inline_linear
2026-09-06T20:13:36.668+01:00 INFO : Filtering template 17/96 segment 1/5
2026-09-06T20:13:36.669+01:00 INFO : 2 points above threshold
2026-09-06T20:13:36.673+01:00 INFO : Filtering template 17/96 segment 2/5
2026-09-06T20:13:36.673+01:00 INFO : 3 points above threshold
2026-09-06T20:13:36.676+01:00 INFO : Filtering template 17/96 segment 3/5
2026-09-06T20:13:36.676+01:00 INFO : Filtering template 17/96 segment 4/5
2026-09-06T20:13:36.677+01:00 INFO : 2 points above threshold
2026-09-06T20:13:36.679+01:00 INFO : Filtering template 17/96 segment 5/5
2026-09-06T20:13:36.680+01:00 INFO : 3 points above threshold
2026-09-06T20:13:36.683+01:00 INFO : 17: generating IMRPhenomD from 30.0 Hz
2026-09-06T20:13:36.685+01:00 INFO : Decompressing waveform using inline_linear
2026-09-06T20:13:36.686+01:00 INFO : Filtering template 18/96 segment 1/5
2026-09-06T20:13:36.687+01:00 INFO : Filtering template 18/96 segment 2/5
2026-09-06T20:13:36.688+01:00 INFO : Filtering template 18/96 segment 3/5
2026-09-06T20:13:36.688+01:00 INFO : 1 points above threshold
2026-09-06T20:13:36.691+01:00 INFO : Filtering template 18/96 segment 4/5
2026-09-06T20:13:36.692+01:00 INFO : Filtering template 18/96 segment 5/5
2026-09-06T20:13:36.692+01:00 INFO : 2 points above threshold
2026-09-06T20:13:36.696+01:00 INFO : 18: generating IMRPhenomD from 30.0 Hz
2026-09-06T20:13:36.697+01:00 INFO : Decompressing waveform using inline_linear
2026-09-06T20:13:36.699+01:00 INFO : Filtering template 19/96 segment 1/5
2026-09-06T20:13:36.700+01:00 INFO : 3 points above threshold
2026-09-06T20:13:36.703+01:00 INFO : Filtering template 19/96 segment 2/5
2026-09-06T20:13:36.704+01:00 INFO : 1 points above threshold
2026-09-06T20:13:36.706+01:00 INFO : Filtering template 19/96 segment 3/5
2026-09-06T20:13:36.707+01:00 INFO : 1 points above threshold
2026-09-06T20:13:36.709+01:00 INFO : Filtering template 19/96 segment 4/5
2026-09-06T20:13:36.710+01:00 INFO : 3 points above threshold
2026-09-06T20:13:36.712+01:00 INFO : Filtering template 19/96 segment 5/5
2026-09-06T20:13:36.713+01:00 INFO : 1 points above threshold
2026-09-06T20:13:36.716+01:00 INFO : 19: generating IMRPhenomD from 30.0 Hz
2026-09-06T20:13:36.717+01:00 INFO : Decompressing waveform using inline_linear
2026-09-06T20:13:36.719+01:00 INFO : Filtering template 20/96 segment 1/5
2026-09-06T20:13:36.720+01:00 INFO : 1 points above threshold
2026-09-06T20:13:36.723+01:00 INFO : Filtering template 20/96 segment 2/5
2026-09-06T20:13:36.723+01:00 INFO : 3 points above threshold
2026-09-06T20:13:36.727+01:00 INFO : Filtering template 20/96 segment 3/5
2026-09-06T20:13:36.727+01:00 INFO : Filtering template 20/96 segment 4/5
2026-09-06T20:13:36.727+01:00 INFO : 2 points above threshold
2026-09-06T20:13:36.731+01:00 INFO : Filtering template 20/96 segment 5/5
2026-09-06T20:13:36.732+01:00 INFO : 20: generating IMRPhenomD from 30.0 Hz
2026-09-06T20:13:36.733+01:00 INFO : Decompressing waveform using inline_linear
2026-09-06T20:13:36.735+01:00 INFO : Filtering template 21/96 segment 1/5
2026-09-06T20:13:36.736+01:00 INFO : 1 points above threshold
2026-09-06T20:13:36.739+01:00 INFO : Filtering template 21/96 segment 2/5
2026-09-06T20:13:36.739+01:00 INFO : 1 points above threshold
2026-09-06T20:13:36.741+01:00 INFO : Filtering template 21/96 segment 3/5
2026-09-06T20:13:36.742+01:00 INFO : 1 points above threshold
2026-09-06T20:13:36.744+01:00 INFO : Filtering template 21/96 segment 4/5
2026-09-06T20:13:36.745+01:00 INFO : Filtering template 21/96 segment 5/5
2026-09-06T20:13:36.746+01:00 INFO : 21: generating IMRPhenomD from 30.0 Hz
2026-09-06T20:13:36.748+01:00 INFO : Decompressing waveform using inline_linear
2026-09-06T20:13:36.750+01:00 INFO : Filtering template 22/96 segment 1/5
2026-09-06T20:13:36.752+01:00 INFO : 5 points above threshold
2026-09-06T20:13:36.756+01:00 INFO : Filtering template 22/96 segment 2/5
2026-09-06T20:13:36.756+01:00 INFO : Filtering template 22/96 segment 3/5
2026-09-06T20:13:36.757+01:00 INFO : Filtering template 22/96 segment 4/5
2026-09-06T20:13:36.757+01:00 INFO : 1 points above threshold
2026-09-06T20:13:36.760+01:00 INFO : Filtering template 22/96 segment 5/5
2026-09-06T20:13:36.761+01:00 INFO : 1 points above threshold
2026-09-06T20:13:36.764+01:00 INFO : 22: generating IMRPhenomD from 30.0 Hz
2026-09-06T20:13:36.766+01:00 INFO : Decompressing waveform using inline_linear
2026-09-06T20:13:36.768+01:00 INFO : Filtering template 23/96 segment 1/5
2026-09-06T20:13:36.769+01:00 INFO : 2 points above threshold
2026-09-06T20:13:36.773+01:00 INFO : Filtering template 23/96 segment 2/5
2026-09-06T20:13:36.773+01:00 INFO : 1 points above threshold
2026-09-06T20:13:36.776+01:00 INFO : Filtering template 23/96 segment 3/5
2026-09-06T20:13:36.776+01:00 INFO : 1 points above threshold
2026-09-06T20:13:36.779+01:00 INFO : Filtering template 23/96 segment 4/5
2026-09-06T20:13:36.779+01:00 INFO : Filtering template 23/96 segment 5/5
2026-09-06T20:13:36.780+01:00 INFO : 23: generating IMRPhenomD from 30.0 Hz
2026-09-06T20:13:36.781+01:00 INFO : Decompressing waveform using inline_linear
2026-09-06T20:13:36.784+01:00 INFO : Filtering template 24/96 segment 1/5
2026-09-06T20:13:36.785+01:00 INFO : 1 points above threshold
2026-09-06T20:13:36.789+01:00 INFO : Filtering template 24/96 segment 2/5
2026-09-06T20:13:36.789+01:00 INFO : 2 points above threshold
2026-09-06T20:13:36.793+01:00 INFO : Filtering template 24/96 segment 3/5
2026-09-06T20:13:36.794+01:00 INFO : 1 points above threshold
2026-09-06T20:13:36.796+01:00 INFO : Filtering template 24/96 segment 4/5
2026-09-06T20:13:36.797+01:00 INFO : Filtering template 24/96 segment 5/5
2026-09-06T20:13:36.797+01:00 INFO : 2 points above threshold
2026-09-06T20:13:36.802+01:00 INFO : 24: generating IMRPhenomD from 30.0 Hz
2026-09-06T20:13:36.803+01:00 INFO : Decompressing waveform using inline_linear
2026-09-06T20:13:36.806+01:00 INFO : Filtering template 25/96 segment 1/5
2026-09-06T20:13:36.807+01:00 INFO : 2 points above threshold
2026-09-06T20:13:36.811+01:00 INFO : Filtering template 25/96 segment 2/5
2026-09-06T20:13:36.811+01:00 INFO : Filtering template 25/96 segment 3/5
2026-09-06T20:13:36.812+01:00 INFO : Filtering template 25/96 segment 4/5
2026-09-06T20:13:36.812+01:00 INFO : Filtering template 25/96 segment 5/5
2026-09-06T20:13:36.813+01:00 INFO : 25: generating IMRPhenomD from 30.0 Hz
2026-09-06T20:13:36.814+01:00 INFO : Decompressing waveform using inline_linear
2026-09-06T20:13:36.817+01:00 INFO : Filtering template 26/96 segment 1/5
2026-09-06T20:13:36.818+01:00 INFO : Filtering template 26/96 segment 2/5
2026-09-06T20:13:36.818+01:00 INFO : 2 points above threshold
2026-09-06T20:13:36.823+01:00 INFO : Filtering template 26/96 segment 3/5
2026-09-06T20:13:36.823+01:00 INFO : Filtering template 26/96 segment 4/5
2026-09-06T20:13:36.824+01:00 INFO : 2 points above threshold
2026-09-06T20:13:36.827+01:00 INFO : Filtering template 26/96 segment 5/5
2026-09-06T20:13:36.828+01:00 INFO : 2 points above threshold
2026-09-06T20:13:36.832+01:00 INFO : 26: generating IMRPhenomD from 30.0 Hz
2026-09-06T20:13:36.833+01:00 INFO : Decompressing waveform using inline_linear
2026-09-06T20:13:36.835+01:00 INFO : Filtering template 27/96 segment 1/5
2026-09-06T20:13:36.836+01:00 INFO : 3 points above threshold
2026-09-06T20:13:36.840+01:00 INFO : Filtering template 27/96 segment 2/5
2026-09-06T20:13:36.841+01:00 INFO : Filtering template 27/96 segment 3/5
2026-09-06T20:13:36.842+01:00 INFO : 1 points above threshold
2026-09-06T20:13:36.845+01:00 INFO : Filtering template 27/96 segment 4/5
2026-09-06T20:13:36.846+01:00 INFO : Filtering template 27/96 segment 5/5
2026-09-06T20:13:36.847+01:00 INFO : 27: generating IMRPhenomD from 30.0 Hz
2026-09-06T20:13:36.849+01:00 INFO : Decompressing waveform using inline_linear
2026-09-06T20:13:36.851+01:00 INFO : Filtering template 28/96 segment 1/5
2026-09-06T20:13:36.852+01:00 INFO : 3 points above threshold
2026-09-06T20:13:36.856+01:00 INFO : Filtering template 28/96 segment 2/5
2026-09-06T20:13:36.857+01:00 INFO : 1 points above threshold
2026-09-06T20:13:36.859+01:00 INFO : Filtering template 28/96 segment 3/5
2026-09-06T20:13:36.860+01:00 INFO : 2 points above threshold
2026-09-06T20:13:36.863+01:00 INFO : Filtering template 28/96 segment 4/5
2026-09-06T20:13:36.864+01:00 INFO : 1 points above threshold
2026-09-06T20:13:36.866+01:00 INFO : Filtering template 28/96 segment 5/5
2026-09-06T20:13:36.867+01:00 INFO : 28: generating IMRPhenomD from 30.0 Hz
2026-09-06T20:13:36.869+01:00 INFO : Decompressing waveform using inline_linear
2026-09-06T20:13:36.871+01:00 INFO : Filtering template 29/96 segment 1/5
2026-09-06T20:13:36.872+01:00 INFO : 2 points above threshold
2026-09-06T20:13:36.876+01:00 INFO : Filtering template 29/96 segment 2/5
2026-09-06T20:13:36.876+01:00 INFO : 2 points above threshold
2026-09-06T20:13:36.880+01:00 INFO : Filtering template 29/96 segment 3/5
2026-09-06T20:13:36.880+01:00 INFO : 1 points above threshold
2026-09-06T20:13:36.883+01:00 INFO : Filtering template 29/96 segment 4/5
2026-09-06T20:13:36.883+01:00 INFO : 2 points above threshold
2026-09-06T20:13:36.887+01:00 INFO : Filtering template 29/96 segment 5/5
2026-09-06T20:13:36.887+01:00 INFO : 2 points above threshold
2026-09-06T20:13:36.891+01:00 INFO : 29: generating IMRPhenomD from 30.0 Hz
2026-09-06T20:13:36.893+01:00 INFO : Decompressing waveform using inline_linear
2026-09-06T20:13:36.895+01:00 INFO : Filtering template 30/96 segment 1/5
2026-09-06T20:13:36.895+01:00 INFO : 1 points above threshold
2026-09-06T20:13:36.899+01:00 INFO : Filtering template 30/96 segment 2/5
2026-09-06T20:13:36.899+01:00 INFO : 1 points above threshold
2026-09-06T20:13:36.901+01:00 INFO : Filtering template 30/96 segment 3/5
2026-09-06T20:13:36.902+01:00 INFO : 1 points above threshold
2026-09-06T20:13:36.904+01:00 INFO : Filtering template 30/96 segment 4/5
2026-09-06T20:13:36.905+01:00 INFO : Filtering template 30/96 segment 5/5
2026-09-06T20:13:36.906+01:00 INFO : 30: generating IMRPhenomD from 30.0 Hz
2026-09-06T20:13:36.907+01:00 INFO : Decompressing waveform using inline_linear
2026-09-06T20:13:36.909+01:00 INFO : Filtering template 31/96 segment 1/5
2026-09-06T20:13:36.910+01:00 INFO : Filtering template 31/96 segment 2/5
2026-09-06T20:13:36.910+01:00 INFO : 1 points above threshold
2026-09-06T20:13:36.913+01:00 INFO : Filtering template 31/96 segment 3/5
2026-09-06T20:13:36.913+01:00 INFO : Filtering template 31/96 segment 4/5
2026-09-06T20:13:36.914+01:00 INFO : 1 points above threshold
2026-09-06T20:13:36.916+01:00 INFO : Filtering template 31/96 segment 5/5
2026-09-06T20:13:36.917+01:00 INFO : 1 points above threshold
2026-09-06T20:13:36.920+01:00 INFO : 31: generating IMRPhenomD from 30.0 Hz
2026-09-06T20:13:36.921+01:00 INFO : Decompressing waveform using inline_linear
2026-09-06T20:13:36.923+01:00 INFO : Filtering template 32/96 segment 1/5
2026-09-06T20:13:36.924+01:00 INFO : Filtering template 32/96 segment 2/5
2026-09-06T20:13:36.924+01:00 INFO : Filtering template 32/96 segment 3/5
2026-09-06T20:13:36.924+01:00 INFO : Filtering template 32/96 segment 4/5
2026-09-06T20:13:36.925+01:00 INFO : 3 points above threshold
2026-09-06T20:13:36.929+01:00 INFO : Filtering template 32/96 segment 5/5
2026-09-06T20:13:36.929+01:00 INFO : 2 points above threshold
2026-09-06T20:13:36.933+01:00 INFO : 32: generating IMRPhenomD from 30.0 Hz
2026-09-06T20:13:36.934+01:00 INFO : Decompressing waveform using inline_linear
2026-09-06T20:13:36.936+01:00 INFO : Filtering template 33/96 segment 1/5
2026-09-06T20:13:36.936+01:00 INFO : 2 points above threshold
2026-09-06T20:13:36.940+01:00 INFO : Filtering template 33/96 segment 2/5
2026-09-06T20:13:36.941+01:00 INFO : Filtering template 33/96 segment 3/5
2026-09-06T20:13:36.941+01:00 INFO : Filtering template 33/96 segment 4/5
2026-09-06T20:13:36.942+01:00 INFO : 1 points above threshold
2026-09-06T20:13:36.944+01:00 INFO : Filtering template 33/96 segment 5/5
2026-09-06T20:13:36.945+01:00 INFO : 33: generating IMRPhenomD from 30.0 Hz
2026-09-06T20:13:36.946+01:00 INFO : Decompressing waveform using inline_linear
2026-09-06T20:13:36.948+01:00 INFO : Filtering template 34/96 segment 1/5
2026-09-06T20:13:36.949+01:00 INFO : Filtering template 34/96 segment 2/5
2026-09-06T20:13:36.950+01:00 INFO : 1 points above threshold
2026-09-06T20:13:36.953+01:00 INFO : Filtering template 34/96 segment 3/5
2026-09-06T20:13:36.953+01:00 INFO : 1 points above threshold
2026-09-06T20:13:36.955+01:00 INFO : Filtering template 34/96 segment 4/5
2026-09-06T20:13:36.956+01:00 INFO : Filtering template 34/96 segment 5/5
2026-09-06T20:13:36.956+01:00 INFO : 1 points above threshold
2026-09-06T20:13:36.959+01:00 INFO : 34: generating IMRPhenomD from 30.0 Hz
2026-09-06T20:13:36.960+01:00 INFO : Decompressing waveform using inline_linear
2026-09-06T20:13:36.962+01:00 INFO : Filtering template 35/96 segment 1/5
2026-09-06T20:13:36.963+01:00 INFO : 1 points above threshold
2026-09-06T20:13:36.966+01:00 INFO : Filtering template 35/96 segment 2/5
2026-09-06T20:13:36.967+01:00 INFO : 1 points above threshold
2026-09-06T20:13:36.969+01:00 INFO : Filtering template 35/96 segment 3/5
2026-09-06T20:13:36.969+01:00 INFO : 1 points above threshold
2026-09-06T20:13:36.972+01:00 INFO : Filtering template 35/96 segment 4/5
2026-09-06T20:13:36.972+01:00 INFO : Filtering template 35/96 segment 5/5
2026-09-06T20:13:36.973+01:00 INFO : 35: generating IMRPhenomD from 30.0 Hz
2026-09-06T20:13:36.974+01:00 INFO : Decompressing waveform using inline_linear
2026-09-06T20:13:36.976+01:00 INFO : Filtering template 36/96 segment 1/5
2026-09-06T20:13:36.977+01:00 INFO : 3 points above threshold
2026-09-06T20:13:36.981+01:00 INFO : Filtering template 36/96 segment 2/5
2026-09-06T20:13:36.981+01:00 INFO : 1 points above threshold
2026-09-06T20:13:36.983+01:00 INFO : Filtering template 36/96 segment 3/5
2026-09-06T20:13:36.984+01:00 INFO : 2 points above threshold
2026-09-06T20:13:36.987+01:00 INFO : Filtering template 36/96 segment 4/5
2026-09-06T20:13:36.987+01:00 INFO : Filtering template 36/96 segment 5/5
2026-09-06T20:13:36.988+01:00 INFO : 1 points above threshold
2026-09-06T20:13:36.991+01:00 INFO : 36: generating IMRPhenomD from 30.0 Hz
2026-09-06T20:13:36.992+01:00 INFO : Decompressing waveform using inline_linear
2026-09-06T20:13:36.994+01:00 INFO : Filtering template 37/96 segment 1/5
2026-09-06T20:13:36.994+01:00 INFO : 2 points above threshold
2026-09-06T20:13:36.999+01:00 INFO : Filtering template 37/96 segment 2/5
2026-09-06T20:13:36.999+01:00 INFO : 3 points above threshold
2026-09-06T20:13:37.003+01:00 INFO : Filtering template 37/96 segment 3/5
2026-09-06T20:13:37.003+01:00 INFO : 1 points above threshold
2026-09-06T20:13:37.005+01:00 INFO : Filtering template 37/96 segment 4/5
2026-09-06T20:13:37.006+01:00 INFO : 3 points above threshold
2026-09-06T20:13:37.010+01:00 INFO : Filtering template 37/96 segment 5/5
2026-09-06T20:13:37.011+01:00 INFO : 37: generating IMRPhenomD from 30.0 Hz
2026-09-06T20:13:37.013+01:00 INFO : Decompressing waveform using inline_linear
2026-09-06T20:13:37.015+01:00 INFO : Filtering template 38/96 segment 1/5
2026-09-06T20:13:37.016+01:00 INFO : Filtering template 38/96 segment 2/5
2026-09-06T20:13:37.016+01:00 INFO : Filtering template 38/96 segment 3/5
2026-09-06T20:13:37.016+01:00 INFO : 1 points above threshold
2026-09-06T20:13:37.020+01:00 INFO : Filtering template 38/96 segment 4/5
2026-09-06T20:13:37.020+01:00 INFO : 1 points above threshold
2026-09-06T20:13:37.022+01:00 INFO : Filtering template 38/96 segment 5/5
2026-09-06T20:13:37.023+01:00 INFO : 1 points above threshold
2026-09-06T20:13:37.026+01:00 INFO : 38: generating IMRPhenomD from 30.0 Hz
2026-09-06T20:13:37.027+01:00 INFO : Decompressing waveform using inline_linear
2026-09-06T20:13:37.029+01:00 INFO : Filtering template 39/96 segment 1/5
2026-09-06T20:13:37.030+01:00 INFO : Filtering template 39/96 segment 2/5
2026-09-06T20:13:37.030+01:00 INFO : 2 points above threshold
2026-09-06T20:13:37.034+01:00 INFO : Filtering template 39/96 segment 3/5
2026-09-06T20:13:37.035+01:00 INFO : Filtering template 39/96 segment 4/5
2026-09-06T20:13:37.035+01:00 INFO : 2 points above threshold
2026-09-06T20:13:37.039+01:00 INFO : Filtering template 39/96 segment 5/5
2026-09-06T20:13:37.040+01:00 INFO : 39: generating IMRPhenomD from 30.0 Hz
2026-09-06T20:13:37.041+01:00 INFO : Decompressing waveform using inline_linear
2026-09-06T20:13:37.043+01:00 INFO : Filtering template 40/96 segment 1/5
2026-09-06T20:13:37.043+01:00 INFO : Filtering template 40/96 segment 2/5
2026-09-06T20:13:37.044+01:00 INFO : Filtering template 40/96 segment 3/5
2026-09-06T20:13:37.044+01:00 INFO : Filtering template 40/96 segment 4/5
2026-09-06T20:13:37.045+01:00 INFO : 2 points above threshold
2026-09-06T20:13:37.049+01:00 INFO : Filtering template 40/96 segment 5/5
2026-09-06T20:13:37.050+01:00 INFO : 40: generating IMRPhenomD from 30.0 Hz
2026-09-06T20:13:37.051+01:00 INFO : Decompressing waveform using inline_linear
2026-09-06T20:13:37.053+01:00 INFO : Filtering template 41/96 segment 1/5
2026-09-06T20:13:37.053+01:00 INFO : Filtering template 41/96 segment 2/5
2026-09-06T20:13:37.054+01:00 INFO : Filtering template 41/96 segment 3/5
2026-09-06T20:13:37.054+01:00 INFO : 2 points above threshold
2026-09-06T20:13:37.059+01:00 INFO : Filtering template 41/96 segment 4/5
2026-09-06T20:13:37.059+01:00 INFO : 2 points above threshold
2026-09-06T20:13:37.063+01:00 INFO : Filtering template 41/96 segment 5/5
2026-09-06T20:13:37.063+01:00 INFO : 41: generating IMRPhenomD from 30.0 Hz
2026-09-06T20:13:37.065+01:00 INFO : Decompressing waveform using inline_linear
2026-09-06T20:13:37.066+01:00 INFO : Filtering template 42/96 segment 1/5
2026-09-06T20:13:37.067+01:00 INFO : Filtering template 42/96 segment 2/5
2026-09-06T20:13:37.068+01:00 INFO : 1 points above threshold
2026-09-06T20:13:37.071+01:00 INFO : Filtering template 42/96 segment 3/5
2026-09-06T20:13:37.071+01:00 INFO : Filtering template 42/96 segment 4/5
2026-09-06T20:13:37.072+01:00 INFO : 1 points above threshold
2026-09-06T20:13:37.074+01:00 INFO : Filtering template 42/96 segment 5/5
2026-09-06T20:13:37.075+01:00 INFO : 1 points above threshold
2026-09-06T20:13:37.077+01:00 INFO : 42: generating IMRPhenomD from 30.0 Hz
2026-09-06T20:13:37.079+01:00 INFO : Decompressing waveform using inline_linear
2026-09-06T20:13:37.080+01:00 INFO : Filtering template 43/96 segment 1/5
2026-09-06T20:13:37.081+01:00 INFO : 1 points above threshold
2026-09-06T20:13:37.084+01:00 INFO : Filtering template 43/96 segment 2/5
2026-09-06T20:13:37.085+01:00 INFO : 2 points above threshold
2026-09-06T20:13:37.088+01:00 INFO : Filtering template 43/96 segment 3/5
2026-09-06T20:13:37.089+01:00 INFO : 1 points above threshold
2026-09-06T20:13:37.091+01:00 INFO : Filtering template 43/96 segment 4/5
2026-09-06T20:13:37.091+01:00 INFO : Filtering template 43/96 segment 5/5
2026-09-06T20:13:37.092+01:00 INFO : 43: generating IMRPhenomD from 30.0 Hz
2026-09-06T20:13:37.094+01:00 INFO : Decompressing waveform using inline_linear
2026-09-06T20:13:37.095+01:00 INFO : Filtering template 44/96 segment 1/5
2026-09-06T20:13:37.096+01:00 INFO : 1 points above threshold
2026-09-06T20:13:37.099+01:00 INFO : Filtering template 44/96 segment 2/5
2026-09-06T20:13:37.100+01:00 INFO : Filtering template 44/96 segment 3/5
2026-09-06T20:13:37.100+01:00 INFO : Filtering template 44/96 segment 4/5
2026-09-06T20:13:37.101+01:00 INFO : 1 points above threshold
2026-09-06T20:13:37.103+01:00 INFO : Filtering template 44/96 segment 5/5
2026-09-06T20:13:37.104+01:00 INFO : 44: generating IMRPhenomD from 30.0 Hz
2026-09-06T20:13:37.105+01:00 INFO : Decompressing waveform using inline_linear
2026-09-06T20:13:37.107+01:00 INFO : Filtering template 45/96 segment 1/5
2026-09-06T20:13:37.108+01:00 INFO : 2 points above threshold
2026-09-06T20:13:37.112+01:00 INFO : Filtering template 45/96 segment 2/5
2026-09-06T20:13:37.112+01:00 INFO : 1 points above threshold
2026-09-06T20:13:37.114+01:00 INFO : Filtering template 45/96 segment 3/5
2026-09-06T20:13:37.115+01:00 INFO : 1 points above threshold
2026-09-06T20:13:37.117+01:00 INFO : Filtering template 45/96 segment 4/5
2026-09-06T20:13:37.118+01:00 INFO : Filtering template 45/96 segment 5/5
2026-09-06T20:13:37.119+01:00 INFO : 45: generating IMRPhenomD from 30.0 Hz
2026-09-06T20:13:37.120+01:00 INFO : Decompressing waveform using inline_linear
2026-09-06T20:13:37.122+01:00 INFO : Filtering template 46/96 segment 1/5
2026-09-06T20:13:37.123+01:00 INFO : Filtering template 46/96 segment 2/5
2026-09-06T20:13:37.123+01:00 INFO : Filtering template 46/96 segment 3/5
2026-09-06T20:13:37.123+01:00 INFO : 1 points above threshold
2026-09-06T20:13:37.126+01:00 INFO : Filtering template 46/96 segment 4/5
2026-09-06T20:13:37.127+01:00 INFO : 3 points above threshold
2026-09-06T20:13:37.130+01:00 INFO : Filtering template 46/96 segment 5/5
2026-09-06T20:13:37.131+01:00 INFO : 1 points above threshold
2026-09-06T20:13:37.134+01:00 INFO : 46: generating IMRPhenomD from 30.0 Hz
2026-09-06T20:13:37.135+01:00 INFO : Decompressing waveform using inline_linear
2026-09-06T20:13:37.137+01:00 INFO : Filtering template 47/96 segment 1/5
2026-09-06T20:13:37.138+01:00 INFO : 3 points above threshold
2026-09-06T20:13:37.142+01:00 INFO : Filtering template 47/96 segment 2/5
2026-09-06T20:13:37.142+01:00 INFO : Filtering template 47/96 segment 3/5
2026-09-06T20:13:37.143+01:00 INFO : 2 points above threshold
2026-09-06T20:13:37.146+01:00 INFO : Filtering template 47/96 segment 4/5
2026-09-06T20:13:37.147+01:00 INFO : 1 points above threshold
2026-09-06T20:13:37.149+01:00 INFO : Filtering template 47/96 segment 5/5
2026-09-06T20:13:37.150+01:00 INFO : 1 points above threshold
2026-09-06T20:13:37.152+01:00 INFO : 47: generating IMRPhenomD from 30.0 Hz
2026-09-06T20:13:37.154+01:00 INFO : Decompressing waveform using inline_linear
2026-09-06T20:13:37.155+01:00 INFO : Filtering template 48/96 segment 1/5
2026-09-06T20:13:37.156+01:00 INFO : 3 points above threshold
2026-09-06T20:13:37.161+01:00 INFO : Filtering template 48/96 segment 2/5
2026-09-06T20:13:37.161+01:00 INFO : 1 points above threshold
2026-09-06T20:13:37.163+01:00 INFO : Filtering template 48/96 segment 3/5
2026-09-06T20:13:37.164+01:00 INFO : 1 points above threshold
2026-09-06T20:13:37.166+01:00 INFO : Filtering template 48/96 segment 4/5
2026-09-06T20:13:37.167+01:00 INFO : 2 points above threshold
2026-09-06T20:13:37.170+01:00 INFO : Filtering template 48/96 segment 5/5
2026-09-06T20:13:37.171+01:00 INFO : 1 points above threshold
2026-09-06T20:13:37.174+01:00 INFO : 48: generating IMRPhenomD from 30.0 Hz
2026-09-06T20:13:37.175+01:00 INFO : Decompressing waveform using inline_linear
2026-09-06T20:13:37.177+01:00 INFO : Filtering template 49/96 segment 1/5
2026-09-06T20:13:37.178+01:00 INFO : 1 points above threshold
2026-09-06T20:13:37.181+01:00 INFO : Filtering template 49/96 segment 2/5
2026-09-06T20:13:37.181+01:00 INFO : 1 points above threshold
2026-09-06T20:13:37.184+01:00 INFO : Filtering template 49/96 segment 3/5
2026-09-06T20:13:37.184+01:00 INFO : 2 points above threshold
2026-09-06T20:13:37.188+01:00 INFO : Filtering template 49/96 segment 4/5
2026-09-06T20:13:37.188+01:00 INFO : Filtering template 49/96 segment 5/5
2026-09-06T20:13:37.189+01:00 INFO : 49: generating IMRPhenomD from 30.0 Hz
2026-09-06T20:13:37.190+01:00 INFO : Decompressing waveform using inline_linear
2026-09-06T20:13:37.192+01:00 INFO : Filtering template 50/96 segment 1/5
2026-09-06T20:13:37.193+01:00 INFO : Filtering template 50/96 segment 2/5
2026-09-06T20:13:37.193+01:00 INFO : 2 points above threshold
2026-09-06T20:13:37.197+01:00 INFO : Filtering template 50/96 segment 3/5
2026-09-06T20:13:37.198+01:00 INFO : 4 points above threshold
2026-09-06T20:13:37.201+01:00 INFO : Filtering template 50/96 segment 4/5
2026-09-06T20:13:37.202+01:00 INFO : 2 points above threshold
2026-09-06T20:13:37.205+01:00 INFO : Filtering template 50/96 segment 5/5
2026-09-06T20:13:37.206+01:00 INFO : 50: generating IMRPhenomD from 30.0 Hz
2026-09-06T20:13:37.208+01:00 INFO : Decompressing waveform using inline_linear
2026-09-06T20:13:37.209+01:00 INFO : Filtering template 51/96 segment 1/5
2026-09-06T20:13:37.210+01:00 INFO : 1 points above threshold
2026-09-06T20:13:37.213+01:00 INFO : Filtering template 51/96 segment 2/5
2026-09-06T20:13:37.214+01:00 INFO : 1 points above threshold
2026-09-06T20:13:37.216+01:00 INFO : Filtering template 51/96 segment 3/5
2026-09-06T20:13:37.217+01:00 INFO : Filtering template 51/96 segment 4/5
2026-09-06T20:13:37.217+01:00 INFO : 1 points above threshold
2026-09-06T20:13:37.219+01:00 INFO : Filtering template 51/96 segment 5/5
2026-09-06T20:13:37.220+01:00 INFO : 2 points above threshold
2026-09-06T20:13:37.224+01:00 INFO : 51: generating IMRPhenomD from 30.0 Hz
2026-09-06T20:13:37.225+01:00 INFO : Decompressing waveform using inline_linear
2026-09-06T20:13:37.227+01:00 INFO : Filtering template 52/96 segment 1/5
2026-09-06T20:13:37.228+01:00 INFO : 1 points above threshold
2026-09-06T20:13:37.231+01:00 INFO : Filtering template 52/96 segment 2/5
2026-09-06T20:13:37.231+01:00 INFO : 1 points above threshold
2026-09-06T20:13:37.234+01:00 INFO : Filtering template 52/96 segment 3/5
2026-09-06T20:13:37.234+01:00 INFO : Filtering template 52/96 segment 4/5
2026-09-06T20:13:37.235+01:00 INFO : 3 points above threshold
2026-09-06T20:13:37.238+01:00 INFO : Filtering template 52/96 segment 5/5
2026-09-06T20:13:37.239+01:00 INFO : 1 points above threshold
2026-09-06T20:13:37.242+01:00 INFO : 52: generating IMRPhenomD from 30.0 Hz
2026-09-06T20:13:37.243+01:00 INFO : Decompressing waveform using inline_linear
2026-09-06T20:13:37.245+01:00 INFO : Filtering template 53/96 segment 1/5
2026-09-06T20:13:37.245+01:00 INFO : 3 points above threshold
2026-09-06T20:13:37.250+01:00 INFO : Filtering template 53/96 segment 2/5
2026-09-06T20:13:37.250+01:00 INFO : 2 points above threshold
2026-09-06T20:13:37.254+01:00 INFO : Filtering template 53/96 segment 3/5
2026-09-06T20:13:37.254+01:00 INFO : 2 points above threshold
2026-09-06T20:13:37.258+01:00 INFO : Filtering template 53/96 segment 4/5
2026-09-06T20:13:37.258+01:00 INFO : 1 points above threshold
2026-09-06T20:13:37.260+01:00 INFO : Filtering template 53/96 segment 5/5
2026-09-06T20:13:37.261+01:00 INFO : 1 points above threshold
2026-09-06T20:13:37.264+01:00 INFO : 53: generating IMRPhenomD from 30.0 Hz
2026-09-06T20:13:37.265+01:00 INFO : Decompressing waveform using inline_linear
2026-09-06T20:13:37.267+01:00 INFO : Filtering template 54/96 segment 1/5
2026-09-06T20:13:37.268+01:00 INFO : Filtering template 54/96 segment 2/5
2026-09-06T20:13:37.268+01:00 INFO : Filtering template 54/96 segment 3/5
2026-09-06T20:13:37.269+01:00 INFO : 2 points above threshold
2026-09-06T20:13:37.272+01:00 INFO : Filtering template 54/96 segment 4/5
2026-09-06T20:13:37.272+01:00 INFO : 5 points above threshold
2026-09-06T20:13:37.275+01:00 INFO : Filtering template 54/96 segment 5/5
2026-09-06T20:13:37.276+01:00 INFO : 54: generating IMRPhenomD from 30.0 Hz
2026-09-06T20:13:37.277+01:00 INFO : Decompressing waveform using inline_linear
2026-09-06T20:13:37.279+01:00 INFO : Filtering template 55/96 segment 1/5
2026-09-06T20:13:37.280+01:00 INFO : Filtering template 55/96 segment 2/5
2026-09-06T20:13:37.280+01:00 INFO : 1 points above threshold
2026-09-06T20:13:37.283+01:00 INFO : Filtering template 55/96 segment 3/5
2026-09-06T20:13:37.284+01:00 INFO : 3 points above threshold
2026-09-06T20:13:37.287+01:00 INFO : Filtering template 55/96 segment 4/5
2026-09-06T20:13:37.288+01:00 INFO : 1 points above threshold
2026-09-06T20:13:37.290+01:00 INFO : Filtering template 55/96 segment 5/5
2026-09-06T20:13:37.291+01:00 INFO : 1 points above threshold
2026-09-06T20:13:37.293+01:00 INFO : 55: generating IMRPhenomD from 30.0 Hz
2026-09-06T20:13:37.295+01:00 INFO : Decompressing waveform using inline_linear
2026-09-06T20:13:37.296+01:00 INFO : Filtering template 56/96 segment 1/5
2026-09-06T20:13:37.297+01:00 INFO : 1 points above threshold
2026-09-06T20:13:37.300+01:00 INFO : Filtering template 56/96 segment 2/5
2026-09-06T20:13:37.301+01:00 INFO : 1 points above threshold
2026-09-06T20:13:37.303+01:00 INFO : Filtering template 56/96 segment 3/5
2026-09-06T20:13:37.304+01:00 INFO : 3 points above threshold
2026-09-06T20:13:37.307+01:00 INFO : Filtering template 56/96 segment 4/5
2026-09-06T20:13:37.308+01:00 INFO : Filtering template 56/96 segment 5/5
2026-09-06T20:13:37.308+01:00 INFO : 1 points above threshold
2026-09-06T20:13:37.311+01:00 INFO : 56: generating IMRPhenomD from 30.0 Hz
2026-09-06T20:13:37.312+01:00 INFO : Decompressing waveform using inline_linear
2026-09-06T20:13:37.314+01:00 INFO : Filtering template 57/96 segment 1/5
2026-09-06T20:13:37.315+01:00 INFO : 1 points above threshold
2026-09-06T20:13:37.318+01:00 INFO : Filtering template 57/96 segment 2/5
2026-09-06T20:13:37.319+01:00 INFO : 2 points above threshold
2026-09-06T20:13:37.322+01:00 INFO : Filtering template 57/96 segment 3/5
2026-09-06T20:13:37.323+01:00 INFO : 2 points above threshold
2026-09-06T20:13:37.326+01:00 INFO : Filtering template 57/96 segment 4/5
2026-09-06T20:13:37.327+01:00 INFO : 2 points above threshold
2026-09-06T20:13:37.330+01:00 INFO : Filtering template 57/96 segment 5/5
2026-09-06T20:13:37.331+01:00 INFO : 57: generating IMRPhenomD from 30.0 Hz
2026-09-06T20:13:37.332+01:00 INFO : Decompressing waveform using inline_linear
2026-09-06T20:13:37.334+01:00 INFO : Filtering template 58/96 segment 1/5
2026-09-06T20:13:37.335+01:00 INFO : 1 points above threshold
2026-09-06T20:13:37.338+01:00 INFO : Filtering template 58/96 segment 2/5
2026-09-06T20:13:37.338+01:00 INFO : 2 points above threshold
2026-09-06T20:13:37.342+01:00 INFO : Filtering template 58/96 segment 3/5
2026-09-06T20:13:37.342+01:00 INFO : 1 points above threshold
2026-09-06T20:13:37.345+01:00 INFO : Filtering template 58/96 segment 4/5
2026-09-06T20:13:37.345+01:00 INFO : 1 points above threshold
2026-09-06T20:13:37.348+01:00 INFO : Filtering template 58/96 segment 5/5
2026-09-06T20:13:37.348+01:00 INFO : 2 points above threshold
2026-09-06T20:13:37.352+01:00 INFO : 58: generating IMRPhenomD from 30.0 Hz
2026-09-06T20:13:37.353+01:00 INFO : Decompressing waveform using inline_linear
2026-09-06T20:13:37.355+01:00 INFO : Filtering template 59/96 segment 1/5
2026-09-06T20:13:37.356+01:00 INFO : 1 points above threshold
2026-09-06T20:13:37.359+01:00 INFO : Filtering template 59/96 segment 2/5
2026-09-06T20:13:37.360+01:00 INFO : 2 points above threshold
2026-09-06T20:13:37.363+01:00 INFO : Filtering template 59/96 segment 3/5
2026-09-06T20:13:37.364+01:00 INFO : 2 points above threshold
2026-09-06T20:13:37.367+01:00 INFO : Filtering template 59/96 segment 4/5
2026-09-06T20:13:37.368+01:00 INFO : 1 points above threshold
2026-09-06T20:13:37.370+01:00 INFO : Filtering template 59/96 segment 5/5
2026-09-06T20:13:37.371+01:00 INFO : 59: generating IMRPhenomD from 30.0 Hz
2026-09-06T20:13:37.372+01:00 INFO : Decompressing waveform using inline_linear
2026-09-06T20:13:37.374+01:00 INFO : Filtering template 60/96 segment 1/5
2026-09-06T20:13:37.375+01:00 INFO : Filtering template 60/96 segment 2/5
2026-09-06T20:13:37.375+01:00 INFO : Filtering template 60/96 segment 3/5
2026-09-06T20:13:37.376+01:00 INFO : 1 points above threshold
2026-09-06T20:13:37.379+01:00 INFO : Filtering template 60/96 segment 4/5
2026-09-06T20:13:37.379+01:00 INFO : 2 points above threshold
2026-09-06T20:13:37.383+01:00 INFO : Filtering template 60/96 segment 5/5
2026-09-06T20:13:37.384+01:00 INFO : 60: generating IMRPhenomD from 30.0 Hz
2026-09-06T20:13:37.385+01:00 INFO : Decompressing waveform using inline_linear
2026-09-06T20:13:37.387+01:00 INFO : Filtering template 61/96 segment 1/5
2026-09-06T20:13:37.388+01:00 INFO : Filtering template 61/96 segment 2/5
2026-09-06T20:13:37.388+01:00 INFO : 2 points above threshold
2026-09-06T20:13:37.392+01:00 INFO : Filtering template 61/96 segment 3/5
2026-09-06T20:13:37.393+01:00 INFO : 1 points above threshold
2026-09-06T20:13:37.395+01:00 INFO : Filtering template 61/96 segment 4/5
2026-09-06T20:13:37.395+01:00 INFO : 1 points above threshold
2026-09-06T20:13:37.398+01:00 INFO : Filtering template 61/96 segment 5/5
2026-09-06T20:13:37.399+01:00 INFO : 61: generating IMRPhenomD from 30.0 Hz
2026-09-06T20:13:37.400+01:00 INFO : Decompressing waveform using inline_linear
2026-09-06T20:13:37.402+01:00 INFO : Filtering template 62/96 segment 1/5
2026-09-06T20:13:37.403+01:00 INFO : 2 points above threshold
2026-09-06T20:13:37.407+01:00 INFO : Filtering template 62/96 segment 2/5
2026-09-06T20:13:37.407+01:00 INFO : Filtering template 62/96 segment 3/5
2026-09-06T20:13:37.408+01:00 INFO : Filtering template 62/96 segment 4/5
2026-09-06T20:13:37.408+01:00 INFO : 5 points above threshold
2026-09-06T20:13:37.412+01:00 INFO : Filtering template 62/96 segment 5/5
2026-09-06T20:13:37.413+01:00 INFO : 62: generating IMRPhenomD from 30.0 Hz
2026-09-06T20:13:37.414+01:00 INFO : Decompressing waveform using inline_linear
2026-09-06T20:13:37.416+01:00 INFO : Filtering template 63/96 segment 1/5
2026-09-06T20:13:37.417+01:00 INFO : Filtering template 63/96 segment 2/5
2026-09-06T20:13:37.417+01:00 INFO : 1 points above threshold
2026-09-06T20:13:37.421+01:00 INFO : Filtering template 63/96 segment 3/5
2026-09-06T20:13:37.421+01:00 INFO : 2 points above threshold
2026-09-06T20:13:37.425+01:00 INFO : Filtering template 63/96 segment 4/5
2026-09-06T20:13:37.425+01:00 INFO : 1 points above threshold
2026-09-06T20:13:37.427+01:00 INFO : Filtering template 63/96 segment 5/5
2026-09-06T20:13:37.428+01:00 INFO : 1 points above threshold
2026-09-06T20:13:37.431+01:00 INFO : 63: generating IMRPhenomD from 30.0 Hz
2026-09-06T20:13:37.432+01:00 INFO : Decompressing waveform using inline_linear
2026-09-06T20:13:37.434+01:00 INFO : Filtering template 64/96 segment 1/5
2026-09-06T20:13:37.435+01:00 INFO : 2 points above threshold
2026-09-06T20:13:37.439+01:00 INFO : Filtering template 64/96 segment 2/5
2026-09-06T20:13:37.439+01:00 INFO : 1 points above threshold
2026-09-06T20:13:37.442+01:00 INFO : Filtering template 64/96 segment 3/5
2026-09-06T20:13:37.442+01:00 INFO : Filtering template 64/96 segment 4/5
2026-09-06T20:13:37.443+01:00 INFO : Filtering template 64/96 segment 5/5
2026-09-06T20:13:37.443+01:00 INFO : 64: generating IMRPhenomD from 30.0 Hz
2026-09-06T20:13:37.445+01:00 INFO : Decompressing waveform using inline_linear
2026-09-06T20:13:37.446+01:00 INFO : Filtering template 65/96 segment 1/5
2026-09-06T20:13:37.447+01:00 INFO : 2 points above threshold
2026-09-06T20:13:37.451+01:00 INFO : Filtering template 65/96 segment 2/5
2026-09-06T20:13:37.452+01:00 INFO : 2 points above threshold
2026-09-06T20:13:37.455+01:00 INFO : Filtering template 65/96 segment 3/5
2026-09-06T20:13:37.455+01:00 INFO : 1 points above threshold
2026-09-06T20:13:37.458+01:00 INFO : Filtering template 65/96 segment 4/5
2026-09-06T20:13:37.458+01:00 INFO : 2 points above threshold
2026-09-06T20:13:37.461+01:00 INFO : Filtering template 65/96 segment 5/5
2026-09-06T20:13:37.462+01:00 INFO : 65: generating IMRPhenomD from 30.0 Hz
2026-09-06T20:13:37.464+01:00 INFO : Decompressing waveform using inline_linear
2026-09-06T20:13:37.465+01:00 INFO : Filtering template 66/96 segment 1/5
2026-09-06T20:13:37.466+01:00 INFO : 1 points above threshold
2026-09-06T20:13:37.469+01:00 INFO : Filtering template 66/96 segment 2/5
2026-09-06T20:13:37.470+01:00 INFO : 1 points above threshold
2026-09-06T20:13:37.472+01:00 INFO : Filtering template 66/96 segment 3/5
2026-09-06T20:13:37.473+01:00 INFO : 2 points above threshold
2026-09-06T20:13:37.476+01:00 INFO : Filtering template 66/96 segment 4/5
2026-09-06T20:13:37.476+01:00 INFO : 1 points above threshold
2026-09-06T20:13:37.479+01:00 INFO : Filtering template 66/96 segment 5/5
2026-09-06T20:13:37.480+01:00 INFO : 66: generating IMRPhenomD from 30.0 Hz
2026-09-06T20:13:37.481+01:00 INFO : Decompressing waveform using inline_linear
2026-09-06T20:13:37.483+01:00 INFO : Filtering template 67/96 segment 1/5
2026-09-06T20:13:37.483+01:00 INFO : 3 points above threshold
2026-09-06T20:13:37.488+01:00 INFO : Filtering template 67/96 segment 2/5
2026-09-06T20:13:37.488+01:00 INFO : Filtering template 67/96 segment 3/5
2026-09-06T20:13:37.488+01:00 INFO : 1 points above threshold
2026-09-06T20:13:37.491+01:00 INFO : Filtering template 67/96 segment 4/5
2026-09-06T20:13:37.491+01:00 INFO : Filtering template 67/96 segment 5/5
2026-09-06T20:13:37.492+01:00 INFO : 67: generating IMRPhenomD from 30.0 Hz
2026-09-06T20:13:37.493+01:00 INFO : Decompressing waveform using inline_linear
2026-09-06T20:13:37.495+01:00 INFO : Filtering template 68/96 segment 1/5
2026-09-06T20:13:37.496+01:00 INFO : 1 points above threshold
2026-09-06T20:13:37.499+01:00 INFO : Filtering template 68/96 segment 2/5
2026-09-06T20:13:37.499+01:00 INFO : 1 points above threshold
2026-09-06T20:13:37.502+01:00 INFO : Filtering template 68/96 segment 3/5
2026-09-06T20:13:37.502+01:00 INFO : 1 points above threshold
2026-09-06T20:13:37.505+01:00 INFO : Filtering template 68/96 segment 4/5
2026-09-06T20:13:37.505+01:00 INFO : 1 points above threshold
2026-09-06T20:13:37.508+01:00 INFO : Filtering template 68/96 segment 5/5
2026-09-06T20:13:37.508+01:00 INFO : 1 points above threshold
2026-09-06T20:13:37.511+01:00 INFO : 68: generating IMRPhenomD from 30.0 Hz
2026-09-06T20:13:37.512+01:00 INFO : Decompressing waveform using inline_linear
2026-09-06T20:13:37.514+01:00 INFO : Filtering template 69/96 segment 1/5
2026-09-06T20:13:37.515+01:00 INFO : Filtering template 69/96 segment 2/5
2026-09-06T20:13:37.515+01:00 INFO : Filtering template 69/96 segment 3/5
2026-09-06T20:13:37.516+01:00 INFO : 1 points above threshold
2026-09-06T20:13:37.519+01:00 INFO : Filtering template 69/96 segment 4/5
2026-09-06T20:13:37.519+01:00 INFO : 2 points above threshold
2026-09-06T20:13:37.523+01:00 INFO : Filtering template 69/96 segment 5/5
2026-09-06T20:13:37.524+01:00 INFO : 69: generating IMRPhenomD from 30.0 Hz
2026-09-06T20:13:37.525+01:00 INFO : Decompressing waveform using inline_linear
2026-09-06T20:13:37.527+01:00 INFO : Filtering template 70/96 segment 1/5
2026-09-06T20:13:37.528+01:00 INFO : 2 points above threshold
2026-09-06T20:13:37.532+01:00 INFO : Filtering template 70/96 segment 2/5
2026-09-06T20:13:37.532+01:00 INFO : 2 points above threshold
2026-09-06T20:13:37.536+01:00 INFO : Filtering template 70/96 segment 3/5
2026-09-06T20:13:37.536+01:00 INFO : Filtering template 70/96 segment 4/5
2026-09-06T20:13:37.537+01:00 INFO : 2 points above threshold
2026-09-06T20:13:37.540+01:00 INFO : Filtering template 70/96 segment 5/5
2026-09-06T20:13:37.541+01:00 INFO : 2 points above threshold
2026-09-06T20:13:37.545+01:00 INFO : 70: generating IMRPhenomD from 30.0 Hz
2026-09-06T20:13:37.546+01:00 INFO : Decompressing waveform using inline_linear
2026-09-06T20:13:37.548+01:00 INFO : Filtering template 71/96 segment 1/5
2026-09-06T20:13:37.549+01:00 INFO : Filtering template 71/96 segment 2/5
2026-09-06T20:13:37.549+01:00 INFO : 1 points above threshold
2026-09-06T20:13:37.552+01:00 INFO : Filtering template 71/96 segment 3/5
2026-09-06T20:13:37.552+01:00 INFO : 1 points above threshold
2026-09-06T20:13:37.555+01:00 INFO : Filtering template 71/96 segment 4/5
2026-09-06T20:13:37.555+01:00 INFO : 3 points above threshold
2026-09-06T20:13:37.559+01:00 INFO : Filtering template 71/96 segment 5/5
2026-09-06T20:13:37.560+01:00 INFO : 71: generating IMRPhenomD from 30.0 Hz
2026-09-06T20:13:37.561+01:00 INFO : Decompressing waveform using inline_linear
2026-09-06T20:13:37.563+01:00 INFO : Filtering template 72/96 segment 1/5
2026-09-06T20:13:37.564+01:00 INFO : 2 points above threshold
2026-09-06T20:13:37.568+01:00 INFO : Filtering template 72/96 segment 2/5
2026-09-06T20:13:37.568+01:00 INFO : 1 points above threshold
2026-09-06T20:13:37.571+01:00 INFO : Filtering template 72/96 segment 3/5
2026-09-06T20:13:37.571+01:00 INFO : 1 points above threshold
2026-09-06T20:13:37.573+01:00 INFO : Filtering template 72/96 segment 4/5
2026-09-06T20:13:37.574+01:00 INFO : 3 points above threshold
2026-09-06T20:13:37.577+01:00 INFO : Filtering template 72/96 segment 5/5
2026-09-06T20:13:37.578+01:00 INFO : 3 points above threshold
2026-09-06T20:13:37.582+01:00 INFO : 72: generating IMRPhenomD from 30.0 Hz
2026-09-06T20:13:37.583+01:00 INFO : Decompressing waveform using inline_linear
2026-09-06T20:13:37.585+01:00 INFO : Filtering template 73/96 segment 1/5
2026-09-06T20:13:37.586+01:00 INFO : 1 points above threshold
2026-09-06T20:13:37.589+01:00 INFO : Filtering template 73/96 segment 2/5
2026-09-06T20:13:37.589+01:00 INFO : 1 points above threshold
2026-09-06T20:13:37.592+01:00 INFO : Filtering template 73/96 segment 3/5
2026-09-06T20:13:37.592+01:00 INFO : 1 points above threshold
2026-09-06T20:13:37.595+01:00 INFO : Filtering template 73/96 segment 4/5
2026-09-06T20:13:37.595+01:00 INFO : Filtering template 73/96 segment 5/5
2026-09-06T20:13:37.595+01:00 INFO : 1 points above threshold
2026-09-06T20:13:37.598+01:00 INFO : 73: generating IMRPhenomD from 30.0 Hz
2026-09-06T20:13:37.600+01:00 INFO : Decompressing waveform using inline_linear
2026-09-06T20:13:37.601+01:00 INFO : Filtering template 74/96 segment 1/5
2026-09-06T20:13:37.602+01:00 INFO : 3 points above threshold
2026-09-06T20:13:37.607+01:00 INFO : Filtering template 74/96 segment 2/5
2026-09-06T20:13:37.607+01:00 INFO : 3 points above threshold
2026-09-06T20:13:37.611+01:00 INFO : Filtering template 74/96 segment 3/5
2026-09-06T20:13:37.611+01:00 INFO : Filtering template 74/96 segment 4/5
2026-09-06T20:13:37.612+01:00 INFO : 1 points above threshold
2026-09-06T20:13:37.614+01:00 INFO : Filtering template 74/96 segment 5/5
2026-09-06T20:13:37.615+01:00 INFO : 74: generating IMRPhenomD from 30.0 Hz
2026-09-06T20:13:37.616+01:00 INFO : Decompressing waveform using inline_linear
2026-09-06T20:13:37.618+01:00 INFO : Filtering template 75/96 segment 1/5
2026-09-06T20:13:37.619+01:00 INFO : Filtering template 75/96 segment 2/5
2026-09-06T20:13:37.619+01:00 INFO : 1 points above threshold
2026-09-06T20:13:37.622+01:00 INFO : Filtering template 75/96 segment 3/5
2026-09-06T20:13:37.623+01:00 INFO : 2 points above threshold
2026-09-06T20:13:37.626+01:00 INFO : Filtering template 75/96 segment 4/5
2026-09-06T20:13:37.627+01:00 INFO : Filtering template 75/96 segment 5/5
2026-09-06T20:13:37.627+01:00 INFO : 2 points above threshold
2026-09-06T20:13:37.631+01:00 INFO : 75: generating IMRPhenomD from 30.0 Hz
2026-09-06T20:13:37.632+01:00 INFO : Decompressing waveform using inline_linear
2026-09-06T20:13:37.634+01:00 INFO : Filtering template 76/96 segment 1/5
2026-09-06T20:13:37.635+01:00 INFO : 1 points above threshold
2026-09-06T20:13:37.638+01:00 INFO : Filtering template 76/96 segment 2/5
2026-09-06T20:13:37.638+01:00 INFO : Filtering template 76/96 segment 3/5
2026-09-06T20:13:37.639+01:00 INFO : 1 points above threshold
2026-09-06T20:13:37.641+01:00 INFO : Filtering template 76/96 segment 4/5
2026-09-06T20:13:37.642+01:00 INFO : Filtering template 76/96 segment 5/5
2026-09-06T20:13:37.642+01:00 INFO : 2 points above threshold
2026-09-06T20:13:37.646+01:00 INFO : 76: generating IMRPhenomD from 30.0 Hz
2026-09-06T20:13:37.647+01:00 INFO : Decompressing waveform using inline_linear
2026-09-06T20:13:37.649+01:00 INFO : Filtering template 77/96 segment 1/5
2026-09-06T20:13:37.650+01:00 INFO : Filtering template 77/96 segment 2/5
2026-09-06T20:13:37.650+01:00 INFO : 1 points above threshold
2026-09-06T20:13:37.653+01:00 INFO : Filtering template 77/96 segment 3/5
2026-09-06T20:13:37.654+01:00 INFO : Filtering template 77/96 segment 4/5
2026-09-06T20:13:37.654+01:00 INFO : 1 points above threshold
2026-09-06T20:13:37.657+01:00 INFO : Filtering template 77/96 segment 5/5
2026-09-06T20:13:37.658+01:00 INFO : 77: generating IMRPhenomD from 30.0 Hz
2026-09-06T20:13:37.659+01:00 INFO : Decompressing waveform using inline_linear
2026-09-06T20:13:37.660+01:00 INFO : Filtering template 78/96 segment 1/5
2026-09-06T20:13:37.661+01:00 INFO : Filtering template 78/96 segment 2/5
2026-09-06T20:13:37.662+01:00 INFO : Filtering template 78/96 segment 3/5
2026-09-06T20:13:37.662+01:00 INFO : Filtering template 78/96 segment 4/5
2026-09-06T20:13:37.663+01:00 INFO : 1 points above threshold
2026-09-06T20:13:37.666+01:00 INFO : Filtering template 78/96 segment 5/5
2026-09-06T20:13:37.666+01:00 INFO : 78: generating IMRPhenomD from 30.0 Hz
2026-09-06T20:13:37.668+01:00 INFO : Decompressing waveform using inline_linear
2026-09-06T20:13:37.669+01:00 INFO : Filtering template 79/96 segment 1/5
2026-09-06T20:13:37.670+01:00 INFO : 2 points above threshold
2026-09-06T20:13:37.674+01:00 INFO : Filtering template 79/96 segment 2/5
2026-09-06T20:13:37.675+01:00 INFO : Filtering template 79/96 segment 3/5
2026-09-06T20:13:37.675+01:00 INFO : 1 points above threshold
2026-09-06T20:13:37.677+01:00 INFO : Filtering template 79/96 segment 4/5
2026-09-06T20:13:37.678+01:00 INFO : 1 points above threshold
2026-09-06T20:13:37.680+01:00 INFO : Filtering template 79/96 segment 5/5
2026-09-06T20:13:37.681+01:00 INFO : 3 points above threshold
2026-09-06T20:13:37.685+01:00 INFO : 79: generating IMRPhenomD from 30.0 Hz
2026-09-06T20:13:37.686+01:00 INFO : Decompressing waveform using inline_linear
2026-09-06T20:13:37.687+01:00 INFO : Filtering template 80/96 segment 1/5
2026-09-06T20:13:37.688+01:00 INFO : 2 points above threshold
2026-09-06T20:13:37.692+01:00 INFO : Filtering template 80/96 segment 2/5
2026-09-06T20:13:37.693+01:00 INFO : 1 points above threshold
2026-09-06T20:13:37.695+01:00 INFO : Filtering template 80/96 segment 3/5
2026-09-06T20:13:37.695+01:00 INFO : 1 points above threshold
2026-09-06T20:13:37.698+01:00 INFO : Filtering template 80/96 segment 4/5
2026-09-06T20:13:37.698+01:00 INFO : Filtering template 80/96 segment 5/5
2026-09-06T20:13:37.699+01:00 INFO : 1 points above threshold
2026-09-06T20:13:37.702+01:00 INFO : 80: generating IMRPhenomD from 30.0 Hz
2026-09-06T20:13:37.703+01:00 INFO : Decompressing waveform using inline_linear
2026-09-06T20:13:37.705+01:00 INFO : Filtering template 81/96 segment 1/5
2026-09-06T20:13:37.706+01:00 INFO : 1 points above threshold
2026-09-06T20:13:37.709+01:00 INFO : Filtering template 81/96 segment 2/5
2026-09-06T20:13:37.709+01:00 INFO : 2 points above threshold
2026-09-06T20:13:37.713+01:00 INFO : Filtering template 81/96 segment 3/5
2026-09-06T20:13:37.713+01:00 INFO : 1 points above threshold
2026-09-06T20:13:37.715+01:00 INFO : Filtering template 81/96 segment 4/5
2026-09-06T20:13:37.716+01:00 INFO : Filtering template 81/96 segment 5/5
2026-09-06T20:13:37.716+01:00 INFO : 1 points above threshold
2026-09-06T20:13:37.719+01:00 INFO : 81: generating IMRPhenomD from 30.0 Hz
2026-09-06T20:13:37.721+01:00 INFO : Decompressing waveform using inline_linear
2026-09-06T20:13:37.722+01:00 INFO : Filtering template 82/96 segment 1/5
2026-09-06T20:13:37.723+01:00 INFO : Filtering template 82/96 segment 2/5
2026-09-06T20:13:37.724+01:00 INFO : 2 points above threshold
2026-09-06T20:13:37.728+01:00 INFO : Filtering template 82/96 segment 3/5
2026-09-06T20:13:37.728+01:00 INFO : 1 points above threshold
2026-09-06T20:13:37.731+01:00 INFO : Filtering template 82/96 segment 4/5
2026-09-06T20:13:37.731+01:00 INFO : Filtering template 82/96 segment 5/5
2026-09-06T20:13:37.732+01:00 INFO : 82: generating IMRPhenomD from 30.0 Hz
2026-09-06T20:13:37.733+01:00 INFO : Decompressing waveform using inline_linear
2026-09-06T20:13:37.735+01:00 INFO : Filtering template 83/96 segment 1/5
2026-09-06T20:13:37.736+01:00 INFO : 1 points above threshold
2026-09-06T20:13:37.739+01:00 INFO : Filtering template 83/96 segment 2/5
2026-09-06T20:13:37.739+01:00 INFO : 2 points above threshold
2026-09-06T20:13:37.743+01:00 INFO : Filtering template 83/96 segment 3/5
2026-09-06T20:13:37.743+01:00 INFO : 2 points above threshold
2026-09-06T20:13:37.747+01:00 INFO : Filtering template 83/96 segment 4/5
2026-09-06T20:13:37.747+01:00 INFO : 3 points above threshold
2026-09-06T20:13:37.750+01:00 INFO : Filtering template 83/96 segment 5/5
2026-09-06T20:13:37.751+01:00 INFO : 3 points above threshold
2026-09-06T20:13:37.755+01:00 INFO : 83: generating IMRPhenomD from 30.0 Hz
2026-09-06T20:13:37.756+01:00 INFO : Decompressing waveform using inline_linear
2026-09-06T20:13:37.758+01:00 INFO : Filtering template 84/96 segment 1/5
2026-09-06T20:13:37.759+01:00 INFO : Filtering template 84/96 segment 2/5
2026-09-06T20:13:37.759+01:00 INFO : Filtering template 84/96 segment 3/5
2026-09-06T20:13:37.760+01:00 INFO : 1 points above threshold
2026-09-06T20:13:37.763+01:00 INFO : Filtering template 84/96 segment 4/5
2026-09-06T20:13:37.763+01:00 INFO : 3 points above threshold
2026-09-06T20:13:37.767+01:00 INFO : Filtering template 84/96 segment 5/5
2026-09-06T20:13:37.768+01:00 INFO : 84: generating IMRPhenomD from 30.0 Hz
2026-09-06T20:13:37.769+01:00 INFO : Decompressing waveform using inline_linear
2026-09-06T20:13:37.771+01:00 INFO : Filtering template 85/96 segment 1/5
2026-09-06T20:13:37.772+01:00 INFO : 1 points above threshold
2026-09-06T20:13:37.775+01:00 INFO : Filtering template 85/96 segment 2/5
2026-09-06T20:13:37.775+01:00 INFO : 2 points above threshold
2026-09-06T20:13:37.779+01:00 INFO : Filtering template 85/96 segment 3/5
2026-09-06T20:13:37.779+01:00 INFO : 1 points above threshold
2026-09-06T20:13:37.781+01:00 INFO : Filtering template 85/96 segment 4/5
2026-09-06T20:13:37.782+01:00 INFO : 3 points above threshold
2026-09-06T20:13:37.785+01:00 INFO : Filtering template 85/96 segment 5/5
2026-09-06T20:13:37.786+01:00 INFO : 2 points above threshold
2026-09-06T20:13:37.790+01:00 INFO : 85: generating IMRPhenomD from 30.0 Hz
2026-09-06T20:13:37.791+01:00 INFO : Decompressing waveform using inline_linear
2026-09-06T20:13:37.793+01:00 INFO : Filtering template 86/96 segment 1/5
2026-09-06T20:13:37.794+01:00 INFO : 2 points above threshold
2026-09-06T20:13:37.798+01:00 INFO : Filtering template 86/96 segment 2/5
2026-09-06T20:13:37.799+01:00 INFO : 2 points above threshold
2026-09-06T20:13:37.802+01:00 INFO : Filtering template 86/96 segment 3/5
2026-09-06T20:13:37.803+01:00 INFO : 1 points above threshold
2026-09-06T20:13:37.805+01:00 INFO : Filtering template 86/96 segment 4/5
2026-09-06T20:13:37.805+01:00 INFO : 1 points above threshold
2026-09-06T20:13:37.808+01:00 INFO : Filtering template 86/96 segment 5/5
2026-09-06T20:13:37.808+01:00 INFO : 2 points above threshold
2026-09-06T20:13:37.813+01:00 INFO : 86: generating IMRPhenomD from 30.0 Hz
2026-09-06T20:13:37.814+01:00 INFO : Decompressing waveform using inline_linear
2026-09-06T20:13:37.816+01:00 INFO : Filtering template 87/96 segment 1/5
2026-09-06T20:13:37.817+01:00 INFO : 1 points above threshold
2026-09-06T20:13:37.820+01:00 INFO : Filtering template 87/96 segment 2/5
2026-09-06T20:13:37.820+01:00 INFO : 2 points above threshold
2026-09-06T20:13:37.824+01:00 INFO : Filtering template 87/96 segment 3/5
2026-09-06T20:13:37.824+01:00 INFO : 1 points above threshold
2026-09-06T20:13:37.826+01:00 INFO : Filtering template 87/96 segment 4/5
2026-09-06T20:13:37.827+01:00 INFO : 1 points above threshold
2026-09-06T20:13:37.829+01:00 INFO : Filtering template 87/96 segment 5/5
2026-09-06T20:13:37.830+01:00 INFO : 1 points above threshold
2026-09-06T20:13:37.833+01:00 INFO : 87: generating IMRPhenomD from 30.0 Hz
2026-09-06T20:13:37.834+01:00 INFO : Decompressing waveform using inline_linear
2026-09-06T20:13:37.836+01:00 INFO : Filtering template 88/96 segment 1/5
2026-09-06T20:13:37.837+01:00 INFO : 2 points above threshold
2026-09-06T20:13:37.841+01:00 INFO : Filtering template 88/96 segment 2/5
2026-09-06T20:13:37.841+01:00 INFO : 1 points above threshold
2026-09-06T20:13:37.844+01:00 INFO : Filtering template 88/96 segment 3/5
2026-09-06T20:13:37.844+01:00 INFO : Filtering template 88/96 segment 4/5
2026-09-06T20:13:37.845+01:00 INFO : Filtering template 88/96 segment 5/5
2026-09-06T20:13:37.845+01:00 INFO : 2 points above threshold
2026-09-06T20:13:37.849+01:00 INFO : 88: generating IMRPhenomD from 30.0 Hz
2026-09-06T20:13:37.850+01:00 INFO : Decompressing waveform using inline_linear
2026-09-06T20:13:37.852+01:00 INFO : Filtering template 89/96 segment 1/5
2026-09-06T20:13:37.853+01:00 INFO : 2 points above threshold
2026-09-06T20:13:37.857+01:00 INFO : Filtering template 89/96 segment 2/5
2026-09-06T20:13:37.858+01:00 INFO : 1 points above threshold
2026-09-06T20:13:37.860+01:00 INFO : Filtering template 89/96 segment 3/5
2026-09-06T20:13:37.861+01:00 INFO : 2 points above threshold
2026-09-06T20:13:37.864+01:00 INFO : Filtering template 89/96 segment 4/5
2026-09-06T20:13:37.865+01:00 INFO : Filtering template 89/96 segment 5/5
2026-09-06T20:13:37.865+01:00 INFO : 89: generating IMRPhenomD from 30.0 Hz
2026-09-06T20:13:37.867+01:00 INFO : Decompressing waveform using inline_linear
2026-09-06T20:13:37.869+01:00 INFO : Filtering template 90/96 segment 1/5
2026-09-06T20:13:37.869+01:00 INFO : Filtering template 90/96 segment 2/5
2026-09-06T20:13:37.870+01:00 INFO : 1 points above threshold
2026-09-06T20:13:37.873+01:00 INFO : Filtering template 90/96 segment 3/5
2026-09-06T20:13:37.874+01:00 INFO : 3 points above threshold
2026-09-06T20:13:37.877+01:00 INFO : Filtering template 90/96 segment 4/5
2026-09-06T20:13:37.878+01:00 INFO : Filtering template 90/96 segment 5/5
2026-09-06T20:13:37.878+01:00 INFO : 1 points above threshold
2026-09-06T20:13:37.881+01:00 INFO : 90: generating IMRPhenomD from 30.0 Hz
2026-09-06T20:13:37.882+01:00 INFO : Decompressing waveform using inline_linear
2026-09-06T20:13:37.884+01:00 INFO : Filtering template 91/96 segment 1/5
2026-09-06T20:13:37.885+01:00 INFO : Filtering template 91/96 segment 2/5
2026-09-06T20:13:37.885+01:00 INFO : 2 points above threshold
2026-09-06T20:13:37.889+01:00 INFO : Filtering template 91/96 segment 3/5
2026-09-06T20:13:37.890+01:00 INFO : 3 points above threshold
2026-09-06T20:13:37.893+01:00 INFO : Filtering template 91/96 segment 4/5
2026-09-06T20:13:37.894+01:00 INFO : Filtering template 91/96 segment 5/5
2026-09-06T20:13:37.894+01:00 INFO : 1 points above threshold
2026-09-06T20:13:37.897+01:00 INFO : 91: generating IMRPhenomD from 30.0 Hz
2026-09-06T20:13:37.898+01:00 INFO : Decompressing waveform using inline_linear
2026-09-06T20:13:37.900+01:00 INFO : Filtering template 92/96 segment 1/5
2026-09-06T20:13:37.901+01:00 INFO : 2 points above threshold
2026-09-06T20:13:37.905+01:00 INFO : Filtering template 92/96 segment 2/5
2026-09-06T20:13:37.906+01:00 INFO : 1 points above threshold
2026-09-06T20:13:37.908+01:00 INFO : Filtering template 92/96 segment 3/5
2026-09-06T20:13:37.909+01:00 INFO : 2 points above threshold
2026-09-06T20:13:37.912+01:00 INFO : Filtering template 92/96 segment 4/5
2026-09-06T20:13:37.913+01:00 INFO : 1 points above threshold
2026-09-06T20:13:37.915+01:00 INFO : Filtering template 92/96 segment 5/5
2026-09-06T20:13:37.915+01:00 INFO : 1 points above threshold
2026-09-06T20:13:37.918+01:00 INFO : 92: generating IMRPhenomD from 30.0 Hz
2026-09-06T20:13:37.920+01:00 INFO : Decompressing waveform using inline_linear
2026-09-06T20:13:37.921+01:00 INFO : Filtering template 93/96 segment 1/5
2026-09-06T20:13:37.922+01:00 INFO : Filtering template 93/96 segment 2/5
2026-09-06T20:13:37.923+01:00 INFO : 3 points above threshold
2026-09-06T20:13:37.927+01:00 INFO : Filtering template 93/96 segment 3/5
2026-09-06T20:13:37.927+01:00 INFO : 3 points above threshold
2026-09-06T20:13:37.931+01:00 INFO : Filtering template 93/96 segment 4/5
2026-09-06T20:13:37.931+01:00 INFO : 1 points above threshold
2026-09-06T20:13:37.934+01:00 INFO : Filtering template 93/96 segment 5/5
2026-09-06T20:13:37.934+01:00 INFO : 1 points above threshold
2026-09-06T20:13:37.937+01:00 INFO : 93: generating IMRPhenomD from 30.0 Hz
2026-09-06T20:13:37.938+01:00 INFO : Decompressing waveform using inline_linear
2026-09-06T20:13:37.940+01:00 INFO : Filtering template 94/96 segment 1/5
2026-09-06T20:13:37.941+01:00 INFO : 1 points above threshold
2026-09-06T20:13:37.944+01:00 INFO : Filtering template 94/96 segment 2/5
2026-09-06T20:13:37.944+01:00 INFO : 2 points above threshold
2026-09-06T20:13:37.948+01:00 INFO : Filtering template 94/96 segment 3/5
2026-09-06T20:13:37.949+01:00 INFO : 4 points above threshold
2026-09-06T20:13:37.952+01:00 INFO : Filtering template 94/96 segment 4/5
2026-09-06T20:13:37.953+01:00 INFO : Filtering template 94/96 segment 5/5
2026-09-06T20:13:37.953+01:00 INFO : 2 points above threshold
2026-09-06T20:13:37.957+01:00 INFO : 94: generating IMRPhenomD from 30.0 Hz
2026-09-06T20:13:37.958+01:00 INFO : Decompressing waveform using inline_linear
2026-09-06T20:13:37.960+01:00 INFO : Filtering template 95/96 segment 1/5
2026-09-06T20:13:37.961+01:00 INFO : 3 points above threshold
2026-09-06T20:13:37.965+01:00 INFO : Filtering template 95/96 segment 2/5
2026-09-06T20:13:37.965+01:00 INFO : 2 points above threshold
2026-09-06T20:13:37.968+01:00 INFO : Filtering template 95/96 segment 3/5
2026-09-06T20:13:37.969+01:00 INFO : 2 points above threshold
2026-09-06T20:13:37.972+01:00 INFO : Filtering template 95/96 segment 4/5
2026-09-06T20:13:37.973+01:00 INFO : 1 points above threshold
2026-09-06T20:13:37.975+01:00 INFO : Filtering template 95/96 segment 5/5
2026-09-06T20:13:37.976+01:00 INFO : 95: generating IMRPhenomD from 30.0 Hz
2026-09-06T20:13:37.977+01:00 INFO : Decompressing waveform using inline_linear
2026-09-06T20:13:37.979+01:00 INFO : Filtering template 96/96 segment 1/5
2026-09-06T20:13:37.980+01:00 INFO : 2 points above threshold
2026-09-06T20:13:37.984+01:00 INFO : Filtering template 96/96 segment 2/5
2026-09-06T20:13:37.984+01:00 INFO : Filtering template 96/96 segment 3/5
2026-09-06T20:13:37.985+01:00 INFO : Filtering template 96/96 segment 4/5
2026-09-06T20:13:37.985+01:00 INFO : 1 points above threshold
2026-09-06T20:13:37.988+01:00 INFO : Filtering template 96/96 segment 5/5
2026-09-06T20:13:37.989+01:00 INFO : We currently have 527 triggers
2026-09-06T20:13:37.989+01:00 INFO : Removing triggers with NewSNR below threshold
2026-09-06T20:13:37.989+01:00 INFO : 475 remaining triggers
2026-09-06T20:13:37.989+01:00 INFO : Outputting 475 triggers
2026-09-06T20:13:37.989+01:00 INFO : Writing out triggers
2026-09-06T20:13:38.000+01:00 INFO : Finished
