2026-09-06T20:13:42.844+01:00 INFO : Running with CPU support: 1 threads
2026-09-06T20:13:42.844+01:00 INFO : Reading Frames
2026-09-06T20:13:49.541+01:00 INFO : Highpass Filtering
2026-09-06T20:13:49.999+01:00 INFO : Resampling data
2026-09-06T20:13:50.010+01:00 INFO : Converting to float32
/home/xangma/pycbc-torch-inspiral-reference-20260906/source-v5/pycbc/types/array.py:872: RuntimeWarning: divide by zero encountered in divide
  return self._data.__rtruediv__(other)
2026-09-06T20:13:55.108+01:00 INFO : Highpass Filtering
2026-09-06T20:13:55.551+01:00 INFO : Remove Padding
2026-09-06T20:13:55.574+01:00 INFO : Making frequency-domain data segments
2026-09-06T20:13:58.098+01:00 INFO : Overwhitening frequency-domain data segments
2026-09-06T20:13:58.118+01:00 INFO : Read in template bank
2026-09-06T20:13:58.128+01:00 INFO : Full template bank size: 96
2026-09-06T20:13:58.128+01:00 INFO : Template bank size after thinning: 96
2026-09-06T20:13:58.128+01:00 INFO : 0: generating IMRPhenomD from 30.0 Hz
2026-09-06T20:13:58.131+01:00 INFO : Decompressing waveform using inline_linear
2026-09-06T20:13:58.137+01:00 INFO : Filtering template 1/96 segment 1/5
2026-09-06T20:13:58.183+01:00 INFO : 1 points above threshold
2026-09-06T20:13:58.206+01:00 INFO : Filtering template 1/96 segment 2/5
2026-09-06T20:13:58.224+01:00 INFO : Filtering template 1/96 segment 3/5
2026-09-06T20:13:58.241+01:00 INFO : 1 points above threshold
2026-09-06T20:13:58.247+01:00 INFO : Filtering template 1/96 segment 4/5
2026-09-06T20:13:58.264+01:00 INFO : Filtering template 1/96 segment 5/5
2026-09-06T20:13:58.282+01:00 INFO : 1 points above threshold
2026-09-06T20:13:58.287+01:00 INFO : 1: generating IMRPhenomD from 30.0 Hz
2026-09-06T20:13:58.290+01:00 INFO : Decompressing waveform using inline_linear
2026-09-06T20:13:58.295+01:00 INFO : Filtering template 2/96 segment 1/5
2026-09-06T20:13:58.315+01:00 INFO : 1 points above threshold
2026-09-06T20:13:58.330+01:00 INFO : Filtering template 2/96 segment 2/5
2026-09-06T20:13:58.348+01:00 INFO : 1 points above threshold
2026-09-06T20:13:58.354+01:00 INFO : Filtering template 2/96 segment 3/5
2026-09-06T20:13:58.372+01:00 INFO : 2 points above threshold
2026-09-06T20:13:58.379+01:00 INFO : Filtering template 2/96 segment 4/5
2026-09-06T20:13:58.396+01:00 INFO : Filtering template 2/96 segment 5/5
2026-09-06T20:13:58.414+01:00 INFO : 1 points above threshold
2026-09-06T20:13:58.419+01:00 INFO : 2: generating IMRPhenomD from 30.0 Hz
2026-09-06T20:13:58.422+01:00 INFO : Decompressing waveform using inline_linear
2026-09-06T20:13:58.427+01:00 INFO : Filtering template 3/96 segment 1/5
2026-09-06T20:13:58.447+01:00 INFO : 3 points above threshold
2026-09-06T20:13:58.466+01:00 INFO : Filtering template 3/96 segment 2/5
2026-09-06T20:13:58.483+01:00 INFO : Filtering template 3/96 segment 3/5
2026-09-06T20:13:58.501+01:00 INFO : 1 points above threshold
2026-09-06T20:13:58.506+01:00 INFO : Filtering template 3/96 segment 4/5
2026-09-06T20:13:58.524+01:00 INFO : 1 points above threshold
2026-09-06T20:13:58.529+01:00 INFO : Filtering template 3/96 segment 5/5
2026-09-06T20:13:58.547+01:00 INFO : 3: generating IMRPhenomD from 30.0 Hz
2026-09-06T20:13:58.549+01:00 INFO : Decompressing waveform using inline_linear
2026-09-06T20:13:58.554+01:00 INFO : Filtering template 4/96 segment 1/5
2026-09-06T20:13:58.574+01:00 INFO : 1 points above threshold
2026-09-06T20:13:58.591+01:00 INFO : Filtering template 4/96 segment 2/5
2026-09-06T20:13:58.608+01:00 INFO : 1 points above threshold
2026-09-06T20:13:58.615+01:00 INFO : Filtering template 4/96 segment 3/5
2026-09-06T20:13:58.632+01:00 INFO : 2 points above threshold
2026-09-06T20:13:58.639+01:00 INFO : Filtering template 4/96 segment 4/5
2026-09-06T20:13:58.657+01:00 INFO : 2 points above threshold
2026-09-06T20:13:58.664+01:00 INFO : Filtering template 4/96 segment 5/5
2026-09-06T20:13:58.681+01:00 INFO : 2 points above threshold
2026-09-06T20:13:58.688+01:00 INFO : 4: generating IMRPhenomD from 30.0 Hz
2026-09-06T20:13:58.691+01:00 INFO : Decompressing waveform using inline_linear
2026-09-06T20:13:58.696+01:00 INFO : Filtering template 5/96 segment 1/5
2026-09-06T20:13:58.716+01:00 INFO : 1 points above threshold
2026-09-06T20:13:58.732+01:00 INFO : Filtering template 5/96 segment 2/5
2026-09-06T20:13:58.750+01:00 INFO : 2 points above threshold
2026-09-06T20:13:58.757+01:00 INFO : Filtering template 5/96 segment 3/5
2026-09-06T20:13:58.775+01:00 INFO : 2 points above threshold
2026-09-06T20:13:58.782+01:00 INFO : Filtering template 5/96 segment 4/5
2026-09-06T20:13:58.799+01:00 INFO : 2 points above threshold
2026-09-06T20:13:58.806+01:00 INFO : Filtering template 5/96 segment 5/5
2026-09-06T20:13:58.824+01:00 INFO : 5: generating IMRPhenomD from 30.0 Hz
2026-09-06T20:13:58.827+01:00 INFO : Decompressing waveform using inline_linear
2026-09-06T20:13:58.832+01:00 INFO : Filtering template 6/96 segment 1/5
2026-09-06T20:13:58.851+01:00 INFO : 1 points above threshold
2026-09-06T20:13:58.868+01:00 INFO : Filtering template 6/96 segment 2/5
2026-09-06T20:13:58.886+01:00 INFO : Filtering template 6/96 segment 3/5
2026-09-06T20:13:58.904+01:00 INFO : Filtering template 6/96 segment 4/5
2026-09-06T20:13:58.921+01:00 INFO : Filtering template 6/96 segment 5/5
2026-09-06T20:13:58.939+01:00 INFO : 1 points above threshold
2026-09-06T20:13:58.944+01:00 INFO : 6: generating IMRPhenomD from 30.0 Hz
2026-09-06T20:13:58.947+01:00 INFO : Decompressing waveform using inline_linear
2026-09-06T20:13:58.952+01:00 INFO : Filtering template 7/96 segment 1/5
2026-09-06T20:13:58.972+01:00 INFO : 2 points above threshold
2026-09-06T20:13:58.990+01:00 INFO : Filtering template 7/96 segment 2/5
2026-09-06T20:13:59.008+01:00 INFO : Filtering template 7/96 segment 3/5
2026-09-06T20:13:59.025+01:00 INFO : Filtering template 7/96 segment 4/5
2026-09-06T20:13:59.043+01:00 INFO : 1 points above threshold
2026-09-06T20:13:59.048+01:00 INFO : Filtering template 7/96 segment 5/5
2026-09-06T20:13:59.066+01:00 INFO : 7: generating IMRPhenomD from 30.0 Hz
2026-09-06T20:13:59.069+01:00 INFO : Decompressing waveform using inline_linear
2026-09-06T20:13:59.073+01:00 INFO : Filtering template 8/96 segment 1/5
2026-09-06T20:13:59.093+01:00 INFO : 2 points above threshold
2026-09-06T20:13:59.111+01:00 INFO : Filtering template 8/96 segment 2/5
2026-09-06T20:13:59.128+01:00 INFO : 1 points above threshold
2026-09-06T20:13:59.133+01:00 INFO : Filtering template 8/96 segment 3/5
2026-09-06T20:13:59.151+01:00 INFO : 4 points above threshold
2026-09-06T20:13:59.159+01:00 INFO : Filtering template 8/96 segment 4/5
2026-09-06T20:13:59.177+01:00 INFO : Filtering template 8/96 segment 5/5
2026-09-06T20:13:59.195+01:00 INFO : 8: generating IMRPhenomD from 30.0 Hz
2026-09-06T20:13:59.198+01:00 INFO : Decompressing waveform using inline_linear
2026-09-06T20:13:59.203+01:00 INFO : Filtering template 9/96 segment 1/5
2026-09-06T20:13:59.223+01:00 INFO : Filtering template 9/96 segment 2/5
2026-09-06T20:13:59.240+01:00 INFO : 1 points above threshold
2026-09-06T20:13:59.253+01:00 INFO : Filtering template 9/96 segment 3/5
2026-09-06T20:13:59.271+01:00 INFO : 2 points above threshold
2026-09-06T20:13:59.278+01:00 INFO : Filtering template 9/96 segment 4/5
2026-09-06T20:13:59.296+01:00 INFO : 1 points above threshold
2026-09-06T20:13:59.301+01:00 INFO : Filtering template 9/96 segment 5/5
2026-09-06T20:13:59.319+01:00 INFO : 3 points above threshold
2026-09-06T20:13:59.328+01:00 INFO : 9: generating IMRPhenomD from 30.0 Hz
2026-09-06T20:13:59.331+01:00 INFO : Decompressing waveform using inline_linear
2026-09-06T20:13:59.335+01:00 INFO : Filtering template 10/96 segment 1/5
2026-09-06T20:13:59.355+01:00 INFO : 1 points above threshold
2026-09-06T20:13:59.369+01:00 INFO : Filtering template 10/96 segment 2/5
2026-09-06T20:13:59.386+01:00 INFO : 1 points above threshold
2026-09-06T20:13:59.391+01:00 INFO : Filtering template 10/96 segment 3/5
2026-09-06T20:13:59.409+01:00 INFO : Filtering template 10/96 segment 4/5
2026-09-06T20:13:59.426+01:00 INFO : 2 points above threshold
2026-09-06T20:13:59.433+01:00 INFO : Filtering template 10/96 segment 5/5
2026-09-06T20:13:59.451+01:00 INFO : 1 points above threshold
2026-09-06T20:13:59.456+01:00 INFO : 10: generating IMRPhenomD from 30.0 Hz
2026-09-06T20:13:59.459+01:00 INFO : Decompressing waveform using inline_linear
2026-09-06T20:13:59.464+01:00 INFO : Filtering template 11/96 segment 1/5
2026-09-06T20:13:59.484+01:00 INFO : 4 points above threshold
2026-09-06T20:13:59.501+01:00 INFO : Filtering template 11/96 segment 2/5
2026-09-06T20:13:59.518+01:00 INFO : 2 points above threshold
2026-09-06T20:13:59.526+01:00 INFO : Filtering template 11/96 segment 3/5
2026-09-06T20:13:59.544+01:00 INFO : 1 points above threshold
2026-09-06T20:13:59.549+01:00 INFO : Filtering template 11/96 segment 4/5
2026-09-06T20:13:59.567+01:00 INFO : Filtering template 11/96 segment 5/5
2026-09-06T20:13:59.585+01:00 INFO : 11: generating IMRPhenomD from 30.0 Hz
2026-09-06T20:13:59.588+01:00 INFO : Decompressing waveform using inline_linear
2026-09-06T20:13:59.592+01:00 INFO : Filtering template 12/96 segment 1/5
2026-09-06T20:13:59.612+01:00 INFO : 1 points above threshold
2026-09-06T20:13:59.626+01:00 INFO : Filtering template 12/96 segment 2/5
2026-09-06T20:13:59.643+01:00 INFO : 1 points above threshold
2026-09-06T20:13:59.649+01:00 INFO : Filtering template 12/96 segment 3/5
2026-09-06T20:13:59.667+01:00 INFO : 1 points above threshold
2026-09-06T20:13:59.672+01:00 INFO : Filtering template 12/96 segment 4/5
2026-09-06T20:13:59.690+01:00 INFO : 3 points above threshold
2026-09-06T20:13:59.699+01:00 INFO : Filtering template 12/96 segment 5/5
2026-09-06T20:13:59.717+01:00 INFO : 12: generating IMRPhenomD from 30.0 Hz
2026-09-06T20:13:59.720+01:00 INFO : Decompressing waveform using inline_linear
2026-09-06T20:13:59.724+01:00 INFO : Filtering template 13/96 segment 1/5
2026-09-06T20:13:59.744+01:00 INFO : Filtering template 13/96 segment 2/5
2026-09-06T20:13:59.762+01:00 INFO : 4 points above threshold
2026-09-06T20:13:59.779+01:00 INFO : Filtering template 13/96 segment 3/5
2026-09-06T20:13:59.797+01:00 INFO : Filtering template 13/96 segment 4/5
2026-09-06T20:13:59.814+01:00 INFO : Filtering template 13/96 segment 5/5
2026-09-06T20:13:59.832+01:00 INFO : 1 points above threshold
2026-09-06T20:13:59.837+01:00 INFO : 13: generating IMRPhenomD from 30.0 Hz
2026-09-06T20:13:59.840+01:00 INFO : Decompressing waveform using inline_linear
2026-09-06T20:13:59.845+01:00 INFO : Filtering template 14/96 segment 1/5
2026-09-06T20:13:59.865+01:00 INFO : 1 points above threshold
2026-09-06T20:13:59.878+01:00 INFO : Filtering template 14/96 segment 2/5
2026-09-06T20:13:59.896+01:00 INFO : 2 points above threshold
2026-09-06T20:13:59.903+01:00 INFO : Filtering template 14/96 segment 3/5
2026-09-06T20:13:59.921+01:00 INFO : 3 points above threshold
2026-09-06T20:13:59.930+01:00 INFO : Filtering template 14/96 segment 4/5
2026-09-06T20:13:59.947+01:00 INFO : 2 points above threshold
2026-09-06T20:13:59.954+01:00 INFO : Filtering template 14/96 segment 5/5
2026-09-06T20:13:59.972+01:00 INFO : 14: generating IMRPhenomD from 30.0 Hz
2026-09-06T20:13:59.975+01:00 INFO : Decompressing waveform using inline_linear
2026-09-06T20:13:59.980+01:00 INFO : Filtering template 15/96 segment 1/5
2026-09-06T20:14:00.000+01:00 INFO : 1 points above threshold
2026-09-06T20:14:00.013+01:00 INFO : Filtering template 15/96 segment 2/5
2026-09-06T20:14:00.031+01:00 INFO : Filtering template 15/96 segment 3/5
2026-09-06T20:14:00.049+01:00 INFO : 1 points above threshold
2026-09-06T20:14:00.054+01:00 INFO : Filtering template 15/96 segment 4/5
2026-09-06T20:14:00.071+01:00 INFO : 1 points above threshold
2026-09-06T20:14:00.077+01:00 INFO : Filtering template 15/96 segment 5/5
2026-09-06T20:14:00.094+01:00 INFO : 3 points above threshold
2026-09-06T20:14:00.103+01:00 INFO : 15: generating IMRPhenomD from 30.0 Hz
2026-09-06T20:14:00.106+01:00 INFO : Decompressing waveform using inline_linear
2026-09-06T20:14:00.111+01:00 INFO : Filtering template 16/96 segment 1/5
2026-09-06T20:14:00.131+01:00 INFO : 1 points above threshold
2026-09-06T20:14:00.144+01:00 INFO : Filtering template 16/96 segment 2/5
2026-09-06T20:14:00.162+01:00 INFO : 2 points above threshold
2026-09-06T20:14:00.169+01:00 INFO : Filtering template 16/96 segment 3/5
2026-09-06T20:14:00.187+01:00 INFO : 3 points above threshold
2026-09-06T20:14:00.196+01:00 INFO : Filtering template 16/96 segment 4/5
2026-09-06T20:14:00.213+01:00 INFO : 2 points above threshold
2026-09-06T20:14:00.220+01:00 INFO : Filtering template 16/96 segment 5/5
2026-09-06T20:14:00.238+01:00 INFO : 16: generating IMRPhenomD from 30.0 Hz
2026-09-06T20:14:00.241+01:00 INFO : Decompressing waveform using inline_linear
2026-09-06T20:14:00.246+01:00 INFO : Filtering template 17/96 segment 1/5
2026-09-06T20:14:00.266+01:00 INFO : 2 points above threshold
2026-09-06T20:14:00.283+01:00 INFO : Filtering template 17/96 segment 2/5
2026-09-06T20:14:00.300+01:00 INFO : 3 points above threshold
2026-09-06T20:14:00.310+01:00 INFO : Filtering template 17/96 segment 3/5
2026-09-06T20:14:00.327+01:00 INFO : Filtering template 17/96 segment 4/5
2026-09-06T20:14:00.345+01:00 INFO : 2 points above threshold
2026-09-06T20:14:00.352+01:00 INFO : Filtering template 17/96 segment 5/5
2026-09-06T20:14:00.369+01:00 INFO : 3 points above threshold
2026-09-06T20:14:00.378+01:00 INFO : 17: generating IMRPhenomD from 30.0 Hz
2026-09-06T20:14:00.381+01:00 INFO : Decompressing waveform using inline_linear
2026-09-06T20:14:00.386+01:00 INFO : Filtering template 18/96 segment 1/5
2026-09-06T20:14:00.406+01:00 INFO : Filtering template 18/96 segment 2/5
2026-09-06T20:14:00.424+01:00 INFO : Filtering template 18/96 segment 3/5
2026-09-06T20:14:00.441+01:00 INFO : 1 points above threshold
2026-09-06T20:14:00.456+01:00 INFO : Filtering template 18/96 segment 4/5
2026-09-06T20:14:00.474+01:00 INFO : Filtering template 18/96 segment 5/5
2026-09-06T20:14:00.492+01:00 INFO : 2 points above threshold
2026-09-06T20:14:00.499+01:00 INFO : 18: generating IMRPhenomD from 30.0 Hz
2026-09-06T20:14:00.501+01:00 INFO : Decompressing waveform using inline_linear
2026-09-06T20:14:00.506+01:00 INFO : Filtering template 19/96 segment 1/5
2026-09-06T20:14:00.526+01:00 INFO : 3 points above threshold
2026-09-06T20:14:00.545+01:00 INFO : Filtering template 19/96 segment 2/5
2026-09-06T20:14:00.563+01:00 INFO : 1 points above threshold
2026-09-06T20:14:00.568+01:00 INFO : Filtering template 19/96 segment 3/5
2026-09-06T20:14:00.586+01:00 INFO : 1 points above threshold
2026-09-06T20:14:00.591+01:00 INFO : Filtering template 19/96 segment 4/5
2026-09-06T20:14:00.609+01:00 INFO : 3 points above threshold
2026-09-06T20:14:00.618+01:00 INFO : Filtering template 19/96 segment 5/5
2026-09-06T20:14:00.635+01:00 INFO : 1 points above threshold
2026-09-06T20:14:00.641+01:00 INFO : 19: generating IMRPhenomD from 30.0 Hz
2026-09-06T20:14:00.643+01:00 INFO : Decompressing waveform using inline_linear
2026-09-06T20:14:00.648+01:00 INFO : Filtering template 20/96 segment 1/5
2026-09-06T20:14:00.668+01:00 INFO : 1 points above threshold
2026-09-06T20:14:00.683+01:00 INFO : Filtering template 20/96 segment 2/5
2026-09-06T20:14:00.701+01:00 INFO : 3 points above threshold
2026-09-06T20:14:00.710+01:00 INFO : Filtering template 20/96 segment 3/5
2026-09-06T20:14:00.728+01:00 INFO : Filtering template 20/96 segment 4/5
2026-09-06T20:14:00.745+01:00 INFO : 2 points above threshold
2026-09-06T20:14:00.752+01:00 INFO : Filtering template 20/96 segment 5/5
2026-09-06T20:14:00.770+01:00 INFO : 20: generating IMRPhenomD from 30.0 Hz
2026-09-06T20:14:00.773+01:00 INFO : Decompressing waveform using inline_linear
2026-09-06T20:14:00.778+01:00 INFO : Filtering template 21/96 segment 1/5
2026-09-06T20:14:00.797+01:00 INFO : 1 points above threshold
2026-09-06T20:14:00.813+01:00 INFO : Filtering template 21/96 segment 2/5
2026-09-06T20:14:00.830+01:00 INFO : 1 points above threshold
2026-09-06T20:14:00.835+01:00 INFO : Filtering template 21/96 segment 3/5
2026-09-06T20:14:00.853+01:00 INFO : 1 points above threshold
2026-09-06T20:14:00.858+01:00 INFO : Filtering template 21/96 segment 4/5
2026-09-06T20:14:00.876+01:00 INFO : Filtering template 21/96 segment 5/5
2026-09-06T20:14:00.894+01:00 INFO : 21: generating IMRPhenomD from 30.0 Hz
2026-09-06T20:14:00.897+01:00 INFO : Decompressing waveform using inline_linear
2026-09-06T20:14:00.901+01:00 INFO : Filtering template 22/96 segment 1/5
2026-09-06T20:14:00.921+01:00 INFO : 5 points above threshold
2026-09-06T20:14:00.943+01:00 INFO : Filtering template 22/96 segment 2/5
2026-09-06T20:14:00.961+01:00 INFO : Filtering template 22/96 segment 3/5
2026-09-06T20:14:00.978+01:00 INFO : Filtering template 22/96 segment 4/5
2026-09-06T20:14:00.996+01:00 INFO : 1 points above threshold
2026-09-06T20:14:01.002+01:00 INFO : Filtering template 22/96 segment 5/5
2026-09-06T20:14:01.019+01:00 INFO : 1 points above threshold
2026-09-06T20:14:01.025+01:00 INFO : 22: generating IMRPhenomD from 30.0 Hz
2026-09-06T20:14:01.027+01:00 INFO : Decompressing waveform using inline_linear
2026-09-06T20:14:01.032+01:00 INFO : Filtering template 23/96 segment 1/5
2026-09-06T20:14:01.052+01:00 INFO : 2 points above threshold
2026-09-06T20:14:01.069+01:00 INFO : Filtering template 23/96 segment 2/5
2026-09-06T20:14:01.087+01:00 INFO : 1 points above threshold
2026-09-06T20:14:01.092+01:00 INFO : Filtering template 23/96 segment 3/5
2026-09-06T20:14:01.109+01:00 INFO : 1 points above threshold
2026-09-06T20:14:01.114+01:00 INFO : Filtering template 23/96 segment 4/5
2026-09-06T20:14:01.132+01:00 INFO : Filtering template 23/96 segment 5/5
2026-09-06T20:14:01.150+01:00 INFO : 23: generating IMRPhenomD from 30.0 Hz
2026-09-06T20:14:01.153+01:00 INFO : Decompressing waveform using inline_linear
2026-09-06T20:14:01.157+01:00 INFO : Filtering template 24/96 segment 1/5
2026-09-06T20:14:01.177+01:00 INFO : 1 points above threshold
2026-09-06T20:14:01.192+01:00 INFO : Filtering template 24/96 segment 2/5
2026-09-06T20:14:01.210+01:00 INFO : 2 points above threshold
2026-09-06T20:14:01.217+01:00 INFO : Filtering template 24/96 segment 3/5
2026-09-06T20:14:01.234+01:00 INFO : 1 points above threshold
2026-09-06T20:14:01.240+01:00 INFO : Filtering template 24/96 segment 4/5
2026-09-06T20:14:01.257+01:00 INFO : Filtering template 24/96 segment 5/5
2026-09-06T20:14:01.275+01:00 INFO : 2 points above threshold
2026-09-06T20:14:01.283+01:00 INFO : 24: generating IMRPhenomD from 30.0 Hz
2026-09-06T20:14:01.286+01:00 INFO : Decompressing waveform using inline_linear
2026-09-06T20:14:01.291+01:00 INFO : Filtering template 25/96 segment 1/5
2026-09-06T20:14:01.311+01:00 INFO : 2 points above threshold
2026-09-06T20:14:01.328+01:00 INFO : Filtering template 25/96 segment 2/5
2026-09-06T20:14:01.346+01:00 INFO : Filtering template 25/96 segment 3/5
2026-09-06T20:14:01.363+01:00 INFO : Filtering template 25/96 segment 4/5
2026-09-06T20:14:01.381+01:00 INFO : Filtering template 25/96 segment 5/5
2026-09-06T20:14:01.399+01:00 INFO : 25: generating IMRPhenomD from 30.0 Hz
2026-09-06T20:14:01.401+01:00 INFO : Decompressing waveform using inline_linear
2026-09-06T20:14:01.406+01:00 INFO : Filtering template 26/96 segment 1/5
2026-09-06T20:14:01.426+01:00 INFO : Filtering template 26/96 segment 2/5
2026-09-06T20:14:01.444+01:00 INFO : 2 points above threshold
2026-09-06T20:14:01.461+01:00 INFO : Filtering template 26/96 segment 3/5
2026-09-06T20:14:01.479+01:00 INFO : Filtering template 26/96 segment 4/5
2026-09-06T20:14:01.496+01:00 INFO : 2 points above threshold
2026-09-06T20:14:01.503+01:00 INFO : Filtering template 26/96 segment 5/5
2026-09-06T20:14:01.521+01:00 INFO : 2 points above threshold
2026-09-06T20:14:01.528+01:00 INFO : 26: generating IMRPhenomD from 30.0 Hz
2026-09-06T20:14:01.531+01:00 INFO : Decompressing waveform using inline_linear
2026-09-06T20:14:01.535+01:00 INFO : Filtering template 27/96 segment 1/5
2026-09-06T20:14:01.555+01:00 INFO : 3 points above threshold
2026-09-06T20:14:01.574+01:00 INFO : Filtering template 27/96 segment 2/5
2026-09-06T20:14:01.592+01:00 INFO : Filtering template 27/96 segment 3/5
2026-09-06T20:14:01.610+01:00 INFO : 1 points above threshold
2026-09-06T20:14:01.615+01:00 INFO : Filtering template 27/96 segment 4/5
2026-09-06T20:14:01.632+01:00 INFO : Filtering template 27/96 segment 5/5
2026-09-06T20:14:01.650+01:00 INFO : 27: generating IMRPhenomD from 30.0 Hz
2026-09-06T20:14:01.653+01:00 INFO : Decompressing waveform using inline_linear
2026-09-06T20:14:01.658+01:00 INFO : Filtering template 28/96 segment 1/5
2026-09-06T20:14:01.677+01:00 INFO : 3 points above threshold
2026-09-06T20:14:01.697+01:00 INFO : Filtering template 28/96 segment 2/5
2026-09-06T20:14:01.714+01:00 INFO : 1 points above threshold
2026-09-06T20:14:01.719+01:00 INFO : Filtering template 28/96 segment 3/5
2026-09-06T20:14:01.737+01:00 INFO : 2 points above threshold
2026-09-06T20:14:01.744+01:00 INFO : Filtering template 28/96 segment 4/5
2026-09-06T20:14:01.762+01:00 INFO : 1 points above threshold
2026-09-06T20:14:01.767+01:00 INFO : Filtering template 28/96 segment 5/5
2026-09-06T20:14:01.785+01:00 INFO : 28: generating IMRPhenomD from 30.0 Hz
2026-09-06T20:14:01.787+01:00 INFO : Decompressing waveform using inline_linear
2026-09-06T20:14:01.792+01:00 INFO : Filtering template 29/96 segment 1/5
2026-09-06T20:14:01.812+01:00 INFO : 2 points above threshold
2026-09-06T20:14:01.829+01:00 INFO : Filtering template 29/96 segment 2/5
2026-09-06T20:14:01.847+01:00 INFO : 2 points above threshold
2026-09-06T20:14:01.854+01:00 INFO : Filtering template 29/96 segment 3/5
2026-09-06T20:14:01.871+01:00 INFO : 1 points above threshold
2026-09-06T20:14:01.876+01:00 INFO : Filtering template 29/96 segment 4/5
2026-09-06T20:14:01.894+01:00 INFO : 2 points above threshold
2026-09-06T20:14:01.901+01:00 INFO : Filtering template 29/96 segment 5/5
2026-09-06T20:14:01.918+01:00 INFO : 2 points above threshold
2026-09-06T20:14:01.926+01:00 INFO : 29: generating IMRPhenomD from 30.0 Hz
2026-09-06T20:14:01.928+01:00 INFO : Decompressing waveform using inline_linear
2026-09-06T20:14:01.933+01:00 INFO : Filtering template 30/96 segment 1/5
2026-09-06T20:14:01.953+01:00 INFO : 1 points above threshold
2026-09-06T20:14:01.968+01:00 INFO : Filtering template 30/96 segment 2/5
2026-09-06T20:14:01.986+01:00 INFO : 1 points above threshold
2026-09-06T20:14:01.991+01:00 INFO : Filtering template 30/96 segment 3/5
2026-09-06T20:14:02.008+01:00 INFO : 1 points above threshold
2026-09-06T20:14:02.014+01:00 INFO : Filtering template 30/96 segment 4/5
2026-09-06T20:14:02.031+01:00 INFO : Filtering template 30/96 segment 5/5
2026-09-06T20:14:02.049+01:00 INFO : 30: generating IMRPhenomD from 30.0 Hz
2026-09-06T20:14:02.052+01:00 INFO : Decompressing waveform using inline_linear
2026-09-06T20:14:02.057+01:00 INFO : Filtering template 31/96 segment 1/5
2026-09-06T20:14:02.077+01:00 INFO : Filtering template 31/96 segment 2/5
2026-09-06T20:14:02.094+01:00 INFO : 1 points above threshold
2026-09-06T20:14:02.109+01:00 INFO : Filtering template 31/96 segment 3/5
2026-09-06T20:14:02.127+01:00 INFO : Filtering template 31/96 segment 4/5
2026-09-06T20:14:02.145+01:00 INFO : 1 points above threshold
2026-09-06T20:14:02.150+01:00 INFO : Filtering template 31/96 segment 5/5
2026-09-06T20:14:02.167+01:00 INFO : 1 points above threshold
2026-09-06T20:14:02.173+01:00 INFO : 31: generating IMRPhenomD from 30.0 Hz
2026-09-06T20:14:02.175+01:00 INFO : Decompressing waveform using inline_linear
2026-09-06T20:14:02.180+01:00 INFO : Filtering template 32/96 segment 1/5
2026-09-06T20:14:02.200+01:00 INFO : Filtering template 32/96 segment 2/5
2026-09-06T20:14:02.218+01:00 INFO : Filtering template 32/96 segment 3/5
2026-09-06T20:14:02.235+01:00 INFO : Filtering template 32/96 segment 4/5
2026-09-06T20:14:02.254+01:00 INFO : 3 points above threshold
2026-09-06T20:14:02.274+01:00 INFO : Filtering template 32/96 segment 5/5
2026-09-06T20:14:02.293+01:00 INFO : 2 points above threshold
2026-09-06T20:14:02.301+01:00 INFO : 32: generating IMRPhenomD from 30.0 Hz
2026-09-06T20:14:02.304+01:00 INFO : Decompressing waveform using inline_linear
2026-09-06T20:14:02.309+01:00 INFO : Filtering template 33/96 segment 1/5
2026-09-06T20:14:02.334+01:00 INFO : 2 points above threshold
2026-09-06T20:14:02.351+01:00 INFO : Filtering template 33/96 segment 2/5
2026-09-06T20:14:02.369+01:00 INFO : Filtering template 33/96 segment 3/5
2026-09-06T20:14:02.387+01:00 INFO : Filtering template 33/96 segment 4/5
2026-09-06T20:14:02.405+01:00 INFO : 1 points above threshold
2026-09-06T20:14:02.410+01:00 INFO : Filtering template 33/96 segment 5/5
2026-09-06T20:14:02.428+01:00 INFO : 33: generating IMRPhenomD from 30.0 Hz
2026-09-06T20:14:02.430+01:00 INFO : Decompressing waveform using inline_linear
2026-09-06T20:14:02.435+01:00 INFO : Filtering template 34/96 segment 1/5
2026-09-06T20:14:02.455+01:00 INFO : Filtering template 34/96 segment 2/5
2026-09-06T20:14:02.473+01:00 INFO : 1 points above threshold
2026-09-06T20:14:02.488+01:00 INFO : Filtering template 34/96 segment 3/5
2026-09-06T20:14:02.505+01:00 INFO : 1 points above threshold
2026-09-06T20:14:02.511+01:00 INFO : Filtering template 34/96 segment 4/5
2026-09-06T20:14:02.528+01:00 INFO : Filtering template 34/96 segment 5/5
2026-09-06T20:14:02.546+01:00 INFO : 1 points above threshold
2026-09-06T20:14:02.551+01:00 INFO : 34: generating IMRPhenomD from 30.0 Hz
2026-09-06T20:14:02.554+01:00 INFO : Decompressing waveform using inline_linear
2026-09-06T20:14:02.559+01:00 INFO : Filtering template 35/96 segment 1/5
2026-09-06T20:14:02.579+01:00 INFO : 1 points above threshold
2026-09-06T20:14:02.594+01:00 INFO : Filtering template 35/96 segment 2/5
2026-09-06T20:14:02.611+01:00 INFO : 1 points above threshold
2026-09-06T20:14:02.616+01:00 INFO : Filtering template 35/96 segment 3/5
2026-09-06T20:14:02.634+01:00 INFO : 1 points above threshold
2026-09-06T20:14:02.639+01:00 INFO : Filtering template 35/96 segment 4/5
2026-09-06T20:14:02.657+01:00 INFO : Filtering template 35/96 segment 5/5
2026-09-06T20:14:02.675+01:00 INFO : 35: generating IMRPhenomD from 30.0 Hz
2026-09-06T20:14:02.677+01:00 INFO : Decompressing waveform using inline_linear
2026-09-06T20:14:02.682+01:00 INFO : Filtering template 36/96 segment 1/5
2026-09-06T20:14:02.702+01:00 INFO : 3 points above threshold
2026-09-06T20:14:02.721+01:00 INFO : Filtering template 36/96 segment 2/5
2026-09-06T20:14:02.739+01:00 INFO : 1 points above threshold
2026-09-06T20:14:02.744+01:00 INFO : Filtering template 36/96 segment 3/5
2026-09-06T20:14:02.762+01:00 INFO : 2 points above threshold
2026-09-06T20:14:02.769+01:00 INFO : Filtering template 36/96 segment 4/5
2026-09-06T20:14:02.786+01:00 INFO : Filtering template 36/96 segment 5/5
2026-09-06T20:14:02.804+01:00 INFO : 1 points above threshold
2026-09-06T20:14:02.809+01:00 INFO : 36: generating IMRPhenomD from 30.0 Hz
2026-09-06T20:14:02.812+01:00 INFO : Decompressing waveform using inline_linear
2026-09-06T20:14:02.817+01:00 INFO : Filtering template 37/96 segment 1/5
2026-09-06T20:14:02.837+01:00 INFO : 2 points above threshold
2026-09-06T20:14:02.853+01:00 INFO : Filtering template 37/96 segment 2/5
2026-09-06T20:14:02.871+01:00 INFO : 3 points above threshold
2026-09-06T20:14:02.880+01:00 INFO : Filtering template 37/96 segment 3/5
2026-09-06T20:14:02.898+01:00 INFO : 1 points above threshold
2026-09-06T20:14:02.903+01:00 INFO : Filtering template 37/96 segment 4/5
2026-09-06T20:14:02.921+01:00 INFO : 3 points above threshold
2026-09-06T20:14:02.930+01:00 INFO : Filtering template 37/96 segment 5/5
2026-09-06T20:14:02.948+01:00 INFO : 37: generating IMRPhenomD from 30.0 Hz
2026-09-06T20:14:02.950+01:00 INFO : Decompressing waveform using inline_linear
2026-09-06T20:14:02.955+01:00 INFO : Filtering template 38/96 segment 1/5
2026-09-06T20:14:02.975+01:00 INFO : Filtering template 38/96 segment 2/5
2026-09-06T20:14:02.993+01:00 INFO : Filtering template 38/96 segment 3/5
2026-09-06T20:14:03.010+01:00 INFO : 1 points above threshold
2026-09-06T20:14:03.025+01:00 INFO : Filtering template 38/96 segment 4/5
2026-09-06T20:14:03.043+01:00 INFO : 1 points above threshold
2026-09-06T20:14:03.048+01:00 INFO : Filtering template 38/96 segment 5/5
2026-09-06T20:14:03.066+01:00 INFO : 1 points above threshold
2026-09-06T20:14:03.071+01:00 INFO : 38: generating IMRPhenomD from 30.0 Hz
2026-09-06T20:14:03.074+01:00 INFO : Decompressing waveform using inline_linear
2026-09-06T20:14:03.078+01:00 INFO : Filtering template 39/96 segment 1/5
2026-09-06T20:14:03.098+01:00 INFO : Filtering template 39/96 segment 2/5
2026-09-06T20:14:03.116+01:00 INFO : 2 points above threshold
2026-09-06T20:14:03.133+01:00 INFO : Filtering template 39/96 segment 3/5
2026-09-06T20:14:03.151+01:00 INFO : Filtering template 39/96 segment 4/5
2026-09-06T20:14:03.168+01:00 INFO : 2 points above threshold
2026-09-06T20:14:03.175+01:00 INFO : Filtering template 39/96 segment 5/5
2026-09-06T20:14:03.193+01:00 INFO : 39: generating IMRPhenomD from 30.0 Hz
2026-09-06T20:14:03.196+01:00 INFO : Decompressing waveform using inline_linear
2026-09-06T20:14:03.201+01:00 INFO : Filtering template 40/96 segment 1/5
2026-09-06T20:14:03.221+01:00 INFO : Filtering template 40/96 segment 2/5
2026-09-06T20:14:03.238+01:00 INFO : Filtering template 40/96 segment 3/5
2026-09-06T20:14:03.256+01:00 INFO : Filtering template 40/96 segment 4/5
2026-09-06T20:14:03.274+01:00 INFO : 2 points above threshold
2026-09-06T20:14:03.291+01:00 INFO : Filtering template 40/96 segment 5/5
2026-09-06T20:14:03.309+01:00 INFO : 40: generating IMRPhenomD from 30.0 Hz
2026-09-06T20:14:03.312+01:00 INFO : Decompressing waveform using inline_linear
2026-09-06T20:14:03.316+01:00 INFO : Filtering template 41/96 segment 1/5
2026-09-06T20:14:03.336+01:00 INFO : Filtering template 41/96 segment 2/5
2026-09-06T20:14:03.354+01:00 INFO : Filtering template 41/96 segment 3/5
2026-09-06T20:14:03.371+01:00 INFO : 2 points above threshold
2026-09-06T20:14:03.388+01:00 INFO : Filtering template 41/96 segment 4/5
2026-09-06T20:14:03.406+01:00 INFO : 2 points above threshold
2026-09-06T20:14:03.413+01:00 INFO : Filtering template 41/96 segment 5/5
2026-09-06T20:14:03.431+01:00 INFO : 41: generating IMRPhenomD from 30.0 Hz
2026-09-06T20:14:03.434+01:00 INFO : Decompressing waveform using inline_linear
2026-09-06T20:14:03.439+01:00 INFO : Filtering template 42/96 segment 1/5
2026-09-06T20:14:03.458+01:00 INFO : Filtering template 42/96 segment 2/5
2026-09-06T20:14:03.476+01:00 INFO : 1 points above threshold
2026-09-06T20:14:03.491+01:00 INFO : Filtering template 42/96 segment 3/5
2026-09-06T20:14:03.509+01:00 INFO : Filtering template 42/96 segment 4/5
2026-09-06T20:14:03.526+01:00 INFO : 1 points above threshold
2026-09-06T20:14:03.532+01:00 INFO : Filtering template 42/96 segment 5/5
2026-09-06T20:14:03.549+01:00 INFO : 1 points above threshold
2026-09-06T20:14:03.554+01:00 INFO : 42: generating IMRPhenomD from 30.0 Hz
2026-09-06T20:14:03.557+01:00 INFO : Decompressing waveform using inline_linear
2026-09-06T20:14:03.562+01:00 INFO : Filtering template 43/96 segment 1/5
2026-09-06T20:14:03.582+01:00 INFO : 1 points above threshold
2026-09-06T20:14:03.597+01:00 INFO : Filtering template 43/96 segment 2/5
2026-09-06T20:14:03.614+01:00 INFO : 2 points above threshold
2026-09-06T20:14:03.621+01:00 INFO : Filtering template 43/96 segment 3/5
2026-09-06T20:14:03.639+01:00 INFO : 1 points above threshold
2026-09-06T20:14:03.644+01:00 INFO : Filtering template 43/96 segment 4/5
2026-09-06T20:14:03.662+01:00 INFO : Filtering template 43/96 segment 5/5
2026-09-06T20:14:03.680+01:00 INFO : 43: generating IMRPhenomD from 30.0 Hz
2026-09-06T20:14:03.682+01:00 INFO : Decompressing waveform using inline_linear
2026-09-06T20:14:03.687+01:00 INFO : Filtering template 44/96 segment 1/5
2026-09-06T20:14:03.707+01:00 INFO : 1 points above threshold
2026-09-06T20:14:03.722+01:00 INFO : Filtering template 44/96 segment 2/5
2026-09-06T20:14:03.740+01:00 INFO : Filtering template 44/96 segment 3/5
2026-09-06T20:14:03.758+01:00 INFO : Filtering template 44/96 segment 4/5
2026-09-06T20:14:03.775+01:00 INFO : 1 points above threshold
2026-09-06T20:14:03.781+01:00 INFO : Filtering template 44/96 segment 5/5
2026-09-06T20:14:03.798+01:00 INFO : 44: generating IMRPhenomD from 30.0 Hz
2026-09-06T20:14:03.801+01:00 INFO : Decompressing waveform using inline_linear
2026-09-06T20:14:03.806+01:00 INFO : Filtering template 45/96 segment 1/5
2026-09-06T20:14:03.826+01:00 INFO : 2 points above threshold
2026-09-06T20:14:03.843+01:00 INFO : Filtering template 45/96 segment 2/5
2026-09-06T20:14:03.860+01:00 INFO : 1 points above threshold
2026-09-06T20:14:03.865+01:00 INFO : Filtering template 45/96 segment 3/5
2026-09-06T20:14:03.883+01:00 INFO : 1 points above threshold
2026-09-06T20:14:03.888+01:00 INFO : Filtering template 45/96 segment 4/5
2026-09-06T20:14:03.906+01:00 INFO : Filtering template 45/96 segment 5/5
2026-09-06T20:14:03.924+01:00 INFO : 45: generating IMRPhenomD from 30.0 Hz
2026-09-06T20:14:03.927+01:00 INFO : Decompressing waveform using inline_linear
2026-09-06T20:14:03.932+01:00 INFO : Filtering template 46/96 segment 1/5
2026-09-06T20:14:03.952+01:00 INFO : Filtering template 46/96 segment 2/5
2026-09-06T20:14:03.969+01:00 INFO : Filtering template 46/96 segment 3/5
2026-09-06T20:14:03.987+01:00 INFO : 1 points above threshold
2026-09-06T20:14:04.003+01:00 INFO : Filtering template 46/96 segment 4/5
2026-09-06T20:14:04.021+01:00 INFO : 3 points above threshold
2026-09-06T20:14:04.030+01:00 INFO : Filtering template 46/96 segment 5/5
2026-09-06T20:14:04.048+01:00 INFO : 1 points above threshold
2026-09-06T20:14:04.053+01:00 INFO : 46: generating IMRPhenomD from 30.0 Hz
2026-09-06T20:14:04.056+01:00 INFO : Decompressing waveform using inline_linear
2026-09-06T20:14:04.061+01:00 INFO : Filtering template 47/96 segment 1/5
2026-09-06T20:14:04.080+01:00 INFO : 3 points above threshold
2026-09-06T20:14:04.101+01:00 INFO : Filtering template 47/96 segment 2/5
2026-09-06T20:14:04.119+01:00 INFO : Filtering template 47/96 segment 3/5
2026-09-06T20:14:04.137+01:00 INFO : 2 points above threshold
2026-09-06T20:14:04.144+01:00 INFO : Filtering template 47/96 segment 4/5
2026-09-06T20:14:04.161+01:00 INFO : 1 points above threshold
2026-09-06T20:14:04.167+01:00 INFO : Filtering template 47/96 segment 5/5
2026-09-06T20:14:04.184+01:00 INFO : 1 points above threshold
2026-09-06T20:14:04.189+01:00 INFO : 47: generating IMRPhenomD from 30.0 Hz
2026-09-06T20:14:04.192+01:00 INFO : Decompressing waveform using inline_linear
2026-09-06T20:14:04.197+01:00 INFO : Filtering template 48/96 segment 1/5
2026-09-06T20:14:04.217+01:00 INFO : 3 points above threshold
2026-09-06T20:14:04.237+01:00 INFO : Filtering template 48/96 segment 2/5
2026-09-06T20:14:04.255+01:00 INFO : 1 points above threshold
2026-09-06T20:14:04.260+01:00 INFO : Filtering template 48/96 segment 3/5
2026-09-06T20:14:04.277+01:00 INFO : 1 points above threshold
2026-09-06T20:14:04.282+01:00 INFO : Filtering template 48/96 segment 4/5
2026-09-06T20:14:04.300+01:00 INFO : 2 points above threshold
2026-09-06T20:14:04.307+01:00 INFO : Filtering template 48/96 segment 5/5
2026-09-06T20:14:04.325+01:00 INFO : 1 points above threshold
2026-09-06T20:14:04.330+01:00 INFO : 48: generating IMRPhenomD from 30.0 Hz
2026-09-06T20:14:04.333+01:00 INFO : Decompressing waveform using inline_linear
2026-09-06T20:14:04.337+01:00 INFO : Filtering template 49/96 segment 1/5
2026-09-06T20:14:04.357+01:00 INFO : 1 points above threshold
2026-09-06T20:14:04.374+01:00 INFO : Filtering template 49/96 segment 2/5
2026-09-06T20:14:04.392+01:00 INFO : 1 points above threshold
2026-09-06T20:14:04.397+01:00 INFO : Filtering template 49/96 segment 3/5
2026-09-06T20:14:04.414+01:00 INFO : 2 points above threshold
2026-09-06T20:14:04.421+01:00 INFO : Filtering template 49/96 segment 4/5
2026-09-06T20:14:04.439+01:00 INFO : Filtering template 49/96 segment 5/5
2026-09-06T20:14:04.457+01:00 INFO : 49: generating IMRPhenomD from 30.0 Hz
2026-09-06T20:14:04.475+01:00 INFO : Decompressing waveform using inline_linear
2026-09-06T20:14:04.480+01:00 INFO : Filtering template 50/96 segment 1/5
2026-09-06T20:14:04.502+01:00 INFO : Filtering template 50/96 segment 2/5
2026-09-06T20:14:04.520+01:00 INFO : 2 points above threshold
2026-09-06T20:14:04.542+01:00 INFO : Filtering template 50/96 segment 3/5
2026-09-06T20:14:04.559+01:00 INFO : 4 points above threshold
2026-09-06T20:14:04.568+01:00 INFO : Filtering template 50/96 segment 4/5
2026-09-06T20:14:04.586+01:00 INFO : 2 points above threshold
2026-09-06T20:14:04.593+01:00 INFO : Filtering template 50/96 segment 5/5
2026-09-06T20:14:04.611+01:00 INFO : 50: generating IMRPhenomD from 30.0 Hz
2026-09-06T20:14:04.614+01:00 INFO : Decompressing waveform using inline_linear
2026-09-06T20:14:04.618+01:00 INFO : Filtering template 51/96 segment 1/5
2026-09-06T20:14:04.638+01:00 INFO : 1 points above threshold
2026-09-06T20:14:04.653+01:00 INFO : Filtering template 51/96 segment 2/5
2026-09-06T20:14:04.671+01:00 INFO : 1 points above threshold
2026-09-06T20:14:04.676+01:00 INFO : Filtering template 51/96 segment 3/5
2026-09-06T20:14:04.694+01:00 INFO : Filtering template 51/96 segment 4/5
2026-09-06T20:14:04.712+01:00 INFO : 1 points above threshold
2026-09-06T20:14:04.717+01:00 INFO : Filtering template 51/96 segment 5/5
2026-09-06T20:14:04.734+01:00 INFO : 2 points above threshold
2026-09-06T20:14:04.741+01:00 INFO : 51: generating IMRPhenomD from 30.0 Hz
2026-09-06T20:14:04.744+01:00 INFO : Decompressing waveform using inline_linear
2026-09-06T20:14:04.749+01:00 INFO : Filtering template 52/96 segment 1/5
2026-09-06T20:14:04.769+01:00 INFO : 1 points above threshold
2026-09-06T20:14:04.784+01:00 INFO : Filtering template 52/96 segment 2/5
2026-09-06T20:14:04.801+01:00 INFO : 1 points above threshold
2026-09-06T20:14:04.806+01:00 INFO : Filtering template 52/96 segment 3/5
2026-09-06T20:14:04.824+01:00 INFO : Filtering template 52/96 segment 4/5
2026-09-06T20:14:04.842+01:00 INFO : 3 points above threshold
2026-09-06T20:14:04.851+01:00 INFO : Filtering template 52/96 segment 5/5
2026-09-06T20:14:04.868+01:00 INFO : 1 points above threshold
2026-09-06T20:14:04.874+01:00 INFO : 52: generating IMRPhenomD from 30.0 Hz
2026-09-06T20:14:04.877+01:00 INFO : Decompressing waveform using inline_linear
2026-09-06T20:14:04.881+01:00 INFO : Filtering template 53/96 segment 1/5
2026-09-06T20:14:04.901+01:00 INFO : 3 points above threshold
2026-09-06T20:14:04.922+01:00 INFO : Filtering template 53/96 segment 2/5
2026-09-06T20:14:04.940+01:00 INFO : 2 points above threshold
2026-09-06T20:14:04.947+01:00 INFO : Filtering template 53/96 segment 3/5
2026-09-06T20:14:04.964+01:00 INFO : 2 points above threshold
2026-09-06T20:14:04.971+01:00 INFO : Filtering template 53/96 segment 4/5
2026-09-06T20:14:04.989+01:00 INFO : 1 points above threshold
2026-09-06T20:14:04.994+01:00 INFO : Filtering template 53/96 segment 5/5
2026-09-06T20:14:05.012+01:00 INFO : 1 points above threshold
2026-09-06T20:14:05.017+01:00 INFO : 53: generating IMRPhenomD from 30.0 Hz
2026-09-06T20:14:05.020+01:00 INFO : Decompressing waveform using inline_linear
2026-09-06T20:14:05.025+01:00 INFO : Filtering template 54/96 segment 1/5
2026-09-06T20:14:05.045+01:00 INFO : Filtering template 54/96 segment 2/5
2026-09-06T20:14:05.062+01:00 INFO : Filtering template 54/96 segment 3/5
2026-09-06T20:14:05.080+01:00 INFO : 2 points above threshold
2026-09-06T20:14:05.098+01:00 INFO : Filtering template 54/96 segment 4/5
2026-09-06T20:14:05.116+01:00 INFO : 5 points above threshold
2026-09-06T20:14:05.128+01:00 INFO : Filtering template 54/96 segment 5/5
2026-09-06T20:14:05.145+01:00 INFO : 54: generating IMRPhenomD from 30.0 Hz
2026-09-06T20:14:05.148+01:00 INFO : Decompressing waveform using inline_linear
2026-09-06T20:14:05.153+01:00 INFO : Filtering template 55/96 segment 1/5
2026-09-06T20:14:05.173+01:00 INFO : Filtering template 55/96 segment 2/5
2026-09-06T20:14:05.191+01:00 INFO : 1 points above threshold
2026-09-06T20:14:05.207+01:00 INFO : Filtering template 55/96 segment 3/5
2026-09-06T20:14:05.225+01:00 INFO : 3 points above threshold
2026-09-06T20:14:05.234+01:00 INFO : Filtering template 55/96 segment 4/5
2026-09-06T20:14:05.252+01:00 INFO : 1 points above threshold
2026-09-06T20:14:05.257+01:00 INFO : Filtering template 55/96 segment 5/5
2026-09-06T20:14:05.275+01:00 INFO : 1 points above threshold
2026-09-06T20:14:05.280+01:00 INFO : 55: generating IMRPhenomD from 30.0 Hz
2026-09-06T20:14:05.283+01:00 INFO : Decompressing waveform using inline_linear
2026-09-06T20:14:05.288+01:00 INFO : Filtering template 56/96 segment 1/5
2026-09-06T20:14:05.307+01:00 INFO : 1 points above threshold
2026-09-06T20:14:05.324+01:00 INFO : Filtering template 56/96 segment 2/5
2026-09-06T20:14:05.342+01:00 INFO : 1 points above threshold
2026-09-06T20:14:05.347+01:00 INFO : Filtering template 56/96 segment 3/5
2026-09-06T20:14:05.365+01:00 INFO : 3 points above threshold
2026-09-06T20:14:05.374+01:00 INFO : Filtering template 56/96 segment 4/5
2026-09-06T20:14:05.391+01:00 INFO : Filtering template 56/96 segment 5/5
2026-09-06T20:14:05.409+01:00 INFO : 1 points above threshold
2026-09-06T20:14:05.414+01:00 INFO : 56: generating IMRPhenomD from 30.0 Hz
2026-09-06T20:14:05.417+01:00 INFO : Decompressing waveform using inline_linear
2026-09-06T20:14:05.422+01:00 INFO : Filtering template 57/96 segment 1/5
2026-09-06T20:14:05.441+01:00 INFO : 1 points above threshold
2026-09-06T20:14:05.457+01:00 INFO : Filtering template 57/96 segment 2/5
2026-09-06T20:14:05.474+01:00 INFO : 2 points above threshold
2026-09-06T20:14:05.482+01:00 INFO : Filtering template 57/96 segment 3/5
2026-09-06T20:14:05.500+01:00 INFO : 2 points above threshold
2026-09-06T20:14:05.507+01:00 INFO : Filtering template 57/96 segment 4/5
2026-09-06T20:14:05.524+01:00 INFO : 2 points above threshold
2026-09-06T20:14:05.531+01:00 INFO : Filtering template 57/96 segment 5/5
2026-09-06T20:14:05.549+01:00 INFO : 57: generating IMRPhenomD from 30.0 Hz
2026-09-06T20:14:05.552+01:00 INFO : Decompressing waveform using inline_linear
2026-09-06T20:14:05.557+01:00 INFO : Filtering template 58/96 segment 1/5
2026-09-06T20:14:05.577+01:00 INFO : 1 points above threshold
2026-09-06T20:14:05.592+01:00 INFO : Filtering template 58/96 segment 2/5
2026-09-06T20:14:05.610+01:00 INFO : 2 points above threshold
2026-09-06T20:14:05.617+01:00 INFO : Filtering template 58/96 segment 3/5
2026-09-06T20:14:05.635+01:00 INFO : 1 points above threshold
2026-09-06T20:14:05.640+01:00 INFO : Filtering template 58/96 segment 4/5
2026-09-06T20:14:05.657+01:00 INFO : 1 points above threshold
2026-09-06T20:14:05.663+01:00 INFO : Filtering template 58/96 segment 5/5
2026-09-06T20:14:05.680+01:00 INFO : 2 points above threshold
2026-09-06T20:14:05.688+01:00 INFO : 58: generating IMRPhenomD from 30.0 Hz
2026-09-06T20:14:05.690+01:00 INFO : Decompressing waveform using inline_linear
2026-09-06T20:14:05.695+01:00 INFO : Filtering template 59/96 segment 1/5
2026-09-06T20:14:05.715+01:00 INFO : 1 points above threshold
2026-09-06T20:14:05.730+01:00 INFO : Filtering template 59/96 segment 2/5
2026-09-06T20:14:05.748+01:00 INFO : 2 points above threshold
2026-09-06T20:14:05.755+01:00 INFO : Filtering template 59/96 segment 3/5
2026-09-06T20:14:05.772+01:00 INFO : 2 points above threshold
2026-09-06T20:14:05.779+01:00 INFO : Filtering template 59/96 segment 4/5
2026-09-06T20:14:05.797+01:00 INFO : 1 points above threshold
2026-09-06T20:14:05.802+01:00 INFO : Filtering template 59/96 segment 5/5
2026-09-06T20:14:05.820+01:00 INFO : 59: generating IMRPhenomD from 30.0 Hz
2026-09-06T20:14:05.823+01:00 INFO : Decompressing waveform using inline_linear
2026-09-06T20:14:05.828+01:00 INFO : Filtering template 60/96 segment 1/5
2026-09-06T20:14:05.848+01:00 INFO : Filtering template 60/96 segment 2/5
2026-09-06T20:14:05.865+01:00 INFO : Filtering template 60/96 segment 3/5
2026-09-06T20:14:05.883+01:00 INFO : 1 points above threshold
2026-09-06T20:14:05.898+01:00 INFO : Filtering template 60/96 segment 4/5
2026-09-06T20:14:05.916+01:00 INFO : 2 points above threshold
2026-09-06T20:14:05.923+01:00 INFO : Filtering template 60/96 segment 5/5
2026-09-06T20:14:05.941+01:00 INFO : 60: generating IMRPhenomD from 30.0 Hz
2026-09-06T20:14:05.944+01:00 INFO : Decompressing waveform using inline_linear
2026-09-06T20:14:05.949+01:00 INFO : Filtering template 61/96 segment 1/5
2026-09-06T20:14:05.968+01:00 INFO : Filtering template 61/96 segment 2/5
2026-09-06T20:14:05.986+01:00 INFO : 2 points above threshold
2026-09-06T20:14:06.003+01:00 INFO : Filtering template 61/96 segment 3/5
2026-09-06T20:14:06.021+01:00 INFO : 1 points above threshold
2026-09-06T20:14:06.026+01:00 INFO : Filtering template 61/96 segment 4/5
2026-09-06T20:14:06.044+01:00 INFO : 1 points above threshold
2026-09-06T20:14:06.049+01:00 INFO : Filtering template 61/96 segment 5/5
2026-09-06T20:14:06.067+01:00 INFO : 61: generating IMRPhenomD from 30.0 Hz
2026-09-06T20:14:06.070+01:00 INFO : Decompressing waveform using inline_linear
2026-09-06T20:14:06.075+01:00 INFO : Filtering template 62/96 segment 1/5
2026-09-06T20:14:06.095+01:00 INFO : 2 points above threshold
2026-09-06T20:14:06.112+01:00 INFO : Filtering template 62/96 segment 2/5
2026-09-06T20:14:06.130+01:00 INFO : Filtering template 62/96 segment 3/5
2026-09-06T20:14:06.147+01:00 INFO : Filtering template 62/96 segment 4/5
2026-09-06T20:14:06.165+01:00 INFO : 5 points above threshold
2026-09-06T20:14:06.177+01:00 INFO : Filtering template 62/96 segment 5/5
2026-09-06T20:14:06.194+01:00 INFO : 62: generating IMRPhenomD from 30.0 Hz
2026-09-06T20:14:06.197+01:00 INFO : Decompressing waveform using inline_linear
2026-09-06T20:14:06.202+01:00 INFO : Filtering template 63/96 segment 1/5
2026-09-06T20:14:06.222+01:00 INFO : Filtering template 63/96 segment 2/5
2026-09-06T20:14:06.240+01:00 INFO : 1 points above threshold
2026-09-06T20:14:06.255+01:00 INFO : Filtering template 63/96 segment 3/5
2026-09-06T20:14:06.272+01:00 INFO : 2 points above threshold
2026-09-06T20:14:06.279+01:00 INFO : Filtering template 63/96 segment 4/5
2026-09-06T20:14:06.297+01:00 INFO : 1 points above threshold
2026-09-06T20:14:06.302+01:00 INFO : Filtering template 63/96 segment 5/5
2026-09-06T20:14:06.319+01:00 INFO : 1 points above threshold
2026-09-06T20:14:06.325+01:00 INFO : 63: generating IMRPhenomD from 30.0 Hz
2026-09-06T20:14:06.327+01:00 INFO : Decompressing waveform using inline_linear
2026-09-06T20:14:06.332+01:00 INFO : Filtering template 64/96 segment 1/5
2026-09-06T20:14:06.352+01:00 INFO : 2 points above threshold
2026-09-06T20:14:06.369+01:00 INFO : Filtering template 64/96 segment 2/5
2026-09-06T20:14:06.387+01:00 INFO : 1 points above threshold
2026-09-06T20:14:06.392+01:00 INFO : Filtering template 64/96 segment 3/5
2026-09-06T20:14:06.410+01:00 INFO : Filtering template 64/96 segment 4/5
2026-09-06T20:14:06.427+01:00 INFO : Filtering template 64/96 segment 5/5
2026-09-06T20:14:06.445+01:00 INFO : 64: generating IMRPhenomD from 30.0 Hz
2026-09-06T20:14:06.448+01:00 INFO : Decompressing waveform using inline_linear
2026-09-06T20:14:06.453+01:00 INFO : Filtering template 65/96 segment 1/5
2026-09-06T20:14:06.473+01:00 INFO : 2 points above threshold
2026-09-06T20:14:06.490+01:00 INFO : Filtering template 65/96 segment 2/5
2026-09-06T20:14:06.507+01:00 INFO : 2 points above threshold
2026-09-06T20:14:06.514+01:00 INFO : Filtering template 65/96 segment 3/5
2026-09-06T20:14:06.532+01:00 INFO : 1 points above threshold
2026-09-06T20:14:06.537+01:00 INFO : Filtering template 65/96 segment 4/5
2026-09-06T20:14:06.554+01:00 INFO : 2 points above threshold
2026-09-06T20:14:06.561+01:00 INFO : Filtering template 65/96 segment 5/5
2026-09-06T20:14:06.579+01:00 INFO : 65: generating IMRPhenomD from 30.0 Hz
2026-09-06T20:14:06.582+01:00 INFO : Decompressing waveform using inline_linear
2026-09-06T20:14:06.587+01:00 INFO : Filtering template 66/96 segment 1/5
2026-09-06T20:14:06.607+01:00 INFO : 1 points above threshold
2026-09-06T20:14:06.622+01:00 INFO : Filtering template 66/96 segment 2/5
2026-09-06T20:14:06.639+01:00 INFO : 1 points above threshold
2026-09-06T20:14:06.644+01:00 INFO : Filtering template 66/96 segment 3/5
2026-09-06T20:14:06.662+01:00 INFO : 2 points above threshold
2026-09-06T20:14:06.669+01:00 INFO : Filtering template 66/96 segment 4/5
2026-09-06T20:14:06.687+01:00 INFO : 1 points above threshold
2026-09-06T20:14:06.692+01:00 INFO : Filtering template 66/96 segment 5/5
2026-09-06T20:14:06.710+01:00 INFO : 66: generating IMRPhenomD from 30.0 Hz
2026-09-06T20:14:06.713+01:00 INFO : Decompressing waveform using inline_linear
2026-09-06T20:14:06.717+01:00 INFO : Filtering template 67/96 segment 1/5
2026-09-06T20:14:06.737+01:00 INFO : 3 points above threshold
2026-09-06T20:14:06.756+01:00 INFO : Filtering template 67/96 segment 2/5
2026-09-06T20:14:06.774+01:00 INFO : Filtering template 67/96 segment 3/5
2026-09-06T20:14:06.791+01:00 INFO : 1 points above threshold
2026-09-06T20:14:06.797+01:00 INFO : Filtering template 67/96 segment 4/5
2026-09-06T20:14:06.815+01:00 INFO : Filtering template 67/96 segment 5/5
2026-09-06T20:14:06.832+01:00 INFO : 67: generating IMRPhenomD from 30.0 Hz
2026-09-06T20:14:06.835+01:00 INFO : Decompressing waveform using inline_linear
2026-09-06T20:14:06.840+01:00 INFO : Filtering template 68/96 segment 1/5
2026-09-06T20:14:06.860+01:00 INFO : 1 points above threshold
2026-09-06T20:14:06.875+01:00 INFO : Filtering template 68/96 segment 2/5
2026-09-06T20:14:06.893+01:00 INFO : 1 points above threshold
2026-09-06T20:14:06.898+01:00 INFO : Filtering template 68/96 segment 3/5
2026-09-06T20:14:06.916+01:00 INFO : 1 points above threshold
2026-09-06T20:14:06.921+01:00 INFO : Filtering template 68/96 segment 4/5
2026-09-06T20:14:06.938+01:00 INFO : 1 points above threshold
2026-09-06T20:14:06.944+01:00 INFO : Filtering template 68/96 segment 5/5
2026-09-06T20:14:06.961+01:00 INFO : 1 points above threshold
2026-09-06T20:14:06.967+01:00 INFO : 68: generating IMRPhenomD from 30.0 Hz
2026-09-06T20:14:06.970+01:00 INFO : Decompressing waveform using inline_linear
2026-09-06T20:14:06.974+01:00 INFO : Filtering template 69/96 segment 1/5
2026-09-06T20:14:06.994+01:00 INFO : Filtering template 69/96 segment 2/5
2026-09-06T20:14:07.012+01:00 INFO : Filtering template 69/96 segment 3/5
2026-09-06T20:14:07.030+01:00 INFO : 1 points above threshold
2026-09-06T20:14:07.045+01:00 INFO : Filtering template 69/96 segment 4/5
2026-09-06T20:14:07.062+01:00 INFO : 2 points above threshold
2026-09-06T20:14:07.069+01:00 INFO : Filtering template 69/96 segment 5/5
2026-09-06T20:14:07.087+01:00 INFO : 69: generating IMRPhenomD from 30.0 Hz
2026-09-06T20:14:07.090+01:00 INFO : Decompressing waveform using inline_linear
2026-09-06T20:14:07.095+01:00 INFO : Filtering template 70/96 segment 1/5
2026-09-06T20:14:07.115+01:00 INFO : 2 points above threshold
2026-09-06T20:14:07.131+01:00 INFO : Filtering template 70/96 segment 2/5
2026-09-06T20:14:07.149+01:00 INFO : 2 points above threshold
2026-09-06T20:14:07.156+01:00 INFO : Filtering template 70/96 segment 3/5
2026-09-06T20:14:07.173+01:00 INFO : Filtering template 70/96 segment 4/5
2026-09-06T20:14:07.191+01:00 INFO : 2 points above threshold
2026-09-06T20:14:07.198+01:00 INFO : Filtering template 70/96 segment 5/5
2026-09-06T20:14:07.216+01:00 INFO : 2 points above threshold
2026-09-06T20:14:07.223+01:00 INFO : 70: generating IMRPhenomD from 30.0 Hz
2026-09-06T20:14:07.226+01:00 INFO : Decompressing waveform using inline_linear
2026-09-06T20:14:07.230+01:00 INFO : Filtering template 71/96 segment 1/5
2026-09-06T20:14:07.250+01:00 INFO : Filtering template 71/96 segment 2/5
2026-09-06T20:14:07.268+01:00 INFO : 1 points above threshold
2026-09-06T20:14:07.283+01:00 INFO : Filtering template 71/96 segment 3/5
2026-09-06T20:14:07.301+01:00 INFO : 1 points above threshold
2026-09-06T20:14:07.306+01:00 INFO : Filtering template 71/96 segment 4/5
2026-09-06T20:14:07.323+01:00 INFO : 3 points above threshold
2026-09-06T20:14:07.333+01:00 INFO : Filtering template 71/96 segment 5/5
2026-09-06T20:14:07.352+01:00 INFO : 71: generating IMRPhenomD from 30.0 Hz
2026-09-06T20:14:07.354+01:00 INFO : Decompressing waveform using inline_linear
2026-09-06T20:14:07.359+01:00 INFO : Filtering template 72/96 segment 1/5
2026-09-06T20:14:07.380+01:00 INFO : 2 points above threshold
2026-09-06T20:14:07.400+01:00 INFO : Filtering template 72/96 segment 2/5
2026-09-06T20:14:07.427+01:00 INFO : 1 points above threshold
2026-09-06T20:14:07.433+01:00 INFO : Filtering template 72/96 segment 3/5
2026-09-06T20:14:07.452+01:00 INFO : 1 points above threshold
2026-09-06T20:14:07.457+01:00 INFO : Filtering template 72/96 segment 4/5
2026-09-06T20:14:07.475+01:00 INFO : 3 points above threshold
2026-09-06T20:14:07.484+01:00 INFO : Filtering template 72/96 segment 5/5
2026-09-06T20:14:07.502+01:00 INFO : 3 points above threshold
2026-09-06T20:14:07.511+01:00 INFO : 72: generating IMRPhenomD from 30.0 Hz
2026-09-06T20:14:07.514+01:00 INFO : Decompressing waveform using inline_linear
2026-09-06T20:14:07.519+01:00 INFO : Filtering template 73/96 segment 1/5
2026-09-06T20:14:07.538+01:00 INFO : 1 points above threshold
2026-09-06T20:14:07.553+01:00 INFO : Filtering template 73/96 segment 2/5
2026-09-06T20:14:07.571+01:00 INFO : 1 points above threshold
2026-09-06T20:14:07.576+01:00 INFO : Filtering template 73/96 segment 3/5
2026-09-06T20:14:07.594+01:00 INFO : 1 points above threshold
2026-09-06T20:14:07.599+01:00 INFO : Filtering template 73/96 segment 4/5
2026-09-06T20:14:07.617+01:00 INFO : Filtering template 73/96 segment 5/5
2026-09-06T20:14:07.634+01:00 INFO : 1 points above threshold
2026-09-06T20:14:07.640+01:00 INFO : 73: generating IMRPhenomD from 30.0 Hz
2026-09-06T20:14:07.642+01:00 INFO : Decompressing waveform using inline_linear
2026-09-06T20:14:07.647+01:00 INFO : Filtering template 74/96 segment 1/5
2026-09-06T20:14:07.667+01:00 INFO : 3 points above threshold
2026-09-06T20:14:07.686+01:00 INFO : Filtering template 74/96 segment 2/5
2026-09-06T20:14:07.704+01:00 INFO : 3 points above threshold
2026-09-06T20:14:07.713+01:00 INFO : Filtering template 74/96 segment 3/5
2026-09-06T20:14:07.730+01:00 INFO : Filtering template 74/96 segment 4/5
2026-09-06T20:14:07.748+01:00 INFO : 1 points above threshold
2026-09-06T20:14:07.753+01:00 INFO : Filtering template 74/96 segment 5/5
2026-09-06T20:14:07.771+01:00 INFO : 74: generating IMRPhenomD from 30.0 Hz
2026-09-06T20:14:07.774+01:00 INFO : Decompressing waveform using inline_linear
2026-09-06T20:14:07.779+01:00 INFO : Filtering template 75/96 segment 1/5
2026-09-06T20:14:07.799+01:00 INFO : Filtering template 75/96 segment 2/5
2026-09-06T20:14:07.816+01:00 INFO : 1 points above threshold
2026-09-06T20:14:07.831+01:00 INFO : Filtering template 75/96 segment 3/5
2026-09-06T20:14:07.849+01:00 INFO : 2 points above threshold
2026-09-06T20:14:07.856+01:00 INFO : Filtering template 75/96 segment 4/5
2026-09-06T20:14:07.873+01:00 INFO : Filtering template 75/96 segment 5/5
2026-09-06T20:14:07.891+01:00 INFO : 2 points above threshold
2026-09-06T20:14:07.899+01:00 INFO : 75: generating IMRPhenomD from 30.0 Hz
2026-09-06T20:14:07.901+01:00 INFO : Decompressing waveform using inline_linear
2026-09-06T20:14:07.906+01:00 INFO : Filtering template 76/96 segment 1/5
2026-09-06T20:14:07.926+01:00 INFO : 1 points above threshold
2026-09-06T20:14:07.941+01:00 INFO : Filtering template 76/96 segment 2/5
2026-09-06T20:14:07.959+01:00 INFO : Filtering template 76/96 segment 3/5
2026-09-06T20:14:07.976+01:00 INFO : 1 points above threshold
2026-09-06T20:14:07.981+01:00 INFO : Filtering template 76/96 segment 4/5
2026-09-06T20:14:07.999+01:00 INFO : Filtering template 76/96 segment 5/5
2026-09-06T20:14:08.017+01:00 INFO : 2 points above threshold
2026-09-06T20:14:08.024+01:00 INFO : 76: generating IMRPhenomD from 30.0 Hz
2026-09-06T20:14:08.026+01:00 INFO : Decompressing waveform using inline_linear
2026-09-06T20:14:08.031+01:00 INFO : Filtering template 77/96 segment 1/5
2026-09-06T20:14:08.051+01:00 INFO : Filtering template 77/96 segment 2/5
2026-09-06T20:14:08.069+01:00 INFO : 1 points above threshold
2026-09-06T20:14:08.084+01:00 INFO : Filtering template 77/96 segment 3/5
2026-09-06T20:14:08.102+01:00 INFO : Filtering template 77/96 segment 4/5
2026-09-06T20:14:08.119+01:00 INFO : 1 points above threshold
2026-09-06T20:14:08.124+01:00 INFO : Filtering template 77/96 segment 5/5
2026-09-06T20:14:08.142+01:00 INFO : 77: generating IMRPhenomD from 30.0 Hz
2026-09-06T20:14:08.145+01:00 INFO : Decompressing waveform using inline_linear
2026-09-06T20:14:08.150+01:00 INFO : Filtering template 78/96 segment 1/5
2026-09-06T20:14:08.170+01:00 INFO : Filtering template 78/96 segment 2/5
2026-09-06T20:14:08.187+01:00 INFO : Filtering template 78/96 segment 3/5
2026-09-06T20:14:08.205+01:00 INFO : Filtering template 78/96 segment 4/5
2026-09-06T20:14:08.222+01:00 INFO : 1 points above threshold
2026-09-06T20:14:08.238+01:00 INFO : Filtering template 78/96 segment 5/5
2026-09-06T20:14:08.255+01:00 INFO : 78: generating IMRPhenomD from 30.0 Hz
2026-09-06T20:14:08.258+01:00 INFO : Decompressing waveform using inline_linear
2026-09-06T20:14:08.263+01:00 INFO : Filtering template 79/96 segment 1/5
2026-09-06T20:14:08.283+01:00 INFO : 2 points above threshold
2026-09-06T20:14:08.300+01:00 INFO : Filtering template 79/96 segment 2/5
2026-09-06T20:14:08.317+01:00 INFO : Filtering template 79/96 segment 3/5
2026-09-06T20:14:08.335+01:00 INFO : 1 points above threshold
2026-09-06T20:14:08.340+01:00 INFO : Filtering template 79/96 segment 4/5
2026-09-06T20:14:08.357+01:00 INFO : 1 points above threshold
2026-09-06T20:14:08.363+01:00 INFO : Filtering template 79/96 segment 5/5
2026-09-06T20:14:08.380+01:00 INFO : 3 points above threshold
2026-09-06T20:14:08.389+01:00 INFO : 79: generating IMRPhenomD from 30.0 Hz
2026-09-06T20:14:08.392+01:00 INFO : Decompressing waveform using inline_linear
2026-09-06T20:14:08.397+01:00 INFO : Filtering template 80/96 segment 1/5
2026-09-06T20:14:08.417+01:00 INFO : 2 points above threshold
2026-09-06T20:14:08.434+01:00 INFO : Filtering template 80/96 segment 2/5
2026-09-06T20:14:08.451+01:00 INFO : 1 points above threshold
2026-09-06T20:14:08.456+01:00 INFO : Filtering template 80/96 segment 3/5
2026-09-06T20:14:08.474+01:00 INFO : 1 points above threshold
2026-09-06T20:14:08.479+01:00 INFO : Filtering template 80/96 segment 4/5
2026-09-06T20:14:08.497+01:00 INFO : Filtering template 80/96 segment 5/5
2026-09-06T20:14:08.514+01:00 INFO : 1 points above threshold
2026-09-06T20:14:08.520+01:00 INFO : 80: generating IMRPhenomD from 30.0 Hz
2026-09-06T20:14:08.522+01:00 INFO : Decompressing waveform using inline_linear
2026-09-06T20:14:08.527+01:00 INFO : Filtering template 81/96 segment 1/5
2026-09-06T20:14:08.547+01:00 INFO : 1 points above threshold
2026-09-06T20:14:08.562+01:00 INFO : Filtering template 81/96 segment 2/5
2026-09-06T20:14:08.579+01:00 INFO : 2 points above threshold
2026-09-06T20:14:08.586+01:00 INFO : Filtering template 81/96 segment 3/5
2026-09-06T20:14:08.604+01:00 INFO : 1 points above threshold
2026-09-06T20:14:08.609+01:00 INFO : Filtering template 81/96 segment 4/5
2026-09-06T20:14:08.627+01:00 INFO : Filtering template 81/96 segment 5/5
2026-09-06T20:14:08.644+01:00 INFO : 1 points above threshold
2026-09-06T20:14:08.650+01:00 INFO : 81: generating IMRPhenomD from 30.0 Hz
2026-09-06T20:14:08.652+01:00 INFO : Decompressing waveform using inline_linear
2026-09-06T20:14:08.657+01:00 INFO : Filtering template 82/96 segment 1/5
2026-09-06T20:14:08.677+01:00 INFO : Filtering template 82/96 segment 2/5
2026-09-06T20:14:08.695+01:00 INFO : 2 points above threshold
2026-09-06T20:14:08.712+01:00 INFO : Filtering template 82/96 segment 3/5
2026-09-06T20:14:08.729+01:00 INFO : 1 points above threshold
2026-09-06T20:14:08.734+01:00 INFO : Filtering template 82/96 segment 4/5
2026-09-06T20:14:08.752+01:00 INFO : Filtering template 82/96 segment 5/5
2026-09-06T20:14:08.769+01:00 INFO : 82: generating IMRPhenomD from 30.0 Hz
2026-09-06T20:14:08.772+01:00 INFO : Decompressing waveform using inline_linear
2026-09-06T20:14:08.777+01:00 INFO : Filtering template 83/96 segment 1/5
2026-09-06T20:14:08.797+01:00 INFO : 1 points above threshold
2026-09-06T20:14:08.812+01:00 INFO : Filtering template 83/96 segment 2/5
2026-09-06T20:14:08.830+01:00 INFO : 2 points above threshold
2026-09-06T20:14:08.837+01:00 INFO : Filtering template 83/96 segment 3/5
2026-09-06T20:14:08.854+01:00 INFO : 2 points above threshold
2026-09-06T20:14:08.861+01:00 INFO : Filtering template 83/96 segment 4/5
2026-09-06T20:14:08.879+01:00 INFO : 3 points above threshold
2026-09-06T20:14:08.888+01:00 INFO : Filtering template 83/96 segment 5/5
2026-09-06T20:14:08.906+01:00 INFO : 3 points above threshold
2026-09-06T20:14:08.915+01:00 INFO : 83: generating IMRPhenomD from 30.0 Hz
2026-09-06T20:14:08.918+01:00 INFO : Decompressing waveform using inline_linear
2026-09-06T20:14:08.923+01:00 INFO : Filtering template 84/96 segment 1/5
2026-09-06T20:14:08.942+01:00 INFO : Filtering template 84/96 segment 2/5
2026-09-06T20:14:08.960+01:00 INFO : Filtering template 84/96 segment 3/5
2026-09-06T20:14:08.978+01:00 INFO : 1 points above threshold
2026-09-06T20:14:08.993+01:00 INFO : Filtering template 84/96 segment 4/5
2026-09-06T20:14:09.010+01:00 INFO : 3 points above threshold
2026-09-06T20:14:09.019+01:00 INFO : Filtering template 84/96 segment 5/5
2026-09-06T20:14:09.037+01:00 INFO : 84: generating IMRPhenomD from 30.0 Hz
2026-09-06T20:14:09.040+01:00 INFO : Decompressing waveform using inline_linear
2026-09-06T20:14:09.045+01:00 INFO : Filtering template 85/96 segment 1/5
2026-09-06T20:14:09.064+01:00 INFO : 1 points above threshold
2026-09-06T20:14:09.079+01:00 INFO : Filtering template 85/96 segment 2/5
2026-09-06T20:14:09.097+01:00 INFO : 2 points above threshold
2026-09-06T20:14:09.104+01:00 INFO : Filtering template 85/96 segment 3/5
2026-09-06T20:14:09.122+01:00 INFO : 1 points above threshold
2026-09-06T20:14:09.127+01:00 INFO : Filtering template 85/96 segment 4/5
2026-09-06T20:14:09.144+01:00 INFO : 3 points above threshold
2026-09-06T20:14:09.153+01:00 INFO : Filtering template 85/96 segment 5/5
2026-09-06T20:14:09.171+01:00 INFO : 2 points above threshold
2026-09-06T20:14:09.178+01:00 INFO : 85: generating IMRPhenomD from 30.0 Hz
2026-09-06T20:14:09.181+01:00 INFO : Decompressing waveform using inline_linear
2026-09-06T20:14:09.186+01:00 INFO : Filtering template 86/96 segment 1/5
2026-09-06T20:14:09.205+01:00 INFO : 2 points above threshold
2026-09-06T20:14:09.222+01:00 INFO : Filtering template 86/96 segment 2/5
2026-09-06T20:14:09.240+01:00 INFO : 2 points above threshold
2026-09-06T20:14:09.247+01:00 INFO : Filtering template 86/96 segment 3/5
2026-09-06T20:14:09.265+01:00 INFO : 1 points above threshold
2026-09-06T20:14:09.270+01:00 INFO : Filtering template 86/96 segment 4/5
2026-09-06T20:14:09.288+01:00 INFO : 1 points above threshold
2026-09-06T20:14:09.293+01:00 INFO : Filtering template 86/96 segment 5/5
2026-09-06T20:14:09.310+01:00 INFO : 2 points above threshold
2026-09-06T20:14:09.317+01:00 INFO : 86: generating IMRPhenomD from 30.0 Hz
2026-09-06T20:14:09.320+01:00 INFO : Decompressing waveform using inline_linear
2026-09-06T20:14:09.325+01:00 INFO : Filtering template 87/96 segment 1/5
2026-09-06T20:14:09.345+01:00 INFO : 1 points above threshold
2026-09-06T20:14:09.361+01:00 INFO : Filtering template 87/96 segment 2/5
2026-09-06T20:14:09.379+01:00 INFO : 2 points above threshold
2026-09-06T20:14:09.386+01:00 INFO : Filtering template 87/96 segment 3/5
2026-09-06T20:14:09.403+01:00 INFO : 1 points above threshold
2026-09-06T20:14:09.408+01:00 INFO : Filtering template 87/96 segment 4/5
2026-09-06T20:14:09.426+01:00 INFO : 1 points above threshold
2026-09-06T20:14:09.431+01:00 INFO : Filtering template 87/96 segment 5/5
2026-09-06T20:14:09.448+01:00 INFO : 1 points above threshold
2026-09-06T20:14:09.454+01:00 INFO : 87: generating IMRPhenomD from 30.0 Hz
2026-09-06T20:14:09.456+01:00 INFO : Decompressing waveform using inline_linear
2026-09-06T20:14:09.461+01:00 INFO : Filtering template 88/96 segment 1/5
2026-09-06T20:14:09.481+01:00 INFO : 2 points above threshold
2026-09-06T20:14:09.499+01:00 INFO : Filtering template 88/96 segment 2/5
2026-09-06T20:14:09.517+01:00 INFO : 1 points above threshold
2026-09-06T20:14:09.522+01:00 INFO : Filtering template 88/96 segment 3/5
2026-09-06T20:14:09.540+01:00 INFO : Filtering template 88/96 segment 4/5
2026-09-06T20:14:09.557+01:00 INFO : Filtering template 88/96 segment 5/5
2026-09-06T20:14:09.575+01:00 INFO : 2 points above threshold
2026-09-06T20:14:09.582+01:00 INFO : 88: generating IMRPhenomD from 30.0 Hz
2026-09-06T20:14:09.585+01:00 INFO : Decompressing waveform using inline_linear
2026-09-06T20:14:09.589+01:00 INFO : Filtering template 89/96 segment 1/5
2026-09-06T20:14:09.609+01:00 INFO : 2 points above threshold
2026-09-06T20:14:09.627+01:00 INFO : Filtering template 89/96 segment 2/5
2026-09-06T20:14:09.645+01:00 INFO : 1 points above threshold
2026-09-06T20:14:09.650+01:00 INFO : Filtering template 89/96 segment 3/5
2026-09-06T20:14:09.668+01:00 INFO : 2 points above threshold
2026-09-06T20:14:09.675+01:00 INFO : Filtering template 89/96 segment 4/5
2026-09-06T20:14:09.692+01:00 INFO : Filtering template 89/96 segment 5/5
2026-09-06T20:14:09.710+01:00 INFO : 89: generating IMRPhenomD from 30.0 Hz
2026-09-06T20:14:09.713+01:00 INFO : Decompressing waveform using inline_linear
2026-09-06T20:14:09.718+01:00 INFO : Filtering template 90/96 segment 1/5
2026-09-06T20:14:09.737+01:00 INFO : Filtering template 90/96 segment 2/5
2026-09-06T20:14:09.755+01:00 INFO : 1 points above threshold
2026-09-06T20:14:09.772+01:00 INFO : Filtering template 90/96 segment 3/5
2026-09-06T20:14:09.789+01:00 INFO : 3 points above threshold
2026-09-06T20:14:09.798+01:00 INFO : Filtering template 90/96 segment 4/5
2026-09-06T20:14:09.816+01:00 INFO : Filtering template 90/96 segment 5/5
2026-09-06T20:14:09.834+01:00 INFO : 1 points above threshold
2026-09-06T20:14:09.839+01:00 INFO : 90: generating IMRPhenomD from 30.0 Hz
2026-09-06T20:14:09.842+01:00 INFO : Decompressing waveform using inline_linear
2026-09-06T20:14:09.846+01:00 INFO : Filtering template 91/96 segment 1/5
2026-09-06T20:14:09.866+01:00 INFO : Filtering template 91/96 segment 2/5
2026-09-06T20:14:09.884+01:00 INFO : 2 points above threshold
2026-09-06T20:14:09.901+01:00 INFO : Filtering template 91/96 segment 3/5
2026-09-06T20:14:09.919+01:00 INFO : 3 points above threshold
2026-09-06T20:14:09.928+01:00 INFO : Filtering template 91/96 segment 4/5
2026-09-06T20:14:09.946+01:00 INFO : Filtering template 91/96 segment 5/5
2026-09-06T20:14:09.963+01:00 INFO : 1 points above threshold
2026-09-06T20:14:09.969+01:00 INFO : 91: generating IMRPhenomD from 30.0 Hz
2026-09-06T20:14:09.971+01:00 INFO : Decompressing waveform using inline_linear
2026-09-06T20:14:09.976+01:00 INFO : Filtering template 92/96 segment 1/5
2026-09-06T20:14:09.996+01:00 INFO : 2 points above threshold
2026-09-06T20:14:10.013+01:00 INFO : Filtering template 92/96 segment 2/5
2026-09-06T20:14:10.030+01:00 INFO : 1 points above threshold
2026-09-06T20:14:10.036+01:00 INFO : Filtering template 92/96 segment 3/5
2026-09-06T20:14:10.053+01:00 INFO : 2 points above threshold
2026-09-06T20:14:10.060+01:00 INFO : Filtering template 92/96 segment 4/5
2026-09-06T20:14:10.078+01:00 INFO : 1 points above threshold
2026-09-06T20:14:10.083+01:00 INFO : Filtering template 92/96 segment 5/5
2026-09-06T20:14:10.100+01:00 INFO : 1 points above threshold
2026-09-06T20:14:10.106+01:00 INFO : 92: generating IMRPhenomD from 30.0 Hz
2026-09-06T20:14:10.108+01:00 INFO : Decompressing waveform using inline_linear
2026-09-06T20:14:10.113+01:00 INFO : Filtering template 93/96 segment 1/5
2026-09-06T20:14:10.133+01:00 INFO : Filtering template 93/96 segment 2/5
2026-09-06T20:14:10.151+01:00 INFO : 3 points above threshold
2026-09-06T20:14:10.170+01:00 INFO : Filtering template 93/96 segment 3/5
2026-09-06T20:14:10.188+01:00 INFO : 3 points above threshold
2026-09-06T20:14:10.197+01:00 INFO : Filtering template 93/96 segment 4/5
2026-09-06T20:14:10.214+01:00 INFO : 1 points above threshold
2026-09-06T20:14:10.219+01:00 INFO : Filtering template 93/96 segment 5/5
2026-09-06T20:14:10.237+01:00 INFO : 1 points above threshold
2026-09-06T20:14:10.242+01:00 INFO : 93: generating IMRPhenomD from 30.0 Hz
2026-09-06T20:14:10.245+01:00 INFO : Decompressing waveform using inline_linear
2026-09-06T20:14:10.250+01:00 INFO : Filtering template 94/96 segment 1/5
2026-09-06T20:14:10.270+01:00 INFO : 1 points above threshold
2026-09-06T20:14:10.285+01:00 INFO : Filtering template 94/96 segment 2/5
2026-09-06T20:14:10.302+01:00 INFO : 2 points above threshold
2026-09-06T20:14:10.309+01:00 INFO : Filtering template 94/96 segment 3/5
2026-09-06T20:14:10.327+01:00 INFO : 4 points above threshold
2026-09-06T20:14:10.335+01:00 INFO : Filtering template 94/96 segment 4/5
2026-09-06T20:14:10.353+01:00 INFO : Filtering template 94/96 segment 5/5
2026-09-06T20:14:10.371+01:00 INFO : 2 points above threshold
2026-09-06T20:14:10.378+01:00 INFO : 94: generating IMRPhenomD from 30.0 Hz
2026-09-06T20:14:10.381+01:00 INFO : Decompressing waveform using inline_linear
2026-09-06T20:14:10.385+01:00 INFO : Filtering template 95/96 segment 1/5
2026-09-06T20:14:10.405+01:00 INFO : 3 points above threshold
2026-09-06T20:14:10.424+01:00 INFO : Filtering template 95/96 segment 2/5
2026-09-06T20:14:10.442+01:00 INFO : 2 points above threshold
2026-09-06T20:14:10.449+01:00 INFO : Filtering template 95/96 segment 3/5
2026-09-06T20:14:10.466+01:00 INFO : 2 points above threshold
2026-09-06T20:14:10.473+01:00 INFO : Filtering template 95/96 segment 4/5
2026-09-06T20:14:10.491+01:00 INFO : 1 points above threshold
2026-09-06T20:14:10.496+01:00 INFO : Filtering template 95/96 segment 5/5
2026-09-06T20:14:10.514+01:00 INFO : 95: generating IMRPhenomD from 30.0 Hz
2026-09-06T20:14:10.533+01:00 INFO : Decompressing waveform using inline_linear
2026-09-06T20:14:10.538+01:00 INFO : Filtering template 96/96 segment 1/5
2026-09-06T20:14:10.561+01:00 INFO : 2 points above threshold
2026-09-06T20:14:10.582+01:00 INFO : Filtering template 96/96 segment 2/5
2026-09-06T20:14:10.600+01:00 INFO : Filtering template 96/96 segment 3/5
2026-09-06T20:14:10.618+01:00 INFO : Filtering template 96/96 segment 4/5
2026-09-06T20:14:10.635+01:00 INFO : 1 points above threshold
2026-09-06T20:14:10.640+01:00 INFO : Filtering template 96/96 segment 5/5
2026-09-06T20:14:10.658+01:00 INFO : We currently have 527 triggers
2026-09-06T20:14:10.658+01:00 INFO : Removing triggers with NewSNR below threshold
2026-09-06T20:14:10.658+01:00 INFO : 475 remaining triggers
2026-09-06T20:14:10.659+01:00 INFO : Outputting 475 triggers
2026-09-06T20:14:10.659+01:00 INFO : Writing out triggers
2026-09-06T20:14:10.669+01:00 INFO : Finished
