2026-09-06T18:32:48.431+01:00 INFO : Running with CPU support: 1 threads
2026-09-06T18:32:48.431+01:00 INFO : Reading Frames
2026-09-06T18:32:55.119+01:00 INFO : Highpass Filtering
2026-09-06T18:32:55.571+01:00 INFO : Resampling data
2026-09-06T18:32:55.582+01:00 INFO : Converting to float32
/home/xangma/pycbc-torch-inspiral-reference-20260906/source-v2/pycbc/types/array.py:872: RuntimeWarning: divide by zero encountered in divide
  return self._data.__rtruediv__(other)
2026-09-06T18:33:00.666+01:00 INFO : Highpass Filtering
2026-09-06T18:33:01.116+01:00 INFO : Remove Padding
2026-09-06T18:33:01.164+01:00 INFO : Making frequency-domain data segments
/home/xangma/pycbc-torch-inspiral-reference-20260906/source-v2/pycbc/types/array.py:872: RuntimeWarning: divide by zero encountered in divide
  return self._data.__rtruediv__(other)
2026-09-06T18:33:02.890+01:00 INFO : Overwhitening frequency-domain data segments
2026-09-06T18:33:02.909+01:00 INFO : Read in template bank
2026-09-06T18:33:02.921+01:00 INFO : Full template bank size: 96
2026-09-06T18:33:02.921+01:00 INFO : Template bank size after thinning: 96
2026-09-06T18:33:02.921+01:00 INFO : 0: generating IMRPhenomD from 30.0 Hz
2026-09-06T18:33:02.924+01:00 INFO : Decompressing waveform using inline_linear
2026-09-06T18:33:02.930+01:00 INFO : Filtering template 1/96 segment 1/5
2026-09-06T18:33:02.958+01:00 INFO : 1 points above threshold
2026-09-06T18:33:02.976+01:00 INFO : Filtering template 1/96 segment 2/5
2026-09-06T18:33:02.994+01:00 INFO : Filtering template 1/96 segment 3/5
2026-09-06T18:33:03.012+01:00 INFO : 1 points above threshold
2026-09-06T18:33:03.017+01:00 INFO : Filtering template 1/96 segment 4/5
2026-09-06T18:33:03.035+01:00 INFO : Filtering template 1/96 segment 5/5
2026-09-06T18:33:03.053+01:00 INFO : 1 points above threshold
2026-09-06T18:33:03.058+01:00 INFO : 1: generating IMRPhenomD from 30.0 Hz
2026-09-06T18:33:03.061+01:00 INFO : Decompressing waveform using inline_linear
2026-09-06T18:33:03.066+01:00 INFO : Filtering template 2/96 segment 1/5
2026-09-06T18:33:03.086+01:00 INFO : 1 points above threshold
2026-09-06T18:33:03.102+01:00 INFO : Filtering template 2/96 segment 2/5
2026-09-06T18:33:03.120+01:00 INFO : 1 points above threshold
2026-09-06T18:33:03.125+01:00 INFO : Filtering template 2/96 segment 3/5
2026-09-06T18:33:03.142+01:00 INFO : 2 points above threshold
2026-09-06T18:33:03.148+01:00 INFO : Filtering template 2/96 segment 4/5
2026-09-06T18:33:03.165+01:00 INFO : Filtering template 2/96 segment 5/5
2026-09-06T18:33:03.183+01:00 INFO : 1 points above threshold
2026-09-06T18:33:03.189+01:00 INFO : 2: generating IMRPhenomD from 30.0 Hz
2026-09-06T18:33:03.191+01:00 INFO : Decompressing waveform using inline_linear
2026-09-06T18:33:03.196+01:00 INFO : Filtering template 3/96 segment 1/5
2026-09-06T18:33:03.216+01:00 INFO : 3 points above threshold
2026-09-06T18:33:03.233+01:00 INFO : Filtering template 3/96 segment 2/5
2026-09-06T18:33:03.250+01:00 INFO : Filtering template 3/96 segment 3/5
2026-09-06T18:33:03.268+01:00 INFO : 1 points above threshold
2026-09-06T18:33:03.276+01:00 INFO : Filtering template 3/96 segment 4/5
2026-09-06T18:33:03.294+01:00 INFO : 1 points above threshold
2026-09-06T18:33:03.299+01:00 INFO : Filtering template 3/96 segment 5/5
2026-09-06T18:33:03.317+01:00 INFO : 3: generating IMRPhenomD from 30.0 Hz
2026-09-06T18:33:03.320+01:00 INFO : Decompressing waveform using inline_linear
2026-09-06T18:33:03.325+01:00 INFO : Filtering template 4/96 segment 1/5
2026-09-06T18:33:03.345+01:00 INFO : 1 points above threshold
2026-09-06T18:33:03.358+01:00 INFO : Filtering template 4/96 segment 2/5
2026-09-06T18:33:03.375+01:00 INFO : 1 points above threshold
2026-09-06T18:33:03.383+01:00 INFO : Filtering template 4/96 segment 3/5
2026-09-06T18:33:03.401+01:00 INFO : 2 points above threshold
2026-09-06T18:33:03.406+01:00 INFO : Filtering template 4/96 segment 4/5
2026-09-06T18:33:03.424+01:00 INFO : 2 points above threshold
2026-09-06T18:33:03.430+01:00 INFO : Filtering template 4/96 segment 5/5
2026-09-06T18:33:03.448+01:00 INFO : 2 points above threshold
2026-09-06T18:33:03.453+01:00 INFO : 4: generating IMRPhenomD from 30.0 Hz
2026-09-06T18:33:03.456+01:00 INFO : Decompressing waveform using inline_linear
2026-09-06T18:33:03.461+01:00 INFO : Filtering template 5/96 segment 1/5
2026-09-06T18:33:03.481+01:00 INFO : 1 points above threshold
2026-09-06T18:33:03.494+01:00 INFO : Filtering template 5/96 segment 2/5
2026-09-06T18:33:03.512+01:00 INFO : 2 points above threshold
2026-09-06T18:33:03.517+01:00 INFO : Filtering template 5/96 segment 3/5
2026-09-06T18:33:03.534+01:00 INFO : 2 points above threshold
2026-09-06T18:33:03.539+01:00 INFO : Filtering template 5/96 segment 4/5
2026-09-06T18:33:03.557+01:00 INFO : 2 points above threshold
2026-09-06T18:33:03.562+01:00 INFO : Filtering template 5/96 segment 5/5
2026-09-06T18:33:03.580+01:00 INFO : 5: generating IMRPhenomD from 30.0 Hz
2026-09-06T18:33:03.583+01:00 INFO : Decompressing waveform using inline_linear
2026-09-06T18:33:03.588+01:00 INFO : Filtering template 6/96 segment 1/5
2026-09-06T18:33:03.608+01:00 INFO : 1 points above threshold
2026-09-06T18:33:03.621+01:00 INFO : Filtering template 6/96 segment 2/5
2026-09-06T18:33:03.639+01:00 INFO : Filtering template 6/96 segment 3/5
2026-09-06T18:33:03.657+01:00 INFO : Filtering template 6/96 segment 4/5
2026-09-06T18:33:03.675+01:00 INFO : Filtering template 6/96 segment 5/5
2026-09-06T18:33:03.692+01:00 INFO : 1 points above threshold
2026-09-06T18:33:03.698+01:00 INFO : 6: generating IMRPhenomD from 30.0 Hz
2026-09-06T18:33:03.701+01:00 INFO : Decompressing waveform using inline_linear
2026-09-06T18:33:03.705+01:00 INFO : Filtering template 7/96 segment 1/5
2026-09-06T18:33:03.725+01:00 INFO : 2 points above threshold
2026-09-06T18:33:03.740+01:00 INFO : Filtering template 7/96 segment 2/5
2026-09-06T18:33:03.758+01:00 INFO : Filtering template 7/96 segment 3/5
2026-09-06T18:33:03.775+01:00 INFO : Filtering template 7/96 segment 4/5
2026-09-06T18:33:03.793+01:00 INFO : 1 points above threshold
2026-09-06T18:33:03.798+01:00 INFO : Filtering template 7/96 segment 5/5
2026-09-06T18:33:03.816+01:00 INFO : 7: generating IMRPhenomD from 30.0 Hz
2026-09-06T18:33:03.819+01:00 INFO : Decompressing waveform using inline_linear
2026-09-06T18:33:03.824+01:00 INFO : Filtering template 8/96 segment 1/5
2026-09-06T18:33:03.844+01:00 INFO : 2 points above threshold
2026-09-06T18:33:03.858+01:00 INFO : Filtering template 8/96 segment 2/5
2026-09-06T18:33:03.876+01:00 INFO : 1 points above threshold
2026-09-06T18:33:03.881+01:00 INFO : Filtering template 8/96 segment 3/5
2026-09-06T18:33:03.899+01:00 INFO : 4 points above threshold
2026-09-06T18:33:03.904+01:00 INFO : Filtering template 8/96 segment 4/5
2026-09-06T18:33:03.922+01:00 INFO : Filtering template 8/96 segment 5/5
2026-09-06T18:33:03.940+01:00 INFO : 8: generating IMRPhenomD from 30.0 Hz
2026-09-06T18:33:03.943+01:00 INFO : Decompressing waveform using inline_linear
2026-09-06T18:33:03.948+01:00 INFO : Filtering template 9/96 segment 1/5
2026-09-06T18:33:03.967+01:00 INFO : Filtering template 9/96 segment 2/5
2026-09-06T18:33:03.985+01:00 INFO : 1 points above threshold
2026-09-06T18:33:04.000+01:00 INFO : Filtering template 9/96 segment 3/5
2026-09-06T18:33:04.018+01:00 INFO : 2 points above threshold
2026-09-06T18:33:04.023+01:00 INFO : Filtering template 9/96 segment 4/5
2026-09-06T18:33:04.040+01:00 INFO : 1 points above threshold
2026-09-06T18:33:04.046+01:00 INFO : Filtering template 9/96 segment 5/5
2026-09-06T18:33:04.063+01:00 INFO : 3 points above threshold
2026-09-06T18:33:04.070+01:00 INFO : 9: generating IMRPhenomD from 30.0 Hz
2026-09-06T18:33:04.073+01:00 INFO : Decompressing waveform using inline_linear
2026-09-06T18:33:04.078+01:00 INFO : Filtering template 10/96 segment 1/5
2026-09-06T18:33:04.098+01:00 INFO : 1 points above threshold
2026-09-06T18:33:04.112+01:00 INFO : Filtering template 10/96 segment 2/5
2026-09-06T18:33:04.130+01:00 INFO : 1 points above threshold
2026-09-06T18:33:04.135+01:00 INFO : Filtering template 10/96 segment 3/5
2026-09-06T18:33:04.153+01:00 INFO : Filtering template 10/96 segment 4/5
2026-09-06T18:33:04.171+01:00 INFO : 2 points above threshold
2026-09-06T18:33:04.176+01:00 INFO : Filtering template 10/96 segment 5/5
2026-09-06T18:33:04.194+01:00 INFO : 1 points above threshold
2026-09-06T18:33:04.202+01:00 INFO : 10: generating IMRPhenomD from 30.0 Hz
2026-09-06T18:33:04.205+01:00 INFO : Decompressing waveform using inline_linear
2026-09-06T18:33:04.209+01:00 INFO : Filtering template 11/96 segment 1/5
2026-09-06T18:33:04.229+01:00 INFO : 4 points above threshold
2026-09-06T18:33:04.244+01:00 INFO : Filtering template 11/96 segment 2/5
2026-09-06T18:33:04.262+01:00 INFO : 2 points above threshold
2026-09-06T18:33:04.267+01:00 INFO : Filtering template 11/96 segment 3/5
2026-09-06T18:33:04.284+01:00 INFO : 1 points above threshold
2026-09-06T18:33:04.290+01:00 INFO : Filtering template 11/96 segment 4/5
2026-09-06T18:33:04.307+01:00 INFO : Filtering template 11/96 segment 5/5
2026-09-06T18:33:04.326+01:00 INFO : 11: generating IMRPhenomD from 30.0 Hz
2026-09-06T18:33:04.328+01:00 INFO : Decompressing waveform using inline_linear
2026-09-06T18:33:04.333+01:00 INFO : Filtering template 12/96 segment 1/5
2026-09-06T18:33:04.353+01:00 INFO : 1 points above threshold
2026-09-06T18:33:04.368+01:00 INFO : Filtering template 12/96 segment 2/5
2026-09-06T18:33:04.386+01:00 INFO : 1 points above threshold
2026-09-06T18:33:04.391+01:00 INFO : Filtering template 12/96 segment 3/5
2026-09-06T18:33:04.409+01:00 INFO : 1 points above threshold
2026-09-06T18:33:04.414+01:00 INFO : Filtering template 12/96 segment 4/5
2026-09-06T18:33:04.431+01:00 INFO : 3 points above threshold
2026-09-06T18:33:04.438+01:00 INFO : Filtering template 12/96 segment 5/5
2026-09-06T18:33:04.456+01:00 INFO : 12: generating IMRPhenomD from 30.0 Hz
2026-09-06T18:33:04.459+01:00 INFO : Decompressing waveform using inline_linear
2026-09-06T18:33:04.464+01:00 INFO : Filtering template 13/96 segment 1/5
2026-09-06T18:33:04.484+01:00 INFO : Filtering template 13/96 segment 2/5
2026-09-06T18:33:04.502+01:00 INFO : 4 points above threshold
2026-09-06T18:33:04.517+01:00 INFO : Filtering template 13/96 segment 3/5
2026-09-06T18:33:04.535+01:00 INFO : Filtering template 13/96 segment 4/5
2026-09-06T18:33:04.552+01:00 INFO : Filtering template 13/96 segment 5/5
2026-09-06T18:33:04.570+01:00 INFO : 1 points above threshold
2026-09-06T18:33:04.576+01:00 INFO : 13: generating IMRPhenomD from 30.0 Hz
2026-09-06T18:33:04.578+01:00 INFO : Decompressing waveform using inline_linear
2026-09-06T18:33:04.583+01:00 INFO : Filtering template 14/96 segment 1/5
2026-09-06T18:33:04.603+01:00 INFO : 1 points above threshold
2026-09-06T18:33:04.618+01:00 INFO : Filtering template 14/96 segment 2/5
2026-09-06T18:33:04.636+01:00 INFO : 2 points above threshold
2026-09-06T18:33:04.641+01:00 INFO : Filtering template 14/96 segment 3/5
2026-09-06T18:33:04.658+01:00 INFO : 3 points above threshold
2026-09-06T18:33:04.665+01:00 INFO : Filtering template 14/96 segment 4/5
2026-09-06T18:33:04.683+01:00 INFO : 2 points above threshold
2026-09-06T18:33:04.688+01:00 INFO : Filtering template 14/96 segment 5/5
2026-09-06T18:33:04.706+01:00 INFO : 14: generating IMRPhenomD from 30.0 Hz
2026-09-06T18:33:04.709+01:00 INFO : Decompressing waveform using inline_linear
2026-09-06T18:33:04.714+01:00 INFO : Filtering template 15/96 segment 1/5
2026-09-06T18:33:04.734+01:00 INFO : 1 points above threshold
2026-09-06T18:33:04.748+01:00 INFO : Filtering template 15/96 segment 2/5
2026-09-06T18:33:04.766+01:00 INFO : Filtering template 15/96 segment 3/5
2026-09-06T18:33:04.784+01:00 INFO : 1 points above threshold
2026-09-06T18:33:04.789+01:00 INFO : Filtering template 15/96 segment 4/5
2026-09-06T18:33:04.807+01:00 INFO : 1 points above threshold
2026-09-06T18:33:04.812+01:00 INFO : Filtering template 15/96 segment 5/5
2026-09-06T18:33:04.830+01:00 INFO : 3 points above threshold
2026-09-06T18:33:04.837+01:00 INFO : 15: generating IMRPhenomD from 30.0 Hz
2026-09-06T18:33:04.840+01:00 INFO : Decompressing waveform using inline_linear
2026-09-06T18:33:04.844+01:00 INFO : Filtering template 16/96 segment 1/5
2026-09-06T18:33:04.864+01:00 INFO : 1 points above threshold
2026-09-06T18:33:04.879+01:00 INFO : Filtering template 16/96 segment 2/5
2026-09-06T18:33:04.897+01:00 INFO : 2 points above threshold
2026-09-06T18:33:04.902+01:00 INFO : Filtering template 16/96 segment 3/5
2026-09-06T18:33:04.920+01:00 INFO : 3 points above threshold
2026-09-06T18:33:04.927+01:00 INFO : Filtering template 16/96 segment 4/5
2026-09-06T18:33:04.944+01:00 INFO : 2 points above threshold
2026-09-06T18:33:04.950+01:00 INFO : Filtering template 16/96 segment 5/5
2026-09-06T18:33:04.968+01:00 INFO : 16: generating IMRPhenomD from 30.0 Hz
2026-09-06T18:33:04.970+01:00 INFO : Decompressing waveform using inline_linear
2026-09-06T18:33:04.975+01:00 INFO : Filtering template 17/96 segment 1/5
2026-09-06T18:33:04.995+01:00 INFO : 2 points above threshold
2026-09-06T18:33:05.010+01:00 INFO : Filtering template 17/96 segment 2/5
2026-09-06T18:33:05.028+01:00 INFO : 3 points above threshold
2026-09-06T18:33:05.035+01:00 INFO : Filtering template 17/96 segment 3/5
2026-09-06T18:33:05.052+01:00 INFO : Filtering template 17/96 segment 4/5
2026-09-06T18:33:05.070+01:00 INFO : 2 points above threshold
2026-09-06T18:33:05.075+01:00 INFO : Filtering template 17/96 segment 5/5
2026-09-06T18:33:05.093+01:00 INFO : 3 points above threshold
2026-09-06T18:33:05.100+01:00 INFO : 17: generating IMRPhenomD from 30.0 Hz
2026-09-06T18:33:05.103+01:00 INFO : Decompressing waveform using inline_linear
2026-09-06T18:33:05.108+01:00 INFO : Filtering template 18/96 segment 1/5
2026-09-06T18:33:05.128+01:00 INFO : Filtering template 18/96 segment 2/5
2026-09-06T18:33:05.146+01:00 INFO : Filtering template 18/96 segment 3/5
2026-09-06T18:33:05.164+01:00 INFO : 1 points above threshold
2026-09-06T18:33:05.178+01:00 INFO : Filtering template 18/96 segment 4/5
2026-09-06T18:33:05.196+01:00 INFO : Filtering template 18/96 segment 5/5
2026-09-06T18:33:05.214+01:00 INFO : 2 points above threshold
2026-09-06T18:33:05.219+01:00 INFO : 18: generating IMRPhenomD from 30.0 Hz
2026-09-06T18:33:05.222+01:00 INFO : Decompressing waveform using inline_linear
2026-09-06T18:33:05.227+01:00 INFO : Filtering template 19/96 segment 1/5
2026-09-06T18:33:05.247+01:00 INFO : 3 points above threshold
2026-09-06T18:33:05.263+01:00 INFO : Filtering template 19/96 segment 2/5
2026-09-06T18:33:05.281+01:00 INFO : 1 points above threshold
2026-09-06T18:33:05.286+01:00 INFO : Filtering template 19/96 segment 3/5
2026-09-06T18:33:05.304+01:00 INFO : 1 points above threshold
2026-09-06T18:33:05.310+01:00 INFO : Filtering template 19/96 segment 4/5
2026-09-06T18:33:05.327+01:00 INFO : 3 points above threshold
2026-09-06T18:33:05.334+01:00 INFO : Filtering template 19/96 segment 5/5
2026-09-06T18:33:05.352+01:00 INFO : 1 points above threshold
2026-09-06T18:33:05.357+01:00 INFO : 19: generating IMRPhenomD from 30.0 Hz
2026-09-06T18:33:05.360+01:00 INFO : Decompressing waveform using inline_linear
2026-09-06T18:33:05.365+01:00 INFO : Filtering template 20/96 segment 1/5
2026-09-06T18:33:05.385+01:00 INFO : 1 points above threshold
2026-09-06T18:33:05.399+01:00 INFO : Filtering template 20/96 segment 2/5
2026-09-06T18:33:05.417+01:00 INFO : 3 points above threshold
2026-09-06T18:33:05.424+01:00 INFO : Filtering template 20/96 segment 3/5
2026-09-06T18:33:05.442+01:00 INFO : Filtering template 20/96 segment 4/5
2026-09-06T18:33:05.460+01:00 INFO : 2 points above threshold
2026-09-06T18:33:05.465+01:00 INFO : Filtering template 20/96 segment 5/5
2026-09-06T18:33:05.483+01:00 INFO : 20: generating IMRPhenomD from 30.0 Hz
2026-09-06T18:33:05.486+01:00 INFO : Decompressing waveform using inline_linear
2026-09-06T18:33:05.490+01:00 INFO : Filtering template 21/96 segment 1/5
2026-09-06T18:33:05.510+01:00 INFO : 1 points above threshold
2026-09-06T18:33:05.525+01:00 INFO : Filtering template 21/96 segment 2/5
2026-09-06T18:33:05.543+01:00 INFO : 1 points above threshold
2026-09-06T18:33:05.551+01:00 INFO : Filtering template 21/96 segment 3/5
2026-09-06T18:33:05.568+01:00 INFO : 1 points above threshold
2026-09-06T18:33:05.573+01:00 INFO : Filtering template 21/96 segment 4/5
2026-09-06T18:33:05.591+01:00 INFO : Filtering template 21/96 segment 5/5
2026-09-06T18:33:05.609+01:00 INFO : 21: generating IMRPhenomD from 30.0 Hz
2026-09-06T18:33:05.612+01:00 INFO : Decompressing waveform using inline_linear
2026-09-06T18:33:05.617+01:00 INFO : Filtering template 22/96 segment 1/5
2026-09-06T18:33:05.637+01:00 INFO : 5 points above threshold
2026-09-06T18:33:05.654+01:00 INFO : Filtering template 22/96 segment 2/5
2026-09-06T18:33:05.672+01:00 INFO : Filtering template 22/96 segment 3/5
2026-09-06T18:33:05.690+01:00 INFO : Filtering template 22/96 segment 4/5
2026-09-06T18:33:05.707+01:00 INFO : 1 points above threshold
2026-09-06T18:33:05.713+01:00 INFO : Filtering template 22/96 segment 5/5
2026-09-06T18:33:05.730+01:00 INFO : 1 points above threshold
2026-09-06T18:33:05.736+01:00 INFO : 22: generating IMRPhenomD from 30.0 Hz
2026-09-06T18:33:05.738+01:00 INFO : Decompressing waveform using inline_linear
2026-09-06T18:33:05.743+01:00 INFO : Filtering template 23/96 segment 1/5
2026-09-06T18:33:05.763+01:00 INFO : 2 points above threshold
2026-09-06T18:33:05.778+01:00 INFO : Filtering template 23/96 segment 2/5
2026-09-06T18:33:05.795+01:00 INFO : 1 points above threshold
2026-09-06T18:33:05.800+01:00 INFO : Filtering template 23/96 segment 3/5
2026-09-06T18:33:05.818+01:00 INFO : 1 points above threshold
2026-09-06T18:33:05.823+01:00 INFO : Filtering template 23/96 segment 4/5
2026-09-06T18:33:05.841+01:00 INFO : Filtering template 23/96 segment 5/5
2026-09-06T18:33:05.859+01:00 INFO : 23: generating IMRPhenomD from 30.0 Hz
2026-09-06T18:33:05.862+01:00 INFO : Decompressing waveform using inline_linear
2026-09-06T18:33:05.867+01:00 INFO : Filtering template 24/96 segment 1/5
2026-09-06T18:33:05.887+01:00 INFO : 1 points above threshold
2026-09-06T18:33:05.901+01:00 INFO : Filtering template 24/96 segment 2/5
2026-09-06T18:33:05.919+01:00 INFO : 2 points above threshold
2026-09-06T18:33:05.924+01:00 INFO : Filtering template 24/96 segment 3/5
2026-09-06T18:33:05.942+01:00 INFO : 1 points above threshold
2026-09-06T18:33:05.947+01:00 INFO : Filtering template 24/96 segment 4/5
2026-09-06T18:33:05.965+01:00 INFO : Filtering template 24/96 segment 5/5
2026-09-06T18:33:05.983+01:00 INFO : 2 points above threshold
2026-09-06T18:33:05.988+01:00 INFO : 24: generating IMRPhenomD from 30.0 Hz
2026-09-06T18:33:05.991+01:00 INFO : Decompressing waveform using inline_linear
2026-09-06T18:33:05.996+01:00 INFO : Filtering template 25/96 segment 1/5
2026-09-06T18:33:06.016+01:00 INFO : 2 points above threshold
2026-09-06T18:33:06.030+01:00 INFO : Filtering template 25/96 segment 2/5
2026-09-06T18:33:06.048+01:00 INFO : Filtering template 25/96 segment 3/5
2026-09-06T18:33:06.066+01:00 INFO : Filtering template 25/96 segment 4/5
2026-09-06T18:33:06.084+01:00 INFO : Filtering template 25/96 segment 5/5
2026-09-06T18:33:06.102+01:00 INFO : 25: generating IMRPhenomD from 30.0 Hz
2026-09-06T18:33:06.105+01:00 INFO : Decompressing waveform using inline_linear
2026-09-06T18:33:06.109+01:00 INFO : Filtering template 26/96 segment 1/5
2026-09-06T18:33:06.130+01:00 INFO : Filtering template 26/96 segment 2/5
2026-09-06T18:33:06.148+01:00 INFO : 2 points above threshold
2026-09-06T18:33:06.162+01:00 INFO : Filtering template 26/96 segment 3/5
2026-09-06T18:33:06.180+01:00 INFO : Filtering template 26/96 segment 4/5
2026-09-06T18:33:06.198+01:00 INFO : 2 points above threshold
2026-09-06T18:33:06.203+01:00 INFO : Filtering template 26/96 segment 5/5
2026-09-06T18:33:06.220+01:00 INFO : 2 points above threshold
2026-09-06T18:33:06.226+01:00 INFO : 26: generating IMRPhenomD from 30.0 Hz
2026-09-06T18:33:06.228+01:00 INFO : Decompressing waveform using inline_linear
2026-09-06T18:33:06.233+01:00 INFO : Filtering template 27/96 segment 1/5
2026-09-06T18:33:06.253+01:00 INFO : 3 points above threshold
2026-09-06T18:33:06.270+01:00 INFO : Filtering template 27/96 segment 2/5
2026-09-06T18:33:06.287+01:00 INFO : Filtering template 27/96 segment 3/5
2026-09-06T18:33:06.305+01:00 INFO : 1 points above threshold
2026-09-06T18:33:06.310+01:00 INFO : Filtering template 27/96 segment 4/5
2026-09-06T18:33:06.328+01:00 INFO : Filtering template 27/96 segment 5/5
2026-09-06T18:33:06.346+01:00 INFO : 27: generating IMRPhenomD from 30.0 Hz
2026-09-06T18:33:06.349+01:00 INFO : Decompressing waveform using inline_linear
2026-09-06T18:33:06.354+01:00 INFO : Filtering template 28/96 segment 1/5
2026-09-06T18:33:06.374+01:00 INFO : 3 points above threshold
2026-09-06T18:33:06.390+01:00 INFO : Filtering template 28/96 segment 2/5
2026-09-06T18:33:06.408+01:00 INFO : 1 points above threshold
2026-09-06T18:33:06.413+01:00 INFO : Filtering template 28/96 segment 3/5
2026-09-06T18:33:06.431+01:00 INFO : 2 points above threshold
2026-09-06T18:33:06.436+01:00 INFO : Filtering template 28/96 segment 4/5
2026-09-06T18:33:06.454+01:00 INFO : 1 points above threshold
2026-09-06T18:33:06.459+01:00 INFO : Filtering template 28/96 segment 5/5
2026-09-06T18:33:06.477+01:00 INFO : 28: generating IMRPhenomD from 30.0 Hz
2026-09-06T18:33:06.480+01:00 INFO : Decompressing waveform using inline_linear
2026-09-06T18:33:06.485+01:00 INFO : Filtering template 29/96 segment 1/5
2026-09-06T18:33:06.505+01:00 INFO : 2 points above threshold
2026-09-06T18:33:06.519+01:00 INFO : Filtering template 29/96 segment 2/5
2026-09-06T18:33:06.537+01:00 INFO : 2 points above threshold
2026-09-06T18:33:06.542+01:00 INFO : Filtering template 29/96 segment 3/5
2026-09-06T18:33:06.560+01:00 INFO : 1 points above threshold
2026-09-06T18:33:06.565+01:00 INFO : Filtering template 29/96 segment 4/5
2026-09-06T18:33:06.583+01:00 INFO : 2 points above threshold
2026-09-06T18:33:06.591+01:00 INFO : Filtering template 29/96 segment 5/5
2026-09-06T18:33:06.608+01:00 INFO : 2 points above threshold
2026-09-06T18:33:06.614+01:00 INFO : 29: generating IMRPhenomD from 30.0 Hz
2026-09-06T18:33:06.616+01:00 INFO : Decompressing waveform using inline_linear
2026-09-06T18:33:06.621+01:00 INFO : Filtering template 30/96 segment 1/5
2026-09-06T18:33:06.644+01:00 INFO : 1 points above threshold
2026-09-06T18:33:06.659+01:00 INFO : Filtering template 30/96 segment 2/5
2026-09-06T18:33:06.679+01:00 INFO : 1 points above threshold
2026-09-06T18:33:06.684+01:00 INFO : Filtering template 30/96 segment 3/5
2026-09-06T18:33:06.703+01:00 INFO : 1 points above threshold
2026-09-06T18:33:06.708+01:00 INFO : Filtering template 30/96 segment 4/5
2026-09-06T18:33:06.727+01:00 INFO : Filtering template 30/96 segment 5/5
2026-09-06T18:33:06.745+01:00 INFO : 30: generating IMRPhenomD from 30.0 Hz
2026-09-06T18:33:06.748+01:00 INFO : Decompressing waveform using inline_linear
2026-09-06T18:33:06.753+01:00 INFO : Filtering template 31/96 segment 1/5
2026-09-06T18:33:06.773+01:00 INFO : Filtering template 31/96 segment 2/5
2026-09-06T18:33:06.790+01:00 INFO : 1 points above threshold
2026-09-06T18:33:06.808+01:00 INFO : Filtering template 31/96 segment 3/5
2026-09-06T18:33:06.826+01:00 INFO : Filtering template 31/96 segment 4/5
2026-09-06T18:33:06.844+01:00 INFO : 1 points above threshold
2026-09-06T18:33:06.849+01:00 INFO : Filtering template 31/96 segment 5/5
2026-09-06T18:33:06.866+01:00 INFO : 1 points above threshold
2026-09-06T18:33:06.872+01:00 INFO : 31: generating IMRPhenomD from 30.0 Hz
2026-09-06T18:33:06.874+01:00 INFO : Decompressing waveform using inline_linear
2026-09-06T18:33:06.879+01:00 INFO : Filtering template 32/96 segment 1/5
2026-09-06T18:33:06.899+01:00 INFO : Filtering template 32/96 segment 2/5
2026-09-06T18:33:06.917+01:00 INFO : Filtering template 32/96 segment 3/5
2026-09-06T18:33:06.935+01:00 INFO : Filtering template 32/96 segment 4/5
2026-09-06T18:33:06.953+01:00 INFO : 3 points above threshold
2026-09-06T18:33:06.969+01:00 INFO : Filtering template 32/96 segment 5/5
2026-09-06T18:33:06.987+01:00 INFO : 2 points above threshold
2026-09-06T18:33:06.992+01:00 INFO : 32: generating IMRPhenomD from 30.0 Hz
2026-09-06T18:33:07.006+01:00 INFO : Decompressing waveform using inline_linear
2026-09-06T18:33:07.011+01:00 INFO : Filtering template 33/96 segment 1/5
2026-09-06T18:33:07.036+01:00 INFO : 2 points above threshold
2026-09-06T18:33:07.054+01:00 INFO : Filtering template 33/96 segment 2/5
2026-09-06T18:33:07.072+01:00 INFO : Filtering template 33/96 segment 3/5
2026-09-06T18:33:07.090+01:00 INFO : Filtering template 33/96 segment 4/5
2026-09-06T18:33:07.107+01:00 INFO : 1 points above threshold
2026-09-06T18:33:07.113+01:00 INFO : Filtering template 33/96 segment 5/5
2026-09-06T18:33:07.131+01:00 INFO : 33: generating IMRPhenomD from 30.0 Hz
2026-09-06T18:33:07.133+01:00 INFO : Decompressing waveform using inline_linear
2026-09-06T18:33:07.138+01:00 INFO : Filtering template 34/96 segment 1/5
2026-09-06T18:33:07.158+01:00 INFO : Filtering template 34/96 segment 2/5
2026-09-06T18:33:07.176+01:00 INFO : 1 points above threshold
2026-09-06T18:33:07.191+01:00 INFO : Filtering template 34/96 segment 3/5
2026-09-06T18:33:07.209+01:00 INFO : 1 points above threshold
2026-09-06T18:33:07.214+01:00 INFO : Filtering template 34/96 segment 4/5
2026-09-06T18:33:07.232+01:00 INFO : Filtering template 34/96 segment 5/5
2026-09-06T18:33:07.250+01:00 INFO : 1 points above threshold
2026-09-06T18:33:07.255+01:00 INFO : 34: generating IMRPhenomD from 30.0 Hz
2026-09-06T18:33:07.258+01:00 INFO : Decompressing waveform using inline_linear
2026-09-06T18:33:07.263+01:00 INFO : Filtering template 35/96 segment 1/5
2026-09-06T18:33:07.283+01:00 INFO : 1 points above threshold
2026-09-06T18:33:07.297+01:00 INFO : Filtering template 35/96 segment 2/5
2026-09-06T18:33:07.315+01:00 INFO : 1 points above threshold
2026-09-06T18:33:07.320+01:00 INFO : Filtering template 35/96 segment 3/5
2026-09-06T18:33:07.338+01:00 INFO : 1 points above threshold
2026-09-06T18:33:07.343+01:00 INFO : Filtering template 35/96 segment 4/5
2026-09-06T18:33:07.361+01:00 INFO : Filtering template 35/96 segment 5/5
2026-09-06T18:33:07.379+01:00 INFO : 35: generating IMRPhenomD from 30.0 Hz
2026-09-06T18:33:07.382+01:00 INFO : Decompressing waveform using inline_linear
2026-09-06T18:33:07.387+01:00 INFO : Filtering template 36/96 segment 1/5
2026-09-06T18:33:07.407+01:00 INFO : 3 points above threshold
2026-09-06T18:33:07.423+01:00 INFO : Filtering template 36/96 segment 2/5
2026-09-06T18:33:07.441+01:00 INFO : 1 points above threshold
2026-09-06T18:33:07.446+01:00 INFO : Filtering template 36/96 segment 3/5
2026-09-06T18:33:07.464+01:00 INFO : 2 points above threshold
2026-09-06T18:33:07.469+01:00 INFO : Filtering template 36/96 segment 4/5
2026-09-06T18:33:07.487+01:00 INFO : Filtering template 36/96 segment 5/5
2026-09-06T18:33:07.505+01:00 INFO : 1 points above threshold
2026-09-06T18:33:07.510+01:00 INFO : 36: generating IMRPhenomD from 30.0 Hz
2026-09-06T18:33:07.513+01:00 INFO : Decompressing waveform using inline_linear
2026-09-06T18:33:07.517+01:00 INFO : Filtering template 37/96 segment 1/5
2026-09-06T18:33:07.537+01:00 INFO : 2 points above threshold
2026-09-06T18:33:07.552+01:00 INFO : Filtering template 37/96 segment 2/5
2026-09-06T18:33:07.570+01:00 INFO : 3 points above threshold
2026-09-06T18:33:07.577+01:00 INFO : Filtering template 37/96 segment 3/5
2026-09-06T18:33:07.594+01:00 INFO : 1 points above threshold
2026-09-06T18:33:07.599+01:00 INFO : Filtering template 37/96 segment 4/5
2026-09-06T18:33:07.617+01:00 INFO : 3 points above threshold
2026-09-06T18:33:07.624+01:00 INFO : Filtering template 37/96 segment 5/5
2026-09-06T18:33:07.642+01:00 INFO : 37: generating IMRPhenomD from 30.0 Hz
2026-09-06T18:33:07.645+01:00 INFO : Decompressing waveform using inline_linear
2026-09-06T18:33:07.650+01:00 INFO : Filtering template 38/96 segment 1/5
2026-09-06T18:33:07.670+01:00 INFO : Filtering template 38/96 segment 2/5
2026-09-06T18:33:07.688+01:00 INFO : Filtering template 38/96 segment 3/5
2026-09-06T18:33:07.706+01:00 INFO : 1 points above threshold
2026-09-06T18:33:07.721+01:00 INFO : Filtering template 38/96 segment 4/5
2026-09-06T18:33:07.739+01:00 INFO : 1 points above threshold
2026-09-06T18:33:07.744+01:00 INFO : Filtering template 38/96 segment 5/5
2026-09-06T18:33:07.762+01:00 INFO : 1 points above threshold
2026-09-06T18:33:07.767+01:00 INFO : 38: generating IMRPhenomD from 30.0 Hz
2026-09-06T18:33:07.770+01:00 INFO : Decompressing waveform using inline_linear
2026-09-06T18:33:07.774+01:00 INFO : Filtering template 39/96 segment 1/5
2026-09-06T18:33:07.794+01:00 INFO : Filtering template 39/96 segment 2/5
2026-09-06T18:33:07.812+01:00 INFO : 2 points above threshold
2026-09-06T18:33:07.827+01:00 INFO : Filtering template 39/96 segment 3/5
2026-09-06T18:33:07.844+01:00 INFO : Filtering template 39/96 segment 4/5
2026-09-06T18:33:07.862+01:00 INFO : 2 points above threshold
2026-09-06T18:33:07.867+01:00 INFO : Filtering template 39/96 segment 5/5
2026-09-06T18:33:07.885+01:00 INFO : 39: generating IMRPhenomD from 30.0 Hz
2026-09-06T18:33:07.888+01:00 INFO : Decompressing waveform using inline_linear
2026-09-06T18:33:07.893+01:00 INFO : Filtering template 40/96 segment 1/5
2026-09-06T18:33:07.913+01:00 INFO : Filtering template 40/96 segment 2/5
2026-09-06T18:33:07.931+01:00 INFO : Filtering template 40/96 segment 3/5
2026-09-06T18:33:07.949+01:00 INFO : Filtering template 40/96 segment 4/5
2026-09-06T18:33:07.967+01:00 INFO : 2 points above threshold
2026-09-06T18:33:07.981+01:00 INFO : Filtering template 40/96 segment 5/5
2026-09-06T18:33:07.999+01:00 INFO : 40: generating IMRPhenomD from 30.0 Hz
2026-09-06T18:33:08.002+01:00 INFO : Decompressing waveform using inline_linear
2026-09-06T18:33:08.007+01:00 INFO : Filtering template 41/96 segment 1/5
2026-09-06T18:33:08.027+01:00 INFO : Filtering template 41/96 segment 2/5
2026-09-06T18:33:08.045+01:00 INFO : Filtering template 41/96 segment 3/5
2026-09-06T18:33:08.062+01:00 INFO : 2 points above threshold
2026-09-06T18:33:08.077+01:00 INFO : Filtering template 41/96 segment 4/5
2026-09-06T18:33:08.095+01:00 INFO : 2 points above threshold
2026-09-06T18:33:08.101+01:00 INFO : Filtering template 41/96 segment 5/5
2026-09-06T18:33:08.119+01:00 INFO : 41: generating IMRPhenomD from 30.0 Hz
2026-09-06T18:33:08.122+01:00 INFO : Decompressing waveform using inline_linear
2026-09-06T18:33:08.126+01:00 INFO : Filtering template 42/96 segment 1/5
2026-09-06T18:33:08.146+01:00 INFO : Filtering template 42/96 segment 2/5
2026-09-06T18:33:08.164+01:00 INFO : 1 points above threshold
2026-09-06T18:33:08.179+01:00 INFO : Filtering template 42/96 segment 3/5
2026-09-06T18:33:08.197+01:00 INFO : Filtering template 42/96 segment 4/5
2026-09-06T18:33:08.215+01:00 INFO : 1 points above threshold
2026-09-06T18:33:08.220+01:00 INFO : Filtering template 42/96 segment 5/5
2026-09-06T18:33:08.237+01:00 INFO : 1 points above threshold
2026-09-06T18:33:08.243+01:00 INFO : 42: generating IMRPhenomD from 30.0 Hz
2026-09-06T18:33:08.245+01:00 INFO : Decompressing waveform using inline_linear
2026-09-06T18:33:08.250+01:00 INFO : Filtering template 43/96 segment 1/5
2026-09-06T18:33:08.270+01:00 INFO : 1 points above threshold
2026-09-06T18:33:08.285+01:00 INFO : Filtering template 43/96 segment 2/5
2026-09-06T18:33:08.303+01:00 INFO : 2 points above threshold
2026-09-06T18:33:08.308+01:00 INFO : Filtering template 43/96 segment 3/5
2026-09-06T18:33:08.325+01:00 INFO : 1 points above threshold
2026-09-06T18:33:08.331+01:00 INFO : Filtering template 43/96 segment 4/5
2026-09-06T18:33:08.348+01:00 INFO : Filtering template 43/96 segment 5/5
2026-09-06T18:33:08.367+01:00 INFO : 43: generating IMRPhenomD from 30.0 Hz
2026-09-06T18:33:08.369+01:00 INFO : Decompressing waveform using inline_linear
2026-09-06T18:33:08.374+01:00 INFO : Filtering template 44/96 segment 1/5
2026-09-06T18:33:08.394+01:00 INFO : 1 points above threshold
2026-09-06T18:33:08.409+01:00 INFO : Filtering template 44/96 segment 2/5
2026-09-06T18:33:08.427+01:00 INFO : Filtering template 44/96 segment 3/5
2026-09-06T18:33:08.444+01:00 INFO : Filtering template 44/96 segment 4/5
2026-09-06T18:33:08.462+01:00 INFO : 1 points above threshold
2026-09-06T18:33:08.468+01:00 INFO : Filtering template 44/96 segment 5/5
2026-09-06T18:33:08.486+01:00 INFO : 44: generating IMRPhenomD from 30.0 Hz
2026-09-06T18:33:08.488+01:00 INFO : Decompressing waveform using inline_linear
2026-09-06T18:33:08.493+01:00 INFO : Filtering template 45/96 segment 1/5
2026-09-06T18:33:08.513+01:00 INFO : 2 points above threshold
2026-09-06T18:33:08.528+01:00 INFO : Filtering template 45/96 segment 2/5
2026-09-06T18:33:08.545+01:00 INFO : 1 points above threshold
2026-09-06T18:33:08.551+01:00 INFO : Filtering template 45/96 segment 3/5
2026-09-06T18:33:08.568+01:00 INFO : 1 points above threshold
2026-09-06T18:33:08.573+01:00 INFO : Filtering template 45/96 segment 4/5
2026-09-06T18:33:08.591+01:00 INFO : Filtering template 45/96 segment 5/5
2026-09-06T18:33:08.609+01:00 INFO : 45: generating IMRPhenomD from 30.0 Hz
2026-09-06T18:33:08.612+01:00 INFO : Decompressing waveform using inline_linear
2026-09-06T18:33:08.617+01:00 INFO : Filtering template 46/96 segment 1/5
2026-09-06T18:33:08.637+01:00 INFO : Filtering template 46/96 segment 2/5
2026-09-06T18:33:08.655+01:00 INFO : Filtering template 46/96 segment 3/5
2026-09-06T18:33:08.673+01:00 INFO : 1 points above threshold
2026-09-06T18:33:08.687+01:00 INFO : Filtering template 46/96 segment 4/5
2026-09-06T18:33:08.705+01:00 INFO : 3 points above threshold
2026-09-06T18:33:08.712+01:00 INFO : Filtering template 46/96 segment 5/5
2026-09-06T18:33:08.730+01:00 INFO : 1 points above threshold
2026-09-06T18:33:08.735+01:00 INFO : 46: generating IMRPhenomD from 30.0 Hz
2026-09-06T18:33:08.738+01:00 INFO : Decompressing waveform using inline_linear
2026-09-06T18:33:08.743+01:00 INFO : Filtering template 47/96 segment 1/5
2026-09-06T18:33:08.763+01:00 INFO : 3 points above threshold
2026-09-06T18:33:08.779+01:00 INFO : Filtering template 47/96 segment 2/5
2026-09-06T18:33:08.797+01:00 INFO : Filtering template 47/96 segment 3/5
2026-09-06T18:33:08.815+01:00 INFO : 2 points above threshold
2026-09-06T18:33:08.820+01:00 INFO : Filtering template 47/96 segment 4/5
2026-09-06T18:33:08.838+01:00 INFO : 1 points above threshold
2026-09-06T18:33:08.843+01:00 INFO : Filtering template 47/96 segment 5/5
2026-09-06T18:33:08.861+01:00 INFO : 1 points above threshold
2026-09-06T18:33:08.866+01:00 INFO : 47: generating IMRPhenomD from 30.0 Hz
2026-09-06T18:33:08.869+01:00 INFO : Decompressing waveform using inline_linear
2026-09-06T18:33:08.874+01:00 INFO : Filtering template 48/96 segment 1/5
2026-09-06T18:33:08.894+01:00 INFO : 3 points above threshold
2026-09-06T18:33:08.910+01:00 INFO : Filtering template 48/96 segment 2/5
2026-09-06T18:33:08.928+01:00 INFO : 1 points above threshold
2026-09-06T18:33:08.933+01:00 INFO : Filtering template 48/96 segment 3/5
2026-09-06T18:33:08.951+01:00 INFO : 1 points above threshold
2026-09-06T18:33:08.956+01:00 INFO : Filtering template 48/96 segment 4/5
2026-09-06T18:33:08.974+01:00 INFO : 2 points above threshold
2026-09-06T18:33:08.979+01:00 INFO : Filtering template 48/96 segment 5/5
2026-09-06T18:33:08.996+01:00 INFO : 1 points above threshold
2026-09-06T18:33:09.002+01:00 INFO : 48: generating IMRPhenomD from 30.0 Hz
2026-09-06T18:33:09.004+01:00 INFO : Decompressing waveform using inline_linear
2026-09-06T18:33:09.009+01:00 INFO : Filtering template 49/96 segment 1/5
2026-09-06T18:33:09.029+01:00 INFO : 1 points above threshold
2026-09-06T18:33:09.044+01:00 INFO : Filtering template 49/96 segment 2/5
2026-09-06T18:33:09.062+01:00 INFO : 1 points above threshold
2026-09-06T18:33:09.067+01:00 INFO : Filtering template 49/96 segment 3/5
2026-09-06T18:33:09.084+01:00 INFO : 2 points above threshold
2026-09-06T18:33:09.089+01:00 INFO : Filtering template 49/96 segment 4/5
2026-09-06T18:33:09.107+01:00 INFO : Filtering template 49/96 segment 5/5
2026-09-06T18:33:09.125+01:00 INFO : 49: generating IMRPhenomD from 30.0 Hz
2026-09-06T18:33:09.128+01:00 INFO : Decompressing waveform using inline_linear
2026-09-06T18:33:09.133+01:00 INFO : Filtering template 50/96 segment 1/5
2026-09-06T18:33:09.153+01:00 INFO : Filtering template 50/96 segment 2/5
2026-09-06T18:33:09.171+01:00 INFO : 2 points above threshold
2026-09-06T18:33:09.185+01:00 INFO : Filtering template 50/96 segment 3/5
2026-09-06T18:33:09.203+01:00 INFO : 4 points above threshold
2026-09-06T18:33:09.208+01:00 INFO : Filtering template 50/96 segment 4/5
2026-09-06T18:33:09.226+01:00 INFO : 2 points above threshold
2026-09-06T18:33:09.231+01:00 INFO : Filtering template 50/96 segment 5/5
2026-09-06T18:33:09.249+01:00 INFO : 50: generating IMRPhenomD from 30.0 Hz
2026-09-06T18:33:09.252+01:00 INFO : Decompressing waveform using inline_linear
2026-09-06T18:33:09.257+01:00 INFO : Filtering template 51/96 segment 1/5
2026-09-06T18:33:09.277+01:00 INFO : 1 points above threshold
2026-09-06T18:33:09.291+01:00 INFO : Filtering template 51/96 segment 2/5
2026-09-06T18:33:09.309+01:00 INFO : 1 points above threshold
2026-09-06T18:33:09.314+01:00 INFO : Filtering template 51/96 segment 3/5
2026-09-06T18:33:09.332+01:00 INFO : Filtering template 51/96 segment 4/5
2026-09-06T18:33:09.350+01:00 INFO : 1 points above threshold
2026-09-06T18:33:09.355+01:00 INFO : Filtering template 51/96 segment 5/5
2026-09-06T18:33:09.373+01:00 INFO : 2 points above threshold
2026-09-06T18:33:09.378+01:00 INFO : 51: generating IMRPhenomD from 30.0 Hz
2026-09-06T18:33:09.381+01:00 INFO : Decompressing waveform using inline_linear
2026-09-06T18:33:09.386+01:00 INFO : Filtering template 52/96 segment 1/5
2026-09-06T18:33:09.406+01:00 INFO : 1 points above threshold
2026-09-06T18:33:09.420+01:00 INFO : Filtering template 52/96 segment 2/5
2026-09-06T18:33:09.438+01:00 INFO : 1 points above threshold
2026-09-06T18:33:09.443+01:00 INFO : Filtering template 52/96 segment 3/5
2026-09-06T18:33:09.461+01:00 INFO : Filtering template 52/96 segment 4/5
2026-09-06T18:33:09.479+01:00 INFO : 3 points above threshold
2026-09-06T18:33:09.486+01:00 INFO : Filtering template 52/96 segment 5/5
2026-09-06T18:33:09.503+01:00 INFO : 1 points above threshold
2026-09-06T18:33:09.509+01:00 INFO : 52: generating IMRPhenomD from 30.0 Hz
2026-09-06T18:33:09.511+01:00 INFO : Decompressing waveform using inline_linear
2026-09-06T18:33:09.516+01:00 INFO : Filtering template 53/96 segment 1/5
2026-09-06T18:33:09.536+01:00 INFO : 3 points above threshold
2026-09-06T18:33:09.552+01:00 INFO : Filtering template 53/96 segment 2/5
2026-09-06T18:33:09.570+01:00 INFO : 2 points above threshold
2026-09-06T18:33:09.575+01:00 INFO : Filtering template 53/96 segment 3/5
2026-09-06T18:33:09.593+01:00 INFO : 2 points above threshold
2026-09-06T18:33:09.599+01:00 INFO : Filtering template 53/96 segment 4/5
2026-09-06T18:33:09.617+01:00 INFO : 1 points above threshold
2026-09-06T18:33:09.622+01:00 INFO : Filtering template 53/96 segment 5/5
2026-09-06T18:33:09.640+01:00 INFO : 1 points above threshold
2026-09-06T18:33:09.645+01:00 INFO : 53: generating IMRPhenomD from 30.0 Hz
2026-09-06T18:33:09.648+01:00 INFO : Decompressing waveform using inline_linear
2026-09-06T18:33:09.653+01:00 INFO : Filtering template 54/96 segment 1/5
2026-09-06T18:33:09.673+01:00 INFO : Filtering template 54/96 segment 2/5
2026-09-06T18:33:09.691+01:00 INFO : Filtering template 54/96 segment 3/5
2026-09-06T18:33:09.708+01:00 INFO : 2 points above threshold
2026-09-06T18:33:09.723+01:00 INFO : Filtering template 54/96 segment 4/5
2026-09-06T18:33:09.741+01:00 INFO : 5 points above threshold
2026-09-06T18:33:09.748+01:00 INFO : Filtering template 54/96 segment 5/5
2026-09-06T18:33:09.766+01:00 INFO : 54: generating IMRPhenomD from 30.0 Hz
2026-09-06T18:33:09.769+01:00 INFO : Decompressing waveform using inline_linear
2026-09-06T18:33:09.774+01:00 INFO : Filtering template 55/96 segment 1/5
2026-09-06T18:33:09.794+01:00 INFO : Filtering template 55/96 segment 2/5
2026-09-06T18:33:09.812+01:00 INFO : 1 points above threshold
2026-09-06T18:33:09.826+01:00 INFO : Filtering template 55/96 segment 3/5
2026-09-06T18:33:09.844+01:00 INFO : 3 points above threshold
2026-09-06T18:33:09.851+01:00 INFO : Filtering template 55/96 segment 4/5
2026-09-06T18:33:09.869+01:00 INFO : 1 points above threshold
2026-09-06T18:33:09.874+01:00 INFO : Filtering template 55/96 segment 5/5
2026-09-06T18:33:09.892+01:00 INFO : 1 points above threshold
2026-09-06T18:33:09.897+01:00 INFO : 55: generating IMRPhenomD from 30.0 Hz
2026-09-06T18:33:09.900+01:00 INFO : Decompressing waveform using inline_linear
2026-09-06T18:33:09.905+01:00 INFO : Filtering template 56/96 segment 1/5
2026-09-06T18:33:09.925+01:00 INFO : 1 points above threshold
2026-09-06T18:33:09.939+01:00 INFO : Filtering template 56/96 segment 2/5
2026-09-06T18:33:09.957+01:00 INFO : 1 points above threshold
2026-09-06T18:33:09.962+01:00 INFO : Filtering template 56/96 segment 3/5
2026-09-06T18:33:09.980+01:00 INFO : 3 points above threshold
2026-09-06T18:33:09.987+01:00 INFO : Filtering template 56/96 segment 4/5
2026-09-06T18:33:10.005+01:00 INFO : Filtering template 56/96 segment 5/5
2026-09-06T18:33:10.022+01:00 INFO : 1 points above threshold
2026-09-06T18:33:10.028+01:00 INFO : 56: generating IMRPhenomD from 30.0 Hz
2026-09-06T18:33:10.030+01:00 INFO : Decompressing waveform using inline_linear
2026-09-06T18:33:10.035+01:00 INFO : Filtering template 57/96 segment 1/5
2026-09-06T18:33:10.055+01:00 INFO : 1 points above threshold
2026-09-06T18:33:10.070+01:00 INFO : Filtering template 57/96 segment 2/5
2026-09-06T18:33:10.088+01:00 INFO : 2 points above threshold
2026-09-06T18:33:10.093+01:00 INFO : Filtering template 57/96 segment 3/5
2026-09-06T18:33:10.110+01:00 INFO : 2 points above threshold
2026-09-06T18:33:10.115+01:00 INFO : Filtering template 57/96 segment 4/5
2026-09-06T18:33:10.133+01:00 INFO : 2 points above threshold
2026-09-06T18:33:10.138+01:00 INFO : Filtering template 57/96 segment 5/5
2026-09-06T18:33:10.156+01:00 INFO : 57: generating IMRPhenomD from 30.0 Hz
2026-09-06T18:33:10.159+01:00 INFO : Decompressing waveform using inline_linear
2026-09-06T18:33:10.164+01:00 INFO : Filtering template 58/96 segment 1/5
2026-09-06T18:33:10.184+01:00 INFO : 1 points above threshold
2026-09-06T18:33:10.201+01:00 INFO : Filtering template 58/96 segment 2/5
2026-09-06T18:33:10.219+01:00 INFO : 2 points above threshold
2026-09-06T18:33:10.224+01:00 INFO : Filtering template 58/96 segment 3/5
2026-09-06T18:33:10.242+01:00 INFO : 1 points above threshold
2026-09-06T18:33:10.247+01:00 INFO : Filtering template 58/96 segment 4/5
2026-09-06T18:33:10.265+01:00 INFO : 1 points above threshold
2026-09-06T18:33:10.270+01:00 INFO : Filtering template 58/96 segment 5/5
2026-09-06T18:33:10.288+01:00 INFO : 2 points above threshold
2026-09-06T18:33:10.293+01:00 INFO : 58: generating IMRPhenomD from 30.0 Hz
2026-09-06T18:33:10.296+01:00 INFO : Decompressing waveform using inline_linear
2026-09-06T18:33:10.300+01:00 INFO : Filtering template 59/96 segment 1/5
2026-09-06T18:33:10.320+01:00 INFO : 1 points above threshold
2026-09-06T18:33:10.335+01:00 INFO : Filtering template 59/96 segment 2/5
2026-09-06T18:33:10.352+01:00 INFO : 2 points above threshold
2026-09-06T18:33:10.358+01:00 INFO : Filtering template 59/96 segment 3/5
2026-09-06T18:33:10.375+01:00 INFO : 2 points above threshold
2026-09-06T18:33:10.380+01:00 INFO : Filtering template 59/96 segment 4/5
2026-09-06T18:33:10.398+01:00 INFO : 1 points above threshold
2026-09-06T18:33:10.403+01:00 INFO : Filtering template 59/96 segment 5/5
2026-09-06T18:33:10.421+01:00 INFO : 59: generating IMRPhenomD from 30.0 Hz
2026-09-06T18:33:10.424+01:00 INFO : Decompressing waveform using inline_linear
2026-09-06T18:33:10.429+01:00 INFO : Filtering template 60/96 segment 1/5
2026-09-06T18:33:10.449+01:00 INFO : Filtering template 60/96 segment 2/5
2026-09-06T18:33:10.467+01:00 INFO : Filtering template 60/96 segment 3/5
2026-09-06T18:33:10.484+01:00 INFO : 1 points above threshold
2026-09-06T18:33:10.499+01:00 INFO : Filtering template 60/96 segment 4/5
2026-09-06T18:33:10.517+01:00 INFO : 2 points above threshold
2026-09-06T18:33:10.522+01:00 INFO : Filtering template 60/96 segment 5/5
2026-09-06T18:33:10.540+01:00 INFO : 60: generating IMRPhenomD from 30.0 Hz
2026-09-06T18:33:10.543+01:00 INFO : Decompressing waveform using inline_linear
2026-09-06T18:33:10.547+01:00 INFO : Filtering template 61/96 segment 1/5
2026-09-06T18:33:10.567+01:00 INFO : Filtering template 61/96 segment 2/5
2026-09-06T18:33:10.585+01:00 INFO : 2 points above threshold
2026-09-06T18:33:10.600+01:00 INFO : Filtering template 61/96 segment 3/5
2026-09-06T18:33:10.617+01:00 INFO : 1 points above threshold
2026-09-06T18:33:10.623+01:00 INFO : Filtering template 61/96 segment 4/5
2026-09-06T18:33:10.640+01:00 INFO : 1 points above threshold
2026-09-06T18:33:10.645+01:00 INFO : Filtering template 61/96 segment 5/5
2026-09-06T18:33:10.663+01:00 INFO : 61: generating IMRPhenomD from 30.0 Hz
2026-09-06T18:33:10.666+01:00 INFO : Decompressing waveform using inline_linear
2026-09-06T18:33:10.671+01:00 INFO : Filtering template 62/96 segment 1/5
2026-09-06T18:33:10.691+01:00 INFO : 2 points above threshold
2026-09-06T18:33:10.708+01:00 INFO : Filtering template 62/96 segment 2/5
2026-09-06T18:33:10.726+01:00 INFO : Filtering template 62/96 segment 3/5
2026-09-06T18:33:10.744+01:00 INFO : Filtering template 62/96 segment 4/5
2026-09-06T18:33:10.761+01:00 INFO : 5 points above threshold
2026-09-06T18:33:10.769+01:00 INFO : Filtering template 62/96 segment 5/5
2026-09-06T18:33:10.787+01:00 INFO : 62: generating IMRPhenomD from 30.0 Hz
2026-09-06T18:33:10.789+01:00 INFO : Decompressing waveform using inline_linear
2026-09-06T18:33:10.794+01:00 INFO : Filtering template 63/96 segment 1/5
2026-09-06T18:33:10.814+01:00 INFO : Filtering template 63/96 segment 2/5
2026-09-06T18:33:10.832+01:00 INFO : 1 points above threshold
2026-09-06T18:33:10.850+01:00 INFO : Filtering template 63/96 segment 3/5
2026-09-06T18:33:10.868+01:00 INFO : 2 points above threshold
2026-09-06T18:33:10.873+01:00 INFO : Filtering template 63/96 segment 4/5
2026-09-06T18:33:10.890+01:00 INFO : 1 points above threshold
2026-09-06T18:33:10.895+01:00 INFO : Filtering template 63/96 segment 5/5
2026-09-06T18:33:10.913+01:00 INFO : 1 points above threshold
2026-09-06T18:33:10.919+01:00 INFO : 63: generating IMRPhenomD from 30.0 Hz
2026-09-06T18:33:10.921+01:00 INFO : Decompressing waveform using inline_linear
2026-09-06T18:33:10.926+01:00 INFO : Filtering template 64/96 segment 1/5
2026-09-06T18:33:10.946+01:00 INFO : 2 points above threshold
2026-09-06T18:33:10.961+01:00 INFO : Filtering template 64/96 segment 2/5
2026-09-06T18:33:10.978+01:00 INFO : 1 points above threshold
2026-09-06T18:33:10.984+01:00 INFO : Filtering template 64/96 segment 3/5
2026-09-06T18:33:11.001+01:00 INFO : Filtering template 64/96 segment 4/5
2026-09-06T18:33:11.019+01:00 INFO : Filtering template 64/96 segment 5/5
2026-09-06T18:33:11.037+01:00 INFO : 64: generating IMRPhenomD from 30.0 Hz
2026-09-06T18:33:11.040+01:00 INFO : Decompressing waveform using inline_linear
2026-09-06T18:33:11.045+01:00 INFO : Filtering template 65/96 segment 1/5
2026-09-06T18:33:11.065+01:00 INFO : 2 points above threshold
2026-09-06T18:33:11.079+01:00 INFO : Filtering template 65/96 segment 2/5
2026-09-06T18:33:11.097+01:00 INFO : 2 points above threshold
2026-09-06T18:33:11.102+01:00 INFO : Filtering template 65/96 segment 3/5
2026-09-06T18:33:11.120+01:00 INFO : 1 points above threshold
2026-09-06T18:33:11.125+01:00 INFO : Filtering template 65/96 segment 4/5
2026-09-06T18:33:11.143+01:00 INFO : 2 points above threshold
2026-09-06T18:33:11.148+01:00 INFO : Filtering template 65/96 segment 5/5
2026-09-06T18:33:11.166+01:00 INFO : 65: generating IMRPhenomD from 30.0 Hz
2026-09-06T18:33:11.169+01:00 INFO : Decompressing waveform using inline_linear
2026-09-06T18:33:11.174+01:00 INFO : Filtering template 66/96 segment 1/5
2026-09-06T18:33:11.194+01:00 INFO : 1 points above threshold
2026-09-06T18:33:11.208+01:00 INFO : Filtering template 66/96 segment 2/5
2026-09-06T18:33:11.226+01:00 INFO : 1 points above threshold
2026-09-06T18:33:11.231+01:00 INFO : Filtering template 66/96 segment 3/5
2026-09-06T18:33:11.249+01:00 INFO : 2 points above threshold
2026-09-06T18:33:11.254+01:00 INFO : Filtering template 66/96 segment 4/5
2026-09-06T18:33:11.272+01:00 INFO : 1 points above threshold
2026-09-06T18:33:11.279+01:00 INFO : Filtering template 66/96 segment 5/5
2026-09-06T18:33:11.297+01:00 INFO : 66: generating IMRPhenomD from 30.0 Hz
2026-09-06T18:33:11.312+01:00 INFO : Decompressing waveform using inline_linear
2026-09-06T18:33:11.317+01:00 INFO : Filtering template 67/96 segment 1/5
2026-09-06T18:33:11.345+01:00 INFO : 3 points above threshold
2026-09-06T18:33:11.365+01:00 INFO : Filtering template 67/96 segment 2/5
2026-09-06T18:33:11.383+01:00 INFO : Filtering template 67/96 segment 3/5
2026-09-06T18:33:11.400+01:00 INFO : 1 points above threshold
2026-09-06T18:33:11.406+01:00 INFO : Filtering template 67/96 segment 4/5
2026-09-06T18:33:11.423+01:00 INFO : Filtering template 67/96 segment 5/5
2026-09-06T18:33:11.441+01:00 INFO : 67: generating IMRPhenomD from 30.0 Hz
2026-09-06T18:33:11.444+01:00 INFO : Decompressing waveform using inline_linear
2026-09-06T18:33:11.449+01:00 INFO : Filtering template 68/96 segment 1/5
2026-09-06T18:33:11.469+01:00 INFO : 1 points above threshold
2026-09-06T18:33:11.484+01:00 INFO : Filtering template 68/96 segment 2/5
2026-09-06T18:33:11.501+01:00 INFO : 1 points above threshold
2026-09-06T18:33:11.507+01:00 INFO : Filtering template 68/96 segment 3/5
2026-09-06T18:33:11.524+01:00 INFO : 1 points above threshold
2026-09-06T18:33:11.529+01:00 INFO : Filtering template 68/96 segment 4/5
2026-09-06T18:33:11.547+01:00 INFO : 1 points above threshold
2026-09-06T18:33:11.552+01:00 INFO : Filtering template 68/96 segment 5/5
2026-09-06T18:33:11.570+01:00 INFO : 1 points above threshold
2026-09-06T18:33:11.575+01:00 INFO : 68: generating IMRPhenomD from 30.0 Hz
2026-09-06T18:33:11.578+01:00 INFO : Decompressing waveform using inline_linear
2026-09-06T18:33:11.583+01:00 INFO : Filtering template 69/96 segment 1/5
2026-09-06T18:33:11.603+01:00 INFO : Filtering template 69/96 segment 2/5
2026-09-06T18:33:11.620+01:00 INFO : Filtering template 69/96 segment 3/5
2026-09-06T18:33:11.638+01:00 INFO : 1 points above threshold
2026-09-06T18:33:11.653+01:00 INFO : Filtering template 69/96 segment 4/5
2026-09-06T18:33:11.671+01:00 INFO : 2 points above threshold
2026-09-06T18:33:11.676+01:00 INFO : Filtering template 69/96 segment 5/5
2026-09-06T18:33:11.694+01:00 INFO : 69: generating IMRPhenomD from 30.0 Hz
2026-09-06T18:33:11.697+01:00 INFO : Decompressing waveform using inline_linear
2026-09-06T18:33:11.702+01:00 INFO : Filtering template 70/96 segment 1/5
2026-09-06T18:33:11.722+01:00 INFO : 2 points above threshold
2026-09-06T18:33:11.737+01:00 INFO : Filtering template 70/96 segment 2/5
2026-09-06T18:33:11.757+01:00 INFO : 2 points above threshold
2026-09-06T18:33:11.764+01:00 INFO : Filtering template 70/96 segment 3/5
2026-09-06T18:33:11.790+01:00 INFO : Filtering template 70/96 segment 4/5
2026-09-06T18:33:11.814+01:00 INFO : 2 points above threshold
2026-09-06T18:33:11.819+01:00 INFO : Filtering template 70/96 segment 5/5
2026-09-06T18:33:11.837+01:00 INFO : 2 points above threshold
2026-09-06T18:33:11.843+01:00 INFO : 70: generating IMRPhenomD from 30.0 Hz
2026-09-06T18:33:11.845+01:00 INFO : Decompressing waveform using inline_linear
2026-09-06T18:33:11.850+01:00 INFO : Filtering template 71/96 segment 1/5
2026-09-06T18:33:11.870+01:00 INFO : Filtering template 71/96 segment 2/5
2026-09-06T18:33:11.888+01:00 INFO : 1 points above threshold
2026-09-06T18:33:11.903+01:00 INFO : Filtering template 71/96 segment 3/5
2026-09-06T18:33:11.921+01:00 INFO : 1 points above threshold
2026-09-06T18:33:11.926+01:00 INFO : Filtering template 71/96 segment 4/5
2026-09-06T18:33:11.943+01:00 INFO : 3 points above threshold
2026-09-06T18:33:11.950+01:00 INFO : Filtering template 71/96 segment 5/5
2026-09-06T18:33:11.968+01:00 INFO : 71: generating IMRPhenomD from 30.0 Hz
2026-09-06T18:33:11.971+01:00 INFO : Decompressing waveform using inline_linear
2026-09-06T18:33:11.976+01:00 INFO : Filtering template 72/96 segment 1/5
2026-09-06T18:33:11.996+01:00 INFO : 2 points above threshold
2026-09-06T18:33:12.010+01:00 INFO : Filtering template 72/96 segment 2/5
2026-09-06T18:33:12.028+01:00 INFO : 1 points above threshold
2026-09-06T18:33:12.033+01:00 INFO : Filtering template 72/96 segment 3/5
2026-09-06T18:33:12.051+01:00 INFO : 1 points above threshold
2026-09-06T18:33:12.056+01:00 INFO : Filtering template 72/96 segment 4/5
2026-09-06T18:33:12.074+01:00 INFO : 3 points above threshold
2026-09-06T18:33:12.081+01:00 INFO : Filtering template 72/96 segment 5/5
2026-09-06T18:33:12.099+01:00 INFO : 3 points above threshold
2026-09-06T18:33:12.106+01:00 INFO : 72: generating IMRPhenomD from 30.0 Hz
2026-09-06T18:33:12.109+01:00 INFO : Decompressing waveform using inline_linear
2026-09-06T18:33:12.113+01:00 INFO : Filtering template 73/96 segment 1/5
2026-09-06T18:33:12.134+01:00 INFO : 1 points above threshold
2026-09-06T18:33:12.148+01:00 INFO : Filtering template 73/96 segment 2/5
2026-09-06T18:33:12.166+01:00 INFO : 1 points above threshold
2026-09-06T18:33:12.171+01:00 INFO : Filtering template 73/96 segment 3/5
2026-09-06T18:33:12.189+01:00 INFO : 1 points above threshold
2026-09-06T18:33:12.194+01:00 INFO : Filtering template 73/96 segment 4/5
2026-09-06T18:33:12.212+01:00 INFO : Filtering template 73/96 segment 5/5
2026-09-06T18:33:12.230+01:00 INFO : 1 points above threshold
2026-09-06T18:33:12.235+01:00 INFO : 73: generating IMRPhenomD from 30.0 Hz
2026-09-06T18:33:12.238+01:00 INFO : Decompressing waveform using inline_linear
2026-09-06T18:33:12.242+01:00 INFO : Filtering template 74/96 segment 1/5
2026-09-06T18:33:12.262+01:00 INFO : 3 points above threshold
2026-09-06T18:33:12.279+01:00 INFO : Filtering template 74/96 segment 2/5
2026-09-06T18:33:12.297+01:00 INFO : 3 points above threshold
2026-09-06T18:33:12.304+01:00 INFO : Filtering template 74/96 segment 3/5
2026-09-06T18:33:12.322+01:00 INFO : Filtering template 74/96 segment 4/5
2026-09-06T18:33:12.340+01:00 INFO : 1 points above threshold
2026-09-06T18:33:12.345+01:00 INFO : Filtering template 74/96 segment 5/5
2026-09-06T18:33:12.363+01:00 INFO : 74: generating IMRPhenomD from 30.0 Hz
2026-09-06T18:33:12.366+01:00 INFO : Decompressing waveform using inline_linear
2026-09-06T18:33:12.370+01:00 INFO : Filtering template 75/96 segment 1/5
2026-09-06T18:33:12.390+01:00 INFO : Filtering template 75/96 segment 2/5
2026-09-06T18:33:12.408+01:00 INFO : 1 points above threshold
2026-09-06T18:33:12.423+01:00 INFO : Filtering template 75/96 segment 3/5
2026-09-06T18:33:12.440+01:00 INFO : 2 points above threshold
2026-09-06T18:33:12.445+01:00 INFO : Filtering template 75/96 segment 4/5
2026-09-06T18:33:12.463+01:00 INFO : Filtering template 75/96 segment 5/5
2026-09-06T18:33:12.481+01:00 INFO : 2 points above threshold
2026-09-06T18:33:12.486+01:00 INFO : 75: generating IMRPhenomD from 30.0 Hz
2026-09-06T18:33:12.489+01:00 INFO : Decompressing waveform using inline_linear
2026-09-06T18:33:12.494+01:00 INFO : Filtering template 76/96 segment 1/5
2026-09-06T18:33:12.514+01:00 INFO : 1 points above threshold
2026-09-06T18:33:12.529+01:00 INFO : Filtering template 76/96 segment 2/5
2026-09-06T18:33:12.546+01:00 INFO : Filtering template 76/96 segment 3/5
2026-09-06T18:33:12.564+01:00 INFO : 1 points above threshold
2026-09-06T18:33:12.570+01:00 INFO : Filtering template 76/96 segment 4/5
2026-09-06T18:33:12.587+01:00 INFO : Filtering template 76/96 segment 5/5
2026-09-06T18:33:12.605+01:00 INFO : 2 points above threshold
2026-09-06T18:33:12.611+01:00 INFO : 76: generating IMRPhenomD from 30.0 Hz
2026-09-06T18:33:12.613+01:00 INFO : Decompressing waveform using inline_linear
2026-09-06T18:33:12.618+01:00 INFO : Filtering template 77/96 segment 1/5
2026-09-06T18:33:12.638+01:00 INFO : Filtering template 77/96 segment 2/5
2026-09-06T18:33:12.656+01:00 INFO : 1 points above threshold
2026-09-06T18:33:12.671+01:00 INFO : Filtering template 77/96 segment 3/5
2026-09-06T18:33:12.688+01:00 INFO : Filtering template 77/96 segment 4/5
2026-09-06T18:33:12.706+01:00 INFO : 1 points above threshold
2026-09-06T18:33:12.711+01:00 INFO : Filtering template 77/96 segment 5/5
2026-09-06T18:33:12.729+01:00 INFO : 77: generating IMRPhenomD from 30.0 Hz
2026-09-06T18:33:12.732+01:00 INFO : Decompressing waveform using inline_linear
2026-09-06T18:33:12.737+01:00 INFO : Filtering template 78/96 segment 1/5
2026-09-06T18:33:12.757+01:00 INFO : Filtering template 78/96 segment 2/5
2026-09-06T18:33:12.775+01:00 INFO : Filtering template 78/96 segment 3/5
2026-09-06T18:33:12.793+01:00 INFO : Filtering template 78/96 segment 4/5
2026-09-06T18:33:12.810+01:00 INFO : 1 points above threshold
2026-09-06T18:33:12.825+01:00 INFO : Filtering template 78/96 segment 5/5
2026-09-06T18:33:12.843+01:00 INFO : 78: generating IMRPhenomD from 30.0 Hz
2026-09-06T18:33:12.846+01:00 INFO : Decompressing waveform using inline_linear
2026-09-06T18:33:12.851+01:00 INFO : Filtering template 79/96 segment 1/5
2026-09-06T18:33:12.870+01:00 INFO : 2 points above threshold
2026-09-06T18:33:12.885+01:00 INFO : Filtering template 79/96 segment 2/5
2026-09-06T18:33:12.903+01:00 INFO : Filtering template 79/96 segment 3/5
2026-09-06T18:33:12.921+01:00 INFO : 1 points above threshold
2026-09-06T18:33:12.926+01:00 INFO : Filtering template 79/96 segment 4/5
2026-09-06T18:33:12.944+01:00 INFO : 1 points above threshold
2026-09-06T18:33:12.949+01:00 INFO : Filtering template 79/96 segment 5/5
2026-09-06T18:33:12.967+01:00 INFO : 3 points above threshold
2026-09-06T18:33:12.974+01:00 INFO : 79: generating IMRPhenomD from 30.0 Hz
2026-09-06T18:33:12.976+01:00 INFO : Decompressing waveform using inline_linear
2026-09-06T18:33:12.981+01:00 INFO : Filtering template 80/96 segment 1/5
2026-09-06T18:33:13.001+01:00 INFO : 2 points above threshold
2026-09-06T18:33:13.016+01:00 INFO : Filtering template 80/96 segment 2/5
2026-09-06T18:33:13.033+01:00 INFO : 1 points above threshold
2026-09-06T18:33:13.039+01:00 INFO : Filtering template 80/96 segment 3/5
2026-09-06T18:33:13.056+01:00 INFO : 1 points above threshold
2026-09-06T18:33:13.061+01:00 INFO : Filtering template 80/96 segment 4/5
2026-09-06T18:33:13.079+01:00 INFO : Filtering template 80/96 segment 5/5
2026-09-06T18:33:13.097+01:00 INFO : 1 points above threshold
2026-09-06T18:33:13.103+01:00 INFO : 80: generating IMRPhenomD from 30.0 Hz
2026-09-06T18:33:13.105+01:00 INFO : Decompressing waveform using inline_linear
2026-09-06T18:33:13.110+01:00 INFO : Filtering template 81/96 segment 1/5
2026-09-06T18:33:13.130+01:00 INFO : 1 points above threshold
2026-09-06T18:33:13.145+01:00 INFO : Filtering template 81/96 segment 2/5
2026-09-06T18:33:13.162+01:00 INFO : 2 points above threshold
2026-09-06T18:33:13.168+01:00 INFO : Filtering template 81/96 segment 3/5
2026-09-06T18:33:13.185+01:00 INFO : 1 points above threshold
2026-09-06T18:33:13.191+01:00 INFO : Filtering template 81/96 segment 4/5
2026-09-06T18:33:13.209+01:00 INFO : Filtering template 81/96 segment 5/5
2026-09-06T18:33:13.227+01:00 INFO : 1 points above threshold
2026-09-06T18:33:13.232+01:00 INFO : 81: generating IMRPhenomD from 30.0 Hz
2026-09-06T18:33:13.235+01:00 INFO : Decompressing waveform using inline_linear
2026-09-06T18:33:13.240+01:00 INFO : Filtering template 82/96 segment 1/5
2026-09-06T18:33:13.260+01:00 INFO : Filtering template 82/96 segment 2/5
2026-09-06T18:33:13.278+01:00 INFO : 2 points above threshold
2026-09-06T18:33:13.292+01:00 INFO : Filtering template 82/96 segment 3/5
2026-09-06T18:33:13.310+01:00 INFO : 1 points above threshold
2026-09-06T18:33:13.315+01:00 INFO : Filtering template 82/96 segment 4/5
2026-09-06T18:33:13.333+01:00 INFO : Filtering template 82/96 segment 5/5
2026-09-06T18:33:13.351+01:00 INFO : 82: generating IMRPhenomD from 30.0 Hz
2026-09-06T18:33:13.354+01:00 INFO : Decompressing waveform using inline_linear
2026-09-06T18:33:13.358+01:00 INFO : Filtering template 83/96 segment 1/5
2026-09-06T18:33:13.378+01:00 INFO : 1 points above threshold
2026-09-06T18:33:13.393+01:00 INFO : Filtering template 83/96 segment 2/5
2026-09-06T18:33:13.410+01:00 INFO : 2 points above threshold
2026-09-06T18:33:13.416+01:00 INFO : Filtering template 83/96 segment 3/5
2026-09-06T18:33:13.433+01:00 INFO : 2 points above threshold
2026-09-06T18:33:13.438+01:00 INFO : Filtering template 83/96 segment 4/5
2026-09-06T18:33:13.456+01:00 INFO : 3 points above threshold
2026-09-06T18:33:13.463+01:00 INFO : Filtering template 83/96 segment 5/5
2026-09-06T18:33:13.481+01:00 INFO : 3 points above threshold
2026-09-06T18:33:13.488+01:00 INFO : 83: generating IMRPhenomD from 30.0 Hz
2026-09-06T18:33:13.491+01:00 INFO : Decompressing waveform using inline_linear
2026-09-06T18:33:13.495+01:00 INFO : Filtering template 84/96 segment 1/5
2026-09-06T18:33:13.515+01:00 INFO : Filtering template 84/96 segment 2/5
2026-09-06T18:33:13.533+01:00 INFO : Filtering template 84/96 segment 3/5
2026-09-06T18:33:13.551+01:00 INFO : 1 points above threshold
2026-09-06T18:33:13.566+01:00 INFO : Filtering template 84/96 segment 4/5
2026-09-06T18:33:13.583+01:00 INFO : 3 points above threshold
2026-09-06T18:33:13.590+01:00 INFO : Filtering template 84/96 segment 5/5
2026-09-06T18:33:13.608+01:00 INFO : 84: generating IMRPhenomD from 30.0 Hz
2026-09-06T18:33:13.611+01:00 INFO : Decompressing waveform using inline_linear
2026-09-06T18:33:13.616+01:00 INFO : Filtering template 85/96 segment 1/5
2026-09-06T18:33:13.636+01:00 INFO : 1 points above threshold
2026-09-06T18:33:13.650+01:00 INFO : Filtering template 85/96 segment 2/5
2026-09-06T18:33:13.668+01:00 INFO : 2 points above threshold
2026-09-06T18:33:13.673+01:00 INFO : Filtering template 85/96 segment 3/5
2026-09-06T18:33:13.691+01:00 INFO : 1 points above threshold
2026-09-06T18:33:13.696+01:00 INFO : Filtering template 85/96 segment 4/5
2026-09-06T18:33:13.714+01:00 INFO : 3 points above threshold
2026-09-06T18:33:13.721+01:00 INFO : Filtering template 85/96 segment 5/5
2026-09-06T18:33:13.739+01:00 INFO : 2 points above threshold
2026-09-06T18:33:13.745+01:00 INFO : 85: generating IMRPhenomD from 30.0 Hz
2026-09-06T18:33:13.748+01:00 INFO : Decompressing waveform using inline_linear
2026-09-06T18:33:13.752+01:00 INFO : Filtering template 86/96 segment 1/5
2026-09-06T18:33:13.772+01:00 INFO : 2 points above threshold
2026-09-06T18:33:13.787+01:00 INFO : Filtering template 86/96 segment 2/5
2026-09-06T18:33:13.805+01:00 INFO : 2 points above threshold
2026-09-06T18:33:13.810+01:00 INFO : Filtering template 86/96 segment 3/5
2026-09-06T18:33:13.827+01:00 INFO : 1 points above threshold
2026-09-06T18:33:13.832+01:00 INFO : Filtering template 86/96 segment 4/5
2026-09-06T18:33:13.850+01:00 INFO : 1 points above threshold
2026-09-06T18:33:13.855+01:00 INFO : Filtering template 86/96 segment 5/5
2026-09-06T18:33:13.873+01:00 INFO : 2 points above threshold
2026-09-06T18:33:13.878+01:00 INFO : 86: generating IMRPhenomD from 30.0 Hz
2026-09-06T18:33:13.881+01:00 INFO : Decompressing waveform using inline_linear
2026-09-06T18:33:13.886+01:00 INFO : Filtering template 87/96 segment 1/5
2026-09-06T18:33:13.906+01:00 INFO : 1 points above threshold
2026-09-06T18:33:13.920+01:00 INFO : Filtering template 87/96 segment 2/5
2026-09-06T18:33:13.938+01:00 INFO : 2 points above threshold
2026-09-06T18:33:13.943+01:00 INFO : Filtering template 87/96 segment 3/5
2026-09-06T18:33:13.961+01:00 INFO : 1 points above threshold
2026-09-06T18:33:13.966+01:00 INFO : Filtering template 87/96 segment 4/5
2026-09-06T18:33:13.984+01:00 INFO : 1 points above threshold
2026-09-06T18:33:13.989+01:00 INFO : Filtering template 87/96 segment 5/5
2026-09-06T18:33:14.007+01:00 INFO : 1 points above threshold
2026-09-06T18:33:14.012+01:00 INFO : 87: generating IMRPhenomD from 30.0 Hz
2026-09-06T18:33:14.015+01:00 INFO : Decompressing waveform using inline_linear
2026-09-06T18:33:14.019+01:00 INFO : Filtering template 88/96 segment 1/5
2026-09-06T18:33:14.040+01:00 INFO : 2 points above threshold
2026-09-06T18:33:14.054+01:00 INFO : Filtering template 88/96 segment 2/5
2026-09-06T18:33:14.072+01:00 INFO : 1 points above threshold
2026-09-06T18:33:14.077+01:00 INFO : Filtering template 88/96 segment 3/5
2026-09-06T18:33:14.095+01:00 INFO : Filtering template 88/96 segment 4/5
2026-09-06T18:33:14.113+01:00 INFO : Filtering template 88/96 segment 5/5
2026-09-06T18:33:14.130+01:00 INFO : 2 points above threshold
2026-09-06T18:33:14.136+01:00 INFO : 88: generating IMRPhenomD from 30.0 Hz
2026-09-06T18:33:14.138+01:00 INFO : Decompressing waveform using inline_linear
2026-09-06T18:33:14.143+01:00 INFO : Filtering template 89/96 segment 1/5
2026-09-06T18:33:14.163+01:00 INFO : 2 points above threshold
2026-09-06T18:33:14.178+01:00 INFO : Filtering template 89/96 segment 2/5
2026-09-06T18:33:14.195+01:00 INFO : 1 points above threshold
2026-09-06T18:33:14.201+01:00 INFO : Filtering template 89/96 segment 3/5
2026-09-06T18:33:14.218+01:00 INFO : 2 points above threshold
2026-09-06T18:33:14.223+01:00 INFO : Filtering template 89/96 segment 4/5
2026-09-06T18:33:14.241+01:00 INFO : Filtering template 89/96 segment 5/5
2026-09-06T18:33:14.259+01:00 INFO : 89: generating IMRPhenomD from 30.0 Hz
2026-09-06T18:33:14.262+01:00 INFO : Decompressing waveform using inline_linear
2026-09-06T18:33:14.267+01:00 INFO : Filtering template 90/96 segment 1/5
2026-09-06T18:33:14.287+01:00 INFO : Filtering template 90/96 segment 2/5
2026-09-06T18:33:14.304+01:00 INFO : 1 points above threshold
2026-09-06T18:33:14.322+01:00 INFO : Filtering template 90/96 segment 3/5
2026-09-06T18:33:14.340+01:00 INFO : 3 points above threshold
2026-09-06T18:33:14.347+01:00 INFO : Filtering template 90/96 segment 4/5
2026-09-06T18:33:14.364+01:00 INFO : Filtering template 90/96 segment 5/5
2026-09-06T18:33:14.382+01:00 INFO : 1 points above threshold
2026-09-06T18:33:14.388+01:00 INFO : 90: generating IMRPhenomD from 30.0 Hz
2026-09-06T18:33:14.390+01:00 INFO : Decompressing waveform using inline_linear
2026-09-06T18:33:14.395+01:00 INFO : Filtering template 91/96 segment 1/5
2026-09-06T18:33:14.415+01:00 INFO : Filtering template 91/96 segment 2/5
2026-09-06T18:33:14.433+01:00 INFO : 2 points above threshold
2026-09-06T18:33:14.447+01:00 INFO : Filtering template 91/96 segment 3/5
2026-09-06T18:33:14.465+01:00 INFO : 3 points above threshold
2026-09-06T18:33:14.472+01:00 INFO : Filtering template 91/96 segment 4/5
2026-09-06T18:33:14.490+01:00 INFO : Filtering template 91/96 segment 5/5
2026-09-06T18:33:14.508+01:00 INFO : 1 points above threshold
2026-09-06T18:33:14.513+01:00 INFO : 91: generating IMRPhenomD from 30.0 Hz
2026-09-06T18:33:14.516+01:00 INFO : Decompressing waveform using inline_linear
2026-09-06T18:33:14.520+01:00 INFO : Filtering template 92/96 segment 1/5
2026-09-06T18:33:14.540+01:00 INFO : 2 points above threshold
2026-09-06T18:33:14.555+01:00 INFO : Filtering template 92/96 segment 2/5
2026-09-06T18:33:14.573+01:00 INFO : 1 points above threshold
2026-09-06T18:33:14.578+01:00 INFO : Filtering template 92/96 segment 3/5
2026-09-06T18:33:14.595+01:00 INFO : 2 points above threshold
2026-09-06T18:33:14.600+01:00 INFO : Filtering template 92/96 segment 4/5
2026-09-06T18:33:14.618+01:00 INFO : 1 points above threshold
2026-09-06T18:33:14.623+01:00 INFO : Filtering template 92/96 segment 5/5
2026-09-06T18:33:14.641+01:00 INFO : 1 points above threshold
2026-09-06T18:33:14.647+01:00 INFO : 92: generating IMRPhenomD from 30.0 Hz
2026-09-06T18:33:14.649+01:00 INFO : Decompressing waveform using inline_linear
2026-09-06T18:33:14.654+01:00 INFO : Filtering template 93/96 segment 1/5
2026-09-06T18:33:14.674+01:00 INFO : Filtering template 93/96 segment 2/5
2026-09-06T18:33:14.692+01:00 INFO : 3 points above threshold
2026-09-06T18:33:14.708+01:00 INFO : Filtering template 93/96 segment 3/5
2026-09-06T18:33:14.726+01:00 INFO : 3 points above threshold
2026-09-06T18:33:14.733+01:00 INFO : Filtering template 93/96 segment 4/5
2026-09-06T18:33:14.751+01:00 INFO : 1 points above threshold
2026-09-06T18:33:14.756+01:00 INFO : Filtering template 93/96 segment 5/5
2026-09-06T18:33:14.774+01:00 INFO : 1 points above threshold
2026-09-06T18:33:14.779+01:00 INFO : 93: generating IMRPhenomD from 30.0 Hz
2026-09-06T18:33:14.782+01:00 INFO : Decompressing waveform using inline_linear
2026-09-06T18:33:14.787+01:00 INFO : Filtering template 94/96 segment 1/5
2026-09-06T18:33:14.806+01:00 INFO : 1 points above threshold
2026-09-06T18:33:14.821+01:00 INFO : Filtering template 94/96 segment 2/5
2026-09-06T18:33:14.839+01:00 INFO : 2 points above threshold
2026-09-06T18:33:14.844+01:00 INFO : Filtering template 94/96 segment 3/5
2026-09-06T18:33:14.862+01:00 INFO : 4 points above threshold
2026-09-06T18:33:14.867+01:00 INFO : Filtering template 94/96 segment 4/5
2026-09-06T18:33:14.885+01:00 INFO : Filtering template 94/96 segment 5/5
2026-09-06T18:33:14.903+01:00 INFO : 2 points above threshold
2026-09-06T18:33:14.908+01:00 INFO : 94: generating IMRPhenomD from 30.0 Hz
2026-09-06T18:33:14.911+01:00 INFO : Decompressing waveform using inline_linear
2026-09-06T18:33:14.915+01:00 INFO : Filtering template 95/96 segment 1/5
2026-09-06T18:33:14.935+01:00 INFO : 3 points above threshold
2026-09-06T18:33:14.952+01:00 INFO : Filtering template 95/96 segment 2/5
2026-09-06T18:33:14.970+01:00 INFO : 2 points above threshold
2026-09-06T18:33:14.975+01:00 INFO : Filtering template 95/96 segment 3/5
2026-09-06T18:33:14.992+01:00 INFO : 2 points above threshold
2026-09-06T18:33:14.998+01:00 INFO : Filtering template 95/96 segment 4/5
2026-09-06T18:33:15.015+01:00 INFO : 1 points above threshold
2026-09-06T18:33:15.020+01:00 INFO : Filtering template 95/96 segment 5/5
2026-09-06T18:33:15.038+01:00 INFO : 95: generating IMRPhenomD from 30.0 Hz
2026-09-06T18:33:15.041+01:00 INFO : Decompressing waveform using inline_linear
2026-09-06T18:33:15.046+01:00 INFO : Filtering template 96/96 segment 1/5
2026-09-06T18:33:15.066+01:00 INFO : 2 points above threshold
2026-09-06T18:33:15.081+01:00 INFO : Filtering template 96/96 segment 2/5
2026-09-06T18:33:15.099+01:00 INFO : Filtering template 96/96 segment 3/5
2026-09-06T18:33:15.117+01:00 INFO : Filtering template 96/96 segment 4/5
2026-09-06T18:33:15.135+01:00 INFO : 1 points above threshold
2026-09-06T18:33:15.140+01:00 INFO : Filtering template 96/96 segment 5/5
2026-09-06T18:33:15.158+01:00 INFO : We currently have 527 triggers
2026-09-06T18:33:15.158+01:00 INFO : Removing triggers with NewSNR below threshold
2026-09-06T18:33:15.158+01:00 INFO : 477 remaining triggers
2026-09-06T18:33:15.158+01:00 INFO : Outputting 477 triggers
2026-09-06T18:33:15.158+01:00 INFO : Writing out triggers
2026-09-06T18:33:15.169+01:00 INFO : Finished
