2026-09-06T23:48:57.951+01:00 INFO : Running with Torch support on device cuda:0
2026-09-06T23:48:57.952+01:00 INFO : Reading Frames
2026-09-06T23:49:04.642+01:00 INFO : Highpass Filtering
2026-09-06T23:49:05.096+01:00 INFO : Resampling data
2026-09-06T23:49:05.106+01:00 INFO : Converting to float32
/home/xangma/pycbc-torch-inspiral-reference-20260906/source-v6/pycbc/types/array.py:872: RuntimeWarning: divide by zero encountered in divide
  return self._data.__rtruediv__(other)
2026-09-06T23:49:10.370+01:00 INFO : Highpass Filtering
2026-09-06T23:49:10.816+01:00 INFO : Remove Padding
2026-09-06T23:49:10.817+01:00 INFO : Making frequency-domain data segments
2026-09-06T23:49:11.443+01:00 INFO : Overwhitening frequency-domain data segments
2026-09-06T23:49:11.444+01:00 INFO : Read in template bank
2026-09-06T23:49:11.474+01:00 INFO : Full template bank size: 96
2026-09-06T23:49:11.474+01:00 INFO : Template bank size after thinning: 96
2026-09-06T23:49:11.474+01:00 INFO : 0: generating IMRPhenomD from 30.0 Hz
2026-09-06T23:49:11.476+01:00 INFO : Decompressing waveform using inline_linear
2026-09-06T23:49:11.659+01:00 INFO : Filtering template 1/96 segment 1/5
2026-09-06T23:49:12.182+01:00 INFO : 1 points above threshold
2026-09-06T23:49:12.204+01:00 INFO : Filtering template 1/96 segment 2/5
2026-09-06T23:49:12.205+01:00 INFO : Filtering template 1/96 segment 3/5
2026-09-06T23:49:12.206+01:00 INFO : 1 points above threshold
2026-09-06T23:49:12.209+01:00 INFO : Filtering template 1/96 segment 4/5
2026-09-06T23:49:12.210+01:00 INFO : Filtering template 1/96 segment 5/5
2026-09-06T23:49:12.210+01:00 INFO : 1 points above threshold
2026-09-06T23:49:12.215+01:00 INFO : 1: generating IMRPhenomD from 30.0 Hz
2026-09-06T23:49:12.216+01:00 INFO : Decompressing waveform using inline_linear
2026-09-06T23:49:12.219+01:00 INFO : Filtering template 2/96 segment 1/5
2026-09-06T23:49:12.220+01:00 INFO : 1 points above threshold
2026-09-06T23:49:12.224+01:00 INFO : Filtering template 2/96 segment 2/5
2026-09-06T23:49:12.225+01:00 INFO : 1 points above threshold
2026-09-06T23:49:12.228+01:00 INFO : Filtering template 2/96 segment 3/5
2026-09-06T23:49:12.229+01:00 INFO : 2 points above threshold
2026-09-06T23:49:12.238+01:00 INFO : Filtering template 2/96 segment 4/5
2026-09-06T23:49:12.239+01:00 INFO : Filtering template 2/96 segment 5/5
2026-09-06T23:49:12.240+01:00 INFO : 1 points above threshold
2026-09-06T23:49:12.244+01:00 INFO : 2: generating IMRPhenomD from 30.0 Hz
2026-09-06T23:49:12.246+01:00 INFO : Decompressing waveform using inline_linear
2026-09-06T23:49:12.248+01:00 INFO : Filtering template 3/96 segment 1/5
2026-09-06T23:49:12.249+01:00 INFO : 3 points above threshold
2026-09-06T23:49:12.255+01:00 INFO : Filtering template 3/96 segment 2/5
2026-09-06T23:49:12.255+01:00 INFO : Filtering template 3/96 segment 3/5
2026-09-06T23:49:12.256+01:00 INFO : 1 points above threshold
2026-09-06T23:49:12.259+01:00 INFO : Filtering template 3/96 segment 4/5
2026-09-06T23:49:12.260+01:00 INFO : 1 points above threshold
2026-09-06T23:49:12.263+01:00 INFO : Filtering template 3/96 segment 5/5
2026-09-06T23:49:12.264+01:00 INFO : 3: generating IMRPhenomD from 30.0 Hz
2026-09-06T23:49:12.266+01:00 INFO : Decompressing waveform using inline_linear
2026-09-06T23:49:12.268+01:00 INFO : Filtering template 4/96 segment 1/5
2026-09-06T23:49:12.269+01:00 INFO : 1 points above threshold
2026-09-06T23:49:12.274+01:00 INFO : Filtering template 4/96 segment 2/5
2026-09-06T23:49:12.274+01:00 INFO : 1 points above threshold
2026-09-06T23:49:12.278+01:00 INFO : Filtering template 4/96 segment 3/5
2026-09-06T23:49:12.278+01:00 INFO : 2 points above threshold
2026-09-06T23:49:12.283+01:00 INFO : Filtering template 4/96 segment 4/5
2026-09-06T23:49:12.283+01:00 INFO : 2 points above threshold
2026-09-06T23:49:12.288+01:00 INFO : Filtering template 4/96 segment 5/5
2026-09-06T23:49:12.288+01:00 INFO : 2 points above threshold
2026-09-06T23:49:12.293+01:00 INFO : 4: generating IMRPhenomD from 30.0 Hz
2026-09-06T23:49:12.295+01:00 INFO : Decompressing waveform using inline_linear
2026-09-06T23:49:12.297+01:00 INFO : Filtering template 5/96 segment 1/5
2026-09-06T23:49:12.298+01:00 INFO : 1 points above threshold
2026-09-06T23:49:12.303+01:00 INFO : Filtering template 5/96 segment 2/5
2026-09-06T23:49:12.303+01:00 INFO : 2 points above threshold
2026-09-06T23:49:12.307+01:00 INFO : Filtering template 5/96 segment 3/5
2026-09-06T23:49:12.308+01:00 INFO : 2 points above threshold
2026-09-06T23:49:12.312+01:00 INFO : Filtering template 5/96 segment 4/5
2026-09-06T23:49:12.313+01:00 INFO : 2 points above threshold
2026-09-06T23:49:12.317+01:00 INFO : Filtering template 5/96 segment 5/5
2026-09-06T23:49:12.318+01:00 INFO : 5: generating IMRPhenomD from 30.0 Hz
2026-09-06T23:49:12.320+01:00 INFO : Decompressing waveform using inline_linear
2026-09-06T23:49:12.322+01:00 INFO : Filtering template 6/96 segment 1/5
2026-09-06T23:49:12.323+01:00 INFO : 1 points above threshold
2026-09-06T23:49:12.328+01:00 INFO : Filtering template 6/96 segment 2/5
2026-09-06T23:49:12.328+01:00 INFO : Filtering template 6/96 segment 3/5
2026-09-06T23:49:12.329+01:00 INFO : Filtering template 6/96 segment 4/5
2026-09-06T23:49:12.330+01:00 INFO : Filtering template 6/96 segment 5/5
2026-09-06T23:49:12.330+01:00 INFO : 1 points above threshold
2026-09-06T23:49:12.334+01:00 INFO : 6: generating IMRPhenomD from 30.0 Hz
2026-09-06T23:49:12.336+01:00 INFO : Decompressing waveform using inline_linear
2026-09-06T23:49:12.338+01:00 INFO : Filtering template 7/96 segment 1/5
2026-09-06T23:49:12.339+01:00 INFO : 2 points above threshold
2026-09-06T23:49:12.344+01:00 INFO : Filtering template 7/96 segment 2/5
2026-09-06T23:49:12.345+01:00 INFO : Filtering template 7/96 segment 3/5
2026-09-06T23:49:12.346+01:00 INFO : Filtering template 7/96 segment 4/5
2026-09-06T23:49:12.346+01:00 INFO : 1 points above threshold
2026-09-06T23:49:12.350+01:00 INFO : Filtering template 7/96 segment 5/5
2026-09-06T23:49:12.351+01:00 INFO : 7: generating IMRPhenomD from 30.0 Hz
2026-09-06T23:49:12.352+01:00 INFO : Decompressing waveform using inline_linear
2026-09-06T23:49:12.354+01:00 INFO : Filtering template 8/96 segment 1/5
2026-09-06T23:49:12.356+01:00 INFO : 2 points above threshold
2026-09-06T23:49:12.361+01:00 INFO : Filtering template 8/96 segment 2/5
2026-09-06T23:49:12.362+01:00 INFO : 1 points above threshold
2026-09-06T23:49:12.365+01:00 INFO : Filtering template 8/96 segment 3/5
2026-09-06T23:49:12.366+01:00 INFO : 4 points above threshold
2026-09-06T23:49:12.370+01:00 INFO : Filtering template 8/96 segment 4/5
2026-09-06T23:49:12.371+01:00 INFO : Filtering template 8/96 segment 5/5
2026-09-06T23:49:12.372+01:00 INFO : 8: generating IMRPhenomD from 30.0 Hz
2026-09-06T23:49:12.373+01:00 INFO : Decompressing waveform using inline_linear
2026-09-06T23:49:12.376+01:00 INFO : Filtering template 9/96 segment 1/5
2026-09-06T23:49:12.377+01:00 INFO : Filtering template 9/96 segment 2/5
2026-09-06T23:49:12.377+01:00 INFO : 1 points above threshold
2026-09-06T23:49:12.382+01:00 INFO : Filtering template 9/96 segment 3/5
2026-09-06T23:49:12.382+01:00 INFO : 2 points above threshold
2026-09-06T23:49:12.387+01:00 INFO : Filtering template 9/96 segment 4/5
2026-09-06T23:49:12.387+01:00 INFO : 1 points above threshold
2026-09-06T23:49:12.391+01:00 INFO : Filtering template 9/96 segment 5/5
2026-09-06T23:49:12.391+01:00 INFO : 3 points above threshold
2026-09-06T23:49:12.397+01:00 INFO : 9: generating IMRPhenomD from 30.0 Hz
2026-09-06T23:49:12.398+01:00 INFO : Decompressing waveform using inline_linear
2026-09-06T23:49:12.400+01:00 INFO : Filtering template 10/96 segment 1/5
2026-09-06T23:49:12.401+01:00 INFO : 1 points above threshold
2026-09-06T23:49:12.406+01:00 INFO : Filtering template 10/96 segment 2/5
2026-09-06T23:49:12.406+01:00 INFO : 1 points above threshold
2026-09-06T23:49:12.410+01:00 INFO : Filtering template 10/96 segment 3/5
2026-09-06T23:49:12.410+01:00 INFO : Filtering template 10/96 segment 4/5
2026-09-06T23:49:12.411+01:00 INFO : 2 points above threshold
2026-09-06T23:49:12.415+01:00 INFO : Filtering template 10/96 segment 5/5
2026-09-06T23:49:12.416+01:00 INFO : 1 points above threshold
2026-09-06T23:49:12.420+01:00 INFO : 10: generating IMRPhenomD from 30.0 Hz
2026-09-06T23:49:12.422+01:00 INFO : Decompressing waveform using inline_linear
2026-09-06T23:49:12.424+01:00 INFO : Filtering template 11/96 segment 1/5
2026-09-06T23:49:12.425+01:00 INFO : 4 points above threshold
2026-09-06T23:49:12.430+01:00 INFO : Filtering template 11/96 segment 2/5
2026-09-06T23:49:12.431+01:00 INFO : 2 points above threshold
2026-09-06T23:49:12.435+01:00 INFO : Filtering template 11/96 segment 3/5
2026-09-06T23:49:12.436+01:00 INFO : 1 points above threshold
2026-09-06T23:49:12.439+01:00 INFO : Filtering template 11/96 segment 4/5
2026-09-06T23:49:12.440+01:00 INFO : Filtering template 11/96 segment 5/5
2026-09-06T23:49:12.441+01:00 INFO : 11: generating IMRPhenomD from 30.0 Hz
2026-09-06T23:49:12.443+01:00 INFO : Decompressing waveform using inline_linear
2026-09-06T23:49:12.445+01:00 INFO : Filtering template 12/96 segment 1/5
2026-09-06T23:49:12.446+01:00 INFO : 1 points above threshold
2026-09-06T23:49:12.450+01:00 INFO : Filtering template 12/96 segment 2/5
2026-09-06T23:49:12.451+01:00 INFO : 1 points above threshold
2026-09-06T23:49:12.454+01:00 INFO : Filtering template 12/96 segment 3/5
2026-09-06T23:49:12.455+01:00 INFO : 1 points above threshold
2026-09-06T23:49:12.458+01:00 INFO : Filtering template 12/96 segment 4/5
2026-09-06T23:49:12.459+01:00 INFO : 3 points above threshold
2026-09-06T23:49:12.463+01:00 INFO : Filtering template 12/96 segment 5/5
2026-09-06T23:49:12.465+01:00 INFO : 12: generating IMRPhenomD from 30.0 Hz
2026-09-06T23:49:12.466+01:00 INFO : Decompressing waveform using inline_linear
2026-09-06T23:49:12.468+01:00 INFO : Filtering template 13/96 segment 1/5
2026-09-06T23:49:12.470+01:00 INFO : Filtering template 13/96 segment 2/5
2026-09-06T23:49:12.470+01:00 INFO : 4 points above threshold
2026-09-06T23:49:12.475+01:00 INFO : Filtering template 13/96 segment 3/5
2026-09-06T23:49:12.476+01:00 INFO : Filtering template 13/96 segment 4/5
2026-09-06T23:49:12.477+01:00 INFO : Filtering template 13/96 segment 5/5
2026-09-06T23:49:12.477+01:00 INFO : 1 points above threshold
2026-09-06T23:49:12.481+01:00 INFO : 13: generating IMRPhenomD from 30.0 Hz
2026-09-06T23:49:12.483+01:00 INFO : Decompressing waveform using inline_linear
2026-09-06T23:49:12.485+01:00 INFO : Filtering template 14/96 segment 1/5
2026-09-06T23:49:12.486+01:00 INFO : 1 points above threshold
2026-09-06T23:49:12.490+01:00 INFO : Filtering template 14/96 segment 2/5
2026-09-06T23:49:12.491+01:00 INFO : 2 points above threshold
2026-09-06T23:49:12.495+01:00 INFO : Filtering template 14/96 segment 3/5
2026-09-06T23:49:12.495+01:00 INFO : 3 points above threshold
2026-09-06T23:49:12.499+01:00 INFO : Filtering template 14/96 segment 4/5
2026-09-06T23:49:12.500+01:00 INFO : 2 points above threshold
2026-09-06T23:49:12.504+01:00 INFO : Filtering template 14/96 segment 5/5
2026-09-06T23:49:12.505+01:00 INFO : 14: generating IMRPhenomD from 30.0 Hz
2026-09-06T23:49:12.507+01:00 INFO : Decompressing waveform using inline_linear
2026-09-06T23:49:12.509+01:00 INFO : Filtering template 15/96 segment 1/5
2026-09-06T23:49:12.510+01:00 INFO : 1 points above threshold
2026-09-06T23:49:12.515+01:00 INFO : Filtering template 15/96 segment 2/5
2026-09-06T23:49:12.515+01:00 INFO : Filtering template 15/96 segment 3/5
2026-09-06T23:49:12.516+01:00 INFO : 1 points above threshold
2026-09-06T23:49:12.519+01:00 INFO : Filtering template 15/96 segment 4/5
2026-09-06T23:49:12.520+01:00 INFO : 1 points above threshold
2026-09-06T23:49:12.523+01:00 INFO : Filtering template 15/96 segment 5/5
2026-09-06T23:49:12.524+01:00 INFO : 3 points above threshold
2026-09-06T23:49:12.529+01:00 INFO : 15: generating IMRPhenomD from 30.0 Hz
2026-09-06T23:49:12.530+01:00 INFO : Decompressing waveform using inline_linear
2026-09-06T23:49:12.532+01:00 INFO : Filtering template 16/96 segment 1/5
2026-09-06T23:49:12.534+01:00 INFO : 1 points above threshold
2026-09-06T23:49:12.538+01:00 INFO : Filtering template 16/96 segment 2/5
2026-09-06T23:49:12.539+01:00 INFO : 2 points above threshold
2026-09-06T23:49:12.543+01:00 INFO : Filtering template 16/96 segment 3/5
2026-09-06T23:49:12.543+01:00 INFO : 3 points above threshold
2026-09-06T23:49:12.547+01:00 INFO : Filtering template 16/96 segment 4/5
2026-09-06T23:49:12.548+01:00 INFO : 2 points above threshold
2026-09-06T23:49:12.552+01:00 INFO : Filtering template 16/96 segment 5/5
2026-09-06T23:49:12.553+01:00 INFO : 16: generating IMRPhenomD from 30.0 Hz
2026-09-06T23:49:12.555+01:00 INFO : Decompressing waveform using inline_linear
2026-09-06T23:49:12.557+01:00 INFO : Filtering template 17/96 segment 1/5
2026-09-06T23:49:12.558+01:00 INFO : 2 points above threshold
2026-09-06T23:49:12.563+01:00 INFO : Filtering template 17/96 segment 2/5
2026-09-06T23:49:12.564+01:00 INFO : 3 points above threshold
2026-09-06T23:49:12.567+01:00 INFO : Filtering template 17/96 segment 3/5
2026-09-06T23:49:12.568+01:00 INFO : Filtering template 17/96 segment 4/5
2026-09-06T23:49:12.569+01:00 INFO : 2 points above threshold
2026-09-06T23:49:12.572+01:00 INFO : Filtering template 17/96 segment 5/5
2026-09-06T23:49:12.573+01:00 INFO : 3 points above threshold
2026-09-06T23:49:12.577+01:00 INFO : 17: generating IMRPhenomD from 30.0 Hz
2026-09-06T23:49:12.579+01:00 INFO : Decompressing waveform using inline_linear
2026-09-06T23:49:12.581+01:00 INFO : Filtering template 18/96 segment 1/5
2026-09-06T23:49:12.582+01:00 INFO : Filtering template 18/96 segment 2/5
2026-09-06T23:49:12.583+01:00 INFO : Filtering template 18/96 segment 3/5
2026-09-06T23:49:12.583+01:00 INFO : 1 points above threshold
2026-09-06T23:49:12.588+01:00 INFO : Filtering template 18/96 segment 4/5
2026-09-06T23:49:12.588+01:00 INFO : Filtering template 18/96 segment 5/5
2026-09-06T23:49:12.589+01:00 INFO : 2 points above threshold
2026-09-06T23:49:12.594+01:00 INFO : 18: generating IMRPhenomD from 30.0 Hz
2026-09-06T23:49:12.595+01:00 INFO : Decompressing waveform using inline_linear
2026-09-06T23:49:12.597+01:00 INFO : Filtering template 19/96 segment 1/5
2026-09-06T23:49:12.598+01:00 INFO : 3 points above threshold
2026-09-06T23:49:12.603+01:00 INFO : Filtering template 19/96 segment 2/5
2026-09-06T23:49:12.604+01:00 INFO : 1 points above threshold
2026-09-06T23:49:12.607+01:00 INFO : Filtering template 19/96 segment 3/5
2026-09-06T23:49:12.608+01:00 INFO : 1 points above threshold
2026-09-06T23:49:12.611+01:00 INFO : Filtering template 19/96 segment 4/5
2026-09-06T23:49:12.612+01:00 INFO : 3 points above threshold
2026-09-06T23:49:12.616+01:00 INFO : Filtering template 19/96 segment 5/5
2026-09-06T23:49:12.616+01:00 INFO : 1 points above threshold
2026-09-06T23:49:12.620+01:00 INFO : 19: generating IMRPhenomD from 30.0 Hz
2026-09-06T23:49:12.622+01:00 INFO : Decompressing waveform using inline_linear
2026-09-06T23:49:12.624+01:00 INFO : Filtering template 20/96 segment 1/5
2026-09-06T23:49:12.625+01:00 INFO : 1 points above threshold
2026-09-06T23:49:12.630+01:00 INFO : Filtering template 20/96 segment 2/5
2026-09-06T23:49:12.630+01:00 INFO : 3 points above threshold
2026-09-06T23:49:12.634+01:00 INFO : Filtering template 20/96 segment 3/5
2026-09-06T23:49:12.635+01:00 INFO : Filtering template 20/96 segment 4/5
2026-09-06T23:49:12.636+01:00 INFO : 2 points above threshold
2026-09-06T23:49:12.640+01:00 INFO : Filtering template 20/96 segment 5/5
2026-09-06T23:49:12.641+01:00 INFO : 20: generating IMRPhenomD from 30.0 Hz
2026-09-06T23:49:12.643+01:00 INFO : Decompressing waveform using inline_linear
2026-09-06T23:49:12.645+01:00 INFO : Filtering template 21/96 segment 1/5
2026-09-06T23:49:12.646+01:00 INFO : 1 points above threshold
2026-09-06T23:49:12.650+01:00 INFO : Filtering template 21/96 segment 2/5
2026-09-06T23:49:12.651+01:00 INFO : 1 points above threshold
2026-09-06T23:49:12.654+01:00 INFO : Filtering template 21/96 segment 3/5
2026-09-06T23:49:12.655+01:00 INFO : 1 points above threshold
2026-09-06T23:49:12.658+01:00 INFO : Filtering template 21/96 segment 4/5
2026-09-06T23:49:12.659+01:00 INFO : Filtering template 21/96 segment 5/5
2026-09-06T23:49:12.660+01:00 INFO : 21: generating IMRPhenomD from 30.0 Hz
2026-09-06T23:49:12.662+01:00 INFO : Decompressing waveform using inline_linear
2026-09-06T23:49:12.664+01:00 INFO : Filtering template 22/96 segment 1/5
2026-09-06T23:49:12.665+01:00 INFO : 5 points above threshold
2026-09-06T23:49:12.670+01:00 INFO : Filtering template 22/96 segment 2/5
2026-09-06T23:49:12.671+01:00 INFO : Filtering template 22/96 segment 3/5
2026-09-06T23:49:12.671+01:00 INFO : Filtering template 22/96 segment 4/5
2026-09-06T23:49:12.672+01:00 INFO : 1 points above threshold
2026-09-06T23:49:12.675+01:00 INFO : Filtering template 22/96 segment 5/5
2026-09-06T23:49:12.676+01:00 INFO : 1 points above threshold
2026-09-06T23:49:12.680+01:00 INFO : 22: generating IMRPhenomD from 30.0 Hz
2026-09-06T23:49:12.682+01:00 INFO : Decompressing waveform using inline_linear
2026-09-06T23:49:12.684+01:00 INFO : Filtering template 23/96 segment 1/5
2026-09-06T23:49:12.685+01:00 INFO : 2 points above threshold
2026-09-06T23:49:12.690+01:00 INFO : Filtering template 23/96 segment 2/5
2026-09-06T23:49:12.690+01:00 INFO : 1 points above threshold
2026-09-06T23:49:12.694+01:00 INFO : Filtering template 23/96 segment 3/5
2026-09-06T23:49:12.694+01:00 INFO : 1 points above threshold
2026-09-06T23:49:12.698+01:00 INFO : Filtering template 23/96 segment 4/5
2026-09-06T23:49:12.698+01:00 INFO : Filtering template 23/96 segment 5/5
2026-09-06T23:49:12.700+01:00 INFO : 23: generating IMRPhenomD from 30.0 Hz
2026-09-06T23:49:12.701+01:00 INFO : Decompressing waveform using inline_linear
2026-09-06T23:49:12.703+01:00 INFO : Filtering template 24/96 segment 1/5
2026-09-06T23:49:12.704+01:00 INFO : 1 points above threshold
2026-09-06T23:49:12.709+01:00 INFO : Filtering template 24/96 segment 2/5
2026-09-06T23:49:12.709+01:00 INFO : 2 points above threshold
2026-09-06T23:49:12.714+01:00 INFO : Filtering template 24/96 segment 3/5
2026-09-06T23:49:12.714+01:00 INFO : 1 points above threshold
2026-09-06T23:49:12.718+01:00 INFO : Filtering template 24/96 segment 4/5
2026-09-06T23:49:12.718+01:00 INFO : Filtering template 24/96 segment 5/5
2026-09-06T23:49:12.719+01:00 INFO : 2 points above threshold
2026-09-06T23:49:12.724+01:00 INFO : 24: generating IMRPhenomD from 30.0 Hz
2026-09-06T23:49:12.726+01:00 INFO : Decompressing waveform using inline_linear
2026-09-06T23:49:12.728+01:00 INFO : Filtering template 25/96 segment 1/5
2026-09-06T23:49:12.729+01:00 INFO : 2 points above threshold
2026-09-06T23:49:12.734+01:00 INFO : Filtering template 25/96 segment 2/5
2026-09-06T23:49:12.735+01:00 INFO : Filtering template 25/96 segment 3/5
2026-09-06T23:49:12.735+01:00 INFO : Filtering template 25/96 segment 4/5
2026-09-06T23:49:12.736+01:00 INFO : Filtering template 25/96 segment 5/5
2026-09-06T23:49:12.737+01:00 INFO : 25: generating IMRPhenomD from 30.0 Hz
2026-09-06T23:49:12.738+01:00 INFO : Decompressing waveform using inline_linear
2026-09-06T23:49:12.740+01:00 INFO : Filtering template 26/96 segment 1/5
2026-09-06T23:49:12.742+01:00 INFO : Filtering template 26/96 segment 2/5
2026-09-06T23:49:12.742+01:00 INFO : 2 points above threshold
2026-09-06T23:49:12.747+01:00 INFO : Filtering template 26/96 segment 3/5
2026-09-06T23:49:12.748+01:00 INFO : Filtering template 26/96 segment 4/5
2026-09-06T23:49:12.749+01:00 INFO : 2 points above threshold
2026-09-06T23:49:12.753+01:00 INFO : Filtering template 26/96 segment 5/5
2026-09-06T23:49:12.753+01:00 INFO : 2 points above threshold
2026-09-06T23:49:12.758+01:00 INFO : 26: generating IMRPhenomD from 30.0 Hz
2026-09-06T23:49:12.760+01:00 INFO : Decompressing waveform using inline_linear
2026-09-06T23:49:12.762+01:00 INFO : Filtering template 27/96 segment 1/5
2026-09-06T23:49:12.763+01:00 INFO : 3 points above threshold
2026-09-06T23:49:12.768+01:00 INFO : Filtering template 27/96 segment 2/5
2026-09-06T23:49:12.769+01:00 INFO : Filtering template 27/96 segment 3/5
2026-09-06T23:49:12.769+01:00 INFO : 1 points above threshold
2026-09-06T23:49:12.772+01:00 INFO : Filtering template 27/96 segment 4/5
2026-09-06T23:49:12.773+01:00 INFO : Filtering template 27/96 segment 5/5
2026-09-06T23:49:12.774+01:00 INFO : 27: generating IMRPhenomD from 30.0 Hz
2026-09-06T23:49:12.776+01:00 INFO : Decompressing waveform using inline_linear
2026-09-06T23:49:12.778+01:00 INFO : Filtering template 28/96 segment 1/5
2026-09-06T23:49:12.779+01:00 INFO : 3 points above threshold
2026-09-06T23:49:12.784+01:00 INFO : Filtering template 28/96 segment 2/5
2026-09-06T23:49:12.785+01:00 INFO : 1 points above threshold
2026-09-06T23:49:12.788+01:00 INFO : Filtering template 28/96 segment 3/5
2026-09-06T23:49:12.789+01:00 INFO : 2 points above threshold
2026-09-06T23:49:12.793+01:00 INFO : Filtering template 28/96 segment 4/5
2026-09-06T23:49:12.794+01:00 INFO : 1 points above threshold
2026-09-06T23:49:12.797+01:00 INFO : Filtering template 28/96 segment 5/5
2026-09-06T23:49:12.799+01:00 INFO : 28: generating IMRPhenomD from 30.0 Hz
2026-09-06T23:49:12.800+01:00 INFO : Decompressing waveform using inline_linear
2026-09-06T23:49:12.802+01:00 INFO : Filtering template 29/96 segment 1/5
2026-09-06T23:49:12.804+01:00 INFO : 2 points above threshold
2026-09-06T23:49:12.809+01:00 INFO : Filtering template 29/96 segment 2/5
2026-09-06T23:49:12.810+01:00 INFO : 2 points above threshold
2026-09-06T23:49:12.814+01:00 INFO : Filtering template 29/96 segment 3/5
2026-09-06T23:49:12.815+01:00 INFO : 1 points above threshold
2026-09-06T23:49:12.818+01:00 INFO : Filtering template 29/96 segment 4/5
2026-09-06T23:49:12.819+01:00 INFO : 2 points above threshold
2026-09-06T23:49:12.823+01:00 INFO : Filtering template 29/96 segment 5/5
2026-09-06T23:49:12.824+01:00 INFO : 2 points above threshold
2026-09-06T23:49:12.829+01:00 INFO : 29: generating IMRPhenomD from 30.0 Hz
2026-09-06T23:49:12.831+01:00 INFO : Decompressing waveform using inline_linear
2026-09-06T23:49:12.833+01:00 INFO : Filtering template 30/96 segment 1/5
2026-09-06T23:49:12.834+01:00 INFO : 1 points above threshold
2026-09-06T23:49:12.838+01:00 INFO : Filtering template 30/96 segment 2/5
2026-09-06T23:49:12.839+01:00 INFO : 1 points above threshold
2026-09-06T23:49:12.842+01:00 INFO : Filtering template 30/96 segment 3/5
2026-09-06T23:49:12.843+01:00 INFO : 1 points above threshold
2026-09-06T23:49:12.846+01:00 INFO : Filtering template 30/96 segment 4/5
2026-09-06T23:49:12.847+01:00 INFO : Filtering template 30/96 segment 5/5
2026-09-06T23:49:12.848+01:00 INFO : 30: generating IMRPhenomD from 30.0 Hz
2026-09-06T23:49:12.850+01:00 INFO : Decompressing waveform using inline_linear
2026-09-06T23:49:12.852+01:00 INFO : Filtering template 31/96 segment 1/5
2026-09-06T23:49:12.853+01:00 INFO : Filtering template 31/96 segment 2/5
2026-09-06T23:49:12.854+01:00 INFO : 1 points above threshold
2026-09-06T23:49:12.858+01:00 INFO : Filtering template 31/96 segment 3/5
2026-09-06T23:49:12.859+01:00 INFO : Filtering template 31/96 segment 4/5
2026-09-06T23:49:12.859+01:00 INFO : 1 points above threshold
2026-09-06T23:49:12.863+01:00 INFO : Filtering template 31/96 segment 5/5
2026-09-06T23:49:12.863+01:00 INFO : 1 points above threshold
2026-09-06T23:49:12.867+01:00 INFO : 31: generating IMRPhenomD from 30.0 Hz
2026-09-06T23:49:12.869+01:00 INFO : Decompressing waveform using inline_linear
2026-09-06T23:49:12.871+01:00 INFO : Filtering template 32/96 segment 1/5
2026-09-06T23:49:12.872+01:00 INFO : Filtering template 32/96 segment 2/5
2026-09-06T23:49:12.873+01:00 INFO : Filtering template 32/96 segment 3/5
2026-09-06T23:49:12.873+01:00 INFO : Filtering template 32/96 segment 4/5
2026-09-06T23:49:12.874+01:00 INFO : 3 points above threshold
2026-09-06T23:49:12.879+01:00 INFO : Filtering template 32/96 segment 5/5
2026-09-06T23:49:12.880+01:00 INFO : 2 points above threshold
2026-09-06T23:49:12.884+01:00 INFO : 32: generating IMRPhenomD from 30.0 Hz
2026-09-06T23:49:12.886+01:00 INFO : Decompressing waveform using inline_linear
2026-09-06T23:49:12.888+01:00 INFO : Filtering template 33/96 segment 1/5
2026-09-06T23:49:12.889+01:00 INFO : 2 points above threshold
2026-09-06T23:49:12.894+01:00 INFO : Filtering template 33/96 segment 2/5
2026-09-06T23:49:12.895+01:00 INFO : Filtering template 33/96 segment 3/5
2026-09-06T23:49:12.895+01:00 INFO : Filtering template 33/96 segment 4/5
2026-09-06T23:49:12.896+01:00 INFO : 1 points above threshold
2026-09-06T23:49:12.899+01:00 INFO : Filtering template 33/96 segment 5/5
2026-09-06T23:49:12.901+01:00 INFO : 33: generating IMRPhenomD from 30.0 Hz
2026-09-06T23:49:12.902+01:00 INFO : Decompressing waveform using inline_linear
2026-09-06T23:49:12.904+01:00 INFO : Filtering template 34/96 segment 1/5
2026-09-06T23:49:12.905+01:00 INFO : Filtering template 34/96 segment 2/5
2026-09-06T23:49:12.906+01:00 INFO : 1 points above threshold
2026-09-06T23:49:12.910+01:00 INFO : Filtering template 34/96 segment 3/5
2026-09-06T23:49:12.911+01:00 INFO : 1 points above threshold
2026-09-06T23:49:12.914+01:00 INFO : Filtering template 34/96 segment 4/5
2026-09-06T23:49:12.915+01:00 INFO : Filtering template 34/96 segment 5/5
2026-09-06T23:49:12.915+01:00 INFO : 1 points above threshold
2026-09-06T23:49:12.919+01:00 INFO : 34: generating IMRPhenomD from 30.0 Hz
2026-09-06T23:49:12.921+01:00 INFO : Decompressing waveform using inline_linear
2026-09-06T23:49:12.923+01:00 INFO : Filtering template 35/96 segment 1/5
2026-09-06T23:49:12.924+01:00 INFO : 1 points above threshold
2026-09-06T23:49:12.929+01:00 INFO : Filtering template 35/96 segment 2/5
2026-09-06T23:49:12.929+01:00 INFO : 1 points above threshold
2026-09-06T23:49:12.932+01:00 INFO : Filtering template 35/96 segment 3/5
2026-09-06T23:49:12.933+01:00 INFO : 1 points above threshold
2026-09-06T23:49:12.936+01:00 INFO : Filtering template 35/96 segment 4/5
2026-09-06T23:49:12.937+01:00 INFO : Filtering template 35/96 segment 5/5
2026-09-06T23:49:12.938+01:00 INFO : 35: generating IMRPhenomD from 30.0 Hz
2026-09-06T23:49:12.940+01:00 INFO : Decompressing waveform using inline_linear
2026-09-06T23:49:12.942+01:00 INFO : Filtering template 36/96 segment 1/5
2026-09-06T23:49:12.943+01:00 INFO : 3 points above threshold
2026-09-06T23:49:12.948+01:00 INFO : Filtering template 36/96 segment 2/5
2026-09-06T23:49:12.949+01:00 INFO : 1 points above threshold
2026-09-06T23:49:12.952+01:00 INFO : Filtering template 36/96 segment 3/5
2026-09-06T23:49:12.953+01:00 INFO : 2 points above threshold
2026-09-06T23:49:12.956+01:00 INFO : Filtering template 36/96 segment 4/5
2026-09-06T23:49:12.957+01:00 INFO : Filtering template 36/96 segment 5/5
2026-09-06T23:49:12.958+01:00 INFO : 1 points above threshold
2026-09-06T23:49:12.962+01:00 INFO : 36: generating IMRPhenomD from 30.0 Hz
2026-09-06T23:49:12.963+01:00 INFO : Decompressing waveform using inline_linear
2026-09-06T23:49:12.965+01:00 INFO : Filtering template 37/96 segment 1/5
2026-09-06T23:49:12.967+01:00 INFO : 2 points above threshold
2026-09-06T23:49:12.972+01:00 INFO : Filtering template 37/96 segment 2/5
2026-09-06T23:49:12.973+01:00 INFO : 3 points above threshold
2026-09-06T23:49:12.977+01:00 INFO : Filtering template 37/96 segment 3/5
2026-09-06T23:49:12.978+01:00 INFO : 1 points above threshold
2026-09-06T23:49:12.981+01:00 INFO : Filtering template 37/96 segment 4/5
2026-09-06T23:49:12.982+01:00 INFO : 3 points above threshold
2026-09-06T23:49:12.986+01:00 INFO : Filtering template 37/96 segment 5/5
2026-09-06T23:49:12.987+01:00 INFO : 37: generating IMRPhenomD from 30.0 Hz
2026-09-06T23:49:12.989+01:00 INFO : Decompressing waveform using inline_linear
2026-09-06T23:49:12.991+01:00 INFO : Filtering template 38/96 segment 1/5
2026-09-06T23:49:12.992+01:00 INFO : Filtering template 38/96 segment 2/5
2026-09-06T23:49:12.993+01:00 INFO : Filtering template 38/96 segment 3/5
2026-09-06T23:49:12.993+01:00 INFO : 1 points above threshold
2026-09-06T23:49:12.998+01:00 INFO : Filtering template 38/96 segment 4/5
2026-09-06T23:49:12.998+01:00 INFO : 1 points above threshold
2026-09-06T23:49:13.002+01:00 INFO : Filtering template 38/96 segment 5/5
2026-09-06T23:49:13.002+01:00 INFO : 1 points above threshold
2026-09-06T23:49:13.006+01:00 INFO : 38: generating IMRPhenomD from 30.0 Hz
2026-09-06T23:49:13.008+01:00 INFO : Decompressing waveform using inline_linear
2026-09-06T23:49:13.010+01:00 INFO : Filtering template 39/96 segment 1/5
2026-09-06T23:49:13.011+01:00 INFO : Filtering template 39/96 segment 2/5
2026-09-06T23:49:13.012+01:00 INFO : 2 points above threshold
2026-09-06T23:49:13.017+01:00 INFO : Filtering template 39/96 segment 3/5
2026-09-06T23:49:13.018+01:00 INFO : Filtering template 39/96 segment 4/5
2026-09-06T23:49:13.018+01:00 INFO : 2 points above threshold
2026-09-06T23:49:13.023+01:00 INFO : Filtering template 39/96 segment 5/5
2026-09-06T23:49:13.024+01:00 INFO : 39: generating IMRPhenomD from 30.0 Hz
2026-09-06T23:49:13.026+01:00 INFO : Decompressing waveform using inline_linear
2026-09-06T23:49:13.028+01:00 INFO : Filtering template 40/96 segment 1/5
2026-09-06T23:49:13.029+01:00 INFO : Filtering template 40/96 segment 2/5
2026-09-06T23:49:13.029+01:00 INFO : Filtering template 40/96 segment 3/5
2026-09-06T23:49:13.030+01:00 INFO : Filtering template 40/96 segment 4/5
2026-09-06T23:49:13.031+01:00 INFO : 2 points above threshold
2026-09-06T23:49:13.036+01:00 INFO : Filtering template 40/96 segment 5/5
2026-09-06T23:49:13.037+01:00 INFO : 40: generating IMRPhenomD from 30.0 Hz
2026-09-06T23:49:13.039+01:00 INFO : Decompressing waveform using inline_linear
2026-09-06T23:49:13.041+01:00 INFO : Filtering template 41/96 segment 1/5
2026-09-06T23:49:13.042+01:00 INFO : Filtering template 41/96 segment 2/5
2026-09-06T23:49:13.043+01:00 INFO : Filtering template 41/96 segment 3/5
2026-09-06T23:49:13.043+01:00 INFO : 2 points above threshold
2026-09-06T23:49:13.049+01:00 INFO : Filtering template 41/96 segment 4/5
2026-09-06T23:49:13.049+01:00 INFO : 2 points above threshold
2026-09-06T23:49:13.054+01:00 INFO : Filtering template 41/96 segment 5/5
2026-09-06T23:49:13.055+01:00 INFO : 41: generating IMRPhenomD from 30.0 Hz
2026-09-06T23:49:13.056+01:00 INFO : Decompressing waveform using inline_linear
2026-09-06T23:49:13.058+01:00 INFO : Filtering template 42/96 segment 1/5
2026-09-06T23:49:13.060+01:00 INFO : Filtering template 42/96 segment 2/5
2026-09-06T23:49:13.060+01:00 INFO : 1 points above threshold
2026-09-06T23:49:13.064+01:00 INFO : Filtering template 42/96 segment 3/5
2026-09-06T23:49:13.065+01:00 INFO : Filtering template 42/96 segment 4/5
2026-09-06T23:49:13.066+01:00 INFO : 1 points above threshold
2026-09-06T23:49:13.069+01:00 INFO : Filtering template 42/96 segment 5/5
2026-09-06T23:49:13.070+01:00 INFO : 1 points above threshold
2026-09-06T23:49:13.074+01:00 INFO : 42: generating IMRPhenomD from 30.0 Hz
2026-09-06T23:49:13.075+01:00 INFO : Decompressing waveform using inline_linear
2026-09-06T23:49:13.077+01:00 INFO : Filtering template 43/96 segment 1/5
2026-09-06T23:49:13.079+01:00 INFO : 1 points above threshold
2026-09-06T23:49:13.083+01:00 INFO : Filtering template 43/96 segment 2/5
2026-09-06T23:49:13.083+01:00 INFO : 2 points above threshold
2026-09-06T23:49:13.088+01:00 INFO : Filtering template 43/96 segment 3/5
2026-09-06T23:49:13.088+01:00 INFO : 1 points above threshold
2026-09-06T23:49:13.092+01:00 INFO : Filtering template 43/96 segment 4/5
2026-09-06T23:49:13.092+01:00 INFO : Filtering template 43/96 segment 5/5
2026-09-06T23:49:13.093+01:00 INFO : 43: generating IMRPhenomD from 30.0 Hz
2026-09-06T23:49:13.095+01:00 INFO : Decompressing waveform using inline_linear
2026-09-06T23:49:13.097+01:00 INFO : Filtering template 44/96 segment 1/5
2026-09-06T23:49:13.098+01:00 INFO : 1 points above threshold
2026-09-06T23:49:13.103+01:00 INFO : Filtering template 44/96 segment 2/5
2026-09-06T23:49:13.103+01:00 INFO : Filtering template 44/96 segment 3/5
2026-09-06T23:49:13.104+01:00 INFO : Filtering template 44/96 segment 4/5
2026-09-06T23:49:13.105+01:00 INFO : 1 points above threshold
2026-09-06T23:49:13.108+01:00 INFO : Filtering template 44/96 segment 5/5
2026-09-06T23:49:13.109+01:00 INFO : 44: generating IMRPhenomD from 30.0 Hz
2026-09-06T23:49:13.110+01:00 INFO : Decompressing waveform using inline_linear
2026-09-06T23:49:13.113+01:00 INFO : Filtering template 45/96 segment 1/5
2026-09-06T23:49:13.114+01:00 INFO : 2 points above threshold
2026-09-06T23:49:13.119+01:00 INFO : Filtering template 45/96 segment 2/5
2026-09-06T23:49:13.119+01:00 INFO : 1 points above threshold
2026-09-06T23:49:13.123+01:00 INFO : Filtering template 45/96 segment 3/5
2026-09-06T23:49:13.123+01:00 INFO : 1 points above threshold
2026-09-06T23:49:13.127+01:00 INFO : Filtering template 45/96 segment 4/5
2026-09-06T23:49:13.127+01:00 INFO : Filtering template 45/96 segment 5/5
2026-09-06T23:49:13.129+01:00 INFO : 45: generating IMRPhenomD from 30.0 Hz
2026-09-06T23:49:13.130+01:00 INFO : Decompressing waveform using inline_linear
2026-09-06T23:49:13.132+01:00 INFO : Filtering template 46/96 segment 1/5
2026-09-06T23:49:13.133+01:00 INFO : Filtering template 46/96 segment 2/5
2026-09-06T23:49:13.134+01:00 INFO : Filtering template 46/96 segment 3/5
2026-09-06T23:49:13.135+01:00 INFO : 1 points above threshold
2026-09-06T23:49:13.139+01:00 INFO : Filtering template 46/96 segment 4/5
2026-09-06T23:49:13.140+01:00 INFO : 3 points above threshold
2026-09-06T23:49:13.144+01:00 INFO : Filtering template 46/96 segment 5/5
2026-09-06T23:49:13.145+01:00 INFO : 1 points above threshold
2026-09-06T23:49:13.149+01:00 INFO : 46: generating IMRPhenomD from 30.0 Hz
2026-09-06T23:49:13.150+01:00 INFO : Decompressing waveform using inline_linear
2026-09-06T23:49:13.153+01:00 INFO : Filtering template 47/96 segment 1/5
2026-09-06T23:49:13.154+01:00 INFO : 3 points above threshold
2026-09-06T23:49:13.159+01:00 INFO : Filtering template 47/96 segment 2/5
2026-09-06T23:49:13.160+01:00 INFO : Filtering template 47/96 segment 3/5
2026-09-06T23:49:13.160+01:00 INFO : 2 points above threshold
2026-09-06T23:49:13.165+01:00 INFO : Filtering template 47/96 segment 4/5
2026-09-06T23:49:13.166+01:00 INFO : 1 points above threshold
2026-09-06T23:49:13.169+01:00 INFO : Filtering template 47/96 segment 5/5
2026-09-06T23:49:13.169+01:00 INFO : 1 points above threshold
2026-09-06T23:49:13.174+01:00 INFO : 47: generating IMRPhenomD from 30.0 Hz
2026-09-06T23:49:13.175+01:00 INFO : Decompressing waveform using inline_linear
2026-09-06T23:49:13.177+01:00 INFO : Filtering template 48/96 segment 1/5
2026-09-06T23:49:13.178+01:00 INFO : 3 points above threshold
2026-09-06T23:49:13.184+01:00 INFO : Filtering template 48/96 segment 2/5
2026-09-06T23:49:13.185+01:00 INFO : 1 points above threshold
2026-09-06T23:49:13.188+01:00 INFO : Filtering template 48/96 segment 3/5
2026-09-06T23:49:13.188+01:00 INFO : 1 points above threshold
2026-09-06T23:49:13.192+01:00 INFO : Filtering template 48/96 segment 4/5
2026-09-06T23:49:13.192+01:00 INFO : 2 points above threshold
2026-09-06T23:49:13.197+01:00 INFO : Filtering template 48/96 segment 5/5
2026-09-06T23:49:13.197+01:00 INFO : 1 points above threshold
2026-09-06T23:49:13.202+01:00 INFO : 48: generating IMRPhenomD from 30.0 Hz
2026-09-06T23:49:13.203+01:00 INFO : Decompressing waveform using inline_linear
2026-09-06T23:49:13.205+01:00 INFO : Filtering template 49/96 segment 1/5
2026-09-06T23:49:13.207+01:00 INFO : 1 points above threshold
2026-09-06T23:49:13.211+01:00 INFO : Filtering template 49/96 segment 2/5
2026-09-06T23:49:13.212+01:00 INFO : 1 points above threshold
2026-09-06T23:49:13.215+01:00 INFO : Filtering template 49/96 segment 3/5
2026-09-06T23:49:13.215+01:00 INFO : 2 points above threshold
2026-09-06T23:49:13.220+01:00 INFO : Filtering template 49/96 segment 4/5
2026-09-06T23:49:13.221+01:00 INFO : Filtering template 49/96 segment 5/5
2026-09-06T23:49:13.222+01:00 INFO : 49: generating IMRPhenomD from 30.0 Hz
2026-09-06T23:49:13.223+01:00 INFO : Decompressing waveform using inline_linear
2026-09-06T23:49:13.226+01:00 INFO : Filtering template 50/96 segment 1/5
2026-09-06T23:49:13.227+01:00 INFO : Filtering template 50/96 segment 2/5
2026-09-06T23:49:13.227+01:00 INFO : 2 points above threshold
2026-09-06T23:49:13.233+01:00 INFO : Filtering template 50/96 segment 3/5
2026-09-06T23:49:13.233+01:00 INFO : 4 points above threshold
2026-09-06T23:49:13.238+01:00 INFO : Filtering template 50/96 segment 4/5
2026-09-06T23:49:13.238+01:00 INFO : 2 points above threshold
2026-09-06T23:49:13.243+01:00 INFO : Filtering template 50/96 segment 5/5
2026-09-06T23:49:13.244+01:00 INFO : 50: generating IMRPhenomD from 30.0 Hz
2026-09-06T23:49:13.246+01:00 INFO : Decompressing waveform using inline_linear
2026-09-06T23:49:13.248+01:00 INFO : Filtering template 51/96 segment 1/5
2026-09-06T23:49:13.249+01:00 INFO : 1 points above threshold
2026-09-06T23:49:13.253+01:00 INFO : Filtering template 51/96 segment 2/5
2026-09-06T23:49:13.254+01:00 INFO : 1 points above threshold
2026-09-06T23:49:13.257+01:00 INFO : Filtering template 51/96 segment 3/5
2026-09-06T23:49:13.258+01:00 INFO : Filtering template 51/96 segment 4/5
2026-09-06T23:49:13.259+01:00 INFO : 1 points above threshold
2026-09-06T23:49:13.262+01:00 INFO : Filtering template 51/96 segment 5/5
2026-09-06T23:49:13.263+01:00 INFO : 2 points above threshold
2026-09-06T23:49:13.268+01:00 INFO : 51: generating IMRPhenomD from 30.0 Hz
2026-09-06T23:49:13.269+01:00 INFO : Decompressing waveform using inline_linear
2026-09-06T23:49:13.272+01:00 INFO : Filtering template 52/96 segment 1/5
2026-09-06T23:49:13.273+01:00 INFO : 1 points above threshold
2026-09-06T23:49:13.277+01:00 INFO : Filtering template 52/96 segment 2/5
2026-09-06T23:49:13.278+01:00 INFO : 1 points above threshold
2026-09-06T23:49:13.281+01:00 INFO : Filtering template 52/96 segment 3/5
2026-09-06T23:49:13.282+01:00 INFO : Filtering template 52/96 segment 4/5
2026-09-06T23:49:13.282+01:00 INFO : 3 points above threshold
2026-09-06T23:49:13.287+01:00 INFO : Filtering template 52/96 segment 5/5
2026-09-06T23:49:13.287+01:00 INFO : 1 points above threshold
2026-09-06T23:49:13.291+01:00 INFO : 52: generating IMRPhenomD from 30.0 Hz
2026-09-06T23:49:13.293+01:00 INFO : Decompressing waveform using inline_linear
2026-09-06T23:49:13.295+01:00 INFO : Filtering template 53/96 segment 1/5
2026-09-06T23:49:13.296+01:00 INFO : 3 points above threshold
2026-09-06T23:49:13.302+01:00 INFO : Filtering template 53/96 segment 2/5
2026-09-06T23:49:13.302+01:00 INFO : 2 points above threshold
2026-09-06T23:49:13.307+01:00 INFO : Filtering template 53/96 segment 3/5
2026-09-06T23:49:13.307+01:00 INFO : 2 points above threshold
2026-09-06T23:49:13.312+01:00 INFO : Filtering template 53/96 segment 4/5
2026-09-06T23:49:13.312+01:00 INFO : 1 points above threshold
2026-09-06T23:49:13.316+01:00 INFO : Filtering template 53/96 segment 5/5
2026-09-06T23:49:13.316+01:00 INFO : 1 points above threshold
2026-09-06T23:49:13.321+01:00 INFO : 53: generating IMRPhenomD from 30.0 Hz
2026-09-06T23:49:13.322+01:00 INFO : Decompressing waveform using inline_linear
2026-09-06T23:49:13.324+01:00 INFO : Filtering template 54/96 segment 1/5
2026-09-06T23:49:13.326+01:00 INFO : Filtering template 54/96 segment 2/5
2026-09-06T23:49:13.326+01:00 INFO : Filtering template 54/96 segment 3/5
2026-09-06T23:49:13.327+01:00 INFO : 2 points above threshold
2026-09-06T23:49:13.331+01:00 INFO : Filtering template 54/96 segment 4/5
2026-09-06T23:49:13.332+01:00 INFO : 5 points above threshold
2026-09-06T23:49:13.335+01:00 INFO : Filtering template 54/96 segment 5/5
2026-09-06T23:49:13.337+01:00 INFO : 54: generating IMRPhenomD from 30.0 Hz
2026-09-06T23:49:13.338+01:00 INFO : Decompressing waveform using inline_linear
2026-09-06T23:49:13.340+01:00 INFO : Filtering template 55/96 segment 1/5
2026-09-06T23:49:13.342+01:00 INFO : Filtering template 55/96 segment 2/5
2026-09-06T23:49:13.342+01:00 INFO : 1 points above threshold
2026-09-06T23:49:13.346+01:00 INFO : Filtering template 55/96 segment 3/5
2026-09-06T23:49:13.347+01:00 INFO : 3 points above threshold
2026-09-06T23:49:13.351+01:00 INFO : Filtering template 55/96 segment 4/5
2026-09-06T23:49:13.352+01:00 INFO : 1 points above threshold
2026-09-06T23:49:13.355+01:00 INFO : Filtering template 55/96 segment 5/5
2026-09-06T23:49:13.356+01:00 INFO : 1 points above threshold
2026-09-06T23:49:13.360+01:00 INFO : 55: generating IMRPhenomD from 30.0 Hz
2026-09-06T23:49:13.362+01:00 INFO : Decompressing waveform using inline_linear
2026-09-06T23:49:13.364+01:00 INFO : Filtering template 56/96 segment 1/5
2026-09-06T23:49:13.365+01:00 INFO : 1 points above threshold
2026-09-06T23:49:13.370+01:00 INFO : Filtering template 56/96 segment 2/5
2026-09-06T23:49:13.370+01:00 INFO : 1 points above threshold
2026-09-06T23:49:13.374+01:00 INFO : Filtering template 56/96 segment 3/5
2026-09-06T23:49:13.375+01:00 INFO : 3 points above threshold
2026-09-06T23:49:13.379+01:00 INFO : Filtering template 56/96 segment 4/5
2026-09-06T23:49:13.380+01:00 INFO : Filtering template 56/96 segment 5/5
2026-09-06T23:49:13.381+01:00 INFO : 1 points above threshold
2026-09-06T23:49:13.385+01:00 INFO : 56: generating IMRPhenomD from 30.0 Hz
2026-09-06T23:49:13.387+01:00 INFO : Decompressing waveform using inline_linear
2026-09-06T23:49:13.390+01:00 INFO : Filtering template 57/96 segment 1/5
2026-09-06T23:49:13.391+01:00 INFO : 1 points above threshold
2026-09-06T23:49:13.396+01:00 INFO : Filtering template 57/96 segment 2/5
2026-09-06T23:49:13.397+01:00 INFO : 2 points above threshold
2026-09-06T23:49:13.402+01:00 INFO : Filtering template 57/96 segment 3/5
2026-09-06T23:49:13.403+01:00 INFO : 2 points above threshold
2026-09-06T23:49:13.408+01:00 INFO : Filtering template 57/96 segment 4/5
2026-09-06T23:49:13.408+01:00 INFO : 2 points above threshold
2026-09-06T23:49:13.414+01:00 INFO : Filtering template 57/96 segment 5/5
2026-09-06T23:49:13.416+01:00 INFO : 57: generating IMRPhenomD from 30.0 Hz
2026-09-06T23:49:13.418+01:00 INFO : Decompressing waveform using inline_linear
2026-09-06T23:49:13.422+01:00 INFO : Filtering template 58/96 segment 1/5
2026-09-06T23:49:13.423+01:00 INFO : 1 points above threshold
2026-09-06T23:49:13.430+01:00 INFO : Filtering template 58/96 segment 2/5
2026-09-06T23:49:13.431+01:00 INFO : 2 points above threshold
2026-09-06T23:49:13.437+01:00 INFO : Filtering template 58/96 segment 3/5
2026-09-06T23:49:13.438+01:00 INFO : 1 points above threshold
2026-09-06T23:49:13.443+01:00 INFO : Filtering template 58/96 segment 4/5
2026-09-06T23:49:13.444+01:00 INFO : 1 points above threshold
2026-09-06T23:49:13.449+01:00 INFO : Filtering template 58/96 segment 5/5
2026-09-06T23:49:13.450+01:00 INFO : 2 points above threshold
2026-09-06T23:49:13.456+01:00 INFO : 58: generating IMRPhenomD from 30.0 Hz
2026-09-06T23:49:13.458+01:00 INFO : Decompressing waveform using inline_linear
2026-09-06T23:49:13.461+01:00 INFO : Filtering template 59/96 segment 1/5
2026-09-06T23:49:13.462+01:00 INFO : 1 points above threshold
2026-09-06T23:49:13.467+01:00 INFO : Filtering template 59/96 segment 2/5
2026-09-06T23:49:13.468+01:00 INFO : 2 points above threshold
2026-09-06T23:49:13.473+01:00 INFO : Filtering template 59/96 segment 3/5
2026-09-06T23:49:13.473+01:00 INFO : 2 points above threshold
2026-09-06T23:49:13.478+01:00 INFO : Filtering template 59/96 segment 4/5
2026-09-06T23:49:13.479+01:00 INFO : 1 points above threshold
2026-09-06T23:49:13.482+01:00 INFO : Filtering template 59/96 segment 5/5
2026-09-06T23:49:13.483+01:00 INFO : 59: generating IMRPhenomD from 30.0 Hz
2026-09-06T23:49:13.485+01:00 INFO : Decompressing waveform using inline_linear
2026-09-06T23:49:13.487+01:00 INFO : Filtering template 60/96 segment 1/5
2026-09-06T23:49:13.488+01:00 INFO : Filtering template 60/96 segment 2/5
2026-09-06T23:49:13.489+01:00 INFO : Filtering template 60/96 segment 3/5
2026-09-06T23:49:13.490+01:00 INFO : 1 points above threshold
2026-09-06T23:49:13.494+01:00 INFO : Filtering template 60/96 segment 4/5
2026-09-06T23:49:13.495+01:00 INFO : 2 points above threshold
2026-09-06T23:49:13.499+01:00 INFO : Filtering template 60/96 segment 5/5
2026-09-06T23:49:13.500+01:00 INFO : 60: generating IMRPhenomD from 30.0 Hz
2026-09-06T23:49:13.502+01:00 INFO : Decompressing waveform using inline_linear
2026-09-06T23:49:13.504+01:00 INFO : Filtering template 61/96 segment 1/5
2026-09-06T23:49:13.505+01:00 INFO : Filtering template 61/96 segment 2/5
2026-09-06T23:49:13.506+01:00 INFO : 2 points above threshold
2026-09-06T23:49:13.511+01:00 INFO : Filtering template 61/96 segment 3/5
2026-09-06T23:49:13.512+01:00 INFO : 1 points above threshold
2026-09-06T23:49:13.515+01:00 INFO : Filtering template 61/96 segment 4/5
2026-09-06T23:49:13.516+01:00 INFO : 1 points above threshold
2026-09-06T23:49:13.519+01:00 INFO : Filtering template 61/96 segment 5/5
2026-09-06T23:49:13.521+01:00 INFO : 61: generating IMRPhenomD from 30.0 Hz
2026-09-06T23:49:13.522+01:00 INFO : Decompressing waveform using inline_linear
2026-09-06T23:49:13.524+01:00 INFO : Filtering template 62/96 segment 1/5
2026-09-06T23:49:13.526+01:00 INFO : 2 points above threshold
2026-09-06T23:49:13.531+01:00 INFO : Filtering template 62/96 segment 2/5
2026-09-06T23:49:13.532+01:00 INFO : Filtering template 62/96 segment 3/5
2026-09-06T23:49:13.532+01:00 INFO : Filtering template 62/96 segment 4/5
2026-09-06T23:49:13.533+01:00 INFO : 5 points above threshold
2026-09-06T23:49:13.537+01:00 INFO : Filtering template 62/96 segment 5/5
2026-09-06T23:49:13.538+01:00 INFO : 62: generating IMRPhenomD from 30.0 Hz
2026-09-06T23:49:13.540+01:00 INFO : Decompressing waveform using inline_linear
2026-09-06T23:49:13.542+01:00 INFO : Filtering template 63/96 segment 1/5
2026-09-06T23:49:13.543+01:00 INFO : Filtering template 63/96 segment 2/5
2026-09-06T23:49:13.544+01:00 INFO : 1 points above threshold
2026-09-06T23:49:13.548+01:00 INFO : Filtering template 63/96 segment 3/5
2026-09-06T23:49:13.549+01:00 INFO : 2 points above threshold
2026-09-06T23:49:13.553+01:00 INFO : Filtering template 63/96 segment 4/5
2026-09-06T23:49:13.554+01:00 INFO : 1 points above threshold
2026-09-06T23:49:13.557+01:00 INFO : Filtering template 63/96 segment 5/5
2026-09-06T23:49:13.558+01:00 INFO : 1 points above threshold
2026-09-06T23:49:13.562+01:00 INFO : 63: generating IMRPhenomD from 30.0 Hz
2026-09-06T23:49:13.563+01:00 INFO : Decompressing waveform using inline_linear
2026-09-06T23:49:13.566+01:00 INFO : Filtering template 64/96 segment 1/5
2026-09-06T23:49:13.567+01:00 INFO : 2 points above threshold
2026-09-06T23:49:13.572+01:00 INFO : Filtering template 64/96 segment 2/5
2026-09-06T23:49:13.573+01:00 INFO : 1 points above threshold
2026-09-06T23:49:13.576+01:00 INFO : Filtering template 64/96 segment 3/5
2026-09-06T23:49:13.577+01:00 INFO : Filtering template 64/96 segment 4/5
2026-09-06T23:49:13.577+01:00 INFO : Filtering template 64/96 segment 5/5
2026-09-06T23:49:13.579+01:00 INFO : 64: generating IMRPhenomD from 30.0 Hz
2026-09-06T23:49:13.580+01:00 INFO : Decompressing waveform using inline_linear
2026-09-06T23:49:13.582+01:00 INFO : Filtering template 65/96 segment 1/5
2026-09-06T23:49:13.583+01:00 INFO : 2 points above threshold
2026-09-06T23:49:13.588+01:00 INFO : Filtering template 65/96 segment 2/5
2026-09-06T23:49:13.589+01:00 INFO : 2 points above threshold
2026-09-06T23:49:13.593+01:00 INFO : Filtering template 65/96 segment 3/5
2026-09-06T23:49:13.594+01:00 INFO : 1 points above threshold
2026-09-06T23:49:13.597+01:00 INFO : Filtering template 65/96 segment 4/5
2026-09-06T23:49:13.598+01:00 INFO : 2 points above threshold
2026-09-06T23:49:13.602+01:00 INFO : Filtering template 65/96 segment 5/5
2026-09-06T23:49:13.603+01:00 INFO : 65: generating IMRPhenomD from 30.0 Hz
2026-09-06T23:49:13.605+01:00 INFO : Decompressing waveform using inline_linear
2026-09-06T23:49:13.607+01:00 INFO : Filtering template 66/96 segment 1/5
2026-09-06T23:49:13.608+01:00 INFO : 1 points above threshold
2026-09-06T23:49:13.613+01:00 INFO : Filtering template 66/96 segment 2/5
2026-09-06T23:49:13.613+01:00 INFO : 1 points above threshold
2026-09-06T23:49:13.617+01:00 INFO : Filtering template 66/96 segment 3/5
2026-09-06T23:49:13.617+01:00 INFO : 2 points above threshold
2026-09-06T23:49:13.621+01:00 INFO : Filtering template 66/96 segment 4/5
2026-09-06T23:49:13.622+01:00 INFO : 1 points above threshold
2026-09-06T23:49:13.625+01:00 INFO : Filtering template 66/96 segment 5/5
2026-09-06T23:49:13.627+01:00 INFO : 66: generating IMRPhenomD from 30.0 Hz
2026-09-06T23:49:13.628+01:00 INFO : Decompressing waveform using inline_linear
2026-09-06T23:49:13.630+01:00 INFO : Filtering template 67/96 segment 1/5
2026-09-06T23:49:13.632+01:00 INFO : 3 points above threshold
2026-09-06T23:49:13.637+01:00 INFO : Filtering template 67/96 segment 2/5
2026-09-06T23:49:13.638+01:00 INFO : Filtering template 67/96 segment 3/5
2026-09-06T23:49:13.638+01:00 INFO : 1 points above threshold
2026-09-06T23:49:13.642+01:00 INFO : Filtering template 67/96 segment 4/5
2026-09-06T23:49:13.642+01:00 INFO : Filtering template 67/96 segment 5/5
2026-09-06T23:49:13.643+01:00 INFO : 67: generating IMRPhenomD from 30.0 Hz
2026-09-06T23:49:13.645+01:00 INFO : Decompressing waveform using inline_linear
2026-09-06T23:49:13.647+01:00 INFO : Filtering template 68/96 segment 1/5
2026-09-06T23:49:13.648+01:00 INFO : 1 points above threshold
2026-09-06T23:49:13.652+01:00 INFO : Filtering template 68/96 segment 2/5
2026-09-06T23:49:13.653+01:00 INFO : 1 points above threshold
2026-09-06T23:49:13.656+01:00 INFO : Filtering template 68/96 segment 3/5
2026-09-06T23:49:13.657+01:00 INFO : 1 points above threshold
2026-09-06T23:49:13.660+01:00 INFO : Filtering template 68/96 segment 4/5
2026-09-06T23:49:13.661+01:00 INFO : 1 points above threshold
2026-09-06T23:49:13.664+01:00 INFO : Filtering template 68/96 segment 5/5
2026-09-06T23:49:13.665+01:00 INFO : 1 points above threshold
2026-09-06T23:49:13.669+01:00 INFO : 68: generating IMRPhenomD from 30.0 Hz
2026-09-06T23:49:13.671+01:00 INFO : Decompressing waveform using inline_linear
2026-09-06T23:49:13.673+01:00 INFO : Filtering template 69/96 segment 1/5
2026-09-06T23:49:13.674+01:00 INFO : Filtering template 69/96 segment 2/5
2026-09-06T23:49:13.675+01:00 INFO : Filtering template 69/96 segment 3/5
2026-09-06T23:49:13.675+01:00 INFO : 1 points above threshold
2026-09-06T23:49:13.680+01:00 INFO : Filtering template 69/96 segment 4/5
2026-09-06T23:49:13.680+01:00 INFO : 2 points above threshold
2026-09-06T23:49:13.685+01:00 INFO : Filtering template 69/96 segment 5/5
2026-09-06T23:49:13.686+01:00 INFO : 69: generating IMRPhenomD from 30.0 Hz
2026-09-06T23:49:13.688+01:00 INFO : Decompressing waveform using inline_linear
2026-09-06T23:49:13.690+01:00 INFO : Filtering template 70/96 segment 1/5
2026-09-06T23:49:13.691+01:00 INFO : 2 points above threshold
2026-09-06T23:49:13.697+01:00 INFO : Filtering template 70/96 segment 2/5
2026-09-06T23:49:13.697+01:00 INFO : 2 points above threshold
2026-09-06T23:49:13.702+01:00 INFO : Filtering template 70/96 segment 3/5
2026-09-06T23:49:13.702+01:00 INFO : Filtering template 70/96 segment 4/5
2026-09-06T23:49:13.703+01:00 INFO : 2 points above threshold
2026-09-06T23:49:13.707+01:00 INFO : Filtering template 70/96 segment 5/5
2026-09-06T23:49:13.708+01:00 INFO : 2 points above threshold
2026-09-06T23:49:13.713+01:00 INFO : 70: generating IMRPhenomD from 30.0 Hz
2026-09-06T23:49:13.715+01:00 INFO : Decompressing waveform using inline_linear
2026-09-06T23:49:13.717+01:00 INFO : Filtering template 71/96 segment 1/5
2026-09-06T23:49:13.718+01:00 INFO : Filtering template 71/96 segment 2/5
2026-09-06T23:49:13.719+01:00 INFO : 1 points above threshold
2026-09-06T23:49:13.723+01:00 INFO : Filtering template 71/96 segment 3/5
2026-09-06T23:49:13.724+01:00 INFO : 1 points above threshold
2026-09-06T23:49:13.727+01:00 INFO : Filtering template 71/96 segment 4/5
2026-09-06T23:49:13.728+01:00 INFO : 3 points above threshold
2026-09-06T23:49:13.732+01:00 INFO : Filtering template 71/96 segment 5/5
2026-09-06T23:49:13.733+01:00 INFO : 71: generating IMRPhenomD from 30.0 Hz
2026-09-06T23:49:13.735+01:00 INFO : Decompressing waveform using inline_linear
2026-09-06T23:49:13.737+01:00 INFO : Filtering template 72/96 segment 1/5
2026-09-06T23:49:13.738+01:00 INFO : 2 points above threshold
2026-09-06T23:49:13.744+01:00 INFO : Filtering template 72/96 segment 2/5
2026-09-06T23:49:13.744+01:00 INFO : 1 points above threshold
2026-09-06T23:49:13.748+01:00 INFO : Filtering template 72/96 segment 3/5
2026-09-06T23:49:13.748+01:00 INFO : 1 points above threshold
2026-09-06T23:49:13.752+01:00 INFO : Filtering template 72/96 segment 4/5
2026-09-06T23:49:13.752+01:00 INFO : 3 points above threshold
2026-09-06T23:49:13.757+01:00 INFO : Filtering template 72/96 segment 5/5
2026-09-06T23:49:13.757+01:00 INFO : 3 points above threshold
2026-09-06T23:49:13.762+01:00 INFO : 72: generating IMRPhenomD from 30.0 Hz
2026-09-06T23:49:13.764+01:00 INFO : Decompressing waveform using inline_linear
2026-09-06T23:49:13.766+01:00 INFO : Filtering template 73/96 segment 1/5
2026-09-06T23:49:13.767+01:00 INFO : 1 points above threshold
2026-09-06T23:49:13.772+01:00 INFO : Filtering template 73/96 segment 2/5
2026-09-06T23:49:13.772+01:00 INFO : 1 points above threshold
2026-09-06T23:49:13.776+01:00 INFO : Filtering template 73/96 segment 3/5
2026-09-06T23:49:13.776+01:00 INFO : 1 points above threshold
2026-09-06T23:49:13.780+01:00 INFO : Filtering template 73/96 segment 4/5
2026-09-06T23:49:13.780+01:00 INFO : Filtering template 73/96 segment 5/5
2026-09-06T23:49:13.781+01:00 INFO : 1 points above threshold
2026-09-06T23:49:13.785+01:00 INFO : 73: generating IMRPhenomD from 30.0 Hz
2026-09-06T23:49:13.786+01:00 INFO : Decompressing waveform using inline_linear
2026-09-06T23:49:13.788+01:00 INFO : Filtering template 74/96 segment 1/5
2026-09-06T23:49:13.790+01:00 INFO : 3 points above threshold
2026-09-06T23:49:13.795+01:00 INFO : Filtering template 74/96 segment 2/5
2026-09-06T23:49:13.796+01:00 INFO : 3 points above threshold
2026-09-06T23:49:13.801+01:00 INFO : Filtering template 74/96 segment 3/5
2026-09-06T23:49:13.801+01:00 INFO : Filtering template 74/96 segment 4/5
2026-09-06T23:49:13.802+01:00 INFO : 1 points above threshold
2026-09-06T23:49:13.805+01:00 INFO : Filtering template 74/96 segment 5/5
2026-09-06T23:49:13.806+01:00 INFO : 74: generating IMRPhenomD from 30.0 Hz
2026-09-06T23:49:13.808+01:00 INFO : Decompressing waveform using inline_linear
2026-09-06T23:49:13.810+01:00 INFO : Filtering template 75/96 segment 1/5
2026-09-06T23:49:13.811+01:00 INFO : Filtering template 75/96 segment 2/5
2026-09-06T23:49:13.812+01:00 INFO : 1 points above threshold
2026-09-06T23:49:13.816+01:00 INFO : Filtering template 75/96 segment 3/5
2026-09-06T23:49:13.817+01:00 INFO : 2 points above threshold
2026-09-06T23:49:13.821+01:00 INFO : Filtering template 75/96 segment 4/5
2026-09-06T23:49:13.822+01:00 INFO : Filtering template 75/96 segment 5/5
2026-09-06T23:49:13.823+01:00 INFO : 2 points above threshold
2026-09-06T23:49:13.828+01:00 INFO : 75: generating IMRPhenomD from 30.0 Hz
2026-09-06T23:49:13.829+01:00 INFO : Decompressing waveform using inline_linear
2026-09-06T23:49:13.831+01:00 INFO : Filtering template 76/96 segment 1/5
2026-09-06T23:49:13.833+01:00 INFO : 1 points above threshold
2026-09-06T23:49:13.837+01:00 INFO : Filtering template 76/96 segment 2/5
2026-09-06T23:49:13.838+01:00 INFO : Filtering template 76/96 segment 3/5
2026-09-06T23:49:13.838+01:00 INFO : 1 points above threshold
2026-09-06T23:49:13.842+01:00 INFO : Filtering template 76/96 segment 4/5
2026-09-06T23:49:13.842+01:00 INFO : Filtering template 76/96 segment 5/5
2026-09-06T23:49:13.843+01:00 INFO : 2 points above threshold
2026-09-06T23:49:13.848+01:00 INFO : 76: generating IMRPhenomD from 30.0 Hz
2026-09-06T23:49:13.849+01:00 INFO : Decompressing waveform using inline_linear
2026-09-06T23:49:13.851+01:00 INFO : Filtering template 77/96 segment 1/5
2026-09-06T23:49:13.853+01:00 INFO : Filtering template 77/96 segment 2/5
2026-09-06T23:49:13.853+01:00 INFO : 1 points above threshold
2026-09-06T23:49:13.858+01:00 INFO : Filtering template 77/96 segment 3/5
2026-09-06T23:49:13.858+01:00 INFO : Filtering template 77/96 segment 4/5
2026-09-06T23:49:13.859+01:00 INFO : 1 points above threshold
2026-09-06T23:49:13.862+01:00 INFO : Filtering template 77/96 segment 5/5
2026-09-06T23:49:13.864+01:00 INFO : 77: generating IMRPhenomD from 30.0 Hz
2026-09-06T23:49:13.865+01:00 INFO : Decompressing waveform using inline_linear
2026-09-06T23:49:13.867+01:00 INFO : Filtering template 78/96 segment 1/5
2026-09-06T23:49:13.868+01:00 INFO : Filtering template 78/96 segment 2/5
2026-09-06T23:49:13.869+01:00 INFO : Filtering template 78/96 segment 3/5
2026-09-06T23:49:13.870+01:00 INFO : Filtering template 78/96 segment 4/5
2026-09-06T23:49:13.870+01:00 INFO : 1 points above threshold
2026-09-06T23:49:13.875+01:00 INFO : Filtering template 78/96 segment 5/5
2026-09-06T23:49:13.876+01:00 INFO : 78: generating IMRPhenomD from 30.0 Hz
2026-09-06T23:49:13.877+01:00 INFO : Decompressing waveform using inline_linear
2026-09-06T23:49:13.879+01:00 INFO : Filtering template 79/96 segment 1/5
2026-09-06T23:49:13.881+01:00 INFO : 2 points above threshold
2026-09-06T23:49:13.886+01:00 INFO : Filtering template 79/96 segment 2/5
2026-09-06T23:49:13.887+01:00 INFO : Filtering template 79/96 segment 3/5
2026-09-06T23:49:13.887+01:00 INFO : 1 points above threshold
2026-09-06T23:49:13.891+01:00 INFO : Filtering template 79/96 segment 4/5
2026-09-06T23:49:13.891+01:00 INFO : 1 points above threshold
2026-09-06T23:49:13.895+01:00 INFO : Filtering template 79/96 segment 5/5
2026-09-06T23:49:13.895+01:00 INFO : 3 points above threshold
2026-09-06T23:49:13.900+01:00 INFO : 79: generating IMRPhenomD from 30.0 Hz
2026-09-06T23:49:13.902+01:00 INFO : Decompressing waveform using inline_linear
2026-09-06T23:49:13.904+01:00 INFO : Filtering template 80/96 segment 1/5
2026-09-06T23:49:13.905+01:00 INFO : 2 points above threshold
2026-09-06T23:49:13.910+01:00 INFO : Filtering template 80/96 segment 2/5
2026-09-06T23:49:13.911+01:00 INFO : 1 points above threshold
2026-09-06T23:49:13.914+01:00 INFO : Filtering template 80/96 segment 3/5
2026-09-06T23:49:13.915+01:00 INFO : 1 points above threshold
2026-09-06T23:49:13.918+01:00 INFO : Filtering template 80/96 segment 4/5
2026-09-06T23:49:13.919+01:00 INFO : Filtering template 80/96 segment 5/5
2026-09-06T23:49:13.919+01:00 INFO : 1 points above threshold
2026-09-06T23:49:13.924+01:00 INFO : 80: generating IMRPhenomD from 30.0 Hz
2026-09-06T23:49:13.925+01:00 INFO : Decompressing waveform using inline_linear
2026-09-06T23:49:13.927+01:00 INFO : Filtering template 81/96 segment 1/5
2026-09-06T23:49:13.928+01:00 INFO : 1 points above threshold
2026-09-06T23:49:13.933+01:00 INFO : Filtering template 81/96 segment 2/5
2026-09-06T23:49:13.933+01:00 INFO : 2 points above threshold
2026-09-06T23:49:13.938+01:00 INFO : Filtering template 81/96 segment 3/5
2026-09-06T23:49:13.938+01:00 INFO : 1 points above threshold
2026-09-06T23:49:13.942+01:00 INFO : Filtering template 81/96 segment 4/5
2026-09-06T23:49:13.942+01:00 INFO : Filtering template 81/96 segment 5/5
2026-09-06T23:49:13.943+01:00 INFO : 1 points above threshold
2026-09-06T23:49:13.947+01:00 INFO : 81: generating IMRPhenomD from 30.0 Hz
2026-09-06T23:49:13.949+01:00 INFO : Decompressing waveform using inline_linear
2026-09-06T23:49:13.951+01:00 INFO : Filtering template 82/96 segment 1/5
2026-09-06T23:49:13.952+01:00 INFO : Filtering template 82/96 segment 2/5
2026-09-06T23:49:13.953+01:00 INFO : 2 points above threshold
2026-09-06T23:49:13.958+01:00 INFO : Filtering template 82/96 segment 3/5
2026-09-06T23:49:13.959+01:00 INFO : 1 points above threshold
2026-09-06T23:49:13.962+01:00 INFO : Filtering template 82/96 segment 4/5
2026-09-06T23:49:13.963+01:00 INFO : Filtering template 82/96 segment 5/5
2026-09-06T23:49:13.964+01:00 INFO : 82: generating IMRPhenomD from 30.0 Hz
2026-09-06T23:49:13.965+01:00 INFO : Decompressing waveform using inline_linear
2026-09-06T23:49:13.968+01:00 INFO : Filtering template 83/96 segment 1/5
2026-09-06T23:49:13.969+01:00 INFO : 1 points above threshold
2026-09-06T23:49:13.973+01:00 INFO : Filtering template 83/96 segment 2/5
2026-09-06T23:49:13.974+01:00 INFO : 2 points above threshold
2026-09-06T23:49:13.978+01:00 INFO : Filtering template 83/96 segment 3/5
2026-09-06T23:49:13.979+01:00 INFO : 2 points above threshold
2026-09-06T23:49:13.983+01:00 INFO : Filtering template 83/96 segment 4/5
2026-09-06T23:49:13.984+01:00 INFO : 3 points above threshold
2026-09-06T23:49:13.988+01:00 INFO : Filtering template 83/96 segment 5/5
2026-09-06T23:49:13.988+01:00 INFO : 3 points above threshold
2026-09-06T23:49:13.994+01:00 INFO : 83: generating IMRPhenomD from 30.0 Hz
2026-09-06T23:49:13.995+01:00 INFO : Decompressing waveform using inline_linear
2026-09-06T23:49:13.997+01:00 INFO : Filtering template 84/96 segment 1/5
2026-09-06T23:49:13.999+01:00 INFO : Filtering template 84/96 segment 2/5
2026-09-06T23:49:13.999+01:00 INFO : Filtering template 84/96 segment 3/5
2026-09-06T23:49:14.000+01:00 INFO : 1 points above threshold
2026-09-06T23:49:14.004+01:00 INFO : Filtering template 84/96 segment 4/5
2026-09-06T23:49:14.005+01:00 INFO : 3 points above threshold
2026-09-06T23:49:14.009+01:00 INFO : Filtering template 84/96 segment 5/5
2026-09-06T23:49:14.010+01:00 INFO : 84: generating IMRPhenomD from 30.0 Hz
2026-09-06T23:49:14.012+01:00 INFO : Decompressing waveform using inline_linear
2026-09-06T23:49:14.014+01:00 INFO : Filtering template 85/96 segment 1/5
2026-09-06T23:49:14.015+01:00 INFO : 1 points above threshold
2026-09-06T23:49:14.020+01:00 INFO : Filtering template 85/96 segment 2/5
2026-09-06T23:49:14.020+01:00 INFO : 2 points above threshold
2026-09-06T23:49:14.025+01:00 INFO : Filtering template 85/96 segment 3/5
2026-09-06T23:49:14.025+01:00 INFO : 1 points above threshold
2026-09-06T23:49:14.029+01:00 INFO : Filtering template 85/96 segment 4/5
2026-09-06T23:49:14.029+01:00 INFO : 3 points above threshold
2026-09-06T23:49:14.034+01:00 INFO : Filtering template 85/96 segment 5/5
2026-09-06T23:49:14.034+01:00 INFO : 2 points above threshold
2026-09-06T23:49:14.040+01:00 INFO : 85: generating IMRPhenomD from 30.0 Hz
2026-09-06T23:49:14.041+01:00 INFO : Decompressing waveform using inline_linear
2026-09-06T23:49:14.044+01:00 INFO : Filtering template 86/96 segment 1/5
2026-09-06T23:49:14.045+01:00 INFO : 2 points above threshold
2026-09-06T23:49:14.050+01:00 INFO : Filtering template 86/96 segment 2/5
2026-09-06T23:49:14.051+01:00 INFO : 2 points above threshold
2026-09-06T23:49:14.055+01:00 INFO : Filtering template 86/96 segment 3/5
2026-09-06T23:49:14.056+01:00 INFO : 1 points above threshold
2026-09-06T23:49:14.059+01:00 INFO : Filtering template 86/96 segment 4/5
2026-09-06T23:49:14.060+01:00 INFO : 1 points above threshold
2026-09-06T23:49:14.063+01:00 INFO : Filtering template 86/96 segment 5/5
2026-09-06T23:49:14.064+01:00 INFO : 2 points above threshold
2026-09-06T23:49:14.069+01:00 INFO : 86: generating IMRPhenomD from 30.0 Hz
2026-09-06T23:49:14.071+01:00 INFO : Decompressing waveform using inline_linear
2026-09-06T23:49:14.073+01:00 INFO : Filtering template 87/96 segment 1/5
2026-09-06T23:49:14.074+01:00 INFO : 1 points above threshold
2026-09-06T23:49:14.079+01:00 INFO : Filtering template 87/96 segment 2/5
2026-09-06T23:49:14.079+01:00 INFO : 2 points above threshold
2026-09-06T23:49:14.084+01:00 INFO : Filtering template 87/96 segment 3/5
2026-09-06T23:49:14.084+01:00 INFO : 1 points above threshold
2026-09-06T23:49:14.088+01:00 INFO : Filtering template 87/96 segment 4/5
2026-09-06T23:49:14.088+01:00 INFO : 1 points above threshold
2026-09-06T23:49:14.092+01:00 INFO : Filtering template 87/96 segment 5/5
2026-09-06T23:49:14.092+01:00 INFO : 1 points above threshold
2026-09-06T23:49:14.097+01:00 INFO : 87: generating IMRPhenomD from 30.0 Hz
2026-09-06T23:49:14.098+01:00 INFO : Decompressing waveform using inline_linear
2026-09-06T23:49:14.100+01:00 INFO : Filtering template 88/96 segment 1/5
2026-09-06T23:49:14.101+01:00 INFO : 2 points above threshold
2026-09-06T23:49:14.107+01:00 INFO : Filtering template 88/96 segment 2/5
2026-09-06T23:49:14.108+01:00 INFO : 1 points above threshold
2026-09-06T23:49:14.111+01:00 INFO : Filtering template 88/96 segment 3/5
2026-09-06T23:49:14.111+01:00 INFO : Filtering template 88/96 segment 4/5
2026-09-06T23:49:14.112+01:00 INFO : Filtering template 88/96 segment 5/5
2026-09-06T23:49:14.113+01:00 INFO : 2 points above threshold
2026-09-06T23:49:14.118+01:00 INFO : 88: generating IMRPhenomD from 30.0 Hz
2026-09-06T23:49:14.119+01:00 INFO : Decompressing waveform using inline_linear
2026-09-06T23:49:14.121+01:00 INFO : Filtering template 89/96 segment 1/5
2026-09-06T23:49:14.123+01:00 INFO : 2 points above threshold
2026-09-06T23:49:14.128+01:00 INFO : Filtering template 89/96 segment 2/5
2026-09-06T23:49:14.129+01:00 INFO : 1 points above threshold
2026-09-06T23:49:14.132+01:00 INFO : Filtering template 89/96 segment 3/5
2026-09-06T23:49:14.133+01:00 INFO : 2 points above threshold
2026-09-06T23:49:14.137+01:00 INFO : Filtering template 89/96 segment 4/5
2026-09-06T23:49:14.138+01:00 INFO : Filtering template 89/96 segment 5/5
2026-09-06T23:49:14.139+01:00 INFO : 89: generating IMRPhenomD from 30.0 Hz
2026-09-06T23:49:14.141+01:00 INFO : Decompressing waveform using inline_linear
2026-09-06T23:49:14.143+01:00 INFO : Filtering template 90/96 segment 1/5
2026-09-06T23:49:14.144+01:00 INFO : Filtering template 90/96 segment 2/5
2026-09-06T23:49:14.145+01:00 INFO : 1 points above threshold
2026-09-06T23:49:14.149+01:00 INFO : Filtering template 90/96 segment 3/5
2026-09-06T23:49:14.149+01:00 INFO : 3 points above threshold
2026-09-06T23:49:14.154+01:00 INFO : Filtering template 90/96 segment 4/5
2026-09-06T23:49:14.155+01:00 INFO : Filtering template 90/96 segment 5/5
2026-09-06T23:49:14.155+01:00 INFO : 1 points above threshold
2026-09-06T23:49:14.159+01:00 INFO : 90: generating IMRPhenomD from 30.0 Hz
2026-09-06T23:49:14.161+01:00 INFO : Decompressing waveform using inline_linear
2026-09-06T23:49:14.163+01:00 INFO : Filtering template 91/96 segment 1/5
2026-09-06T23:49:14.164+01:00 INFO : Filtering template 91/96 segment 2/5
2026-09-06T23:49:14.165+01:00 INFO : 2 points above threshold
2026-09-06T23:49:14.170+01:00 INFO : Filtering template 91/96 segment 3/5
2026-09-06T23:49:14.171+01:00 INFO : 3 points above threshold
2026-09-06T23:49:14.175+01:00 INFO : Filtering template 91/96 segment 4/5
2026-09-06T23:49:14.176+01:00 INFO : Filtering template 91/96 segment 5/5
2026-09-06T23:49:14.176+01:00 INFO : 1 points above threshold
2026-09-06T23:49:14.180+01:00 INFO : 91: generating IMRPhenomD from 30.0 Hz
2026-09-06T23:49:14.182+01:00 INFO : Decompressing waveform using inline_linear
2026-09-06T23:49:14.184+01:00 INFO : Filtering template 92/96 segment 1/5
2026-09-06T23:49:14.185+01:00 INFO : 2 points above threshold
2026-09-06T23:49:14.191+01:00 INFO : Filtering template 92/96 segment 2/5
2026-09-06T23:49:14.191+01:00 INFO : 1 points above threshold
2026-09-06T23:49:14.194+01:00 INFO : Filtering template 92/96 segment 3/5
2026-09-06T23:49:14.195+01:00 INFO : 2 points above threshold
2026-09-06T23:49:14.199+01:00 INFO : Filtering template 92/96 segment 4/5
2026-09-06T23:49:14.200+01:00 INFO : 1 points above threshold
2026-09-06T23:49:14.203+01:00 INFO : Filtering template 92/96 segment 5/5
2026-09-06T23:49:14.204+01:00 INFO : 1 points above threshold
2026-09-06T23:49:14.208+01:00 INFO : 92: generating IMRPhenomD from 30.0 Hz
2026-09-06T23:49:14.210+01:00 INFO : Decompressing waveform using inline_linear
2026-09-06T23:49:14.212+01:00 INFO : Filtering template 93/96 segment 1/5
2026-09-06T23:49:14.213+01:00 INFO : Filtering template 93/96 segment 2/5
2026-09-06T23:49:14.214+01:00 INFO : 3 points above threshold
2026-09-06T23:49:14.219+01:00 INFO : Filtering template 93/96 segment 3/5
2026-09-06T23:49:14.220+01:00 INFO : 3 points above threshold
2026-09-06T23:49:14.224+01:00 INFO : Filtering template 93/96 segment 4/5
2026-09-06T23:49:14.225+01:00 INFO : 1 points above threshold
2026-09-06T23:49:14.228+01:00 INFO : Filtering template 93/96 segment 5/5
2026-09-06T23:49:14.229+01:00 INFO : 1 points above threshold
2026-09-06T23:49:14.233+01:00 INFO : 93: generating IMRPhenomD from 30.0 Hz
2026-09-06T23:49:14.234+01:00 INFO : Decompressing waveform using inline_linear
2026-09-06T23:49:14.237+01:00 INFO : Filtering template 94/96 segment 1/5
2026-09-06T23:49:14.238+01:00 INFO : 1 points above threshold
2026-09-06T23:49:14.242+01:00 INFO : Filtering template 94/96 segment 2/5
2026-09-06T23:49:14.243+01:00 INFO : 2 points above threshold
2026-09-06T23:49:14.247+01:00 INFO : Filtering template 94/96 segment 3/5
2026-09-06T23:49:14.248+01:00 INFO : 4 points above threshold
2026-09-06T23:49:14.253+01:00 INFO : Filtering template 94/96 segment 4/5
2026-09-06T23:49:14.253+01:00 INFO : Filtering template 94/96 segment 5/5
2026-09-06T23:49:14.254+01:00 INFO : 2 points above threshold
2026-09-06T23:49:14.259+01:00 INFO : 94: generating IMRPhenomD from 30.0 Hz
2026-09-06T23:49:14.261+01:00 INFO : Decompressing waveform using inline_linear
2026-09-06T23:49:14.263+01:00 INFO : Filtering template 95/96 segment 1/5
2026-09-06T23:49:14.264+01:00 INFO : 3 points above threshold
2026-09-06T23:49:14.269+01:00 INFO : Filtering template 95/96 segment 2/5
2026-09-06T23:49:14.270+01:00 INFO : 2 points above threshold
2026-09-06T23:49:14.274+01:00 INFO : Filtering template 95/96 segment 3/5
2026-09-06T23:49:14.274+01:00 INFO : 2 points above threshold
2026-09-06T23:49:14.278+01:00 INFO : Filtering template 95/96 segment 4/5
2026-09-06T23:49:14.279+01:00 INFO : 1 points above threshold
2026-09-06T23:49:14.282+01:00 INFO : Filtering template 95/96 segment 5/5
2026-09-06T23:49:14.284+01:00 INFO : 95: generating IMRPhenomD from 30.0 Hz
2026-09-06T23:49:14.285+01:00 INFO : Decompressing waveform using inline_linear
2026-09-06T23:49:14.287+01:00 INFO : Filtering template 96/96 segment 1/5
2026-09-06T23:49:14.289+01:00 INFO : 2 points above threshold
2026-09-06T23:49:14.294+01:00 INFO : Filtering template 96/96 segment 2/5
2026-09-06T23:49:14.295+01:00 INFO : Filtering template 96/96 segment 3/5
2026-09-06T23:49:14.295+01:00 INFO : Filtering template 96/96 segment 4/5
2026-09-06T23:49:14.296+01:00 INFO : 1 points above threshold
2026-09-06T23:49:14.299+01:00 INFO : Filtering template 96/96 segment 5/5
2026-09-06T23:49:14.300+01:00 INFO : We currently have 527 triggers
2026-09-06T23:49:14.301+01:00 INFO : Removing triggers with NewSNR below threshold
2026-09-06T23:49:14.301+01:00 INFO : 475 remaining triggers
2026-09-06T23:49:14.301+01:00 INFO : Outputting 475 triggers
2026-09-06T23:49:14.301+01:00 INFO : Writing out triggers
2026-09-06T23:49:14.315+01:00 INFO : Finished
