2026-09-06T20:14:15.384+01:00 INFO : Running with Torch support on device cuda:0
2026-09-06T20:14:15.385+01:00 INFO : Reading Frames
2026-09-06T20:14:22.093+01:00 INFO : Highpass Filtering
2026-09-06T20:14:22.553+01:00 INFO : Resampling data
2026-09-06T20:14:22.564+01:00 INFO : Converting to float32
/home/xangma/pycbc-torch-inspiral-reference-20260906/source-v5/pycbc/types/array.py:872: RuntimeWarning: divide by zero encountered in divide
  return self._data.__rtruediv__(other)
2026-09-06T20:14:27.647+01:00 INFO : Highpass Filtering
2026-09-06T20:14:28.112+01:00 INFO : Remove Padding
2026-09-06T20:14:28.113+01:00 INFO : Making frequency-domain data segments
2026-09-06T20:14:28.761+01:00 INFO : Overwhitening frequency-domain data segments
2026-09-06T20:14:28.762+01:00 INFO : Read in template bank
2026-09-06T20:14:28.772+01:00 INFO : Full template bank size: 96
2026-09-06T20:14:28.772+01:00 INFO : Template bank size after thinning: 96
2026-09-06T20:14:28.772+01:00 INFO : 0: generating IMRPhenomD from 30.0 Hz
2026-09-06T20:14:28.773+01:00 INFO : Decompressing waveform using inline_linear
2026-09-06T20:14:28.960+01:00 INFO : Filtering template 1/96 segment 1/5
2026-09-06T20:14:29.444+01:00 INFO : 1 points above threshold
2026-09-06T20:14:29.462+01:00 INFO : Filtering template 1/96 segment 2/5
2026-09-06T20:14:29.463+01:00 INFO : Filtering template 1/96 segment 3/5
2026-09-06T20:14:29.463+01:00 INFO : 1 points above threshold
2026-09-06T20:14:29.466+01:00 INFO : Filtering template 1/96 segment 4/5
2026-09-06T20:14:29.467+01:00 INFO : Filtering template 1/96 segment 5/5
2026-09-06T20:14:29.467+01:00 INFO : 1 points above threshold
2026-09-06T20:14:29.470+01:00 INFO : 1: generating IMRPhenomD from 30.0 Hz
2026-09-06T20:14:29.472+01:00 INFO : Decompressing waveform using inline_linear
2026-09-06T20:14:29.474+01:00 INFO : Filtering template 2/96 segment 1/5
2026-09-06T20:14:29.474+01:00 INFO : 1 points above threshold
2026-09-06T20:14:29.478+01:00 INFO : Filtering template 2/96 segment 2/5
2026-09-06T20:14:29.478+01:00 INFO : 1 points above threshold
2026-09-06T20:14:29.481+01:00 INFO : Filtering template 2/96 segment 3/5
2026-09-06T20:14:29.481+01:00 INFO : 2 points above threshold
2026-09-06T20:14:29.487+01:00 INFO : Filtering template 2/96 segment 4/5
2026-09-06T20:14:29.488+01:00 INFO : Filtering template 2/96 segment 5/5
2026-09-06T20:14:29.488+01:00 INFO : 1 points above threshold
2026-09-06T20:14:29.491+01:00 INFO : 2: generating IMRPhenomD from 30.0 Hz
2026-09-06T20:14:29.493+01:00 INFO : Decompressing waveform using inline_linear
2026-09-06T20:14:29.494+01:00 INFO : Filtering template 3/96 segment 1/5
2026-09-06T20:14:29.495+01:00 INFO : 3 points above threshold
2026-09-06T20:14:29.500+01:00 INFO : Filtering template 3/96 segment 2/5
2026-09-06T20:14:29.500+01:00 INFO : Filtering template 3/96 segment 3/5
2026-09-06T20:14:29.501+01:00 INFO : 1 points above threshold
2026-09-06T20:14:29.503+01:00 INFO : Filtering template 3/96 segment 4/5
2026-09-06T20:14:29.503+01:00 INFO : 1 points above threshold
2026-09-06T20:14:29.506+01:00 INFO : Filtering template 3/96 segment 5/5
2026-09-06T20:14:29.507+01:00 INFO : 3: generating IMRPhenomD from 30.0 Hz
2026-09-06T20:14:29.508+01:00 INFO : Decompressing waveform using inline_linear
2026-09-06T20:14:29.510+01:00 INFO : Filtering template 4/96 segment 1/5
2026-09-06T20:14:29.511+01:00 INFO : 1 points above threshold
2026-09-06T20:14:29.514+01:00 INFO : Filtering template 4/96 segment 2/5
2026-09-06T20:14:29.514+01:00 INFO : 1 points above threshold
2026-09-06T20:14:29.517+01:00 INFO : Filtering template 4/96 segment 3/5
2026-09-06T20:14:29.517+01:00 INFO : 2 points above threshold
2026-09-06T20:14:29.521+01:00 INFO : Filtering template 4/96 segment 4/5
2026-09-06T20:14:29.521+01:00 INFO : 2 points above threshold
2026-09-06T20:14:29.524+01:00 INFO : Filtering template 4/96 segment 5/5
2026-09-06T20:14:29.525+01:00 INFO : 2 points above threshold
2026-09-06T20:14:29.529+01:00 INFO : 4: generating IMRPhenomD from 30.0 Hz
2026-09-06T20:14:29.530+01:00 INFO : Decompressing waveform using inline_linear
2026-09-06T20:14:29.532+01:00 INFO : Filtering template 5/96 segment 1/5
2026-09-06T20:14:29.533+01:00 INFO : 1 points above threshold
2026-09-06T20:14:29.536+01:00 INFO : Filtering template 5/96 segment 2/5
2026-09-06T20:14:29.536+01:00 INFO : 2 points above threshold
2026-09-06T20:14:29.540+01:00 INFO : Filtering template 5/96 segment 3/5
2026-09-06T20:14:29.540+01:00 INFO : 2 points above threshold
2026-09-06T20:14:29.543+01:00 INFO : Filtering template 5/96 segment 4/5
2026-09-06T20:14:29.544+01:00 INFO : 2 points above threshold
2026-09-06T20:14:29.547+01:00 INFO : Filtering template 5/96 segment 5/5
2026-09-06T20:14:29.548+01:00 INFO : 5: generating IMRPhenomD from 30.0 Hz
2026-09-06T20:14:29.549+01:00 INFO : Decompressing waveform using inline_linear
2026-09-06T20:14:29.551+01:00 INFO : Filtering template 6/96 segment 1/5
2026-09-06T20:14:29.552+01:00 INFO : 1 points above threshold
2026-09-06T20:14:29.555+01:00 INFO : Filtering template 6/96 segment 2/5
2026-09-06T20:14:29.556+01:00 INFO : Filtering template 6/96 segment 3/5
2026-09-06T20:14:29.556+01:00 INFO : Filtering template 6/96 segment 4/5
2026-09-06T20:14:29.557+01:00 INFO : Filtering template 6/96 segment 5/5
2026-09-06T20:14:29.557+01:00 INFO : 1 points above threshold
2026-09-06T20:14:29.560+01:00 INFO : 6: generating IMRPhenomD from 30.0 Hz
2026-09-06T20:14:29.561+01:00 INFO : Decompressing waveform using inline_linear
2026-09-06T20:14:29.563+01:00 INFO : Filtering template 7/96 segment 1/5
2026-09-06T20:14:29.564+01:00 INFO : 2 points above threshold
2026-09-06T20:14:29.568+01:00 INFO : Filtering template 7/96 segment 2/5
2026-09-06T20:14:29.568+01:00 INFO : Filtering template 7/96 segment 3/5
2026-09-06T20:14:29.569+01:00 INFO : Filtering template 7/96 segment 4/5
2026-09-06T20:14:29.569+01:00 INFO : 1 points above threshold
2026-09-06T20:14:29.572+01:00 INFO : Filtering template 7/96 segment 5/5
2026-09-06T20:14:29.572+01:00 INFO : 7: generating IMRPhenomD from 30.0 Hz
2026-09-06T20:14:29.574+01:00 INFO : Decompressing waveform using inline_linear
2026-09-06T20:14:29.575+01:00 INFO : Filtering template 8/96 segment 1/5
2026-09-06T20:14:29.576+01:00 INFO : 2 points above threshold
2026-09-06T20:14:29.581+01:00 INFO : Filtering template 8/96 segment 2/5
2026-09-06T20:14:29.581+01:00 INFO : 1 points above threshold
2026-09-06T20:14:29.583+01:00 INFO : Filtering template 8/96 segment 3/5
2026-09-06T20:14:29.584+01:00 INFO : 4 points above threshold
2026-09-06T20:14:29.587+01:00 INFO : Filtering template 8/96 segment 4/5
2026-09-06T20:14:29.588+01:00 INFO : Filtering template 8/96 segment 5/5
2026-09-06T20:14:29.589+01:00 INFO : 8: generating IMRPhenomD from 30.0 Hz
2026-09-06T20:14:29.590+01:00 INFO : Decompressing waveform using inline_linear
2026-09-06T20:14:29.592+01:00 INFO : Filtering template 9/96 segment 1/5
2026-09-06T20:14:29.593+01:00 INFO : Filtering template 9/96 segment 2/5
2026-09-06T20:14:29.593+01:00 INFO : 1 points above threshold
2026-09-06T20:14:29.596+01:00 INFO : Filtering template 9/96 segment 3/5
2026-09-06T20:14:29.597+01:00 INFO : 2 points above threshold
2026-09-06T20:14:29.600+01:00 INFO : Filtering template 9/96 segment 4/5
2026-09-06T20:14:29.601+01:00 INFO : 1 points above threshold
2026-09-06T20:14:29.603+01:00 INFO : Filtering template 9/96 segment 5/5
2026-09-06T20:14:29.603+01:00 INFO : 3 points above threshold
2026-09-06T20:14:29.607+01:00 INFO : 9: generating IMRPhenomD from 30.0 Hz
2026-09-06T20:14:29.609+01:00 INFO : Decompressing waveform using inline_linear
2026-09-06T20:14:29.610+01:00 INFO : Filtering template 10/96 segment 1/5
2026-09-06T20:14:29.611+01:00 INFO : 1 points above threshold
2026-09-06T20:14:29.614+01:00 INFO : Filtering template 10/96 segment 2/5
2026-09-06T20:14:29.615+01:00 INFO : 1 points above threshold
2026-09-06T20:14:29.617+01:00 INFO : Filtering template 10/96 segment 3/5
2026-09-06T20:14:29.618+01:00 INFO : Filtering template 10/96 segment 4/5
2026-09-06T20:14:29.618+01:00 INFO : 2 points above threshold
2026-09-06T20:14:29.622+01:00 INFO : Filtering template 10/96 segment 5/5
2026-09-06T20:14:29.622+01:00 INFO : 1 points above threshold
2026-09-06T20:14:29.625+01:00 INFO : 10: generating IMRPhenomD from 30.0 Hz
2026-09-06T20:14:29.626+01:00 INFO : Decompressing waveform using inline_linear
2026-09-06T20:14:29.628+01:00 INFO : Filtering template 11/96 segment 1/5
2026-09-06T20:14:29.629+01:00 INFO : 4 points above threshold
2026-09-06T20:14:29.633+01:00 INFO : Filtering template 11/96 segment 2/5
2026-09-06T20:14:29.634+01:00 INFO : 2 points above threshold
2026-09-06T20:14:29.637+01:00 INFO : Filtering template 11/96 segment 3/5
2026-09-06T20:14:29.637+01:00 INFO : 1 points above threshold
2026-09-06T20:14:29.640+01:00 INFO : Filtering template 11/96 segment 4/5
2026-09-06T20:14:29.640+01:00 INFO : Filtering template 11/96 segment 5/5
2026-09-06T20:14:29.641+01:00 INFO : 11: generating IMRPhenomD from 30.0 Hz
2026-09-06T20:14:29.642+01:00 INFO : Decompressing waveform using inline_linear
2026-09-06T20:14:29.644+01:00 INFO : Filtering template 12/96 segment 1/5
2026-09-06T20:14:29.645+01:00 INFO : 1 points above threshold
2026-09-06T20:14:29.648+01:00 INFO : Filtering template 12/96 segment 2/5
2026-09-06T20:14:29.649+01:00 INFO : 1 points above threshold
2026-09-06T20:14:29.651+01:00 INFO : Filtering template 12/96 segment 3/5
2026-09-06T20:14:29.652+01:00 INFO : 1 points above threshold
2026-09-06T20:14:29.654+01:00 INFO : Filtering template 12/96 segment 4/5
2026-09-06T20:14:29.655+01:00 INFO : 3 points above threshold
2026-09-06T20:14:29.658+01:00 INFO : Filtering template 12/96 segment 5/5
2026-09-06T20:14:29.659+01:00 INFO : 12: generating IMRPhenomD from 30.0 Hz
2026-09-06T20:14:29.660+01:00 INFO : Decompressing waveform using inline_linear
2026-09-06T20:14:29.662+01:00 INFO : Filtering template 13/96 segment 1/5
2026-09-06T20:14:29.663+01:00 INFO : Filtering template 13/96 segment 2/5
2026-09-06T20:14:29.663+01:00 INFO : 4 points above threshold
2026-09-06T20:14:29.667+01:00 INFO : Filtering template 13/96 segment 3/5
2026-09-06T20:14:29.668+01:00 INFO : Filtering template 13/96 segment 4/5
2026-09-06T20:14:29.668+01:00 INFO : Filtering template 13/96 segment 5/5
2026-09-06T20:14:29.669+01:00 INFO : 1 points above threshold
2026-09-06T20:14:29.671+01:00 INFO : 13: generating IMRPhenomD from 30.0 Hz
2026-09-06T20:14:29.673+01:00 INFO : Decompressing waveform using inline_linear
2026-09-06T20:14:29.674+01:00 INFO : Filtering template 14/96 segment 1/5
2026-09-06T20:14:29.675+01:00 INFO : 1 points above threshold
2026-09-06T20:14:29.678+01:00 INFO : Filtering template 14/96 segment 2/5
2026-09-06T20:14:29.679+01:00 INFO : 2 points above threshold
2026-09-06T20:14:29.682+01:00 INFO : Filtering template 14/96 segment 3/5
2026-09-06T20:14:29.682+01:00 INFO : 3 points above threshold
2026-09-06T20:14:29.685+01:00 INFO : Filtering template 14/96 segment 4/5
2026-09-06T20:14:29.686+01:00 INFO : 2 points above threshold
2026-09-06T20:14:29.689+01:00 INFO : Filtering template 14/96 segment 5/5
2026-09-06T20:14:29.690+01:00 INFO : 14: generating IMRPhenomD from 30.0 Hz
2026-09-06T20:14:29.691+01:00 INFO : Decompressing waveform using inline_linear
2026-09-06T20:14:29.693+01:00 INFO : Filtering template 15/96 segment 1/5
2026-09-06T20:14:29.694+01:00 INFO : 1 points above threshold
2026-09-06T20:14:29.697+01:00 INFO : Filtering template 15/96 segment 2/5
2026-09-06T20:14:29.697+01:00 INFO : Filtering template 15/96 segment 3/5
2026-09-06T20:14:29.698+01:00 INFO : 1 points above threshold
2026-09-06T20:14:29.700+01:00 INFO : Filtering template 15/96 segment 4/5
2026-09-06T20:14:29.701+01:00 INFO : 1 points above threshold
2026-09-06T20:14:29.703+01:00 INFO : Filtering template 15/96 segment 5/5
2026-09-06T20:14:29.704+01:00 INFO : 3 points above threshold
2026-09-06T20:14:29.707+01:00 INFO : 15: generating IMRPhenomD from 30.0 Hz
2026-09-06T20:14:29.709+01:00 INFO : Decompressing waveform using inline_linear
2026-09-06T20:14:29.710+01:00 INFO : Filtering template 16/96 segment 1/5
2026-09-06T20:14:29.711+01:00 INFO : 1 points above threshold
2026-09-06T20:14:29.714+01:00 INFO : Filtering template 16/96 segment 2/5
2026-09-06T20:14:29.715+01:00 INFO : 2 points above threshold
2026-09-06T20:14:29.718+01:00 INFO : Filtering template 16/96 segment 3/5
2026-09-06T20:14:29.719+01:00 INFO : 3 points above threshold
2026-09-06T20:14:29.722+01:00 INFO : Filtering template 16/96 segment 4/5
2026-09-06T20:14:29.722+01:00 INFO : 2 points above threshold
2026-09-06T20:14:29.725+01:00 INFO : Filtering template 16/96 segment 5/5
2026-09-06T20:14:29.726+01:00 INFO : 16: generating IMRPhenomD from 30.0 Hz
2026-09-06T20:14:29.727+01:00 INFO : Decompressing waveform using inline_linear
2026-09-06T20:14:29.729+01:00 INFO : Filtering template 17/96 segment 1/5
2026-09-06T20:14:29.730+01:00 INFO : 2 points above threshold
2026-09-06T20:14:29.734+01:00 INFO : Filtering template 17/96 segment 2/5
2026-09-06T20:14:29.734+01:00 INFO : 3 points above threshold
2026-09-06T20:14:29.737+01:00 INFO : Filtering template 17/96 segment 3/5
2026-09-06T20:14:29.737+01:00 INFO : Filtering template 17/96 segment 4/5
2026-09-06T20:14:29.738+01:00 INFO : 2 points above threshold
2026-09-06T20:14:29.740+01:00 INFO : Filtering template 17/96 segment 5/5
2026-09-06T20:14:29.741+01:00 INFO : 3 points above threshold
2026-09-06T20:14:29.744+01:00 INFO : 17: generating IMRPhenomD from 30.0 Hz
2026-09-06T20:14:29.745+01:00 INFO : Decompressing waveform using inline_linear
2026-09-06T20:14:29.747+01:00 INFO : Filtering template 18/96 segment 1/5
2026-09-06T20:14:29.748+01:00 INFO : Filtering template 18/96 segment 2/5
2026-09-06T20:14:29.749+01:00 INFO : Filtering template 18/96 segment 3/5
2026-09-06T20:14:29.749+01:00 INFO : 1 points above threshold
2026-09-06T20:14:29.752+01:00 INFO : Filtering template 18/96 segment 4/5
2026-09-06T20:14:29.753+01:00 INFO : Filtering template 18/96 segment 5/5
2026-09-06T20:14:29.753+01:00 INFO : 2 points above threshold
2026-09-06T20:14:29.757+01:00 INFO : 18: generating IMRPhenomD from 30.0 Hz
2026-09-06T20:14:29.758+01:00 INFO : Decompressing waveform using inline_linear
2026-09-06T20:14:29.760+01:00 INFO : Filtering template 19/96 segment 1/5
2026-09-06T20:14:29.760+01:00 INFO : 3 points above threshold
2026-09-06T20:14:29.764+01:00 INFO : Filtering template 19/96 segment 2/5
2026-09-06T20:14:29.764+01:00 INFO : 1 points above threshold
2026-09-06T20:14:29.767+01:00 INFO : Filtering template 19/96 segment 3/5
2026-09-06T20:14:29.767+01:00 INFO : 1 points above threshold
2026-09-06T20:14:29.770+01:00 INFO : Filtering template 19/96 segment 4/5
2026-09-06T20:14:29.770+01:00 INFO : 3 points above threshold
2026-09-06T20:14:29.773+01:00 INFO : Filtering template 19/96 segment 5/5
2026-09-06T20:14:29.774+01:00 INFO : 1 points above threshold
2026-09-06T20:14:29.777+01:00 INFO : 19: generating IMRPhenomD from 30.0 Hz
2026-09-06T20:14:29.778+01:00 INFO : Decompressing waveform using inline_linear
2026-09-06T20:14:29.780+01:00 INFO : Filtering template 20/96 segment 1/5
2026-09-06T20:14:29.781+01:00 INFO : 1 points above threshold
2026-09-06T20:14:29.784+01:00 INFO : Filtering template 20/96 segment 2/5
2026-09-06T20:14:29.784+01:00 INFO : 3 points above threshold
2026-09-06T20:14:29.787+01:00 INFO : Filtering template 20/96 segment 3/5
2026-09-06T20:14:29.788+01:00 INFO : Filtering template 20/96 segment 4/5
2026-09-06T20:14:29.788+01:00 INFO : 2 points above threshold
2026-09-06T20:14:29.791+01:00 INFO : Filtering template 20/96 segment 5/5
2026-09-06T20:14:29.792+01:00 INFO : 20: generating IMRPhenomD from 30.0 Hz
2026-09-06T20:14:29.793+01:00 INFO : Decompressing waveform using inline_linear
2026-09-06T20:14:29.795+01:00 INFO : Filtering template 21/96 segment 1/5
2026-09-06T20:14:29.796+01:00 INFO : 1 points above threshold
2026-09-06T20:14:29.799+01:00 INFO : Filtering template 21/96 segment 2/5
2026-09-06T20:14:29.800+01:00 INFO : 1 points above threshold
2026-09-06T20:14:29.802+01:00 INFO : Filtering template 21/96 segment 3/5
2026-09-06T20:14:29.803+01:00 INFO : 1 points above threshold
2026-09-06T20:14:29.805+01:00 INFO : Filtering template 21/96 segment 4/5
2026-09-06T20:14:29.805+01:00 INFO : Filtering template 21/96 segment 5/5
2026-09-06T20:14:29.806+01:00 INFO : 21: generating IMRPhenomD from 30.0 Hz
2026-09-06T20:14:29.808+01:00 INFO : Decompressing waveform using inline_linear
2026-09-06T20:14:29.809+01:00 INFO : Filtering template 22/96 segment 1/5
2026-09-06T20:14:29.810+01:00 INFO : 5 points above threshold
2026-09-06T20:14:29.814+01:00 INFO : Filtering template 22/96 segment 2/5
2026-09-06T20:14:29.815+01:00 INFO : Filtering template 22/96 segment 3/5
2026-09-06T20:14:29.815+01:00 INFO : Filtering template 22/96 segment 4/5
2026-09-06T20:14:29.816+01:00 INFO : 1 points above threshold
2026-09-06T20:14:29.818+01:00 INFO : Filtering template 22/96 segment 5/5
2026-09-06T20:14:29.818+01:00 INFO : 1 points above threshold
2026-09-06T20:14:29.821+01:00 INFO : 22: generating IMRPhenomD from 30.0 Hz
2026-09-06T20:14:29.823+01:00 INFO : Decompressing waveform using inline_linear
2026-09-06T20:14:29.824+01:00 INFO : Filtering template 23/96 segment 1/5
2026-09-06T20:14:29.825+01:00 INFO : 2 points above threshold
2026-09-06T20:14:29.829+01:00 INFO : Filtering template 23/96 segment 2/5
2026-09-06T20:14:29.829+01:00 INFO : 1 points above threshold
2026-09-06T20:14:29.832+01:00 INFO : Filtering template 23/96 segment 3/5
2026-09-06T20:14:29.832+01:00 INFO : 1 points above threshold
2026-09-06T20:14:29.835+01:00 INFO : Filtering template 23/96 segment 4/5
2026-09-06T20:14:29.835+01:00 INFO : Filtering template 23/96 segment 5/5
2026-09-06T20:14:29.836+01:00 INFO : 23: generating IMRPhenomD from 30.0 Hz
2026-09-06T20:14:29.837+01:00 INFO : Decompressing waveform using inline_linear
2026-09-06T20:14:29.839+01:00 INFO : Filtering template 24/96 segment 1/5
2026-09-06T20:14:29.840+01:00 INFO : 1 points above threshold
2026-09-06T20:14:29.843+01:00 INFO : Filtering template 24/96 segment 2/5
2026-09-06T20:14:29.844+01:00 INFO : 2 points above threshold
2026-09-06T20:14:29.847+01:00 INFO : Filtering template 24/96 segment 3/5
2026-09-06T20:14:29.848+01:00 INFO : 1 points above threshold
2026-09-06T20:14:29.850+01:00 INFO : Filtering template 24/96 segment 4/5
2026-09-06T20:14:29.851+01:00 INFO : Filtering template 24/96 segment 5/5
2026-09-06T20:14:29.851+01:00 INFO : 2 points above threshold
2026-09-06T20:14:29.855+01:00 INFO : 24: generating IMRPhenomD from 30.0 Hz
2026-09-06T20:14:29.856+01:00 INFO : Decompressing waveform using inline_linear
2026-09-06T20:14:29.858+01:00 INFO : Filtering template 25/96 segment 1/5
2026-09-06T20:14:29.859+01:00 INFO : 2 points above threshold
2026-09-06T20:14:29.863+01:00 INFO : Filtering template 25/96 segment 2/5
2026-09-06T20:14:29.863+01:00 INFO : Filtering template 25/96 segment 3/5
2026-09-06T20:14:29.863+01:00 INFO : Filtering template 25/96 segment 4/5
2026-09-06T20:14:29.864+01:00 INFO : Filtering template 25/96 segment 5/5
2026-09-06T20:14:29.865+01:00 INFO : 25: generating IMRPhenomD from 30.0 Hz
2026-09-06T20:14:29.866+01:00 INFO : Decompressing waveform using inline_linear
2026-09-06T20:14:29.868+01:00 INFO : Filtering template 26/96 segment 1/5
2026-09-06T20:14:29.869+01:00 INFO : Filtering template 26/96 segment 2/5
2026-09-06T20:14:29.869+01:00 INFO : 2 points above threshold
2026-09-06T20:14:29.873+01:00 INFO : Filtering template 26/96 segment 3/5
2026-09-06T20:14:29.874+01:00 INFO : Filtering template 26/96 segment 4/5
2026-09-06T20:14:29.874+01:00 INFO : 2 points above threshold
2026-09-06T20:14:29.877+01:00 INFO : Filtering template 26/96 segment 5/5
2026-09-06T20:14:29.878+01:00 INFO : 2 points above threshold
2026-09-06T20:14:29.881+01:00 INFO : 26: generating IMRPhenomD from 30.0 Hz
2026-09-06T20:14:29.883+01:00 INFO : Decompressing waveform using inline_linear
2026-09-06T20:14:29.885+01:00 INFO : Filtering template 27/96 segment 1/5
2026-09-06T20:14:29.886+01:00 INFO : 3 points above threshold
2026-09-06T20:14:29.889+01:00 INFO : Filtering template 27/96 segment 2/5
2026-09-06T20:14:29.890+01:00 INFO : Filtering template 27/96 segment 3/5
2026-09-06T20:14:29.890+01:00 INFO : 1 points above threshold
2026-09-06T20:14:29.893+01:00 INFO : Filtering template 27/96 segment 4/5
2026-09-06T20:14:29.893+01:00 INFO : Filtering template 27/96 segment 5/5
2026-09-06T20:14:29.894+01:00 INFO : 27: generating IMRPhenomD from 30.0 Hz
2026-09-06T20:14:29.895+01:00 INFO : Decompressing waveform using inline_linear
2026-09-06T20:14:29.897+01:00 INFO : Filtering template 28/96 segment 1/5
2026-09-06T20:14:29.898+01:00 INFO : 3 points above threshold
2026-09-06T20:14:29.902+01:00 INFO : Filtering template 28/96 segment 2/5
2026-09-06T20:14:29.903+01:00 INFO : 1 points above threshold
2026-09-06T20:14:29.905+01:00 INFO : Filtering template 28/96 segment 3/5
2026-09-06T20:14:29.905+01:00 INFO : 2 points above threshold
2026-09-06T20:14:29.909+01:00 INFO : Filtering template 28/96 segment 4/5
2026-09-06T20:14:29.909+01:00 INFO : 1 points above threshold
2026-09-06T20:14:29.912+01:00 INFO : Filtering template 28/96 segment 5/5
2026-09-06T20:14:29.913+01:00 INFO : 28: generating IMRPhenomD from 30.0 Hz
2026-09-06T20:14:29.914+01:00 INFO : Decompressing waveform using inline_linear
2026-09-06T20:14:29.916+01:00 INFO : Filtering template 29/96 segment 1/5
2026-09-06T20:14:29.917+01:00 INFO : 2 points above threshold
2026-09-06T20:14:29.921+01:00 INFO : Filtering template 29/96 segment 2/5
2026-09-06T20:14:29.921+01:00 INFO : 2 points above threshold
2026-09-06T20:14:29.925+01:00 INFO : Filtering template 29/96 segment 3/5
2026-09-06T20:14:29.925+01:00 INFO : 1 points above threshold
2026-09-06T20:14:29.928+01:00 INFO : Filtering template 29/96 segment 4/5
2026-09-06T20:14:29.928+01:00 INFO : 2 points above threshold
2026-09-06T20:14:29.932+01:00 INFO : Filtering template 29/96 segment 5/5
2026-09-06T20:14:29.932+01:00 INFO : 2 points above threshold
2026-09-06T20:14:29.936+01:00 INFO : 29: generating IMRPhenomD from 30.0 Hz
2026-09-06T20:14:29.937+01:00 INFO : Decompressing waveform using inline_linear
2026-09-06T20:14:29.939+01:00 INFO : Filtering template 30/96 segment 1/5
2026-09-06T20:14:29.940+01:00 INFO : 1 points above threshold
2026-09-06T20:14:29.943+01:00 INFO : Filtering template 30/96 segment 2/5
2026-09-06T20:14:29.944+01:00 INFO : 1 points above threshold
2026-09-06T20:14:29.946+01:00 INFO : Filtering template 30/96 segment 3/5
2026-09-06T20:14:29.947+01:00 INFO : 1 points above threshold
2026-09-06T20:14:29.949+01:00 INFO : Filtering template 30/96 segment 4/5
2026-09-06T20:14:29.949+01:00 INFO : Filtering template 30/96 segment 5/5
2026-09-06T20:14:29.950+01:00 INFO : 30: generating IMRPhenomD from 30.0 Hz
2026-09-06T20:14:29.952+01:00 INFO : Decompressing waveform using inline_linear
2026-09-06T20:14:29.953+01:00 INFO : Filtering template 31/96 segment 1/5
2026-09-06T20:14:29.954+01:00 INFO : Filtering template 31/96 segment 2/5
2026-09-06T20:14:29.955+01:00 INFO : 1 points above threshold
2026-09-06T20:14:29.958+01:00 INFO : Filtering template 31/96 segment 3/5
2026-09-06T20:14:29.958+01:00 INFO : Filtering template 31/96 segment 4/5
2026-09-06T20:14:29.959+01:00 INFO : 1 points above threshold
2026-09-06T20:14:29.961+01:00 INFO : Filtering template 31/96 segment 5/5
2026-09-06T20:14:29.962+01:00 INFO : 1 points above threshold
2026-09-06T20:14:29.964+01:00 INFO : 31: generating IMRPhenomD from 30.0 Hz
2026-09-06T20:14:29.966+01:00 INFO : Decompressing waveform using inline_linear
2026-09-06T20:14:29.967+01:00 INFO : Filtering template 32/96 segment 1/5
2026-09-06T20:14:29.968+01:00 INFO : Filtering template 32/96 segment 2/5
2026-09-06T20:14:29.969+01:00 INFO : Filtering template 32/96 segment 3/5
2026-09-06T20:14:29.969+01:00 INFO : Filtering template 32/96 segment 4/5
2026-09-06T20:14:29.970+01:00 INFO : 3 points above threshold
2026-09-06T20:14:29.973+01:00 INFO : Filtering template 32/96 segment 5/5
2026-09-06T20:14:29.974+01:00 INFO : 2 points above threshold
2026-09-06T20:14:29.977+01:00 INFO : 32: generating IMRPhenomD from 30.0 Hz
2026-09-06T20:14:29.979+01:00 INFO : Decompressing waveform using inline_linear
2026-09-06T20:14:29.980+01:00 INFO : Filtering template 33/96 segment 1/5
2026-09-06T20:14:29.981+01:00 INFO : 2 points above threshold
2026-09-06T20:14:29.985+01:00 INFO : Filtering template 33/96 segment 2/5
2026-09-06T20:14:29.986+01:00 INFO : Filtering template 33/96 segment 3/5
2026-09-06T20:14:29.986+01:00 INFO : Filtering template 33/96 segment 4/5
2026-09-06T20:14:29.987+01:00 INFO : 1 points above threshold
2026-09-06T20:14:29.989+01:00 INFO : Filtering template 33/96 segment 5/5
2026-09-06T20:14:29.990+01:00 INFO : 33: generating IMRPhenomD from 30.0 Hz
2026-09-06T20:14:29.991+01:00 INFO : Decompressing waveform using inline_linear
2026-09-06T20:14:29.993+01:00 INFO : Filtering template 34/96 segment 1/5
2026-09-06T20:14:29.994+01:00 INFO : Filtering template 34/96 segment 2/5
2026-09-06T20:14:29.994+01:00 INFO : 1 points above threshold
2026-09-06T20:14:29.998+01:00 INFO : Filtering template 34/96 segment 3/5
2026-09-06T20:14:29.998+01:00 INFO : 1 points above threshold
2026-09-06T20:14:30.000+01:00 INFO : Filtering template 34/96 segment 4/5
2026-09-06T20:14:30.001+01:00 INFO : Filtering template 34/96 segment 5/5
2026-09-06T20:14:30.001+01:00 INFO : 1 points above threshold
2026-09-06T20:14:30.004+01:00 INFO : 34: generating IMRPhenomD from 30.0 Hz
2026-09-06T20:14:30.005+01:00 INFO : Decompressing waveform using inline_linear
2026-09-06T20:14:30.007+01:00 INFO : Filtering template 35/96 segment 1/5
2026-09-06T20:14:30.008+01:00 INFO : 1 points above threshold
2026-09-06T20:14:30.011+01:00 INFO : Filtering template 35/96 segment 2/5
2026-09-06T20:14:30.012+01:00 INFO : 1 points above threshold
2026-09-06T20:14:30.014+01:00 INFO : Filtering template 35/96 segment 3/5
2026-09-06T20:14:30.015+01:00 INFO : 1 points above threshold
2026-09-06T20:14:30.017+01:00 INFO : Filtering template 35/96 segment 4/5
2026-09-06T20:14:30.017+01:00 INFO : Filtering template 35/96 segment 5/5
2026-09-06T20:14:30.018+01:00 INFO : 35: generating IMRPhenomD from 30.0 Hz
2026-09-06T20:14:30.020+01:00 INFO : Decompressing waveform using inline_linear
2026-09-06T20:14:30.021+01:00 INFO : Filtering template 36/96 segment 1/5
2026-09-06T20:14:30.022+01:00 INFO : 3 points above threshold
2026-09-06T20:14:30.026+01:00 INFO : Filtering template 36/96 segment 2/5
2026-09-06T20:14:30.026+01:00 INFO : 1 points above threshold
2026-09-06T20:14:30.029+01:00 INFO : Filtering template 36/96 segment 3/5
2026-09-06T20:14:30.029+01:00 INFO : 2 points above threshold
2026-09-06T20:14:30.032+01:00 INFO : Filtering template 36/96 segment 4/5
2026-09-06T20:14:30.032+01:00 INFO : Filtering template 36/96 segment 5/5
2026-09-06T20:14:30.033+01:00 INFO : 1 points above threshold
2026-09-06T20:14:30.036+01:00 INFO : 36: generating IMRPhenomD from 30.0 Hz
2026-09-06T20:14:30.037+01:00 INFO : Decompressing waveform using inline_linear
2026-09-06T20:14:30.039+01:00 INFO : Filtering template 37/96 segment 1/5
2026-09-06T20:14:30.040+01:00 INFO : 2 points above threshold
2026-09-06T20:14:30.044+01:00 INFO : Filtering template 37/96 segment 2/5
2026-09-06T20:14:30.045+01:00 INFO : 3 points above threshold
2026-09-06T20:14:30.048+01:00 INFO : Filtering template 37/96 segment 3/5
2026-09-06T20:14:30.048+01:00 INFO : 1 points above threshold
2026-09-06T20:14:30.051+01:00 INFO : Filtering template 37/96 segment 4/5
2026-09-06T20:14:30.051+01:00 INFO : 3 points above threshold
2026-09-06T20:14:30.055+01:00 INFO : Filtering template 37/96 segment 5/5
2026-09-06T20:14:30.056+01:00 INFO : 37: generating IMRPhenomD from 30.0 Hz
2026-09-06T20:14:30.057+01:00 INFO : Decompressing waveform using inline_linear
2026-09-06T20:14:30.059+01:00 INFO : Filtering template 38/96 segment 1/5
2026-09-06T20:14:30.060+01:00 INFO : Filtering template 38/96 segment 2/5
2026-09-06T20:14:30.060+01:00 INFO : Filtering template 38/96 segment 3/5
2026-09-06T20:14:30.061+01:00 INFO : 1 points above threshold
2026-09-06T20:14:30.064+01:00 INFO : Filtering template 38/96 segment 4/5
2026-09-06T20:14:30.064+01:00 INFO : 1 points above threshold
2026-09-06T20:14:30.067+01:00 INFO : Filtering template 38/96 segment 5/5
2026-09-06T20:14:30.067+01:00 INFO : 1 points above threshold
2026-09-06T20:14:30.070+01:00 INFO : 38: generating IMRPhenomD from 30.0 Hz
2026-09-06T20:14:30.071+01:00 INFO : Decompressing waveform using inline_linear
2026-09-06T20:14:30.073+01:00 INFO : Filtering template 39/96 segment 1/5
2026-09-06T20:14:30.074+01:00 INFO : Filtering template 39/96 segment 2/5
2026-09-06T20:14:30.074+01:00 INFO : 2 points above threshold
2026-09-06T20:14:30.079+01:00 INFO : Filtering template 39/96 segment 3/5
2026-09-06T20:14:30.079+01:00 INFO : Filtering template 39/96 segment 4/5
2026-09-06T20:14:30.079+01:00 INFO : 2 points above threshold
2026-09-06T20:14:30.083+01:00 INFO : Filtering template 39/96 segment 5/5
2026-09-06T20:14:30.084+01:00 INFO : 39: generating IMRPhenomD from 30.0 Hz
2026-09-06T20:14:30.085+01:00 INFO : Decompressing waveform using inline_linear
2026-09-06T20:14:30.087+01:00 INFO : Filtering template 40/96 segment 1/5
2026-09-06T20:14:30.088+01:00 INFO : Filtering template 40/96 segment 2/5
2026-09-06T20:14:30.088+01:00 INFO : Filtering template 40/96 segment 3/5
2026-09-06T20:14:30.089+01:00 INFO : Filtering template 40/96 segment 4/5
2026-09-06T20:14:30.089+01:00 INFO : 2 points above threshold
2026-09-06T20:14:30.093+01:00 INFO : Filtering template 40/96 segment 5/5
2026-09-06T20:14:30.094+01:00 INFO : 40: generating IMRPhenomD from 30.0 Hz
2026-09-06T20:14:30.095+01:00 INFO : Decompressing waveform using inline_linear
2026-09-06T20:14:30.097+01:00 INFO : Filtering template 41/96 segment 1/5
2026-09-06T20:14:30.098+01:00 INFO : Filtering template 41/96 segment 2/5
2026-09-06T20:14:30.098+01:00 INFO : Filtering template 41/96 segment 3/5
2026-09-06T20:14:30.099+01:00 INFO : 2 points above threshold
2026-09-06T20:14:30.103+01:00 INFO : Filtering template 41/96 segment 4/5
2026-09-06T20:14:30.103+01:00 INFO : 2 points above threshold
2026-09-06T20:14:30.107+01:00 INFO : Filtering template 41/96 segment 5/5
2026-09-06T20:14:30.108+01:00 INFO : 41: generating IMRPhenomD from 30.0 Hz
2026-09-06T20:14:30.109+01:00 INFO : Decompressing waveform using inline_linear
2026-09-06T20:14:30.111+01:00 INFO : Filtering template 42/96 segment 1/5
2026-09-06T20:14:30.111+01:00 INFO : Filtering template 42/96 segment 2/5
2026-09-06T20:14:30.112+01:00 INFO : 1 points above threshold
2026-09-06T20:14:30.115+01:00 INFO : Filtering template 42/96 segment 3/5
2026-09-06T20:14:30.115+01:00 INFO : Filtering template 42/96 segment 4/5
2026-09-06T20:14:30.116+01:00 INFO : 1 points above threshold
2026-09-06T20:14:30.118+01:00 INFO : Filtering template 42/96 segment 5/5
2026-09-06T20:14:30.119+01:00 INFO : 1 points above threshold
2026-09-06T20:14:30.122+01:00 INFO : 42: generating IMRPhenomD from 30.0 Hz
2026-09-06T20:14:30.123+01:00 INFO : Decompressing waveform using inline_linear
2026-09-06T20:14:30.125+01:00 INFO : Filtering template 43/96 segment 1/5
2026-09-06T20:14:30.126+01:00 INFO : 1 points above threshold
2026-09-06T20:14:30.129+01:00 INFO : Filtering template 43/96 segment 2/5
2026-09-06T20:14:30.129+01:00 INFO : 2 points above threshold
2026-09-06T20:14:30.132+01:00 INFO : Filtering template 43/96 segment 3/5
2026-09-06T20:14:30.133+01:00 INFO : 1 points above threshold
2026-09-06T20:14:30.135+01:00 INFO : Filtering template 43/96 segment 4/5
2026-09-06T20:14:30.136+01:00 INFO : Filtering template 43/96 segment 5/5
2026-09-06T20:14:30.137+01:00 INFO : 43: generating IMRPhenomD from 30.0 Hz
2026-09-06T20:14:30.138+01:00 INFO : Decompressing waveform using inline_linear
2026-09-06T20:14:30.140+01:00 INFO : Filtering template 44/96 segment 1/5
2026-09-06T20:14:30.140+01:00 INFO : 1 points above threshold
2026-09-06T20:14:30.144+01:00 INFO : Filtering template 44/96 segment 2/5
2026-09-06T20:14:30.144+01:00 INFO : Filtering template 44/96 segment 3/5
2026-09-06T20:14:30.144+01:00 INFO : Filtering template 44/96 segment 4/5
2026-09-06T20:14:30.145+01:00 INFO : 1 points above threshold
2026-09-06T20:14:30.148+01:00 INFO : Filtering template 44/96 segment 5/5
2026-09-06T20:14:30.148+01:00 INFO : 44: generating IMRPhenomD from 30.0 Hz
2026-09-06T20:14:30.150+01:00 INFO : Decompressing waveform using inline_linear
2026-09-06T20:14:30.151+01:00 INFO : Filtering template 45/96 segment 1/5
2026-09-06T20:14:30.152+01:00 INFO : 2 points above threshold
2026-09-06T20:14:30.156+01:00 INFO : Filtering template 45/96 segment 2/5
2026-09-06T20:14:30.156+01:00 INFO : 1 points above threshold
2026-09-06T20:14:30.159+01:00 INFO : Filtering template 45/96 segment 3/5
2026-09-06T20:14:30.159+01:00 INFO : 1 points above threshold
2026-09-06T20:14:30.162+01:00 INFO : Filtering template 45/96 segment 4/5
2026-09-06T20:14:30.162+01:00 INFO : Filtering template 45/96 segment 5/5
2026-09-06T20:14:30.163+01:00 INFO : 45: generating IMRPhenomD from 30.0 Hz
2026-09-06T20:14:30.164+01:00 INFO : Decompressing waveform using inline_linear
2026-09-06T20:14:30.166+01:00 INFO : Filtering template 46/96 segment 1/5
2026-09-06T20:14:30.167+01:00 INFO : Filtering template 46/96 segment 2/5
2026-09-06T20:14:30.167+01:00 INFO : Filtering template 46/96 segment 3/5
2026-09-06T20:14:30.168+01:00 INFO : 1 points above threshold
2026-09-06T20:14:30.171+01:00 INFO : Filtering template 46/96 segment 4/5
2026-09-06T20:14:30.171+01:00 INFO : 3 points above threshold
2026-09-06T20:14:30.175+01:00 INFO : Filtering template 46/96 segment 5/5
2026-09-06T20:14:30.175+01:00 INFO : 1 points above threshold
2026-09-06T20:14:30.178+01:00 INFO : 46: generating IMRPhenomD from 30.0 Hz
2026-09-06T20:14:30.179+01:00 INFO : Decompressing waveform using inline_linear
2026-09-06T20:14:30.181+01:00 INFO : Filtering template 47/96 segment 1/5
2026-09-06T20:14:30.182+01:00 INFO : 3 points above threshold
2026-09-06T20:14:30.186+01:00 INFO : Filtering template 47/96 segment 2/5
2026-09-06T20:14:30.187+01:00 INFO : Filtering template 47/96 segment 3/5
2026-09-06T20:14:30.187+01:00 INFO : 2 points above threshold
2026-09-06T20:14:30.191+01:00 INFO : Filtering template 47/96 segment 4/5
2026-09-06T20:14:30.191+01:00 INFO : 1 points above threshold
2026-09-06T20:14:30.194+01:00 INFO : Filtering template 47/96 segment 5/5
2026-09-06T20:14:30.194+01:00 INFO : 1 points above threshold
2026-09-06T20:14:30.197+01:00 INFO : 47: generating IMRPhenomD from 30.0 Hz
2026-09-06T20:14:30.198+01:00 INFO : Decompressing waveform using inline_linear
2026-09-06T20:14:30.200+01:00 INFO : Filtering template 48/96 segment 1/5
2026-09-06T20:14:30.201+01:00 INFO : 3 points above threshold
2026-09-06T20:14:30.205+01:00 INFO : Filtering template 48/96 segment 2/5
2026-09-06T20:14:30.206+01:00 INFO : 1 points above threshold
2026-09-06T20:14:30.208+01:00 INFO : Filtering template 48/96 segment 3/5
2026-09-06T20:14:30.209+01:00 INFO : 1 points above threshold
2026-09-06T20:14:30.211+01:00 INFO : Filtering template 48/96 segment 4/5
2026-09-06T20:14:30.211+01:00 INFO : 2 points above threshold
2026-09-06T20:14:30.215+01:00 INFO : Filtering template 48/96 segment 5/5
2026-09-06T20:14:30.215+01:00 INFO : 1 points above threshold
2026-09-06T20:14:30.218+01:00 INFO : 48: generating IMRPhenomD from 30.0 Hz
2026-09-06T20:14:30.220+01:00 INFO : Decompressing waveform using inline_linear
2026-09-06T20:14:30.221+01:00 INFO : Filtering template 49/96 segment 1/5
2026-09-06T20:14:30.222+01:00 INFO : 1 points above threshold
2026-09-06T20:14:30.225+01:00 INFO : Filtering template 49/96 segment 2/5
2026-09-06T20:14:30.226+01:00 INFO : 1 points above threshold
2026-09-06T20:14:30.228+01:00 INFO : Filtering template 49/96 segment 3/5
2026-09-06T20:14:30.229+01:00 INFO : 2 points above threshold
2026-09-06T20:14:30.232+01:00 INFO : Filtering template 49/96 segment 4/5
2026-09-06T20:14:30.233+01:00 INFO : Filtering template 49/96 segment 5/5
2026-09-06T20:14:30.234+01:00 INFO : 49: generating IMRPhenomD from 30.0 Hz
2026-09-06T20:14:30.235+01:00 INFO : Decompressing waveform using inline_linear
2026-09-06T20:14:30.237+01:00 INFO : Filtering template 50/96 segment 1/5
2026-09-06T20:14:30.238+01:00 INFO : Filtering template 50/96 segment 2/5
2026-09-06T20:14:30.238+01:00 INFO : 2 points above threshold
2026-09-06T20:14:30.242+01:00 INFO : Filtering template 50/96 segment 3/5
2026-09-06T20:14:30.243+01:00 INFO : 4 points above threshold
2026-09-06T20:14:30.246+01:00 INFO : Filtering template 50/96 segment 4/5
2026-09-06T20:14:30.247+01:00 INFO : 2 points above threshold
2026-09-06T20:14:30.250+01:00 INFO : Filtering template 50/96 segment 5/5
2026-09-06T20:14:30.251+01:00 INFO : 50: generating IMRPhenomD from 30.0 Hz
2026-09-06T20:14:30.252+01:00 INFO : Decompressing waveform using inline_linear
2026-09-06T20:14:30.254+01:00 INFO : Filtering template 51/96 segment 1/5
2026-09-06T20:14:30.255+01:00 INFO : 1 points above threshold
2026-09-06T20:14:30.258+01:00 INFO : Filtering template 51/96 segment 2/5
2026-09-06T20:14:30.259+01:00 INFO : 1 points above threshold
2026-09-06T20:14:30.261+01:00 INFO : Filtering template 51/96 segment 3/5
2026-09-06T20:14:30.261+01:00 INFO : Filtering template 51/96 segment 4/5
2026-09-06T20:14:30.262+01:00 INFO : 1 points above threshold
2026-09-06T20:14:30.264+01:00 INFO : Filtering template 51/96 segment 5/5
2026-09-06T20:14:30.265+01:00 INFO : 2 points above threshold
2026-09-06T20:14:30.269+01:00 INFO : 51: generating IMRPhenomD from 30.0 Hz
2026-09-06T20:14:30.270+01:00 INFO : Decompressing waveform using inline_linear
2026-09-06T20:14:30.272+01:00 INFO : Filtering template 52/96 segment 1/5
2026-09-06T20:14:30.273+01:00 INFO : 1 points above threshold
2026-09-06T20:14:30.276+01:00 INFO : Filtering template 52/96 segment 2/5
2026-09-06T20:14:30.276+01:00 INFO : 1 points above threshold
2026-09-06T20:14:30.279+01:00 INFO : Filtering template 52/96 segment 3/5
2026-09-06T20:14:30.279+01:00 INFO : Filtering template 52/96 segment 4/5
2026-09-06T20:14:30.280+01:00 INFO : 3 points above threshold
2026-09-06T20:14:30.283+01:00 INFO : Filtering template 52/96 segment 5/5
2026-09-06T20:14:30.284+01:00 INFO : 1 points above threshold
2026-09-06T20:14:30.287+01:00 INFO : 52: generating IMRPhenomD from 30.0 Hz
2026-09-06T20:14:30.288+01:00 INFO : Decompressing waveform using inline_linear
2026-09-06T20:14:30.290+01:00 INFO : Filtering template 53/96 segment 1/5
2026-09-06T20:14:30.291+01:00 INFO : 3 points above threshold
2026-09-06T20:14:30.295+01:00 INFO : Filtering template 53/96 segment 2/5
2026-09-06T20:14:30.295+01:00 INFO : 2 points above threshold
2026-09-06T20:14:30.299+01:00 INFO : Filtering template 53/96 segment 3/5
2026-09-06T20:14:30.299+01:00 INFO : 2 points above threshold
2026-09-06T20:14:30.303+01:00 INFO : Filtering template 53/96 segment 4/5
2026-09-06T20:14:30.303+01:00 INFO : 1 points above threshold
2026-09-06T20:14:30.306+01:00 INFO : Filtering template 53/96 segment 5/5
2026-09-06T20:14:30.306+01:00 INFO : 1 points above threshold
2026-09-06T20:14:30.309+01:00 INFO : 53: generating IMRPhenomD from 30.0 Hz
2026-09-06T20:14:30.310+01:00 INFO : Decompressing waveform using inline_linear
2026-09-06T20:14:30.312+01:00 INFO : Filtering template 54/96 segment 1/5
2026-09-06T20:14:30.313+01:00 INFO : Filtering template 54/96 segment 2/5
2026-09-06T20:14:30.314+01:00 INFO : Filtering template 54/96 segment 3/5
2026-09-06T20:14:30.314+01:00 INFO : 2 points above threshold
2026-09-06T20:14:30.317+01:00 INFO : Filtering template 54/96 segment 4/5
2026-09-06T20:14:30.318+01:00 INFO : 5 points above threshold
2026-09-06T20:14:30.320+01:00 INFO : Filtering template 54/96 segment 5/5
2026-09-06T20:14:30.321+01:00 INFO : 54: generating IMRPhenomD from 30.0 Hz
2026-09-06T20:14:30.322+01:00 INFO : Decompressing waveform using inline_linear
2026-09-06T20:14:30.324+01:00 INFO : Filtering template 55/96 segment 1/5
2026-09-06T20:14:30.325+01:00 INFO : Filtering template 55/96 segment 2/5
2026-09-06T20:14:30.325+01:00 INFO : 1 points above threshold
2026-09-06T20:14:30.328+01:00 INFO : Filtering template 55/96 segment 3/5
2026-09-06T20:14:30.329+01:00 INFO : 3 points above threshold
2026-09-06T20:14:30.332+01:00 INFO : Filtering template 55/96 segment 4/5
2026-09-06T20:14:30.333+01:00 INFO : 1 points above threshold
2026-09-06T20:14:30.335+01:00 INFO : Filtering template 55/96 segment 5/5
2026-09-06T20:14:30.336+01:00 INFO : 1 points above threshold
2026-09-06T20:14:30.339+01:00 INFO : 55: generating IMRPhenomD from 30.0 Hz
2026-09-06T20:14:30.340+01:00 INFO : Decompressing waveform using inline_linear
2026-09-06T20:14:30.342+01:00 INFO : Filtering template 56/96 segment 1/5
2026-09-06T20:14:30.343+01:00 INFO : 1 points above threshold
2026-09-06T20:14:30.346+01:00 INFO : Filtering template 56/96 segment 2/5
2026-09-06T20:14:30.346+01:00 INFO : 1 points above threshold
2026-09-06T20:14:30.349+01:00 INFO : Filtering template 56/96 segment 3/5
2026-09-06T20:14:30.349+01:00 INFO : 3 points above threshold
2026-09-06T20:14:30.353+01:00 INFO : Filtering template 56/96 segment 4/5
2026-09-06T20:14:30.353+01:00 INFO : Filtering template 56/96 segment 5/5
2026-09-06T20:14:30.354+01:00 INFO : 1 points above threshold
2026-09-06T20:14:30.357+01:00 INFO : 56: generating IMRPhenomD from 30.0 Hz
2026-09-06T20:14:30.358+01:00 INFO : Decompressing waveform using inline_linear
2026-09-06T20:14:30.360+01:00 INFO : Filtering template 57/96 segment 1/5
2026-09-06T20:14:30.361+01:00 INFO : 1 points above threshold
2026-09-06T20:14:30.364+01:00 INFO : Filtering template 57/96 segment 2/5
2026-09-06T20:14:30.364+01:00 INFO : 2 points above threshold
2026-09-06T20:14:30.368+01:00 INFO : Filtering template 57/96 segment 3/5
2026-09-06T20:14:30.368+01:00 INFO : 2 points above threshold
2026-09-06T20:14:30.372+01:00 INFO : Filtering template 57/96 segment 4/5
2026-09-06T20:14:30.372+01:00 INFO : 2 points above threshold
2026-09-06T20:14:30.375+01:00 INFO : Filtering template 57/96 segment 5/5
2026-09-06T20:14:30.376+01:00 INFO : 57: generating IMRPhenomD from 30.0 Hz
2026-09-06T20:14:30.378+01:00 INFO : Decompressing waveform using inline_linear
2026-09-06T20:14:30.380+01:00 INFO : Filtering template 58/96 segment 1/5
2026-09-06T20:14:30.380+01:00 INFO : 1 points above threshold
2026-09-06T20:14:30.383+01:00 INFO : Filtering template 58/96 segment 2/5
2026-09-06T20:14:30.384+01:00 INFO : 2 points above threshold
2026-09-06T20:14:30.388+01:00 INFO : Filtering template 58/96 segment 3/5
2026-09-06T20:14:30.388+01:00 INFO : 1 points above threshold
2026-09-06T20:14:30.390+01:00 INFO : Filtering template 58/96 segment 4/5
2026-09-06T20:14:30.391+01:00 INFO : 1 points above threshold
2026-09-06T20:14:30.393+01:00 INFO : Filtering template 58/96 segment 5/5
2026-09-06T20:14:30.394+01:00 INFO : 2 points above threshold
2026-09-06T20:14:30.398+01:00 INFO : 58: generating IMRPhenomD from 30.0 Hz
2026-09-06T20:14:30.399+01:00 INFO : Decompressing waveform using inline_linear
2026-09-06T20:14:30.401+01:00 INFO : Filtering template 59/96 segment 1/5
2026-09-06T20:14:30.402+01:00 INFO : 1 points above threshold
2026-09-06T20:14:30.405+01:00 INFO : Filtering template 59/96 segment 2/5
2026-09-06T20:14:30.405+01:00 INFO : 2 points above threshold
2026-09-06T20:14:30.409+01:00 INFO : Filtering template 59/96 segment 3/5
2026-09-06T20:14:30.409+01:00 INFO : 2 points above threshold
2026-09-06T20:14:30.413+01:00 INFO : Filtering template 59/96 segment 4/5
2026-09-06T20:14:30.413+01:00 INFO : 1 points above threshold
2026-09-06T20:14:30.416+01:00 INFO : Filtering template 59/96 segment 5/5
2026-09-06T20:14:30.417+01:00 INFO : 59: generating IMRPhenomD from 30.0 Hz
2026-09-06T20:14:30.418+01:00 INFO : Decompressing waveform using inline_linear
2026-09-06T20:14:30.420+01:00 INFO : Filtering template 60/96 segment 1/5
2026-09-06T20:14:30.421+01:00 INFO : Filtering template 60/96 segment 2/5
2026-09-06T20:14:30.421+01:00 INFO : Filtering template 60/96 segment 3/5
2026-09-06T20:14:30.422+01:00 INFO : 1 points above threshold
2026-09-06T20:14:30.425+01:00 INFO : Filtering template 60/96 segment 4/5
2026-09-06T20:14:30.425+01:00 INFO : 2 points above threshold
2026-09-06T20:14:30.429+01:00 INFO : Filtering template 60/96 segment 5/5
2026-09-06T20:14:30.429+01:00 INFO : 60: generating IMRPhenomD from 30.0 Hz
2026-09-06T20:14:30.431+01:00 INFO : Decompressing waveform using inline_linear
2026-09-06T20:14:30.432+01:00 INFO : Filtering template 61/96 segment 1/5
2026-09-06T20:14:30.433+01:00 INFO : Filtering template 61/96 segment 2/5
2026-09-06T20:14:30.434+01:00 INFO : 2 points above threshold
2026-09-06T20:14:30.438+01:00 INFO : Filtering template 61/96 segment 3/5
2026-09-06T20:14:30.438+01:00 INFO : 1 points above threshold
2026-09-06T20:14:30.441+01:00 INFO : Filtering template 61/96 segment 4/5
2026-09-06T20:14:30.441+01:00 INFO : 1 points above threshold
2026-09-06T20:14:30.444+01:00 INFO : Filtering template 61/96 segment 5/5
2026-09-06T20:14:30.445+01:00 INFO : 61: generating IMRPhenomD from 30.0 Hz
2026-09-06T20:14:30.446+01:00 INFO : Decompressing waveform using inline_linear
2026-09-06T20:14:30.448+01:00 INFO : Filtering template 62/96 segment 1/5
2026-09-06T20:14:30.449+01:00 INFO : 2 points above threshold
2026-09-06T20:14:30.453+01:00 INFO : Filtering template 62/96 segment 2/5
2026-09-06T20:14:30.453+01:00 INFO : Filtering template 62/96 segment 3/5
2026-09-06T20:14:30.454+01:00 INFO : Filtering template 62/96 segment 4/5
2026-09-06T20:14:30.454+01:00 INFO : 5 points above threshold
2026-09-06T20:14:30.458+01:00 INFO : Filtering template 62/96 segment 5/5
2026-09-06T20:14:30.459+01:00 INFO : 62: generating IMRPhenomD from 30.0 Hz
2026-09-06T20:14:30.460+01:00 INFO : Decompressing waveform using inline_linear
2026-09-06T20:14:30.462+01:00 INFO : Filtering template 63/96 segment 1/5
2026-09-06T20:14:30.463+01:00 INFO : Filtering template 63/96 segment 2/5
2026-09-06T20:14:30.463+01:00 INFO : 1 points above threshold
2026-09-06T20:14:30.466+01:00 INFO : Filtering template 63/96 segment 3/5
2026-09-06T20:14:30.467+01:00 INFO : 2 points above threshold
2026-09-06T20:14:30.470+01:00 INFO : Filtering template 63/96 segment 4/5
2026-09-06T20:14:30.471+01:00 INFO : 1 points above threshold
2026-09-06T20:14:30.473+01:00 INFO : Filtering template 63/96 segment 5/5
2026-09-06T20:14:30.474+01:00 INFO : 1 points above threshold
2026-09-06T20:14:30.477+01:00 INFO : 63: generating IMRPhenomD from 30.0 Hz
2026-09-06T20:14:30.478+01:00 INFO : Decompressing waveform using inline_linear
2026-09-06T20:14:30.480+01:00 INFO : Filtering template 64/96 segment 1/5
2026-09-06T20:14:30.481+01:00 INFO : 2 points above threshold
2026-09-06T20:14:30.485+01:00 INFO : Filtering template 64/96 segment 2/5
2026-09-06T20:14:30.485+01:00 INFO : 1 points above threshold
2026-09-06T20:14:30.488+01:00 INFO : Filtering template 64/96 segment 3/5
2026-09-06T20:14:30.488+01:00 INFO : Filtering template 64/96 segment 4/5
2026-09-06T20:14:30.489+01:00 INFO : Filtering template 64/96 segment 5/5
2026-09-06T20:14:30.489+01:00 INFO : 64: generating IMRPhenomD from 30.0 Hz
2026-09-06T20:14:30.491+01:00 INFO : Decompressing waveform using inline_linear
2026-09-06T20:14:30.492+01:00 INFO : Filtering template 65/96 segment 1/5
2026-09-06T20:14:30.493+01:00 INFO : 2 points above threshold
2026-09-06T20:14:30.497+01:00 INFO : Filtering template 65/96 segment 2/5
2026-09-06T20:14:30.498+01:00 INFO : 2 points above threshold
2026-09-06T20:14:30.501+01:00 INFO : Filtering template 65/96 segment 3/5
2026-09-06T20:14:30.501+01:00 INFO : 1 points above threshold
2026-09-06T20:14:30.504+01:00 INFO : Filtering template 65/96 segment 4/5
2026-09-06T20:14:30.504+01:00 INFO : 2 points above threshold
2026-09-06T20:14:30.507+01:00 INFO : Filtering template 65/96 segment 5/5
2026-09-06T20:14:30.508+01:00 INFO : 65: generating IMRPhenomD from 30.0 Hz
2026-09-06T20:14:30.510+01:00 INFO : Decompressing waveform using inline_linear
2026-09-06T20:14:30.511+01:00 INFO : Filtering template 66/96 segment 1/5
2026-09-06T20:14:30.512+01:00 INFO : 1 points above threshold
2026-09-06T20:14:30.515+01:00 INFO : Filtering template 66/96 segment 2/5
2026-09-06T20:14:30.516+01:00 INFO : 1 points above threshold
2026-09-06T20:14:30.518+01:00 INFO : Filtering template 66/96 segment 3/5
2026-09-06T20:14:30.519+01:00 INFO : 2 points above threshold
2026-09-06T20:14:30.522+01:00 INFO : Filtering template 66/96 segment 4/5
2026-09-06T20:14:30.522+01:00 INFO : 1 points above threshold
2026-09-06T20:14:30.525+01:00 INFO : Filtering template 66/96 segment 5/5
2026-09-06T20:14:30.526+01:00 INFO : 66: generating IMRPhenomD from 30.0 Hz
2026-09-06T20:14:30.527+01:00 INFO : Decompressing waveform using inline_linear
2026-09-06T20:14:30.529+01:00 INFO : Filtering template 67/96 segment 1/5
2026-09-06T20:14:30.530+01:00 INFO : 3 points above threshold
2026-09-06T20:14:30.534+01:00 INFO : Filtering template 67/96 segment 2/5
2026-09-06T20:14:30.534+01:00 INFO : Filtering template 67/96 segment 3/5
2026-09-06T20:14:30.535+01:00 INFO : 1 points above threshold
2026-09-06T20:14:30.537+01:00 INFO : Filtering template 67/96 segment 4/5
2026-09-06T20:14:30.538+01:00 INFO : Filtering template 67/96 segment 5/5
2026-09-06T20:14:30.539+01:00 INFO : 67: generating IMRPhenomD from 30.0 Hz
2026-09-06T20:14:30.540+01:00 INFO : Decompressing waveform using inline_linear
2026-09-06T20:14:30.541+01:00 INFO : Filtering template 68/96 segment 1/5
2026-09-06T20:14:30.542+01:00 INFO : 1 points above threshold
2026-09-06T20:14:30.545+01:00 INFO : Filtering template 68/96 segment 2/5
2026-09-06T20:14:30.546+01:00 INFO : 1 points above threshold
2026-09-06T20:14:30.548+01:00 INFO : Filtering template 68/96 segment 3/5
2026-09-06T20:14:30.549+01:00 INFO : 1 points above threshold
2026-09-06T20:14:30.551+01:00 INFO : Filtering template 68/96 segment 4/5
2026-09-06T20:14:30.552+01:00 INFO : 1 points above threshold
2026-09-06T20:14:30.554+01:00 INFO : Filtering template 68/96 segment 5/5
2026-09-06T20:14:30.555+01:00 INFO : 1 points above threshold
2026-09-06T20:14:30.558+01:00 INFO : 68: generating IMRPhenomD from 30.0 Hz
2026-09-06T20:14:30.559+01:00 INFO : Decompressing waveform using inline_linear
2026-09-06T20:14:30.561+01:00 INFO : Filtering template 69/96 segment 1/5
2026-09-06T20:14:30.561+01:00 INFO : Filtering template 69/96 segment 2/5
2026-09-06T20:14:30.562+01:00 INFO : Filtering template 69/96 segment 3/5
2026-09-06T20:14:30.562+01:00 INFO : 1 points above threshold
2026-09-06T20:14:30.565+01:00 INFO : Filtering template 69/96 segment 4/5
2026-09-06T20:14:30.566+01:00 INFO : 2 points above threshold
2026-09-06T20:14:30.569+01:00 INFO : Filtering template 69/96 segment 5/5
2026-09-06T20:14:30.570+01:00 INFO : 69: generating IMRPhenomD from 30.0 Hz
2026-09-06T20:14:30.571+01:00 INFO : Decompressing waveform using inline_linear
2026-09-06T20:14:30.573+01:00 INFO : Filtering template 70/96 segment 1/5
2026-09-06T20:14:30.574+01:00 INFO : 2 points above threshold
2026-09-06T20:14:30.578+01:00 INFO : Filtering template 70/96 segment 2/5
2026-09-06T20:14:30.579+01:00 INFO : 2 points above threshold
2026-09-06T20:14:30.582+01:00 INFO : Filtering template 70/96 segment 3/5
2026-09-06T20:14:30.583+01:00 INFO : Filtering template 70/96 segment 4/5
2026-09-06T20:14:30.583+01:00 INFO : 2 points above threshold
2026-09-06T20:14:30.587+01:00 INFO : Filtering template 70/96 segment 5/5
2026-09-06T20:14:30.587+01:00 INFO : 2 points above threshold
2026-09-06T20:14:30.591+01:00 INFO : 70: generating IMRPhenomD from 30.0 Hz
2026-09-06T20:14:30.593+01:00 INFO : Decompressing waveform using inline_linear
2026-09-06T20:14:30.594+01:00 INFO : Filtering template 71/96 segment 1/5
2026-09-06T20:14:30.595+01:00 INFO : Filtering template 71/96 segment 2/5
2026-09-06T20:14:30.596+01:00 INFO : 1 points above threshold
2026-09-06T20:14:30.599+01:00 INFO : Filtering template 71/96 segment 3/5
2026-09-06T20:14:30.599+01:00 INFO : 1 points above threshold
2026-09-06T20:14:30.602+01:00 INFO : Filtering template 71/96 segment 4/5
2026-09-06T20:14:30.602+01:00 INFO : 3 points above threshold
2026-09-06T20:14:30.606+01:00 INFO : Filtering template 71/96 segment 5/5
2026-09-06T20:14:30.607+01:00 INFO : 71: generating IMRPhenomD from 30.0 Hz
2026-09-06T20:14:30.608+01:00 INFO : Decompressing waveform using inline_linear
2026-09-06T20:14:30.610+01:00 INFO : Filtering template 72/96 segment 1/5
2026-09-06T20:14:30.611+01:00 INFO : 2 points above threshold
2026-09-06T20:14:30.615+01:00 INFO : Filtering template 72/96 segment 2/5
2026-09-06T20:14:30.615+01:00 INFO : 1 points above threshold
2026-09-06T20:14:30.618+01:00 INFO : Filtering template 72/96 segment 3/5
2026-09-06T20:14:30.618+01:00 INFO : 1 points above threshold
2026-09-06T20:14:30.620+01:00 INFO : Filtering template 72/96 segment 4/5
2026-09-06T20:14:30.621+01:00 INFO : 3 points above threshold
2026-09-06T20:14:30.624+01:00 INFO : Filtering template 72/96 segment 5/5
2026-09-06T20:14:30.625+01:00 INFO : 3 points above threshold
2026-09-06T20:14:30.629+01:00 INFO : 72: generating IMRPhenomD from 30.0 Hz
2026-09-06T20:14:30.630+01:00 INFO : Decompressing waveform using inline_linear
2026-09-06T20:14:30.632+01:00 INFO : Filtering template 73/96 segment 1/5
2026-09-06T20:14:30.633+01:00 INFO : 1 points above threshold
2026-09-06T20:14:30.636+01:00 INFO : Filtering template 73/96 segment 2/5
2026-09-06T20:14:30.636+01:00 INFO : 1 points above threshold
2026-09-06T20:14:30.639+01:00 INFO : Filtering template 73/96 segment 3/5
2026-09-06T20:14:30.639+01:00 INFO : 1 points above threshold
2026-09-06T20:14:30.642+01:00 INFO : Filtering template 73/96 segment 4/5
2026-09-06T20:14:30.642+01:00 INFO : Filtering template 73/96 segment 5/5
2026-09-06T20:14:30.643+01:00 INFO : 1 points above threshold
2026-09-06T20:14:30.646+01:00 INFO : 73: generating IMRPhenomD from 30.0 Hz
2026-09-06T20:14:30.647+01:00 INFO : Decompressing waveform using inline_linear
2026-09-06T20:14:30.648+01:00 INFO : Filtering template 74/96 segment 1/5
2026-09-06T20:14:30.649+01:00 INFO : 3 points above threshold
2026-09-06T20:14:30.654+01:00 INFO : Filtering template 74/96 segment 2/5
2026-09-06T20:14:30.654+01:00 INFO : 3 points above threshold
2026-09-06T20:14:30.658+01:00 INFO : Filtering template 74/96 segment 3/5
2026-09-06T20:14:30.658+01:00 INFO : Filtering template 74/96 segment 4/5
2026-09-06T20:14:30.659+01:00 INFO : 1 points above threshold
2026-09-06T20:14:30.661+01:00 INFO : Filtering template 74/96 segment 5/5
2026-09-06T20:14:30.662+01:00 INFO : 74: generating IMRPhenomD from 30.0 Hz
2026-09-06T20:14:30.663+01:00 INFO : Decompressing waveform using inline_linear
2026-09-06T20:14:30.665+01:00 INFO : Filtering template 75/96 segment 1/5
2026-09-06T20:14:30.666+01:00 INFO : Filtering template 75/96 segment 2/5
2026-09-06T20:14:30.666+01:00 INFO : 1 points above threshold
2026-09-06T20:14:30.669+01:00 INFO : Filtering template 75/96 segment 3/5
2026-09-06T20:14:30.670+01:00 INFO : 2 points above threshold
2026-09-06T20:14:30.673+01:00 INFO : Filtering template 75/96 segment 4/5
2026-09-06T20:14:30.674+01:00 INFO : Filtering template 75/96 segment 5/5
2026-09-06T20:14:30.674+01:00 INFO : 2 points above threshold
2026-09-06T20:14:30.678+01:00 INFO : 75: generating IMRPhenomD from 30.0 Hz
2026-09-06T20:14:30.679+01:00 INFO : Decompressing waveform using inline_linear
2026-09-06T20:14:30.681+01:00 INFO : Filtering template 76/96 segment 1/5
2026-09-06T20:14:30.682+01:00 INFO : 1 points above threshold
2026-09-06T20:14:30.685+01:00 INFO : Filtering template 76/96 segment 2/5
2026-09-06T20:14:30.686+01:00 INFO : Filtering template 76/96 segment 3/5
2026-09-06T20:14:30.686+01:00 INFO : 1 points above threshold
2026-09-06T20:14:30.689+01:00 INFO : Filtering template 76/96 segment 4/5
2026-09-06T20:14:30.689+01:00 INFO : Filtering template 76/96 segment 5/5
2026-09-06T20:14:30.689+01:00 INFO : 2 points above threshold
2026-09-06T20:14:30.693+01:00 INFO : 76: generating IMRPhenomD from 30.0 Hz
2026-09-06T20:14:30.695+01:00 INFO : Decompressing waveform using inline_linear
2026-09-06T20:14:30.696+01:00 INFO : Filtering template 77/96 segment 1/5
2026-09-06T20:14:30.697+01:00 INFO : Filtering template 77/96 segment 2/5
2026-09-06T20:14:30.698+01:00 INFO : 1 points above threshold
2026-09-06T20:14:30.701+01:00 INFO : Filtering template 77/96 segment 3/5
2026-09-06T20:14:30.701+01:00 INFO : Filtering template 77/96 segment 4/5
2026-09-06T20:14:30.702+01:00 INFO : 1 points above threshold
2026-09-06T20:14:30.704+01:00 INFO : Filtering template 77/96 segment 5/5
2026-09-06T20:14:30.705+01:00 INFO : 77: generating IMRPhenomD from 30.0 Hz
2026-09-06T20:14:30.706+01:00 INFO : Decompressing waveform using inline_linear
2026-09-06T20:14:30.708+01:00 INFO : Filtering template 78/96 segment 1/5
2026-09-06T20:14:30.709+01:00 INFO : Filtering template 78/96 segment 2/5
2026-09-06T20:14:30.709+01:00 INFO : Filtering template 78/96 segment 3/5
2026-09-06T20:14:30.710+01:00 INFO : Filtering template 78/96 segment 4/5
2026-09-06T20:14:30.710+01:00 INFO : 1 points above threshold
2026-09-06T20:14:30.713+01:00 INFO : Filtering template 78/96 segment 5/5
2026-09-06T20:14:30.714+01:00 INFO : 78: generating IMRPhenomD from 30.0 Hz
2026-09-06T20:14:30.715+01:00 INFO : Decompressing waveform using inline_linear
2026-09-06T20:14:30.717+01:00 INFO : Filtering template 79/96 segment 1/5
2026-09-06T20:14:30.718+01:00 INFO : 2 points above threshold
2026-09-06T20:14:30.722+01:00 INFO : Filtering template 79/96 segment 2/5
2026-09-06T20:14:30.722+01:00 INFO : Filtering template 79/96 segment 3/5
2026-09-06T20:14:30.723+01:00 INFO : 1 points above threshold
2026-09-06T20:14:30.725+01:00 INFO : Filtering template 79/96 segment 4/5
2026-09-06T20:14:30.725+01:00 INFO : 1 points above threshold
2026-09-06T20:14:30.728+01:00 INFO : Filtering template 79/96 segment 5/5
2026-09-06T20:14:30.728+01:00 INFO : 3 points above threshold
2026-09-06T20:14:30.732+01:00 INFO : 79: generating IMRPhenomD from 30.0 Hz
2026-09-06T20:14:30.733+01:00 INFO : Decompressing waveform using inline_linear
2026-09-06T20:14:30.735+01:00 INFO : Filtering template 80/96 segment 1/5
2026-09-06T20:14:30.736+01:00 INFO : 2 points above threshold
2026-09-06T20:14:30.740+01:00 INFO : Filtering template 80/96 segment 2/5
2026-09-06T20:14:30.740+01:00 INFO : 1 points above threshold
2026-09-06T20:14:30.743+01:00 INFO : Filtering template 80/96 segment 3/5
2026-09-06T20:14:30.743+01:00 INFO : 1 points above threshold
2026-09-06T20:14:30.746+01:00 INFO : Filtering template 80/96 segment 4/5
2026-09-06T20:14:30.746+01:00 INFO : Filtering template 80/96 segment 5/5
2026-09-06T20:14:30.746+01:00 INFO : 1 points above threshold
2026-09-06T20:14:30.749+01:00 INFO : 80: generating IMRPhenomD from 30.0 Hz
2026-09-06T20:14:30.751+01:00 INFO : Decompressing waveform using inline_linear
2026-09-06T20:14:30.752+01:00 INFO : Filtering template 81/96 segment 1/5
2026-09-06T20:14:30.753+01:00 INFO : 1 points above threshold
2026-09-06T20:14:30.756+01:00 INFO : Filtering template 81/96 segment 2/5
2026-09-06T20:14:30.757+01:00 INFO : 2 points above threshold
2026-09-06T20:14:30.760+01:00 INFO : Filtering template 81/96 segment 3/5
2026-09-06T20:14:30.761+01:00 INFO : 1 points above threshold
2026-09-06T20:14:30.763+01:00 INFO : Filtering template 81/96 segment 4/5
2026-09-06T20:14:30.764+01:00 INFO : Filtering template 81/96 segment 5/5
2026-09-06T20:14:30.764+01:00 INFO : 1 points above threshold
2026-09-06T20:14:30.767+01:00 INFO : 81: generating IMRPhenomD from 30.0 Hz
2026-09-06T20:14:30.768+01:00 INFO : Decompressing waveform using inline_linear
2026-09-06T20:14:30.770+01:00 INFO : Filtering template 82/96 segment 1/5
2026-09-06T20:14:30.771+01:00 INFO : Filtering template 82/96 segment 2/5
2026-09-06T20:14:30.771+01:00 INFO : 2 points above threshold
2026-09-06T20:14:30.776+01:00 INFO : Filtering template 82/96 segment 3/5
2026-09-06T20:14:30.776+01:00 INFO : 1 points above threshold
2026-09-06T20:14:30.779+01:00 INFO : Filtering template 82/96 segment 4/5
2026-09-06T20:14:30.779+01:00 INFO : Filtering template 82/96 segment 5/5
2026-09-06T20:14:30.780+01:00 INFO : 82: generating IMRPhenomD from 30.0 Hz
2026-09-06T20:14:30.781+01:00 INFO : Decompressing waveform using inline_linear
2026-09-06T20:14:30.783+01:00 INFO : Filtering template 83/96 segment 1/5
2026-09-06T20:14:30.784+01:00 INFO : 1 points above threshold
2026-09-06T20:14:30.787+01:00 INFO : Filtering template 83/96 segment 2/5
2026-09-06T20:14:30.787+01:00 INFO : 2 points above threshold
2026-09-06T20:14:30.791+01:00 INFO : Filtering template 83/96 segment 3/5
2026-09-06T20:14:30.791+01:00 INFO : 2 points above threshold
2026-09-06T20:14:30.794+01:00 INFO : Filtering template 83/96 segment 4/5
2026-09-06T20:14:30.795+01:00 INFO : 3 points above threshold
2026-09-06T20:14:30.798+01:00 INFO : Filtering template 83/96 segment 5/5
2026-09-06T20:14:30.799+01:00 INFO : 3 points above threshold
2026-09-06T20:14:30.803+01:00 INFO : 83: generating IMRPhenomD from 30.0 Hz
2026-09-06T20:14:30.804+01:00 INFO : Decompressing waveform using inline_linear
2026-09-06T20:14:30.806+01:00 INFO : Filtering template 84/96 segment 1/5
2026-09-06T20:14:30.807+01:00 INFO : Filtering template 84/96 segment 2/5
2026-09-06T20:14:30.807+01:00 INFO : Filtering template 84/96 segment 3/5
2026-09-06T20:14:30.808+01:00 INFO : 1 points above threshold
2026-09-06T20:14:30.811+01:00 INFO : Filtering template 84/96 segment 4/5
2026-09-06T20:14:30.811+01:00 INFO : 3 points above threshold
2026-09-06T20:14:30.815+01:00 INFO : Filtering template 84/96 segment 5/5
2026-09-06T20:14:30.816+01:00 INFO : 84: generating IMRPhenomD from 30.0 Hz
2026-09-06T20:14:30.817+01:00 INFO : Decompressing waveform using inline_linear
2026-09-06T20:14:30.819+01:00 INFO : Filtering template 85/96 segment 1/5
2026-09-06T20:14:30.819+01:00 INFO : 1 points above threshold
2026-09-06T20:14:30.823+01:00 INFO : Filtering template 85/96 segment 2/5
2026-09-06T20:14:30.823+01:00 INFO : 2 points above threshold
2026-09-06T20:14:30.827+01:00 INFO : Filtering template 85/96 segment 3/5
2026-09-06T20:14:30.827+01:00 INFO : 1 points above threshold
2026-09-06T20:14:30.829+01:00 INFO : Filtering template 85/96 segment 4/5
2026-09-06T20:14:30.830+01:00 INFO : 3 points above threshold
2026-09-06T20:14:30.833+01:00 INFO : Filtering template 85/96 segment 5/5
2026-09-06T20:14:30.834+01:00 INFO : 2 points above threshold
2026-09-06T20:14:30.838+01:00 INFO : 85: generating IMRPhenomD from 30.0 Hz
2026-09-06T20:14:30.839+01:00 INFO : Decompressing waveform using inline_linear
2026-09-06T20:14:30.841+01:00 INFO : Filtering template 86/96 segment 1/5
2026-09-06T20:14:30.842+01:00 INFO : 2 points above threshold
2026-09-06T20:14:30.846+01:00 INFO : Filtering template 86/96 segment 2/5
2026-09-06T20:14:30.847+01:00 INFO : 2 points above threshold
2026-09-06T20:14:30.850+01:00 INFO : Filtering template 86/96 segment 3/5
2026-09-06T20:14:30.851+01:00 INFO : 1 points above threshold
2026-09-06T20:14:30.853+01:00 INFO : Filtering template 86/96 segment 4/5
2026-09-06T20:14:30.854+01:00 INFO : 1 points above threshold
2026-09-06T20:14:30.856+01:00 INFO : Filtering template 86/96 segment 5/5
2026-09-06T20:14:30.857+01:00 INFO : 2 points above threshold
2026-09-06T20:14:30.861+01:00 INFO : 86: generating IMRPhenomD from 30.0 Hz
2026-09-06T20:14:30.862+01:00 INFO : Decompressing waveform using inline_linear
2026-09-06T20:14:30.864+01:00 INFO : Filtering template 87/96 segment 1/5
2026-09-06T20:14:30.865+01:00 INFO : 1 points above threshold
2026-09-06T20:14:30.868+01:00 INFO : Filtering template 87/96 segment 2/5
2026-09-06T20:14:30.868+01:00 INFO : 2 points above threshold
2026-09-06T20:14:30.872+01:00 INFO : Filtering template 87/96 segment 3/5
2026-09-06T20:14:30.872+01:00 INFO : 1 points above threshold
2026-09-06T20:14:30.875+01:00 INFO : Filtering template 87/96 segment 4/5
2026-09-06T20:14:30.875+01:00 INFO : 1 points above threshold
2026-09-06T20:14:30.878+01:00 INFO : Filtering template 87/96 segment 5/5
2026-09-06T20:14:30.878+01:00 INFO : 1 points above threshold
2026-09-06T20:14:30.881+01:00 INFO : 87: generating IMRPhenomD from 30.0 Hz
2026-09-06T20:14:30.882+01:00 INFO : Decompressing waveform using inline_linear
2026-09-06T20:14:30.884+01:00 INFO : Filtering template 88/96 segment 1/5
2026-09-06T20:14:30.885+01:00 INFO : 2 points above threshold
2026-09-06T20:14:30.889+01:00 INFO : Filtering template 88/96 segment 2/5
2026-09-06T20:14:30.890+01:00 INFO : 1 points above threshold
2026-09-06T20:14:30.892+01:00 INFO : Filtering template 88/96 segment 3/5
2026-09-06T20:14:30.893+01:00 INFO : Filtering template 88/96 segment 4/5
2026-09-06T20:14:30.893+01:00 INFO : Filtering template 88/96 segment 5/5
2026-09-06T20:14:30.893+01:00 INFO : 2 points above threshold
2026-09-06T20:14:30.897+01:00 INFO : 88: generating IMRPhenomD from 30.0 Hz
2026-09-06T20:14:30.899+01:00 INFO : Decompressing waveform using inline_linear
2026-09-06T20:14:30.900+01:00 INFO : Filtering template 89/96 segment 1/5
2026-09-06T20:14:30.901+01:00 INFO : 2 points above threshold
2026-09-06T20:14:30.906+01:00 INFO : Filtering template 89/96 segment 2/5
2026-09-06T20:14:30.906+01:00 INFO : 1 points above threshold
2026-09-06T20:14:30.908+01:00 INFO : Filtering template 89/96 segment 3/5
2026-09-06T20:14:30.909+01:00 INFO : 2 points above threshold
2026-09-06T20:14:30.912+01:00 INFO : Filtering template 89/96 segment 4/5
2026-09-06T20:14:30.913+01:00 INFO : Filtering template 89/96 segment 5/5
2026-09-06T20:14:30.914+01:00 INFO : 89: generating IMRPhenomD from 30.0 Hz
2026-09-06T20:14:30.915+01:00 INFO : Decompressing waveform using inline_linear
2026-09-06T20:14:30.917+01:00 INFO : Filtering template 90/96 segment 1/5
2026-09-06T20:14:30.918+01:00 INFO : Filtering template 90/96 segment 2/5
2026-09-06T20:14:30.918+01:00 INFO : 1 points above threshold
2026-09-06T20:14:30.921+01:00 INFO : Filtering template 90/96 segment 3/5
2026-09-06T20:14:30.922+01:00 INFO : 3 points above threshold
2026-09-06T20:14:30.925+01:00 INFO : Filtering template 90/96 segment 4/5
2026-09-06T20:14:30.926+01:00 INFO : Filtering template 90/96 segment 5/5
2026-09-06T20:14:30.926+01:00 INFO : 1 points above threshold
2026-09-06T20:14:30.929+01:00 INFO : 90: generating IMRPhenomD from 30.0 Hz
2026-09-06T20:14:30.930+01:00 INFO : Decompressing waveform using inline_linear
2026-09-06T20:14:30.932+01:00 INFO : Filtering template 91/96 segment 1/5
2026-09-06T20:14:30.933+01:00 INFO : Filtering template 91/96 segment 2/5
2026-09-06T20:14:30.933+01:00 INFO : 2 points above threshold
2026-09-06T20:14:30.937+01:00 INFO : Filtering template 91/96 segment 3/5
2026-09-06T20:14:30.938+01:00 INFO : 3 points above threshold
2026-09-06T20:14:30.941+01:00 INFO : Filtering template 91/96 segment 4/5
2026-09-06T20:14:30.942+01:00 INFO : Filtering template 91/96 segment 5/5
2026-09-06T20:14:30.942+01:00 INFO : 1 points above threshold
2026-09-06T20:14:30.945+01:00 INFO : 91: generating IMRPhenomD from 30.0 Hz
2026-09-06T20:14:30.946+01:00 INFO : Decompressing waveform using inline_linear
2026-09-06T20:14:30.948+01:00 INFO : Filtering template 92/96 segment 1/5
2026-09-06T20:14:30.949+01:00 INFO : 2 points above threshold
2026-09-06T20:14:30.953+01:00 INFO : Filtering template 92/96 segment 2/5
2026-09-06T20:14:30.954+01:00 INFO : 1 points above threshold
2026-09-06T20:14:30.956+01:00 INFO : Filtering template 92/96 segment 3/5
2026-09-06T20:14:30.957+01:00 INFO : 2 points above threshold
2026-09-06T20:14:30.960+01:00 INFO : Filtering template 92/96 segment 4/5
2026-09-06T20:14:30.961+01:00 INFO : 1 points above threshold
2026-09-06T20:14:30.963+01:00 INFO : Filtering template 92/96 segment 5/5
2026-09-06T20:14:30.963+01:00 INFO : 1 points above threshold
2026-09-06T20:14:30.966+01:00 INFO : 92: generating IMRPhenomD from 30.0 Hz
2026-09-06T20:14:30.968+01:00 INFO : Decompressing waveform using inline_linear
2026-09-06T20:14:30.969+01:00 INFO : Filtering template 93/96 segment 1/5
2026-09-06T20:14:30.970+01:00 INFO : Filtering template 93/96 segment 2/5
2026-09-06T20:14:30.971+01:00 INFO : 3 points above threshold
2026-09-06T20:14:30.975+01:00 INFO : Filtering template 93/96 segment 3/5
2026-09-06T20:14:30.975+01:00 INFO : 3 points above threshold
2026-09-06T20:14:30.979+01:00 INFO : Filtering template 93/96 segment 4/5
2026-09-06T20:14:30.979+01:00 INFO : 1 points above threshold
2026-09-06T20:14:30.982+01:00 INFO : Filtering template 93/96 segment 5/5
2026-09-06T20:14:30.982+01:00 INFO : 1 points above threshold
2026-09-06T20:14:30.985+01:00 INFO : 93: generating IMRPhenomD from 30.0 Hz
2026-09-06T20:14:30.986+01:00 INFO : Decompressing waveform using inline_linear
2026-09-06T20:14:30.988+01:00 INFO : Filtering template 94/96 segment 1/5
2026-09-06T20:14:30.989+01:00 INFO : 1 points above threshold
2026-09-06T20:14:30.992+01:00 INFO : Filtering template 94/96 segment 2/5
2026-09-06T20:14:30.993+01:00 INFO : 2 points above threshold
2026-09-06T20:14:30.996+01:00 INFO : Filtering template 94/96 segment 3/5
2026-09-06T20:14:30.997+01:00 INFO : 4 points above threshold
2026-09-06T20:14:31.000+01:00 INFO : Filtering template 94/96 segment 4/5
2026-09-06T20:14:31.001+01:00 INFO : Filtering template 94/96 segment 5/5
2026-09-06T20:14:31.001+01:00 INFO : 2 points above threshold
2026-09-06T20:14:31.005+01:00 INFO : 94: generating IMRPhenomD from 30.0 Hz
2026-09-06T20:14:31.007+01:00 INFO : Decompressing waveform using inline_linear
2026-09-06T20:14:31.008+01:00 INFO : Filtering template 95/96 segment 1/5
2026-09-06T20:14:31.009+01:00 INFO : 3 points above threshold
2026-09-06T20:14:31.013+01:00 INFO : Filtering template 95/96 segment 2/5
2026-09-06T20:14:31.014+01:00 INFO : 2 points above threshold
2026-09-06T20:14:31.017+01:00 INFO : Filtering template 95/96 segment 3/5
2026-09-06T20:14:31.017+01:00 INFO : 2 points above threshold
2026-09-06T20:14:31.020+01:00 INFO : Filtering template 95/96 segment 4/5
2026-09-06T20:14:31.021+01:00 INFO : 1 points above threshold
2026-09-06T20:14:31.023+01:00 INFO : Filtering template 95/96 segment 5/5
2026-09-06T20:14:31.024+01:00 INFO : 95: generating IMRPhenomD from 30.0 Hz
2026-09-06T20:14:31.025+01:00 INFO : Decompressing waveform using inline_linear
2026-09-06T20:14:31.027+01:00 INFO : Filtering template 96/96 segment 1/5
2026-09-06T20:14:31.028+01:00 INFO : 2 points above threshold
2026-09-06T20:14:31.032+01:00 INFO : Filtering template 96/96 segment 2/5
2026-09-06T20:14:31.033+01:00 INFO : Filtering template 96/96 segment 3/5
2026-09-06T20:14:31.033+01:00 INFO : Filtering template 96/96 segment 4/5
2026-09-06T20:14:31.034+01:00 INFO : 1 points above threshold
2026-09-06T20:14:31.036+01:00 INFO : Filtering template 96/96 segment 5/5
2026-09-06T20:14:31.037+01:00 INFO : We currently have 527 triggers
2026-09-06T20:14:31.037+01:00 INFO : Removing triggers with NewSNR below threshold
2026-09-06T20:14:31.037+01:00 INFO : 475 remaining triggers
2026-09-06T20:14:31.037+01:00 INFO : Outputting 475 triggers
2026-09-06T20:14:31.037+01:00 INFO : Writing out triggers
2026-09-06T20:14:31.049+01:00 INFO : Finished
