2026-09-06T20:09:14.290+01:00 INFO : Running with CPU support: 1 threads
2026-09-06T20:09:14.290+01:00 INFO : Reading Frames
2026-09-06T20:09:21.058+01:00 INFO : Highpass Filtering
2026-09-06T20:09:21.515+01:00 INFO : Resampling data
2026-09-06T20:09:21.526+01:00 INFO : Converting to float32
/home/xangma/pycbc-torch-inspiral-reference-20260906/source-v5/pycbc/types/array.py:872: RuntimeWarning: divide by zero encountered in divide
  return self._data.__rtruediv__(other)
2026-09-06T20:09:26.695+01:00 INFO : Highpass Filtering
2026-09-06T20:09:27.159+01:00 INFO : Remove Padding
2026-09-06T20:09:27.185+01:00 INFO : Making frequency-domain data segments
2026-09-06T20:09:29.732+01:00 INFO : Overwhitening frequency-domain data segments
2026-09-06T20:09:29.752+01:00 INFO : Read in template bank
2026-09-06T20:09:29.763+01:00 INFO : Full template bank size: 96
2026-09-06T20:09:29.763+01:00 INFO : Template bank size after thinning: 96
2026-09-06T20:09:29.763+01:00 INFO : 0: generating IMRPhenomD from 30.0 Hz
2026-09-06T20:09:29.766+01:00 INFO : Decompressing waveform using inline_linear
2026-09-06T20:09:29.772+01:00 INFO : Filtering template 1/96 segment 1/5
2026-09-06T20:09:29.819+01:00 INFO : 1 points above threshold
2026-09-06T20:09:29.844+01:00 INFO : Filtering template 1/96 segment 2/5
2026-09-06T20:09:29.862+01:00 INFO : Filtering template 1/96 segment 3/5
2026-09-06T20:09:29.880+01:00 INFO : 1 points above threshold
2026-09-06T20:09:29.885+01:00 INFO : Filtering template 1/96 segment 4/5
2026-09-06T20:09:29.903+01:00 INFO : Filtering template 1/96 segment 5/5
2026-09-06T20:09:29.922+01:00 INFO : 1 points above threshold
2026-09-06T20:09:29.927+01:00 INFO : 1: generating IMRPhenomD from 30.0 Hz
2026-09-06T20:09:29.930+01:00 INFO : Decompressing waveform using inline_linear
2026-09-06T20:09:29.935+01:00 INFO : Filtering template 2/96 segment 1/5
2026-09-06T20:09:29.955+01:00 INFO : 1 points above threshold
2026-09-06T20:09:29.970+01:00 INFO : Filtering template 2/96 segment 2/5
2026-09-06T20:09:29.988+01:00 INFO : 1 points above threshold
2026-09-06T20:09:29.993+01:00 INFO : Filtering template 2/96 segment 3/5
2026-09-06T20:09:30.012+01:00 INFO : 2 points above threshold
2026-09-06T20:09:30.019+01:00 INFO : Filtering template 2/96 segment 4/5
2026-09-06T20:09:30.037+01:00 INFO : Filtering template 2/96 segment 5/5
2026-09-06T20:09:30.054+01:00 INFO : 1 points above threshold
2026-09-06T20:09:30.060+01:00 INFO : 2: generating IMRPhenomD from 30.0 Hz
2026-09-06T20:09:30.063+01:00 INFO : Decompressing waveform using inline_linear
2026-09-06T20:09:30.067+01:00 INFO : Filtering template 3/96 segment 1/5
2026-09-06T20:09:30.088+01:00 INFO : 3 points above threshold
2026-09-06T20:09:30.108+01:00 INFO : Filtering template 3/96 segment 2/5
2026-09-06T20:09:30.125+01:00 INFO : Filtering template 3/96 segment 3/5
2026-09-06T20:09:30.143+01:00 INFO : 1 points above threshold
2026-09-06T20:09:30.148+01:00 INFO : Filtering template 3/96 segment 4/5
2026-09-06T20:09:30.166+01:00 INFO : 1 points above threshold
2026-09-06T20:09:30.172+01:00 INFO : Filtering template 3/96 segment 5/5
2026-09-06T20:09:30.190+01:00 INFO : 3: generating IMRPhenomD from 30.0 Hz
2026-09-06T20:09:30.193+01:00 INFO : Decompressing waveform using inline_linear
2026-09-06T20:09:30.197+01:00 INFO : Filtering template 4/96 segment 1/5
2026-09-06T20:09:30.217+01:00 INFO : 1 points above threshold
2026-09-06T20:09:30.233+01:00 INFO : Filtering template 4/96 segment 2/5
2026-09-06T20:09:30.251+01:00 INFO : 1 points above threshold
2026-09-06T20:09:30.256+01:00 INFO : Filtering template 4/96 segment 3/5
2026-09-06T20:09:30.274+01:00 INFO : 2 points above threshold
2026-09-06T20:09:30.281+01:00 INFO : Filtering template 4/96 segment 4/5
2026-09-06T20:09:30.299+01:00 INFO : 2 points above threshold
2026-09-06T20:09:30.306+01:00 INFO : Filtering template 4/96 segment 5/5
2026-09-06T20:09:30.324+01:00 INFO : 2 points above threshold
2026-09-06T20:09:30.331+01:00 INFO : 4: generating IMRPhenomD from 30.0 Hz
2026-09-06T20:09:30.334+01:00 INFO : Decompressing waveform using inline_linear
2026-09-06T20:09:30.339+01:00 INFO : Filtering template 5/96 segment 1/5
2026-09-06T20:09:30.359+01:00 INFO : 1 points above threshold
2026-09-06T20:09:30.374+01:00 INFO : Filtering template 5/96 segment 2/5
2026-09-06T20:09:30.392+01:00 INFO : 2 points above threshold
2026-09-06T20:09:30.400+01:00 INFO : Filtering template 5/96 segment 3/5
2026-09-06T20:09:30.417+01:00 INFO : 2 points above threshold
2026-09-06T20:09:30.424+01:00 INFO : Filtering template 5/96 segment 4/5
2026-09-06T20:09:30.442+01:00 INFO : 2 points above threshold
2026-09-06T20:09:30.449+01:00 INFO : Filtering template 5/96 segment 5/5
2026-09-06T20:09:30.467+01:00 INFO : 5: generating IMRPhenomD from 30.0 Hz
2026-09-06T20:09:30.470+01:00 INFO : Decompressing waveform using inline_linear
2026-09-06T20:09:30.475+01:00 INFO : Filtering template 6/96 segment 1/5
2026-09-06T20:09:30.495+01:00 INFO : 1 points above threshold
2026-09-06T20:09:30.511+01:00 INFO : Filtering template 6/96 segment 2/5
2026-09-06T20:09:30.529+01:00 INFO : Filtering template 6/96 segment 3/5
2026-09-06T20:09:30.546+01:00 INFO : Filtering template 6/96 segment 4/5
2026-09-06T20:09:30.565+01:00 INFO : Filtering template 6/96 segment 5/5
2026-09-06T20:09:30.583+01:00 INFO : 1 points above threshold
2026-09-06T20:09:30.588+01:00 INFO : 6: generating IMRPhenomD from 30.0 Hz
2026-09-06T20:09:30.591+01:00 INFO : Decompressing waveform using inline_linear
2026-09-06T20:09:30.595+01:00 INFO : Filtering template 7/96 segment 1/5
2026-09-06T20:09:30.616+01:00 INFO : 2 points above threshold
2026-09-06T20:09:30.633+01:00 INFO : Filtering template 7/96 segment 2/5
2026-09-06T20:09:30.651+01:00 INFO : Filtering template 7/96 segment 3/5
2026-09-06T20:09:30.669+01:00 INFO : Filtering template 7/96 segment 4/5
2026-09-06T20:09:30.687+01:00 INFO : 1 points above threshold
2026-09-06T20:09:30.692+01:00 INFO : Filtering template 7/96 segment 5/5
2026-09-06T20:09:30.710+01:00 INFO : 7: generating IMRPhenomD from 30.0 Hz
2026-09-06T20:09:30.713+01:00 INFO : Decompressing waveform using inline_linear
2026-09-06T20:09:30.718+01:00 INFO : Filtering template 8/96 segment 1/5
2026-09-06T20:09:30.738+01:00 INFO : 2 points above threshold
2026-09-06T20:09:30.756+01:00 INFO : Filtering template 8/96 segment 2/5
2026-09-06T20:09:30.773+01:00 INFO : 1 points above threshold
2026-09-06T20:09:30.779+01:00 INFO : Filtering template 8/96 segment 3/5
2026-09-06T20:09:30.797+01:00 INFO : 4 points above threshold
2026-09-06T20:09:30.805+01:00 INFO : Filtering template 8/96 segment 4/5
2026-09-06T20:09:30.823+01:00 INFO : Filtering template 8/96 segment 5/5
2026-09-06T20:09:30.841+01:00 INFO : 8: generating IMRPhenomD from 30.0 Hz
2026-09-06T20:09:30.844+01:00 INFO : Decompressing waveform using inline_linear
2026-09-06T20:09:30.849+01:00 INFO : Filtering template 9/96 segment 1/5
2026-09-06T20:09:30.869+01:00 INFO : Filtering template 9/96 segment 2/5
2026-09-06T20:09:30.888+01:00 INFO : 1 points above threshold
2026-09-06T20:09:30.901+01:00 INFO : Filtering template 9/96 segment 3/5
2026-09-06T20:09:30.919+01:00 INFO : 2 points above threshold
2026-09-06T20:09:30.926+01:00 INFO : Filtering template 9/96 segment 4/5
2026-09-06T20:09:30.944+01:00 INFO : 1 points above threshold
2026-09-06T20:09:30.950+01:00 INFO : Filtering template 9/96 segment 5/5
2026-09-06T20:09:30.967+01:00 INFO : 3 points above threshold
2026-09-06T20:09:30.977+01:00 INFO : 9: generating IMRPhenomD from 30.0 Hz
2026-09-06T20:09:30.980+01:00 INFO : Decompressing waveform using inline_linear
2026-09-06T20:09:30.984+01:00 INFO : Filtering template 10/96 segment 1/5
2026-09-06T20:09:31.005+01:00 INFO : 1 points above threshold
2026-09-06T20:09:31.018+01:00 INFO : Filtering template 10/96 segment 2/5
2026-09-06T20:09:31.036+01:00 INFO : 1 points above threshold
2026-09-06T20:09:31.042+01:00 INFO : Filtering template 10/96 segment 3/5
2026-09-06T20:09:31.059+01:00 INFO : Filtering template 10/96 segment 4/5
2026-09-06T20:09:31.077+01:00 INFO : 2 points above threshold
2026-09-06T20:09:31.084+01:00 INFO : Filtering template 10/96 segment 5/5
2026-09-06T20:09:31.102+01:00 INFO : 1 points above threshold
2026-09-06T20:09:31.107+01:00 INFO : 10: generating IMRPhenomD from 30.0 Hz
2026-09-06T20:09:31.111+01:00 INFO : Decompressing waveform using inline_linear
2026-09-06T20:09:31.116+01:00 INFO : Filtering template 11/96 segment 1/5
2026-09-06T20:09:31.136+01:00 INFO : 4 points above threshold
2026-09-06T20:09:31.153+01:00 INFO : Filtering template 11/96 segment 2/5
2026-09-06T20:09:31.171+01:00 INFO : 2 points above threshold
2026-09-06T20:09:31.178+01:00 INFO : Filtering template 11/96 segment 3/5
2026-09-06T20:09:31.196+01:00 INFO : 1 points above threshold
2026-09-06T20:09:31.201+01:00 INFO : Filtering template 11/96 segment 4/5
2026-09-06T20:09:31.219+01:00 INFO : Filtering template 11/96 segment 5/5
2026-09-06T20:09:31.237+01:00 INFO : 11: generating IMRPhenomD from 30.0 Hz
2026-09-06T20:09:31.240+01:00 INFO : Decompressing waveform using inline_linear
2026-09-06T20:09:31.245+01:00 INFO : Filtering template 12/96 segment 1/5
2026-09-06T20:09:31.265+01:00 INFO : 1 points above threshold
2026-09-06T20:09:31.279+01:00 INFO : Filtering template 12/96 segment 2/5
2026-09-06T20:09:31.297+01:00 INFO : 1 points above threshold
2026-09-06T20:09:31.302+01:00 INFO : Filtering template 12/96 segment 3/5
2026-09-06T20:09:31.320+01:00 INFO : 1 points above threshold
2026-09-06T20:09:31.325+01:00 INFO : Filtering template 12/96 segment 4/5
2026-09-06T20:09:31.343+01:00 INFO : 3 points above threshold
2026-09-06T20:09:31.352+01:00 INFO : Filtering template 12/96 segment 5/5
2026-09-06T20:09:31.370+01:00 INFO : 12: generating IMRPhenomD from 30.0 Hz
2026-09-06T20:09:31.373+01:00 INFO : Decompressing waveform using inline_linear
2026-09-06T20:09:31.378+01:00 INFO : Filtering template 13/96 segment 1/5
2026-09-06T20:09:31.398+01:00 INFO : Filtering template 13/96 segment 2/5
2026-09-06T20:09:31.416+01:00 INFO : 4 points above threshold
2026-09-06T20:09:31.434+01:00 INFO : Filtering template 13/96 segment 3/5
2026-09-06T20:09:31.451+01:00 INFO : Filtering template 13/96 segment 4/5
2026-09-06T20:09:31.469+01:00 INFO : Filtering template 13/96 segment 5/5
2026-09-06T20:09:31.487+01:00 INFO : 1 points above threshold
2026-09-06T20:09:31.492+01:00 INFO : 13: generating IMRPhenomD from 30.0 Hz
2026-09-06T20:09:31.495+01:00 INFO : Decompressing waveform using inline_linear
2026-09-06T20:09:31.500+01:00 INFO : Filtering template 14/96 segment 1/5
2026-09-06T20:09:31.520+01:00 INFO : 1 points above threshold
2026-09-06T20:09:31.534+01:00 INFO : Filtering template 14/96 segment 2/5
2026-09-06T20:09:31.552+01:00 INFO : 2 points above threshold
2026-09-06T20:09:31.559+01:00 INFO : Filtering template 14/96 segment 3/5
2026-09-06T20:09:31.577+01:00 INFO : 3 points above threshold
2026-09-06T20:09:31.586+01:00 INFO : Filtering template 14/96 segment 4/5
2026-09-06T20:09:31.604+01:00 INFO : 2 points above threshold
2026-09-06T20:09:31.611+01:00 INFO : Filtering template 14/96 segment 5/5
2026-09-06T20:09:31.629+01:00 INFO : 14: generating IMRPhenomD from 30.0 Hz
2026-09-06T20:09:31.632+01:00 INFO : Decompressing waveform using inline_linear
2026-09-06T20:09:31.637+01:00 INFO : Filtering template 15/96 segment 1/5
2026-09-06T20:09:31.657+01:00 INFO : 1 points above threshold
2026-09-06T20:09:31.671+01:00 INFO : Filtering template 15/96 segment 2/5
2026-09-06T20:09:31.689+01:00 INFO : Filtering template 15/96 segment 3/5
2026-09-06T20:09:31.707+01:00 INFO : 1 points above threshold
2026-09-06T20:09:31.712+01:00 INFO : Filtering template 15/96 segment 4/5
2026-09-06T20:09:31.730+01:00 INFO : 1 points above threshold
2026-09-06T20:09:31.735+01:00 INFO : Filtering template 15/96 segment 5/5
2026-09-06T20:09:31.753+01:00 INFO : 3 points above threshold
2026-09-06T20:09:31.763+01:00 INFO : 15: generating IMRPhenomD from 30.0 Hz
2026-09-06T20:09:31.766+01:00 INFO : Decompressing waveform using inline_linear
2026-09-06T20:09:31.770+01:00 INFO : Filtering template 16/96 segment 1/5
2026-09-06T20:09:31.790+01:00 INFO : 1 points above threshold
2026-09-06T20:09:31.804+01:00 INFO : Filtering template 16/96 segment 2/5
2026-09-06T20:09:31.822+01:00 INFO : 2 points above threshold
2026-09-06T20:09:31.830+01:00 INFO : Filtering template 16/96 segment 3/5
2026-09-06T20:09:31.847+01:00 INFO : 3 points above threshold
2026-09-06T20:09:31.857+01:00 INFO : Filtering template 16/96 segment 4/5
2026-09-06T20:09:31.874+01:00 INFO : 2 points above threshold
2026-09-06T20:09:31.881+01:00 INFO : Filtering template 16/96 segment 5/5
2026-09-06T20:09:31.900+01:00 INFO : 16: generating IMRPhenomD from 30.0 Hz
2026-09-06T20:09:31.903+01:00 INFO : Decompressing waveform using inline_linear
2026-09-06T20:09:31.907+01:00 INFO : Filtering template 17/96 segment 1/5
2026-09-06T20:09:31.928+01:00 INFO : 2 points above threshold
2026-09-06T20:09:31.946+01:00 INFO : Filtering template 17/96 segment 2/5
2026-09-06T20:09:31.964+01:00 INFO : 3 points above threshold
2026-09-06T20:09:31.973+01:00 INFO : Filtering template 17/96 segment 3/5
2026-09-06T20:09:31.991+01:00 INFO : Filtering template 17/96 segment 4/5
2026-09-06T20:09:32.009+01:00 INFO : 2 points above threshold
2026-09-06T20:09:32.016+01:00 INFO : Filtering template 17/96 segment 5/5
2026-09-06T20:09:32.034+01:00 INFO : 3 points above threshold
2026-09-06T20:09:32.043+01:00 INFO : 17: generating IMRPhenomD from 30.0 Hz
2026-09-06T20:09:32.046+01:00 INFO : Decompressing waveform using inline_linear
2026-09-06T20:09:32.051+01:00 INFO : Filtering template 18/96 segment 1/5
2026-09-06T20:09:32.074+01:00 INFO : Filtering template 18/96 segment 2/5
2026-09-06T20:09:32.093+01:00 INFO : Filtering template 18/96 segment 3/5
2026-09-06T20:09:32.112+01:00 INFO : 1 points above threshold
2026-09-06T20:09:32.128+01:00 INFO : Filtering template 18/96 segment 4/5
2026-09-06T20:09:32.147+01:00 INFO : Filtering template 18/96 segment 5/5
2026-09-06T20:09:32.165+01:00 INFO : 2 points above threshold
2026-09-06T20:09:32.172+01:00 INFO : 18: generating IMRPhenomD from 30.0 Hz
2026-09-06T20:09:32.175+01:00 INFO : Decompressing waveform using inline_linear
2026-09-06T20:09:32.180+01:00 INFO : Filtering template 19/96 segment 1/5
2026-09-06T20:09:32.200+01:00 INFO : 3 points above threshold
2026-09-06T20:09:32.220+01:00 INFO : Filtering template 19/96 segment 2/5
2026-09-06T20:09:32.238+01:00 INFO : 1 points above threshold
2026-09-06T20:09:32.243+01:00 INFO : Filtering template 19/96 segment 3/5
2026-09-06T20:09:32.261+01:00 INFO : 1 points above threshold
2026-09-06T20:09:32.269+01:00 INFO : Filtering template 19/96 segment 4/5
2026-09-06T20:09:32.287+01:00 INFO : 3 points above threshold
2026-09-06T20:09:32.296+01:00 INFO : Filtering template 19/96 segment 5/5
2026-09-06T20:09:32.314+01:00 INFO : 1 points above threshold
2026-09-06T20:09:32.319+01:00 INFO : 19: generating IMRPhenomD from 30.0 Hz
2026-09-06T20:09:32.322+01:00 INFO : Decompressing waveform using inline_linear
2026-09-06T20:09:32.327+01:00 INFO : Filtering template 20/96 segment 1/5
2026-09-06T20:09:32.347+01:00 INFO : 1 points above threshold
2026-09-06T20:09:32.362+01:00 INFO : Filtering template 20/96 segment 2/5
2026-09-06T20:09:32.380+01:00 INFO : 3 points above threshold
2026-09-06T20:09:32.390+01:00 INFO : Filtering template 20/96 segment 3/5
2026-09-06T20:09:32.408+01:00 INFO : Filtering template 20/96 segment 4/5
2026-09-06T20:09:32.426+01:00 INFO : 2 points above threshold
2026-09-06T20:09:32.433+01:00 INFO : Filtering template 20/96 segment 5/5
2026-09-06T20:09:32.451+01:00 INFO : 20: generating IMRPhenomD from 30.0 Hz
2026-09-06T20:09:32.453+01:00 INFO : Decompressing waveform using inline_linear
2026-09-06T20:09:32.458+01:00 INFO : Filtering template 21/96 segment 1/5
2026-09-06T20:09:32.479+01:00 INFO : 1 points above threshold
2026-09-06T20:09:32.494+01:00 INFO : Filtering template 21/96 segment 2/5
2026-09-06T20:09:32.512+01:00 INFO : 1 points above threshold
2026-09-06T20:09:32.517+01:00 INFO : Filtering template 21/96 segment 3/5
2026-09-06T20:09:32.535+01:00 INFO : 1 points above threshold
2026-09-06T20:09:32.540+01:00 INFO : Filtering template 21/96 segment 4/5
2026-09-06T20:09:32.558+01:00 INFO : Filtering template 21/96 segment 5/5
2026-09-06T20:09:32.576+01:00 INFO : 21: generating IMRPhenomD from 30.0 Hz
2026-09-06T20:09:32.579+01:00 INFO : Decompressing waveform using inline_linear
2026-09-06T20:09:32.584+01:00 INFO : Filtering template 22/96 segment 1/5
2026-09-06T20:09:32.604+01:00 INFO : 5 points above threshold
2026-09-06T20:09:32.627+01:00 INFO : Filtering template 22/96 segment 2/5
2026-09-06T20:09:32.644+01:00 INFO : Filtering template 22/96 segment 3/5
2026-09-06T20:09:32.662+01:00 INFO : Filtering template 22/96 segment 4/5
2026-09-06T20:09:32.680+01:00 INFO : 1 points above threshold
2026-09-06T20:09:32.685+01:00 INFO : Filtering template 22/96 segment 5/5
2026-09-06T20:09:32.703+01:00 INFO : 1 points above threshold
2026-09-06T20:09:32.709+01:00 INFO : 22: generating IMRPhenomD from 30.0 Hz
2026-09-06T20:09:32.711+01:00 INFO : Decompressing waveform using inline_linear
2026-09-06T20:09:32.716+01:00 INFO : Filtering template 23/96 segment 1/5
2026-09-06T20:09:32.736+01:00 INFO : 2 points above threshold
2026-09-06T20:09:32.754+01:00 INFO : Filtering template 23/96 segment 2/5
2026-09-06T20:09:32.771+01:00 INFO : 1 points above threshold
2026-09-06T20:09:32.777+01:00 INFO : Filtering template 23/96 segment 3/5
2026-09-06T20:09:32.795+01:00 INFO : 1 points above threshold
2026-09-06T20:09:32.800+01:00 INFO : Filtering template 23/96 segment 4/5
2026-09-06T20:09:32.818+01:00 INFO : Filtering template 23/96 segment 5/5
2026-09-06T20:09:32.836+01:00 INFO : 23: generating IMRPhenomD from 30.0 Hz
2026-09-06T20:09:32.839+01:00 INFO : Decompressing waveform using inline_linear
2026-09-06T20:09:32.843+01:00 INFO : Filtering template 24/96 segment 1/5
2026-09-06T20:09:32.864+01:00 INFO : 1 points above threshold
2026-09-06T20:09:32.879+01:00 INFO : Filtering template 24/96 segment 2/5
2026-09-06T20:09:32.897+01:00 INFO : 2 points above threshold
2026-09-06T20:09:32.904+01:00 INFO : Filtering template 24/96 segment 3/5
2026-09-06T20:09:32.922+01:00 INFO : 1 points above threshold
2026-09-06T20:09:32.927+01:00 INFO : Filtering template 24/96 segment 4/5
2026-09-06T20:09:32.946+01:00 INFO : Filtering template 24/96 segment 5/5
2026-09-06T20:09:32.963+01:00 INFO : 2 points above threshold
2026-09-06T20:09:32.971+01:00 INFO : 24: generating IMRPhenomD from 30.0 Hz
2026-09-06T20:09:32.973+01:00 INFO : Decompressing waveform using inline_linear
2026-09-06T20:09:32.978+01:00 INFO : Filtering template 25/96 segment 1/5
2026-09-06T20:09:32.998+01:00 INFO : 2 points above threshold
2026-09-06T20:09:33.016+01:00 INFO : Filtering template 25/96 segment 2/5
2026-09-06T20:09:33.034+01:00 INFO : Filtering template 25/96 segment 3/5
2026-09-06T20:09:33.052+01:00 INFO : Filtering template 25/96 segment 4/5
2026-09-06T20:09:33.070+01:00 INFO : Filtering template 25/96 segment 5/5
2026-09-06T20:09:33.088+01:00 INFO : 25: generating IMRPhenomD from 30.0 Hz
2026-09-06T20:09:33.091+01:00 INFO : Decompressing waveform using inline_linear
2026-09-06T20:09:33.096+01:00 INFO : Filtering template 26/96 segment 1/5
2026-09-06T20:09:33.116+01:00 INFO : Filtering template 26/96 segment 2/5
2026-09-06T20:09:33.134+01:00 INFO : 2 points above threshold
2026-09-06T20:09:33.151+01:00 INFO : Filtering template 26/96 segment 3/5
2026-09-06T20:09:33.169+01:00 INFO : Filtering template 26/96 segment 4/5
2026-09-06T20:09:33.187+01:00 INFO : 2 points above threshold
2026-09-06T20:09:33.194+01:00 INFO : Filtering template 26/96 segment 5/5
2026-09-06T20:09:33.212+01:00 INFO : 2 points above threshold
2026-09-06T20:09:33.219+01:00 INFO : 26: generating IMRPhenomD from 30.0 Hz
2026-09-06T20:09:33.222+01:00 INFO : Decompressing waveform using inline_linear
2026-09-06T20:09:33.227+01:00 INFO : Filtering template 27/96 segment 1/5
2026-09-06T20:09:33.247+01:00 INFO : 3 points above threshold
2026-09-06T20:09:33.267+01:00 INFO : Filtering template 27/96 segment 2/5
2026-09-06T20:09:33.285+01:00 INFO : Filtering template 27/96 segment 3/5
2026-09-06T20:09:33.302+01:00 INFO : 1 points above threshold
2026-09-06T20:09:33.308+01:00 INFO : Filtering template 27/96 segment 4/5
2026-09-06T20:09:33.325+01:00 INFO : Filtering template 27/96 segment 5/5
2026-09-06T20:09:33.344+01:00 INFO : 27: generating IMRPhenomD from 30.0 Hz
2026-09-06T20:09:33.347+01:00 INFO : Decompressing waveform using inline_linear
2026-09-06T20:09:33.351+01:00 INFO : Filtering template 28/96 segment 1/5
2026-09-06T20:09:33.371+01:00 INFO : 3 points above threshold
2026-09-06T20:09:33.391+01:00 INFO : Filtering template 28/96 segment 2/5
2026-09-06T20:09:33.409+01:00 INFO : 1 points above threshold
2026-09-06T20:09:33.414+01:00 INFO : Filtering template 28/96 segment 3/5
2026-09-06T20:09:33.432+01:00 INFO : 2 points above threshold
2026-09-06T20:09:33.439+01:00 INFO : Filtering template 28/96 segment 4/5
2026-09-06T20:09:33.457+01:00 INFO : 1 points above threshold
2026-09-06T20:09:33.462+01:00 INFO : Filtering template 28/96 segment 5/5
2026-09-06T20:09:33.480+01:00 INFO : 28: generating IMRPhenomD from 30.0 Hz
2026-09-06T20:09:33.483+01:00 INFO : Decompressing waveform using inline_linear
2026-09-06T20:09:33.488+01:00 INFO : Filtering template 29/96 segment 1/5
2026-09-06T20:09:33.508+01:00 INFO : 2 points above threshold
2026-09-06T20:09:33.525+01:00 INFO : Filtering template 29/96 segment 2/5
2026-09-06T20:09:33.543+01:00 INFO : 2 points above threshold
2026-09-06T20:09:33.550+01:00 INFO : Filtering template 29/96 segment 3/5
2026-09-06T20:09:33.568+01:00 INFO : 1 points above threshold
2026-09-06T20:09:33.573+01:00 INFO : Filtering template 29/96 segment 4/5
2026-09-06T20:09:33.591+01:00 INFO : 2 points above threshold
2026-09-06T20:09:33.598+01:00 INFO : Filtering template 29/96 segment 5/5
2026-09-06T20:09:33.616+01:00 INFO : 2 points above threshold
2026-09-06T20:09:33.623+01:00 INFO : 29: generating IMRPhenomD from 30.0 Hz
2026-09-06T20:09:33.626+01:00 INFO : Decompressing waveform using inline_linear
2026-09-06T20:09:33.631+01:00 INFO : Filtering template 30/96 segment 1/5
2026-09-06T20:09:33.651+01:00 INFO : 1 points above threshold
2026-09-06T20:09:33.667+01:00 INFO : Filtering template 30/96 segment 2/5
2026-09-06T20:09:33.685+01:00 INFO : 1 points above threshold
2026-09-06T20:09:33.690+01:00 INFO : Filtering template 30/96 segment 3/5
2026-09-06T20:09:33.707+01:00 INFO : 1 points above threshold
2026-09-06T20:09:33.713+01:00 INFO : Filtering template 30/96 segment 4/5
2026-09-06T20:09:33.730+01:00 INFO : Filtering template 30/96 segment 5/5
2026-09-06T20:09:33.749+01:00 INFO : 30: generating IMRPhenomD from 30.0 Hz
2026-09-06T20:09:33.752+01:00 INFO : Decompressing waveform using inline_linear
2026-09-06T20:09:33.756+01:00 INFO : Filtering template 31/96 segment 1/5
2026-09-06T20:09:33.777+01:00 INFO : Filtering template 31/96 segment 2/5
2026-09-06T20:09:33.794+01:00 INFO : 1 points above threshold
2026-09-06T20:09:33.810+01:00 INFO : Filtering template 31/96 segment 3/5
2026-09-06T20:09:33.828+01:00 INFO : Filtering template 31/96 segment 4/5
2026-09-06T20:09:33.846+01:00 INFO : 1 points above threshold
2026-09-06T20:09:33.851+01:00 INFO : Filtering template 31/96 segment 5/5
2026-09-06T20:09:33.869+01:00 INFO : 1 points above threshold
2026-09-06T20:09:33.874+01:00 INFO : 31: generating IMRPhenomD from 30.0 Hz
2026-09-06T20:09:33.877+01:00 INFO : Decompressing waveform using inline_linear
2026-09-06T20:09:33.882+01:00 INFO : Filtering template 32/96 segment 1/5
2026-09-06T20:09:33.903+01:00 INFO : Filtering template 32/96 segment 2/5
2026-09-06T20:09:33.920+01:00 INFO : Filtering template 32/96 segment 3/5
2026-09-06T20:09:33.938+01:00 INFO : Filtering template 32/96 segment 4/5
2026-09-06T20:09:33.956+01:00 INFO : 3 points above threshold
2026-09-06T20:09:33.976+01:00 INFO : Filtering template 32/96 segment 5/5
2026-09-06T20:09:33.994+01:00 INFO : 2 points above threshold
2026-09-06T20:09:34.001+01:00 INFO : 32: generating IMRPhenomD from 30.0 Hz
2026-09-06T20:09:34.004+01:00 INFO : Decompressing waveform using inline_linear
2026-09-06T20:09:34.009+01:00 INFO : Filtering template 33/96 segment 1/5
2026-09-06T20:09:34.029+01:00 INFO : 2 points above threshold
2026-09-06T20:09:34.047+01:00 INFO : Filtering template 33/96 segment 2/5
2026-09-06T20:09:34.065+01:00 INFO : Filtering template 33/96 segment 3/5
2026-09-06T20:09:34.083+01:00 INFO : Filtering template 33/96 segment 4/5
2026-09-06T20:09:34.101+01:00 INFO : 1 points above threshold
2026-09-06T20:09:34.106+01:00 INFO : Filtering template 33/96 segment 5/5
2026-09-06T20:09:34.124+01:00 INFO : 33: generating IMRPhenomD from 30.0 Hz
2026-09-06T20:09:34.127+01:00 INFO : Decompressing waveform using inline_linear
2026-09-06T20:09:34.131+01:00 INFO : Filtering template 34/96 segment 1/5
2026-09-06T20:09:34.152+01:00 INFO : Filtering template 34/96 segment 2/5
2026-09-06T20:09:34.170+01:00 INFO : 1 points above threshold
2026-09-06T20:09:34.185+01:00 INFO : Filtering template 34/96 segment 3/5
2026-09-06T20:09:34.203+01:00 INFO : 1 points above threshold
2026-09-06T20:09:34.208+01:00 INFO : Filtering template 34/96 segment 4/5
2026-09-06T20:09:34.226+01:00 INFO : Filtering template 34/96 segment 5/5
2026-09-06T20:09:34.244+01:00 INFO : 1 points above threshold
2026-09-06T20:09:34.249+01:00 INFO : 34: generating IMRPhenomD from 30.0 Hz
2026-09-06T20:09:34.252+01:00 INFO : Decompressing waveform using inline_linear
2026-09-06T20:09:34.257+01:00 INFO : Filtering template 35/96 segment 1/5
2026-09-06T20:09:34.277+01:00 INFO : 1 points above threshold
2026-09-06T20:09:34.292+01:00 INFO : Filtering template 35/96 segment 2/5
2026-09-06T20:09:34.311+01:00 INFO : 1 points above threshold
2026-09-06T20:09:34.316+01:00 INFO : Filtering template 35/96 segment 3/5
2026-09-06T20:09:34.333+01:00 INFO : 1 points above threshold
2026-09-06T20:09:34.339+01:00 INFO : Filtering template 35/96 segment 4/5
2026-09-06T20:09:34.356+01:00 INFO : Filtering template 35/96 segment 5/5
2026-09-06T20:09:34.374+01:00 INFO : 35: generating IMRPhenomD from 30.0 Hz
2026-09-06T20:09:34.377+01:00 INFO : Decompressing waveform using inline_linear
2026-09-06T20:09:34.383+01:00 INFO : Filtering template 36/96 segment 1/5
2026-09-06T20:09:34.403+01:00 INFO : 3 points above threshold
2026-09-06T20:09:34.422+01:00 INFO : Filtering template 36/96 segment 2/5
2026-09-06T20:09:34.440+01:00 INFO : 1 points above threshold
2026-09-06T20:09:34.445+01:00 INFO : Filtering template 36/96 segment 3/5
2026-09-06T20:09:34.463+01:00 INFO : 2 points above threshold
2026-09-06T20:09:34.470+01:00 INFO : Filtering template 36/96 segment 4/5
2026-09-06T20:09:34.488+01:00 INFO : Filtering template 36/96 segment 5/5
2026-09-06T20:09:34.506+01:00 INFO : 1 points above threshold
2026-09-06T20:09:34.511+01:00 INFO : 36: generating IMRPhenomD from 30.0 Hz
2026-09-06T20:09:34.514+01:00 INFO : Decompressing waveform using inline_linear
2026-09-06T20:09:34.519+01:00 INFO : Filtering template 37/96 segment 1/5
2026-09-06T20:09:34.539+01:00 INFO : 2 points above threshold
2026-09-06T20:09:34.556+01:00 INFO : Filtering template 37/96 segment 2/5
2026-09-06T20:09:34.574+01:00 INFO : 3 points above threshold
2026-09-06T20:09:34.583+01:00 INFO : Filtering template 37/96 segment 3/5
2026-09-06T20:09:34.601+01:00 INFO : 1 points above threshold
2026-09-06T20:09:34.606+01:00 INFO : Filtering template 37/96 segment 4/5
2026-09-06T20:09:34.624+01:00 INFO : 3 points above threshold
2026-09-06T20:09:34.633+01:00 INFO : Filtering template 37/96 segment 5/5
2026-09-06T20:09:34.651+01:00 INFO : 37: generating IMRPhenomD from 30.0 Hz
2026-09-06T20:09:34.654+01:00 INFO : Decompressing waveform using inline_linear
2026-09-06T20:09:34.659+01:00 INFO : Filtering template 38/96 segment 1/5
2026-09-06T20:09:34.679+01:00 INFO : Filtering template 38/96 segment 2/5
2026-09-06T20:09:34.697+01:00 INFO : Filtering template 38/96 segment 3/5
2026-09-06T20:09:34.715+01:00 INFO : 1 points above threshold
2026-09-06T20:09:34.731+01:00 INFO : Filtering template 38/96 segment 4/5
2026-09-06T20:09:34.748+01:00 INFO : 1 points above threshold
2026-09-06T20:09:34.754+01:00 INFO : Filtering template 38/96 segment 5/5
2026-09-06T20:09:34.771+01:00 INFO : 1 points above threshold
2026-09-06T20:09:34.778+01:00 INFO : 38: generating IMRPhenomD from 30.0 Hz
2026-09-06T20:09:34.781+01:00 INFO : Decompressing waveform using inline_linear
2026-09-06T20:09:34.786+01:00 INFO : Filtering template 39/96 segment 1/5
2026-09-06T20:09:34.806+01:00 INFO : Filtering template 39/96 segment 2/5
2026-09-06T20:09:34.823+01:00 INFO : 2 points above threshold
2026-09-06T20:09:34.841+01:00 INFO : Filtering template 39/96 segment 3/5
2026-09-06T20:09:34.859+01:00 INFO : Filtering template 39/96 segment 4/5
2026-09-06T20:09:34.877+01:00 INFO : 2 points above threshold
2026-09-06T20:09:34.884+01:00 INFO : Filtering template 39/96 segment 5/5
2026-09-06T20:09:34.902+01:00 INFO : 39: generating IMRPhenomD from 30.0 Hz
2026-09-06T20:09:34.905+01:00 INFO : Decompressing waveform using inline_linear
2026-09-06T20:09:34.910+01:00 INFO : Filtering template 40/96 segment 1/5
2026-09-06T20:09:34.930+01:00 INFO : Filtering template 40/96 segment 2/5
2026-09-06T20:09:34.948+01:00 INFO : Filtering template 40/96 segment 3/5
2026-09-06T20:09:34.966+01:00 INFO : Filtering template 40/96 segment 4/5
2026-09-06T20:09:34.984+01:00 INFO : 2 points above threshold
2026-09-06T20:09:35.003+01:00 INFO : Filtering template 40/96 segment 5/5
2026-09-06T20:09:35.021+01:00 INFO : 40: generating IMRPhenomD from 30.0 Hz
2026-09-06T20:09:35.024+01:00 INFO : Decompressing waveform using inline_linear
2026-09-06T20:09:35.029+01:00 INFO : Filtering template 41/96 segment 1/5
2026-09-06T20:09:35.049+01:00 INFO : Filtering template 41/96 segment 2/5
2026-09-06T20:09:35.067+01:00 INFO : Filtering template 41/96 segment 3/5
2026-09-06T20:09:35.084+01:00 INFO : 2 points above threshold
2026-09-06T20:09:35.103+01:00 INFO : Filtering template 41/96 segment 4/5
2026-09-06T20:09:35.121+01:00 INFO : 2 points above threshold
2026-09-06T20:09:35.128+01:00 INFO : Filtering template 41/96 segment 5/5
2026-09-06T20:09:35.146+01:00 INFO : 41: generating IMRPhenomD from 30.0 Hz
2026-09-06T20:09:35.149+01:00 INFO : Decompressing waveform using inline_linear
2026-09-06T20:09:35.154+01:00 INFO : Filtering template 42/96 segment 1/5
2026-09-06T20:09:35.174+01:00 INFO : Filtering template 42/96 segment 2/5
2026-09-06T20:09:35.192+01:00 INFO : 1 points above threshold
2026-09-06T20:09:35.209+01:00 INFO : Filtering template 42/96 segment 3/5
2026-09-06T20:09:35.227+01:00 INFO : Filtering template 42/96 segment 4/5
2026-09-06T20:09:35.244+01:00 INFO : 1 points above threshold
2026-09-06T20:09:35.250+01:00 INFO : Filtering template 42/96 segment 5/5
2026-09-06T20:09:35.268+01:00 INFO : 1 points above threshold
2026-09-06T20:09:35.273+01:00 INFO : 42: generating IMRPhenomD from 30.0 Hz
2026-09-06T20:09:35.276+01:00 INFO : Decompressing waveform using inline_linear
2026-09-06T20:09:35.281+01:00 INFO : Filtering template 43/96 segment 1/5
2026-09-06T20:09:35.301+01:00 INFO : 1 points above threshold
2026-09-06T20:09:35.318+01:00 INFO : Filtering template 43/96 segment 2/5
2026-09-06T20:09:35.336+01:00 INFO : 2 points above threshold
2026-09-06T20:09:35.343+01:00 INFO : Filtering template 43/96 segment 3/5
2026-09-06T20:09:35.361+01:00 INFO : 1 points above threshold
2026-09-06T20:09:35.366+01:00 INFO : Filtering template 43/96 segment 4/5
2026-09-06T20:09:35.383+01:00 INFO : Filtering template 43/96 segment 5/5
2026-09-06T20:09:35.401+01:00 INFO : 43: generating IMRPhenomD from 30.0 Hz
2026-09-06T20:09:35.404+01:00 INFO : Decompressing waveform using inline_linear
2026-09-06T20:09:35.409+01:00 INFO : Filtering template 44/96 segment 1/5
2026-09-06T20:09:35.430+01:00 INFO : 1 points above threshold
2026-09-06T20:09:35.445+01:00 INFO : Filtering template 44/96 segment 2/5
2026-09-06T20:09:35.463+01:00 INFO : Filtering template 44/96 segment 3/5
2026-09-06T20:09:35.481+01:00 INFO : Filtering template 44/96 segment 4/5
2026-09-06T20:09:35.500+01:00 INFO : 1 points above threshold
2026-09-06T20:09:35.505+01:00 INFO : Filtering template 44/96 segment 5/5
2026-09-06T20:09:35.523+01:00 INFO : 44: generating IMRPhenomD from 30.0 Hz
2026-09-06T20:09:35.526+01:00 INFO : Decompressing waveform using inline_linear
2026-09-06T20:09:35.531+01:00 INFO : Filtering template 45/96 segment 1/5
2026-09-06T20:09:35.551+01:00 INFO : 2 points above threshold
2026-09-06T20:09:35.568+01:00 INFO : Filtering template 45/96 segment 2/5
2026-09-06T20:09:35.586+01:00 INFO : 1 points above threshold
2026-09-06T20:09:35.592+01:00 INFO : Filtering template 45/96 segment 3/5
2026-09-06T20:09:35.609+01:00 INFO : 1 points above threshold
2026-09-06T20:09:35.614+01:00 INFO : Filtering template 45/96 segment 4/5
2026-09-06T20:09:35.632+01:00 INFO : Filtering template 45/96 segment 5/5
2026-09-06T20:09:35.650+01:00 INFO : 45: generating IMRPhenomD from 30.0 Hz
2026-09-06T20:09:35.653+01:00 INFO : Decompressing waveform using inline_linear
2026-09-06T20:09:35.658+01:00 INFO : Filtering template 46/96 segment 1/5
2026-09-06T20:09:35.678+01:00 INFO : Filtering template 46/96 segment 2/5
2026-09-06T20:09:35.696+01:00 INFO : Filtering template 46/96 segment 3/5
2026-09-06T20:09:35.714+01:00 INFO : 1 points above threshold
2026-09-06T20:09:35.730+01:00 INFO : Filtering template 46/96 segment 4/5
2026-09-06T20:09:35.748+01:00 INFO : 3 points above threshold
2026-09-06T20:09:35.757+01:00 INFO : Filtering template 46/96 segment 5/5
2026-09-06T20:09:35.775+01:00 INFO : 1 points above threshold
2026-09-06T20:09:35.780+01:00 INFO : 46: generating IMRPhenomD from 30.0 Hz
2026-09-06T20:09:35.783+01:00 INFO : Decompressing waveform using inline_linear
2026-09-06T20:09:35.788+01:00 INFO : Filtering template 47/96 segment 1/5
2026-09-06T20:09:35.808+01:00 INFO : 3 points above threshold
2026-09-06T20:09:35.828+01:00 INFO : Filtering template 47/96 segment 2/5
2026-09-06T20:09:35.846+01:00 INFO : Filtering template 47/96 segment 3/5
2026-09-06T20:09:35.864+01:00 INFO : 2 points above threshold
2026-09-06T20:09:35.871+01:00 INFO : Filtering template 47/96 segment 4/5
2026-09-06T20:09:35.890+01:00 INFO : 1 points above threshold
2026-09-06T20:09:35.895+01:00 INFO : Filtering template 47/96 segment 5/5
2026-09-06T20:09:35.913+01:00 INFO : 1 points above threshold
2026-09-06T20:09:35.918+01:00 INFO : 47: generating IMRPhenomD from 30.0 Hz
2026-09-06T20:09:35.921+01:00 INFO : Decompressing waveform using inline_linear
2026-09-06T20:09:35.926+01:00 INFO : Filtering template 48/96 segment 1/5
2026-09-06T20:09:35.946+01:00 INFO : 3 points above threshold
2026-09-06T20:09:35.965+01:00 INFO : Filtering template 48/96 segment 2/5
2026-09-06T20:09:35.983+01:00 INFO : 1 points above threshold
2026-09-06T20:09:35.989+01:00 INFO : Filtering template 48/96 segment 3/5
2026-09-06T20:09:36.006+01:00 INFO : 1 points above threshold
2026-09-06T20:09:36.011+01:00 INFO : Filtering template 48/96 segment 4/5
2026-09-06T20:09:36.029+01:00 INFO : 2 points above threshold
2026-09-06T20:09:36.036+01:00 INFO : Filtering template 48/96 segment 5/5
2026-09-06T20:09:36.055+01:00 INFO : 1 points above threshold
2026-09-06T20:09:36.060+01:00 INFO : 48: generating IMRPhenomD from 30.0 Hz
2026-09-06T20:09:36.063+01:00 INFO : Decompressing waveform using inline_linear
2026-09-06T20:09:36.068+01:00 INFO : Filtering template 49/96 segment 1/5
2026-09-06T20:09:36.088+01:00 INFO : 1 points above threshold
2026-09-06T20:09:36.103+01:00 INFO : Filtering template 49/96 segment 2/5
2026-09-06T20:09:36.121+01:00 INFO : 1 points above threshold
2026-09-06T20:09:36.127+01:00 INFO : Filtering template 49/96 segment 3/5
2026-09-06T20:09:36.144+01:00 INFO : 2 points above threshold
2026-09-06T20:09:36.151+01:00 INFO : Filtering template 49/96 segment 4/5
2026-09-06T20:09:36.169+01:00 INFO : Filtering template 49/96 segment 5/5
2026-09-06T20:09:36.187+01:00 INFO : 49: generating IMRPhenomD from 30.0 Hz
2026-09-06T20:09:36.205+01:00 INFO : Decompressing waveform using inline_linear
2026-09-06T20:09:36.210+01:00 INFO : Filtering template 50/96 segment 1/5
2026-09-06T20:09:36.233+01:00 INFO : Filtering template 50/96 segment 2/5
2026-09-06T20:09:36.251+01:00 INFO : 2 points above threshold
2026-09-06T20:09:36.274+01:00 INFO : Filtering template 50/96 segment 3/5
2026-09-06T20:09:36.292+01:00 INFO : 4 points above threshold
2026-09-06T20:09:36.301+01:00 INFO : Filtering template 50/96 segment 4/5
2026-09-06T20:09:36.319+01:00 INFO : 2 points above threshold
2026-09-06T20:09:36.326+01:00 INFO : Filtering template 50/96 segment 5/5
2026-09-06T20:09:36.344+01:00 INFO : 50: generating IMRPhenomD from 30.0 Hz
2026-09-06T20:09:36.347+01:00 INFO : Decompressing waveform using inline_linear
2026-09-06T20:09:36.352+01:00 INFO : Filtering template 51/96 segment 1/5
2026-09-06T20:09:36.372+01:00 INFO : 1 points above threshold
2026-09-06T20:09:36.388+01:00 INFO : Filtering template 51/96 segment 2/5
2026-09-06T20:09:36.406+01:00 INFO : 1 points above threshold
2026-09-06T20:09:36.411+01:00 INFO : Filtering template 51/96 segment 3/5
2026-09-06T20:09:36.428+01:00 INFO : Filtering template 51/96 segment 4/5
2026-09-06T20:09:36.446+01:00 INFO : 1 points above threshold
2026-09-06T20:09:36.451+01:00 INFO : Filtering template 51/96 segment 5/5
2026-09-06T20:09:36.469+01:00 INFO : 2 points above threshold
2026-09-06T20:09:36.477+01:00 INFO : 51: generating IMRPhenomD from 30.0 Hz
2026-09-06T20:09:36.480+01:00 INFO : Decompressing waveform using inline_linear
2026-09-06T20:09:36.484+01:00 INFO : Filtering template 52/96 segment 1/5
2026-09-06T20:09:36.504+01:00 INFO : 1 points above threshold
2026-09-06T20:09:36.520+01:00 INFO : Filtering template 52/96 segment 2/5
2026-09-06T20:09:36.538+01:00 INFO : 1 points above threshold
2026-09-06T20:09:36.543+01:00 INFO : Filtering template 52/96 segment 3/5
2026-09-06T20:09:36.561+01:00 INFO : Filtering template 52/96 segment 4/5
2026-09-06T20:09:36.579+01:00 INFO : 3 points above threshold
2026-09-06T20:09:36.588+01:00 INFO : Filtering template 52/96 segment 5/5
2026-09-06T20:09:36.606+01:00 INFO : 1 points above threshold
2026-09-06T20:09:36.611+01:00 INFO : 52: generating IMRPhenomD from 30.0 Hz
2026-09-06T20:09:36.614+01:00 INFO : Decompressing waveform using inline_linear
2026-09-06T20:09:36.619+01:00 INFO : Filtering template 53/96 segment 1/5
2026-09-06T20:09:36.639+01:00 INFO : 3 points above threshold
2026-09-06T20:09:36.659+01:00 INFO : Filtering template 53/96 segment 2/5
2026-09-06T20:09:36.677+01:00 INFO : 2 points above threshold
2026-09-06T20:09:36.684+01:00 INFO : Filtering template 53/96 segment 3/5
2026-09-06T20:09:36.702+01:00 INFO : 2 points above threshold
2026-09-06T20:09:36.709+01:00 INFO : Filtering template 53/96 segment 4/5
2026-09-06T20:09:36.727+01:00 INFO : 1 points above threshold
2026-09-06T20:09:36.732+01:00 INFO : Filtering template 53/96 segment 5/5
2026-09-06T20:09:36.750+01:00 INFO : 1 points above threshold
2026-09-06T20:09:36.755+01:00 INFO : 53: generating IMRPhenomD from 30.0 Hz
2026-09-06T20:09:36.758+01:00 INFO : Decompressing waveform using inline_linear
2026-09-06T20:09:36.763+01:00 INFO : Filtering template 54/96 segment 1/5
2026-09-06T20:09:36.783+01:00 INFO : Filtering template 54/96 segment 2/5
2026-09-06T20:09:36.801+01:00 INFO : Filtering template 54/96 segment 3/5
2026-09-06T20:09:36.819+01:00 INFO : 2 points above threshold
2026-09-06T20:09:36.836+01:00 INFO : Filtering template 54/96 segment 4/5
2026-09-06T20:09:36.854+01:00 INFO : 5 points above threshold
2026-09-06T20:09:36.866+01:00 INFO : Filtering template 54/96 segment 5/5
2026-09-06T20:09:36.884+01:00 INFO : 54: generating IMRPhenomD from 30.0 Hz
2026-09-06T20:09:36.887+01:00 INFO : Decompressing waveform using inline_linear
2026-09-06T20:09:36.892+01:00 INFO : Filtering template 55/96 segment 1/5
2026-09-06T20:09:36.912+01:00 INFO : Filtering template 55/96 segment 2/5
2026-09-06T20:09:36.930+01:00 INFO : 1 points above threshold
2026-09-06T20:09:36.946+01:00 INFO : Filtering template 55/96 segment 3/5
2026-09-06T20:09:36.964+01:00 INFO : 3 points above threshold
2026-09-06T20:09:36.973+01:00 INFO : Filtering template 55/96 segment 4/5
2026-09-06T20:09:36.991+01:00 INFO : 1 points above threshold
2026-09-06T20:09:36.997+01:00 INFO : Filtering template 55/96 segment 5/5
2026-09-06T20:09:37.015+01:00 INFO : 1 points above threshold
2026-09-06T20:09:37.020+01:00 INFO : 55: generating IMRPhenomD from 30.0 Hz
2026-09-06T20:09:37.023+01:00 INFO : Decompressing waveform using inline_linear
2026-09-06T20:09:37.028+01:00 INFO : Filtering template 56/96 segment 1/5
2026-09-06T20:09:37.048+01:00 INFO : 1 points above threshold
2026-09-06T20:09:37.064+01:00 INFO : Filtering template 56/96 segment 2/5
2026-09-06T20:09:37.081+01:00 INFO : 1 points above threshold
2026-09-06T20:09:37.087+01:00 INFO : Filtering template 56/96 segment 3/5
2026-09-06T20:09:37.105+01:00 INFO : 3 points above threshold
2026-09-06T20:09:37.114+01:00 INFO : Filtering template 56/96 segment 4/5
2026-09-06T20:09:37.132+01:00 INFO : Filtering template 56/96 segment 5/5
2026-09-06T20:09:37.152+01:00 INFO : 1 points above threshold
2026-09-06T20:09:37.159+01:00 INFO : 56: generating IMRPhenomD from 30.0 Hz
2026-09-06T20:09:37.162+01:00 INFO : Decompressing waveform using inline_linear
2026-09-06T20:09:37.166+01:00 INFO : Filtering template 57/96 segment 1/5
2026-09-06T20:09:37.188+01:00 INFO : 1 points above threshold
2026-09-06T20:09:37.205+01:00 INFO : Filtering template 57/96 segment 2/5
2026-09-06T20:09:37.225+01:00 INFO : 2 points above threshold
2026-09-06T20:09:37.232+01:00 INFO : Filtering template 57/96 segment 3/5
2026-09-06T20:09:37.252+01:00 INFO : 2 points above threshold
2026-09-06T20:09:37.259+01:00 INFO : Filtering template 57/96 segment 4/5
2026-09-06T20:09:37.277+01:00 INFO : 2 points above threshold
2026-09-06T20:09:37.284+01:00 INFO : Filtering template 57/96 segment 5/5
2026-09-06T20:09:37.302+01:00 INFO : 57: generating IMRPhenomD from 30.0 Hz
2026-09-06T20:09:37.305+01:00 INFO : Decompressing waveform using inline_linear
2026-09-06T20:09:37.310+01:00 INFO : Filtering template 58/96 segment 1/5
2026-09-06T20:09:37.330+01:00 INFO : 1 points above threshold
2026-09-06T20:09:37.346+01:00 INFO : Filtering template 58/96 segment 2/5
2026-09-06T20:09:37.364+01:00 INFO : 2 points above threshold
2026-09-06T20:09:37.371+01:00 INFO : Filtering template 58/96 segment 3/5
2026-09-06T20:09:37.389+01:00 INFO : 1 points above threshold
2026-09-06T20:09:37.394+01:00 INFO : Filtering template 58/96 segment 4/5
2026-09-06T20:09:37.411+01:00 INFO : 1 points above threshold
2026-09-06T20:09:37.417+01:00 INFO : Filtering template 58/96 segment 5/5
2026-09-06T20:09:37.435+01:00 INFO : 2 points above threshold
2026-09-06T20:09:37.442+01:00 INFO : 58: generating IMRPhenomD from 30.0 Hz
2026-09-06T20:09:37.445+01:00 INFO : Decompressing waveform using inline_linear
2026-09-06T20:09:37.450+01:00 INFO : Filtering template 59/96 segment 1/5
2026-09-06T20:09:37.470+01:00 INFO : 1 points above threshold
2026-09-06T20:09:37.485+01:00 INFO : Filtering template 59/96 segment 2/5
2026-09-06T20:09:37.503+01:00 INFO : 2 points above threshold
2026-09-06T20:09:37.510+01:00 INFO : Filtering template 59/96 segment 3/5
2026-09-06T20:09:37.528+01:00 INFO : 2 points above threshold
2026-09-06T20:09:37.535+01:00 INFO : Filtering template 59/96 segment 4/5
2026-09-06T20:09:37.553+01:00 INFO : 1 points above threshold
2026-09-06T20:09:37.558+01:00 INFO : Filtering template 59/96 segment 5/5
2026-09-06T20:09:37.577+01:00 INFO : 59: generating IMRPhenomD from 30.0 Hz
2026-09-06T20:09:37.579+01:00 INFO : Decompressing waveform using inline_linear
2026-09-06T20:09:37.584+01:00 INFO : Filtering template 60/96 segment 1/5
2026-09-06T20:09:37.604+01:00 INFO : Filtering template 60/96 segment 2/5
2026-09-06T20:09:37.622+01:00 INFO : Filtering template 60/96 segment 3/5
2026-09-06T20:09:37.640+01:00 INFO : 1 points above threshold
2026-09-06T20:09:37.656+01:00 INFO : Filtering template 60/96 segment 4/5
2026-09-06T20:09:37.674+01:00 INFO : 2 points above threshold
2026-09-06T20:09:37.681+01:00 INFO : Filtering template 60/96 segment 5/5
2026-09-06T20:09:37.699+01:00 INFO : 60: generating IMRPhenomD from 30.0 Hz
2026-09-06T20:09:37.702+01:00 INFO : Decompressing waveform using inline_linear
2026-09-06T20:09:37.707+01:00 INFO : Filtering template 61/96 segment 1/5
2026-09-06T20:09:37.727+01:00 INFO : Filtering template 61/96 segment 2/5
2026-09-06T20:09:37.745+01:00 INFO : 2 points above threshold
2026-09-06T20:09:37.762+01:00 INFO : Filtering template 61/96 segment 3/5
2026-09-06T20:09:37.780+01:00 INFO : 1 points above threshold
2026-09-06T20:09:37.785+01:00 INFO : Filtering template 61/96 segment 4/5
2026-09-06T20:09:37.803+01:00 INFO : 1 points above threshold
2026-09-06T20:09:37.809+01:00 INFO : Filtering template 61/96 segment 5/5
2026-09-06T20:09:37.826+01:00 INFO : 61: generating IMRPhenomD from 30.0 Hz
2026-09-06T20:09:37.829+01:00 INFO : Decompressing waveform using inline_linear
2026-09-06T20:09:37.834+01:00 INFO : Filtering template 62/96 segment 1/5
2026-09-06T20:09:37.854+01:00 INFO : 2 points above threshold
2026-09-06T20:09:37.871+01:00 INFO : Filtering template 62/96 segment 2/5
2026-09-06T20:09:37.890+01:00 INFO : Filtering template 62/96 segment 3/5
2026-09-06T20:09:37.908+01:00 INFO : Filtering template 62/96 segment 4/5
2026-09-06T20:09:37.926+01:00 INFO : 5 points above threshold
2026-09-06T20:09:37.938+01:00 INFO : Filtering template 62/96 segment 5/5
2026-09-06T20:09:37.956+01:00 INFO : 62: generating IMRPhenomD from 30.0 Hz
2026-09-06T20:09:37.958+01:00 INFO : Decompressing waveform using inline_linear
2026-09-06T20:09:37.963+01:00 INFO : Filtering template 63/96 segment 1/5
2026-09-06T20:09:37.984+01:00 INFO : Filtering template 63/96 segment 2/5
2026-09-06T20:09:38.002+01:00 INFO : 1 points above threshold
2026-09-06T20:09:38.018+01:00 INFO : Filtering template 63/96 segment 3/5
2026-09-06T20:09:38.036+01:00 INFO : 2 points above threshold
2026-09-06T20:09:38.043+01:00 INFO : Filtering template 63/96 segment 4/5
2026-09-06T20:09:38.061+01:00 INFO : 1 points above threshold
2026-09-06T20:09:38.066+01:00 INFO : Filtering template 63/96 segment 5/5
2026-09-06T20:09:38.084+01:00 INFO : 1 points above threshold
2026-09-06T20:09:38.090+01:00 INFO : 63: generating IMRPhenomD from 30.0 Hz
2026-09-06T20:09:38.092+01:00 INFO : Decompressing waveform using inline_linear
2026-09-06T20:09:38.097+01:00 INFO : Filtering template 64/96 segment 1/5
2026-09-06T20:09:38.117+01:00 INFO : 2 points above threshold
2026-09-06T20:09:38.135+01:00 INFO : Filtering template 64/96 segment 2/5
2026-09-06T20:09:38.153+01:00 INFO : 1 points above threshold
2026-09-06T20:09:38.158+01:00 INFO : Filtering template 64/96 segment 3/5
2026-09-06T20:09:38.175+01:00 INFO : Filtering template 64/96 segment 4/5
2026-09-06T20:09:38.193+01:00 INFO : Filtering template 64/96 segment 5/5
2026-09-06T20:09:38.212+01:00 INFO : 64: generating IMRPhenomD from 30.0 Hz
2026-09-06T20:09:38.215+01:00 INFO : Decompressing waveform using inline_linear
2026-09-06T20:09:38.219+01:00 INFO : Filtering template 65/96 segment 1/5
2026-09-06T20:09:38.239+01:00 INFO : 2 points above threshold
2026-09-06T20:09:38.257+01:00 INFO : Filtering template 65/96 segment 2/5
2026-09-06T20:09:38.275+01:00 INFO : 2 points above threshold
2026-09-06T20:09:38.282+01:00 INFO : Filtering template 65/96 segment 3/5
2026-09-06T20:09:38.300+01:00 INFO : 1 points above threshold
2026-09-06T20:09:38.305+01:00 INFO : Filtering template 65/96 segment 4/5
2026-09-06T20:09:38.323+01:00 INFO : 2 points above threshold
2026-09-06T20:09:38.330+01:00 INFO : Filtering template 65/96 segment 5/5
2026-09-06T20:09:38.348+01:00 INFO : 65: generating IMRPhenomD from 30.0 Hz
2026-09-06T20:09:38.351+01:00 INFO : Decompressing waveform using inline_linear
2026-09-06T20:09:38.356+01:00 INFO : Filtering template 66/96 segment 1/5
2026-09-06T20:09:38.376+01:00 INFO : 1 points above threshold
2026-09-06T20:09:38.392+01:00 INFO : Filtering template 66/96 segment 2/5
2026-09-06T20:09:38.409+01:00 INFO : 1 points above threshold
2026-09-06T20:09:38.414+01:00 INFO : Filtering template 66/96 segment 3/5
2026-09-06T20:09:38.432+01:00 INFO : 2 points above threshold
2026-09-06T20:09:38.439+01:00 INFO : Filtering template 66/96 segment 4/5
2026-09-06T20:09:38.457+01:00 INFO : 1 points above threshold
2026-09-06T20:09:38.462+01:00 INFO : Filtering template 66/96 segment 5/5
2026-09-06T20:09:38.480+01:00 INFO : 66: generating IMRPhenomD from 30.0 Hz
2026-09-06T20:09:38.483+01:00 INFO : Decompressing waveform using inline_linear
2026-09-06T20:09:38.488+01:00 INFO : Filtering template 67/96 segment 1/5
2026-09-06T20:09:38.508+01:00 INFO : 3 points above threshold
2026-09-06T20:09:38.528+01:00 INFO : Filtering template 67/96 segment 2/5
2026-09-06T20:09:38.546+01:00 INFO : Filtering template 67/96 segment 3/5
2026-09-06T20:09:38.564+01:00 INFO : 1 points above threshold
2026-09-06T20:09:38.569+01:00 INFO : Filtering template 67/96 segment 4/5
2026-09-06T20:09:38.586+01:00 INFO : Filtering template 67/96 segment 5/5
2026-09-06T20:09:38.604+01:00 INFO : 67: generating IMRPhenomD from 30.0 Hz
2026-09-06T20:09:38.608+01:00 INFO : Decompressing waveform using inline_linear
2026-09-06T20:09:38.613+01:00 INFO : Filtering template 68/96 segment 1/5
2026-09-06T20:09:38.633+01:00 INFO : 1 points above threshold
2026-09-06T20:09:38.648+01:00 INFO : Filtering template 68/96 segment 2/5
2026-09-06T20:09:38.666+01:00 INFO : 1 points above threshold
2026-09-06T20:09:38.671+01:00 INFO : Filtering template 68/96 segment 3/5
2026-09-06T20:09:38.689+01:00 INFO : 1 points above threshold
2026-09-06T20:09:38.694+01:00 INFO : Filtering template 68/96 segment 4/5
2026-09-06T20:09:38.712+01:00 INFO : 1 points above threshold
2026-09-06T20:09:38.717+01:00 INFO : Filtering template 68/96 segment 5/5
2026-09-06T20:09:38.735+01:00 INFO : 1 points above threshold
2026-09-06T20:09:38.740+01:00 INFO : 68: generating IMRPhenomD from 30.0 Hz
2026-09-06T20:09:38.743+01:00 INFO : Decompressing waveform using inline_linear
2026-09-06T20:09:38.748+01:00 INFO : Filtering template 69/96 segment 1/5
2026-09-06T20:09:38.769+01:00 INFO : Filtering template 69/96 segment 2/5
2026-09-06T20:09:38.786+01:00 INFO : Filtering template 69/96 segment 3/5
2026-09-06T20:09:38.804+01:00 INFO : 1 points above threshold
2026-09-06T20:09:38.820+01:00 INFO : Filtering template 69/96 segment 4/5
2026-09-06T20:09:38.837+01:00 INFO : 2 points above threshold
2026-09-06T20:09:38.844+01:00 INFO : Filtering template 69/96 segment 5/5
2026-09-06T20:09:38.863+01:00 INFO : 69: generating IMRPhenomD from 30.0 Hz
2026-09-06T20:09:38.866+01:00 INFO : Decompressing waveform using inline_linear
2026-09-06T20:09:38.871+01:00 INFO : Filtering template 70/96 segment 1/5
2026-09-06T20:09:38.891+01:00 INFO : 2 points above threshold
2026-09-06T20:09:38.908+01:00 INFO : Filtering template 70/96 segment 2/5
2026-09-06T20:09:38.926+01:00 INFO : 2 points above threshold
2026-09-06T20:09:38.933+01:00 INFO : Filtering template 70/96 segment 3/5
2026-09-06T20:09:38.951+01:00 INFO : Filtering template 70/96 segment 4/5
2026-09-06T20:09:38.969+01:00 INFO : 2 points above threshold
2026-09-06T20:09:38.976+01:00 INFO : Filtering template 70/96 segment 5/5
2026-09-06T20:09:38.994+01:00 INFO : 2 points above threshold
2026-09-06T20:09:39.001+01:00 INFO : 70: generating IMRPhenomD from 30.0 Hz
2026-09-06T20:09:39.004+01:00 INFO : Decompressing waveform using inline_linear
2026-09-06T20:09:39.009+01:00 INFO : Filtering template 71/96 segment 1/5
2026-09-06T20:09:39.029+01:00 INFO : Filtering template 71/96 segment 2/5
2026-09-06T20:09:39.047+01:00 INFO : 1 points above threshold
2026-09-06T20:09:39.062+01:00 INFO : Filtering template 71/96 segment 3/5
2026-09-06T20:09:39.080+01:00 INFO : 1 points above threshold
2026-09-06T20:09:39.086+01:00 INFO : Filtering template 71/96 segment 4/5
2026-09-06T20:09:39.104+01:00 INFO : 3 points above threshold
2026-09-06T20:09:39.113+01:00 INFO : Filtering template 71/96 segment 5/5
2026-09-06T20:09:39.131+01:00 INFO : 71: generating IMRPhenomD from 30.0 Hz
2026-09-06T20:09:39.133+01:00 INFO : Decompressing waveform using inline_linear
2026-09-06T20:09:39.138+01:00 INFO : Filtering template 72/96 segment 1/5
2026-09-06T20:09:39.158+01:00 INFO : 2 points above threshold
2026-09-06T20:09:39.176+01:00 INFO : Filtering template 72/96 segment 2/5
2026-09-06T20:09:39.194+01:00 INFO : 1 points above threshold
2026-09-06T20:09:39.199+01:00 INFO : Filtering template 72/96 segment 3/5
2026-09-06T20:09:39.217+01:00 INFO : 1 points above threshold
2026-09-06T20:09:39.222+01:00 INFO : Filtering template 72/96 segment 4/5
2026-09-06T20:09:39.240+01:00 INFO : 3 points above threshold
2026-09-06T20:09:39.249+01:00 INFO : Filtering template 72/96 segment 5/5
2026-09-06T20:09:39.267+01:00 INFO : 3 points above threshold
2026-09-06T20:09:39.277+01:00 INFO : 72: generating IMRPhenomD from 30.0 Hz
2026-09-06T20:09:39.279+01:00 INFO : Decompressing waveform using inline_linear
2026-09-06T20:09:39.284+01:00 INFO : Filtering template 73/96 segment 1/5
2026-09-06T20:09:39.304+01:00 INFO : 1 points above threshold
2026-09-06T20:09:39.320+01:00 INFO : Filtering template 73/96 segment 2/5
2026-09-06T20:09:39.338+01:00 INFO : 1 points above threshold
2026-09-06T20:09:39.343+01:00 INFO : Filtering template 73/96 segment 3/5
2026-09-06T20:09:39.361+01:00 INFO : 1 points above threshold
2026-09-06T20:09:39.366+01:00 INFO : Filtering template 73/96 segment 4/5
2026-09-06T20:09:39.384+01:00 INFO : Filtering template 73/96 segment 5/5
2026-09-06T20:09:39.402+01:00 INFO : 1 points above threshold
2026-09-06T20:09:39.407+01:00 INFO : 73: generating IMRPhenomD from 30.0 Hz
2026-09-06T20:09:39.410+01:00 INFO : Decompressing waveform using inline_linear
2026-09-06T20:09:39.415+01:00 INFO : Filtering template 74/96 segment 1/5
2026-09-06T20:09:39.435+01:00 INFO : 3 points above threshold
2026-09-06T20:09:39.454+01:00 INFO : Filtering template 74/96 segment 2/5
2026-09-06T20:09:39.472+01:00 INFO : 3 points above threshold
2026-09-06T20:09:39.481+01:00 INFO : Filtering template 74/96 segment 3/5
2026-09-06T20:09:39.500+01:00 INFO : Filtering template 74/96 segment 4/5
2026-09-06T20:09:39.517+01:00 INFO : 1 points above threshold
2026-09-06T20:09:39.523+01:00 INFO : Filtering template 74/96 segment 5/5
2026-09-06T20:09:39.541+01:00 INFO : 74: generating IMRPhenomD from 30.0 Hz
2026-09-06T20:09:39.544+01:00 INFO : Decompressing waveform using inline_linear
2026-09-06T20:09:39.549+01:00 INFO : Filtering template 75/96 segment 1/5
2026-09-06T20:09:39.569+01:00 INFO : Filtering template 75/96 segment 2/5
2026-09-06T20:09:39.587+01:00 INFO : 1 points above threshold
2026-09-06T20:09:39.602+01:00 INFO : Filtering template 75/96 segment 3/5
2026-09-06T20:09:39.620+01:00 INFO : 2 points above threshold
2026-09-06T20:09:39.627+01:00 INFO : Filtering template 75/96 segment 4/5
2026-09-06T20:09:39.645+01:00 INFO : Filtering template 75/96 segment 5/5
2026-09-06T20:09:39.663+01:00 INFO : 2 points above threshold
2026-09-06T20:09:39.670+01:00 INFO : 75: generating IMRPhenomD from 30.0 Hz
2026-09-06T20:09:39.673+01:00 INFO : Decompressing waveform using inline_linear
2026-09-06T20:09:39.678+01:00 INFO : Filtering template 76/96 segment 1/5
2026-09-06T20:09:39.698+01:00 INFO : 1 points above threshold
2026-09-06T20:09:39.713+01:00 INFO : Filtering template 76/96 segment 2/5
2026-09-06T20:09:39.731+01:00 INFO : Filtering template 76/96 segment 3/5
2026-09-06T20:09:39.749+01:00 INFO : 1 points above threshold
2026-09-06T20:09:39.754+01:00 INFO : Filtering template 76/96 segment 4/5
2026-09-06T20:09:39.772+01:00 INFO : Filtering template 76/96 segment 5/5
2026-09-06T20:09:39.790+01:00 INFO : 2 points above threshold
2026-09-06T20:09:39.797+01:00 INFO : 76: generating IMRPhenomD from 30.0 Hz
2026-09-06T20:09:39.800+01:00 INFO : Decompressing waveform using inline_linear
2026-09-06T20:09:39.805+01:00 INFO : Filtering template 77/96 segment 1/5
2026-09-06T20:09:39.825+01:00 INFO : Filtering template 77/96 segment 2/5
2026-09-06T20:09:39.843+01:00 INFO : 1 points above threshold
2026-09-06T20:09:39.858+01:00 INFO : Filtering template 77/96 segment 3/5
2026-09-06T20:09:39.876+01:00 INFO : Filtering template 77/96 segment 4/5
2026-09-06T20:09:39.894+01:00 INFO : 1 points above threshold
2026-09-06T20:09:39.900+01:00 INFO : Filtering template 77/96 segment 5/5
2026-09-06T20:09:39.918+01:00 INFO : 77: generating IMRPhenomD from 30.0 Hz
2026-09-06T20:09:39.921+01:00 INFO : Decompressing waveform using inline_linear
2026-09-06T20:09:39.925+01:00 INFO : Filtering template 78/96 segment 1/5
2026-09-06T20:09:39.945+01:00 INFO : Filtering template 78/96 segment 2/5
2026-09-06T20:09:39.964+01:00 INFO : Filtering template 78/96 segment 3/5
2026-09-06T20:09:39.982+01:00 INFO : Filtering template 78/96 segment 4/5
2026-09-06T20:09:40.000+01:00 INFO : 1 points above threshold
2026-09-06T20:09:40.015+01:00 INFO : Filtering template 78/96 segment 5/5
2026-09-06T20:09:40.033+01:00 INFO : 78: generating IMRPhenomD from 30.0 Hz
2026-09-06T20:09:40.036+01:00 INFO : Decompressing waveform using inline_linear
2026-09-06T20:09:40.041+01:00 INFO : Filtering template 79/96 segment 1/5
2026-09-06T20:09:40.061+01:00 INFO : 2 points above threshold
2026-09-06T20:09:40.079+01:00 INFO : Filtering template 79/96 segment 2/5
2026-09-06T20:09:40.096+01:00 INFO : Filtering template 79/96 segment 3/5
2026-09-06T20:09:40.114+01:00 INFO : 1 points above threshold
2026-09-06T20:09:40.119+01:00 INFO : Filtering template 79/96 segment 4/5
2026-09-06T20:09:40.138+01:00 INFO : 1 points above threshold
2026-09-06T20:09:40.143+01:00 INFO : Filtering template 79/96 segment 5/5
2026-09-06T20:09:40.161+01:00 INFO : 3 points above threshold
2026-09-06T20:09:40.170+01:00 INFO : 79: generating IMRPhenomD from 30.0 Hz
2026-09-06T20:09:40.173+01:00 INFO : Decompressing waveform using inline_linear
2026-09-06T20:09:40.178+01:00 INFO : Filtering template 80/96 segment 1/5
2026-09-06T20:09:40.198+01:00 INFO : 2 points above threshold
2026-09-06T20:09:40.216+01:00 INFO : Filtering template 80/96 segment 2/5
2026-09-06T20:09:40.233+01:00 INFO : 1 points above threshold
2026-09-06T20:09:40.238+01:00 INFO : Filtering template 80/96 segment 3/5
2026-09-06T20:09:40.256+01:00 INFO : 1 points above threshold
2026-09-06T20:09:40.261+01:00 INFO : Filtering template 80/96 segment 4/5
2026-09-06T20:09:40.279+01:00 INFO : Filtering template 80/96 segment 5/5
2026-09-06T20:09:40.297+01:00 INFO : 1 points above threshold
2026-09-06T20:09:40.303+01:00 INFO : 80: generating IMRPhenomD from 30.0 Hz
2026-09-06T20:09:40.305+01:00 INFO : Decompressing waveform using inline_linear
2026-09-06T20:09:40.310+01:00 INFO : Filtering template 81/96 segment 1/5
2026-09-06T20:09:40.330+01:00 INFO : 1 points above threshold
2026-09-06T20:09:40.347+01:00 INFO : Filtering template 81/96 segment 2/5
2026-09-06T20:09:40.365+01:00 INFO : 2 points above threshold
2026-09-06T20:09:40.372+01:00 INFO : Filtering template 81/96 segment 3/5
2026-09-06T20:09:40.390+01:00 INFO : 1 points above threshold
2026-09-06T20:09:40.395+01:00 INFO : Filtering template 81/96 segment 4/5
2026-09-06T20:09:40.413+01:00 INFO : Filtering template 81/96 segment 5/5
2026-09-06T20:09:40.430+01:00 INFO : 1 points above threshold
2026-09-06T20:09:40.436+01:00 INFO : 81: generating IMRPhenomD from 30.0 Hz
2026-09-06T20:09:40.439+01:00 INFO : Decompressing waveform using inline_linear
2026-09-06T20:09:40.444+01:00 INFO : Filtering template 82/96 segment 1/5
2026-09-06T20:09:40.464+01:00 INFO : Filtering template 82/96 segment 2/5
2026-09-06T20:09:40.482+01:00 INFO : 2 points above threshold
2026-09-06T20:09:40.500+01:00 INFO : Filtering template 82/96 segment 3/5
2026-09-06T20:09:40.518+01:00 INFO : 1 points above threshold
2026-09-06T20:09:40.524+01:00 INFO : Filtering template 82/96 segment 4/5
2026-09-06T20:09:40.541+01:00 INFO : Filtering template 82/96 segment 5/5
2026-09-06T20:09:40.559+01:00 INFO : 82: generating IMRPhenomD from 30.0 Hz
2026-09-06T20:09:40.562+01:00 INFO : Decompressing waveform using inline_linear
2026-09-06T20:09:40.567+01:00 INFO : Filtering template 83/96 segment 1/5
2026-09-06T20:09:40.587+01:00 INFO : 1 points above threshold
2026-09-06T20:09:40.604+01:00 INFO : Filtering template 83/96 segment 2/5
2026-09-06T20:09:40.622+01:00 INFO : 2 points above threshold
2026-09-06T20:09:40.630+01:00 INFO : Filtering template 83/96 segment 3/5
2026-09-06T20:09:40.648+01:00 INFO : 2 points above threshold
2026-09-06T20:09:40.655+01:00 INFO : Filtering template 83/96 segment 4/5
2026-09-06T20:09:40.672+01:00 INFO : 3 points above threshold
2026-09-06T20:09:40.682+01:00 INFO : Filtering template 83/96 segment 5/5
2026-09-06T20:09:40.700+01:00 INFO : 3 points above threshold
2026-09-06T20:09:40.709+01:00 INFO : 83: generating IMRPhenomD from 30.0 Hz
2026-09-06T20:09:40.712+01:00 INFO : Decompressing waveform using inline_linear
2026-09-06T20:09:40.717+01:00 INFO : Filtering template 84/96 segment 1/5
2026-09-06T20:09:40.737+01:00 INFO : Filtering template 84/96 segment 2/5
2026-09-06T20:09:40.755+01:00 INFO : Filtering template 84/96 segment 3/5
2026-09-06T20:09:40.773+01:00 INFO : 1 points above threshold
2026-09-06T20:09:40.789+01:00 INFO : Filtering template 84/96 segment 4/5
2026-09-06T20:09:40.807+01:00 INFO : 3 points above threshold
2026-09-06T20:09:40.816+01:00 INFO : Filtering template 84/96 segment 5/5
2026-09-06T20:09:40.834+01:00 INFO : 84: generating IMRPhenomD from 30.0 Hz
2026-09-06T20:09:40.838+01:00 INFO : Decompressing waveform using inline_linear
2026-09-06T20:09:40.843+01:00 INFO : Filtering template 85/96 segment 1/5
2026-09-06T20:09:40.863+01:00 INFO : 1 points above threshold
2026-09-06T20:09:40.881+01:00 INFO : Filtering template 85/96 segment 2/5
2026-09-06T20:09:40.899+01:00 INFO : 2 points above threshold
2026-09-06T20:09:40.906+01:00 INFO : Filtering template 85/96 segment 3/5
2026-09-06T20:09:40.924+01:00 INFO : 1 points above threshold
2026-09-06T20:09:40.929+01:00 INFO : Filtering template 85/96 segment 4/5
2026-09-06T20:09:40.947+01:00 INFO : 3 points above threshold
2026-09-06T20:09:40.956+01:00 INFO : Filtering template 85/96 segment 5/5
2026-09-06T20:09:40.974+01:00 INFO : 2 points above threshold
2026-09-06T20:09:40.981+01:00 INFO : 85: generating IMRPhenomD from 30.0 Hz
2026-09-06T20:09:40.984+01:00 INFO : Decompressing waveform using inline_linear
2026-09-06T20:09:40.988+01:00 INFO : Filtering template 86/96 segment 1/5
2026-09-06T20:09:41.009+01:00 INFO : 2 points above threshold
2026-09-06T20:09:41.026+01:00 INFO : Filtering template 86/96 segment 2/5
2026-09-06T20:09:41.044+01:00 INFO : 2 points above threshold
2026-09-06T20:09:41.051+01:00 INFO : Filtering template 86/96 segment 3/5
2026-09-06T20:09:41.069+01:00 INFO : 1 points above threshold
2026-09-06T20:09:41.074+01:00 INFO : Filtering template 86/96 segment 4/5
2026-09-06T20:09:41.092+01:00 INFO : 1 points above threshold
2026-09-06T20:09:41.097+01:00 INFO : Filtering template 86/96 segment 5/5
2026-09-06T20:09:41.115+01:00 INFO : 2 points above threshold
2026-09-06T20:09:41.122+01:00 INFO : 86: generating IMRPhenomD from 30.0 Hz
2026-09-06T20:09:41.125+01:00 INFO : Decompressing waveform using inline_linear
2026-09-06T20:09:41.130+01:00 INFO : Filtering template 87/96 segment 1/5
2026-09-06T20:09:41.150+01:00 INFO : 1 points above threshold
2026-09-06T20:09:41.166+01:00 INFO : Filtering template 87/96 segment 2/5
2026-09-06T20:09:41.184+01:00 INFO : 2 points above threshold
2026-09-06T20:09:41.191+01:00 INFO : Filtering template 87/96 segment 3/5
2026-09-06T20:09:41.209+01:00 INFO : 1 points above threshold
2026-09-06T20:09:41.214+01:00 INFO : Filtering template 87/96 segment 4/5
2026-09-06T20:09:41.232+01:00 INFO : 1 points above threshold
2026-09-06T20:09:41.237+01:00 INFO : Filtering template 87/96 segment 5/5
2026-09-06T20:09:41.255+01:00 INFO : 1 points above threshold
2026-09-06T20:09:41.260+01:00 INFO : 87: generating IMRPhenomD from 30.0 Hz
2026-09-06T20:09:41.263+01:00 INFO : Decompressing waveform using inline_linear
2026-09-06T20:09:41.268+01:00 INFO : Filtering template 88/96 segment 1/5
2026-09-06T20:09:41.288+01:00 INFO : 2 points above threshold
2026-09-06T20:09:41.305+01:00 INFO : Filtering template 88/96 segment 2/5
2026-09-06T20:09:41.323+01:00 INFO : 1 points above threshold
2026-09-06T20:09:41.329+01:00 INFO : Filtering template 88/96 segment 3/5
2026-09-06T20:09:41.347+01:00 INFO : Filtering template 88/96 segment 4/5
2026-09-06T20:09:41.365+01:00 INFO : Filtering template 88/96 segment 5/5
2026-09-06T20:09:41.383+01:00 INFO : 2 points above threshold
2026-09-06T20:09:41.390+01:00 INFO : 88: generating IMRPhenomD from 30.0 Hz
2026-09-06T20:09:41.393+01:00 INFO : Decompressing waveform using inline_linear
2026-09-06T20:09:41.398+01:00 INFO : Filtering template 89/96 segment 1/5
2026-09-06T20:09:41.418+01:00 INFO : 2 points above threshold
2026-09-06T20:09:41.435+01:00 INFO : Filtering template 89/96 segment 2/5
2026-09-06T20:09:41.453+01:00 INFO : 1 points above threshold
2026-09-06T20:09:41.458+01:00 INFO : Filtering template 89/96 segment 3/5
2026-09-06T20:09:41.476+01:00 INFO : 2 points above threshold
2026-09-06T20:09:41.484+01:00 INFO : Filtering template 89/96 segment 4/5
2026-09-06T20:09:41.502+01:00 INFO : Filtering template 89/96 segment 5/5
2026-09-06T20:09:41.520+01:00 INFO : 89: generating IMRPhenomD from 30.0 Hz
2026-09-06T20:09:41.523+01:00 INFO : Decompressing waveform using inline_linear
2026-09-06T20:09:41.528+01:00 INFO : Filtering template 90/96 segment 1/5
2026-09-06T20:09:41.548+01:00 INFO : Filtering template 90/96 segment 2/5
2026-09-06T20:09:41.566+01:00 INFO : 1 points above threshold
2026-09-06T20:09:41.581+01:00 INFO : Filtering template 90/96 segment 3/5
2026-09-06T20:09:41.599+01:00 INFO : 3 points above threshold
2026-09-06T20:09:41.608+01:00 INFO : Filtering template 90/96 segment 4/5
2026-09-06T20:09:41.626+01:00 INFO : Filtering template 90/96 segment 5/5
2026-09-06T20:09:41.644+01:00 INFO : 1 points above threshold
2026-09-06T20:09:41.650+01:00 INFO : 90: generating IMRPhenomD from 30.0 Hz
2026-09-06T20:09:41.653+01:00 INFO : Decompressing waveform using inline_linear
2026-09-06T20:09:41.657+01:00 INFO : Filtering template 91/96 segment 1/5
2026-09-06T20:09:41.677+01:00 INFO : Filtering template 91/96 segment 2/5
2026-09-06T20:09:41.695+01:00 INFO : 2 points above threshold
2026-09-06T20:09:41.713+01:00 INFO : Filtering template 91/96 segment 3/5
2026-09-06T20:09:41.730+01:00 INFO : 3 points above threshold
2026-09-06T20:09:41.740+01:00 INFO : Filtering template 91/96 segment 4/5
2026-09-06T20:09:41.757+01:00 INFO : Filtering template 91/96 segment 5/5
2026-09-06T20:09:41.775+01:00 INFO : 1 points above threshold
2026-09-06T20:09:41.781+01:00 INFO : 91: generating IMRPhenomD from 30.0 Hz
2026-09-06T20:09:41.783+01:00 INFO : Decompressing waveform using inline_linear
2026-09-06T20:09:41.788+01:00 INFO : Filtering template 92/96 segment 1/5
2026-09-06T20:09:41.809+01:00 INFO : 2 points above threshold
2026-09-06T20:09:41.826+01:00 INFO : Filtering template 92/96 segment 2/5
2026-09-06T20:09:41.844+01:00 INFO : 1 points above threshold
2026-09-06T20:09:41.849+01:00 INFO : Filtering template 92/96 segment 3/5
2026-09-06T20:09:41.867+01:00 INFO : 2 points above threshold
2026-09-06T20:09:41.874+01:00 INFO : Filtering template 92/96 segment 4/5
2026-09-06T20:09:41.892+01:00 INFO : 1 points above threshold
2026-09-06T20:09:41.897+01:00 INFO : Filtering template 92/96 segment 5/5
2026-09-06T20:09:41.915+01:00 INFO : 1 points above threshold
2026-09-06T20:09:41.923+01:00 INFO : 92: generating IMRPhenomD from 30.0 Hz
2026-09-06T20:09:41.926+01:00 INFO : Decompressing waveform using inline_linear
2026-09-06T20:09:41.931+01:00 INFO : Filtering template 93/96 segment 1/5
2026-09-06T20:09:41.951+01:00 INFO : Filtering template 93/96 segment 2/5
2026-09-06T20:09:41.969+01:00 INFO : 3 points above threshold
2026-09-06T20:09:41.988+01:00 INFO : Filtering template 93/96 segment 3/5
2026-09-06T20:09:42.006+01:00 INFO : 3 points above threshold
2026-09-06T20:09:42.015+01:00 INFO : Filtering template 93/96 segment 4/5
2026-09-06T20:09:42.034+01:00 INFO : 1 points above threshold
2026-09-06T20:09:42.039+01:00 INFO : Filtering template 93/96 segment 5/5
2026-09-06T20:09:42.057+01:00 INFO : 1 points above threshold
2026-09-06T20:09:42.062+01:00 INFO : 93: generating IMRPhenomD from 30.0 Hz
2026-09-06T20:09:42.065+01:00 INFO : Decompressing waveform using inline_linear
2026-09-06T20:09:42.069+01:00 INFO : Filtering template 94/96 segment 1/5
2026-09-06T20:09:42.089+01:00 INFO : 1 points above threshold
2026-09-06T20:09:42.105+01:00 INFO : Filtering template 94/96 segment 2/5
2026-09-06T20:09:42.123+01:00 INFO : 2 points above threshold
2026-09-06T20:09:42.130+01:00 INFO : Filtering template 94/96 segment 3/5
2026-09-06T20:09:42.148+01:00 INFO : 4 points above threshold
2026-09-06T20:09:42.156+01:00 INFO : Filtering template 94/96 segment 4/5
2026-09-06T20:09:42.174+01:00 INFO : Filtering template 94/96 segment 5/5
2026-09-06T20:09:42.193+01:00 INFO : 2 points above threshold
2026-09-06T20:09:42.200+01:00 INFO : 94: generating IMRPhenomD from 30.0 Hz
2026-09-06T20:09:42.202+01:00 INFO : Decompressing waveform using inline_linear
2026-09-06T20:09:42.207+01:00 INFO : Filtering template 95/96 segment 1/5
2026-09-06T20:09:42.227+01:00 INFO : 3 points above threshold
2026-09-06T20:09:42.247+01:00 INFO : Filtering template 95/96 segment 2/5
2026-09-06T20:09:42.266+01:00 INFO : 2 points above threshold
2026-09-06T20:09:42.273+01:00 INFO : Filtering template 95/96 segment 3/5
2026-09-06T20:09:42.292+01:00 INFO : 2 points above threshold
2026-09-06T20:09:42.299+01:00 INFO : Filtering template 95/96 segment 4/5
2026-09-06T20:09:42.319+01:00 INFO : 1 points above threshold
2026-09-06T20:09:42.324+01:00 INFO : Filtering template 95/96 segment 5/5
2026-09-06T20:09:42.347+01:00 INFO : 95: generating IMRPhenomD from 30.0 Hz
2026-09-06T20:09:42.366+01:00 INFO : Decompressing waveform using inline_linear
2026-09-06T20:09:42.371+01:00 INFO : Filtering template 96/96 segment 1/5
2026-09-06T20:09:42.394+01:00 INFO : 2 points above threshold
2026-09-06T20:09:42.417+01:00 INFO : Filtering template 96/96 segment 2/5
2026-09-06T20:09:42.435+01:00 INFO : Filtering template 96/96 segment 3/5
2026-09-06T20:09:42.454+01:00 INFO : Filtering template 96/96 segment 4/5
2026-09-06T20:09:42.472+01:00 INFO : 1 points above threshold
2026-09-06T20:09:42.477+01:00 INFO : Filtering template 96/96 segment 5/5
2026-09-06T20:09:42.495+01:00 INFO : We currently have 527 triggers
2026-09-06T20:09:42.495+01:00 INFO : Removing triggers with NewSNR below threshold
2026-09-06T20:09:42.495+01:00 INFO : 475 remaining triggers
2026-09-06T20:09:42.495+01:00 INFO : Outputting 475 triggers
2026-09-06T20:09:42.495+01:00 INFO : Writing out triggers
2026-09-06T20:09:42.506+01:00 INFO : Finished
[ perf record: Woken up 474 times to write data ]
[ perf record: Captured and wrote 103.721 MB /home/xangma/pycbc-torch-inspiral-reference-20260906/runs/reference-precision5-cpu-l512-perf/perf.data (6376 samples) ]
