2026-09-06T18:12:47.678+01:00 INFO : Running with CPU support: 1 threads
2026-09-06T18:12:47.678+01:00 INFO : Reading Frames
2026-09-06T18:12:54.459+01:00 INFO : Highpass Filtering
2026-09-06T18:12:54.917+01:00 INFO : Resampling data
2026-09-06T18:12:54.929+01:00 INFO : Converting to float32
/home/xangma/pycbc-torch-inspiral-reference-20260906/source/pycbc/types/array.py:872: RuntimeWarning: divide by zero encountered in divide
  return self._data.__rtruediv__(other)
2026-09-06T18:13:00.079+01:00 INFO : Highpass Filtering
2026-09-06T18:13:00.525+01:00 INFO : Remove Padding
2026-09-06T18:13:00.554+01:00 INFO : Making frequency-domain data segments
/home/xangma/pycbc-torch-inspiral-reference-20260906/source/pycbc/types/array.py:872: RuntimeWarning: divide by zero encountered in divide
  return self._data.__rtruediv__(other)
2026-09-06T18:13:02.266+01:00 INFO : Overwhitening frequency-domain data segments
2026-09-06T18:13:02.286+01:00 INFO : Read in template bank
2026-09-06T18:13:02.297+01:00 INFO : Full template bank size: 96
2026-09-06T18:13:02.297+01:00 INFO : Template bank size after thinning: 96
2026-09-06T18:13:02.297+01:00 INFO : 0: generating IMRPhenomD from 30.0 Hz
2026-09-06T18:13:02.300+01:00 INFO : Decompressing waveform using inline_linear
2026-09-06T18:13:02.306+01:00 INFO : Filtering template 1/96 segment 1/5
2026-09-06T18:13:02.333+01:00 INFO : 1 points above threshold
2026-09-06T18:13:02.352+01:00 INFO : Filtering template 1/96 segment 2/5
2026-09-06T18:13:02.371+01:00 INFO : Filtering template 1/96 segment 3/5
2026-09-06T18:13:02.389+01:00 INFO : 1 points above threshold
2026-09-06T18:13:02.394+01:00 INFO : Filtering template 1/96 segment 4/5
2026-09-06T18:13:02.412+01:00 INFO : Filtering template 1/96 segment 5/5
2026-09-06T18:13:02.430+01:00 INFO : 1 points above threshold
2026-09-06T18:13:02.435+01:00 INFO : 1: generating IMRPhenomD from 30.0 Hz
2026-09-06T18:13:02.438+01:00 INFO : Decompressing waveform using inline_linear
2026-09-06T18:13:02.444+01:00 INFO : Filtering template 2/96 segment 1/5
2026-09-06T18:13:02.464+01:00 INFO : 1 points above threshold
2026-09-06T18:13:02.480+01:00 INFO : Filtering template 2/96 segment 2/5
2026-09-06T18:13:02.498+01:00 INFO : 1 points above threshold
2026-09-06T18:13:02.504+01:00 INFO : Filtering template 2/96 segment 3/5
2026-09-06T18:13:02.522+01:00 INFO : 2 points above threshold
2026-09-06T18:13:02.527+01:00 INFO : Filtering template 2/96 segment 4/5
2026-09-06T18:13:02.545+01:00 INFO : Filtering template 2/96 segment 5/5
2026-09-06T18:13:02.563+01:00 INFO : 1 points above threshold
2026-09-06T18:13:02.569+01:00 INFO : 2: generating IMRPhenomD from 30.0 Hz
2026-09-06T18:13:02.571+01:00 INFO : Decompressing waveform using inline_linear
2026-09-06T18:13:02.576+01:00 INFO : Filtering template 3/96 segment 1/5
2026-09-06T18:13:02.596+01:00 INFO : 3 points above threshold
2026-09-06T18:13:02.613+01:00 INFO : Filtering template 3/96 segment 2/5
2026-09-06T18:13:02.631+01:00 INFO : Filtering template 3/96 segment 3/5
2026-09-06T18:13:02.649+01:00 INFO : 1 points above threshold
2026-09-06T18:13:02.654+01:00 INFO : Filtering template 3/96 segment 4/5
2026-09-06T18:13:02.672+01:00 INFO : 1 points above threshold
2026-09-06T18:13:02.678+01:00 INFO : Filtering template 3/96 segment 5/5
2026-09-06T18:13:02.696+01:00 INFO : 3: generating IMRPhenomD from 30.0 Hz
2026-09-06T18:13:02.699+01:00 INFO : Decompressing waveform using inline_linear
2026-09-06T18:13:02.704+01:00 INFO : Filtering template 4/96 segment 1/5
2026-09-06T18:13:02.724+01:00 INFO : 1 points above threshold
2026-09-06T18:13:02.739+01:00 INFO : Filtering template 4/96 segment 2/5
2026-09-06T18:13:02.757+01:00 INFO : 1 points above threshold
2026-09-06T18:13:02.763+01:00 INFO : Filtering template 4/96 segment 3/5
2026-09-06T18:13:02.781+01:00 INFO : 2 points above threshold
2026-09-06T18:13:02.786+01:00 INFO : Filtering template 4/96 segment 4/5
2026-09-06T18:13:02.804+01:00 INFO : 2 points above threshold
2026-09-06T18:13:02.809+01:00 INFO : Filtering template 4/96 segment 5/5
2026-09-06T18:13:02.827+01:00 INFO : 2 points above threshold
2026-09-06T18:13:02.832+01:00 INFO : 4: generating IMRPhenomD from 30.0 Hz
2026-09-06T18:13:02.835+01:00 INFO : Decompressing waveform using inline_linear
2026-09-06T18:13:02.840+01:00 INFO : Filtering template 5/96 segment 1/5
2026-09-06T18:13:02.860+01:00 INFO : 1 points above threshold
2026-09-06T18:13:02.875+01:00 INFO : Filtering template 5/96 segment 2/5
2026-09-06T18:13:02.893+01:00 INFO : 2 points above threshold
2026-09-06T18:13:02.898+01:00 INFO : Filtering template 5/96 segment 3/5
2026-09-06T18:13:02.916+01:00 INFO : 2 points above threshold
2026-09-06T18:13:02.922+01:00 INFO : Filtering template 5/96 segment 4/5
2026-09-06T18:13:02.939+01:00 INFO : 2 points above threshold
2026-09-06T18:13:02.945+01:00 INFO : Filtering template 5/96 segment 5/5
2026-09-06T18:13:02.963+01:00 INFO : 5: generating IMRPhenomD from 30.0 Hz
2026-09-06T18:13:02.966+01:00 INFO : Decompressing waveform using inline_linear
2026-09-06T18:13:02.971+01:00 INFO : Filtering template 6/96 segment 1/5
2026-09-06T18:13:02.991+01:00 INFO : 1 points above threshold
2026-09-06T18:13:03.006+01:00 INFO : Filtering template 6/96 segment 2/5
2026-09-06T18:13:03.024+01:00 INFO : Filtering template 6/96 segment 3/5
2026-09-06T18:13:03.042+01:00 INFO : Filtering template 6/96 segment 4/5
2026-09-06T18:13:03.060+01:00 INFO : Filtering template 6/96 segment 5/5
2026-09-06T18:13:03.078+01:00 INFO : 1 points above threshold
2026-09-06T18:13:03.084+01:00 INFO : 6: generating IMRPhenomD from 30.0 Hz
2026-09-06T18:13:03.087+01:00 INFO : Decompressing waveform using inline_linear
2026-09-06T18:13:03.091+01:00 INFO : Filtering template 7/96 segment 1/5
2026-09-06T18:13:03.112+01:00 INFO : 2 points above threshold
2026-09-06T18:13:03.126+01:00 INFO : Filtering template 7/96 segment 2/5
2026-09-06T18:13:03.144+01:00 INFO : Filtering template 7/96 segment 3/5
2026-09-06T18:13:03.163+01:00 INFO : Filtering template 7/96 segment 4/5
2026-09-06T18:13:03.181+01:00 INFO : 1 points above threshold
2026-09-06T18:13:03.186+01:00 INFO : Filtering template 7/96 segment 5/5
2026-09-06T18:13:03.204+01:00 INFO : 7: generating IMRPhenomD from 30.0 Hz
2026-09-06T18:13:03.207+01:00 INFO : Decompressing waveform using inline_linear
2026-09-06T18:13:03.212+01:00 INFO : Filtering template 8/96 segment 1/5
2026-09-06T18:13:03.232+01:00 INFO : 2 points above threshold
2026-09-06T18:13:03.247+01:00 INFO : Filtering template 8/96 segment 2/5
2026-09-06T18:13:03.265+01:00 INFO : 1 points above threshold
2026-09-06T18:13:03.270+01:00 INFO : Filtering template 8/96 segment 3/5
2026-09-06T18:13:03.288+01:00 INFO : 4 points above threshold
2026-09-06T18:13:03.293+01:00 INFO : Filtering template 8/96 segment 4/5
2026-09-06T18:13:03.311+01:00 INFO : Filtering template 8/96 segment 5/5
2026-09-06T18:13:03.330+01:00 INFO : 8: generating IMRPhenomD from 30.0 Hz
2026-09-06T18:13:03.333+01:00 INFO : Decompressing waveform using inline_linear
2026-09-06T18:13:03.338+01:00 INFO : Filtering template 9/96 segment 1/5
2026-09-06T18:13:03.358+01:00 INFO : Filtering template 9/96 segment 2/5
2026-09-06T18:13:03.377+01:00 INFO : 1 points above threshold
2026-09-06T18:13:03.390+01:00 INFO : Filtering template 9/96 segment 3/5
2026-09-06T18:13:03.408+01:00 INFO : 2 points above threshold
2026-09-06T18:13:03.414+01:00 INFO : Filtering template 9/96 segment 4/5
2026-09-06T18:13:03.431+01:00 INFO : 1 points above threshold
2026-09-06T18:13:03.437+01:00 INFO : Filtering template 9/96 segment 5/5
2026-09-06T18:13:03.455+01:00 INFO : 3 points above threshold
2026-09-06T18:13:03.462+01:00 INFO : 9: generating IMRPhenomD from 30.0 Hz
2026-09-06T18:13:03.465+01:00 INFO : Decompressing waveform using inline_linear
2026-09-06T18:13:03.469+01:00 INFO : Filtering template 10/96 segment 1/5
2026-09-06T18:13:03.490+01:00 INFO : 1 points above threshold
2026-09-06T18:13:03.503+01:00 INFO : Filtering template 10/96 segment 2/5
2026-09-06T18:13:03.521+01:00 INFO : 1 points above threshold
2026-09-06T18:13:03.526+01:00 INFO : Filtering template 10/96 segment 3/5
2026-09-06T18:13:03.544+01:00 INFO : Filtering template 10/96 segment 4/5
2026-09-06T18:13:03.563+01:00 INFO : 2 points above threshold
2026-09-06T18:13:03.568+01:00 INFO : Filtering template 10/96 segment 5/5
2026-09-06T18:13:03.586+01:00 INFO : 1 points above threshold
2026-09-06T18:13:03.592+01:00 INFO : 10: generating IMRPhenomD from 30.0 Hz
2026-09-06T18:13:03.594+01:00 INFO : Decompressing waveform using inline_linear
2026-09-06T18:13:03.599+01:00 INFO : Filtering template 11/96 segment 1/5
2026-09-06T18:13:03.619+01:00 INFO : 4 points above threshold
2026-09-06T18:13:03.633+01:00 INFO : Filtering template 11/96 segment 2/5
2026-09-06T18:13:03.651+01:00 INFO : 2 points above threshold
2026-09-06T18:13:03.656+01:00 INFO : Filtering template 11/96 segment 3/5
2026-09-06T18:13:03.674+01:00 INFO : 1 points above threshold
2026-09-06T18:13:03.679+01:00 INFO : Filtering template 11/96 segment 4/5
2026-09-06T18:13:03.697+01:00 INFO : Filtering template 11/96 segment 5/5
2026-09-06T18:13:03.716+01:00 INFO : 11: generating IMRPhenomD from 30.0 Hz
2026-09-06T18:13:03.719+01:00 INFO : Decompressing waveform using inline_linear
2026-09-06T18:13:03.724+01:00 INFO : Filtering template 12/96 segment 1/5
2026-09-06T18:13:03.744+01:00 INFO : 1 points above threshold
2026-09-06T18:13:03.757+01:00 INFO : Filtering template 12/96 segment 2/5
2026-09-06T18:13:03.775+01:00 INFO : 1 points above threshold
2026-09-06T18:13:03.780+01:00 INFO : Filtering template 12/96 segment 3/5
2026-09-06T18:13:03.798+01:00 INFO : 1 points above threshold
2026-09-06T18:13:03.804+01:00 INFO : Filtering template 12/96 segment 4/5
2026-09-06T18:13:03.821+01:00 INFO : 3 points above threshold
2026-09-06T18:13:03.828+01:00 INFO : Filtering template 12/96 segment 5/5
2026-09-06T18:13:03.848+01:00 INFO : 12: generating IMRPhenomD from 30.0 Hz
2026-09-06T18:13:03.851+01:00 INFO : Decompressing waveform using inline_linear
2026-09-06T18:13:03.856+01:00 INFO : Filtering template 13/96 segment 1/5
2026-09-06T18:13:03.883+01:00 INFO : Filtering template 13/96 segment 2/5
2026-09-06T18:13:03.902+01:00 INFO : 4 points above threshold
2026-09-06T18:13:03.916+01:00 INFO : Filtering template 13/96 segment 3/5
2026-09-06T18:13:03.936+01:00 INFO : Filtering template 13/96 segment 4/5
2026-09-06T18:13:03.955+01:00 INFO : Filtering template 13/96 segment 5/5
2026-09-06T18:13:03.973+01:00 INFO : 1 points above threshold
2026-09-06T18:13:03.979+01:00 INFO : 13: generating IMRPhenomD from 30.0 Hz
2026-09-06T18:13:03.981+01:00 INFO : Decompressing waveform using inline_linear
2026-09-06T18:13:03.986+01:00 INFO : Filtering template 14/96 segment 1/5
2026-09-06T18:13:04.006+01:00 INFO : 1 points above threshold
2026-09-06T18:13:04.019+01:00 INFO : Filtering template 14/96 segment 2/5
2026-09-06T18:13:04.038+01:00 INFO : 2 points above threshold
2026-09-06T18:13:04.043+01:00 INFO : Filtering template 14/96 segment 3/5
2026-09-06T18:13:04.061+01:00 INFO : 3 points above threshold
2026-09-06T18:13:04.068+01:00 INFO : Filtering template 14/96 segment 4/5
2026-09-06T18:13:04.086+01:00 INFO : 2 points above threshold
2026-09-06T18:13:04.091+01:00 INFO : Filtering template 14/96 segment 5/5
2026-09-06T18:13:04.109+01:00 INFO : 14: generating IMRPhenomD from 30.0 Hz
2026-09-06T18:13:04.112+01:00 INFO : Decompressing waveform using inline_linear
2026-09-06T18:13:04.117+01:00 INFO : Filtering template 15/96 segment 1/5
2026-09-06T18:13:04.137+01:00 INFO : 1 points above threshold
2026-09-06T18:13:04.151+01:00 INFO : Filtering template 15/96 segment 2/5
2026-09-06T18:13:04.169+01:00 INFO : Filtering template 15/96 segment 3/5
2026-09-06T18:13:04.187+01:00 INFO : 1 points above threshold
2026-09-06T18:13:04.192+01:00 INFO : Filtering template 15/96 segment 4/5
2026-09-06T18:13:04.210+01:00 INFO : 1 points above threshold
2026-09-06T18:13:04.215+01:00 INFO : Filtering template 15/96 segment 5/5
2026-09-06T18:13:04.233+01:00 INFO : 3 points above threshold
2026-09-06T18:13:04.241+01:00 INFO : 15: generating IMRPhenomD from 30.0 Hz
2026-09-06T18:13:04.243+01:00 INFO : Decompressing waveform using inline_linear
2026-09-06T18:13:04.248+01:00 INFO : Filtering template 16/96 segment 1/5
2026-09-06T18:13:04.268+01:00 INFO : 1 points above threshold
2026-09-06T18:13:04.282+01:00 INFO : Filtering template 16/96 segment 2/5
2026-09-06T18:13:04.300+01:00 INFO : 2 points above threshold
2026-09-06T18:13:04.305+01:00 INFO : Filtering template 16/96 segment 3/5
2026-09-06T18:13:04.323+01:00 INFO : 3 points above threshold
2026-09-06T18:13:04.330+01:00 INFO : Filtering template 16/96 segment 4/5
2026-09-06T18:13:04.348+01:00 INFO : 2 points above threshold
2026-09-06T18:13:04.353+01:00 INFO : Filtering template 16/96 segment 5/5
2026-09-06T18:13:04.372+01:00 INFO : 16: generating IMRPhenomD from 30.0 Hz
2026-09-06T18:13:04.375+01:00 INFO : Decompressing waveform using inline_linear
2026-09-06T18:13:04.380+01:00 INFO : Filtering template 17/96 segment 1/5
2026-09-06T18:13:04.400+01:00 INFO : 2 points above threshold
2026-09-06T18:13:04.414+01:00 INFO : Filtering template 17/96 segment 2/5
2026-09-06T18:13:04.433+01:00 INFO : 3 points above threshold
2026-09-06T18:13:04.440+01:00 INFO : Filtering template 17/96 segment 3/5
2026-09-06T18:13:04.458+01:00 INFO : Filtering template 17/96 segment 4/5
2026-09-06T18:13:04.476+01:00 INFO : 2 points above threshold
2026-09-06T18:13:04.481+01:00 INFO : Filtering template 17/96 segment 5/5
2026-09-06T18:13:04.499+01:00 INFO : 3 points above threshold
2026-09-06T18:13:04.506+01:00 INFO : 17: generating IMRPhenomD from 30.0 Hz
2026-09-06T18:13:04.509+01:00 INFO : Decompressing waveform using inline_linear
2026-09-06T18:13:04.514+01:00 INFO : Filtering template 18/96 segment 1/5
2026-09-06T18:13:04.535+01:00 INFO : Filtering template 18/96 segment 2/5
2026-09-06T18:13:04.553+01:00 INFO : Filtering template 18/96 segment 3/5
2026-09-06T18:13:04.571+01:00 INFO : 1 points above threshold
2026-09-06T18:13:04.585+01:00 INFO : Filtering template 18/96 segment 4/5
2026-09-06T18:13:04.604+01:00 INFO : Filtering template 18/96 segment 5/5
2026-09-06T18:13:04.622+01:00 INFO : 2 points above threshold
2026-09-06T18:13:04.627+01:00 INFO : 18: generating IMRPhenomD from 30.0 Hz
2026-09-06T18:13:04.630+01:00 INFO : Decompressing waveform using inline_linear
2026-09-06T18:13:04.635+01:00 INFO : Filtering template 19/96 segment 1/5
2026-09-06T18:13:04.655+01:00 INFO : 3 points above threshold
2026-09-06T18:13:04.672+01:00 INFO : Filtering template 19/96 segment 2/5
2026-09-06T18:13:04.690+01:00 INFO : 1 points above threshold
2026-09-06T18:13:04.695+01:00 INFO : Filtering template 19/96 segment 3/5
2026-09-06T18:13:04.713+01:00 INFO : 1 points above threshold
2026-09-06T18:13:04.718+01:00 INFO : Filtering template 19/96 segment 4/5
2026-09-06T18:13:04.736+01:00 INFO : 3 points above threshold
2026-09-06T18:13:04.743+01:00 INFO : Filtering template 19/96 segment 5/5
2026-09-06T18:13:04.762+01:00 INFO : 1 points above threshold
2026-09-06T18:13:04.767+01:00 INFO : 19: generating IMRPhenomD from 30.0 Hz
2026-09-06T18:13:04.770+01:00 INFO : Decompressing waveform using inline_linear
2026-09-06T18:13:04.775+01:00 INFO : Filtering template 20/96 segment 1/5
2026-09-06T18:13:04.795+01:00 INFO : 1 points above threshold
2026-09-06T18:13:04.810+01:00 INFO : Filtering template 20/96 segment 2/5
2026-09-06T18:13:04.828+01:00 INFO : 3 points above threshold
2026-09-06T18:13:04.835+01:00 INFO : Filtering template 20/96 segment 3/5
2026-09-06T18:13:04.853+01:00 INFO : Filtering template 20/96 segment 4/5
2026-09-06T18:13:04.871+01:00 INFO : 2 points above threshold
2026-09-06T18:13:04.876+01:00 INFO : Filtering template 20/96 segment 5/5
2026-09-06T18:13:04.895+01:00 INFO : 20: generating IMRPhenomD from 30.0 Hz
2026-09-06T18:13:04.898+01:00 INFO : Decompressing waveform using inline_linear
2026-09-06T18:13:04.902+01:00 INFO : Filtering template 21/96 segment 1/5
2026-09-06T18:13:04.923+01:00 INFO : 1 points above threshold
2026-09-06T18:13:04.938+01:00 INFO : Filtering template 21/96 segment 2/5
2026-09-06T18:13:04.956+01:00 INFO : 1 points above threshold
2026-09-06T18:13:04.961+01:00 INFO : Filtering template 21/96 segment 3/5
2026-09-06T18:13:04.979+01:00 INFO : 1 points above threshold
2026-09-06T18:13:04.984+01:00 INFO : Filtering template 21/96 segment 4/5
2026-09-06T18:13:05.003+01:00 INFO : Filtering template 21/96 segment 5/5
2026-09-06T18:13:05.021+01:00 INFO : 21: generating IMRPhenomD from 30.0 Hz
2026-09-06T18:13:05.024+01:00 INFO : Decompressing waveform using inline_linear
2026-09-06T18:13:05.029+01:00 INFO : Filtering template 22/96 segment 1/5
2026-09-06T18:13:05.049+01:00 INFO : 5 points above threshold
2026-09-06T18:13:05.066+01:00 INFO : Filtering template 22/96 segment 2/5
2026-09-06T18:13:05.085+01:00 INFO : Filtering template 22/96 segment 3/5
2026-09-06T18:13:05.103+01:00 INFO : Filtering template 22/96 segment 4/5
2026-09-06T18:13:05.121+01:00 INFO : 1 points above threshold
2026-09-06T18:13:05.126+01:00 INFO : Filtering template 22/96 segment 5/5
2026-09-06T18:13:05.144+01:00 INFO : 1 points above threshold
2026-09-06T18:13:05.149+01:00 INFO : 22: generating IMRPhenomD from 30.0 Hz
2026-09-06T18:13:05.152+01:00 INFO : Decompressing waveform using inline_linear
2026-09-06T18:13:05.157+01:00 INFO : Filtering template 23/96 segment 1/5
2026-09-06T18:13:05.177+01:00 INFO : 2 points above threshold
2026-09-06T18:13:05.192+01:00 INFO : Filtering template 23/96 segment 2/5
2026-09-06T18:13:05.210+01:00 INFO : 1 points above threshold
2026-09-06T18:13:05.215+01:00 INFO : Filtering template 23/96 segment 3/5
2026-09-06T18:13:05.233+01:00 INFO : 1 points above threshold
2026-09-06T18:13:05.238+01:00 INFO : Filtering template 23/96 segment 4/5
2026-09-06T18:13:05.256+01:00 INFO : Filtering template 23/96 segment 5/5
2026-09-06T18:13:05.275+01:00 INFO : 23: generating IMRPhenomD from 30.0 Hz
2026-09-06T18:13:05.278+01:00 INFO : Decompressing waveform using inline_linear
2026-09-06T18:13:05.283+01:00 INFO : Filtering template 24/96 segment 1/5
2026-09-06T18:13:05.303+01:00 INFO : 1 points above threshold
2026-09-06T18:13:05.318+01:00 INFO : Filtering template 24/96 segment 2/5
2026-09-06T18:13:05.336+01:00 INFO : 2 points above threshold
2026-09-06T18:13:05.341+01:00 INFO : Filtering template 24/96 segment 3/5
2026-09-06T18:13:05.359+01:00 INFO : 1 points above threshold
2026-09-06T18:13:05.364+01:00 INFO : Filtering template 24/96 segment 4/5
2026-09-06T18:13:05.382+01:00 INFO : Filtering template 24/96 segment 5/5
2026-09-06T18:13:05.401+01:00 INFO : 2 points above threshold
2026-09-06T18:13:05.406+01:00 INFO : 24: generating IMRPhenomD from 30.0 Hz
2026-09-06T18:13:05.409+01:00 INFO : Decompressing waveform using inline_linear
2026-09-06T18:13:05.414+01:00 INFO : Filtering template 25/96 segment 1/5
2026-09-06T18:13:05.434+01:00 INFO : 2 points above threshold
2026-09-06T18:13:05.448+01:00 INFO : Filtering template 25/96 segment 2/5
2026-09-06T18:13:05.467+01:00 INFO : Filtering template 25/96 segment 3/5
2026-09-06T18:13:05.485+01:00 INFO : Filtering template 25/96 segment 4/5
2026-09-06T18:13:05.503+01:00 INFO : Filtering template 25/96 segment 5/5
2026-09-06T18:13:05.522+01:00 INFO : 25: generating IMRPhenomD from 30.0 Hz
2026-09-06T18:13:05.525+01:00 INFO : Decompressing waveform using inline_linear
2026-09-06T18:13:05.530+01:00 INFO : Filtering template 26/96 segment 1/5
2026-09-06T18:13:05.550+01:00 INFO : Filtering template 26/96 segment 2/5
2026-09-06T18:13:05.568+01:00 INFO : 2 points above threshold
2026-09-06T18:13:05.583+01:00 INFO : Filtering template 26/96 segment 3/5
2026-09-06T18:13:05.601+01:00 INFO : Filtering template 26/96 segment 4/5
2026-09-06T18:13:05.619+01:00 INFO : 2 points above threshold
2026-09-06T18:13:05.625+01:00 INFO : Filtering template 26/96 segment 5/5
2026-09-06T18:13:05.643+01:00 INFO : 2 points above threshold
2026-09-06T18:13:05.648+01:00 INFO : 26: generating IMRPhenomD from 30.0 Hz
2026-09-06T18:13:05.651+01:00 INFO : Decompressing waveform using inline_linear
2026-09-06T18:13:05.656+01:00 INFO : Filtering template 27/96 segment 1/5
2026-09-06T18:13:05.676+01:00 INFO : 3 points above threshold
2026-09-06T18:13:05.692+01:00 INFO : Filtering template 27/96 segment 2/5
2026-09-06T18:13:05.711+01:00 INFO : Filtering template 27/96 segment 3/5
2026-09-06T18:13:05.729+01:00 INFO : 1 points above threshold
2026-09-06T18:13:05.734+01:00 INFO : Filtering template 27/96 segment 4/5
2026-09-06T18:13:05.752+01:00 INFO : Filtering template 27/96 segment 5/5
2026-09-06T18:13:05.770+01:00 INFO : 27: generating IMRPhenomD from 30.0 Hz
2026-09-06T18:13:05.773+01:00 INFO : Decompressing waveform using inline_linear
2026-09-06T18:13:05.778+01:00 INFO : Filtering template 28/96 segment 1/5
2026-09-06T18:13:05.799+01:00 INFO : 3 points above threshold
2026-09-06T18:13:05.815+01:00 INFO : Filtering template 28/96 segment 2/5
2026-09-06T18:13:05.833+01:00 INFO : 1 points above threshold
2026-09-06T18:13:05.839+01:00 INFO : Filtering template 28/96 segment 3/5
2026-09-06T18:13:05.857+01:00 INFO : 2 points above threshold
2026-09-06T18:13:05.863+01:00 INFO : Filtering template 28/96 segment 4/5
2026-09-06T18:13:05.881+01:00 INFO : 1 points above threshold
2026-09-06T18:13:05.887+01:00 INFO : Filtering template 28/96 segment 5/5
2026-09-06T18:13:05.905+01:00 INFO : 28: generating IMRPhenomD from 30.0 Hz
2026-09-06T18:13:05.908+01:00 INFO : Decompressing waveform using inline_linear
2026-09-06T18:13:05.913+01:00 INFO : Filtering template 29/96 segment 1/5
2026-09-06T18:13:05.933+01:00 INFO : 2 points above threshold
2026-09-06T18:13:05.948+01:00 INFO : Filtering template 29/96 segment 2/5
2026-09-06T18:13:05.966+01:00 INFO : 2 points above threshold
2026-09-06T18:13:05.971+01:00 INFO : Filtering template 29/96 segment 3/5
2026-09-06T18:13:05.989+01:00 INFO : 1 points above threshold
2026-09-06T18:13:05.994+01:00 INFO : Filtering template 29/96 segment 4/5
2026-09-06T18:13:06.012+01:00 INFO : 2 points above threshold
2026-09-06T18:13:06.017+01:00 INFO : Filtering template 29/96 segment 5/5
2026-09-06T18:13:06.036+01:00 INFO : 2 points above threshold
2026-09-06T18:13:06.041+01:00 INFO : 29: generating IMRPhenomD from 30.0 Hz
2026-09-06T18:13:06.044+01:00 INFO : Decompressing waveform using inline_linear
2026-09-06T18:13:06.049+01:00 INFO : Filtering template 30/96 segment 1/5
2026-09-06T18:13:06.069+01:00 INFO : 1 points above threshold
2026-09-06T18:13:06.084+01:00 INFO : Filtering template 30/96 segment 2/5
2026-09-06T18:13:06.102+01:00 INFO : 1 points above threshold
2026-09-06T18:13:06.107+01:00 INFO : Filtering template 30/96 segment 3/5
2026-09-06T18:13:06.125+01:00 INFO : 1 points above threshold
2026-09-06T18:13:06.130+01:00 INFO : Filtering template 30/96 segment 4/5
2026-09-06T18:13:06.148+01:00 INFO : Filtering template 30/96 segment 5/5
2026-09-06T18:13:06.166+01:00 INFO : 30: generating IMRPhenomD from 30.0 Hz
2026-09-06T18:13:06.169+01:00 INFO : Decompressing waveform using inline_linear
2026-09-06T18:13:06.174+01:00 INFO : Filtering template 31/96 segment 1/5
2026-09-06T18:13:06.195+01:00 INFO : Filtering template 31/96 segment 2/5
2026-09-06T18:13:06.213+01:00 INFO : 1 points above threshold
2026-09-06T18:13:06.227+01:00 INFO : Filtering template 31/96 segment 3/5
2026-09-06T18:13:06.245+01:00 INFO : Filtering template 31/96 segment 4/5
2026-09-06T18:13:06.264+01:00 INFO : 1 points above threshold
2026-09-06T18:13:06.269+01:00 INFO : Filtering template 31/96 segment 5/5
2026-09-06T18:13:06.287+01:00 INFO : 1 points above threshold
2026-09-06T18:13:06.292+01:00 INFO : 31: generating IMRPhenomD from 30.0 Hz
2026-09-06T18:13:06.295+01:00 INFO : Decompressing waveform using inline_linear
2026-09-06T18:13:06.300+01:00 INFO : Filtering template 32/96 segment 1/5
2026-09-06T18:13:06.320+01:00 INFO : Filtering template 32/96 segment 2/5
2026-09-06T18:13:06.338+01:00 INFO : Filtering template 32/96 segment 3/5
2026-09-06T18:13:06.356+01:00 INFO : Filtering template 32/96 segment 4/5
2026-09-06T18:13:06.374+01:00 INFO : 3 points above threshold
2026-09-06T18:13:06.391+01:00 INFO : Filtering template 32/96 segment 5/5
2026-09-06T18:13:06.409+01:00 INFO : 2 points above threshold
2026-09-06T18:13:06.414+01:00 INFO : 32: generating IMRPhenomD from 30.0 Hz
2026-09-06T18:13:06.417+01:00 INFO : Decompressing waveform using inline_linear
2026-09-06T18:13:06.422+01:00 INFO : Filtering template 33/96 segment 1/5
2026-09-06T18:13:06.442+01:00 INFO : 2 points above threshold
2026-09-06T18:13:06.457+01:00 INFO : Filtering template 33/96 segment 2/5
2026-09-06T18:13:06.475+01:00 INFO : Filtering template 33/96 segment 3/5
2026-09-06T18:13:06.493+01:00 INFO : Filtering template 33/96 segment 4/5
2026-09-06T18:13:06.512+01:00 INFO : 1 points above threshold
2026-09-06T18:13:06.517+01:00 INFO : Filtering template 33/96 segment 5/5
2026-09-06T18:13:06.535+01:00 INFO : 33: generating IMRPhenomD from 30.0 Hz
2026-09-06T18:13:06.538+01:00 INFO : Decompressing waveform using inline_linear
2026-09-06T18:13:06.543+01:00 INFO : Filtering template 34/96 segment 1/5
2026-09-06T18:13:06.563+01:00 INFO : Filtering template 34/96 segment 2/5
2026-09-06T18:13:06.582+01:00 INFO : 1 points above threshold
2026-09-06T18:13:06.598+01:00 INFO : Filtering template 34/96 segment 3/5
2026-09-06T18:13:06.616+01:00 INFO : 1 points above threshold
2026-09-06T18:13:06.621+01:00 INFO : Filtering template 34/96 segment 4/5
2026-09-06T18:13:06.639+01:00 INFO : Filtering template 34/96 segment 5/5
2026-09-06T18:13:06.657+01:00 INFO : 1 points above threshold
2026-09-06T18:13:06.663+01:00 INFO : 34: generating IMRPhenomD from 30.0 Hz
2026-09-06T18:13:06.665+01:00 INFO : Decompressing waveform using inline_linear
2026-09-06T18:13:06.670+01:00 INFO : Filtering template 35/96 segment 1/5
2026-09-06T18:13:06.690+01:00 INFO : 1 points above threshold
2026-09-06T18:13:06.705+01:00 INFO : Filtering template 35/96 segment 2/5
2026-09-06T18:13:06.723+01:00 INFO : 1 points above threshold
2026-09-06T18:13:06.728+01:00 INFO : Filtering template 35/96 segment 3/5
2026-09-06T18:13:06.747+01:00 INFO : 1 points above threshold
2026-09-06T18:13:06.752+01:00 INFO : Filtering template 35/96 segment 4/5
2026-09-06T18:13:06.770+01:00 INFO : Filtering template 35/96 segment 5/5
2026-09-06T18:13:06.788+01:00 INFO : 35: generating IMRPhenomD from 30.0 Hz
2026-09-06T18:13:06.791+01:00 INFO : Decompressing waveform using inline_linear
2026-09-06T18:13:06.796+01:00 INFO : Filtering template 36/96 segment 1/5
2026-09-06T18:13:06.817+01:00 INFO : 3 points above threshold
2026-09-06T18:13:06.834+01:00 INFO : Filtering template 36/96 segment 2/5
2026-09-06T18:13:06.852+01:00 INFO : 1 points above threshold
2026-09-06T18:13:06.857+01:00 INFO : Filtering template 36/96 segment 3/5
2026-09-06T18:13:06.875+01:00 INFO : 2 points above threshold
2026-09-06T18:13:06.880+01:00 INFO : Filtering template 36/96 segment 4/5
2026-09-06T18:13:06.898+01:00 INFO : Filtering template 36/96 segment 5/5
2026-09-06T18:13:06.916+01:00 INFO : 1 points above threshold
2026-09-06T18:13:06.922+01:00 INFO : 36: generating IMRPhenomD from 30.0 Hz
2026-09-06T18:13:06.924+01:00 INFO : Decompressing waveform using inline_linear
2026-09-06T18:13:06.929+01:00 INFO : Filtering template 37/96 segment 1/5
2026-09-06T18:13:06.949+01:00 INFO : 2 points above threshold
2026-09-06T18:13:06.964+01:00 INFO : Filtering template 37/96 segment 2/5
2026-09-06T18:13:06.982+01:00 INFO : 3 points above threshold
2026-09-06T18:13:06.989+01:00 INFO : Filtering template 37/96 segment 3/5
2026-09-06T18:13:07.007+01:00 INFO : 1 points above threshold
2026-09-06T18:13:07.013+01:00 INFO : Filtering template 37/96 segment 4/5
2026-09-06T18:13:07.030+01:00 INFO : 3 points above threshold
2026-09-06T18:13:07.037+01:00 INFO : Filtering template 37/96 segment 5/5
2026-09-06T18:13:07.056+01:00 INFO : 37: generating IMRPhenomD from 30.0 Hz
2026-09-06T18:13:07.059+01:00 INFO : Decompressing waveform using inline_linear
2026-09-06T18:13:07.064+01:00 INFO : Filtering template 38/96 segment 1/5
2026-09-06T18:13:07.084+01:00 INFO : Filtering template 38/96 segment 2/5
2026-09-06T18:13:07.102+01:00 INFO : Filtering template 38/96 segment 3/5
2026-09-06T18:13:07.120+01:00 INFO : 1 points above threshold
2026-09-06T18:13:07.135+01:00 INFO : Filtering template 38/96 segment 4/5
2026-09-06T18:13:07.153+01:00 INFO : 1 points above threshold
2026-09-06T18:13:07.158+01:00 INFO : Filtering template 38/96 segment 5/5
2026-09-06T18:13:07.176+01:00 INFO : 1 points above threshold
2026-09-06T18:13:07.182+01:00 INFO : 38: generating IMRPhenomD from 30.0 Hz
2026-09-06T18:13:07.184+01:00 INFO : Decompressing waveform using inline_linear
2026-09-06T18:13:07.189+01:00 INFO : Filtering template 39/96 segment 1/5
2026-09-06T18:13:07.209+01:00 INFO : Filtering template 39/96 segment 2/5
2026-09-06T18:13:07.228+01:00 INFO : 2 points above threshold
2026-09-06T18:13:07.242+01:00 INFO : Filtering template 39/96 segment 3/5
2026-09-06T18:13:07.260+01:00 INFO : Filtering template 39/96 segment 4/5
2026-09-06T18:13:07.278+01:00 INFO : 2 points above threshold
2026-09-06T18:13:07.283+01:00 INFO : Filtering template 39/96 segment 5/5
2026-09-06T18:13:07.302+01:00 INFO : 39: generating IMRPhenomD from 30.0 Hz
2026-09-06T18:13:07.305+01:00 INFO : Decompressing waveform using inline_linear
2026-09-06T18:13:07.310+01:00 INFO : Filtering template 40/96 segment 1/5
2026-09-06T18:13:07.330+01:00 INFO : Filtering template 40/96 segment 2/5
2026-09-06T18:13:07.348+01:00 INFO : Filtering template 40/96 segment 3/5
2026-09-06T18:13:07.366+01:00 INFO : Filtering template 40/96 segment 4/5
2026-09-06T18:13:07.385+01:00 INFO : 2 points above threshold
2026-09-06T18:13:07.399+01:00 INFO : Filtering template 40/96 segment 5/5
2026-09-06T18:13:07.417+01:00 INFO : 40: generating IMRPhenomD from 30.0 Hz
2026-09-06T18:13:07.420+01:00 INFO : Decompressing waveform using inline_linear
2026-09-06T18:13:07.425+01:00 INFO : Filtering template 41/96 segment 1/5
2026-09-06T18:13:07.445+01:00 INFO : Filtering template 41/96 segment 2/5
2026-09-06T18:13:07.464+01:00 INFO : Filtering template 41/96 segment 3/5
2026-09-06T18:13:07.482+01:00 INFO : 2 points above threshold
2026-09-06T18:13:07.496+01:00 INFO : Filtering template 41/96 segment 4/5
2026-09-06T18:13:07.514+01:00 INFO : 2 points above threshold
2026-09-06T18:13:07.519+01:00 INFO : Filtering template 41/96 segment 5/5
2026-09-06T18:13:07.538+01:00 INFO : 41: generating IMRPhenomD from 30.0 Hz
2026-09-06T18:13:07.541+01:00 INFO : Decompressing waveform using inline_linear
2026-09-06T18:13:07.546+01:00 INFO : Filtering template 42/96 segment 1/5
2026-09-06T18:13:07.566+01:00 INFO : Filtering template 42/96 segment 2/5
2026-09-06T18:13:07.584+01:00 INFO : 1 points above threshold
2026-09-06T18:13:07.599+01:00 INFO : Filtering template 42/96 segment 3/5
2026-09-06T18:13:07.617+01:00 INFO : Filtering template 42/96 segment 4/5
2026-09-06T18:13:07.635+01:00 INFO : 1 points above threshold
2026-09-06T18:13:07.641+01:00 INFO : Filtering template 42/96 segment 5/5
2026-09-06T18:13:07.659+01:00 INFO : 1 points above threshold
2026-09-06T18:13:07.664+01:00 INFO : 42: generating IMRPhenomD from 30.0 Hz
2026-09-06T18:13:07.667+01:00 INFO : Decompressing waveform using inline_linear
2026-09-06T18:13:07.672+01:00 INFO : Filtering template 43/96 segment 1/5
2026-09-06T18:13:07.692+01:00 INFO : 1 points above threshold
2026-09-06T18:13:07.707+01:00 INFO : Filtering template 43/96 segment 2/5
2026-09-06T18:13:07.725+01:00 INFO : 2 points above threshold
2026-09-06T18:13:07.730+01:00 INFO : Filtering template 43/96 segment 3/5
2026-09-06T18:13:07.748+01:00 INFO : 1 points above threshold
2026-09-06T18:13:07.753+01:00 INFO : Filtering template 43/96 segment 4/5
2026-09-06T18:13:07.771+01:00 INFO : Filtering template 43/96 segment 5/5
2026-09-06T18:13:07.790+01:00 INFO : 43: generating IMRPhenomD from 30.0 Hz
2026-09-06T18:13:07.793+01:00 INFO : Decompressing waveform using inline_linear
2026-09-06T18:13:07.798+01:00 INFO : Filtering template 44/96 segment 1/5
2026-09-06T18:13:07.818+01:00 INFO : 1 points above threshold
2026-09-06T18:13:07.833+01:00 INFO : Filtering template 44/96 segment 2/5
2026-09-06T18:13:07.851+01:00 INFO : Filtering template 44/96 segment 3/5
2026-09-06T18:13:07.869+01:00 INFO : Filtering template 44/96 segment 4/5
2026-09-06T18:13:07.887+01:00 INFO : 1 points above threshold
2026-09-06T18:13:07.892+01:00 INFO : Filtering template 44/96 segment 5/5
2026-09-06T18:13:07.911+01:00 INFO : 44: generating IMRPhenomD from 30.0 Hz
2026-09-06T18:13:07.913+01:00 INFO : Decompressing waveform using inline_linear
2026-09-06T18:13:07.918+01:00 INFO : Filtering template 45/96 segment 1/5
2026-09-06T18:13:07.939+01:00 INFO : 2 points above threshold
2026-09-06T18:13:07.954+01:00 INFO : Filtering template 45/96 segment 2/5
2026-09-06T18:13:07.971+01:00 INFO : 1 points above threshold
2026-09-06T18:13:07.977+01:00 INFO : Filtering template 45/96 segment 3/5
2026-09-06T18:13:07.994+01:00 INFO : 1 points above threshold
2026-09-06T18:13:08.000+01:00 INFO : Filtering template 45/96 segment 4/5
2026-09-06T18:13:08.018+01:00 INFO : Filtering template 45/96 segment 5/5
2026-09-06T18:13:08.036+01:00 INFO : 45: generating IMRPhenomD from 30.0 Hz
2026-09-06T18:13:08.039+01:00 INFO : Decompressing waveform using inline_linear
2026-09-06T18:13:08.044+01:00 INFO : Filtering template 46/96 segment 1/5
2026-09-06T18:13:08.064+01:00 INFO : Filtering template 46/96 segment 2/5
2026-09-06T18:13:08.082+01:00 INFO : Filtering template 46/96 segment 3/5
2026-09-06T18:13:08.101+01:00 INFO : 1 points above threshold
2026-09-06T18:13:08.115+01:00 INFO : Filtering template 46/96 segment 4/5
2026-09-06T18:13:08.134+01:00 INFO : 3 points above threshold
2026-09-06T18:13:08.141+01:00 INFO : Filtering template 46/96 segment 5/5
2026-09-06T18:13:08.159+01:00 INFO : 1 points above threshold
2026-09-06T18:13:08.164+01:00 INFO : 46: generating IMRPhenomD from 30.0 Hz
2026-09-06T18:13:08.167+01:00 INFO : Decompressing waveform using inline_linear
2026-09-06T18:13:08.172+01:00 INFO : Filtering template 47/96 segment 1/5
2026-09-06T18:13:08.192+01:00 INFO : 3 points above threshold
2026-09-06T18:13:08.209+01:00 INFO : Filtering template 47/96 segment 2/5
2026-09-06T18:13:08.227+01:00 INFO : Filtering template 47/96 segment 3/5
2026-09-06T18:13:08.245+01:00 INFO : 2 points above threshold
2026-09-06T18:13:08.250+01:00 INFO : Filtering template 47/96 segment 4/5
2026-09-06T18:13:08.268+01:00 INFO : 1 points above threshold
2026-09-06T18:13:08.274+01:00 INFO : Filtering template 47/96 segment 5/5
2026-09-06T18:13:08.292+01:00 INFO : 1 points above threshold
2026-09-06T18:13:08.297+01:00 INFO : 47: generating IMRPhenomD from 30.0 Hz
2026-09-06T18:13:08.300+01:00 INFO : Decompressing waveform using inline_linear
2026-09-06T18:13:08.304+01:00 INFO : Filtering template 48/96 segment 1/5
2026-09-06T18:13:08.325+01:00 INFO : 3 points above threshold
2026-09-06T18:13:08.342+01:00 INFO : Filtering template 48/96 segment 2/5
2026-09-06T18:13:08.360+01:00 INFO : 1 points above threshold
2026-09-06T18:13:08.365+01:00 INFO : Filtering template 48/96 segment 3/5
2026-09-06T18:13:08.383+01:00 INFO : 1 points above threshold
2026-09-06T18:13:08.388+01:00 INFO : Filtering template 48/96 segment 4/5
2026-09-06T18:13:08.406+01:00 INFO : 2 points above threshold
2026-09-06T18:13:08.411+01:00 INFO : Filtering template 48/96 segment 5/5
2026-09-06T18:13:08.429+01:00 INFO : 1 points above threshold
2026-09-06T18:13:08.435+01:00 INFO : 48: generating IMRPhenomD from 30.0 Hz
2026-09-06T18:13:08.437+01:00 INFO : Decompressing waveform using inline_linear
2026-09-06T18:13:08.442+01:00 INFO : Filtering template 49/96 segment 1/5
2026-09-06T18:13:08.462+01:00 INFO : 1 points above threshold
2026-09-06T18:13:08.477+01:00 INFO : Filtering template 49/96 segment 2/5
2026-09-06T18:13:08.496+01:00 INFO : 1 points above threshold
2026-09-06T18:13:08.501+01:00 INFO : Filtering template 49/96 segment 3/5
2026-09-06T18:13:08.519+01:00 INFO : 2 points above threshold
2026-09-06T18:13:08.524+01:00 INFO : Filtering template 49/96 segment 4/5
2026-09-06T18:13:08.542+01:00 INFO : Filtering template 49/96 segment 5/5
2026-09-06T18:13:08.560+01:00 INFO : 49: generating IMRPhenomD from 30.0 Hz
2026-09-06T18:13:08.577+01:00 INFO : Decompressing waveform using inline_linear
2026-09-06T18:13:08.582+01:00 INFO : Filtering template 50/96 segment 1/5
2026-09-06T18:13:08.608+01:00 INFO : Filtering template 50/96 segment 2/5
2026-09-06T18:13:08.626+01:00 INFO : 2 points above threshold
2026-09-06T18:13:08.644+01:00 INFO : Filtering template 50/96 segment 3/5
2026-09-06T18:13:08.662+01:00 INFO : 4 points above threshold
2026-09-06T18:13:08.667+01:00 INFO : Filtering template 50/96 segment 4/5
2026-09-06T18:13:08.685+01:00 INFO : 2 points above threshold
2026-09-06T18:13:08.690+01:00 INFO : Filtering template 50/96 segment 5/5
2026-09-06T18:13:08.709+01:00 INFO : 50: generating IMRPhenomD from 30.0 Hz
2026-09-06T18:13:08.711+01:00 INFO : Decompressing waveform using inline_linear
2026-09-06T18:13:08.716+01:00 INFO : Filtering template 51/96 segment 1/5
2026-09-06T18:13:08.737+01:00 INFO : 1 points above threshold
2026-09-06T18:13:08.753+01:00 INFO : Filtering template 51/96 segment 2/5
2026-09-06T18:13:08.771+01:00 INFO : 1 points above threshold
2026-09-06T18:13:08.777+01:00 INFO : Filtering template 51/96 segment 3/5
2026-09-06T18:13:08.795+01:00 INFO : Filtering template 51/96 segment 4/5
2026-09-06T18:13:08.813+01:00 INFO : 1 points above threshold
2026-09-06T18:13:08.818+01:00 INFO : Filtering template 51/96 segment 5/5
2026-09-06T18:13:08.836+01:00 INFO : 2 points above threshold
2026-09-06T18:13:08.842+01:00 INFO : 51: generating IMRPhenomD from 30.0 Hz
2026-09-06T18:13:08.845+01:00 INFO : Decompressing waveform using inline_linear
2026-09-06T18:13:08.849+01:00 INFO : Filtering template 52/96 segment 1/5
2026-09-06T18:13:08.870+01:00 INFO : 1 points above threshold
2026-09-06T18:13:08.884+01:00 INFO : Filtering template 52/96 segment 2/5
2026-09-06T18:13:08.903+01:00 INFO : 1 points above threshold
2026-09-06T18:13:08.908+01:00 INFO : Filtering template 52/96 segment 3/5
2026-09-06T18:13:08.926+01:00 INFO : Filtering template 52/96 segment 4/5
2026-09-06T18:13:08.946+01:00 INFO : 3 points above threshold
2026-09-06T18:13:08.954+01:00 INFO : Filtering template 52/96 segment 5/5
2026-09-06T18:13:08.973+01:00 INFO : 1 points above threshold
2026-09-06T18:13:08.979+01:00 INFO : 52: generating IMRPhenomD from 30.0 Hz
2026-09-06T18:13:08.982+01:00 INFO : Decompressing waveform using inline_linear
2026-09-06T18:13:08.987+01:00 INFO : Filtering template 53/96 segment 1/5
2026-09-06T18:13:09.010+01:00 INFO : 3 points above threshold
2026-09-06T18:13:09.028+01:00 INFO : Filtering template 53/96 segment 2/5
2026-09-06T18:13:09.046+01:00 INFO : 2 points above threshold
2026-09-06T18:13:09.052+01:00 INFO : Filtering template 53/96 segment 3/5
2026-09-06T18:13:09.070+01:00 INFO : 2 points above threshold
2026-09-06T18:13:09.075+01:00 INFO : Filtering template 53/96 segment 4/5
2026-09-06T18:13:09.093+01:00 INFO : 1 points above threshold
2026-09-06T18:13:09.098+01:00 INFO : Filtering template 53/96 segment 5/5
2026-09-06T18:13:09.116+01:00 INFO : 1 points above threshold
2026-09-06T18:13:09.122+01:00 INFO : 53: generating IMRPhenomD from 30.0 Hz
2026-09-06T18:13:09.124+01:00 INFO : Decompressing waveform using inline_linear
2026-09-06T18:13:09.129+01:00 INFO : Filtering template 54/96 segment 1/5
2026-09-06T18:13:09.150+01:00 INFO : Filtering template 54/96 segment 2/5
2026-09-06T18:13:09.168+01:00 INFO : Filtering template 54/96 segment 3/5
2026-09-06T18:13:09.186+01:00 INFO : 2 points above threshold
2026-09-06T18:13:09.200+01:00 INFO : Filtering template 54/96 segment 4/5
2026-09-06T18:13:09.219+01:00 INFO : 5 points above threshold
2026-09-06T18:13:09.226+01:00 INFO : Filtering template 54/96 segment 5/5
2026-09-06T18:13:09.244+01:00 INFO : 54: generating IMRPhenomD from 30.0 Hz
2026-09-06T18:13:09.247+01:00 INFO : Decompressing waveform using inline_linear
2026-09-06T18:13:09.252+01:00 INFO : Filtering template 55/96 segment 1/5
2026-09-06T18:13:09.272+01:00 INFO : Filtering template 55/96 segment 2/5
2026-09-06T18:13:09.290+01:00 INFO : 1 points above threshold
2026-09-06T18:13:09.305+01:00 INFO : Filtering template 55/96 segment 3/5
2026-09-06T18:13:09.323+01:00 INFO : 3 points above threshold
2026-09-06T18:13:09.330+01:00 INFO : Filtering template 55/96 segment 4/5
2026-09-06T18:13:09.348+01:00 INFO : 1 points above threshold
2026-09-06T18:13:09.354+01:00 INFO : Filtering template 55/96 segment 5/5
2026-09-06T18:13:09.372+01:00 INFO : 1 points above threshold
2026-09-06T18:13:09.377+01:00 INFO : 55: generating IMRPhenomD from 30.0 Hz
2026-09-06T18:13:09.380+01:00 INFO : Decompressing waveform using inline_linear
2026-09-06T18:13:09.385+01:00 INFO : Filtering template 56/96 segment 1/5
2026-09-06T18:13:09.405+01:00 INFO : 1 points above threshold
2026-09-06T18:13:09.420+01:00 INFO : Filtering template 56/96 segment 2/5
2026-09-06T18:13:09.438+01:00 INFO : 1 points above threshold
2026-09-06T18:13:09.443+01:00 INFO : Filtering template 56/96 segment 3/5
2026-09-06T18:13:09.461+01:00 INFO : 3 points above threshold
2026-09-06T18:13:09.468+01:00 INFO : Filtering template 56/96 segment 4/5
2026-09-06T18:13:09.486+01:00 INFO : Filtering template 56/96 segment 5/5
2026-09-06T18:13:09.504+01:00 INFO : 1 points above threshold
2026-09-06T18:13:09.510+01:00 INFO : 56: generating IMRPhenomD from 30.0 Hz
2026-09-06T18:13:09.513+01:00 INFO : Decompressing waveform using inline_linear
2026-09-06T18:13:09.517+01:00 INFO : Filtering template 57/96 segment 1/5
2026-09-06T18:13:09.538+01:00 INFO : 1 points above threshold
2026-09-06T18:13:09.553+01:00 INFO : Filtering template 57/96 segment 2/5
2026-09-06T18:13:09.571+01:00 INFO : 2 points above threshold
2026-09-06T18:13:09.576+01:00 INFO : Filtering template 57/96 segment 3/5
2026-09-06T18:13:09.594+01:00 INFO : 2 points above threshold
2026-09-06T18:13:09.599+01:00 INFO : Filtering template 57/96 segment 4/5
2026-09-06T18:13:09.617+01:00 INFO : 2 points above threshold
2026-09-06T18:13:09.622+01:00 INFO : Filtering template 57/96 segment 5/5
2026-09-06T18:13:09.641+01:00 INFO : 57: generating IMRPhenomD from 30.0 Hz
2026-09-06T18:13:09.643+01:00 INFO : Decompressing waveform using inline_linear
2026-09-06T18:13:09.648+01:00 INFO : Filtering template 58/96 segment 1/5
2026-09-06T18:13:09.668+01:00 INFO : 1 points above threshold
2026-09-06T18:13:09.683+01:00 INFO : Filtering template 58/96 segment 2/5
2026-09-06T18:13:09.701+01:00 INFO : 2 points above threshold
2026-09-06T18:13:09.707+01:00 INFO : Filtering template 58/96 segment 3/5
2026-09-06T18:13:09.725+01:00 INFO : 1 points above threshold
2026-09-06T18:13:09.730+01:00 INFO : Filtering template 58/96 segment 4/5
2026-09-06T18:13:09.747+01:00 INFO : 1 points above threshold
2026-09-06T18:13:09.753+01:00 INFO : Filtering template 58/96 segment 5/5
2026-09-06T18:13:09.771+01:00 INFO : 2 points above threshold
2026-09-06T18:13:09.777+01:00 INFO : 58: generating IMRPhenomD from 30.0 Hz
2026-09-06T18:13:09.779+01:00 INFO : Decompressing waveform using inline_linear
2026-09-06T18:13:09.784+01:00 INFO : Filtering template 59/96 segment 1/5
2026-09-06T18:13:09.804+01:00 INFO : 1 points above threshold
2026-09-06T18:13:09.819+01:00 INFO : Filtering template 59/96 segment 2/5
2026-09-06T18:13:09.837+01:00 INFO : 2 points above threshold
2026-09-06T18:13:09.842+01:00 INFO : Filtering template 59/96 segment 3/5
2026-09-06T18:13:09.861+01:00 INFO : 2 points above threshold
2026-09-06T18:13:09.866+01:00 INFO : Filtering template 59/96 segment 4/5
2026-09-06T18:13:09.884+01:00 INFO : 1 points above threshold
2026-09-06T18:13:09.889+01:00 INFO : Filtering template 59/96 segment 5/5
2026-09-06T18:13:09.908+01:00 INFO : 59: generating IMRPhenomD from 30.0 Hz
2026-09-06T18:13:09.910+01:00 INFO : Decompressing waveform using inline_linear
2026-09-06T18:13:09.915+01:00 INFO : Filtering template 60/96 segment 1/5
2026-09-06T18:13:09.936+01:00 INFO : Filtering template 60/96 segment 2/5
2026-09-06T18:13:09.954+01:00 INFO : Filtering template 60/96 segment 3/5
2026-09-06T18:13:09.972+01:00 INFO : 1 points above threshold
2026-09-06T18:13:09.987+01:00 INFO : Filtering template 60/96 segment 4/5
2026-09-06T18:13:10.005+01:00 INFO : 2 points above threshold
2026-09-06T18:13:10.010+01:00 INFO : Filtering template 60/96 segment 5/5
2026-09-06T18:13:10.029+01:00 INFO : 60: generating IMRPhenomD from 30.0 Hz
2026-09-06T18:13:10.032+01:00 INFO : Decompressing waveform using inline_linear
2026-09-06T18:13:10.036+01:00 INFO : Filtering template 61/96 segment 1/5
2026-09-06T18:13:10.057+01:00 INFO : Filtering template 61/96 segment 2/5
2026-09-06T18:13:10.075+01:00 INFO : 2 points above threshold
2026-09-06T18:13:10.089+01:00 INFO : Filtering template 61/96 segment 3/5
2026-09-06T18:13:10.108+01:00 INFO : 1 points above threshold
2026-09-06T18:13:10.113+01:00 INFO : Filtering template 61/96 segment 4/5
2026-09-06T18:13:10.131+01:00 INFO : 1 points above threshold
2026-09-06T18:13:10.136+01:00 INFO : Filtering template 61/96 segment 5/5
2026-09-06T18:13:10.155+01:00 INFO : 61: generating IMRPhenomD from 30.0 Hz
2026-09-06T18:13:10.157+01:00 INFO : Decompressing waveform using inline_linear
2026-09-06T18:13:10.162+01:00 INFO : Filtering template 62/96 segment 1/5
2026-09-06T18:13:10.183+01:00 INFO : 2 points above threshold
2026-09-06T18:13:10.198+01:00 INFO : Filtering template 62/96 segment 2/5
2026-09-06T18:13:10.216+01:00 INFO : Filtering template 62/96 segment 3/5
2026-09-06T18:13:10.234+01:00 INFO : Filtering template 62/96 segment 4/5
2026-09-06T18:13:10.252+01:00 INFO : 5 points above threshold
2026-09-06T18:13:10.260+01:00 INFO : Filtering template 62/96 segment 5/5
2026-09-06T18:13:10.278+01:00 INFO : 62: generating IMRPhenomD from 30.0 Hz
2026-09-06T18:13:10.281+01:00 INFO : Decompressing waveform using inline_linear
2026-09-06T18:13:10.286+01:00 INFO : Filtering template 63/96 segment 1/5
2026-09-06T18:13:10.306+01:00 INFO : Filtering template 63/96 segment 2/5
2026-09-06T18:13:10.324+01:00 INFO : 1 points above threshold
2026-09-06T18:13:10.339+01:00 INFO : Filtering template 63/96 segment 3/5
2026-09-06T18:13:10.357+01:00 INFO : 2 points above threshold
2026-09-06T18:13:10.362+01:00 INFO : Filtering template 63/96 segment 4/5
2026-09-06T18:13:10.380+01:00 INFO : 1 points above threshold
2026-09-06T18:13:10.385+01:00 INFO : Filtering template 63/96 segment 5/5
2026-09-06T18:13:10.403+01:00 INFO : 1 points above threshold
2026-09-06T18:13:10.409+01:00 INFO : 63: generating IMRPhenomD from 30.0 Hz
2026-09-06T18:13:10.411+01:00 INFO : Decompressing waveform using inline_linear
2026-09-06T18:13:10.417+01:00 INFO : Filtering template 64/96 segment 1/5
2026-09-06T18:13:10.437+01:00 INFO : 2 points above threshold
2026-09-06T18:13:10.452+01:00 INFO : Filtering template 64/96 segment 2/5
2026-09-06T18:13:10.470+01:00 INFO : 1 points above threshold
2026-09-06T18:13:10.476+01:00 INFO : Filtering template 64/96 segment 3/5
2026-09-06T18:13:10.494+01:00 INFO : Filtering template 64/96 segment 4/5
2026-09-06T18:13:10.512+01:00 INFO : Filtering template 64/96 segment 5/5
2026-09-06T18:13:10.530+01:00 INFO : 64: generating IMRPhenomD from 30.0 Hz
2026-09-06T18:13:10.533+01:00 INFO : Decompressing waveform using inline_linear
2026-09-06T18:13:10.538+01:00 INFO : Filtering template 65/96 segment 1/5
2026-09-06T18:13:10.558+01:00 INFO : 2 points above threshold
2026-09-06T18:13:10.573+01:00 INFO : Filtering template 65/96 segment 2/5
2026-09-06T18:13:10.591+01:00 INFO : 2 points above threshold
2026-09-06T18:13:10.596+01:00 INFO : Filtering template 65/96 segment 3/5
2026-09-06T18:13:10.614+01:00 INFO : 1 points above threshold
2026-09-06T18:13:10.619+01:00 INFO : Filtering template 65/96 segment 4/5
2026-09-06T18:13:10.637+01:00 INFO : 2 points above threshold
2026-09-06T18:13:10.642+01:00 INFO : Filtering template 65/96 segment 5/5
2026-09-06T18:13:10.661+01:00 INFO : 65: generating IMRPhenomD from 30.0 Hz
2026-09-06T18:13:10.664+01:00 INFO : Decompressing waveform using inline_linear
2026-09-06T18:13:10.669+01:00 INFO : Filtering template 66/96 segment 1/5
2026-09-06T18:13:10.689+01:00 INFO : 1 points above threshold
2026-09-06T18:13:10.703+01:00 INFO : Filtering template 66/96 segment 2/5
2026-09-06T18:13:10.721+01:00 INFO : 1 points above threshold
2026-09-06T18:13:10.727+01:00 INFO : Filtering template 66/96 segment 3/5
2026-09-06T18:13:10.745+01:00 INFO : 2 points above threshold
2026-09-06T18:13:10.750+01:00 INFO : Filtering template 66/96 segment 4/5
2026-09-06T18:13:10.768+01:00 INFO : 1 points above threshold
2026-09-06T18:13:10.773+01:00 INFO : Filtering template 66/96 segment 5/5
2026-09-06T18:13:10.791+01:00 INFO : 66: generating IMRPhenomD from 30.0 Hz
2026-09-06T18:13:10.794+01:00 INFO : Decompressing waveform using inline_linear
2026-09-06T18:13:10.799+01:00 INFO : Filtering template 67/96 segment 1/5
2026-09-06T18:13:10.820+01:00 INFO : 3 points above threshold
2026-09-06T18:13:10.836+01:00 INFO : Filtering template 67/96 segment 2/5
2026-09-06T18:13:10.854+01:00 INFO : Filtering template 67/96 segment 3/5
2026-09-06T18:13:10.872+01:00 INFO : 1 points above threshold
2026-09-06T18:13:10.877+01:00 INFO : Filtering template 67/96 segment 4/5
2026-09-06T18:13:10.896+01:00 INFO : Filtering template 67/96 segment 5/5
2026-09-06T18:13:10.914+01:00 INFO : 67: generating IMRPhenomD from 30.0 Hz
2026-09-06T18:13:10.917+01:00 INFO : Decompressing waveform using inline_linear
2026-09-06T18:13:10.922+01:00 INFO : Filtering template 68/96 segment 1/5
2026-09-06T18:13:10.942+01:00 INFO : 1 points above threshold
2026-09-06T18:13:10.957+01:00 INFO : Filtering template 68/96 segment 2/5
2026-09-06T18:13:10.975+01:00 INFO : 1 points above threshold
2026-09-06T18:13:10.981+01:00 INFO : Filtering template 68/96 segment 3/5
2026-09-06T18:13:10.998+01:00 INFO : 1 points above threshold
2026-09-06T18:13:11.004+01:00 INFO : Filtering template 68/96 segment 4/5
2026-09-06T18:13:11.021+01:00 INFO : 1 points above threshold
2026-09-06T18:13:11.027+01:00 INFO : Filtering template 68/96 segment 5/5
2026-09-06T18:13:11.045+01:00 INFO : 1 points above threshold
2026-09-06T18:13:11.051+01:00 INFO : 68: generating IMRPhenomD from 30.0 Hz
2026-09-06T18:13:11.053+01:00 INFO : Decompressing waveform using inline_linear
2026-09-06T18:13:11.058+01:00 INFO : Filtering template 69/96 segment 1/5
2026-09-06T18:13:11.078+01:00 INFO : Filtering template 69/96 segment 2/5
2026-09-06T18:13:11.096+01:00 INFO : Filtering template 69/96 segment 3/5
2026-09-06T18:13:11.114+01:00 INFO : 1 points above threshold
2026-09-06T18:13:11.129+01:00 INFO : Filtering template 69/96 segment 4/5
2026-09-06T18:13:11.147+01:00 INFO : 2 points above threshold
2026-09-06T18:13:11.152+01:00 INFO : Filtering template 69/96 segment 5/5
2026-09-06T18:13:11.170+01:00 INFO : 69: generating IMRPhenomD from 30.0 Hz
2026-09-06T18:13:11.173+01:00 INFO : Decompressing waveform using inline_linear
2026-09-06T18:13:11.178+01:00 INFO : Filtering template 70/96 segment 1/5
2026-09-06T18:13:11.198+01:00 INFO : 2 points above threshold
2026-09-06T18:13:11.213+01:00 INFO : Filtering template 70/96 segment 2/5
2026-09-06T18:13:11.231+01:00 INFO : 2 points above threshold
2026-09-06T18:13:11.236+01:00 INFO : Filtering template 70/96 segment 3/5
2026-09-06T18:13:11.254+01:00 INFO : Filtering template 70/96 segment 4/5
2026-09-06T18:13:11.272+01:00 INFO : 2 points above threshold
2026-09-06T18:13:11.277+01:00 INFO : Filtering template 70/96 segment 5/5
2026-09-06T18:13:11.296+01:00 INFO : 2 points above threshold
2026-09-06T18:13:11.301+01:00 INFO : 70: generating IMRPhenomD from 30.0 Hz
2026-09-06T18:13:11.304+01:00 INFO : Decompressing waveform using inline_linear
2026-09-06T18:13:11.309+01:00 INFO : Filtering template 71/96 segment 1/5
2026-09-06T18:13:11.329+01:00 INFO : Filtering template 71/96 segment 2/5
2026-09-06T18:13:11.347+01:00 INFO : 1 points above threshold
2026-09-06T18:13:11.361+01:00 INFO : Filtering template 71/96 segment 3/5
2026-09-06T18:13:11.380+01:00 INFO : 1 points above threshold
2026-09-06T18:13:11.385+01:00 INFO : Filtering template 71/96 segment 4/5
2026-09-06T18:13:11.403+01:00 INFO : 3 points above threshold
2026-09-06T18:13:11.410+01:00 INFO : Filtering template 71/96 segment 5/5
2026-09-06T18:13:11.428+01:00 INFO : 71: generating IMRPhenomD from 30.0 Hz
2026-09-06T18:13:11.431+01:00 INFO : Decompressing waveform using inline_linear
2026-09-06T18:13:11.436+01:00 INFO : Filtering template 72/96 segment 1/5
2026-09-06T18:13:11.456+01:00 INFO : 2 points above threshold
2026-09-06T18:13:11.471+01:00 INFO : Filtering template 72/96 segment 2/5
2026-09-06T18:13:11.489+01:00 INFO : 1 points above threshold
2026-09-06T18:13:11.495+01:00 INFO : Filtering template 72/96 segment 3/5
2026-09-06T18:13:11.512+01:00 INFO : 1 points above threshold
2026-09-06T18:13:11.518+01:00 INFO : Filtering template 72/96 segment 4/5
2026-09-06T18:13:11.536+01:00 INFO : 3 points above threshold
2026-09-06T18:13:11.543+01:00 INFO : Filtering template 72/96 segment 5/5
2026-09-06T18:13:11.561+01:00 INFO : 3 points above threshold
2026-09-06T18:13:11.568+01:00 INFO : 72: generating IMRPhenomD from 30.0 Hz
2026-09-06T18:13:11.571+01:00 INFO : Decompressing waveform using inline_linear
2026-09-06T18:13:11.576+01:00 INFO : Filtering template 73/96 segment 1/5
2026-09-06T18:13:11.596+01:00 INFO : 1 points above threshold
2026-09-06T18:13:11.612+01:00 INFO : Filtering template 73/96 segment 2/5
2026-09-06T18:13:11.630+01:00 INFO : 1 points above threshold
2026-09-06T18:13:11.635+01:00 INFO : Filtering template 73/96 segment 3/5
2026-09-06T18:13:11.653+01:00 INFO : 1 points above threshold
2026-09-06T18:13:11.658+01:00 INFO : Filtering template 73/96 segment 4/5
2026-09-06T18:13:11.676+01:00 INFO : Filtering template 73/96 segment 5/5
2026-09-06T18:13:11.695+01:00 INFO : 1 points above threshold
2026-09-06T18:13:11.700+01:00 INFO : 73: generating IMRPhenomD from 30.0 Hz
2026-09-06T18:13:11.703+01:00 INFO : Decompressing waveform using inline_linear
2026-09-06T18:13:11.708+01:00 INFO : Filtering template 74/96 segment 1/5
2026-09-06T18:13:11.728+01:00 INFO : 3 points above threshold
2026-09-06T18:13:11.746+01:00 INFO : Filtering template 74/96 segment 2/5
2026-09-06T18:13:11.764+01:00 INFO : 3 points above threshold
2026-09-06T18:13:11.771+01:00 INFO : Filtering template 74/96 segment 3/5
2026-09-06T18:13:11.789+01:00 INFO : Filtering template 74/96 segment 4/5
2026-09-06T18:13:11.807+01:00 INFO : 1 points above threshold
2026-09-06T18:13:11.812+01:00 INFO : Filtering template 74/96 segment 5/5
2026-09-06T18:13:11.831+01:00 INFO : 74: generating IMRPhenomD from 30.0 Hz
2026-09-06T18:13:11.834+01:00 INFO : Decompressing waveform using inline_linear
2026-09-06T18:13:11.838+01:00 INFO : Filtering template 75/96 segment 1/5
2026-09-06T18:13:11.859+01:00 INFO : Filtering template 75/96 segment 2/5
2026-09-06T18:13:11.877+01:00 INFO : 1 points above threshold
2026-09-06T18:13:11.892+01:00 INFO : Filtering template 75/96 segment 3/5
2026-09-06T18:13:11.910+01:00 INFO : 2 points above threshold
2026-09-06T18:13:11.915+01:00 INFO : Filtering template 75/96 segment 4/5
2026-09-06T18:13:11.934+01:00 INFO : Filtering template 75/96 segment 5/5
2026-09-06T18:13:11.952+01:00 INFO : 2 points above threshold
2026-09-06T18:13:11.957+01:00 INFO : 75: generating IMRPhenomD from 30.0 Hz
2026-09-06T18:13:11.960+01:00 INFO : Decompressing waveform using inline_linear
2026-09-06T18:13:11.965+01:00 INFO : Filtering template 76/96 segment 1/5
2026-09-06T18:13:11.985+01:00 INFO : 1 points above threshold
2026-09-06T18:13:11.999+01:00 INFO : Filtering template 76/96 segment 2/5
2026-09-06T18:13:12.018+01:00 INFO : Filtering template 76/96 segment 3/5
2026-09-06T18:13:12.036+01:00 INFO : 1 points above threshold
2026-09-06T18:13:12.041+01:00 INFO : Filtering template 76/96 segment 4/5
2026-09-06T18:13:12.059+01:00 INFO : Filtering template 76/96 segment 5/5
2026-09-06T18:13:12.077+01:00 INFO : 2 points above threshold
2026-09-06T18:13:12.083+01:00 INFO : 76: generating IMRPhenomD from 30.0 Hz
2026-09-06T18:13:12.085+01:00 INFO : Decompressing waveform using inline_linear
2026-09-06T18:13:12.091+01:00 INFO : Filtering template 77/96 segment 1/5
2026-09-06T18:13:12.111+01:00 INFO : Filtering template 77/96 segment 2/5
2026-09-06T18:13:12.129+01:00 INFO : 1 points above threshold
2026-09-06T18:13:12.144+01:00 INFO : Filtering template 77/96 segment 3/5
2026-09-06T18:13:12.162+01:00 INFO : Filtering template 77/96 segment 4/5
2026-09-06T18:13:12.180+01:00 INFO : 1 points above threshold
2026-09-06T18:13:12.185+01:00 INFO : Filtering template 77/96 segment 5/5
2026-09-06T18:13:12.204+01:00 INFO : 77: generating IMRPhenomD from 30.0 Hz
2026-09-06T18:13:12.207+01:00 INFO : Decompressing waveform using inline_linear
2026-09-06T18:13:12.211+01:00 INFO : Filtering template 78/96 segment 1/5
2026-09-06T18:13:12.232+01:00 INFO : Filtering template 78/96 segment 2/5
2026-09-06T18:13:12.250+01:00 INFO : Filtering template 78/96 segment 3/5
2026-09-06T18:13:12.268+01:00 INFO : Filtering template 78/96 segment 4/5
2026-09-06T18:13:12.287+01:00 INFO : 1 points above threshold
2026-09-06T18:13:12.302+01:00 INFO : Filtering template 78/96 segment 5/5
2026-09-06T18:13:12.320+01:00 INFO : 78: generating IMRPhenomD from 30.0 Hz
2026-09-06T18:13:12.323+01:00 INFO : Decompressing waveform using inline_linear
2026-09-06T18:13:12.328+01:00 INFO : Filtering template 79/96 segment 1/5
2026-09-06T18:13:12.348+01:00 INFO : 2 points above threshold
2026-09-06T18:13:12.363+01:00 INFO : Filtering template 79/96 segment 2/5
2026-09-06T18:13:12.381+01:00 INFO : Filtering template 79/96 segment 3/5
2026-09-06T18:13:12.399+01:00 INFO : 1 points above threshold
2026-09-06T18:13:12.405+01:00 INFO : Filtering template 79/96 segment 4/5
2026-09-06T18:13:12.423+01:00 INFO : 1 points above threshold
2026-09-06T18:13:12.428+01:00 INFO : Filtering template 79/96 segment 5/5
2026-09-06T18:13:12.446+01:00 INFO : 3 points above threshold
2026-09-06T18:13:12.453+01:00 INFO : 79: generating IMRPhenomD from 30.0 Hz
2026-09-06T18:13:12.456+01:00 INFO : Decompressing waveform using inline_linear
2026-09-06T18:13:12.461+01:00 INFO : Filtering template 80/96 segment 1/5
2026-09-06T18:13:12.481+01:00 INFO : 2 points above threshold
2026-09-06T18:13:12.496+01:00 INFO : Filtering template 80/96 segment 2/5
2026-09-06T18:13:12.514+01:00 INFO : 1 points above threshold
2026-09-06T18:13:12.519+01:00 INFO : Filtering template 80/96 segment 3/5
2026-09-06T18:13:12.537+01:00 INFO : 1 points above threshold
2026-09-06T18:13:12.542+01:00 INFO : Filtering template 80/96 segment 4/5
2026-09-06T18:13:12.560+01:00 INFO : Filtering template 80/96 segment 5/5
2026-09-06T18:13:12.579+01:00 INFO : 1 points above threshold
2026-09-06T18:13:12.584+01:00 INFO : 80: generating IMRPhenomD from 30.0 Hz
2026-09-06T18:13:12.587+01:00 INFO : Decompressing waveform using inline_linear
2026-09-06T18:13:12.592+01:00 INFO : Filtering template 81/96 segment 1/5
2026-09-06T18:13:12.612+01:00 INFO : 1 points above threshold
2026-09-06T18:13:12.626+01:00 INFO : Filtering template 81/96 segment 2/5
2026-09-06T18:13:12.645+01:00 INFO : 2 points above threshold
2026-09-06T18:13:12.650+01:00 INFO : Filtering template 81/96 segment 3/5
2026-09-06T18:13:12.668+01:00 INFO : 1 points above threshold
2026-09-06T18:13:12.673+01:00 INFO : Filtering template 81/96 segment 4/5
2026-09-06T18:13:12.691+01:00 INFO : Filtering template 81/96 segment 5/5
2026-09-06T18:13:12.709+01:00 INFO : 1 points above threshold
2026-09-06T18:13:12.714+01:00 INFO : 81: generating IMRPhenomD from 30.0 Hz
2026-09-06T18:13:12.717+01:00 INFO : Decompressing waveform using inline_linear
2026-09-06T18:13:12.722+01:00 INFO : Filtering template 82/96 segment 1/5
2026-09-06T18:13:12.742+01:00 INFO : Filtering template 82/96 segment 2/5
2026-09-06T18:13:12.760+01:00 INFO : 2 points above threshold
2026-09-06T18:13:12.775+01:00 INFO : Filtering template 82/96 segment 3/5
2026-09-06T18:13:12.793+01:00 INFO : 1 points above threshold
2026-09-06T18:13:12.798+01:00 INFO : Filtering template 82/96 segment 4/5
2026-09-06T18:13:12.817+01:00 INFO : Filtering template 82/96 segment 5/5
2026-09-06T18:13:12.835+01:00 INFO : 82: generating IMRPhenomD from 30.0 Hz
2026-09-06T18:13:12.838+01:00 INFO : Decompressing waveform using inline_linear
2026-09-06T18:13:12.843+01:00 INFO : Filtering template 83/96 segment 1/5
2026-09-06T18:13:12.863+01:00 INFO : 1 points above threshold
2026-09-06T18:13:12.877+01:00 INFO : Filtering template 83/96 segment 2/5
2026-09-06T18:13:12.896+01:00 INFO : 2 points above threshold
2026-09-06T18:13:12.901+01:00 INFO : Filtering template 83/96 segment 3/5
2026-09-06T18:13:12.919+01:00 INFO : 2 points above threshold
2026-09-06T18:13:12.924+01:00 INFO : Filtering template 83/96 segment 4/5
2026-09-06T18:13:12.942+01:00 INFO : 3 points above threshold
2026-09-06T18:13:12.949+01:00 INFO : Filtering template 83/96 segment 5/5
2026-09-06T18:13:12.968+01:00 INFO : 3 points above threshold
2026-09-06T18:13:12.975+01:00 INFO : 83: generating IMRPhenomD from 30.0 Hz
2026-09-06T18:13:12.977+01:00 INFO : Decompressing waveform using inline_linear
2026-09-06T18:13:12.982+01:00 INFO : Filtering template 84/96 segment 1/5
2026-09-06T18:13:13.002+01:00 INFO : Filtering template 84/96 segment 2/5
2026-09-06T18:13:13.020+01:00 INFO : Filtering template 84/96 segment 3/5
2026-09-06T18:13:13.038+01:00 INFO : 1 points above threshold
2026-09-06T18:13:13.054+01:00 INFO : Filtering template 84/96 segment 4/5
2026-09-06T18:13:13.072+01:00 INFO : 3 points above threshold
2026-09-06T18:13:13.079+01:00 INFO : Filtering template 84/96 segment 5/5
2026-09-06T18:13:13.097+01:00 INFO : 84: generating IMRPhenomD from 30.0 Hz
2026-09-06T18:13:13.100+01:00 INFO : Decompressing waveform using inline_linear
2026-09-06T18:13:13.105+01:00 INFO : Filtering template 85/96 segment 1/5
2026-09-06T18:13:13.125+01:00 INFO : 1 points above threshold
2026-09-06T18:13:13.140+01:00 INFO : Filtering template 85/96 segment 2/5
2026-09-06T18:13:13.158+01:00 INFO : 2 points above threshold
2026-09-06T18:13:13.163+01:00 INFO : Filtering template 85/96 segment 3/5
2026-09-06T18:13:13.181+01:00 INFO : 1 points above threshold
2026-09-06T18:13:13.186+01:00 INFO : Filtering template 85/96 segment 4/5
2026-09-06T18:13:13.204+01:00 INFO : 3 points above threshold
2026-09-06T18:13:13.212+01:00 INFO : Filtering template 85/96 segment 5/5
2026-09-06T18:13:13.230+01:00 INFO : 2 points above threshold
2026-09-06T18:13:13.235+01:00 INFO : 85: generating IMRPhenomD from 30.0 Hz
2026-09-06T18:13:13.237+01:00 INFO : Decompressing waveform using inline_linear
2026-09-06T18:13:13.242+01:00 INFO : Filtering template 86/96 segment 1/5
2026-09-06T18:13:13.262+01:00 INFO : 2 points above threshold
2026-09-06T18:13:13.277+01:00 INFO : Filtering template 86/96 segment 2/5
2026-09-06T18:13:13.295+01:00 INFO : 2 points above threshold
2026-09-06T18:13:13.301+01:00 INFO : Filtering template 86/96 segment 3/5
2026-09-06T18:13:13.318+01:00 INFO : 1 points above threshold
2026-09-06T18:13:13.324+01:00 INFO : Filtering template 86/96 segment 4/5
2026-09-06T18:13:13.341+01:00 INFO : 1 points above threshold
2026-09-06T18:13:13.347+01:00 INFO : Filtering template 86/96 segment 5/5
2026-09-06T18:13:13.365+01:00 INFO : 2 points above threshold
2026-09-06T18:13:13.370+01:00 INFO : 86: generating IMRPhenomD from 30.0 Hz
2026-09-06T18:13:13.373+01:00 INFO : Decompressing waveform using inline_linear
2026-09-06T18:13:13.378+01:00 INFO : Filtering template 87/96 segment 1/5
2026-09-06T18:13:13.398+01:00 INFO : 1 points above threshold
2026-09-06T18:13:13.413+01:00 INFO : Filtering template 87/96 segment 2/5
2026-09-06T18:13:13.431+01:00 INFO : 2 points above threshold
2026-09-06T18:13:13.436+01:00 INFO : Filtering template 87/96 segment 3/5
2026-09-06T18:13:13.454+01:00 INFO : 1 points above threshold
2026-09-06T18:13:13.460+01:00 INFO : Filtering template 87/96 segment 4/5
2026-09-06T18:13:13.477+01:00 INFO : 1 points above threshold
2026-09-06T18:13:13.483+01:00 INFO : Filtering template 87/96 segment 5/5
2026-09-06T18:13:13.501+01:00 INFO : 1 points above threshold
2026-09-06T18:13:13.506+01:00 INFO : 87: generating IMRPhenomD from 30.0 Hz
2026-09-06T18:13:13.509+01:00 INFO : Decompressing waveform using inline_linear
2026-09-06T18:13:13.513+01:00 INFO : Filtering template 88/96 segment 1/5
2026-09-06T18:13:13.534+01:00 INFO : 2 points above threshold
2026-09-06T18:13:13.549+01:00 INFO : Filtering template 88/96 segment 2/5
2026-09-06T18:13:13.567+01:00 INFO : 1 points above threshold
2026-09-06T18:13:13.572+01:00 INFO : Filtering template 88/96 segment 3/5
2026-09-06T18:13:13.590+01:00 INFO : Filtering template 88/96 segment 4/5
2026-09-06T18:13:13.608+01:00 INFO : Filtering template 88/96 segment 5/5
2026-09-06T18:13:13.626+01:00 INFO : 2 points above threshold
2026-09-06T18:13:13.632+01:00 INFO : 88: generating IMRPhenomD from 30.0 Hz
2026-09-06T18:13:13.634+01:00 INFO : Decompressing waveform using inline_linear
2026-09-06T18:13:13.639+01:00 INFO : Filtering template 89/96 segment 1/5
2026-09-06T18:13:13.660+01:00 INFO : 2 points above threshold
2026-09-06T18:13:13.674+01:00 INFO : Filtering template 89/96 segment 2/5
2026-09-06T18:13:13.693+01:00 INFO : 1 points above threshold
2026-09-06T18:13:13.698+01:00 INFO : Filtering template 89/96 segment 3/5
2026-09-06T18:13:13.716+01:00 INFO : 2 points above threshold
2026-09-06T18:13:13.721+01:00 INFO : Filtering template 89/96 segment 4/5
2026-09-06T18:13:13.739+01:00 INFO : Filtering template 89/96 segment 5/5
2026-09-06T18:13:13.757+01:00 INFO : 89: generating IMRPhenomD from 30.0 Hz
2026-09-06T18:13:13.760+01:00 INFO : Decompressing waveform using inline_linear
2026-09-06T18:13:13.765+01:00 INFO : Filtering template 90/96 segment 1/5
2026-09-06T18:13:13.785+01:00 INFO : Filtering template 90/96 segment 2/5
2026-09-06T18:13:13.803+01:00 INFO : 1 points above threshold
2026-09-06T18:13:13.818+01:00 INFO : Filtering template 90/96 segment 3/5
2026-09-06T18:13:13.836+01:00 INFO : 3 points above threshold
2026-09-06T18:13:13.843+01:00 INFO : Filtering template 90/96 segment 4/5
2026-09-06T18:13:13.861+01:00 INFO : Filtering template 90/96 segment 5/5
2026-09-06T18:13:13.880+01:00 INFO : 1 points above threshold
2026-09-06T18:13:13.885+01:00 INFO : 90: generating IMRPhenomD from 30.0 Hz
2026-09-06T18:13:13.888+01:00 INFO : Decompressing waveform using inline_linear
2026-09-06T18:13:13.892+01:00 INFO : Filtering template 91/96 segment 1/5
2026-09-06T18:13:13.913+01:00 INFO : Filtering template 91/96 segment 2/5
2026-09-06T18:13:13.931+01:00 INFO : 2 points above threshold
2026-09-06T18:13:13.947+01:00 INFO : Filtering template 91/96 segment 3/5
2026-09-06T18:13:13.966+01:00 INFO : 3 points above threshold
2026-09-06T18:13:13.973+01:00 INFO : Filtering template 91/96 segment 4/5
2026-09-06T18:13:13.990+01:00 INFO : Filtering template 91/96 segment 5/5
2026-09-06T18:13:14.009+01:00 INFO : 1 points above threshold
2026-09-06T18:13:14.014+01:00 INFO : 91: generating IMRPhenomD from 30.0 Hz
2026-09-06T18:13:14.017+01:00 INFO : Decompressing waveform using inline_linear
2026-09-06T18:13:14.022+01:00 INFO : Filtering template 92/96 segment 1/5
2026-09-06T18:13:14.045+01:00 INFO : 2 points above threshold
2026-09-06T18:13:14.062+01:00 INFO : Filtering template 92/96 segment 2/5
2026-09-06T18:13:14.083+01:00 INFO : 1 points above threshold
2026-09-06T18:13:14.089+01:00 INFO : Filtering template 92/96 segment 3/5
2026-09-06T18:13:14.108+01:00 INFO : 2 points above threshold
2026-09-06T18:13:14.114+01:00 INFO : Filtering template 92/96 segment 4/5
2026-09-06T18:13:14.133+01:00 INFO : 1 points above threshold
2026-09-06T18:13:14.139+01:00 INFO : Filtering template 92/96 segment 5/5
2026-09-06T18:13:14.157+01:00 INFO : 1 points above threshold
2026-09-06T18:13:14.163+01:00 INFO : 92: generating IMRPhenomD from 30.0 Hz
2026-09-06T18:13:14.166+01:00 INFO : Decompressing waveform using inline_linear
2026-09-06T18:13:14.170+01:00 INFO : Filtering template 93/96 segment 1/5
2026-09-06T18:13:14.191+01:00 INFO : Filtering template 93/96 segment 2/5
2026-09-06T18:13:14.209+01:00 INFO : 3 points above threshold
2026-09-06T18:13:14.225+01:00 INFO : Filtering template 93/96 segment 3/5
2026-09-06T18:13:14.256+01:00 INFO : 3 points above threshold
2026-09-06T18:13:14.270+01:00 INFO : Filtering template 93/96 segment 4/5
2026-09-06T18:13:14.289+01:00 INFO : 1 points above threshold
2026-09-06T18:13:14.294+01:00 INFO : Filtering template 93/96 segment 5/5
2026-09-06T18:13:14.312+01:00 INFO : 1 points above threshold
2026-09-06T18:13:14.317+01:00 INFO : 93: generating IMRPhenomD from 30.0 Hz
2026-09-06T18:13:14.320+01:00 INFO : Decompressing waveform using inline_linear
2026-09-06T18:13:14.325+01:00 INFO : Filtering template 94/96 segment 1/5
2026-09-06T18:13:14.345+01:00 INFO : 1 points above threshold
2026-09-06T18:13:14.360+01:00 INFO : Filtering template 94/96 segment 2/5
2026-09-06T18:13:14.378+01:00 INFO : 2 points above threshold
2026-09-06T18:13:14.383+01:00 INFO : Filtering template 94/96 segment 3/5
2026-09-06T18:13:14.401+01:00 INFO : 4 points above threshold
2026-09-06T18:13:14.407+01:00 INFO : Filtering template 94/96 segment 4/5
2026-09-06T18:13:14.425+01:00 INFO : Filtering template 94/96 segment 5/5
2026-09-06T18:13:14.443+01:00 INFO : 2 points above threshold
2026-09-06T18:13:14.448+01:00 INFO : 94: generating IMRPhenomD from 30.0 Hz
2026-09-06T18:13:14.451+01:00 INFO : Decompressing waveform using inline_linear
2026-09-06T18:13:14.456+01:00 INFO : Filtering template 95/96 segment 1/5
2026-09-06T18:13:14.476+01:00 INFO : 3 points above threshold
2026-09-06T18:13:14.493+01:00 INFO : Filtering template 95/96 segment 2/5
2026-09-06T18:13:14.511+01:00 INFO : 2 points above threshold
2026-09-06T18:13:14.516+01:00 INFO : Filtering template 95/96 segment 3/5
2026-09-06T18:13:14.534+01:00 INFO : 2 points above threshold
2026-09-06T18:13:14.539+01:00 INFO : Filtering template 95/96 segment 4/5
2026-09-06T18:13:14.557+01:00 INFO : 1 points above threshold
2026-09-06T18:13:14.562+01:00 INFO : Filtering template 95/96 segment 5/5
2026-09-06T18:13:14.581+01:00 INFO : 95: generating IMRPhenomD from 30.0 Hz
2026-09-06T18:13:14.600+01:00 INFO : Decompressing waveform using inline_linear
2026-09-06T18:13:14.605+01:00 INFO : Filtering template 96/96 segment 1/5
2026-09-06T18:13:14.634+01:00 INFO : 2 points above threshold
2026-09-06T18:13:14.652+01:00 INFO : Filtering template 96/96 segment 2/5
2026-09-06T18:13:14.670+01:00 INFO : Filtering template 96/96 segment 3/5
2026-09-06T18:13:14.688+01:00 INFO : Filtering template 96/96 segment 4/5
2026-09-06T18:13:14.706+01:00 INFO : 1 points above threshold
2026-09-06T18:13:14.711+01:00 INFO : Filtering template 96/96 segment 5/5
2026-09-06T18:13:14.729+01:00 INFO : We currently have 527 triggers
2026-09-06T18:13:14.730+01:00 INFO : Removing triggers with NewSNR below threshold
2026-09-06T18:13:14.730+01:00 INFO : 477 remaining triggers
2026-09-06T18:13:14.730+01:00 INFO : Outputting 477 triggers
2026-09-06T18:13:14.730+01:00 INFO : Writing out triggers
2026-09-06T18:13:14.741+01:00 INFO : Finished
[ perf record: Woken up 461 times to write data ]
[ perf record: Captured and wrote 99.990 MB /home/xangma/pycbc-torch-inspiral-reference-20260906/runs/reference-cpu-l512-perf/perf.data (6140 samples) ]
