2026-09-06T23:49:20.108+01:00 INFO : Running with Torch support on device cuda:0
2026-09-06T23:49:20.108+01:00 INFO : Reading Frames
2026-09-06T23:49:26.871+01:00 INFO : Highpass Filtering
2026-09-06T23:49:27.330+01:00 INFO : Resampling data
2026-09-06T23:49:27.341+01:00 INFO : Converting to float32
/home/xangma/pycbc-torch-inspiral-reference-20260906/source-v6/pycbc/types/array.py:872: RuntimeWarning: divide by zero encountered in divide
  return self._data.__rtruediv__(other)
2026-09-06T23:49:32.498+01:00 INFO : Highpass Filtering
2026-09-06T23:49:32.945+01:00 INFO : Remove Padding
2026-09-06T23:49:32.945+01:00 INFO : Making frequency-domain data segments
2026-09-06T23:49:33.605+01:00 INFO : Overwhitening frequency-domain data segments
2026-09-06T23:49:33.605+01:00 INFO : Read in template bank
2026-09-06T23:49:33.615+01:00 INFO : Full template bank size: 96
2026-09-06T23:49:33.616+01:00 INFO : Template bank size after thinning: 96
2026-09-06T23:49:33.616+01:00 INFO : 0: generating IMRPhenomD from 30.0 Hz
2026-09-06T23:49:33.617+01:00 INFO : Decompressing waveform using inline_linear
2026-09-06T23:49:33.807+01:00 INFO : Filtering template 1/96 segment 1/5
2026-09-06T23:49:34.305+01:00 INFO : 1 points above threshold
2026-09-06T23:49:34.324+01:00 INFO : Filtering template 1/96 segment 2/5
2026-09-06T23:49:34.325+01:00 INFO : Filtering template 1/96 segment 3/5
2026-09-06T23:49:34.325+01:00 INFO : 1 points above threshold
2026-09-06T23:49:34.328+01:00 INFO : Filtering template 1/96 segment 4/5
2026-09-06T23:49:34.328+01:00 INFO : Filtering template 1/96 segment 5/5
2026-09-06T23:49:34.329+01:00 INFO : 1 points above threshold
2026-09-06T23:49:34.332+01:00 INFO : 1: generating IMRPhenomD from 30.0 Hz
2026-09-06T23:49:34.333+01:00 INFO : Decompressing waveform using inline_linear
2026-09-06T23:49:34.335+01:00 INFO : Filtering template 2/96 segment 1/5
2026-09-06T23:49:34.336+01:00 INFO : 1 points above threshold
2026-09-06T23:49:34.339+01:00 INFO : Filtering template 2/96 segment 2/5
2026-09-06T23:49:34.340+01:00 INFO : 1 points above threshold
2026-09-06T23:49:34.342+01:00 INFO : Filtering template 2/96 segment 3/5
2026-09-06T23:49:34.343+01:00 INFO : 2 points above threshold
2026-09-06T23:49:34.349+01:00 INFO : Filtering template 2/96 segment 4/5
2026-09-06T23:49:34.349+01:00 INFO : Filtering template 2/96 segment 5/5
2026-09-06T23:49:34.350+01:00 INFO : 1 points above threshold
2026-09-06T23:49:34.353+01:00 INFO : 2: generating IMRPhenomD from 30.0 Hz
2026-09-06T23:49:34.354+01:00 INFO : Decompressing waveform using inline_linear
2026-09-06T23:49:34.356+01:00 INFO : Filtering template 3/96 segment 1/5
2026-09-06T23:49:34.357+01:00 INFO : 3 points above threshold
2026-09-06T23:49:34.362+01:00 INFO : Filtering template 3/96 segment 2/5
2026-09-06T23:49:34.362+01:00 INFO : Filtering template 3/96 segment 3/5
2026-09-06T23:49:34.363+01:00 INFO : 1 points above threshold
2026-09-06T23:49:34.365+01:00 INFO : Filtering template 3/96 segment 4/5
2026-09-06T23:49:34.366+01:00 INFO : 1 points above threshold
2026-09-06T23:49:34.368+01:00 INFO : Filtering template 3/96 segment 5/5
2026-09-06T23:49:34.369+01:00 INFO : 3: generating IMRPhenomD from 30.0 Hz
2026-09-06T23:49:34.370+01:00 INFO : Decompressing waveform using inline_linear
2026-09-06T23:49:34.372+01:00 INFO : Filtering template 4/96 segment 1/5
2026-09-06T23:49:34.373+01:00 INFO : 1 points above threshold
2026-09-06T23:49:34.376+01:00 INFO : Filtering template 4/96 segment 2/5
2026-09-06T23:49:34.377+01:00 INFO : 1 points above threshold
2026-09-06T23:49:34.379+01:00 INFO : Filtering template 4/96 segment 3/5
2026-09-06T23:49:34.380+01:00 INFO : 2 points above threshold
2026-09-06T23:49:34.383+01:00 INFO : Filtering template 4/96 segment 4/5
2026-09-06T23:49:34.383+01:00 INFO : 2 points above threshold
2026-09-06T23:49:34.387+01:00 INFO : Filtering template 4/96 segment 5/5
2026-09-06T23:49:34.387+01:00 INFO : 2 points above threshold
2026-09-06T23:49:34.391+01:00 INFO : 4: generating IMRPhenomD from 30.0 Hz
2026-09-06T23:49:34.392+01:00 INFO : Decompressing waveform using inline_linear
2026-09-06T23:49:34.394+01:00 INFO : Filtering template 5/96 segment 1/5
2026-09-06T23:49:34.395+01:00 INFO : 1 points above threshold
2026-09-06T23:49:34.398+01:00 INFO : Filtering template 5/96 segment 2/5
2026-09-06T23:49:34.399+01:00 INFO : 2 points above threshold
2026-09-06T23:49:34.402+01:00 INFO : Filtering template 5/96 segment 3/5
2026-09-06T23:49:34.403+01:00 INFO : 2 points above threshold
2026-09-06T23:49:34.406+01:00 INFO : Filtering template 5/96 segment 4/5
2026-09-06T23:49:34.406+01:00 INFO : 2 points above threshold
2026-09-06T23:49:34.410+01:00 INFO : Filtering template 5/96 segment 5/5
2026-09-06T23:49:34.411+01:00 INFO : 5: generating IMRPhenomD from 30.0 Hz
2026-09-06T23:49:34.412+01:00 INFO : Decompressing waveform using inline_linear
2026-09-06T23:49:34.414+01:00 INFO : Filtering template 6/96 segment 1/5
2026-09-06T23:49:34.415+01:00 INFO : 1 points above threshold
2026-09-06T23:49:34.418+01:00 INFO : Filtering template 6/96 segment 2/5
2026-09-06T23:49:34.418+01:00 INFO : Filtering template 6/96 segment 3/5
2026-09-06T23:49:34.419+01:00 INFO : Filtering template 6/96 segment 4/5
2026-09-06T23:49:34.419+01:00 INFO : Filtering template 6/96 segment 5/5
2026-09-06T23:49:34.419+01:00 INFO : 1 points above threshold
2026-09-06T23:49:34.422+01:00 INFO : 6: generating IMRPhenomD from 30.0 Hz
2026-09-06T23:49:34.423+01:00 INFO : Decompressing waveform using inline_linear
2026-09-06T23:49:34.425+01:00 INFO : Filtering template 7/96 segment 1/5
2026-09-06T23:49:34.426+01:00 INFO : 2 points above threshold
2026-09-06T23:49:34.430+01:00 INFO : Filtering template 7/96 segment 2/5
2026-09-06T23:49:34.431+01:00 INFO : Filtering template 7/96 segment 3/5
2026-09-06T23:49:34.431+01:00 INFO : Filtering template 7/96 segment 4/5
2026-09-06T23:49:34.432+01:00 INFO : 1 points above threshold
2026-09-06T23:49:34.434+01:00 INFO : Filtering template 7/96 segment 5/5
2026-09-06T23:49:34.435+01:00 INFO : 7: generating IMRPhenomD from 30.0 Hz
2026-09-06T23:49:34.436+01:00 INFO : Decompressing waveform using inline_linear
2026-09-06T23:49:34.438+01:00 INFO : Filtering template 8/96 segment 1/5
2026-09-06T23:49:34.439+01:00 INFO : 2 points above threshold
2026-09-06T23:49:34.443+01:00 INFO : Filtering template 8/96 segment 2/5
2026-09-06T23:49:34.444+01:00 INFO : 1 points above threshold
2026-09-06T23:49:34.446+01:00 INFO : Filtering template 8/96 segment 3/5
2026-09-06T23:49:34.446+01:00 INFO : 4 points above threshold
2026-09-06T23:49:34.450+01:00 INFO : Filtering template 8/96 segment 4/5
2026-09-06T23:49:34.450+01:00 INFO : Filtering template 8/96 segment 5/5
2026-09-06T23:49:34.451+01:00 INFO : 8: generating IMRPhenomD from 30.0 Hz
2026-09-06T23:49:34.453+01:00 INFO : Decompressing waveform using inline_linear
2026-09-06T23:49:34.454+01:00 INFO : Filtering template 9/96 segment 1/5
2026-09-06T23:49:34.455+01:00 INFO : Filtering template 9/96 segment 2/5
2026-09-06T23:49:34.456+01:00 INFO : 1 points above threshold
2026-09-06T23:49:34.459+01:00 INFO : Filtering template 9/96 segment 3/5
2026-09-06T23:49:34.459+01:00 INFO : 2 points above threshold
2026-09-06T23:49:34.463+01:00 INFO : Filtering template 9/96 segment 4/5
2026-09-06T23:49:34.463+01:00 INFO : 1 points above threshold
2026-09-06T23:49:34.466+01:00 INFO : Filtering template 9/96 segment 5/5
2026-09-06T23:49:34.466+01:00 INFO : 3 points above threshold
2026-09-06T23:49:34.470+01:00 INFO : 9: generating IMRPhenomD from 30.0 Hz
2026-09-06T23:49:34.472+01:00 INFO : Decompressing waveform using inline_linear
2026-09-06T23:49:34.473+01:00 INFO : Filtering template 10/96 segment 1/5
2026-09-06T23:49:34.474+01:00 INFO : 1 points above threshold
2026-09-06T23:49:34.477+01:00 INFO : Filtering template 10/96 segment 2/5
2026-09-06T23:49:34.478+01:00 INFO : 1 points above threshold
2026-09-06T23:49:34.480+01:00 INFO : Filtering template 10/96 segment 3/5
2026-09-06T23:49:34.481+01:00 INFO : Filtering template 10/96 segment 4/5
2026-09-06T23:49:34.481+01:00 INFO : 2 points above threshold
2026-09-06T23:49:34.485+01:00 INFO : Filtering template 10/96 segment 5/5
2026-09-06T23:49:34.485+01:00 INFO : 1 points above threshold
2026-09-06T23:49:34.488+01:00 INFO : 10: generating IMRPhenomD from 30.0 Hz
2026-09-06T23:49:34.490+01:00 INFO : Decompressing waveform using inline_linear
2026-09-06T23:49:34.491+01:00 INFO : Filtering template 11/96 segment 1/5
2026-09-06T23:49:34.492+01:00 INFO : 4 points above threshold
2026-09-06T23:49:34.496+01:00 INFO : Filtering template 11/96 segment 2/5
2026-09-06T23:49:34.497+01:00 INFO : 2 points above threshold
2026-09-06T23:49:34.500+01:00 INFO : Filtering template 11/96 segment 3/5
2026-09-06T23:49:34.501+01:00 INFO : 1 points above threshold
2026-09-06T23:49:34.503+01:00 INFO : Filtering template 11/96 segment 4/5
2026-09-06T23:49:34.503+01:00 INFO : Filtering template 11/96 segment 5/5
2026-09-06T23:49:34.504+01:00 INFO : 11: generating IMRPhenomD from 30.0 Hz
2026-09-06T23:49:34.506+01:00 INFO : Decompressing waveform using inline_linear
2026-09-06T23:49:34.508+01:00 INFO : Filtering template 12/96 segment 1/5
2026-09-06T23:49:34.508+01:00 INFO : 1 points above threshold
2026-09-06T23:49:34.511+01:00 INFO : Filtering template 12/96 segment 2/5
2026-09-06T23:49:34.512+01:00 INFO : 1 points above threshold
2026-09-06T23:49:34.515+01:00 INFO : Filtering template 12/96 segment 3/5
2026-09-06T23:49:34.515+01:00 INFO : 1 points above threshold
2026-09-06T23:49:34.518+01:00 INFO : Filtering template 12/96 segment 4/5
2026-09-06T23:49:34.518+01:00 INFO : 3 points above threshold
2026-09-06T23:49:34.522+01:00 INFO : Filtering template 12/96 segment 5/5
2026-09-06T23:49:34.523+01:00 INFO : 12: generating IMRPhenomD from 30.0 Hz
2026-09-06T23:49:34.524+01:00 INFO : Decompressing waveform using inline_linear
2026-09-06T23:49:34.526+01:00 INFO : Filtering template 13/96 segment 1/5
2026-09-06T23:49:34.527+01:00 INFO : Filtering template 13/96 segment 2/5
2026-09-06T23:49:34.527+01:00 INFO : 4 points above threshold
2026-09-06T23:49:34.531+01:00 INFO : Filtering template 13/96 segment 3/5
2026-09-06T23:49:34.532+01:00 INFO : Filtering template 13/96 segment 4/5
2026-09-06T23:49:34.532+01:00 INFO : Filtering template 13/96 segment 5/5
2026-09-06T23:49:34.532+01:00 INFO : 1 points above threshold
2026-09-06T23:49:34.535+01:00 INFO : 13: generating IMRPhenomD from 30.0 Hz
2026-09-06T23:49:34.537+01:00 INFO : Decompressing waveform using inline_linear
2026-09-06T23:49:34.538+01:00 INFO : Filtering template 14/96 segment 1/5
2026-09-06T23:49:34.539+01:00 INFO : 1 points above threshold
2026-09-06T23:49:34.542+01:00 INFO : Filtering template 14/96 segment 2/5
2026-09-06T23:49:34.543+01:00 INFO : 2 points above threshold
2026-09-06T23:49:34.546+01:00 INFO : Filtering template 14/96 segment 3/5
2026-09-06T23:49:34.546+01:00 INFO : 3 points above threshold
2026-09-06T23:49:34.549+01:00 INFO : Filtering template 14/96 segment 4/5
2026-09-06T23:49:34.550+01:00 INFO : 2 points above threshold
2026-09-06T23:49:34.553+01:00 INFO : Filtering template 14/96 segment 5/5
2026-09-06T23:49:34.554+01:00 INFO : 14: generating IMRPhenomD from 30.0 Hz
2026-09-06T23:49:34.555+01:00 INFO : Decompressing waveform using inline_linear
2026-09-06T23:49:34.557+01:00 INFO : Filtering template 15/96 segment 1/5
2026-09-06T23:49:34.558+01:00 INFO : 1 points above threshold
2026-09-06T23:49:34.561+01:00 INFO : Filtering template 15/96 segment 2/5
2026-09-06T23:49:34.561+01:00 INFO : Filtering template 15/96 segment 3/5
2026-09-06T23:49:34.562+01:00 INFO : 1 points above threshold
2026-09-06T23:49:34.564+01:00 INFO : Filtering template 15/96 segment 4/5
2026-09-06T23:49:34.565+01:00 INFO : 1 points above threshold
2026-09-06T23:49:34.567+01:00 INFO : Filtering template 15/96 segment 5/5
2026-09-06T23:49:34.568+01:00 INFO : 3 points above threshold
2026-09-06T23:49:34.571+01:00 INFO : 15: generating IMRPhenomD from 30.0 Hz
2026-09-06T23:49:34.573+01:00 INFO : Decompressing waveform using inline_linear
2026-09-06T23:49:34.575+01:00 INFO : Filtering template 16/96 segment 1/5
2026-09-06T23:49:34.575+01:00 INFO : 1 points above threshold
2026-09-06T23:49:34.579+01:00 INFO : Filtering template 16/96 segment 2/5
2026-09-06T23:49:34.579+01:00 INFO : 2 points above threshold
2026-09-06T23:49:34.582+01:00 INFO : Filtering template 16/96 segment 3/5
2026-09-06T23:49:34.583+01:00 INFO : 3 points above threshold
2026-09-06T23:49:34.586+01:00 INFO : Filtering template 16/96 segment 4/5
2026-09-06T23:49:34.586+01:00 INFO : 2 points above threshold
2026-09-06T23:49:34.589+01:00 INFO : Filtering template 16/96 segment 5/5
2026-09-06T23:49:34.590+01:00 INFO : 16: generating IMRPhenomD from 30.0 Hz
2026-09-06T23:49:34.592+01:00 INFO : Decompressing waveform using inline_linear
2026-09-06T23:49:34.594+01:00 INFO : Filtering template 17/96 segment 1/5
2026-09-06T23:49:34.594+01:00 INFO : 2 points above threshold
2026-09-06T23:49:34.598+01:00 INFO : Filtering template 17/96 segment 2/5
2026-09-06T23:49:34.599+01:00 INFO : 3 points above threshold
2026-09-06T23:49:34.601+01:00 INFO : Filtering template 17/96 segment 3/5
2026-09-06T23:49:34.602+01:00 INFO : Filtering template 17/96 segment 4/5
2026-09-06T23:49:34.602+01:00 INFO : 2 points above threshold
2026-09-06T23:49:34.605+01:00 INFO : Filtering template 17/96 segment 5/5
2026-09-06T23:49:34.606+01:00 INFO : 3 points above threshold
2026-09-06T23:49:34.609+01:00 INFO : 17: generating IMRPhenomD from 30.0 Hz
2026-09-06T23:49:34.610+01:00 INFO : Decompressing waveform using inline_linear
2026-09-06T23:49:34.612+01:00 INFO : Filtering template 18/96 segment 1/5
2026-09-06T23:49:34.613+01:00 INFO : Filtering template 18/96 segment 2/5
2026-09-06T23:49:34.613+01:00 INFO : Filtering template 18/96 segment 3/5
2026-09-06T23:49:34.614+01:00 INFO : 1 points above threshold
2026-09-06T23:49:34.617+01:00 INFO : Filtering template 18/96 segment 4/5
2026-09-06T23:49:34.617+01:00 INFO : Filtering template 18/96 segment 5/5
2026-09-06T23:49:34.618+01:00 INFO : 2 points above threshold
2026-09-06T23:49:34.621+01:00 INFO : 18: generating IMRPhenomD from 30.0 Hz
2026-09-06T23:49:34.623+01:00 INFO : Decompressing waveform using inline_linear
2026-09-06T23:49:34.624+01:00 INFO : Filtering template 19/96 segment 1/5
2026-09-06T23:49:34.625+01:00 INFO : 3 points above threshold
2026-09-06T23:49:34.629+01:00 INFO : Filtering template 19/96 segment 2/5
2026-09-06T23:49:34.629+01:00 INFO : 1 points above threshold
2026-09-06T23:49:34.632+01:00 INFO : Filtering template 19/96 segment 3/5
2026-09-06T23:49:34.632+01:00 INFO : 1 points above threshold
2026-09-06T23:49:34.635+01:00 INFO : Filtering template 19/96 segment 4/5
2026-09-06T23:49:34.635+01:00 INFO : 3 points above threshold
2026-09-06T23:49:34.638+01:00 INFO : Filtering template 19/96 segment 5/5
2026-09-06T23:49:34.638+01:00 INFO : 1 points above threshold
2026-09-06T23:49:34.642+01:00 INFO : 19: generating IMRPhenomD from 30.0 Hz
2026-09-06T23:49:34.643+01:00 INFO : Decompressing waveform using inline_linear
2026-09-06T23:49:34.645+01:00 INFO : Filtering template 20/96 segment 1/5
2026-09-06T23:49:34.646+01:00 INFO : 1 points above threshold
2026-09-06T23:49:34.649+01:00 INFO : Filtering template 20/96 segment 2/5
2026-09-06T23:49:34.649+01:00 INFO : 3 points above threshold
2026-09-06T23:49:34.652+01:00 INFO : Filtering template 20/96 segment 3/5
2026-09-06T23:49:34.653+01:00 INFO : Filtering template 20/96 segment 4/5
2026-09-06T23:49:34.653+01:00 INFO : 2 points above threshold
2026-09-06T23:49:34.656+01:00 INFO : Filtering template 20/96 segment 5/5
2026-09-06T23:49:34.657+01:00 INFO : 20: generating IMRPhenomD from 30.0 Hz
2026-09-06T23:49:34.659+01:00 INFO : Decompressing waveform using inline_linear
2026-09-06T23:49:34.660+01:00 INFO : Filtering template 21/96 segment 1/5
2026-09-06T23:49:34.661+01:00 INFO : 1 points above threshold
2026-09-06T23:49:34.665+01:00 INFO : Filtering template 21/96 segment 2/5
2026-09-06T23:49:34.665+01:00 INFO : 1 points above threshold
2026-09-06T23:49:34.667+01:00 INFO : Filtering template 21/96 segment 3/5
2026-09-06T23:49:34.668+01:00 INFO : 1 points above threshold
2026-09-06T23:49:34.670+01:00 INFO : Filtering template 21/96 segment 4/5
2026-09-06T23:49:34.671+01:00 INFO : Filtering template 21/96 segment 5/5
2026-09-06T23:49:34.672+01:00 INFO : 21: generating IMRPhenomD from 30.0 Hz
2026-09-06T23:49:34.673+01:00 INFO : Decompressing waveform using inline_linear
2026-09-06T23:49:34.675+01:00 INFO : Filtering template 22/96 segment 1/5
2026-09-06T23:49:34.676+01:00 INFO : 5 points above threshold
2026-09-06T23:49:34.680+01:00 INFO : Filtering template 22/96 segment 2/5
2026-09-06T23:49:34.680+01:00 INFO : Filtering template 22/96 segment 3/5
2026-09-06T23:49:34.681+01:00 INFO : Filtering template 22/96 segment 4/5
2026-09-06T23:49:34.681+01:00 INFO : 1 points above threshold
2026-09-06T23:49:34.683+01:00 INFO : Filtering template 22/96 segment 5/5
2026-09-06T23:49:34.684+01:00 INFO : 1 points above threshold
2026-09-06T23:49:34.687+01:00 INFO : 22: generating IMRPhenomD from 30.0 Hz
2026-09-06T23:49:34.688+01:00 INFO : Decompressing waveform using inline_linear
2026-09-06T23:49:34.690+01:00 INFO : Filtering template 23/96 segment 1/5
2026-09-06T23:49:34.691+01:00 INFO : 2 points above threshold
2026-09-06T23:49:34.695+01:00 INFO : Filtering template 23/96 segment 2/5
2026-09-06T23:49:34.695+01:00 INFO : 1 points above threshold
2026-09-06T23:49:34.697+01:00 INFO : Filtering template 23/96 segment 3/5
2026-09-06T23:49:34.698+01:00 INFO : 1 points above threshold
2026-09-06T23:49:34.700+01:00 INFO : Filtering template 23/96 segment 4/5
2026-09-06T23:49:34.701+01:00 INFO : Filtering template 23/96 segment 5/5
2026-09-06T23:49:34.702+01:00 INFO : 23: generating IMRPhenomD from 30.0 Hz
2026-09-06T23:49:34.703+01:00 INFO : Decompressing waveform using inline_linear
2026-09-06T23:49:34.705+01:00 INFO : Filtering template 24/96 segment 1/5
2026-09-06T23:49:34.706+01:00 INFO : 1 points above threshold
2026-09-06T23:49:34.709+01:00 INFO : Filtering template 24/96 segment 2/5
2026-09-06T23:49:34.709+01:00 INFO : 2 points above threshold
2026-09-06T23:49:34.713+01:00 INFO : Filtering template 24/96 segment 3/5
2026-09-06T23:49:34.713+01:00 INFO : 1 points above threshold
2026-09-06T23:49:34.716+01:00 INFO : Filtering template 24/96 segment 4/5
2026-09-06T23:49:34.716+01:00 INFO : Filtering template 24/96 segment 5/5
2026-09-06T23:49:34.717+01:00 INFO : 2 points above threshold
2026-09-06T23:49:34.721+01:00 INFO : 24: generating IMRPhenomD from 30.0 Hz
2026-09-06T23:49:34.722+01:00 INFO : Decompressing waveform using inline_linear
2026-09-06T23:49:34.724+01:00 INFO : Filtering template 25/96 segment 1/5
2026-09-06T23:49:34.725+01:00 INFO : 2 points above threshold
2026-09-06T23:49:34.728+01:00 INFO : Filtering template 25/96 segment 2/5
2026-09-06T23:49:34.729+01:00 INFO : Filtering template 25/96 segment 3/5
2026-09-06T23:49:34.729+01:00 INFO : Filtering template 25/96 segment 4/5
2026-09-06T23:49:34.730+01:00 INFO : Filtering template 25/96 segment 5/5
2026-09-06T23:49:34.730+01:00 INFO : 25: generating IMRPhenomD from 30.0 Hz
2026-09-06T23:49:34.732+01:00 INFO : Decompressing waveform using inline_linear
2026-09-06T23:49:34.733+01:00 INFO : Filtering template 26/96 segment 1/5
2026-09-06T23:49:34.734+01:00 INFO : Filtering template 26/96 segment 2/5
2026-09-06T23:49:34.735+01:00 INFO : 2 points above threshold
2026-09-06T23:49:34.739+01:00 INFO : Filtering template 26/96 segment 3/5
2026-09-06T23:49:34.739+01:00 INFO : Filtering template 26/96 segment 4/5
2026-09-06T23:49:34.740+01:00 INFO : 2 points above threshold
2026-09-06T23:49:34.743+01:00 INFO : Filtering template 26/96 segment 5/5
2026-09-06T23:49:34.743+01:00 INFO : 2 points above threshold
2026-09-06T23:49:34.747+01:00 INFO : 26: generating IMRPhenomD from 30.0 Hz
2026-09-06T23:49:34.748+01:00 INFO : Decompressing waveform using inline_linear
2026-09-06T23:49:34.750+01:00 INFO : Filtering template 27/96 segment 1/5
2026-09-06T23:49:34.751+01:00 INFO : 3 points above threshold
2026-09-06T23:49:34.755+01:00 INFO : Filtering template 27/96 segment 2/5
2026-09-06T23:49:34.755+01:00 INFO : Filtering template 27/96 segment 3/5
2026-09-06T23:49:34.755+01:00 INFO : 1 points above threshold
2026-09-06T23:49:34.758+01:00 INFO : Filtering template 27/96 segment 4/5
2026-09-06T23:49:34.758+01:00 INFO : Filtering template 27/96 segment 5/5
2026-09-06T23:49:34.760+01:00 INFO : 27: generating IMRPhenomD from 30.0 Hz
2026-09-06T23:49:34.761+01:00 INFO : Decompressing waveform using inline_linear
2026-09-06T23:49:34.763+01:00 INFO : Filtering template 28/96 segment 1/5
2026-09-06T23:49:34.763+01:00 INFO : 3 points above threshold
2026-09-06T23:49:34.768+01:00 INFO : Filtering template 28/96 segment 2/5
2026-09-06T23:49:34.768+01:00 INFO : 1 points above threshold
2026-09-06T23:49:34.771+01:00 INFO : Filtering template 28/96 segment 3/5
2026-09-06T23:49:34.771+01:00 INFO : 2 points above threshold
2026-09-06T23:49:34.775+01:00 INFO : Filtering template 28/96 segment 4/5
2026-09-06T23:49:34.775+01:00 INFO : 1 points above threshold
2026-09-06T23:49:34.777+01:00 INFO : Filtering template 28/96 segment 5/5
2026-09-06T23:49:34.778+01:00 INFO : 28: generating IMRPhenomD from 30.0 Hz
2026-09-06T23:49:34.780+01:00 INFO : Decompressing waveform using inline_linear
2026-09-06T23:49:34.782+01:00 INFO : Filtering template 29/96 segment 1/5
2026-09-06T23:49:34.782+01:00 INFO : 2 points above threshold
2026-09-06T23:49:34.787+01:00 INFO : Filtering template 29/96 segment 2/5
2026-09-06T23:49:34.787+01:00 INFO : 2 points above threshold
2026-09-06T23:49:34.791+01:00 INFO : Filtering template 29/96 segment 3/5
2026-09-06T23:49:34.791+01:00 INFO : 1 points above threshold
2026-09-06T23:49:34.793+01:00 INFO : Filtering template 29/96 segment 4/5
2026-09-06T23:49:34.794+01:00 INFO : 2 points above threshold
2026-09-06T23:49:34.797+01:00 INFO : Filtering template 29/96 segment 5/5
2026-09-06T23:49:34.798+01:00 INFO : 2 points above threshold
2026-09-06T23:49:34.802+01:00 INFO : 29: generating IMRPhenomD from 30.0 Hz
2026-09-06T23:49:34.803+01:00 INFO : Decompressing waveform using inline_linear
2026-09-06T23:49:34.805+01:00 INFO : Filtering template 30/96 segment 1/5
2026-09-06T23:49:34.806+01:00 INFO : 1 points above threshold
2026-09-06T23:49:34.809+01:00 INFO : Filtering template 30/96 segment 2/5
2026-09-06T23:49:34.810+01:00 INFO : 1 points above threshold
2026-09-06T23:49:34.812+01:00 INFO : Filtering template 30/96 segment 3/5
2026-09-06T23:49:34.812+01:00 INFO : 1 points above threshold
2026-09-06T23:49:34.815+01:00 INFO : Filtering template 30/96 segment 4/5
2026-09-06T23:49:34.815+01:00 INFO : Filtering template 30/96 segment 5/5
2026-09-06T23:49:34.816+01:00 INFO : 30: generating IMRPhenomD from 30.0 Hz
2026-09-06T23:49:34.818+01:00 INFO : Decompressing waveform using inline_linear
2026-09-06T23:49:34.819+01:00 INFO : Filtering template 31/96 segment 1/5
2026-09-06T23:49:34.820+01:00 INFO : Filtering template 31/96 segment 2/5
2026-09-06T23:49:34.821+01:00 INFO : 1 points above threshold
2026-09-06T23:49:34.824+01:00 INFO : Filtering template 31/96 segment 3/5
2026-09-06T23:49:34.824+01:00 INFO : Filtering template 31/96 segment 4/5
2026-09-06T23:49:34.825+01:00 INFO : 1 points above threshold
2026-09-06T23:49:34.827+01:00 INFO : Filtering template 31/96 segment 5/5
2026-09-06T23:49:34.828+01:00 INFO : 1 points above threshold
2026-09-06T23:49:34.830+01:00 INFO : 31: generating IMRPhenomD from 30.0 Hz
2026-09-06T23:49:34.832+01:00 INFO : Decompressing waveform using inline_linear
2026-09-06T23:49:34.834+01:00 INFO : Filtering template 32/96 segment 1/5
2026-09-06T23:49:34.834+01:00 INFO : Filtering template 32/96 segment 2/5
2026-09-06T23:49:34.835+01:00 INFO : Filtering template 32/96 segment 3/5
2026-09-06T23:49:34.836+01:00 INFO : Filtering template 32/96 segment 4/5
2026-09-06T23:49:34.836+01:00 INFO : 3 points above threshold
2026-09-06T23:49:34.840+01:00 INFO : Filtering template 32/96 segment 5/5
2026-09-06T23:49:34.840+01:00 INFO : 2 points above threshold
2026-09-06T23:49:34.844+01:00 INFO : 32: generating IMRPhenomD from 30.0 Hz
2026-09-06T23:49:34.845+01:00 INFO : Decompressing waveform using inline_linear
2026-09-06T23:49:34.847+01:00 INFO : Filtering template 33/96 segment 1/5
2026-09-06T23:49:34.848+01:00 INFO : 2 points above threshold
2026-09-06T23:49:34.852+01:00 INFO : Filtering template 33/96 segment 2/5
2026-09-06T23:49:34.852+01:00 INFO : Filtering template 33/96 segment 3/5
2026-09-06T23:49:34.853+01:00 INFO : Filtering template 33/96 segment 4/5
2026-09-06T23:49:34.853+01:00 INFO : 1 points above threshold
2026-09-06T23:49:34.856+01:00 INFO : Filtering template 33/96 segment 5/5
2026-09-06T23:49:34.857+01:00 INFO : 33: generating IMRPhenomD from 30.0 Hz
2026-09-06T23:49:34.858+01:00 INFO : Decompressing waveform using inline_linear
2026-09-06T23:49:34.860+01:00 INFO : Filtering template 34/96 segment 1/5
2026-09-06T23:49:34.861+01:00 INFO : Filtering template 34/96 segment 2/5
2026-09-06T23:49:34.861+01:00 INFO : 1 points above threshold
2026-09-06T23:49:34.864+01:00 INFO : Filtering template 34/96 segment 3/5
2026-09-06T23:49:34.865+01:00 INFO : 1 points above threshold
2026-09-06T23:49:34.867+01:00 INFO : Filtering template 34/96 segment 4/5
2026-09-06T23:49:34.868+01:00 INFO : Filtering template 34/96 segment 5/5
2026-09-06T23:49:34.868+01:00 INFO : 1 points above threshold
2026-09-06T23:49:34.871+01:00 INFO : 34: generating IMRPhenomD from 30.0 Hz
2026-09-06T23:49:34.872+01:00 INFO : Decompressing waveform using inline_linear
2026-09-06T23:49:34.874+01:00 INFO : Filtering template 35/96 segment 1/5
2026-09-06T23:49:34.875+01:00 INFO : 1 points above threshold
2026-09-06T23:49:34.878+01:00 INFO : Filtering template 35/96 segment 2/5
2026-09-06T23:49:34.878+01:00 INFO : 1 points above threshold
2026-09-06T23:49:34.881+01:00 INFO : Filtering template 35/96 segment 3/5
2026-09-06T23:49:34.881+01:00 INFO : 1 points above threshold
2026-09-06T23:49:34.884+01:00 INFO : Filtering template 35/96 segment 4/5
2026-09-06T23:49:34.884+01:00 INFO : Filtering template 35/96 segment 5/5
2026-09-06T23:49:34.885+01:00 INFO : 35: generating IMRPhenomD from 30.0 Hz
2026-09-06T23:49:34.886+01:00 INFO : Decompressing waveform using inline_linear
2026-09-06T23:49:34.888+01:00 INFO : Filtering template 36/96 segment 1/5
2026-09-06T23:49:34.889+01:00 INFO : 3 points above threshold
2026-09-06T23:49:34.893+01:00 INFO : Filtering template 36/96 segment 2/5
2026-09-06T23:49:34.893+01:00 INFO : 1 points above threshold
2026-09-06T23:49:34.896+01:00 INFO : Filtering template 36/96 segment 3/5
2026-09-06T23:49:34.896+01:00 INFO : 2 points above threshold
2026-09-06T23:49:34.899+01:00 INFO : Filtering template 36/96 segment 4/5
2026-09-06T23:49:34.899+01:00 INFO : Filtering template 36/96 segment 5/5
2026-09-06T23:49:34.900+01:00 INFO : 1 points above threshold
2026-09-06T23:49:34.903+01:00 INFO : 36: generating IMRPhenomD from 30.0 Hz
2026-09-06T23:49:34.904+01:00 INFO : Decompressing waveform using inline_linear
2026-09-06T23:49:34.906+01:00 INFO : Filtering template 37/96 segment 1/5
2026-09-06T23:49:34.907+01:00 INFO : 2 points above threshold
2026-09-06T23:49:34.911+01:00 INFO : Filtering template 37/96 segment 2/5
2026-09-06T23:49:34.911+01:00 INFO : 3 points above threshold
2026-09-06T23:49:34.915+01:00 INFO : Filtering template 37/96 segment 3/5
2026-09-06T23:49:34.915+01:00 INFO : 1 points above threshold
2026-09-06T23:49:34.918+01:00 INFO : Filtering template 37/96 segment 4/5
2026-09-06T23:49:34.919+01:00 INFO : 3 points above threshold
2026-09-06T23:49:34.922+01:00 INFO : Filtering template 37/96 segment 5/5
2026-09-06T23:49:34.923+01:00 INFO : 37: generating IMRPhenomD from 30.0 Hz
2026-09-06T23:49:34.924+01:00 INFO : Decompressing waveform using inline_linear
2026-09-06T23:49:34.926+01:00 INFO : Filtering template 38/96 segment 1/5
2026-09-06T23:49:34.927+01:00 INFO : Filtering template 38/96 segment 2/5
2026-09-06T23:49:34.928+01:00 INFO : Filtering template 38/96 segment 3/5
2026-09-06T23:49:34.928+01:00 INFO : 1 points above threshold
2026-09-06T23:49:34.931+01:00 INFO : Filtering template 38/96 segment 4/5
2026-09-06T23:49:34.932+01:00 INFO : 1 points above threshold
2026-09-06T23:49:34.934+01:00 INFO : Filtering template 38/96 segment 5/5
2026-09-06T23:49:34.934+01:00 INFO : 1 points above threshold
2026-09-06T23:49:34.937+01:00 INFO : 38: generating IMRPhenomD from 30.0 Hz
2026-09-06T23:49:34.939+01:00 INFO : Decompressing waveform using inline_linear
2026-09-06T23:49:34.940+01:00 INFO : Filtering template 39/96 segment 1/5
2026-09-06T23:49:34.941+01:00 INFO : Filtering template 39/96 segment 2/5
2026-09-06T23:49:34.942+01:00 INFO : 2 points above threshold
2026-09-06T23:49:34.946+01:00 INFO : Filtering template 39/96 segment 3/5
2026-09-06T23:49:34.946+01:00 INFO : Filtering template 39/96 segment 4/5
2026-09-06T23:49:34.947+01:00 INFO : 2 points above threshold
2026-09-06T23:49:34.950+01:00 INFO : Filtering template 39/96 segment 5/5
2026-09-06T23:49:34.951+01:00 INFO : 39: generating IMRPhenomD from 30.0 Hz
2026-09-06T23:49:34.953+01:00 INFO : Decompressing waveform using inline_linear
2026-09-06T23:49:34.954+01:00 INFO : Filtering template 40/96 segment 1/5
2026-09-06T23:49:34.955+01:00 INFO : Filtering template 40/96 segment 2/5
2026-09-06T23:49:34.956+01:00 INFO : Filtering template 40/96 segment 3/5
2026-09-06T23:49:34.956+01:00 INFO : Filtering template 40/96 segment 4/5
2026-09-06T23:49:34.957+01:00 INFO : 2 points above threshold
2026-09-06T23:49:34.961+01:00 INFO : Filtering template 40/96 segment 5/5
2026-09-06T23:49:34.961+01:00 INFO : 40: generating IMRPhenomD from 30.0 Hz
2026-09-06T23:49:34.963+01:00 INFO : Decompressing waveform using inline_linear
2026-09-06T23:49:34.965+01:00 INFO : Filtering template 41/96 segment 1/5
2026-09-06T23:49:34.965+01:00 INFO : Filtering template 41/96 segment 2/5
2026-09-06T23:49:34.966+01:00 INFO : Filtering template 41/96 segment 3/5
2026-09-06T23:49:34.966+01:00 INFO : 2 points above threshold
2026-09-06T23:49:34.971+01:00 INFO : Filtering template 41/96 segment 4/5
2026-09-06T23:49:34.971+01:00 INFO : 2 points above threshold
2026-09-06T23:49:34.975+01:00 INFO : Filtering template 41/96 segment 5/5
2026-09-06T23:49:34.975+01:00 INFO : 41: generating IMRPhenomD from 30.0 Hz
2026-09-06T23:49:34.977+01:00 INFO : Decompressing waveform using inline_linear
2026-09-06T23:49:34.978+01:00 INFO : Filtering template 42/96 segment 1/5
2026-09-06T23:49:34.979+01:00 INFO : Filtering template 42/96 segment 2/5
2026-09-06T23:49:34.980+01:00 INFO : 1 points above threshold
2026-09-06T23:49:34.983+01:00 INFO : Filtering template 42/96 segment 3/5
2026-09-06T23:49:34.983+01:00 INFO : Filtering template 42/96 segment 4/5
2026-09-06T23:49:34.984+01:00 INFO : 1 points above threshold
2026-09-06T23:49:34.986+01:00 INFO : Filtering template 42/96 segment 5/5
2026-09-06T23:49:34.987+01:00 INFO : 1 points above threshold
2026-09-06T23:49:34.989+01:00 INFO : 42: generating IMRPhenomD from 30.0 Hz
2026-09-06T23:49:34.991+01:00 INFO : Decompressing waveform using inline_linear
2026-09-06T23:49:34.993+01:00 INFO : Filtering template 43/96 segment 1/5
2026-09-06T23:49:34.993+01:00 INFO : 1 points above threshold
2026-09-06T23:49:34.996+01:00 INFO : Filtering template 43/96 segment 2/5
2026-09-06T23:49:34.997+01:00 INFO : 2 points above threshold
2026-09-06T23:49:35.000+01:00 INFO : Filtering template 43/96 segment 3/5
2026-09-06T23:49:35.001+01:00 INFO : 1 points above threshold
2026-09-06T23:49:35.003+01:00 INFO : Filtering template 43/96 segment 4/5
2026-09-06T23:49:35.004+01:00 INFO : Filtering template 43/96 segment 5/5
2026-09-06T23:49:35.005+01:00 INFO : 43: generating IMRPhenomD from 30.0 Hz
2026-09-06T23:49:35.006+01:00 INFO : Decompressing waveform using inline_linear
2026-09-06T23:49:35.008+01:00 INFO : Filtering template 44/96 segment 1/5
2026-09-06T23:49:35.008+01:00 INFO : 1 points above threshold
2026-09-06T23:49:35.012+01:00 INFO : Filtering template 44/96 segment 2/5
2026-09-06T23:49:35.012+01:00 INFO : Filtering template 44/96 segment 3/5
2026-09-06T23:49:35.013+01:00 INFO : Filtering template 44/96 segment 4/5
2026-09-06T23:49:35.013+01:00 INFO : 1 points above threshold
2026-09-06T23:49:35.015+01:00 INFO : Filtering template 44/96 segment 5/5
2026-09-06T23:49:35.016+01:00 INFO : 44: generating IMRPhenomD from 30.0 Hz
2026-09-06T23:49:35.018+01:00 INFO : Decompressing waveform using inline_linear
2026-09-06T23:49:35.019+01:00 INFO : Filtering template 45/96 segment 1/5
2026-09-06T23:49:35.020+01:00 INFO : 2 points above threshold
2026-09-06T23:49:35.024+01:00 INFO : Filtering template 45/96 segment 2/5
2026-09-06T23:49:35.025+01:00 INFO : 1 points above threshold
2026-09-06T23:49:35.027+01:00 INFO : Filtering template 45/96 segment 3/5
2026-09-06T23:49:35.027+01:00 INFO : 1 points above threshold
2026-09-06T23:49:35.030+01:00 INFO : Filtering template 45/96 segment 4/5
2026-09-06T23:49:35.030+01:00 INFO : Filtering template 45/96 segment 5/5
2026-09-06T23:49:35.031+01:00 INFO : 45: generating IMRPhenomD from 30.0 Hz
2026-09-06T23:49:35.032+01:00 INFO : Decompressing waveform using inline_linear
2026-09-06T23:49:35.034+01:00 INFO : Filtering template 46/96 segment 1/5
2026-09-06T23:49:35.035+01:00 INFO : Filtering template 46/96 segment 2/5
2026-09-06T23:49:35.036+01:00 INFO : Filtering template 46/96 segment 3/5
2026-09-06T23:49:35.036+01:00 INFO : 1 points above threshold
2026-09-06T23:49:35.039+01:00 INFO : Filtering template 46/96 segment 4/5
2026-09-06T23:49:35.040+01:00 INFO : 3 points above threshold
2026-09-06T23:49:35.043+01:00 INFO : Filtering template 46/96 segment 5/5
2026-09-06T23:49:35.044+01:00 INFO : 1 points above threshold
2026-09-06T23:49:35.046+01:00 INFO : 46: generating IMRPhenomD from 30.0 Hz
2026-09-06T23:49:35.048+01:00 INFO : Decompressing waveform using inline_linear
2026-09-06T23:49:35.050+01:00 INFO : Filtering template 47/96 segment 1/5
2026-09-06T23:49:35.050+01:00 INFO : 3 points above threshold
2026-09-06T23:49:35.055+01:00 INFO : Filtering template 47/96 segment 2/5
2026-09-06T23:49:35.055+01:00 INFO : Filtering template 47/96 segment 3/5
2026-09-06T23:49:35.056+01:00 INFO : 2 points above threshold
2026-09-06T23:49:35.059+01:00 INFO : Filtering template 47/96 segment 4/5
2026-09-06T23:49:35.059+01:00 INFO : 1 points above threshold
2026-09-06T23:49:35.062+01:00 INFO : Filtering template 47/96 segment 5/5
2026-09-06T23:49:35.062+01:00 INFO : 1 points above threshold
2026-09-06T23:49:35.065+01:00 INFO : 47: generating IMRPhenomD from 30.0 Hz
2026-09-06T23:49:35.067+01:00 INFO : Decompressing waveform using inline_linear
2026-09-06T23:49:35.068+01:00 INFO : Filtering template 48/96 segment 1/5
2026-09-06T23:49:35.069+01:00 INFO : 3 points above threshold
2026-09-06T23:49:35.074+01:00 INFO : Filtering template 48/96 segment 2/5
2026-09-06T23:49:35.074+01:00 INFO : 1 points above threshold
2026-09-06T23:49:35.076+01:00 INFO : Filtering template 48/96 segment 3/5
2026-09-06T23:49:35.077+01:00 INFO : 1 points above threshold
2026-09-06T23:49:35.080+01:00 INFO : Filtering template 48/96 segment 4/5
2026-09-06T23:49:35.080+01:00 INFO : 2 points above threshold
2026-09-06T23:49:35.084+01:00 INFO : Filtering template 48/96 segment 5/5
2026-09-06T23:49:35.084+01:00 INFO : 1 points above threshold
2026-09-06T23:49:35.087+01:00 INFO : 48: generating IMRPhenomD from 30.0 Hz
2026-09-06T23:49:35.089+01:00 INFO : Decompressing waveform using inline_linear
2026-09-06T23:49:35.090+01:00 INFO : Filtering template 49/96 segment 1/5
2026-09-06T23:49:35.091+01:00 INFO : 1 points above threshold
2026-09-06T23:49:35.094+01:00 INFO : Filtering template 49/96 segment 2/5
2026-09-06T23:49:35.095+01:00 INFO : 1 points above threshold
2026-09-06T23:49:35.097+01:00 INFO : Filtering template 49/96 segment 3/5
2026-09-06T23:49:35.098+01:00 INFO : 2 points above threshold
2026-09-06T23:49:35.101+01:00 INFO : Filtering template 49/96 segment 4/5
2026-09-06T23:49:35.102+01:00 INFO : Filtering template 49/96 segment 5/5
2026-09-06T23:49:35.103+01:00 INFO : 49: generating IMRPhenomD from 30.0 Hz
2026-09-06T23:49:35.104+01:00 INFO : Decompressing waveform using inline_linear
2026-09-06T23:49:35.106+01:00 INFO : Filtering template 50/96 segment 1/5
2026-09-06T23:49:35.107+01:00 INFO : Filtering template 50/96 segment 2/5
2026-09-06T23:49:35.107+01:00 INFO : 2 points above threshold
2026-09-06T23:49:35.111+01:00 INFO : Filtering template 50/96 segment 3/5
2026-09-06T23:49:35.112+01:00 INFO : 4 points above threshold
2026-09-06T23:49:35.115+01:00 INFO : Filtering template 50/96 segment 4/5
2026-09-06T23:49:35.116+01:00 INFO : 2 points above threshold
2026-09-06T23:49:35.119+01:00 INFO : Filtering template 50/96 segment 5/5
2026-09-06T23:49:35.120+01:00 INFO : 50: generating IMRPhenomD from 30.0 Hz
2026-09-06T23:49:35.121+01:00 INFO : Decompressing waveform using inline_linear
2026-09-06T23:49:35.123+01:00 INFO : Filtering template 51/96 segment 1/5
2026-09-06T23:49:35.124+01:00 INFO : 1 points above threshold
2026-09-06T23:49:35.127+01:00 INFO : Filtering template 51/96 segment 2/5
2026-09-06T23:49:35.128+01:00 INFO : 1 points above threshold
2026-09-06T23:49:35.130+01:00 INFO : Filtering template 51/96 segment 3/5
2026-09-06T23:49:35.131+01:00 INFO : Filtering template 51/96 segment 4/5
2026-09-06T23:49:35.131+01:00 INFO : 1 points above threshold
2026-09-06T23:49:35.133+01:00 INFO : Filtering template 51/96 segment 5/5
2026-09-06T23:49:35.134+01:00 INFO : 2 points above threshold
2026-09-06T23:49:35.138+01:00 INFO : 51: generating IMRPhenomD from 30.0 Hz
2026-09-06T23:49:35.139+01:00 INFO : Decompressing waveform using inline_linear
2026-09-06T23:49:35.141+01:00 INFO : Filtering template 52/96 segment 1/5
2026-09-06T23:49:35.142+01:00 INFO : 1 points above threshold
2026-09-06T23:49:35.145+01:00 INFO : Filtering template 52/96 segment 2/5
2026-09-06T23:49:35.146+01:00 INFO : 1 points above threshold
2026-09-06T23:49:35.148+01:00 INFO : Filtering template 52/96 segment 3/5
2026-09-06T23:49:35.148+01:00 INFO : Filtering template 52/96 segment 4/5
2026-09-06T23:49:35.149+01:00 INFO : 3 points above threshold
2026-09-06T23:49:35.152+01:00 INFO : Filtering template 52/96 segment 5/5
2026-09-06T23:49:35.153+01:00 INFO : 1 points above threshold
2026-09-06T23:49:35.156+01:00 INFO : 52: generating IMRPhenomD from 30.0 Hz
2026-09-06T23:49:35.158+01:00 INFO : Decompressing waveform using inline_linear
2026-09-06T23:49:35.159+01:00 INFO : Filtering template 53/96 segment 1/5
2026-09-06T23:49:35.160+01:00 INFO : 3 points above threshold
2026-09-06T23:49:35.165+01:00 INFO : Filtering template 53/96 segment 2/5
2026-09-06T23:49:35.165+01:00 INFO : 2 points above threshold
2026-09-06T23:49:35.169+01:00 INFO : Filtering template 53/96 segment 3/5
2026-09-06T23:49:35.169+01:00 INFO : 2 points above threshold
2026-09-06T23:49:35.173+01:00 INFO : Filtering template 53/96 segment 4/5
2026-09-06T23:49:35.173+01:00 INFO : 1 points above threshold
2026-09-06T23:49:35.175+01:00 INFO : Filtering template 53/96 segment 5/5
2026-09-06T23:49:35.176+01:00 INFO : 1 points above threshold
2026-09-06T23:49:35.179+01:00 INFO : 53: generating IMRPhenomD from 30.0 Hz
2026-09-06T23:49:35.180+01:00 INFO : Decompressing waveform using inline_linear
2026-09-06T23:49:35.182+01:00 INFO : Filtering template 54/96 segment 1/5
2026-09-06T23:49:35.183+01:00 INFO : Filtering template 54/96 segment 2/5
2026-09-06T23:49:35.183+01:00 INFO : Filtering template 54/96 segment 3/5
2026-09-06T23:49:35.184+01:00 INFO : 2 points above threshold
2026-09-06T23:49:35.187+01:00 INFO : Filtering template 54/96 segment 4/5
2026-09-06T23:49:35.188+01:00 INFO : 5 points above threshold
2026-09-06T23:49:35.190+01:00 INFO : Filtering template 54/96 segment 5/5
2026-09-06T23:49:35.191+01:00 INFO : 54: generating IMRPhenomD from 30.0 Hz
2026-09-06T23:49:35.192+01:00 INFO : Decompressing waveform using inline_linear
2026-09-06T23:49:35.194+01:00 INFO : Filtering template 55/96 segment 1/5
2026-09-06T23:49:35.195+01:00 INFO : Filtering template 55/96 segment 2/5
2026-09-06T23:49:35.195+01:00 INFO : 1 points above threshold
2026-09-06T23:49:35.198+01:00 INFO : Filtering template 55/96 segment 3/5
2026-09-06T23:49:35.199+01:00 INFO : 3 points above threshold
2026-09-06T23:49:35.202+01:00 INFO : Filtering template 55/96 segment 4/5
2026-09-06T23:49:35.203+01:00 INFO : 1 points above threshold
2026-09-06T23:49:35.205+01:00 INFO : Filtering template 55/96 segment 5/5
2026-09-06T23:49:35.206+01:00 INFO : 1 points above threshold
2026-09-06T23:49:35.209+01:00 INFO : 55: generating IMRPhenomD from 30.0 Hz
2026-09-06T23:49:35.210+01:00 INFO : Decompressing waveform using inline_linear
2026-09-06T23:49:35.212+01:00 INFO : Filtering template 56/96 segment 1/5
2026-09-06T23:49:35.213+01:00 INFO : 1 points above threshold
2026-09-06T23:49:35.216+01:00 INFO : Filtering template 56/96 segment 2/5
2026-09-06T23:49:35.216+01:00 INFO : 1 points above threshold
2026-09-06T23:49:35.219+01:00 INFO : Filtering template 56/96 segment 3/5
2026-09-06T23:49:35.219+01:00 INFO : 3 points above threshold
2026-09-06T23:49:35.223+01:00 INFO : Filtering template 56/96 segment 4/5
2026-09-06T23:49:35.223+01:00 INFO : Filtering template 56/96 segment 5/5
2026-09-06T23:49:35.224+01:00 INFO : 1 points above threshold
2026-09-06T23:49:35.227+01:00 INFO : 56: generating IMRPhenomD from 30.0 Hz
2026-09-06T23:49:35.228+01:00 INFO : Decompressing waveform using inline_linear
2026-09-06T23:49:35.230+01:00 INFO : Filtering template 57/96 segment 1/5
2026-09-06T23:49:35.230+01:00 INFO : 1 points above threshold
2026-09-06T23:49:35.234+01:00 INFO : Filtering template 57/96 segment 2/5
2026-09-06T23:49:35.234+01:00 INFO : 2 points above threshold
2026-09-06T23:49:35.238+01:00 INFO : Filtering template 57/96 segment 3/5
2026-09-06T23:49:35.238+01:00 INFO : 2 points above threshold
2026-09-06T23:49:35.242+01:00 INFO : Filtering template 57/96 segment 4/5
2026-09-06T23:49:35.242+01:00 INFO : 2 points above threshold
2026-09-06T23:49:35.246+01:00 INFO : Filtering template 57/96 segment 5/5
2026-09-06T23:49:35.247+01:00 INFO : 57: generating IMRPhenomD from 30.0 Hz
2026-09-06T23:49:35.248+01:00 INFO : Decompressing waveform using inline_linear
2026-09-06T23:49:35.250+01:00 INFO : Filtering template 58/96 segment 1/5
2026-09-06T23:49:35.251+01:00 INFO : 1 points above threshold
2026-09-06T23:49:35.254+01:00 INFO : Filtering template 58/96 segment 2/5
2026-09-06T23:49:35.254+01:00 INFO : 2 points above threshold
2026-09-06T23:49:35.258+01:00 INFO : Filtering template 58/96 segment 3/5
2026-09-06T23:49:35.258+01:00 INFO : 1 points above threshold
2026-09-06T23:49:35.261+01:00 INFO : Filtering template 58/96 segment 4/5
2026-09-06T23:49:35.261+01:00 INFO : 1 points above threshold
2026-09-06T23:49:35.264+01:00 INFO : Filtering template 58/96 segment 5/5
2026-09-06T23:49:35.264+01:00 INFO : 2 points above threshold
2026-09-06T23:49:35.268+01:00 INFO : 58: generating IMRPhenomD from 30.0 Hz
2026-09-06T23:49:35.270+01:00 INFO : Decompressing waveform using inline_linear
2026-09-06T23:49:35.271+01:00 INFO : Filtering template 59/96 segment 1/5
2026-09-06T23:49:35.272+01:00 INFO : 1 points above threshold
2026-09-06T23:49:35.275+01:00 INFO : Filtering template 59/96 segment 2/5
2026-09-06T23:49:35.276+01:00 INFO : 2 points above threshold
2026-09-06T23:49:35.279+01:00 INFO : Filtering template 59/96 segment 3/5
2026-09-06T23:49:35.280+01:00 INFO : 2 points above threshold
2026-09-06T23:49:35.283+01:00 INFO : Filtering template 59/96 segment 4/5
2026-09-06T23:49:35.284+01:00 INFO : 1 points above threshold
2026-09-06T23:49:35.286+01:00 INFO : Filtering template 59/96 segment 5/5
2026-09-06T23:49:35.287+01:00 INFO : 59: generating IMRPhenomD from 30.0 Hz
2026-09-06T23:49:35.289+01:00 INFO : Decompressing waveform using inline_linear
2026-09-06T23:49:35.290+01:00 INFO : Filtering template 60/96 segment 1/5
2026-09-06T23:49:35.291+01:00 INFO : Filtering template 60/96 segment 2/5
2026-09-06T23:49:35.292+01:00 INFO : Filtering template 60/96 segment 3/5
2026-09-06T23:49:35.292+01:00 INFO : 1 points above threshold
2026-09-06T23:49:35.295+01:00 INFO : Filtering template 60/96 segment 4/5
2026-09-06T23:49:35.296+01:00 INFO : 2 points above threshold
2026-09-06T23:49:35.299+01:00 INFO : Filtering template 60/96 segment 5/5
2026-09-06T23:49:35.300+01:00 INFO : 60: generating IMRPhenomD from 30.0 Hz
2026-09-06T23:49:35.301+01:00 INFO : Decompressing waveform using inline_linear
2026-09-06T23:49:35.303+01:00 INFO : Filtering template 61/96 segment 1/5
2026-09-06T23:49:35.304+01:00 INFO : Filtering template 61/96 segment 2/5
2026-09-06T23:49:35.305+01:00 INFO : 2 points above threshold
2026-09-06T23:49:35.309+01:00 INFO : Filtering template 61/96 segment 3/5
2026-09-06T23:49:35.309+01:00 INFO : 1 points above threshold
2026-09-06T23:49:35.312+01:00 INFO : Filtering template 61/96 segment 4/5
2026-09-06T23:49:35.312+01:00 INFO : 1 points above threshold
2026-09-06T23:49:35.315+01:00 INFO : Filtering template 61/96 segment 5/5
2026-09-06T23:49:35.316+01:00 INFO : 61: generating IMRPhenomD from 30.0 Hz
2026-09-06T23:49:35.317+01:00 INFO : Decompressing waveform using inline_linear
2026-09-06T23:49:35.319+01:00 INFO : Filtering template 62/96 segment 1/5
2026-09-06T23:49:35.320+01:00 INFO : 2 points above threshold
2026-09-06T23:49:35.324+01:00 INFO : Filtering template 62/96 segment 2/5
2026-09-06T23:49:35.325+01:00 INFO : Filtering template 62/96 segment 3/5
2026-09-06T23:49:35.325+01:00 INFO : Filtering template 62/96 segment 4/5
2026-09-06T23:49:35.325+01:00 INFO : 5 points above threshold
2026-09-06T23:49:35.330+01:00 INFO : Filtering template 62/96 segment 5/5
2026-09-06T23:49:35.330+01:00 INFO : 62: generating IMRPhenomD from 30.0 Hz
2026-09-06T23:49:35.332+01:00 INFO : Decompressing waveform using inline_linear
2026-09-06T23:49:35.334+01:00 INFO : Filtering template 63/96 segment 1/5
2026-09-06T23:49:35.334+01:00 INFO : Filtering template 63/96 segment 2/5
2026-09-06T23:49:35.335+01:00 INFO : 1 points above threshold
2026-09-06T23:49:35.338+01:00 INFO : Filtering template 63/96 segment 3/5
2026-09-06T23:49:35.338+01:00 INFO : 2 points above threshold
2026-09-06T23:49:35.342+01:00 INFO : Filtering template 63/96 segment 4/5
2026-09-06T23:49:35.342+01:00 INFO : 1 points above threshold
2026-09-06T23:49:35.345+01:00 INFO : Filtering template 63/96 segment 5/5
2026-09-06T23:49:35.345+01:00 INFO : 1 points above threshold
2026-09-06T23:49:35.348+01:00 INFO : 63: generating IMRPhenomD from 30.0 Hz
2026-09-06T23:49:35.350+01:00 INFO : Decompressing waveform using inline_linear
2026-09-06T23:49:35.351+01:00 INFO : Filtering template 64/96 segment 1/5
2026-09-06T23:49:35.352+01:00 INFO : 2 points above threshold
2026-09-06T23:49:35.357+01:00 INFO : Filtering template 64/96 segment 2/5
2026-09-06T23:49:35.357+01:00 INFO : 1 points above threshold
2026-09-06T23:49:35.359+01:00 INFO : Filtering template 64/96 segment 3/5
2026-09-06T23:49:35.360+01:00 INFO : Filtering template 64/96 segment 4/5
2026-09-06T23:49:35.360+01:00 INFO : Filtering template 64/96 segment 5/5
2026-09-06T23:49:35.361+01:00 INFO : 64: generating IMRPhenomD from 30.0 Hz
2026-09-06T23:49:35.362+01:00 INFO : Decompressing waveform using inline_linear
2026-09-06T23:49:35.364+01:00 INFO : Filtering template 65/96 segment 1/5
2026-09-06T23:49:35.365+01:00 INFO : 2 points above threshold
2026-09-06T23:49:35.369+01:00 INFO : Filtering template 65/96 segment 2/5
2026-09-06T23:49:35.369+01:00 INFO : 2 points above threshold
2026-09-06T23:49:35.373+01:00 INFO : Filtering template 65/96 segment 3/5
2026-09-06T23:49:35.373+01:00 INFO : 1 points above threshold
2026-09-06T23:49:35.376+01:00 INFO : Filtering template 65/96 segment 4/5
2026-09-06T23:49:35.376+01:00 INFO : 2 points above threshold
2026-09-06T23:49:35.379+01:00 INFO : Filtering template 65/96 segment 5/5
2026-09-06T23:49:35.380+01:00 INFO : 65: generating IMRPhenomD from 30.0 Hz
2026-09-06T23:49:35.382+01:00 INFO : Decompressing waveform using inline_linear
2026-09-06T23:49:35.383+01:00 INFO : Filtering template 66/96 segment 1/5
2026-09-06T23:49:35.384+01:00 INFO : 1 points above threshold
2026-09-06T23:49:35.387+01:00 INFO : Filtering template 66/96 segment 2/5
2026-09-06T23:49:35.388+01:00 INFO : 1 points above threshold
2026-09-06T23:49:35.390+01:00 INFO : Filtering template 66/96 segment 3/5
2026-09-06T23:49:35.391+01:00 INFO : 2 points above threshold
2026-09-06T23:49:35.394+01:00 INFO : Filtering template 66/96 segment 4/5
2026-09-06T23:49:35.395+01:00 INFO : 1 points above threshold
2026-09-06T23:49:35.397+01:00 INFO : Filtering template 66/96 segment 5/5
2026-09-06T23:49:35.398+01:00 INFO : 66: generating IMRPhenomD from 30.0 Hz
2026-09-06T23:49:35.399+01:00 INFO : Decompressing waveform using inline_linear
2026-09-06T23:49:35.401+01:00 INFO : Filtering template 67/96 segment 1/5
2026-09-06T23:49:35.402+01:00 INFO : 3 points above threshold
2026-09-06T23:49:35.406+01:00 INFO : Filtering template 67/96 segment 2/5
2026-09-06T23:49:35.407+01:00 INFO : Filtering template 67/96 segment 3/5
2026-09-06T23:49:35.407+01:00 INFO : 1 points above threshold
2026-09-06T23:49:35.410+01:00 INFO : Filtering template 67/96 segment 4/5
2026-09-06T23:49:35.410+01:00 INFO : Filtering template 67/96 segment 5/5
2026-09-06T23:49:35.411+01:00 INFO : 67: generating IMRPhenomD from 30.0 Hz
2026-09-06T23:49:35.412+01:00 INFO : Decompressing waveform using inline_linear
2026-09-06T23:49:35.414+01:00 INFO : Filtering template 68/96 segment 1/5
2026-09-06T23:49:35.415+01:00 INFO : 1 points above threshold
2026-09-06T23:49:35.418+01:00 INFO : Filtering template 68/96 segment 2/5
2026-09-06T23:49:35.418+01:00 INFO : 1 points above threshold
2026-09-06T23:49:35.421+01:00 INFO : Filtering template 68/96 segment 3/5
2026-09-06T23:49:35.421+01:00 INFO : 1 points above threshold
2026-09-06T23:49:35.424+01:00 INFO : Filtering template 68/96 segment 4/5
2026-09-06T23:49:35.424+01:00 INFO : 1 points above threshold
2026-09-06T23:49:35.427+01:00 INFO : Filtering template 68/96 segment 5/5
2026-09-06T23:49:35.427+01:00 INFO : 1 points above threshold
2026-09-06T23:49:35.430+01:00 INFO : 68: generating IMRPhenomD from 30.0 Hz
2026-09-06T23:49:35.431+01:00 INFO : Decompressing waveform using inline_linear
2026-09-06T23:49:35.433+01:00 INFO : Filtering template 69/96 segment 1/5
2026-09-06T23:49:35.434+01:00 INFO : Filtering template 69/96 segment 2/5
2026-09-06T23:49:35.434+01:00 INFO : Filtering template 69/96 segment 3/5
2026-09-06T23:49:35.435+01:00 INFO : 1 points above threshold
2026-09-06T23:49:35.438+01:00 INFO : Filtering template 69/96 segment 4/5
2026-09-06T23:49:35.438+01:00 INFO : 2 points above threshold
2026-09-06T23:49:35.442+01:00 INFO : Filtering template 69/96 segment 5/5
2026-09-06T23:49:35.443+01:00 INFO : 69: generating IMRPhenomD from 30.0 Hz
2026-09-06T23:49:35.444+01:00 INFO : Decompressing waveform using inline_linear
2026-09-06T23:49:35.446+01:00 INFO : Filtering template 70/96 segment 1/5
2026-09-06T23:49:35.447+01:00 INFO : 2 points above threshold
2026-09-06T23:49:35.451+01:00 INFO : Filtering template 70/96 segment 2/5
2026-09-06T23:49:35.451+01:00 INFO : 2 points above threshold
2026-09-06T23:49:35.455+01:00 INFO : Filtering template 70/96 segment 3/5
2026-09-06T23:49:35.455+01:00 INFO : Filtering template 70/96 segment 4/5
2026-09-06T23:49:35.456+01:00 INFO : 2 points above threshold
2026-09-06T23:49:35.459+01:00 INFO : Filtering template 70/96 segment 5/5
2026-09-06T23:49:35.460+01:00 INFO : 2 points above threshold
2026-09-06T23:49:35.464+01:00 INFO : 70: generating IMRPhenomD from 30.0 Hz
2026-09-06T23:49:35.465+01:00 INFO : Decompressing waveform using inline_linear
2026-09-06T23:49:35.467+01:00 INFO : Filtering template 71/96 segment 1/5
2026-09-06T23:49:35.468+01:00 INFO : Filtering template 71/96 segment 2/5
2026-09-06T23:49:35.468+01:00 INFO : 1 points above threshold
2026-09-06T23:49:35.471+01:00 INFO : Filtering template 71/96 segment 3/5
2026-09-06T23:49:35.472+01:00 INFO : 1 points above threshold
2026-09-06T23:49:35.475+01:00 INFO : Filtering template 71/96 segment 4/5
2026-09-06T23:49:35.475+01:00 INFO : 3 points above threshold
2026-09-06T23:49:35.479+01:00 INFO : Filtering template 71/96 segment 5/5
2026-09-06T23:49:35.480+01:00 INFO : 71: generating IMRPhenomD from 30.0 Hz
2026-09-06T23:49:35.481+01:00 INFO : Decompressing waveform using inline_linear
2026-09-06T23:49:35.483+01:00 INFO : Filtering template 72/96 segment 1/5
2026-09-06T23:49:35.484+01:00 INFO : 2 points above threshold
2026-09-06T23:49:35.488+01:00 INFO : Filtering template 72/96 segment 2/5
2026-09-06T23:49:35.488+01:00 INFO : 1 points above threshold
2026-09-06T23:49:35.491+01:00 INFO : Filtering template 72/96 segment 3/5
2026-09-06T23:49:35.491+01:00 INFO : 1 points above threshold
2026-09-06T23:49:35.494+01:00 INFO : Filtering template 72/96 segment 4/5
2026-09-06T23:49:35.494+01:00 INFO : 3 points above threshold
2026-09-06T23:49:35.498+01:00 INFO : Filtering template 72/96 segment 5/5
2026-09-06T23:49:35.498+01:00 INFO : 3 points above threshold
2026-09-06T23:49:35.502+01:00 INFO : 72: generating IMRPhenomD from 30.0 Hz
2026-09-06T23:49:35.504+01:00 INFO : Decompressing waveform using inline_linear
2026-09-06T23:49:35.505+01:00 INFO : Filtering template 73/96 segment 1/5
2026-09-06T23:49:35.506+01:00 INFO : 1 points above threshold
2026-09-06T23:49:35.509+01:00 INFO : Filtering template 73/96 segment 2/5
2026-09-06T23:49:35.510+01:00 INFO : 1 points above threshold
2026-09-06T23:49:35.512+01:00 INFO : Filtering template 73/96 segment 3/5
2026-09-06T23:49:35.513+01:00 INFO : 1 points above threshold
2026-09-06T23:49:35.515+01:00 INFO : Filtering template 73/96 segment 4/5
2026-09-06T23:49:35.516+01:00 INFO : Filtering template 73/96 segment 5/5
2026-09-06T23:49:35.516+01:00 INFO : 1 points above threshold
2026-09-06T23:49:35.519+01:00 INFO : 73: generating IMRPhenomD from 30.0 Hz
2026-09-06T23:49:35.520+01:00 INFO : Decompressing waveform using inline_linear
2026-09-06T23:49:35.522+01:00 INFO : Filtering template 74/96 segment 1/5
2026-09-06T23:49:35.523+01:00 INFO : 3 points above threshold
2026-09-06T23:49:35.528+01:00 INFO : Filtering template 74/96 segment 2/5
2026-09-06T23:49:35.528+01:00 INFO : 3 points above threshold
2026-09-06T23:49:35.532+01:00 INFO : Filtering template 74/96 segment 3/5
2026-09-06T23:49:35.532+01:00 INFO : Filtering template 74/96 segment 4/5
2026-09-06T23:49:35.533+01:00 INFO : 1 points above threshold
2026-09-06T23:49:35.535+01:00 INFO : Filtering template 74/96 segment 5/5
2026-09-06T23:49:35.536+01:00 INFO : 74: generating IMRPhenomD from 30.0 Hz
2026-09-06T23:49:35.537+01:00 INFO : Decompressing waveform using inline_linear
2026-09-06T23:49:35.539+01:00 INFO : Filtering template 75/96 segment 1/5
2026-09-06T23:49:35.540+01:00 INFO : Filtering template 75/96 segment 2/5
2026-09-06T23:49:35.540+01:00 INFO : 1 points above threshold
2026-09-06T23:49:35.544+01:00 INFO : Filtering template 75/96 segment 3/5
2026-09-06T23:49:35.544+01:00 INFO : 2 points above threshold
2026-09-06T23:49:35.548+01:00 INFO : Filtering template 75/96 segment 4/5
2026-09-06T23:49:35.548+01:00 INFO : Filtering template 75/96 segment 5/5
2026-09-06T23:49:35.548+01:00 INFO : 2 points above threshold
2026-09-06T23:49:35.552+01:00 INFO : 75: generating IMRPhenomD from 30.0 Hz
2026-09-06T23:49:35.554+01:00 INFO : Decompressing waveform using inline_linear
2026-09-06T23:49:35.556+01:00 INFO : Filtering template 76/96 segment 1/5
2026-09-06T23:49:35.557+01:00 INFO : 1 points above threshold
2026-09-06T23:49:35.560+01:00 INFO : Filtering template 76/96 segment 2/5
2026-09-06T23:49:35.560+01:00 INFO : Filtering template 76/96 segment 3/5
2026-09-06T23:49:35.561+01:00 INFO : 1 points above threshold
2026-09-06T23:49:35.563+01:00 INFO : Filtering template 76/96 segment 4/5
2026-09-06T23:49:35.564+01:00 INFO : Filtering template 76/96 segment 5/5
2026-09-06T23:49:35.564+01:00 INFO : 2 points above threshold
2026-09-06T23:49:35.568+01:00 INFO : 76: generating IMRPhenomD from 30.0 Hz
2026-09-06T23:49:35.569+01:00 INFO : Decompressing waveform using inline_linear
2026-09-06T23:49:35.571+01:00 INFO : Filtering template 77/96 segment 1/5
2026-09-06T23:49:35.572+01:00 INFO : Filtering template 77/96 segment 2/5
2026-09-06T23:49:35.573+01:00 INFO : 1 points above threshold
2026-09-06T23:49:35.576+01:00 INFO : Filtering template 77/96 segment 3/5
2026-09-06T23:49:35.576+01:00 INFO : Filtering template 77/96 segment 4/5
2026-09-06T23:49:35.577+01:00 INFO : 1 points above threshold
2026-09-06T23:49:35.579+01:00 INFO : Filtering template 77/96 segment 5/5
2026-09-06T23:49:35.580+01:00 INFO : 77: generating IMRPhenomD from 30.0 Hz
2026-09-06T23:49:35.581+01:00 INFO : Decompressing waveform using inline_linear
2026-09-06T23:49:35.583+01:00 INFO : Filtering template 78/96 segment 1/5
2026-09-06T23:49:35.584+01:00 INFO : Filtering template 78/96 segment 2/5
2026-09-06T23:49:35.584+01:00 INFO : Filtering template 78/96 segment 3/5
2026-09-06T23:49:35.585+01:00 INFO : Filtering template 78/96 segment 4/5
2026-09-06T23:49:35.585+01:00 INFO : 1 points above threshold
2026-09-06T23:49:35.588+01:00 INFO : Filtering template 78/96 segment 5/5
2026-09-06T23:49:35.589+01:00 INFO : 78: generating IMRPhenomD from 30.0 Hz
2026-09-06T23:49:35.590+01:00 INFO : Decompressing waveform using inline_linear
2026-09-06T23:49:35.592+01:00 INFO : Filtering template 79/96 segment 1/5
2026-09-06T23:49:35.593+01:00 INFO : 2 points above threshold
2026-09-06T23:49:35.597+01:00 INFO : Filtering template 79/96 segment 2/5
2026-09-06T23:49:35.597+01:00 INFO : Filtering template 79/96 segment 3/5
2026-09-06T23:49:35.598+01:00 INFO : 1 points above threshold
2026-09-06T23:49:35.600+01:00 INFO : Filtering template 79/96 segment 4/5
2026-09-06T23:49:35.601+01:00 INFO : 1 points above threshold
2026-09-06T23:49:35.603+01:00 INFO : Filtering template 79/96 segment 5/5
2026-09-06T23:49:35.604+01:00 INFO : 3 points above threshold
2026-09-06T23:49:35.607+01:00 INFO : 79: generating IMRPhenomD from 30.0 Hz
2026-09-06T23:49:35.609+01:00 INFO : Decompressing waveform using inline_linear
2026-09-06T23:49:35.610+01:00 INFO : Filtering template 80/96 segment 1/5
2026-09-06T23:49:35.611+01:00 INFO : 2 points above threshold
2026-09-06T23:49:35.615+01:00 INFO : Filtering template 80/96 segment 2/5
2026-09-06T23:49:35.615+01:00 INFO : 1 points above threshold
2026-09-06T23:49:35.618+01:00 INFO : Filtering template 80/96 segment 3/5
2026-09-06T23:49:35.618+01:00 INFO : 1 points above threshold
2026-09-06T23:49:35.621+01:00 INFO : Filtering template 80/96 segment 4/5
2026-09-06T23:49:35.621+01:00 INFO : Filtering template 80/96 segment 5/5
2026-09-06T23:49:35.622+01:00 INFO : 1 points above threshold
2026-09-06T23:49:35.625+01:00 INFO : 80: generating IMRPhenomD from 30.0 Hz
2026-09-06T23:49:35.626+01:00 INFO : Decompressing waveform using inline_linear
2026-09-06T23:49:35.628+01:00 INFO : Filtering template 81/96 segment 1/5
2026-09-06T23:49:35.629+01:00 INFO : 1 points above threshold
2026-09-06T23:49:35.632+01:00 INFO : Filtering template 81/96 segment 2/5
2026-09-06T23:49:35.632+01:00 INFO : 2 points above threshold
2026-09-06T23:49:35.636+01:00 INFO : Filtering template 81/96 segment 3/5
2026-09-06T23:49:35.636+01:00 INFO : 1 points above threshold
2026-09-06T23:49:35.639+01:00 INFO : Filtering template 81/96 segment 4/5
2026-09-06T23:49:35.639+01:00 INFO : Filtering template 81/96 segment 5/5
2026-09-06T23:49:35.640+01:00 INFO : 1 points above threshold
2026-09-06T23:49:35.643+01:00 INFO : 81: generating IMRPhenomD from 30.0 Hz
2026-09-06T23:49:35.644+01:00 INFO : Decompressing waveform using inline_linear
2026-09-06T23:49:35.646+01:00 INFO : Filtering template 82/96 segment 1/5
2026-09-06T23:49:35.647+01:00 INFO : Filtering template 82/96 segment 2/5
2026-09-06T23:49:35.647+01:00 INFO : 2 points above threshold
2026-09-06T23:49:35.651+01:00 INFO : Filtering template 82/96 segment 3/5
2026-09-06T23:49:35.652+01:00 INFO : 1 points above threshold
2026-09-06T23:49:35.654+01:00 INFO : Filtering template 82/96 segment 4/5
2026-09-06T23:49:35.655+01:00 INFO : Filtering template 82/96 segment 5/5
2026-09-06T23:49:35.655+01:00 INFO : 82: generating IMRPhenomD from 30.0 Hz
2026-09-06T23:49:35.657+01:00 INFO : Decompressing waveform using inline_linear
2026-09-06T23:49:35.658+01:00 INFO : Filtering template 83/96 segment 1/5
2026-09-06T23:49:35.659+01:00 INFO : 1 points above threshold
2026-09-06T23:49:35.662+01:00 INFO : Filtering template 83/96 segment 2/5
2026-09-06T23:49:35.663+01:00 INFO : 2 points above threshold
2026-09-06T23:49:35.666+01:00 INFO : Filtering template 83/96 segment 3/5
2026-09-06T23:49:35.667+01:00 INFO : 2 points above threshold
2026-09-06T23:49:35.670+01:00 INFO : Filtering template 83/96 segment 4/5
2026-09-06T23:49:35.671+01:00 INFO : 3 points above threshold
2026-09-06T23:49:35.674+01:00 INFO : Filtering template 83/96 segment 5/5
2026-09-06T23:49:35.674+01:00 INFO : 3 points above threshold
2026-09-06T23:49:35.679+01:00 INFO : 83: generating IMRPhenomD from 30.0 Hz
2026-09-06T23:49:35.680+01:00 INFO : Decompressing waveform using inline_linear
2026-09-06T23:49:35.682+01:00 INFO : Filtering template 84/96 segment 1/5
2026-09-06T23:49:35.682+01:00 INFO : Filtering template 84/96 segment 2/5
2026-09-06T23:49:35.683+01:00 INFO : Filtering template 84/96 segment 3/5
2026-09-06T23:49:35.683+01:00 INFO : 1 points above threshold
2026-09-06T23:49:35.687+01:00 INFO : Filtering template 84/96 segment 4/5
2026-09-06T23:49:35.687+01:00 INFO : 3 points above threshold
2026-09-06T23:49:35.691+01:00 INFO : Filtering template 84/96 segment 5/5
2026-09-06T23:49:35.691+01:00 INFO : 84: generating IMRPhenomD from 30.0 Hz
2026-09-06T23:49:35.693+01:00 INFO : Decompressing waveform using inline_linear
2026-09-06T23:49:35.694+01:00 INFO : Filtering template 85/96 segment 1/5
2026-09-06T23:49:35.695+01:00 INFO : 1 points above threshold
2026-09-06T23:49:35.698+01:00 INFO : Filtering template 85/96 segment 2/5
2026-09-06T23:49:35.699+01:00 INFO : 2 points above threshold
2026-09-06T23:49:35.702+01:00 INFO : Filtering template 85/96 segment 3/5
2026-09-06T23:49:35.703+01:00 INFO : 1 points above threshold
2026-09-06T23:49:35.705+01:00 INFO : Filtering template 85/96 segment 4/5
2026-09-06T23:49:35.706+01:00 INFO : 3 points above threshold
2026-09-06T23:49:35.710+01:00 INFO : Filtering template 85/96 segment 5/5
2026-09-06T23:49:35.710+01:00 INFO : 2 points above threshold
2026-09-06T23:49:35.714+01:00 INFO : 85: generating IMRPhenomD from 30.0 Hz
2026-09-06T23:49:35.716+01:00 INFO : Decompressing waveform using inline_linear
2026-09-06T23:49:35.718+01:00 INFO : Filtering template 86/96 segment 1/5
2026-09-06T23:49:35.718+01:00 INFO : 2 points above threshold
2026-09-06T23:49:35.723+01:00 INFO : Filtering template 86/96 segment 2/5
2026-09-06T23:49:35.723+01:00 INFO : 2 points above threshold
2026-09-06T23:49:35.727+01:00 INFO : Filtering template 86/96 segment 3/5
2026-09-06T23:49:35.727+01:00 INFO : 1 points above threshold
2026-09-06T23:49:35.730+01:00 INFO : Filtering template 86/96 segment 4/5
2026-09-06T23:49:35.730+01:00 INFO : 1 points above threshold
2026-09-06T23:49:35.733+01:00 INFO : Filtering template 86/96 segment 5/5
2026-09-06T23:49:35.733+01:00 INFO : 2 points above threshold
2026-09-06T23:49:35.737+01:00 INFO : 86: generating IMRPhenomD from 30.0 Hz
2026-09-06T23:49:35.739+01:00 INFO : Decompressing waveform using inline_linear
2026-09-06T23:49:35.740+01:00 INFO : Filtering template 87/96 segment 1/5
2026-09-06T23:49:35.741+01:00 INFO : 1 points above threshold
2026-09-06T23:49:35.744+01:00 INFO : Filtering template 87/96 segment 2/5
2026-09-06T23:49:35.745+01:00 INFO : 2 points above threshold
2026-09-06T23:49:35.748+01:00 INFO : Filtering template 87/96 segment 3/5
2026-09-06T23:49:35.749+01:00 INFO : 1 points above threshold
2026-09-06T23:49:35.751+01:00 INFO : Filtering template 87/96 segment 4/5
2026-09-06T23:49:35.752+01:00 INFO : 1 points above threshold
2026-09-06T23:49:35.754+01:00 INFO : Filtering template 87/96 segment 5/5
2026-09-06T23:49:35.755+01:00 INFO : 1 points above threshold
2026-09-06T23:49:35.758+01:00 INFO : 87: generating IMRPhenomD from 30.0 Hz
2026-09-06T23:49:35.759+01:00 INFO : Decompressing waveform using inline_linear
2026-09-06T23:49:35.761+01:00 INFO : Filtering template 88/96 segment 1/5
2026-09-06T23:49:35.762+01:00 INFO : 2 points above threshold
2026-09-06T23:49:35.766+01:00 INFO : Filtering template 88/96 segment 2/5
2026-09-06T23:49:35.766+01:00 INFO : 1 points above threshold
2026-09-06T23:49:35.769+01:00 INFO : Filtering template 88/96 segment 3/5
2026-09-06T23:49:35.769+01:00 INFO : Filtering template 88/96 segment 4/5
2026-09-06T23:49:35.770+01:00 INFO : Filtering template 88/96 segment 5/5
2026-09-06T23:49:35.770+01:00 INFO : 2 points above threshold
2026-09-06T23:49:35.774+01:00 INFO : 88: generating IMRPhenomD from 30.0 Hz
2026-09-06T23:49:35.775+01:00 INFO : Decompressing waveform using inline_linear
2026-09-06T23:49:35.777+01:00 INFO : Filtering template 89/96 segment 1/5
2026-09-06T23:49:35.778+01:00 INFO : 2 points above threshold
2026-09-06T23:49:35.782+01:00 INFO : Filtering template 89/96 segment 2/5
2026-09-06T23:49:35.783+01:00 INFO : 1 points above threshold
2026-09-06T23:49:35.785+01:00 INFO : Filtering template 89/96 segment 3/5
2026-09-06T23:49:35.786+01:00 INFO : 2 points above threshold
2026-09-06T23:49:35.790+01:00 INFO : Filtering template 89/96 segment 4/5
2026-09-06T23:49:35.790+01:00 INFO : Filtering template 89/96 segment 5/5
2026-09-06T23:49:35.791+01:00 INFO : 89: generating IMRPhenomD from 30.0 Hz
2026-09-06T23:49:35.792+01:00 INFO : Decompressing waveform using inline_linear
2026-09-06T23:49:35.794+01:00 INFO : Filtering template 90/96 segment 1/5
2026-09-06T23:49:35.795+01:00 INFO : Filtering template 90/96 segment 2/5
2026-09-06T23:49:35.795+01:00 INFO : 1 points above threshold
2026-09-06T23:49:35.799+01:00 INFO : Filtering template 90/96 segment 3/5
2026-09-06T23:49:35.799+01:00 INFO : 3 points above threshold
2026-09-06T23:49:35.803+01:00 INFO : Filtering template 90/96 segment 4/5
2026-09-06T23:49:35.803+01:00 INFO : Filtering template 90/96 segment 5/5
2026-09-06T23:49:35.804+01:00 INFO : 1 points above threshold
2026-09-06T23:49:35.806+01:00 INFO : 90: generating IMRPhenomD from 30.0 Hz
2026-09-06T23:49:35.808+01:00 INFO : Decompressing waveform using inline_linear
2026-09-06T23:49:35.809+01:00 INFO : Filtering template 91/96 segment 1/5
2026-09-06T23:49:35.810+01:00 INFO : Filtering template 91/96 segment 2/5
2026-09-06T23:49:35.811+01:00 INFO : 2 points above threshold
2026-09-06T23:49:35.815+01:00 INFO : Filtering template 91/96 segment 3/5
2026-09-06T23:49:35.816+01:00 INFO : 3 points above threshold
2026-09-06T23:49:35.819+01:00 INFO : Filtering template 91/96 segment 4/5
2026-09-06T23:49:35.820+01:00 INFO : Filtering template 91/96 segment 5/5
2026-09-06T23:49:35.820+01:00 INFO : 1 points above threshold
2026-09-06T23:49:35.823+01:00 INFO : 91: generating IMRPhenomD from 30.0 Hz
2026-09-06T23:49:35.824+01:00 INFO : Decompressing waveform using inline_linear
2026-09-06T23:49:35.826+01:00 INFO : Filtering template 92/96 segment 1/5
2026-09-06T23:49:35.827+01:00 INFO : 2 points above threshold
2026-09-06T23:49:35.831+01:00 INFO : Filtering template 92/96 segment 2/5
2026-09-06T23:49:35.831+01:00 INFO : 1 points above threshold
2026-09-06T23:49:35.834+01:00 INFO : Filtering template 92/96 segment 3/5
2026-09-06T23:49:35.834+01:00 INFO : 2 points above threshold
2026-09-06T23:49:35.838+01:00 INFO : Filtering template 92/96 segment 4/5
2026-09-06T23:49:35.838+01:00 INFO : 1 points above threshold
2026-09-06T23:49:35.841+01:00 INFO : Filtering template 92/96 segment 5/5
2026-09-06T23:49:35.841+01:00 INFO : 1 points above threshold
2026-09-06T23:49:35.844+01:00 INFO : 92: generating IMRPhenomD from 30.0 Hz
2026-09-06T23:49:35.845+01:00 INFO : Decompressing waveform using inline_linear
2026-09-06T23:49:35.847+01:00 INFO : Filtering template 93/96 segment 1/5
2026-09-06T23:49:35.848+01:00 INFO : Filtering template 93/96 segment 2/5
2026-09-06T23:49:35.849+01:00 INFO : 3 points above threshold
2026-09-06T23:49:35.853+01:00 INFO : Filtering template 93/96 segment 3/5
2026-09-06T23:49:35.853+01:00 INFO : 3 points above threshold
2026-09-06T23:49:35.857+01:00 INFO : Filtering template 93/96 segment 4/5
2026-09-06T23:49:35.857+01:00 INFO : 1 points above threshold
2026-09-06T23:49:35.860+01:00 INFO : Filtering template 93/96 segment 5/5
2026-09-06T23:49:35.860+01:00 INFO : 1 points above threshold
2026-09-06T23:49:35.863+01:00 INFO : 93: generating IMRPhenomD from 30.0 Hz
2026-09-06T23:49:35.864+01:00 INFO : Decompressing waveform using inline_linear
2026-09-06T23:49:35.866+01:00 INFO : Filtering template 94/96 segment 1/5
2026-09-06T23:49:35.867+01:00 INFO : 1 points above threshold
2026-09-06T23:49:35.870+01:00 INFO : Filtering template 94/96 segment 2/5
2026-09-06T23:49:35.871+01:00 INFO : 2 points above threshold
2026-09-06T23:49:35.874+01:00 INFO : Filtering template 94/96 segment 3/5
2026-09-06T23:49:35.875+01:00 INFO : 4 points above threshold
2026-09-06T23:49:35.879+01:00 INFO : Filtering template 94/96 segment 4/5
2026-09-06T23:49:35.879+01:00 INFO : Filtering template 94/96 segment 5/5
2026-09-06T23:49:35.880+01:00 INFO : 2 points above threshold
2026-09-06T23:49:35.884+01:00 INFO : 94: generating IMRPhenomD from 30.0 Hz
2026-09-06T23:49:35.886+01:00 INFO : Decompressing waveform using inline_linear
2026-09-06T23:49:35.887+01:00 INFO : Filtering template 95/96 segment 1/5
2026-09-06T23:49:35.888+01:00 INFO : 3 points above threshold
2026-09-06T23:49:35.892+01:00 INFO : Filtering template 95/96 segment 2/5
2026-09-06T23:49:35.893+01:00 INFO : 2 points above threshold
2026-09-06T23:49:35.896+01:00 INFO : Filtering template 95/96 segment 3/5
2026-09-06T23:49:35.896+01:00 INFO : 2 points above threshold
2026-09-06T23:49:35.899+01:00 INFO : Filtering template 95/96 segment 4/5
2026-09-06T23:49:35.900+01:00 INFO : 1 points above threshold
2026-09-06T23:49:35.902+01:00 INFO : Filtering template 95/96 segment 5/5
2026-09-06T23:49:35.903+01:00 INFO : 95: generating IMRPhenomD from 30.0 Hz
2026-09-06T23:49:35.905+01:00 INFO : Decompressing waveform using inline_linear
2026-09-06T23:49:35.906+01:00 INFO : Filtering template 96/96 segment 1/5
2026-09-06T23:49:35.907+01:00 INFO : 2 points above threshold
2026-09-06T23:49:35.912+01:00 INFO : Filtering template 96/96 segment 2/5
2026-09-06T23:49:35.912+01:00 INFO : Filtering template 96/96 segment 3/5
2026-09-06T23:49:35.913+01:00 INFO : Filtering template 96/96 segment 4/5
2026-09-06T23:49:35.913+01:00 INFO : 1 points above threshold
2026-09-06T23:49:35.915+01:00 INFO : Filtering template 96/96 segment 5/5
2026-09-06T23:49:35.916+01:00 INFO : We currently have 527 triggers
2026-09-06T23:49:35.916+01:00 INFO : Removing triggers with NewSNR below threshold
2026-09-06T23:49:35.917+01:00 INFO : 475 remaining triggers
2026-09-06T23:49:35.917+01:00 INFO : Outputting 475 triggers
2026-09-06T23:49:35.917+01:00 INFO : Writing out triggers
2026-09-06T23:49:35.928+01:00 INFO : Finished
[ perf record: Woken up 315 times to write data ]
[ perf record: Captured and wrote 64.754 MB /home/xangma/pycbc-torch-maintainer-benchmark-20260906/runs/torch-cuda-perf/perf.data (3911 samples) ]
