2026-09-06T21:10:21.527+01:00 INFO : Running with CPU support: 1 threads
2026-09-06T21:10:21.527+01:00 INFO : Reading Frames
2026-09-06T21:10:28.199+01:00 INFO : Highpass Filtering
2026-09-06T21:10:28.661+01:00 INFO : Resampling data
2026-09-06T21:10:28.673+01:00 INFO : Converting to float32
/home/xangma/pycbc-torch-inspiral-reference-20260906/source-v6/pycbc/types/array.py:872: RuntimeWarning: divide by zero encountered in divide
  return self._data.__rtruediv__(other)
2026-09-06T21:10:33.743+01:00 INFO : Highpass Filtering
2026-09-06T21:10:34.222+01:00 INFO : Remove Padding
2026-09-06T21:10:34.270+01:00 INFO : Making frequency-domain data segments
2026-09-06T21:10:36.805+01:00 INFO : Overwhitening frequency-domain data segments
2026-09-06T21:10:36.825+01:00 INFO : Read in template bank
2026-09-06T21:10:36.837+01:00 INFO : Full template bank size: 96
2026-09-06T21:10:36.837+01:00 INFO : Template bank size after thinning: 96
2026-09-06T21:10:36.837+01:00 INFO : 0: generating IMRPhenomD from 30.0 Hz
2026-09-06T21:10:36.840+01:00 INFO : Decompressing waveform using inline_linear
2026-09-06T21:10:36.846+01:00 INFO : Filtering template 1/96 segment 1/5
2026-09-06T21:10:36.892+01:00 INFO : 1 points above threshold
2026-09-06T21:10:36.915+01:00 INFO : Filtering template 1/96 segment 2/5
2026-09-06T21:10:36.933+01:00 INFO : Filtering template 1/96 segment 3/5
2026-09-06T21:10:36.951+01:00 INFO : 1 points above threshold
2026-09-06T21:10:36.956+01:00 INFO : Filtering template 1/96 segment 4/5
2026-09-06T21:10:36.973+01:00 INFO : Filtering template 1/96 segment 5/5
2026-09-06T21:10:36.991+01:00 INFO : 1 points above threshold
2026-09-06T21:10:36.996+01:00 INFO : 1: generating IMRPhenomD from 30.0 Hz
2026-09-06T21:10:36.999+01:00 INFO : Decompressing waveform using inline_linear
2026-09-06T21:10:37.004+01:00 INFO : Filtering template 2/96 segment 1/5
2026-09-06T21:10:37.024+01:00 INFO : 1 points above threshold
2026-09-06T21:10:37.039+01:00 INFO : Filtering template 2/96 segment 2/5
2026-09-06T21:10:37.057+01:00 INFO : 1 points above threshold
2026-09-06T21:10:37.062+01:00 INFO : Filtering template 2/96 segment 3/5
2026-09-06T21:10:37.080+01:00 INFO : 2 points above threshold
2026-09-06T21:10:37.087+01:00 INFO : Filtering template 2/96 segment 4/5
2026-09-06T21:10:37.104+01:00 INFO : Filtering template 2/96 segment 5/5
2026-09-06T21:10:37.122+01:00 INFO : 1 points above threshold
2026-09-06T21:10:37.130+01:00 INFO : 2: generating IMRPhenomD from 30.0 Hz
2026-09-06T21:10:37.133+01:00 INFO : Decompressing waveform using inline_linear
2026-09-06T21:10:37.138+01:00 INFO : Filtering template 3/96 segment 1/5
2026-09-06T21:10:37.158+01:00 INFO : 3 points above threshold
2026-09-06T21:10:37.177+01:00 INFO : Filtering template 3/96 segment 2/5
2026-09-06T21:10:37.194+01:00 INFO : Filtering template 3/96 segment 3/5
2026-09-06T21:10:37.212+01:00 INFO : 1 points above threshold
2026-09-06T21:10:37.217+01:00 INFO : Filtering template 3/96 segment 4/5
2026-09-06T21:10:37.234+01:00 INFO : 1 points above threshold
2026-09-06T21:10:37.239+01:00 INFO : Filtering template 3/96 segment 5/5
2026-09-06T21:10:37.257+01:00 INFO : 3: generating IMRPhenomD from 30.0 Hz
2026-09-06T21:10:37.260+01:00 INFO : Decompressing waveform using inline_linear
2026-09-06T21:10:37.265+01:00 INFO : Filtering template 4/96 segment 1/5
2026-09-06T21:10:37.285+01:00 INFO : 1 points above threshold
2026-09-06T21:10:37.299+01:00 INFO : Filtering template 4/96 segment 2/5
2026-09-06T21:10:37.316+01:00 INFO : 1 points above threshold
2026-09-06T21:10:37.321+01:00 INFO : Filtering template 4/96 segment 3/5
2026-09-06T21:10:37.339+01:00 INFO : 2 points above threshold
2026-09-06T21:10:37.346+01:00 INFO : Filtering template 4/96 segment 4/5
2026-09-06T21:10:37.363+01:00 INFO : 2 points above threshold
2026-09-06T21:10:37.370+01:00 INFO : Filtering template 4/96 segment 5/5
2026-09-06T21:10:37.388+01:00 INFO : 2 points above threshold
2026-09-06T21:10:37.395+01:00 INFO : 4: generating IMRPhenomD from 30.0 Hz
2026-09-06T21:10:37.398+01:00 INFO : Decompressing waveform using inline_linear
2026-09-06T21:10:37.403+01:00 INFO : Filtering template 5/96 segment 1/5
2026-09-06T21:10:37.422+01:00 INFO : 1 points above threshold
2026-09-06T21:10:37.436+01:00 INFO : Filtering template 5/96 segment 2/5
2026-09-06T21:10:37.453+01:00 INFO : 2 points above threshold
2026-09-06T21:10:37.460+01:00 INFO : Filtering template 5/96 segment 3/5
2026-09-06T21:10:37.478+01:00 INFO : 2 points above threshold
2026-09-06T21:10:37.485+01:00 INFO : Filtering template 5/96 segment 4/5
2026-09-06T21:10:37.502+01:00 INFO : 2 points above threshold
2026-09-06T21:10:37.509+01:00 INFO : Filtering template 5/96 segment 5/5
2026-09-06T21:10:37.527+01:00 INFO : 5: generating IMRPhenomD from 30.0 Hz
2026-09-06T21:10:37.530+01:00 INFO : Decompressing waveform using inline_linear
2026-09-06T21:10:37.535+01:00 INFO : Filtering template 6/96 segment 1/5
2026-09-06T21:10:37.555+01:00 INFO : 1 points above threshold
2026-09-06T21:10:37.568+01:00 INFO : Filtering template 6/96 segment 2/5
2026-09-06T21:10:37.586+01:00 INFO : Filtering template 6/96 segment 3/5
2026-09-06T21:10:37.603+01:00 INFO : Filtering template 6/96 segment 4/5
2026-09-06T21:10:37.621+01:00 INFO : Filtering template 6/96 segment 5/5
2026-09-06T21:10:37.638+01:00 INFO : 1 points above threshold
2026-09-06T21:10:37.644+01:00 INFO : 6: generating IMRPhenomD from 30.0 Hz
2026-09-06T21:10:37.647+01:00 INFO : Decompressing waveform using inline_linear
2026-09-06T21:10:37.651+01:00 INFO : Filtering template 7/96 segment 1/5
2026-09-06T21:10:37.671+01:00 INFO : 2 points above threshold
2026-09-06T21:10:37.688+01:00 INFO : Filtering template 7/96 segment 2/5
2026-09-06T21:10:37.706+01:00 INFO : Filtering template 7/96 segment 3/5
2026-09-06T21:10:37.723+01:00 INFO : Filtering template 7/96 segment 4/5
2026-09-06T21:10:37.741+01:00 INFO : 1 points above threshold
2026-09-06T21:10:37.746+01:00 INFO : Filtering template 7/96 segment 5/5
2026-09-06T21:10:37.763+01:00 INFO : 7: generating IMRPhenomD from 30.0 Hz
2026-09-06T21:10:37.766+01:00 INFO : Decompressing waveform using inline_linear
2026-09-06T21:10:37.771+01:00 INFO : Filtering template 8/96 segment 1/5
2026-09-06T21:10:37.791+01:00 INFO : 2 points above threshold
2026-09-06T21:10:37.808+01:00 INFO : Filtering template 8/96 segment 2/5
2026-09-06T21:10:37.826+01:00 INFO : 1 points above threshold
2026-09-06T21:10:37.831+01:00 INFO : Filtering template 8/96 segment 3/5
2026-09-06T21:10:37.848+01:00 INFO : 4 points above threshold
2026-09-06T21:10:37.857+01:00 INFO : Filtering template 8/96 segment 4/5
2026-09-06T21:10:37.874+01:00 INFO : Filtering template 8/96 segment 5/5
2026-09-06T21:10:37.892+01:00 INFO : 8: generating IMRPhenomD from 30.0 Hz
2026-09-06T21:10:37.895+01:00 INFO : Decompressing waveform using inline_linear
2026-09-06T21:10:37.900+01:00 INFO : Filtering template 9/96 segment 1/5
2026-09-06T21:10:37.919+01:00 INFO : Filtering template 9/96 segment 2/5
2026-09-06T21:10:37.937+01:00 INFO : 1 points above threshold
2026-09-06T21:10:37.952+01:00 INFO : Filtering template 9/96 segment 3/5
2026-09-06T21:10:37.970+01:00 INFO : 2 points above threshold
2026-09-06T21:10:37.977+01:00 INFO : Filtering template 9/96 segment 4/5
2026-09-06T21:10:37.994+01:00 INFO : 1 points above threshold
2026-09-06T21:10:37.999+01:00 INFO : Filtering template 9/96 segment 5/5
2026-09-06T21:10:38.017+01:00 INFO : 3 points above threshold
2026-09-06T21:10:38.026+01:00 INFO : 9: generating IMRPhenomD from 30.0 Hz
2026-09-06T21:10:38.029+01:00 INFO : Decompressing waveform using inline_linear
2026-09-06T21:10:38.034+01:00 INFO : Filtering template 10/96 segment 1/5
2026-09-06T21:10:38.053+01:00 INFO : 1 points above threshold
2026-09-06T21:10:38.069+01:00 INFO : Filtering template 10/96 segment 2/5
2026-09-06T21:10:38.086+01:00 INFO : 1 points above threshold
2026-09-06T21:10:38.091+01:00 INFO : Filtering template 10/96 segment 3/5
2026-09-06T21:10:38.109+01:00 INFO : Filtering template 10/96 segment 4/5
2026-09-06T21:10:38.126+01:00 INFO : 2 points above threshold
2026-09-06T21:10:38.133+01:00 INFO : Filtering template 10/96 segment 5/5
2026-09-06T21:10:38.151+01:00 INFO : 1 points above threshold
2026-09-06T21:10:38.156+01:00 INFO : 10: generating IMRPhenomD from 30.0 Hz
2026-09-06T21:10:38.159+01:00 INFO : Decompressing waveform using inline_linear
2026-09-06T21:10:38.164+01:00 INFO : Filtering template 11/96 segment 1/5
2026-09-06T21:10:38.183+01:00 INFO : 4 points above threshold
2026-09-06T21:10:38.202+01:00 INFO : Filtering template 11/96 segment 2/5
2026-09-06T21:10:38.219+01:00 INFO : 2 points above threshold
2026-09-06T21:10:38.226+01:00 INFO : Filtering template 11/96 segment 3/5
2026-09-06T21:10:38.244+01:00 INFO : 1 points above threshold
2026-09-06T21:10:38.249+01:00 INFO : Filtering template 11/96 segment 4/5
2026-09-06T21:10:38.266+01:00 INFO : Filtering template 11/96 segment 5/5
2026-09-06T21:10:38.284+01:00 INFO : 11: generating IMRPhenomD from 30.0 Hz
2026-09-06T21:10:38.287+01:00 INFO : Decompressing waveform using inline_linear
2026-09-06T21:10:38.292+01:00 INFO : Filtering template 12/96 segment 1/5
2026-09-06T21:10:38.312+01:00 INFO : 1 points above threshold
2026-09-06T21:10:38.327+01:00 INFO : Filtering template 12/96 segment 2/5
2026-09-06T21:10:38.344+01:00 INFO : 1 points above threshold
2026-09-06T21:10:38.350+01:00 INFO : Filtering template 12/96 segment 3/5
2026-09-06T21:10:38.367+01:00 INFO : 1 points above threshold
2026-09-06T21:10:38.372+01:00 INFO : Filtering template 12/96 segment 4/5
2026-09-06T21:10:38.390+01:00 INFO : 3 points above threshold
2026-09-06T21:10:38.399+01:00 INFO : Filtering template 12/96 segment 5/5
2026-09-06T21:10:38.417+01:00 INFO : 12: generating IMRPhenomD from 30.0 Hz
2026-09-06T21:10:38.420+01:00 INFO : Decompressing waveform using inline_linear
2026-09-06T21:10:38.424+01:00 INFO : Filtering template 13/96 segment 1/5
2026-09-06T21:10:38.444+01:00 INFO : Filtering template 13/96 segment 2/5
2026-09-06T21:10:38.462+01:00 INFO : 4 points above threshold
2026-09-06T21:10:38.480+01:00 INFO : Filtering template 13/96 segment 3/5
2026-09-06T21:10:38.498+01:00 INFO : Filtering template 13/96 segment 4/5
2026-09-06T21:10:38.515+01:00 INFO : Filtering template 13/96 segment 5/5
2026-09-06T21:10:38.533+01:00 INFO : 1 points above threshold
2026-09-06T21:10:38.538+01:00 INFO : 13: generating IMRPhenomD from 30.0 Hz
2026-09-06T21:10:38.541+01:00 INFO : Decompressing waveform using inline_linear
2026-09-06T21:10:38.546+01:00 INFO : Filtering template 14/96 segment 1/5
2026-09-06T21:10:38.566+01:00 INFO : 1 points above threshold
2026-09-06T21:10:38.582+01:00 INFO : Filtering template 14/96 segment 2/5
2026-09-06T21:10:38.600+01:00 INFO : 2 points above threshold
2026-09-06T21:10:38.607+01:00 INFO : Filtering template 14/96 segment 3/5
2026-09-06T21:10:38.624+01:00 INFO : 3 points above threshold
2026-09-06T21:10:38.633+01:00 INFO : Filtering template 14/96 segment 4/5
2026-09-06T21:10:38.651+01:00 INFO : 2 points above threshold
2026-09-06T21:10:38.658+01:00 INFO : Filtering template 14/96 segment 5/5
2026-09-06T21:10:38.675+01:00 INFO : 14: generating IMRPhenomD from 30.0 Hz
2026-09-06T21:10:38.678+01:00 INFO : Decompressing waveform using inline_linear
2026-09-06T21:10:38.683+01:00 INFO : Filtering template 15/96 segment 1/5
2026-09-06T21:10:38.703+01:00 INFO : 1 points above threshold
2026-09-06T21:10:38.719+01:00 INFO : Filtering template 15/96 segment 2/5
2026-09-06T21:10:38.737+01:00 INFO : Filtering template 15/96 segment 3/5
2026-09-06T21:10:38.754+01:00 INFO : 1 points above threshold
2026-09-06T21:10:38.759+01:00 INFO : Filtering template 15/96 segment 4/5
2026-09-06T21:10:38.777+01:00 INFO : 1 points above threshold
2026-09-06T21:10:38.782+01:00 INFO : Filtering template 15/96 segment 5/5
2026-09-06T21:10:38.800+01:00 INFO : 3 points above threshold
2026-09-06T21:10:38.809+01:00 INFO : 15: generating IMRPhenomD from 30.0 Hz
2026-09-06T21:10:38.812+01:00 INFO : Decompressing waveform using inline_linear
2026-09-06T21:10:38.816+01:00 INFO : Filtering template 16/96 segment 1/5
2026-09-06T21:10:38.836+01:00 INFO : 1 points above threshold
2026-09-06T21:10:38.853+01:00 INFO : Filtering template 16/96 segment 2/5
2026-09-06T21:10:38.870+01:00 INFO : 2 points above threshold
2026-09-06T21:10:38.877+01:00 INFO : Filtering template 16/96 segment 3/5
2026-09-06T21:10:38.895+01:00 INFO : 3 points above threshold
2026-09-06T21:10:38.904+01:00 INFO : Filtering template 16/96 segment 4/5
2026-09-06T21:10:38.921+01:00 INFO : 2 points above threshold
2026-09-06T21:10:38.928+01:00 INFO : Filtering template 16/96 segment 5/5
2026-09-06T21:10:38.946+01:00 INFO : 16: generating IMRPhenomD from 30.0 Hz
2026-09-06T21:10:38.949+01:00 INFO : Decompressing waveform using inline_linear
2026-09-06T21:10:38.954+01:00 INFO : Filtering template 17/96 segment 1/5
2026-09-06T21:10:38.973+01:00 INFO : 2 points above threshold
2026-09-06T21:10:38.992+01:00 INFO : Filtering template 17/96 segment 2/5
2026-09-06T21:10:39.009+01:00 INFO : 3 points above threshold
2026-09-06T21:10:39.018+01:00 INFO : Filtering template 17/96 segment 3/5
2026-09-06T21:10:39.036+01:00 INFO : Filtering template 17/96 segment 4/5
2026-09-06T21:10:39.053+01:00 INFO : 2 points above threshold
2026-09-06T21:10:39.060+01:00 INFO : Filtering template 17/96 segment 5/5
2026-09-06T21:10:39.078+01:00 INFO : 3 points above threshold
2026-09-06T21:10:39.087+01:00 INFO : 17: generating IMRPhenomD from 30.0 Hz
2026-09-06T21:10:39.090+01:00 INFO : Decompressing waveform using inline_linear
2026-09-06T21:10:39.095+01:00 INFO : Filtering template 18/96 segment 1/5
2026-09-06T21:10:39.114+01:00 INFO : Filtering template 18/96 segment 2/5
2026-09-06T21:10:39.132+01:00 INFO : Filtering template 18/96 segment 3/5
2026-09-06T21:10:39.150+01:00 INFO : 1 points above threshold
2026-09-06T21:10:39.165+01:00 INFO : Filtering template 18/96 segment 4/5
2026-09-06T21:10:39.182+01:00 INFO : Filtering template 18/96 segment 5/5
2026-09-06T21:10:39.200+01:00 INFO : 2 points above threshold
2026-09-06T21:10:39.207+01:00 INFO : 18: generating IMRPhenomD from 30.0 Hz
2026-09-06T21:10:39.210+01:00 INFO : Decompressing waveform using inline_linear
2026-09-06T21:10:39.215+01:00 INFO : Filtering template 19/96 segment 1/5
2026-09-06T21:10:39.235+01:00 INFO : 3 points above threshold
2026-09-06T21:10:39.254+01:00 INFO : Filtering template 19/96 segment 2/5
2026-09-06T21:10:39.271+01:00 INFO : 1 points above threshold
2026-09-06T21:10:39.276+01:00 INFO : Filtering template 19/96 segment 3/5
2026-09-06T21:10:39.294+01:00 INFO : 1 points above threshold
2026-09-06T21:10:39.299+01:00 INFO : Filtering template 19/96 segment 4/5
2026-09-06T21:10:39.316+01:00 INFO : 3 points above threshold
2026-09-06T21:10:39.325+01:00 INFO : Filtering template 19/96 segment 5/5
2026-09-06T21:10:39.343+01:00 INFO : 1 points above threshold
2026-09-06T21:10:39.348+01:00 INFO : 19: generating IMRPhenomD from 30.0 Hz
2026-09-06T21:10:39.351+01:00 INFO : Decompressing waveform using inline_linear
2026-09-06T21:10:39.356+01:00 INFO : Filtering template 20/96 segment 1/5
2026-09-06T21:10:39.375+01:00 INFO : 1 points above threshold
2026-09-06T21:10:39.391+01:00 INFO : Filtering template 20/96 segment 2/5
2026-09-06T21:10:39.408+01:00 INFO : 3 points above threshold
2026-09-06T21:10:39.417+01:00 INFO : Filtering template 20/96 segment 3/5
2026-09-06T21:10:39.435+01:00 INFO : Filtering template 20/96 segment 4/5
2026-09-06T21:10:39.452+01:00 INFO : 2 points above threshold
2026-09-06T21:10:39.459+01:00 INFO : Filtering template 20/96 segment 5/5
2026-09-06T21:10:39.477+01:00 INFO : 20: generating IMRPhenomD from 30.0 Hz
2026-09-06T21:10:39.480+01:00 INFO : Decompressing waveform using inline_linear
2026-09-06T21:10:39.485+01:00 INFO : Filtering template 21/96 segment 1/5
2026-09-06T21:10:39.505+01:00 INFO : 1 points above threshold
2026-09-06T21:10:39.520+01:00 INFO : Filtering template 21/96 segment 2/5
2026-09-06T21:10:39.537+01:00 INFO : 1 points above threshold
2026-09-06T21:10:39.542+01:00 INFO : Filtering template 21/96 segment 3/5
2026-09-06T21:10:39.560+01:00 INFO : 1 points above threshold
2026-09-06T21:10:39.565+01:00 INFO : Filtering template 21/96 segment 4/5
2026-09-06T21:10:39.582+01:00 INFO : Filtering template 21/96 segment 5/5
2026-09-06T21:10:39.600+01:00 INFO : 21: generating IMRPhenomD from 30.0 Hz
2026-09-06T21:10:39.603+01:00 INFO : Decompressing waveform using inline_linear
2026-09-06T21:10:39.608+01:00 INFO : Filtering template 22/96 segment 1/5
2026-09-06T21:10:39.628+01:00 INFO : 5 points above threshold
2026-09-06T21:10:39.649+01:00 INFO : Filtering template 22/96 segment 2/5
2026-09-06T21:10:39.667+01:00 INFO : Filtering template 22/96 segment 3/5
2026-09-06T21:10:39.685+01:00 INFO : Filtering template 22/96 segment 4/5
2026-09-06T21:10:39.702+01:00 INFO : 1 points above threshold
2026-09-06T21:10:39.710+01:00 INFO : Filtering template 22/96 segment 5/5
2026-09-06T21:10:39.728+01:00 INFO : 1 points above threshold
2026-09-06T21:10:39.733+01:00 INFO : 22: generating IMRPhenomD from 30.0 Hz
2026-09-06T21:10:39.736+01:00 INFO : Decompressing waveform using inline_linear
2026-09-06T21:10:39.741+01:00 INFO : Filtering template 23/96 segment 1/5
2026-09-06T21:10:39.760+01:00 INFO : 2 points above threshold
2026-09-06T21:10:39.777+01:00 INFO : Filtering template 23/96 segment 2/5
2026-09-06T21:10:39.795+01:00 INFO : 1 points above threshold
2026-09-06T21:10:39.800+01:00 INFO : Filtering template 23/96 segment 3/5
2026-09-06T21:10:39.817+01:00 INFO : 1 points above threshold
2026-09-06T21:10:39.822+01:00 INFO : Filtering template 23/96 segment 4/5
2026-09-06T21:10:39.840+01:00 INFO : Filtering template 23/96 segment 5/5
2026-09-06T21:10:39.858+01:00 INFO : 23: generating IMRPhenomD from 30.0 Hz
2026-09-06T21:10:39.861+01:00 INFO : Decompressing waveform using inline_linear
2026-09-06T21:10:39.866+01:00 INFO : Filtering template 24/96 segment 1/5
2026-09-06T21:10:39.885+01:00 INFO : 1 points above threshold
2026-09-06T21:10:39.900+01:00 INFO : Filtering template 24/96 segment 2/5
2026-09-06T21:10:39.918+01:00 INFO : 2 points above threshold
2026-09-06T21:10:39.925+01:00 INFO : Filtering template 24/96 segment 3/5
2026-09-06T21:10:39.942+01:00 INFO : 1 points above threshold
2026-09-06T21:10:39.948+01:00 INFO : Filtering template 24/96 segment 4/5
2026-09-06T21:10:39.965+01:00 INFO : Filtering template 24/96 segment 5/5
2026-09-06T21:10:39.983+01:00 INFO : 2 points above threshold
2026-09-06T21:10:39.990+01:00 INFO : 24: generating IMRPhenomD from 30.0 Hz
2026-09-06T21:10:39.993+01:00 INFO : Decompressing waveform using inline_linear
2026-09-06T21:10:39.997+01:00 INFO : Filtering template 25/96 segment 1/5
2026-09-06T21:10:40.017+01:00 INFO : 2 points above threshold
2026-09-06T21:10:40.035+01:00 INFO : Filtering template 25/96 segment 2/5
2026-09-06T21:10:40.052+01:00 INFO : Filtering template 25/96 segment 3/5
2026-09-06T21:10:40.070+01:00 INFO : Filtering template 25/96 segment 4/5
2026-09-06T21:10:40.088+01:00 INFO : Filtering template 25/96 segment 5/5
2026-09-06T21:10:40.105+01:00 INFO : 25: generating IMRPhenomD from 30.0 Hz
2026-09-06T21:10:40.108+01:00 INFO : Decompressing waveform using inline_linear
2026-09-06T21:10:40.113+01:00 INFO : Filtering template 26/96 segment 1/5
2026-09-06T21:10:40.133+01:00 INFO : Filtering template 26/96 segment 2/5
2026-09-06T21:10:40.150+01:00 INFO : 2 points above threshold
2026-09-06T21:10:40.168+01:00 INFO : Filtering template 26/96 segment 3/5
2026-09-06T21:10:40.185+01:00 INFO : Filtering template 26/96 segment 4/5
2026-09-06T21:10:40.203+01:00 INFO : 2 points above threshold
2026-09-06T21:10:40.209+01:00 INFO : Filtering template 26/96 segment 5/5
2026-09-06T21:10:40.227+01:00 INFO : 2 points above threshold
2026-09-06T21:10:40.234+01:00 INFO : 26: generating IMRPhenomD from 30.0 Hz
2026-09-06T21:10:40.237+01:00 INFO : Decompressing waveform using inline_linear
2026-09-06T21:10:40.242+01:00 INFO : Filtering template 27/96 segment 1/5
2026-09-06T21:10:40.261+01:00 INFO : 3 points above threshold
2026-09-06T21:10:40.280+01:00 INFO : Filtering template 27/96 segment 2/5
2026-09-06T21:10:40.298+01:00 INFO : Filtering template 27/96 segment 3/5
2026-09-06T21:10:40.316+01:00 INFO : 1 points above threshold
2026-09-06T21:10:40.321+01:00 INFO : Filtering template 27/96 segment 4/5
2026-09-06T21:10:40.338+01:00 INFO : Filtering template 27/96 segment 5/5
2026-09-06T21:10:40.356+01:00 INFO : 27: generating IMRPhenomD from 30.0 Hz
2026-09-06T21:10:40.359+01:00 INFO : Decompressing waveform using inline_linear
2026-09-06T21:10:40.364+01:00 INFO : Filtering template 28/96 segment 1/5
2026-09-06T21:10:40.383+01:00 INFO : 3 points above threshold
2026-09-06T21:10:40.403+01:00 INFO : Filtering template 28/96 segment 2/5
2026-09-06T21:10:40.421+01:00 INFO : 1 points above threshold
2026-09-06T21:10:40.426+01:00 INFO : Filtering template 28/96 segment 3/5
2026-09-06T21:10:40.443+01:00 INFO : 2 points above threshold
2026-09-06T21:10:40.450+01:00 INFO : Filtering template 28/96 segment 4/5
2026-09-06T21:10:40.468+01:00 INFO : 1 points above threshold
2026-09-06T21:10:40.473+01:00 INFO : Filtering template 28/96 segment 5/5
2026-09-06T21:10:40.490+01:00 INFO : 28: generating IMRPhenomD from 30.0 Hz
2026-09-06T21:10:40.493+01:00 INFO : Decompressing waveform using inline_linear
2026-09-06T21:10:40.498+01:00 INFO : Filtering template 29/96 segment 1/5
2026-09-06T21:10:40.518+01:00 INFO : 2 points above threshold
2026-09-06T21:10:40.535+01:00 INFO : Filtering template 29/96 segment 2/5
2026-09-06T21:10:40.552+01:00 INFO : 2 points above threshold
2026-09-06T21:10:40.559+01:00 INFO : Filtering template 29/96 segment 3/5
2026-09-06T21:10:40.577+01:00 INFO : 1 points above threshold
2026-09-06T21:10:40.582+01:00 INFO : Filtering template 29/96 segment 4/5
2026-09-06T21:10:40.599+01:00 INFO : 2 points above threshold
2026-09-06T21:10:40.606+01:00 INFO : Filtering template 29/96 segment 5/5
2026-09-06T21:10:40.624+01:00 INFO : 2 points above threshold
2026-09-06T21:10:40.631+01:00 INFO : 29: generating IMRPhenomD from 30.0 Hz
2026-09-06T21:10:40.634+01:00 INFO : Decompressing waveform using inline_linear
2026-09-06T21:10:40.639+01:00 INFO : Filtering template 30/96 segment 1/5
2026-09-06T21:10:40.658+01:00 INFO : 1 points above threshold
2026-09-06T21:10:40.674+01:00 INFO : Filtering template 30/96 segment 2/5
2026-09-06T21:10:40.691+01:00 INFO : 1 points above threshold
2026-09-06T21:10:40.696+01:00 INFO : Filtering template 30/96 segment 3/5
2026-09-06T21:10:40.714+01:00 INFO : 1 points above threshold
2026-09-06T21:10:40.719+01:00 INFO : Filtering template 30/96 segment 4/5
2026-09-06T21:10:40.736+01:00 INFO : Filtering template 30/96 segment 5/5
2026-09-06T21:10:40.754+01:00 INFO : 30: generating IMRPhenomD from 30.0 Hz
2026-09-06T21:10:40.757+01:00 INFO : Decompressing waveform using inline_linear
2026-09-06T21:10:40.762+01:00 INFO : Filtering template 31/96 segment 1/5
2026-09-06T21:10:40.781+01:00 INFO : Filtering template 31/96 segment 2/5
2026-09-06T21:10:40.799+01:00 INFO : 1 points above threshold
2026-09-06T21:10:40.814+01:00 INFO : Filtering template 31/96 segment 3/5
2026-09-06T21:10:40.832+01:00 INFO : Filtering template 31/96 segment 4/5
2026-09-06T21:10:40.849+01:00 INFO : 1 points above threshold
2026-09-06T21:10:40.854+01:00 INFO : Filtering template 31/96 segment 5/5
2026-09-06T21:10:40.872+01:00 INFO : 1 points above threshold
2026-09-06T21:10:40.877+01:00 INFO : 31: generating IMRPhenomD from 30.0 Hz
2026-09-06T21:10:40.880+01:00 INFO : Decompressing waveform using inline_linear
2026-09-06T21:10:40.885+01:00 INFO : Filtering template 32/96 segment 1/5
2026-09-06T21:10:40.905+01:00 INFO : Filtering template 32/96 segment 2/5
2026-09-06T21:10:40.922+01:00 INFO : Filtering template 32/96 segment 3/5
2026-09-06T21:10:40.940+01:00 INFO : Filtering template 32/96 segment 4/5
2026-09-06T21:10:40.957+01:00 INFO : 3 points above threshold
2026-09-06T21:10:40.976+01:00 INFO : Filtering template 32/96 segment 5/5
2026-09-06T21:10:40.994+01:00 INFO : 2 points above threshold
2026-09-06T21:10:41.001+01:00 INFO : 32: generating IMRPhenomD from 30.0 Hz
2026-09-06T21:10:41.015+01:00 INFO : Decompressing waveform using inline_linear
2026-09-06T21:10:41.020+01:00 INFO : Filtering template 33/96 segment 1/5
2026-09-06T21:10:41.042+01:00 INFO : 2 points above threshold
2026-09-06T21:10:41.064+01:00 INFO : Filtering template 33/96 segment 2/5
2026-09-06T21:10:41.081+01:00 INFO : Filtering template 33/96 segment 3/5
2026-09-06T21:10:41.099+01:00 INFO : Filtering template 33/96 segment 4/5
2026-09-06T21:10:41.116+01:00 INFO : 1 points above threshold
2026-09-06T21:10:41.122+01:00 INFO : Filtering template 33/96 segment 5/5
2026-09-06T21:10:41.139+01:00 INFO : 33: generating IMRPhenomD from 30.0 Hz
2026-09-06T21:10:41.142+01:00 INFO : Decompressing waveform using inline_linear
2026-09-06T21:10:41.147+01:00 INFO : Filtering template 34/96 segment 1/5
2026-09-06T21:10:41.167+01:00 INFO : Filtering template 34/96 segment 2/5
2026-09-06T21:10:41.184+01:00 INFO : 1 points above threshold
2026-09-06T21:10:41.199+01:00 INFO : Filtering template 34/96 segment 3/5
2026-09-06T21:10:41.217+01:00 INFO : 1 points above threshold
2026-09-06T21:10:41.222+01:00 INFO : Filtering template 34/96 segment 4/5
2026-09-06T21:10:41.240+01:00 INFO : Filtering template 34/96 segment 5/5
2026-09-06T21:10:41.257+01:00 INFO : 1 points above threshold
2026-09-06T21:10:41.262+01:00 INFO : 34: generating IMRPhenomD from 30.0 Hz
2026-09-06T21:10:41.265+01:00 INFO : Decompressing waveform using inline_linear
2026-09-06T21:10:41.270+01:00 INFO : Filtering template 35/96 segment 1/5
2026-09-06T21:10:41.290+01:00 INFO : 1 points above threshold
2026-09-06T21:10:41.305+01:00 INFO : Filtering template 35/96 segment 2/5
2026-09-06T21:10:41.322+01:00 INFO : 1 points above threshold
2026-09-06T21:10:41.327+01:00 INFO : Filtering template 35/96 segment 3/5
2026-09-06T21:10:41.345+01:00 INFO : 1 points above threshold
2026-09-06T21:10:41.350+01:00 INFO : Filtering template 35/96 segment 4/5
2026-09-06T21:10:41.367+01:00 INFO : Filtering template 35/96 segment 5/5
2026-09-06T21:10:41.385+01:00 INFO : 35: generating IMRPhenomD from 30.0 Hz
2026-09-06T21:10:41.388+01:00 INFO : Decompressing waveform using inline_linear
2026-09-06T21:10:41.393+01:00 INFO : Filtering template 36/96 segment 1/5
2026-09-06T21:10:41.413+01:00 INFO : 3 points above threshold
2026-09-06T21:10:41.432+01:00 INFO : Filtering template 36/96 segment 2/5
2026-09-06T21:10:41.449+01:00 INFO : 1 points above threshold
2026-09-06T21:10:41.455+01:00 INFO : Filtering template 36/96 segment 3/5
2026-09-06T21:10:41.472+01:00 INFO : 2 points above threshold
2026-09-06T21:10:41.479+01:00 INFO : Filtering template 36/96 segment 4/5
2026-09-06T21:10:41.496+01:00 INFO : Filtering template 36/96 segment 5/5
2026-09-06T21:10:41.514+01:00 INFO : 1 points above threshold
2026-09-06T21:10:41.519+01:00 INFO : 36: generating IMRPhenomD from 30.0 Hz
2026-09-06T21:10:41.522+01:00 INFO : Decompressing waveform using inline_linear
2026-09-06T21:10:41.527+01:00 INFO : Filtering template 37/96 segment 1/5
2026-09-06T21:10:41.547+01:00 INFO : 2 points above threshold
2026-09-06T21:10:41.564+01:00 INFO : Filtering template 37/96 segment 2/5
2026-09-06T21:10:41.581+01:00 INFO : 3 points above threshold
2026-09-06T21:10:41.590+01:00 INFO : Filtering template 37/96 segment 3/5
2026-09-06T21:10:41.608+01:00 INFO : 1 points above threshold
2026-09-06T21:10:41.613+01:00 INFO : Filtering template 37/96 segment 4/5
2026-09-06T21:10:41.630+01:00 INFO : 3 points above threshold
2026-09-06T21:10:41.639+01:00 INFO : Filtering template 37/96 segment 5/5
2026-09-06T21:10:41.657+01:00 INFO : 37: generating IMRPhenomD from 30.0 Hz
2026-09-06T21:10:41.660+01:00 INFO : Decompressing waveform using inline_linear
2026-09-06T21:10:41.665+01:00 INFO : Filtering template 38/96 segment 1/5
2026-09-06T21:10:41.685+01:00 INFO : Filtering template 38/96 segment 2/5
2026-09-06T21:10:41.702+01:00 INFO : Filtering template 38/96 segment 3/5
2026-09-06T21:10:41.720+01:00 INFO : 1 points above threshold
2026-09-06T21:10:41.735+01:00 INFO : Filtering template 38/96 segment 4/5
2026-09-06T21:10:41.752+01:00 INFO : 1 points above threshold
2026-09-06T21:10:41.758+01:00 INFO : Filtering template 38/96 segment 5/5
2026-09-06T21:10:41.775+01:00 INFO : 1 points above threshold
2026-09-06T21:10:41.780+01:00 INFO : 38: generating IMRPhenomD from 30.0 Hz
2026-09-06T21:10:41.783+01:00 INFO : Decompressing waveform using inline_linear
2026-09-06T21:10:41.788+01:00 INFO : Filtering template 39/96 segment 1/5
2026-09-06T21:10:41.808+01:00 INFO : Filtering template 39/96 segment 2/5
2026-09-06T21:10:41.825+01:00 INFO : 2 points above threshold
2026-09-06T21:10:41.843+01:00 INFO : Filtering template 39/96 segment 3/5
2026-09-06T21:10:41.860+01:00 INFO : Filtering template 39/96 segment 4/5
2026-09-06T21:10:41.878+01:00 INFO : 2 points above threshold
2026-09-06T21:10:41.885+01:00 INFO : Filtering template 39/96 segment 5/5
2026-09-06T21:10:41.902+01:00 INFO : 39: generating IMRPhenomD from 30.0 Hz
2026-09-06T21:10:41.905+01:00 INFO : Decompressing waveform using inline_linear
2026-09-06T21:10:41.910+01:00 INFO : Filtering template 40/96 segment 1/5
2026-09-06T21:10:41.930+01:00 INFO : Filtering template 40/96 segment 2/5
2026-09-06T21:10:41.947+01:00 INFO : Filtering template 40/96 segment 3/5
2026-09-06T21:10:41.965+01:00 INFO : Filtering template 40/96 segment 4/5
2026-09-06T21:10:41.982+01:00 INFO : 2 points above threshold
2026-09-06T21:10:41.999+01:00 INFO : Filtering template 40/96 segment 5/5
2026-09-06T21:10:42.017+01:00 INFO : 40: generating IMRPhenomD from 30.0 Hz
2026-09-06T21:10:42.020+01:00 INFO : Decompressing waveform using inline_linear
2026-09-06T21:10:42.025+01:00 INFO : Filtering template 41/96 segment 1/5
2026-09-06T21:10:42.045+01:00 INFO : Filtering template 41/96 segment 2/5
2026-09-06T21:10:42.062+01:00 INFO : Filtering template 41/96 segment 3/5
2026-09-06T21:10:42.080+01:00 INFO : 2 points above threshold
2026-09-06T21:10:42.097+01:00 INFO : Filtering template 41/96 segment 4/5
2026-09-06T21:10:42.115+01:00 INFO : 2 points above threshold
2026-09-06T21:10:42.122+01:00 INFO : Filtering template 41/96 segment 5/5
2026-09-06T21:10:42.140+01:00 INFO : 41: generating IMRPhenomD from 30.0 Hz
2026-09-06T21:10:42.143+01:00 INFO : Decompressing waveform using inline_linear
2026-09-06T21:10:42.147+01:00 INFO : Filtering template 42/96 segment 1/5
2026-09-06T21:10:42.167+01:00 INFO : Filtering template 42/96 segment 2/5
2026-09-06T21:10:42.185+01:00 INFO : 1 points above threshold
2026-09-06T21:10:42.200+01:00 INFO : Filtering template 42/96 segment 3/5
2026-09-06T21:10:42.217+01:00 INFO : Filtering template 42/96 segment 4/5
2026-09-06T21:10:42.235+01:00 INFO : 1 points above threshold
2026-09-06T21:10:42.240+01:00 INFO : Filtering template 42/96 segment 5/5
2026-09-06T21:10:42.258+01:00 INFO : 1 points above threshold
2026-09-06T21:10:42.263+01:00 INFO : 42: generating IMRPhenomD from 30.0 Hz
2026-09-06T21:10:42.266+01:00 INFO : Decompressing waveform using inline_linear
2026-09-06T21:10:42.271+01:00 INFO : Filtering template 43/96 segment 1/5
2026-09-06T21:10:42.290+01:00 INFO : 1 points above threshold
2026-09-06T21:10:42.307+01:00 INFO : Filtering template 43/96 segment 2/5
2026-09-06T21:10:42.324+01:00 INFO : 2 points above threshold
2026-09-06T21:10:42.331+01:00 INFO : Filtering template 43/96 segment 3/5
2026-09-06T21:10:42.349+01:00 INFO : 1 points above threshold
2026-09-06T21:10:42.354+01:00 INFO : Filtering template 43/96 segment 4/5
2026-09-06T21:10:42.372+01:00 INFO : Filtering template 43/96 segment 5/5
2026-09-06T21:10:42.389+01:00 INFO : 43: generating IMRPhenomD from 30.0 Hz
2026-09-06T21:10:42.392+01:00 INFO : Decompressing waveform using inline_linear
2026-09-06T21:10:42.397+01:00 INFO : Filtering template 44/96 segment 1/5
2026-09-06T21:10:42.417+01:00 INFO : 1 points above threshold
2026-09-06T21:10:42.433+01:00 INFO : Filtering template 44/96 segment 2/5
2026-09-06T21:10:42.451+01:00 INFO : Filtering template 44/96 segment 3/5
2026-09-06T21:10:42.468+01:00 INFO : Filtering template 44/96 segment 4/5
2026-09-06T21:10:42.486+01:00 INFO : 1 points above threshold
2026-09-06T21:10:42.491+01:00 INFO : Filtering template 44/96 segment 5/5
2026-09-06T21:10:42.509+01:00 INFO : 44: generating IMRPhenomD from 30.0 Hz
2026-09-06T21:10:42.512+01:00 INFO : Decompressing waveform using inline_linear
2026-09-06T21:10:42.516+01:00 INFO : Filtering template 45/96 segment 1/5
2026-09-06T21:10:42.536+01:00 INFO : 2 points above threshold
2026-09-06T21:10:42.554+01:00 INFO : Filtering template 45/96 segment 2/5
2026-09-06T21:10:42.572+01:00 INFO : 1 points above threshold
2026-09-06T21:10:42.580+01:00 INFO : Filtering template 45/96 segment 3/5
2026-09-06T21:10:42.597+01:00 INFO : 1 points above threshold
2026-09-06T21:10:42.602+01:00 INFO : Filtering template 45/96 segment 4/5
2026-09-06T21:10:42.620+01:00 INFO : Filtering template 45/96 segment 5/5
2026-09-06T21:10:42.638+01:00 INFO : 45: generating IMRPhenomD from 30.0 Hz
2026-09-06T21:10:42.641+01:00 INFO : Decompressing waveform using inline_linear
2026-09-06T21:10:42.645+01:00 INFO : Filtering template 46/96 segment 1/5
2026-09-06T21:10:42.665+01:00 INFO : Filtering template 46/96 segment 2/5
2026-09-06T21:10:42.683+01:00 INFO : Filtering template 46/96 segment 3/5
2026-09-06T21:10:42.700+01:00 INFO : 1 points above threshold
2026-09-06T21:10:42.717+01:00 INFO : Filtering template 46/96 segment 4/5
2026-09-06T21:10:42.734+01:00 INFO : 3 points above threshold
2026-09-06T21:10:42.743+01:00 INFO : Filtering template 46/96 segment 5/5
2026-09-06T21:10:42.761+01:00 INFO : 1 points above threshold
2026-09-06T21:10:42.766+01:00 INFO : 46: generating IMRPhenomD from 30.0 Hz
2026-09-06T21:10:42.769+01:00 INFO : Decompressing waveform using inline_linear
2026-09-06T21:10:42.774+01:00 INFO : Filtering template 47/96 segment 1/5
2026-09-06T21:10:42.794+01:00 INFO : 3 points above threshold
2026-09-06T21:10:42.813+01:00 INFO : Filtering template 47/96 segment 2/5
2026-09-06T21:10:42.831+01:00 INFO : Filtering template 47/96 segment 3/5
2026-09-06T21:10:42.848+01:00 INFO : 2 points above threshold
2026-09-06T21:10:42.855+01:00 INFO : Filtering template 47/96 segment 4/5
2026-09-06T21:10:42.873+01:00 INFO : 1 points above threshold
2026-09-06T21:10:42.878+01:00 INFO : Filtering template 47/96 segment 5/5
2026-09-06T21:10:42.895+01:00 INFO : 1 points above threshold
2026-09-06T21:10:42.901+01:00 INFO : 47: generating IMRPhenomD from 30.0 Hz
2026-09-06T21:10:42.903+01:00 INFO : Decompressing waveform using inline_linear
2026-09-06T21:10:42.908+01:00 INFO : Filtering template 48/96 segment 1/5
2026-09-06T21:10:42.928+01:00 INFO : 3 points above threshold
2026-09-06T21:10:42.947+01:00 INFO : Filtering template 48/96 segment 2/5
2026-09-06T21:10:42.965+01:00 INFO : 1 points above threshold
2026-09-06T21:10:42.970+01:00 INFO : Filtering template 48/96 segment 3/5
2026-09-06T21:10:42.987+01:00 INFO : 1 points above threshold
2026-09-06T21:10:42.992+01:00 INFO : Filtering template 48/96 segment 4/5
2026-09-06T21:10:43.010+01:00 INFO : 2 points above threshold
2026-09-06T21:10:43.017+01:00 INFO : Filtering template 48/96 segment 5/5
2026-09-06T21:10:43.034+01:00 INFO : 1 points above threshold
2026-09-06T21:10:43.040+01:00 INFO : 48: generating IMRPhenomD from 30.0 Hz
2026-09-06T21:10:43.042+01:00 INFO : Decompressing waveform using inline_linear
2026-09-06T21:10:43.047+01:00 INFO : Filtering template 49/96 segment 1/5
2026-09-06T21:10:43.067+01:00 INFO : 1 points above threshold
2026-09-06T21:10:43.082+01:00 INFO : Filtering template 49/96 segment 2/5
2026-09-06T21:10:43.100+01:00 INFO : 1 points above threshold
2026-09-06T21:10:43.105+01:00 INFO : Filtering template 49/96 segment 3/5
2026-09-06T21:10:43.122+01:00 INFO : 2 points above threshold
2026-09-06T21:10:43.129+01:00 INFO : Filtering template 49/96 segment 4/5
2026-09-06T21:10:43.147+01:00 INFO : Filtering template 49/96 segment 5/5
2026-09-06T21:10:43.165+01:00 INFO : 49: generating IMRPhenomD from 30.0 Hz
2026-09-06T21:10:43.167+01:00 INFO : Decompressing waveform using inline_linear
2026-09-06T21:10:43.172+01:00 INFO : Filtering template 50/96 segment 1/5
2026-09-06T21:10:43.192+01:00 INFO : Filtering template 50/96 segment 2/5
2026-09-06T21:10:43.210+01:00 INFO : 2 points above threshold
2026-09-06T21:10:43.227+01:00 INFO : Filtering template 50/96 segment 3/5
2026-09-06T21:10:43.244+01:00 INFO : 4 points above threshold
2026-09-06T21:10:43.253+01:00 INFO : Filtering template 50/96 segment 4/5
2026-09-06T21:10:43.270+01:00 INFO : 2 points above threshold
2026-09-06T21:10:43.277+01:00 INFO : Filtering template 50/96 segment 5/5
2026-09-06T21:10:43.295+01:00 INFO : 50: generating IMRPhenomD from 30.0 Hz
2026-09-06T21:10:43.298+01:00 INFO : Decompressing waveform using inline_linear
2026-09-06T21:10:43.303+01:00 INFO : Filtering template 51/96 segment 1/5
2026-09-06T21:10:43.322+01:00 INFO : 1 points above threshold
2026-09-06T21:10:43.337+01:00 INFO : Filtering template 51/96 segment 2/5
2026-09-06T21:10:43.355+01:00 INFO : 1 points above threshold
2026-09-06T21:10:43.360+01:00 INFO : Filtering template 51/96 segment 3/5
2026-09-06T21:10:43.378+01:00 INFO : Filtering template 51/96 segment 4/5
2026-09-06T21:10:43.395+01:00 INFO : 1 points above threshold
2026-09-06T21:10:43.400+01:00 INFO : Filtering template 51/96 segment 5/5
2026-09-06T21:10:43.418+01:00 INFO : 2 points above threshold
2026-09-06T21:10:43.425+01:00 INFO : 51: generating IMRPhenomD from 30.0 Hz
2026-09-06T21:10:43.428+01:00 INFO : Decompressing waveform using inline_linear
2026-09-06T21:10:43.432+01:00 INFO : Filtering template 52/96 segment 1/5
2026-09-06T21:10:43.452+01:00 INFO : 1 points above threshold
2026-09-06T21:10:43.470+01:00 INFO : Filtering template 52/96 segment 2/5
2026-09-06T21:10:43.487+01:00 INFO : 1 points above threshold
2026-09-06T21:10:43.493+01:00 INFO : Filtering template 52/96 segment 3/5
2026-09-06T21:10:43.510+01:00 INFO : Filtering template 52/96 segment 4/5
2026-09-06T21:10:43.528+01:00 INFO : 3 points above threshold
2026-09-06T21:10:43.537+01:00 INFO : Filtering template 52/96 segment 5/5
2026-09-06T21:10:43.554+01:00 INFO : 1 points above threshold
2026-09-06T21:10:43.560+01:00 INFO : 52: generating IMRPhenomD from 30.0 Hz
2026-09-06T21:10:43.562+01:00 INFO : Decompressing waveform using inline_linear
2026-09-06T21:10:43.567+01:00 INFO : Filtering template 53/96 segment 1/5
2026-09-06T21:10:43.587+01:00 INFO : 3 points above threshold
2026-09-06T21:10:43.606+01:00 INFO : Filtering template 53/96 segment 2/5
2026-09-06T21:10:43.624+01:00 INFO : 2 points above threshold
2026-09-06T21:10:43.632+01:00 INFO : Filtering template 53/96 segment 3/5
2026-09-06T21:10:43.649+01:00 INFO : 2 points above threshold
2026-09-06T21:10:43.656+01:00 INFO : Filtering template 53/96 segment 4/5
2026-09-06T21:10:43.674+01:00 INFO : 1 points above threshold
2026-09-06T21:10:43.679+01:00 INFO : Filtering template 53/96 segment 5/5
2026-09-06T21:10:43.696+01:00 INFO : 1 points above threshold
2026-09-06T21:10:43.702+01:00 INFO : 53: generating IMRPhenomD from 30.0 Hz
2026-09-06T21:10:43.705+01:00 INFO : Decompressing waveform using inline_linear
2026-09-06T21:10:43.709+01:00 INFO : Filtering template 54/96 segment 1/5
2026-09-06T21:10:43.729+01:00 INFO : Filtering template 54/96 segment 2/5
2026-09-06T21:10:43.747+01:00 INFO : Filtering template 54/96 segment 3/5
2026-09-06T21:10:43.764+01:00 INFO : 2 points above threshold
2026-09-06T21:10:43.781+01:00 INFO : Filtering template 54/96 segment 4/5
2026-09-06T21:10:43.799+01:00 INFO : 5 points above threshold
2026-09-06T21:10:43.810+01:00 INFO : Filtering template 54/96 segment 5/5
2026-09-06T21:10:43.828+01:00 INFO : 54: generating IMRPhenomD from 30.0 Hz
2026-09-06T21:10:43.831+01:00 INFO : Decompressing waveform using inline_linear
2026-09-06T21:10:43.836+01:00 INFO : Filtering template 55/96 segment 1/5
2026-09-06T21:10:43.856+01:00 INFO : Filtering template 55/96 segment 2/5
2026-09-06T21:10:43.873+01:00 INFO : 1 points above threshold
2026-09-06T21:10:43.889+01:00 INFO : Filtering template 55/96 segment 3/5
2026-09-06T21:10:43.906+01:00 INFO : 3 points above threshold
2026-09-06T21:10:43.915+01:00 INFO : Filtering template 55/96 segment 4/5
2026-09-06T21:10:43.933+01:00 INFO : 1 points above threshold
2026-09-06T21:10:43.938+01:00 INFO : Filtering template 55/96 segment 5/5
2026-09-06T21:10:43.956+01:00 INFO : 1 points above threshold
2026-09-06T21:10:43.961+01:00 INFO : 55: generating IMRPhenomD from 30.0 Hz
2026-09-06T21:10:43.964+01:00 INFO : Decompressing waveform using inline_linear
2026-09-06T21:10:43.968+01:00 INFO : Filtering template 56/96 segment 1/5
2026-09-06T21:10:43.988+01:00 INFO : 1 points above threshold
2026-09-06T21:10:44.003+01:00 INFO : Filtering template 56/96 segment 2/5
2026-09-06T21:10:44.021+01:00 INFO : 1 points above threshold
2026-09-06T21:10:44.026+01:00 INFO : Filtering template 56/96 segment 3/5
2026-09-06T21:10:44.043+01:00 INFO : 3 points above threshold
2026-09-06T21:10:44.052+01:00 INFO : Filtering template 56/96 segment 4/5
2026-09-06T21:10:44.070+01:00 INFO : Filtering template 56/96 segment 5/5
2026-09-06T21:10:44.087+01:00 INFO : 1 points above threshold
2026-09-06T21:10:44.093+01:00 INFO : 56: generating IMRPhenomD from 30.0 Hz
2026-09-06T21:10:44.096+01:00 INFO : Decompressing waveform using inline_linear
2026-09-06T21:10:44.100+01:00 INFO : Filtering template 57/96 segment 1/5
2026-09-06T21:10:44.120+01:00 INFO : 1 points above threshold
2026-09-06T21:10:44.135+01:00 INFO : Filtering template 57/96 segment 2/5
2026-09-06T21:10:44.153+01:00 INFO : 2 points above threshold
2026-09-06T21:10:44.160+01:00 INFO : Filtering template 57/96 segment 3/5
2026-09-06T21:10:44.177+01:00 INFO : 2 points above threshold
2026-09-06T21:10:44.184+01:00 INFO : Filtering template 57/96 segment 4/5
2026-09-06T21:10:44.202+01:00 INFO : 2 points above threshold
2026-09-06T21:10:44.209+01:00 INFO : Filtering template 57/96 segment 5/5
2026-09-06T21:10:44.227+01:00 INFO : 57: generating IMRPhenomD from 30.0 Hz
2026-09-06T21:10:44.230+01:00 INFO : Decompressing waveform using inline_linear
2026-09-06T21:10:44.234+01:00 INFO : Filtering template 58/96 segment 1/5
2026-09-06T21:10:44.254+01:00 INFO : 1 points above threshold
2026-09-06T21:10:44.269+01:00 INFO : Filtering template 58/96 segment 2/5
2026-09-06T21:10:44.287+01:00 INFO : 2 points above threshold
2026-09-06T21:10:44.294+01:00 INFO : Filtering template 58/96 segment 3/5
2026-09-06T21:10:44.311+01:00 INFO : 1 points above threshold
2026-09-06T21:10:44.316+01:00 INFO : Filtering template 58/96 segment 4/5
2026-09-06T21:10:44.334+01:00 INFO : 1 points above threshold
2026-09-06T21:10:44.339+01:00 INFO : Filtering template 58/96 segment 5/5
2026-09-06T21:10:44.356+01:00 INFO : 2 points above threshold
2026-09-06T21:10:44.363+01:00 INFO : 58: generating IMRPhenomD from 30.0 Hz
2026-09-06T21:10:44.366+01:00 INFO : Decompressing waveform using inline_linear
2026-09-06T21:10:44.371+01:00 INFO : Filtering template 59/96 segment 1/5
2026-09-06T21:10:44.391+01:00 INFO : 1 points above threshold
2026-09-06T21:10:44.406+01:00 INFO : Filtering template 59/96 segment 2/5
2026-09-06T21:10:44.423+01:00 INFO : 2 points above threshold
2026-09-06T21:10:44.430+01:00 INFO : Filtering template 59/96 segment 3/5
2026-09-06T21:10:44.448+01:00 INFO : 2 points above threshold
2026-09-06T21:10:44.455+01:00 INFO : Filtering template 59/96 segment 4/5
2026-09-06T21:10:44.472+01:00 INFO : 1 points above threshold
2026-09-06T21:10:44.479+01:00 INFO : Filtering template 59/96 segment 5/5
2026-09-06T21:10:44.496+01:00 INFO : 59: generating IMRPhenomD from 30.0 Hz
2026-09-06T21:10:44.499+01:00 INFO : Decompressing waveform using inline_linear
2026-09-06T21:10:44.504+01:00 INFO : Filtering template 60/96 segment 1/5
2026-09-06T21:10:44.524+01:00 INFO : Filtering template 60/96 segment 2/5
2026-09-06T21:10:44.541+01:00 INFO : Filtering template 60/96 segment 3/5
2026-09-06T21:10:44.559+01:00 INFO : 1 points above threshold
2026-09-06T21:10:44.574+01:00 INFO : Filtering template 60/96 segment 4/5
2026-09-06T21:10:44.592+01:00 INFO : 2 points above threshold
2026-09-06T21:10:44.598+01:00 INFO : Filtering template 60/96 segment 5/5
2026-09-06T21:10:44.616+01:00 INFO : 60: generating IMRPhenomD from 30.0 Hz
2026-09-06T21:10:44.619+01:00 INFO : Decompressing waveform using inline_linear
2026-09-06T21:10:44.624+01:00 INFO : Filtering template 61/96 segment 1/5
2026-09-06T21:10:44.644+01:00 INFO : Filtering template 61/96 segment 2/5
2026-09-06T21:10:44.661+01:00 INFO : 2 points above threshold
2026-09-06T21:10:44.679+01:00 INFO : Filtering template 61/96 segment 3/5
2026-09-06T21:10:44.696+01:00 INFO : 1 points above threshold
2026-09-06T21:10:44.701+01:00 INFO : Filtering template 61/96 segment 4/5
2026-09-06T21:10:44.719+01:00 INFO : 1 points above threshold
2026-09-06T21:10:44.724+01:00 INFO : Filtering template 61/96 segment 5/5
2026-09-06T21:10:44.742+01:00 INFO : 61: generating IMRPhenomD from 30.0 Hz
2026-09-06T21:10:44.745+01:00 INFO : Decompressing waveform using inline_linear
2026-09-06T21:10:44.749+01:00 INFO : Filtering template 62/96 segment 1/5
2026-09-06T21:10:44.769+01:00 INFO : 2 points above threshold
2026-09-06T21:10:44.786+01:00 INFO : Filtering template 62/96 segment 2/5
2026-09-06T21:10:44.804+01:00 INFO : Filtering template 62/96 segment 3/5
2026-09-06T21:10:44.821+01:00 INFO : Filtering template 62/96 segment 4/5
2026-09-06T21:10:44.839+01:00 INFO : 5 points above threshold
2026-09-06T21:10:44.850+01:00 INFO : Filtering template 62/96 segment 5/5
2026-09-06T21:10:44.868+01:00 INFO : 62: generating IMRPhenomD from 30.0 Hz
2026-09-06T21:10:44.871+01:00 INFO : Decompressing waveform using inline_linear
2026-09-06T21:10:44.876+01:00 INFO : Filtering template 63/96 segment 1/5
2026-09-06T21:10:44.896+01:00 INFO : Filtering template 63/96 segment 2/5
2026-09-06T21:10:44.913+01:00 INFO : 1 points above threshold
2026-09-06T21:10:44.928+01:00 INFO : Filtering template 63/96 segment 3/5
2026-09-06T21:10:44.946+01:00 INFO : 2 points above threshold
2026-09-06T21:10:44.953+01:00 INFO : Filtering template 63/96 segment 4/5
2026-09-06T21:10:44.970+01:00 INFO : 1 points above threshold
2026-09-06T21:10:44.976+01:00 INFO : Filtering template 63/96 segment 5/5
2026-09-06T21:10:44.993+01:00 INFO : 1 points above threshold
2026-09-06T21:10:44.998+01:00 INFO : 63: generating IMRPhenomD from 30.0 Hz
2026-09-06T21:10:45.001+01:00 INFO : Decompressing waveform using inline_linear
2026-09-06T21:10:45.006+01:00 INFO : Filtering template 64/96 segment 1/5
2026-09-06T21:10:45.026+01:00 INFO : 2 points above threshold
2026-09-06T21:10:45.043+01:00 INFO : Filtering template 64/96 segment 2/5
2026-09-06T21:10:45.060+01:00 INFO : 1 points above threshold
2026-09-06T21:10:45.065+01:00 INFO : Filtering template 64/96 segment 3/5
2026-09-06T21:10:45.083+01:00 INFO : Filtering template 64/96 segment 4/5
2026-09-06T21:10:45.100+01:00 INFO : Filtering template 64/96 segment 5/5
2026-09-06T21:10:45.118+01:00 INFO : 64: generating IMRPhenomD from 30.0 Hz
2026-09-06T21:10:45.121+01:00 INFO : Decompressing waveform using inline_linear
2026-09-06T21:10:45.126+01:00 INFO : Filtering template 65/96 segment 1/5
2026-09-06T21:10:45.146+01:00 INFO : 2 points above threshold
2026-09-06T21:10:45.163+01:00 INFO : Filtering template 65/96 segment 2/5
2026-09-06T21:10:45.180+01:00 INFO : 2 points above threshold
2026-09-06T21:10:45.187+01:00 INFO : Filtering template 65/96 segment 3/5
2026-09-06T21:10:45.205+01:00 INFO : 1 points above threshold
2026-09-06T21:10:45.211+01:00 INFO : Filtering template 65/96 segment 4/5
2026-09-06T21:10:45.228+01:00 INFO : 2 points above threshold
2026-09-06T21:10:45.235+01:00 INFO : Filtering template 65/96 segment 5/5
2026-09-06T21:10:45.253+01:00 INFO : 65: generating IMRPhenomD from 30.0 Hz
2026-09-06T21:10:45.256+01:00 INFO : Decompressing waveform using inline_linear
2026-09-06T21:10:45.261+01:00 INFO : Filtering template 66/96 segment 1/5
2026-09-06T21:10:45.280+01:00 INFO : 1 points above threshold
2026-09-06T21:10:45.296+01:00 INFO : Filtering template 66/96 segment 2/5
2026-09-06T21:10:45.313+01:00 INFO : 1 points above threshold
2026-09-06T21:10:45.318+01:00 INFO : Filtering template 66/96 segment 3/5
2026-09-06T21:10:45.336+01:00 INFO : 2 points above threshold
2026-09-06T21:10:45.343+01:00 INFO : Filtering template 66/96 segment 4/5
2026-09-06T21:10:45.360+01:00 INFO : 1 points above threshold
2026-09-06T21:10:45.368+01:00 INFO : Filtering template 66/96 segment 5/5
2026-09-06T21:10:45.386+01:00 INFO : 66: generating IMRPhenomD from 30.0 Hz
2026-09-06T21:10:45.401+01:00 INFO : Decompressing waveform using inline_linear
2026-09-06T21:10:45.406+01:00 INFO : Filtering template 67/96 segment 1/5
2026-09-06T21:10:45.429+01:00 INFO : 3 points above threshold
2026-09-06T21:10:45.452+01:00 INFO : Filtering template 67/96 segment 2/5
2026-09-06T21:10:45.470+01:00 INFO : Filtering template 67/96 segment 3/5
2026-09-06T21:10:45.488+01:00 INFO : 1 points above threshold
2026-09-06T21:10:45.493+01:00 INFO : Filtering template 67/96 segment 4/5
2026-09-06T21:10:45.510+01:00 INFO : Filtering template 67/96 segment 5/5
2026-09-06T21:10:45.528+01:00 INFO : 67: generating IMRPhenomD from 30.0 Hz
2026-09-06T21:10:45.531+01:00 INFO : Decompressing waveform using inline_linear
2026-09-06T21:10:45.536+01:00 INFO : Filtering template 68/96 segment 1/5
2026-09-06T21:10:45.555+01:00 INFO : 1 points above threshold
2026-09-06T21:10:45.571+01:00 INFO : Filtering template 68/96 segment 2/5
2026-09-06T21:10:45.588+01:00 INFO : 1 points above threshold
2026-09-06T21:10:45.593+01:00 INFO : Filtering template 68/96 segment 3/5
2026-09-06T21:10:45.611+01:00 INFO : 1 points above threshold
2026-09-06T21:10:45.616+01:00 INFO : Filtering template 68/96 segment 4/5
2026-09-06T21:10:45.633+01:00 INFO : 1 points above threshold
2026-09-06T21:10:45.638+01:00 INFO : Filtering template 68/96 segment 5/5
2026-09-06T21:10:45.656+01:00 INFO : 1 points above threshold
2026-09-06T21:10:45.661+01:00 INFO : 68: generating IMRPhenomD from 30.0 Hz
2026-09-06T21:10:45.664+01:00 INFO : Decompressing waveform using inline_linear
2026-09-06T21:10:45.669+01:00 INFO : Filtering template 69/96 segment 1/5
2026-09-06T21:10:45.688+01:00 INFO : Filtering template 69/96 segment 2/5
2026-09-06T21:10:45.706+01:00 INFO : Filtering template 69/96 segment 3/5
2026-09-06T21:10:45.724+01:00 INFO : 1 points above threshold
2026-09-06T21:10:45.739+01:00 INFO : Filtering template 69/96 segment 4/5
2026-09-06T21:10:45.756+01:00 INFO : 2 points above threshold
2026-09-06T21:10:45.763+01:00 INFO : Filtering template 69/96 segment 5/5
2026-09-06T21:10:45.781+01:00 INFO : 69: generating IMRPhenomD from 30.0 Hz
2026-09-06T21:10:45.784+01:00 INFO : Decompressing waveform using inline_linear
2026-09-06T21:10:45.789+01:00 INFO : Filtering template 70/96 segment 1/5
2026-09-06T21:10:45.808+01:00 INFO : 2 points above threshold
2026-09-06T21:10:45.826+01:00 INFO : Filtering template 70/96 segment 2/5
2026-09-06T21:10:45.844+01:00 INFO : 2 points above threshold
2026-09-06T21:10:45.851+01:00 INFO : Filtering template 70/96 segment 3/5
2026-09-06T21:10:45.868+01:00 INFO : Filtering template 70/96 segment 4/5
2026-09-06T21:10:45.886+01:00 INFO : 2 points above threshold
2026-09-06T21:10:45.893+01:00 INFO : Filtering template 70/96 segment 5/5
2026-09-06T21:10:45.910+01:00 INFO : 2 points above threshold
2026-09-06T21:10:45.918+01:00 INFO : 70: generating IMRPhenomD from 30.0 Hz
2026-09-06T21:10:45.920+01:00 INFO : Decompressing waveform using inline_linear
2026-09-06T21:10:45.925+01:00 INFO : Filtering template 71/96 segment 1/5
2026-09-06T21:10:45.945+01:00 INFO : Filtering template 71/96 segment 2/5
2026-09-06T21:10:45.963+01:00 INFO : 1 points above threshold
2026-09-06T21:10:45.979+01:00 INFO : Filtering template 71/96 segment 3/5
2026-09-06T21:10:45.996+01:00 INFO : 1 points above threshold
2026-09-06T21:10:46.001+01:00 INFO : Filtering template 71/96 segment 4/5
2026-09-06T21:10:46.019+01:00 INFO : 3 points above threshold
2026-09-06T21:10:46.028+01:00 INFO : Filtering template 71/96 segment 5/5
2026-09-06T21:10:46.046+01:00 INFO : 71: generating IMRPhenomD from 30.0 Hz
2026-09-06T21:10:46.049+01:00 INFO : Decompressing waveform using inline_linear
2026-09-06T21:10:46.054+01:00 INFO : Filtering template 72/96 segment 1/5
2026-09-06T21:10:46.073+01:00 INFO : 2 points above threshold
2026-09-06T21:10:46.091+01:00 INFO : Filtering template 72/96 segment 2/5
2026-09-06T21:10:46.108+01:00 INFO : 1 points above threshold
2026-09-06T21:10:46.113+01:00 INFO : Filtering template 72/96 segment 3/5
2026-09-06T21:10:46.131+01:00 INFO : 1 points above threshold
2026-09-06T21:10:46.136+01:00 INFO : Filtering template 72/96 segment 4/5
2026-09-06T21:10:46.153+01:00 INFO : 3 points above threshold
2026-09-06T21:10:46.163+01:00 INFO : Filtering template 72/96 segment 5/5
2026-09-06T21:10:46.180+01:00 INFO : 3 points above threshold
2026-09-06T21:10:46.189+01:00 INFO : 72: generating IMRPhenomD from 30.0 Hz
2026-09-06T21:10:46.192+01:00 INFO : Decompressing waveform using inline_linear
2026-09-06T21:10:46.197+01:00 INFO : Filtering template 73/96 segment 1/5
2026-09-06T21:10:46.217+01:00 INFO : 1 points above threshold
2026-09-06T21:10:46.232+01:00 INFO : Filtering template 73/96 segment 2/5
2026-09-06T21:10:46.250+01:00 INFO : 1 points above threshold
2026-09-06T21:10:46.255+01:00 INFO : Filtering template 73/96 segment 3/5
2026-09-06T21:10:46.272+01:00 INFO : 1 points above threshold
2026-09-06T21:10:46.277+01:00 INFO : Filtering template 73/96 segment 4/5
2026-09-06T21:10:46.295+01:00 INFO : Filtering template 73/96 segment 5/5
2026-09-06T21:10:46.313+01:00 INFO : 1 points above threshold
2026-09-06T21:10:46.318+01:00 INFO : 73: generating IMRPhenomD from 30.0 Hz
2026-09-06T21:10:46.321+01:00 INFO : Decompressing waveform using inline_linear
2026-09-06T21:10:46.325+01:00 INFO : Filtering template 74/96 segment 1/5
2026-09-06T21:10:46.345+01:00 INFO : 3 points above threshold
2026-09-06T21:10:46.364+01:00 INFO : Filtering template 74/96 segment 2/5
2026-09-06T21:10:46.382+01:00 INFO : 3 points above threshold
2026-09-06T21:10:46.391+01:00 INFO : Filtering template 74/96 segment 3/5
2026-09-06T21:10:46.409+01:00 INFO : Filtering template 74/96 segment 4/5
2026-09-06T21:10:46.426+01:00 INFO : 1 points above threshold
2026-09-06T21:10:46.432+01:00 INFO : Filtering template 74/96 segment 5/5
2026-09-06T21:10:46.450+01:00 INFO : 74: generating IMRPhenomD from 30.0 Hz
2026-09-06T21:10:46.452+01:00 INFO : Decompressing waveform using inline_linear
2026-09-06T21:10:46.457+01:00 INFO : Filtering template 75/96 segment 1/5
2026-09-06T21:10:46.477+01:00 INFO : Filtering template 75/96 segment 2/5
2026-09-06T21:10:46.495+01:00 INFO : 1 points above threshold
2026-09-06T21:10:46.510+01:00 INFO : Filtering template 75/96 segment 3/5
2026-09-06T21:10:46.527+01:00 INFO : 2 points above threshold
2026-09-06T21:10:46.534+01:00 INFO : Filtering template 75/96 segment 4/5
2026-09-06T21:10:46.552+01:00 INFO : Filtering template 75/96 segment 5/5
2026-09-06T21:10:46.569+01:00 INFO : 2 points above threshold
2026-09-06T21:10:46.576+01:00 INFO : 75: generating IMRPhenomD from 30.0 Hz
2026-09-06T21:10:46.579+01:00 INFO : Decompressing waveform using inline_linear
2026-09-06T21:10:46.584+01:00 INFO : Filtering template 76/96 segment 1/5
2026-09-06T21:10:46.604+01:00 INFO : 1 points above threshold
2026-09-06T21:10:46.619+01:00 INFO : Filtering template 76/96 segment 2/5
2026-09-06T21:10:46.636+01:00 INFO : Filtering template 76/96 segment 3/5
2026-09-06T21:10:46.654+01:00 INFO : 1 points above threshold
2026-09-06T21:10:46.659+01:00 INFO : Filtering template 76/96 segment 4/5
2026-09-06T21:10:46.677+01:00 INFO : Filtering template 76/96 segment 5/5
2026-09-06T21:10:46.694+01:00 INFO : 2 points above threshold
2026-09-06T21:10:46.701+01:00 INFO : 76: generating IMRPhenomD from 30.0 Hz
2026-09-06T21:10:46.704+01:00 INFO : Decompressing waveform using inline_linear
2026-09-06T21:10:46.709+01:00 INFO : Filtering template 77/96 segment 1/5
2026-09-06T21:10:46.729+01:00 INFO : Filtering template 77/96 segment 2/5
2026-09-06T21:10:46.746+01:00 INFO : 1 points above threshold
2026-09-06T21:10:46.763+01:00 INFO : Filtering template 77/96 segment 3/5
2026-09-06T21:10:46.781+01:00 INFO : Filtering template 77/96 segment 4/5
2026-09-06T21:10:46.798+01:00 INFO : 1 points above threshold
2026-09-06T21:10:46.803+01:00 INFO : Filtering template 77/96 segment 5/5
2026-09-06T21:10:46.821+01:00 INFO : 77: generating IMRPhenomD from 30.0 Hz
2026-09-06T21:10:46.824+01:00 INFO : Decompressing waveform using inline_linear
2026-09-06T21:10:46.829+01:00 INFO : Filtering template 78/96 segment 1/5
2026-09-06T21:10:46.848+01:00 INFO : Filtering template 78/96 segment 2/5
2026-09-06T21:10:46.866+01:00 INFO : Filtering template 78/96 segment 3/5
2026-09-06T21:10:46.884+01:00 INFO : Filtering template 78/96 segment 4/5
2026-09-06T21:10:46.901+01:00 INFO : 1 points above threshold
2026-09-06T21:10:46.918+01:00 INFO : Filtering template 78/96 segment 5/5
2026-09-06T21:10:46.936+01:00 INFO : 78: generating IMRPhenomD from 30.0 Hz
2026-09-06T21:10:46.938+01:00 INFO : Decompressing waveform using inline_linear
2026-09-06T21:10:46.943+01:00 INFO : Filtering template 79/96 segment 1/5
2026-09-06T21:10:46.963+01:00 INFO : 2 points above threshold
2026-09-06T21:10:46.982+01:00 INFO : Filtering template 79/96 segment 2/5
2026-09-06T21:10:46.999+01:00 INFO : Filtering template 79/96 segment 3/5
2026-09-06T21:10:47.017+01:00 INFO : 1 points above threshold
2026-09-06T21:10:47.022+01:00 INFO : Filtering template 79/96 segment 4/5
2026-09-06T21:10:47.039+01:00 INFO : 1 points above threshold
2026-09-06T21:10:47.047+01:00 INFO : Filtering template 79/96 segment 5/5
2026-09-06T21:10:47.065+01:00 INFO : 3 points above threshold
2026-09-06T21:10:47.074+01:00 INFO : 79: generating IMRPhenomD from 30.0 Hz
2026-09-06T21:10:47.077+01:00 INFO : Decompressing waveform using inline_linear
2026-09-06T21:10:47.081+01:00 INFO : Filtering template 80/96 segment 1/5
2026-09-06T21:10:47.101+01:00 INFO : 2 points above threshold
2026-09-06T21:10:47.120+01:00 INFO : Filtering template 80/96 segment 2/5
2026-09-06T21:10:47.137+01:00 INFO : 1 points above threshold
2026-09-06T21:10:47.143+01:00 INFO : Filtering template 80/96 segment 3/5
2026-09-06T21:10:47.160+01:00 INFO : 1 points above threshold
2026-09-06T21:10:47.166+01:00 INFO : Filtering template 80/96 segment 4/5
2026-09-06T21:10:47.183+01:00 INFO : Filtering template 80/96 segment 5/5
2026-09-06T21:10:47.201+01:00 INFO : 1 points above threshold
2026-09-06T21:10:47.207+01:00 INFO : 80: generating IMRPhenomD from 30.0 Hz
2026-09-06T21:10:47.209+01:00 INFO : Decompressing waveform using inline_linear
2026-09-06T21:10:47.214+01:00 INFO : Filtering template 81/96 segment 1/5
2026-09-06T21:10:47.234+01:00 INFO : 1 points above threshold
2026-09-06T21:10:47.249+01:00 INFO : Filtering template 81/96 segment 2/5
2026-09-06T21:10:47.267+01:00 INFO : 2 points above threshold
2026-09-06T21:10:47.273+01:00 INFO : Filtering template 81/96 segment 3/5
2026-09-06T21:10:47.291+01:00 INFO : 1 points above threshold
2026-09-06T21:10:47.296+01:00 INFO : Filtering template 81/96 segment 4/5
2026-09-06T21:10:47.314+01:00 INFO : Filtering template 81/96 segment 5/5
2026-09-06T21:10:47.331+01:00 INFO : 1 points above threshold
2026-09-06T21:10:47.336+01:00 INFO : 81: generating IMRPhenomD from 30.0 Hz
2026-09-06T21:10:47.339+01:00 INFO : Decompressing waveform using inline_linear
2026-09-06T21:10:47.344+01:00 INFO : Filtering template 82/96 segment 1/5
2026-09-06T21:10:47.364+01:00 INFO : Filtering template 82/96 segment 2/5
2026-09-06T21:10:47.381+01:00 INFO : 2 points above threshold
2026-09-06T21:10:47.398+01:00 INFO : Filtering template 82/96 segment 3/5
2026-09-06T21:10:47.416+01:00 INFO : 1 points above threshold
2026-09-06T21:10:47.421+01:00 INFO : Filtering template 82/96 segment 4/5
2026-09-06T21:10:47.439+01:00 INFO : Filtering template 82/96 segment 5/5
2026-09-06T21:10:47.457+01:00 INFO : 82: generating IMRPhenomD from 30.0 Hz
2026-09-06T21:10:47.459+01:00 INFO : Decompressing waveform using inline_linear
2026-09-06T21:10:47.464+01:00 INFO : Filtering template 83/96 segment 1/5
2026-09-06T21:10:47.484+01:00 INFO : 1 points above threshold
2026-09-06T21:10:47.499+01:00 INFO : Filtering template 83/96 segment 2/5
2026-09-06T21:10:47.517+01:00 INFO : 2 points above threshold
2026-09-06T21:10:47.524+01:00 INFO : Filtering template 83/96 segment 3/5
2026-09-06T21:10:47.541+01:00 INFO : 2 points above threshold
2026-09-06T21:10:47.548+01:00 INFO : Filtering template 83/96 segment 4/5
2026-09-06T21:10:47.566+01:00 INFO : 3 points above threshold
2026-09-06T21:10:47.575+01:00 INFO : Filtering template 83/96 segment 5/5
2026-09-06T21:10:47.592+01:00 INFO : 3 points above threshold
2026-09-06T21:10:47.602+01:00 INFO : 83: generating IMRPhenomD from 30.0 Hz
2026-09-06T21:10:47.604+01:00 INFO : Decompressing waveform using inline_linear
2026-09-06T21:10:47.609+01:00 INFO : Filtering template 84/96 segment 1/5
2026-09-06T21:10:47.629+01:00 INFO : Filtering template 84/96 segment 2/5
2026-09-06T21:10:47.647+01:00 INFO : Filtering template 84/96 segment 3/5
2026-09-06T21:10:47.664+01:00 INFO : 1 points above threshold
2026-09-06T21:10:47.679+01:00 INFO : Filtering template 84/96 segment 4/5
2026-09-06T21:10:47.697+01:00 INFO : 3 points above threshold
2026-09-06T21:10:47.706+01:00 INFO : Filtering template 84/96 segment 5/5
2026-09-06T21:10:47.724+01:00 INFO : 84: generating IMRPhenomD from 30.0 Hz
2026-09-06T21:10:47.726+01:00 INFO : Decompressing waveform using inline_linear
2026-09-06T21:10:47.731+01:00 INFO : Filtering template 85/96 segment 1/5
2026-09-06T21:10:47.751+01:00 INFO : 1 points above threshold
2026-09-06T21:10:47.766+01:00 INFO : Filtering template 85/96 segment 2/5
2026-09-06T21:10:47.784+01:00 INFO : 2 points above threshold
2026-09-06T21:10:47.791+01:00 INFO : Filtering template 85/96 segment 3/5
2026-09-06T21:10:47.808+01:00 INFO : 1 points above threshold
2026-09-06T21:10:47.813+01:00 INFO : Filtering template 85/96 segment 4/5
2026-09-06T21:10:47.831+01:00 INFO : 3 points above threshold
2026-09-06T21:10:47.840+01:00 INFO : Filtering template 85/96 segment 5/5
2026-09-06T21:10:47.857+01:00 INFO : 2 points above threshold
2026-09-06T21:10:47.864+01:00 INFO : 85: generating IMRPhenomD from 30.0 Hz
2026-09-06T21:10:47.867+01:00 INFO : Decompressing waveform using inline_linear
2026-09-06T21:10:47.872+01:00 INFO : Filtering template 86/96 segment 1/5
2026-09-06T21:10:47.892+01:00 INFO : 2 points above threshold
2026-09-06T21:10:47.909+01:00 INFO : Filtering template 86/96 segment 2/5
2026-09-06T21:10:47.926+01:00 INFO : 2 points above threshold
2026-09-06T21:10:47.933+01:00 INFO : Filtering template 86/96 segment 3/5
2026-09-06T21:10:47.951+01:00 INFO : 1 points above threshold
2026-09-06T21:10:47.956+01:00 INFO : Filtering template 86/96 segment 4/5
2026-09-06T21:10:47.973+01:00 INFO : 1 points above threshold
2026-09-06T21:10:47.979+01:00 INFO : Filtering template 86/96 segment 5/5
2026-09-06T21:10:47.996+01:00 INFO : 2 points above threshold
2026-09-06T21:10:48.003+01:00 INFO : 86: generating IMRPhenomD from 30.0 Hz
2026-09-06T21:10:48.006+01:00 INFO : Decompressing waveform using inline_linear
2026-09-06T21:10:48.011+01:00 INFO : Filtering template 87/96 segment 1/5
2026-09-06T21:10:48.031+01:00 INFO : 1 points above threshold
2026-09-06T21:10:48.046+01:00 INFO : Filtering template 87/96 segment 2/5
2026-09-06T21:10:48.064+01:00 INFO : 2 points above threshold
2026-09-06T21:10:48.071+01:00 INFO : Filtering template 87/96 segment 3/5
2026-09-06T21:10:48.088+01:00 INFO : 1 points above threshold
2026-09-06T21:10:48.093+01:00 INFO : Filtering template 87/96 segment 4/5
2026-09-06T21:10:48.111+01:00 INFO : 1 points above threshold
2026-09-06T21:10:48.116+01:00 INFO : Filtering template 87/96 segment 5/5
2026-09-06T21:10:48.133+01:00 INFO : 1 points above threshold
2026-09-06T21:10:48.139+01:00 INFO : 87: generating IMRPhenomD from 30.0 Hz
2026-09-06T21:10:48.141+01:00 INFO : Decompressing waveform using inline_linear
2026-09-06T21:10:48.146+01:00 INFO : Filtering template 88/96 segment 1/5
2026-09-06T21:10:48.166+01:00 INFO : 2 points above threshold
2026-09-06T21:10:48.183+01:00 INFO : Filtering template 88/96 segment 2/5
2026-09-06T21:10:48.200+01:00 INFO : 1 points above threshold
2026-09-06T21:10:48.206+01:00 INFO : Filtering template 88/96 segment 3/5
2026-09-06T21:10:48.223+01:00 INFO : Filtering template 88/96 segment 4/5
2026-09-06T21:10:48.241+01:00 INFO : Filtering template 88/96 segment 5/5
2026-09-06T21:10:48.258+01:00 INFO : 2 points above threshold
2026-09-06T21:10:48.265+01:00 INFO : 88: generating IMRPhenomD from 30.0 Hz
2026-09-06T21:10:48.268+01:00 INFO : Decompressing waveform using inline_linear
2026-09-06T21:10:48.273+01:00 INFO : Filtering template 89/96 segment 1/5
2026-09-06T21:10:48.293+01:00 INFO : 2 points above threshold
2026-09-06T21:10:48.310+01:00 INFO : Filtering template 89/96 segment 2/5
2026-09-06T21:10:48.327+01:00 INFO : 1 points above threshold
2026-09-06T21:10:48.332+01:00 INFO : Filtering template 89/96 segment 3/5
2026-09-06T21:10:48.350+01:00 INFO : 2 points above threshold
2026-09-06T21:10:48.357+01:00 INFO : Filtering template 89/96 segment 4/5
2026-09-06T21:10:48.374+01:00 INFO : Filtering template 89/96 segment 5/5
2026-09-06T21:10:48.392+01:00 INFO : 89: generating IMRPhenomD from 30.0 Hz
2026-09-06T21:10:48.395+01:00 INFO : Decompressing waveform using inline_linear
2026-09-06T21:10:48.400+01:00 INFO : Filtering template 90/96 segment 1/5
2026-09-06T21:10:48.419+01:00 INFO : Filtering template 90/96 segment 2/5
2026-09-06T21:10:48.437+01:00 INFO : 1 points above threshold
2026-09-06T21:10:48.452+01:00 INFO : Filtering template 90/96 segment 3/5
2026-09-06T21:10:48.470+01:00 INFO : 3 points above threshold
2026-09-06T21:10:48.479+01:00 INFO : Filtering template 90/96 segment 4/5
2026-09-06T21:10:48.496+01:00 INFO : Filtering template 90/96 segment 5/5
2026-09-06T21:10:48.514+01:00 INFO : 1 points above threshold
2026-09-06T21:10:48.519+01:00 INFO : 90: generating IMRPhenomD from 30.0 Hz
2026-09-06T21:10:48.522+01:00 INFO : Decompressing waveform using inline_linear
2026-09-06T21:10:48.527+01:00 INFO : Filtering template 91/96 segment 1/5
2026-09-06T21:10:48.546+01:00 INFO : Filtering template 91/96 segment 2/5
2026-09-06T21:10:48.564+01:00 INFO : 2 points above threshold
2026-09-06T21:10:48.581+01:00 INFO : Filtering template 91/96 segment 3/5
2026-09-06T21:10:48.599+01:00 INFO : 3 points above threshold
2026-09-06T21:10:48.608+01:00 INFO : Filtering template 91/96 segment 4/5
2026-09-06T21:10:48.625+01:00 INFO : Filtering template 91/96 segment 5/5
2026-09-06T21:10:48.643+01:00 INFO : 1 points above threshold
2026-09-06T21:10:48.648+01:00 INFO : 91: generating IMRPhenomD from 30.0 Hz
2026-09-06T21:10:48.651+01:00 INFO : Decompressing waveform using inline_linear
2026-09-06T21:10:48.656+01:00 INFO : Filtering template 92/96 segment 1/5
2026-09-06T21:10:48.675+01:00 INFO : 2 points above threshold
2026-09-06T21:10:48.692+01:00 INFO : Filtering template 92/96 segment 2/5
2026-09-06T21:10:48.710+01:00 INFO : 1 points above threshold
2026-09-06T21:10:48.715+01:00 INFO : Filtering template 92/96 segment 3/5
2026-09-06T21:10:48.732+01:00 INFO : 2 points above threshold
2026-09-06T21:10:48.739+01:00 INFO : Filtering template 92/96 segment 4/5
2026-09-06T21:10:48.757+01:00 INFO : 1 points above threshold
2026-09-06T21:10:48.762+01:00 INFO : Filtering template 92/96 segment 5/5
2026-09-06T21:10:48.780+01:00 INFO : 1 points above threshold
2026-09-06T21:10:48.785+01:00 INFO : 92: generating IMRPhenomD from 30.0 Hz
2026-09-06T21:10:48.788+01:00 INFO : Decompressing waveform using inline_linear
2026-09-06T21:10:48.792+01:00 INFO : Filtering template 93/96 segment 1/5
2026-09-06T21:10:48.812+01:00 INFO : Filtering template 93/96 segment 2/5
2026-09-06T21:10:48.830+01:00 INFO : 3 points above threshold
2026-09-06T21:10:48.849+01:00 INFO : Filtering template 93/96 segment 3/5
2026-09-06T21:10:48.866+01:00 INFO : 3 points above threshold
2026-09-06T21:10:48.875+01:00 INFO : Filtering template 93/96 segment 4/5
2026-09-06T21:10:48.893+01:00 INFO : 1 points above threshold
2026-09-06T21:10:48.898+01:00 INFO : Filtering template 93/96 segment 5/5
2026-09-06T21:10:48.916+01:00 INFO : 1 points above threshold
2026-09-06T21:10:48.921+01:00 INFO : 93: generating IMRPhenomD from 30.0 Hz
2026-09-06T21:10:48.924+01:00 INFO : Decompressing waveform using inline_linear
2026-09-06T21:10:48.928+01:00 INFO : Filtering template 94/96 segment 1/5
2026-09-06T21:10:48.948+01:00 INFO : 1 points above threshold
2026-09-06T21:10:48.964+01:00 INFO : Filtering template 94/96 segment 2/5
2026-09-06T21:10:48.982+01:00 INFO : 2 points above threshold
2026-09-06T21:10:48.989+01:00 INFO : Filtering template 94/96 segment 3/5
2026-09-06T21:10:49.006+01:00 INFO : 4 points above threshold
2026-09-06T21:10:49.015+01:00 INFO : Filtering template 94/96 segment 4/5
2026-09-06T21:10:49.032+01:00 INFO : Filtering template 94/96 segment 5/5
2026-09-06T21:10:49.050+01:00 INFO : 2 points above threshold
2026-09-06T21:10:49.057+01:00 INFO : 94: generating IMRPhenomD from 30.0 Hz
2026-09-06T21:10:49.060+01:00 INFO : Decompressing waveform using inline_linear
2026-09-06T21:10:49.064+01:00 INFO : Filtering template 95/96 segment 1/5
2026-09-06T21:10:49.084+01:00 INFO : 3 points above threshold
2026-09-06T21:10:49.103+01:00 INFO : Filtering template 95/96 segment 2/5
2026-09-06T21:10:49.121+01:00 INFO : 2 points above threshold
2026-09-06T21:10:49.128+01:00 INFO : Filtering template 95/96 segment 3/5
2026-09-06T21:10:49.146+01:00 INFO : 2 points above threshold
2026-09-06T21:10:49.152+01:00 INFO : Filtering template 95/96 segment 4/5
2026-09-06T21:10:49.170+01:00 INFO : 1 points above threshold
2026-09-06T21:10:49.175+01:00 INFO : Filtering template 95/96 segment 5/5
2026-09-06T21:10:49.193+01:00 INFO : 95: generating IMRPhenomD from 30.0 Hz
2026-09-06T21:10:49.196+01:00 INFO : Decompressing waveform using inline_linear
2026-09-06T21:10:49.201+01:00 INFO : Filtering template 96/96 segment 1/5
2026-09-06T21:10:49.220+01:00 INFO : 2 points above threshold
2026-09-06T21:10:49.237+01:00 INFO : Filtering template 96/96 segment 2/5
2026-09-06T21:10:49.255+01:00 INFO : Filtering template 96/96 segment 3/5
2026-09-06T21:10:49.273+01:00 INFO : Filtering template 96/96 segment 4/5
2026-09-06T21:10:49.290+01:00 INFO : 1 points above threshold
2026-09-06T21:10:49.295+01:00 INFO : Filtering template 96/96 segment 5/5
2026-09-06T21:10:49.313+01:00 INFO : We currently have 527 triggers
2026-09-06T21:10:49.313+01:00 INFO : Removing triggers with NewSNR below threshold
2026-09-06T21:10:49.314+01:00 INFO : 475 remaining triggers
2026-09-06T21:10:49.314+01:00 INFO : Outputting 475 triggers
2026-09-06T21:10:49.314+01:00 INFO : Writing out triggers
2026-09-06T21:10:49.324+01:00 INFO : Finished
