2026-09-06T17:42:38.600+01:00 INFO : Running with CPU support: 1 threads
2026-09-06T17:42:38.600+01:00 INFO : Reading Frames
2026-09-06T17:42:45.295+01:00 INFO : Highpass Filtering
2026-09-06T17:42:45.747+01:00 INFO : Resampling data
2026-09-06T17:42:45.759+01:00 INFO : Converting to float32
/home/xangma/pycbc-torch-inspiral-reference-20260906/source/pycbc/types/array.py:872: RuntimeWarning: divide by zero encountered in divide
  return self._data.__rtruediv__(other)
2026-09-06T17:42:50.843+01:00 INFO : Highpass Filtering
2026-09-06T17:42:51.284+01:00 INFO : Remove Padding
2026-09-06T17:42:51.307+01:00 INFO : Making frequency-domain data segments
/home/xangma/pycbc-torch-inspiral-reference-20260906/source/pycbc/types/array.py:872: RuntimeWarning: divide by zero encountered in divide
  return self._data.__rtruediv__(other)
2026-09-06T17:42:53.380+01:00 INFO : Overwhitening frequency-domain data segments
2026-09-06T17:42:53.404+01:00 INFO : Read in template bank
2026-09-06T17:42:53.414+01:00 INFO : Full template bank size: 96
2026-09-06T17:42:53.414+01:00 INFO : Template bank size after thinning: 96
2026-09-06T17:42:53.414+01:00 INFO : 0: generating IMRPhenomD from 30.0 Hz
2026-09-06T17:42:53.439+01:00 INFO : Decompressing waveform using inline_linear
2026-09-06T17:42:53.450+01:00 INFO : Filtering template 1/96 segment 1/3
2026-09-06T17:42:53.537+01:00 INFO : 1 points above threshold
2026-09-06T17:42:53.574+01:00 INFO : Filtering template 1/96 segment 2/3
2026-09-06T17:42:53.612+01:00 INFO : 1 points above threshold
2026-09-06T17:42:53.627+01:00 INFO : Filtering template 1/96 segment 3/3
2026-09-06T17:42:53.665+01:00 INFO : 1 points above threshold
2026-09-06T17:42:53.675+01:00 INFO : 1: generating IMRPhenomD from 30.0 Hz
2026-09-06T17:42:53.680+01:00 INFO : Decompressing waveform using inline_linear
2026-09-06T17:42:53.689+01:00 INFO : Filtering template 2/96 segment 1/3
2026-09-06T17:42:53.733+01:00 INFO : 1 points above threshold
2026-09-06T17:42:53.761+01:00 INFO : Filtering template 2/96 segment 2/3
2026-09-06T17:42:53.799+01:00 INFO : 3 points above threshold
2026-09-06T17:42:53.814+01:00 INFO : Filtering template 2/96 segment 3/3
2026-09-06T17:42:53.865+01:00 INFO : 1 points above threshold
2026-09-06T17:42:53.875+01:00 INFO : 2: generating IMRPhenomD from 30.0 Hz
2026-09-06T17:42:53.881+01:00 INFO : Decompressing waveform using inline_linear
2026-09-06T17:42:53.891+01:00 INFO : Filtering template 3/96 segment 1/3
2026-09-06T17:42:53.935+01:00 INFO : 3 points above threshold
2026-09-06T17:42:53.966+01:00 INFO : Filtering template 3/96 segment 2/3
2026-09-06T17:42:54.004+01:00 INFO : 1 points above threshold
2026-09-06T17:42:54.014+01:00 INFO : Filtering template 3/96 segment 3/3
2026-09-06T17:42:54.052+01:00 INFO : 1 points above threshold
2026-09-06T17:42:54.063+01:00 INFO : 3: generating IMRPhenomD from 30.0 Hz
2026-09-06T17:42:54.067+01:00 INFO : Decompressing waveform using inline_linear
2026-09-06T17:42:54.076+01:00 INFO : Filtering template 4/96 segment 1/3
2026-09-06T17:42:54.120+01:00 INFO : 1 points above threshold
2026-09-06T17:42:54.147+01:00 INFO : Filtering template 4/96 segment 2/3
2026-09-06T17:42:54.185+01:00 INFO : 3 points above threshold
2026-09-06T17:42:54.199+01:00 INFO : Filtering template 4/96 segment 3/3
2026-09-06T17:42:54.237+01:00 INFO : 4 points above threshold
2026-09-06T17:42:54.247+01:00 INFO : 4: generating IMRPhenomD from 30.0 Hz
2026-09-06T17:42:54.251+01:00 INFO : Decompressing waveform using inline_linear
2026-09-06T17:42:54.260+01:00 INFO : Filtering template 5/96 segment 1/3
2026-09-06T17:42:54.304+01:00 INFO : 1 points above threshold
2026-09-06T17:42:54.332+01:00 INFO : Filtering template 5/96 segment 2/3
2026-09-06T17:42:54.370+01:00 INFO : 4 points above threshold
2026-09-06T17:42:54.380+01:00 INFO : Filtering template 5/96 segment 3/3
2026-09-06T17:42:54.418+01:00 INFO : 2 points above threshold
2026-09-06T17:42:54.428+01:00 INFO : 5: generating IMRPhenomD from 30.0 Hz
2026-09-06T17:42:54.432+01:00 INFO : Decompressing waveform using inline_linear
2026-09-06T17:42:54.441+01:00 INFO : Filtering template 6/96 segment 1/3
2026-09-06T17:42:54.485+01:00 INFO : 1 points above threshold
2026-09-06T17:42:54.512+01:00 INFO : Filtering template 6/96 segment 2/3
2026-09-06T17:42:54.550+01:00 INFO : Filtering template 6/96 segment 3/3
2026-09-06T17:42:54.588+01:00 INFO : 2 points above threshold
2026-09-06T17:42:54.598+01:00 INFO : 6: generating IMRPhenomD from 30.0 Hz
2026-09-06T17:42:54.602+01:00 INFO : Decompressing waveform using inline_linear
2026-09-06T17:42:54.612+01:00 INFO : Filtering template 7/96 segment 1/3
2026-09-06T17:42:54.655+01:00 INFO : 2 points above threshold
2026-09-06T17:42:54.684+01:00 INFO : Filtering template 7/96 segment 2/3
2026-09-06T17:42:54.722+01:00 INFO : Filtering template 7/96 segment 3/3
2026-09-06T17:42:54.760+01:00 INFO : 1 points above threshold
2026-09-06T17:42:54.770+01:00 INFO : 7: generating IMRPhenomD from 30.0 Hz
2026-09-06T17:42:54.774+01:00 INFO : Decompressing waveform using inline_linear
2026-09-06T17:42:54.783+01:00 INFO : Filtering template 8/96 segment 1/3
2026-09-06T17:42:54.827+01:00 INFO : 1 points above threshold
2026-09-06T17:42:54.855+01:00 INFO : Filtering template 8/96 segment 2/3
2026-09-06T17:42:54.893+01:00 INFO : 5 points above threshold
2026-09-06T17:42:54.907+01:00 INFO : Filtering template 8/96 segment 3/3
2026-09-06T17:42:54.945+01:00 INFO : 8: generating IMRPhenomD from 30.0 Hz
2026-09-06T17:42:54.950+01:00 INFO : Decompressing waveform using inline_linear
2026-09-06T17:42:54.959+01:00 INFO : Filtering template 9/96 segment 1/3
2026-09-06T17:42:55.003+01:00 INFO : Filtering template 9/96 segment 2/3
2026-09-06T17:42:55.040+01:00 INFO : 4 points above threshold
2026-09-06T17:42:55.068+01:00 INFO : Filtering template 9/96 segment 3/3
2026-09-06T17:42:55.106+01:00 INFO : 3 points above threshold
2026-09-06T17:42:55.120+01:00 INFO : 9: generating IMRPhenomD from 30.0 Hz
2026-09-06T17:42:55.129+01:00 INFO : Decompressing waveform using inline_linear
2026-09-06T17:42:55.138+01:00 INFO : Filtering template 10/96 segment 1/3
2026-09-06T17:42:55.183+01:00 INFO : 2 points above threshold
2026-09-06T17:42:55.215+01:00 INFO : Filtering template 10/96 segment 2/3
2026-09-06T17:42:55.253+01:00 INFO : Filtering template 10/96 segment 3/3
2026-09-06T17:42:55.291+01:00 INFO : 3 points above threshold
2026-09-06T17:42:55.307+01:00 INFO : 10: generating IMRPhenomD from 30.0 Hz
2026-09-06T17:42:55.311+01:00 INFO : Decompressing waveform using inline_linear
2026-09-06T17:42:55.320+01:00 INFO : Filtering template 11/96 segment 1/3
2026-09-06T17:42:55.364+01:00 INFO : 5 points above threshold
2026-09-06T17:42:55.396+01:00 INFO : Filtering template 11/96 segment 2/3
2026-09-06T17:42:55.434+01:00 INFO : 2 points above threshold
2026-09-06T17:42:55.443+01:00 INFO : Filtering template 11/96 segment 3/3
2026-09-06T17:42:55.481+01:00 INFO : 11: generating IMRPhenomD from 30.0 Hz
2026-09-06T17:42:55.486+01:00 INFO : Decompressing waveform using inline_linear
2026-09-06T17:42:55.495+01:00 INFO : Filtering template 12/96 segment 1/3
2026-09-06T17:42:55.538+01:00 INFO : 1 points above threshold
2026-09-06T17:42:55.566+01:00 INFO : Filtering template 12/96 segment 2/3
2026-09-06T17:42:55.604+01:00 INFO : 4 points above threshold
2026-09-06T17:42:55.614+01:00 INFO : Filtering template 12/96 segment 3/3
2026-09-06T17:42:55.652+01:00 INFO : 1 points above threshold
2026-09-06T17:42:55.662+01:00 INFO : 12: generating IMRPhenomD from 30.0 Hz
2026-09-06T17:42:55.667+01:00 INFO : Decompressing waveform using inline_linear
2026-09-06T17:42:55.676+01:00 INFO : Filtering template 13/96 segment 1/3
2026-09-06T17:42:55.719+01:00 INFO : 2 points above threshold
2026-09-06T17:42:55.747+01:00 INFO : Filtering template 13/96 segment 2/3
2026-09-06T17:42:55.785+01:00 INFO : 2 points above threshold
2026-09-06T17:42:55.795+01:00 INFO : Filtering template 13/96 segment 3/3
2026-09-06T17:42:55.833+01:00 INFO : 1 points above threshold
2026-09-06T17:42:55.843+01:00 INFO : 13: generating IMRPhenomD from 30.0 Hz
2026-09-06T17:42:55.847+01:00 INFO : Decompressing waveform using inline_linear
2026-09-06T17:42:55.856+01:00 INFO : Filtering template 14/96 segment 1/3
2026-09-06T17:42:55.900+01:00 INFO : 2 points above threshold
2026-09-06T17:42:55.928+01:00 INFO : Filtering template 14/96 segment 2/3
2026-09-06T17:42:55.966+01:00 INFO : 3 points above threshold
2026-09-06T17:42:55.979+01:00 INFO : Filtering template 14/96 segment 3/3
2026-09-06T17:42:56.017+01:00 INFO : 2 points above threshold
2026-09-06T17:42:56.027+01:00 INFO : 14: generating IMRPhenomD from 30.0 Hz
2026-09-06T17:42:56.031+01:00 INFO : Decompressing waveform using inline_linear
2026-09-06T17:42:56.040+01:00 INFO : Filtering template 15/96 segment 1/3
2026-09-06T17:42:56.084+01:00 INFO : 1 points above threshold
2026-09-06T17:42:56.112+01:00 INFO : Filtering template 15/96 segment 2/3
2026-09-06T17:42:56.150+01:00 INFO : 1 points above threshold
2026-09-06T17:42:56.160+01:00 INFO : Filtering template 15/96 segment 3/3
2026-09-06T17:42:56.198+01:00 INFO : 3 points above threshold
2026-09-06T17:42:56.212+01:00 INFO : 15: generating IMRPhenomD from 30.0 Hz
2026-09-06T17:42:56.216+01:00 INFO : Decompressing waveform using inline_linear
2026-09-06T17:42:56.225+01:00 INFO : Filtering template 16/96 segment 1/3
2026-09-06T17:42:56.268+01:00 INFO : 3 points above threshold
2026-09-06T17:42:56.301+01:00 INFO : Filtering template 16/96 segment 2/3
2026-09-06T17:42:56.339+01:00 INFO : 4 points above threshold
2026-09-06T17:42:56.349+01:00 INFO : Filtering template 16/96 segment 3/3
2026-09-06T17:42:56.388+01:00 INFO : 1 points above threshold
2026-09-06T17:42:56.398+01:00 INFO : 16: generating IMRPhenomD from 30.0 Hz
2026-09-06T17:42:56.402+01:00 INFO : Decompressing waveform using inline_linear
2026-09-06T17:42:56.411+01:00 INFO : Filtering template 17/96 segment 1/3
2026-09-06T17:42:56.455+01:00 INFO : 3 points above threshold
2026-09-06T17:42:56.486+01:00 INFO : Filtering template 17/96 segment 2/3
2026-09-06T17:42:56.524+01:00 INFO : 4 points above threshold
2026-09-06T17:42:56.534+01:00 INFO : Filtering template 17/96 segment 3/3
2026-09-06T17:42:56.572+01:00 INFO : 3 points above threshold
2026-09-06T17:42:56.586+01:00 INFO : 17: generating IMRPhenomD from 30.0 Hz
2026-09-06T17:42:56.590+01:00 INFO : Decompressing waveform using inline_linear
2026-09-06T17:42:56.600+01:00 INFO : Filtering template 18/96 segment 1/3
2026-09-06T17:42:56.643+01:00 INFO : Filtering template 18/96 segment 2/3
2026-09-06T17:42:56.681+01:00 INFO : 1 points above threshold
2026-09-06T17:42:56.709+01:00 INFO : Filtering template 18/96 segment 3/3
2026-09-06T17:42:56.747+01:00 INFO : 2 points above threshold
2026-09-06T17:42:56.757+01:00 INFO : 18: generating IMRPhenomD from 30.0 Hz
2026-09-06T17:42:56.761+01:00 INFO : Decompressing waveform using inline_linear
2026-09-06T17:42:56.770+01:00 INFO : Filtering template 19/96 segment 1/3
2026-09-06T17:42:56.814+01:00 INFO : 4 points above threshold
2026-09-06T17:42:56.842+01:00 INFO : Filtering template 19/96 segment 2/3
2026-09-06T17:42:56.880+01:00 INFO : 2 points above threshold
2026-09-06T17:42:56.890+01:00 INFO : Filtering template 19/96 segment 3/3
2026-09-06T17:42:56.927+01:00 INFO : 3 points above threshold
2026-09-06T17:42:56.941+01:00 INFO : 19: generating IMRPhenomD from 30.0 Hz
2026-09-06T17:42:56.945+01:00 INFO : Decompressing waveform using inline_linear
2026-09-06T17:42:56.955+01:00 INFO : Filtering template 20/96 segment 1/3
2026-09-06T17:42:56.998+01:00 INFO : 2 points above threshold
2026-09-06T17:42:57.026+01:00 INFO : Filtering template 20/96 segment 2/3
2026-09-06T17:42:57.064+01:00 INFO : 4 points above threshold
2026-09-06T17:42:57.074+01:00 INFO : Filtering template 20/96 segment 3/3
2026-09-06T17:42:57.112+01:00 INFO : 1 points above threshold
2026-09-06T17:42:57.122+01:00 INFO : 20: generating IMRPhenomD from 30.0 Hz
2026-09-06T17:42:57.126+01:00 INFO : Decompressing waveform using inline_linear
2026-09-06T17:42:57.135+01:00 INFO : Filtering template 21/96 segment 1/3
2026-09-06T17:42:57.179+01:00 INFO : 1 points above threshold
2026-09-06T17:42:57.207+01:00 INFO : Filtering template 21/96 segment 2/3
2026-09-06T17:42:57.245+01:00 INFO : 2 points above threshold
2026-09-06T17:42:57.255+01:00 INFO : Filtering template 21/96 segment 3/3
2026-09-06T17:42:57.293+01:00 INFO : 21: generating IMRPhenomD from 30.0 Hz
2026-09-06T17:42:57.297+01:00 INFO : Decompressing waveform using inline_linear
2026-09-06T17:42:57.306+01:00 INFO : Filtering template 22/96 segment 1/3
2026-09-06T17:42:57.350+01:00 INFO : 5 points above threshold
2026-09-06T17:42:57.382+01:00 INFO : Filtering template 22/96 segment 2/3
2026-09-06T17:42:57.420+01:00 INFO : Filtering template 22/96 segment 3/3
2026-09-06T17:42:57.458+01:00 INFO : 2 points above threshold
2026-09-06T17:42:57.468+01:00 INFO : 22: generating IMRPhenomD from 30.0 Hz
2026-09-06T17:42:57.472+01:00 INFO : Decompressing waveform using inline_linear
2026-09-06T17:42:57.481+01:00 INFO : Filtering template 23/96 segment 1/3
2026-09-06T17:42:57.525+01:00 INFO : 3 points above threshold
2026-09-06T17:42:57.556+01:00 INFO : Filtering template 23/96 segment 2/3
2026-09-06T17:42:57.594+01:00 INFO : 1 points above threshold
2026-09-06T17:42:57.604+01:00 INFO : Filtering template 23/96 segment 3/3
2026-09-06T17:42:57.642+01:00 INFO : 23: generating IMRPhenomD from 30.0 Hz
2026-09-06T17:42:57.646+01:00 INFO : Decompressing waveform using inline_linear
2026-09-06T17:42:57.656+01:00 INFO : Filtering template 24/96 segment 1/3
2026-09-06T17:42:57.699+01:00 INFO : 1 points above threshold
2026-09-06T17:42:57.729+01:00 INFO : Filtering template 24/96 segment 2/3
2026-09-06T17:42:57.767+01:00 INFO : 3 points above threshold
2026-09-06T17:42:57.781+01:00 INFO : Filtering template 24/96 segment 3/3
2026-09-06T17:42:57.818+01:00 INFO : 2 points above threshold
2026-09-06T17:42:57.828+01:00 INFO : 24: generating IMRPhenomD from 30.0 Hz
2026-09-06T17:42:57.833+01:00 INFO : Decompressing waveform using inline_linear
2026-09-06T17:42:57.842+01:00 INFO : Filtering template 25/96 segment 1/3
2026-09-06T17:42:57.886+01:00 INFO : 2 points above threshold
2026-09-06T17:42:57.919+01:00 INFO : Filtering template 25/96 segment 2/3
2026-09-06T17:42:57.957+01:00 INFO : Filtering template 25/96 segment 3/3
2026-09-06T17:42:57.995+01:00 INFO : 25: generating IMRPhenomD from 30.0 Hz
2026-09-06T17:42:57.999+01:00 INFO : Decompressing waveform using inline_linear
2026-09-06T17:42:58.009+01:00 INFO : Filtering template 26/96 segment 1/3
2026-09-06T17:42:58.053+01:00 INFO : Filtering template 26/96 segment 2/3
2026-09-06T17:42:58.091+01:00 INFO : 2 points above threshold
2026-09-06T17:42:58.119+01:00 INFO : Filtering template 26/96 segment 3/3
2026-09-06T17:42:58.157+01:00 INFO : 4 points above threshold
2026-09-06T17:42:58.167+01:00 INFO : 26: generating IMRPhenomD from 30.0 Hz
2026-09-06T17:42:58.171+01:00 INFO : Decompressing waveform using inline_linear
2026-09-06T17:42:58.180+01:00 INFO : Filtering template 27/96 segment 1/3
2026-09-06T17:42:58.224+01:00 INFO : 2 points above threshold
2026-09-06T17:42:58.251+01:00 INFO : Filtering template 27/96 segment 2/3
2026-09-06T17:42:58.289+01:00 INFO : 1 points above threshold
2026-09-06T17:42:58.299+01:00 INFO : Filtering template 27/96 segment 3/3
2026-09-06T17:42:58.337+01:00 INFO : 27: generating IMRPhenomD from 30.0 Hz
2026-09-06T17:42:58.342+01:00 INFO : Decompressing waveform using inline_linear
2026-09-06T17:42:58.351+01:00 INFO : Filtering template 28/96 segment 1/3
2026-09-06T17:42:58.395+01:00 INFO : 5 points above threshold
2026-09-06T17:42:58.428+01:00 INFO : Filtering template 28/96 segment 2/3
2026-09-06T17:42:58.467+01:00 INFO : 2 points above threshold
2026-09-06T17:42:58.477+01:00 INFO : Filtering template 28/96 segment 3/3
2026-09-06T17:42:58.515+01:00 INFO : 28: generating IMRPhenomD from 30.0 Hz
2026-09-06T17:42:58.519+01:00 INFO : Decompressing waveform using inline_linear
2026-09-06T17:42:58.528+01:00 INFO : Filtering template 29/96 segment 1/3
2026-09-06T17:42:58.572+01:00 INFO : 3 points above threshold
2026-09-06T17:42:58.603+01:00 INFO : Filtering template 29/96 segment 2/3
2026-09-06T17:42:58.642+01:00 INFO : 2 points above threshold
2026-09-06T17:42:58.651+01:00 INFO : Filtering template 29/96 segment 3/3
2026-09-06T17:42:58.689+01:00 INFO : 5 points above threshold
2026-09-06T17:42:58.703+01:00 INFO : 29: generating IMRPhenomD from 30.0 Hz
2026-09-06T17:42:58.708+01:00 INFO : Decompressing waveform using inline_linear
2026-09-06T17:42:58.717+01:00 INFO : Filtering template 30/96 segment 1/3
2026-09-06T17:42:58.760+01:00 INFO : 2 points above threshold
2026-09-06T17:42:58.788+01:00 INFO : Filtering template 30/96 segment 2/3
2026-09-06T17:42:58.826+01:00 INFO : 1 points above threshold
2026-09-06T17:42:58.836+01:00 INFO : Filtering template 30/96 segment 3/3
2026-09-06T17:42:58.874+01:00 INFO : 30: generating IMRPhenomD from 30.0 Hz
2026-09-06T17:42:58.878+01:00 INFO : Decompressing waveform using inline_linear
2026-09-06T17:42:58.887+01:00 INFO : Filtering template 31/96 segment 1/3
2026-09-06T17:42:58.934+01:00 INFO : Filtering template 31/96 segment 2/3
2026-09-06T17:42:58.981+01:00 INFO : 1 points above threshold
2026-09-06T17:42:59.010+01:00 INFO : Filtering template 31/96 segment 3/3
2026-09-06T17:42:59.048+01:00 INFO : 2 points above threshold
2026-09-06T17:42:59.058+01:00 INFO : 31: generating IMRPhenomD from 30.0 Hz
2026-09-06T17:42:59.062+01:00 INFO : Decompressing waveform using inline_linear
2026-09-06T17:42:59.071+01:00 INFO : Filtering template 32/96 segment 1/3
2026-09-06T17:42:59.115+01:00 INFO : Filtering template 32/96 segment 2/3
2026-09-06T17:42:59.153+01:00 INFO : 1 points above threshold
2026-09-06T17:42:59.181+01:00 INFO : Filtering template 32/96 segment 3/3
2026-09-06T17:42:59.219+01:00 INFO : 4 points above threshold
2026-09-06T17:42:59.229+01:00 INFO : 32: generating IMRPhenomD from 30.0 Hz
2026-09-06T17:42:59.233+01:00 INFO : Decompressing waveform using inline_linear
2026-09-06T17:42:59.243+01:00 INFO : Filtering template 33/96 segment 1/3
2026-09-06T17:42:59.286+01:00 INFO : 2 points above threshold
2026-09-06T17:42:59.315+01:00 INFO : Filtering template 33/96 segment 2/3
2026-09-06T17:42:59.353+01:00 INFO : Filtering template 33/96 segment 3/3
2026-09-06T17:42:59.391+01:00 INFO : 1 points above threshold
2026-09-06T17:42:59.402+01:00 INFO : 33: generating IMRPhenomD from 30.0 Hz
2026-09-06T17:42:59.406+01:00 INFO : Decompressing waveform using inline_linear
2026-09-06T17:42:59.415+01:00 INFO : Filtering template 34/96 segment 1/3
2026-09-06T17:42:59.459+01:00 INFO : 1 points above threshold
2026-09-06T17:42:59.487+01:00 INFO : Filtering template 34/96 segment 2/3
2026-09-06T17:42:59.525+01:00 INFO : 1 points above threshold
2026-09-06T17:42:59.535+01:00 INFO : Filtering template 34/96 segment 3/3
2026-09-06T17:42:59.573+01:00 INFO : 1 points above threshold
2026-09-06T17:42:59.583+01:00 INFO : 34: generating IMRPhenomD from 30.0 Hz
2026-09-06T17:42:59.587+01:00 INFO : Decompressing waveform using inline_linear
2026-09-06T17:42:59.596+01:00 INFO : Filtering template 35/96 segment 1/3
2026-09-06T17:42:59.640+01:00 INFO : 2 points above threshold
2026-09-06T17:42:59.667+01:00 INFO : Filtering template 35/96 segment 2/3
2026-09-06T17:42:59.705+01:00 INFO : 1 points above threshold
2026-09-06T17:42:59.715+01:00 INFO : Filtering template 35/96 segment 3/3
2026-09-06T17:42:59.753+01:00 INFO : 35: generating IMRPhenomD from 30.0 Hz
2026-09-06T17:42:59.757+01:00 INFO : Decompressing waveform using inline_linear
2026-09-06T17:42:59.767+01:00 INFO : Filtering template 36/96 segment 1/3
2026-09-06T17:42:59.810+01:00 INFO : 4 points above threshold
2026-09-06T17:42:59.838+01:00 INFO : Filtering template 36/96 segment 2/3
2026-09-06T17:42:59.876+01:00 INFO : 2 points above threshold
2026-09-06T17:42:59.886+01:00 INFO : Filtering template 36/96 segment 3/3
2026-09-06T17:42:59.924+01:00 INFO : 1 points above threshold
2026-09-06T17:42:59.934+01:00 INFO : 36: generating IMRPhenomD from 30.0 Hz
2026-09-06T17:42:59.938+01:00 INFO : Decompressing waveform using inline_linear
2026-09-06T17:42:59.947+01:00 INFO : Filtering template 37/96 segment 1/3
2026-09-06T17:42:59.991+01:00 INFO : 5 points above threshold
2026-09-06T17:43:00.023+01:00 INFO : Filtering template 37/96 segment 2/3
2026-09-06T17:43:00.061+01:00 INFO : 1 points above threshold
2026-09-06T17:43:00.071+01:00 INFO : Filtering template 37/96 segment 3/3
2026-09-06T17:43:00.109+01:00 INFO : 3 points above threshold
2026-09-06T17:43:00.123+01:00 INFO : 37: generating IMRPhenomD from 30.0 Hz
2026-09-06T17:43:00.127+01:00 INFO : Decompressing waveform using inline_linear
2026-09-06T17:43:00.136+01:00 INFO : Filtering template 38/96 segment 1/3
2026-09-06T17:43:00.180+01:00 INFO : Filtering template 38/96 segment 2/3
2026-09-06T17:43:00.218+01:00 INFO : 1 points above threshold
2026-09-06T17:43:00.246+01:00 INFO : Filtering template 38/96 segment 3/3
2026-09-06T17:43:00.284+01:00 INFO : 2 points above threshold
2026-09-06T17:43:00.294+01:00 INFO : 38: generating IMRPhenomD from 30.0 Hz
2026-09-06T17:43:00.298+01:00 INFO : Decompressing waveform using inline_linear
2026-09-06T17:43:00.307+01:00 INFO : Filtering template 39/96 segment 1/3
2026-09-06T17:43:00.351+01:00 INFO : Filtering template 39/96 segment 2/3
2026-09-06T17:43:00.389+01:00 INFO : 3 points above threshold
2026-09-06T17:43:00.420+01:00 INFO : Filtering template 39/96 segment 3/3
2026-09-06T17:43:00.458+01:00 INFO : 1 points above threshold
2026-09-06T17:43:00.468+01:00 INFO : 39: generating IMRPhenomD from 30.0 Hz
2026-09-06T17:43:00.472+01:00 INFO : Decompressing waveform using inline_linear
2026-09-06T17:43:00.482+01:00 INFO : Filtering template 40/96 segment 1/3
2026-09-06T17:43:00.525+01:00 INFO : Filtering template 40/96 segment 2/3
2026-09-06T17:43:00.563+01:00 INFO : 1 points above threshold
2026-09-06T17:43:00.591+01:00 INFO : Filtering template 40/96 segment 3/3
2026-09-06T17:43:00.629+01:00 INFO : 1 points above threshold
2026-09-06T17:43:00.639+01:00 INFO : 40: generating IMRPhenomD from 30.0 Hz
2026-09-06T17:43:00.643+01:00 INFO : Decompressing waveform using inline_linear
2026-09-06T17:43:00.652+01:00 INFO : Filtering template 41/96 segment 1/3
2026-09-06T17:43:00.696+01:00 INFO : Filtering template 41/96 segment 2/3
2026-09-06T17:43:00.734+01:00 INFO : 4 points above threshold
2026-09-06T17:43:00.762+01:00 INFO : Filtering template 41/96 segment 3/3
2026-09-06T17:43:00.800+01:00 INFO : 41: generating IMRPhenomD from 30.0 Hz
2026-09-06T17:43:00.804+01:00 INFO : Decompressing waveform using inline_linear
2026-09-06T17:43:00.813+01:00 INFO : Filtering template 42/96 segment 1/3
2026-09-06T17:43:00.857+01:00 INFO : Filtering template 42/96 segment 2/3
2026-09-06T17:43:00.895+01:00 INFO : 2 points above threshold
2026-09-06T17:43:00.923+01:00 INFO : Filtering template 42/96 segment 3/3
2026-09-06T17:43:00.961+01:00 INFO : 2 points above threshold
2026-09-06T17:43:00.972+01:00 INFO : 42: generating IMRPhenomD from 30.0 Hz
2026-09-06T17:43:00.976+01:00 INFO : Decompressing waveform using inline_linear
2026-09-06T17:43:00.985+01:00 INFO : Filtering template 43/96 segment 1/3
2026-09-06T17:43:01.029+01:00 INFO : 2 points above threshold
2026-09-06T17:43:01.056+01:00 INFO : Filtering template 43/96 segment 2/3
2026-09-06T17:43:01.094+01:00 INFO : 2 points above threshold
2026-09-06T17:43:01.104+01:00 INFO : Filtering template 43/96 segment 3/3
2026-09-06T17:43:01.142+01:00 INFO : 43: generating IMRPhenomD from 30.0 Hz
2026-09-06T17:43:01.147+01:00 INFO : Decompressing waveform using inline_linear
2026-09-06T17:43:01.156+01:00 INFO : Filtering template 44/96 segment 1/3
2026-09-06T17:43:01.200+01:00 INFO : 1 points above threshold
2026-09-06T17:43:01.228+01:00 INFO : Filtering template 44/96 segment 2/3
2026-09-06T17:43:01.266+01:00 INFO : 1 points above threshold
2026-09-06T17:43:01.276+01:00 INFO : Filtering template 44/96 segment 3/3
2026-09-06T17:43:01.314+01:00 INFO : 44: generating IMRPhenomD from 30.0 Hz
2026-09-06T17:43:01.319+01:00 INFO : Decompressing waveform using inline_linear
2026-09-06T17:43:01.328+01:00 INFO : Filtering template 45/96 segment 1/3
2026-09-06T17:43:01.371+01:00 INFO : 3 points above threshold
2026-09-06T17:43:01.403+01:00 INFO : Filtering template 45/96 segment 2/3
2026-09-06T17:43:01.441+01:00 INFO : 1 points above threshold
2026-09-06T17:43:01.451+01:00 INFO : Filtering template 45/96 segment 3/3
2026-09-06T17:43:01.489+01:00 INFO : 45: generating IMRPhenomD from 30.0 Hz
2026-09-06T17:43:01.493+01:00 INFO : Decompressing waveform using inline_linear
2026-09-06T17:43:01.502+01:00 INFO : Filtering template 46/96 segment 1/3
2026-09-06T17:43:01.546+01:00 INFO : Filtering template 46/96 segment 2/3
2026-09-06T17:43:01.584+01:00 INFO : 1 points above threshold
2026-09-06T17:43:01.612+01:00 INFO : Filtering template 46/96 segment 3/3
2026-09-06T17:43:01.650+01:00 INFO : 4 points above threshold
2026-09-06T17:43:01.661+01:00 INFO : 46: generating IMRPhenomD from 30.0 Hz
2026-09-06T17:43:01.665+01:00 INFO : Decompressing waveform using inline_linear
2026-09-06T17:43:01.674+01:00 INFO : Filtering template 47/96 segment 1/3
2026-09-06T17:43:01.718+01:00 INFO : 3 points above threshold
2026-09-06T17:43:01.749+01:00 INFO : Filtering template 47/96 segment 2/3
2026-09-06T17:43:01.787+01:00 INFO : 3 points above threshold
2026-09-06T17:43:01.802+01:00 INFO : Filtering template 47/96 segment 3/3
2026-09-06T17:43:01.840+01:00 INFO : 1 points above threshold
2026-09-06T17:43:01.850+01:00 INFO : 47: generating IMRPhenomD from 30.0 Hz
2026-09-06T17:43:01.855+01:00 INFO : Decompressing waveform using inline_linear
2026-09-06T17:43:01.864+01:00 INFO : Filtering template 48/96 segment 1/3
2026-09-06T17:43:01.908+01:00 INFO : 4 points above threshold
2026-09-06T17:43:01.935+01:00 INFO : Filtering template 48/96 segment 2/3
2026-09-06T17:43:01.974+01:00 INFO : 2 points above threshold
2026-09-06T17:43:01.983+01:00 INFO : Filtering template 48/96 segment 3/3
2026-09-06T17:43:02.021+01:00 INFO : 2 points above threshold
2026-09-06T17:43:02.032+01:00 INFO : 48: generating IMRPhenomD from 30.0 Hz
2026-09-06T17:43:02.036+01:00 INFO : Decompressing waveform using inline_linear
2026-09-06T17:43:02.045+01:00 INFO : Filtering template 49/96 segment 1/3
2026-09-06T17:43:02.089+01:00 INFO : 1 points above threshold
2026-09-06T17:43:02.116+01:00 INFO : Filtering template 49/96 segment 2/3
2026-09-06T17:43:02.154+01:00 INFO : 3 points above threshold
2026-09-06T17:43:02.168+01:00 INFO : Filtering template 49/96 segment 3/3
2026-09-06T17:43:02.206+01:00 INFO : 49: generating IMRPhenomD from 30.0 Hz
2026-09-06T17:43:02.210+01:00 INFO : Decompressing waveform using inline_linear
2026-09-06T17:43:02.219+01:00 INFO : Filtering template 50/96 segment 1/3
2026-09-06T17:43:02.263+01:00 INFO : 1 points above threshold
2026-09-06T17:43:02.292+01:00 INFO : Filtering template 50/96 segment 2/3
2026-09-06T17:43:02.330+01:00 INFO : 6 points above threshold
2026-09-06T17:43:02.345+01:00 INFO : Filtering template 50/96 segment 3/3
2026-09-06T17:43:02.383+01:00 INFO : 1 points above threshold
2026-09-06T17:43:02.393+01:00 INFO : 50: generating IMRPhenomD from 30.0 Hz
2026-09-06T17:43:02.397+01:00 INFO : Decompressing waveform using inline_linear
2026-09-06T17:43:02.406+01:00 INFO : Filtering template 51/96 segment 1/3
2026-09-06T17:43:02.450+01:00 INFO : 2 points above threshold
2026-09-06T17:43:02.477+01:00 INFO : Filtering template 51/96 segment 2/3
2026-09-06T17:43:02.516+01:00 INFO : 1 points above threshold
2026-09-06T17:43:02.526+01:00 INFO : Filtering template 51/96 segment 3/3
2026-09-06T17:43:02.564+01:00 INFO : 2 points above threshold
2026-09-06T17:43:02.574+01:00 INFO : 51: generating IMRPhenomD from 30.0 Hz
2026-09-06T17:43:02.592+01:00 INFO : Decompressing waveform using inline_linear
2026-09-06T17:43:02.601+01:00 INFO : Filtering template 52/96 segment 1/3
2026-09-06T17:43:02.646+01:00 INFO : 1 points above threshold
2026-09-06T17:43:02.678+01:00 INFO : Filtering template 52/96 segment 2/3
2026-09-06T17:43:02.716+01:00 INFO : 2 points above threshold
2026-09-06T17:43:02.726+01:00 INFO : Filtering template 52/96 segment 3/3
2026-09-06T17:43:02.764+01:00 INFO : 3 points above threshold
2026-09-06T17:43:02.778+01:00 INFO : 52: generating IMRPhenomD from 30.0 Hz
2026-09-06T17:43:02.782+01:00 INFO : Decompressing waveform using inline_linear
2026-09-06T17:43:02.791+01:00 INFO : Filtering template 53/96 segment 1/3
2026-09-06T17:43:02.835+01:00 INFO : 4 points above threshold
2026-09-06T17:43:02.863+01:00 INFO : Filtering template 53/96 segment 2/3
2026-09-06T17:43:02.901+01:00 INFO : 3 points above threshold
2026-09-06T17:43:02.914+01:00 INFO : Filtering template 53/96 segment 3/3
2026-09-06T17:43:02.952+01:00 INFO : 2 points above threshold
2026-09-06T17:43:02.962+01:00 INFO : 53: generating IMRPhenomD from 30.0 Hz
2026-09-06T17:43:02.967+01:00 INFO : Decompressing waveform using inline_linear
2026-09-06T17:43:02.976+01:00 INFO : Filtering template 54/96 segment 1/3
2026-09-06T17:43:03.020+01:00 INFO : Filtering template 54/96 segment 2/3
2026-09-06T17:43:03.058+01:00 INFO : 4 points above threshold
2026-09-06T17:43:03.086+01:00 INFO : Filtering template 54/96 segment 3/3
2026-09-06T17:43:03.124+01:00 INFO : 3 points above threshold
2026-09-06T17:43:03.138+01:00 INFO : 54: generating IMRPhenomD from 30.0 Hz
2026-09-06T17:43:03.142+01:00 INFO : Decompressing waveform using inline_linear
2026-09-06T17:43:03.151+01:00 INFO : Filtering template 55/96 segment 1/3
2026-09-06T17:43:03.194+01:00 INFO : 1 points above threshold
2026-09-06T17:43:03.222+01:00 INFO : Filtering template 55/96 segment 2/3
2026-09-06T17:43:03.261+01:00 INFO : 3 points above threshold
2026-09-06T17:43:03.274+01:00 INFO : Filtering template 55/96 segment 3/3
2026-09-06T17:43:03.312+01:00 INFO : 2 points above threshold
2026-09-06T17:43:03.322+01:00 INFO : 55: generating IMRPhenomD from 30.0 Hz
2026-09-06T17:43:03.326+01:00 INFO : Decompressing waveform using inline_linear
2026-09-06T17:43:03.336+01:00 INFO : Filtering template 56/96 segment 1/3
2026-09-06T17:43:03.379+01:00 INFO : 2 points above threshold
2026-09-06T17:43:03.407+01:00 INFO : Filtering template 56/96 segment 2/3
2026-09-06T17:43:03.445+01:00 INFO : 4 points above threshold
2026-09-06T17:43:03.455+01:00 INFO : Filtering template 56/96 segment 3/3
2026-09-06T17:43:03.493+01:00 INFO : 1 points above threshold
2026-09-06T17:43:03.503+01:00 INFO : 56: generating IMRPhenomD from 30.0 Hz
2026-09-06T17:43:03.507+01:00 INFO : Decompressing waveform using inline_linear
2026-09-06T17:43:03.516+01:00 INFO : Filtering template 57/96 segment 1/3
2026-09-06T17:43:03.560+01:00 INFO : 2 points above threshold
2026-09-06T17:43:03.587+01:00 INFO : Filtering template 57/96 segment 2/3
2026-09-06T17:43:03.625+01:00 INFO : 4 points above threshold
2026-09-06T17:43:03.635+01:00 INFO : Filtering template 57/96 segment 3/3
2026-09-06T17:43:03.674+01:00 INFO : 1 points above threshold
2026-09-06T17:43:03.684+01:00 INFO : 57: generating IMRPhenomD from 30.0 Hz
2026-09-06T17:43:03.688+01:00 INFO : Decompressing waveform using inline_linear
2026-09-06T17:43:03.697+01:00 INFO : Filtering template 58/96 segment 1/3
2026-09-06T17:43:03.741+01:00 INFO : 1 points above threshold
2026-09-06T17:43:03.770+01:00 INFO : Filtering template 58/96 segment 2/3
2026-09-06T17:43:03.808+01:00 INFO : 3 points above threshold
2026-09-06T17:43:03.821+01:00 INFO : Filtering template 58/96 segment 3/3
2026-09-06T17:43:03.859+01:00 INFO : 2 points above threshold
2026-09-06T17:43:03.869+01:00 INFO : 58: generating IMRPhenomD from 30.0 Hz
2026-09-06T17:43:03.873+01:00 INFO : Decompressing waveform using inline_linear
2026-09-06T17:43:03.883+01:00 INFO : Filtering template 59/96 segment 1/3
2026-09-06T17:43:03.926+01:00 INFO : 2 points above threshold
2026-09-06T17:43:03.954+01:00 INFO : Filtering template 59/96 segment 2/3
2026-09-06T17:43:03.992+01:00 INFO : 3 points above threshold
2026-09-06T17:43:04.007+01:00 INFO : Filtering template 59/96 segment 3/3
2026-09-06T17:43:04.048+01:00 INFO : 1 points above threshold
2026-09-06T17:43:04.058+01:00 INFO : 59: generating IMRPhenomD from 30.0 Hz
2026-09-06T17:43:04.063+01:00 INFO : Decompressing waveform using inline_linear
2026-09-06T17:43:04.072+01:00 INFO : Filtering template 60/96 segment 1/3
2026-09-06T17:43:04.119+01:00 INFO : Filtering template 60/96 segment 2/3
2026-09-06T17:43:04.157+01:00 INFO : 1 points above threshold
2026-09-06T17:43:04.185+01:00 INFO : Filtering template 60/96 segment 3/3
2026-09-06T17:43:04.223+01:00 INFO : 2 points above threshold
2026-09-06T17:43:04.233+01:00 INFO : 60: generating IMRPhenomD from 30.0 Hz
2026-09-06T17:43:04.237+01:00 INFO : Decompressing waveform using inline_linear
2026-09-06T17:43:04.246+01:00 INFO : Filtering template 61/96 segment 1/3
2026-09-06T17:43:04.289+01:00 INFO : 1 points above threshold
2026-09-06T17:43:04.317+01:00 INFO : Filtering template 61/96 segment 2/3
2026-09-06T17:43:04.355+01:00 INFO : 2 points above threshold
2026-09-06T17:43:04.365+01:00 INFO : Filtering template 61/96 segment 3/3
2026-09-06T17:43:04.403+01:00 INFO : 1 points above threshold
2026-09-06T17:43:04.413+01:00 INFO : 61: generating IMRPhenomD from 30.0 Hz
2026-09-06T17:43:04.417+01:00 INFO : Decompressing waveform using inline_linear
2026-09-06T17:43:04.426+01:00 INFO : Filtering template 62/96 segment 1/3
2026-09-06T17:43:04.470+01:00 INFO : 2 points above threshold
2026-09-06T17:43:04.498+01:00 INFO : Filtering template 62/96 segment 2/3
2026-09-06T17:43:04.536+01:00 INFO : 1 points above threshold
2026-09-06T17:43:04.546+01:00 INFO : Filtering template 62/96 segment 3/3
2026-09-06T17:43:04.584+01:00 INFO : 4 points above threshold
2026-09-06T17:43:04.594+01:00 INFO : 62: generating IMRPhenomD from 30.0 Hz
2026-09-06T17:43:04.598+01:00 INFO : Decompressing waveform using inline_linear
2026-09-06T17:43:04.607+01:00 INFO : Filtering template 63/96 segment 1/3
2026-09-06T17:43:04.651+01:00 INFO : 1 points above threshold
2026-09-06T17:43:04.678+01:00 INFO : Filtering template 63/96 segment 2/3
2026-09-06T17:43:04.717+01:00 INFO : 3 points above threshold
2026-09-06T17:43:04.730+01:00 INFO : Filtering template 63/96 segment 3/3
2026-09-06T17:43:04.768+01:00 INFO : 2 points above threshold
2026-09-06T17:43:04.778+01:00 INFO : 63: generating IMRPhenomD from 30.0 Hz
2026-09-06T17:43:04.782+01:00 INFO : Decompressing waveform using inline_linear
2026-09-06T17:43:04.791+01:00 INFO : Filtering template 64/96 segment 1/3
2026-09-06T17:43:04.835+01:00 INFO : 2 points above threshold
2026-09-06T17:43:04.863+01:00 INFO : Filtering template 64/96 segment 2/3
2026-09-06T17:43:04.901+01:00 INFO : 1 points above threshold
2026-09-06T17:43:04.911+01:00 INFO : Filtering template 64/96 segment 3/3
2026-09-06T17:43:04.949+01:00 INFO : 64: generating IMRPhenomD from 30.0 Hz
2026-09-06T17:43:04.953+01:00 INFO : Decompressing waveform using inline_linear
2026-09-06T17:43:04.962+01:00 INFO : Filtering template 65/96 segment 1/3
2026-09-06T17:43:05.006+01:00 INFO : 3 points above threshold
2026-09-06T17:43:05.037+01:00 INFO : Filtering template 65/96 segment 2/3
2026-09-06T17:43:05.075+01:00 INFO : 3 points above threshold
2026-09-06T17:43:05.089+01:00 INFO : Filtering template 65/96 segment 3/3
2026-09-06T17:43:05.127+01:00 INFO : 1 points above threshold
2026-09-06T17:43:05.137+01:00 INFO : 65: generating IMRPhenomD from 30.0 Hz
2026-09-06T17:43:05.141+01:00 INFO : Decompressing waveform using inline_linear
2026-09-06T17:43:05.150+01:00 INFO : Filtering template 66/96 segment 1/3
2026-09-06T17:43:05.194+01:00 INFO : 2 points above threshold
2026-09-06T17:43:05.221+01:00 INFO : Filtering template 66/96 segment 2/3
2026-09-06T17:43:05.260+01:00 INFO : 2 points above threshold
2026-09-06T17:43:05.269+01:00 INFO : Filtering template 66/96 segment 3/3
2026-09-06T17:43:05.308+01:00 INFO : 1 points above threshold
2026-09-06T17:43:05.318+01:00 INFO : 66: generating IMRPhenomD from 30.0 Hz
2026-09-06T17:43:05.322+01:00 INFO : Decompressing waveform using inline_linear
2026-09-06T17:43:05.331+01:00 INFO : Filtering template 67/96 segment 1/3
2026-09-06T17:43:05.374+01:00 INFO : 3 points above threshold
2026-09-06T17:43:05.406+01:00 INFO : Filtering template 67/96 segment 2/3
2026-09-06T17:43:05.444+01:00 INFO : 1 points above threshold
2026-09-06T17:43:05.454+01:00 INFO : Filtering template 67/96 segment 3/3
2026-09-06T17:43:05.492+01:00 INFO : 67: generating IMRPhenomD from 30.0 Hz
2026-09-06T17:43:05.496+01:00 INFO : Decompressing waveform using inline_linear
2026-09-06T17:43:05.505+01:00 INFO : Filtering template 68/96 segment 1/3
2026-09-06T17:43:05.549+01:00 INFO : 2 points above threshold
2026-09-06T17:43:05.576+01:00 INFO : Filtering template 68/96 segment 2/3
2026-09-06T17:43:05.615+01:00 INFO : 1 points above threshold
2026-09-06T17:43:05.625+01:00 INFO : Filtering template 68/96 segment 3/3
2026-09-06T17:43:05.663+01:00 INFO : 2 points above threshold
2026-09-06T17:43:05.673+01:00 INFO : 68: generating IMRPhenomD from 30.0 Hz
2026-09-06T17:43:05.677+01:00 INFO : Decompressing waveform using inline_linear
2026-09-06T17:43:05.686+01:00 INFO : Filtering template 69/96 segment 1/3
2026-09-06T17:43:05.729+01:00 INFO : Filtering template 69/96 segment 2/3
2026-09-06T17:43:05.767+01:00 INFO : 1 points above threshold
2026-09-06T17:43:05.795+01:00 INFO : Filtering template 69/96 segment 3/3
2026-09-06T17:43:05.833+01:00 INFO : 2 points above threshold
2026-09-06T17:43:05.843+01:00 INFO : 69: generating IMRPhenomD from 30.0 Hz
2026-09-06T17:43:05.847+01:00 INFO : Decompressing waveform using inline_linear
2026-09-06T17:43:05.856+01:00 INFO : Filtering template 70/96 segment 1/3
2026-09-06T17:43:05.900+01:00 INFO : 4 points above threshold
2026-09-06T17:43:05.928+01:00 INFO : Filtering template 70/96 segment 2/3
2026-09-06T17:43:05.966+01:00 INFO : Filtering template 70/96 segment 3/3
2026-09-06T17:43:06.004+01:00 INFO : 4 points above threshold
2026-09-06T17:43:06.016+01:00 INFO : 70: generating IMRPhenomD from 30.0 Hz
2026-09-06T17:43:06.020+01:00 INFO : Decompressing waveform using inline_linear
2026-09-06T17:43:06.029+01:00 INFO : Filtering template 71/96 segment 1/3
2026-09-06T17:43:06.073+01:00 INFO : Filtering template 71/96 segment 2/3
2026-09-06T17:43:06.111+01:00 INFO : 2 points above threshold
2026-09-06T17:43:06.139+01:00 INFO : Filtering template 71/96 segment 3/3
2026-09-06T17:43:06.177+01:00 INFO : 4 points above threshold
2026-09-06T17:43:06.187+01:00 INFO : 71: generating IMRPhenomD from 30.0 Hz
2026-09-06T17:43:06.191+01:00 INFO : Decompressing waveform using inline_linear
2026-09-06T17:43:06.200+01:00 INFO : Filtering template 72/96 segment 1/3
2026-09-06T17:43:06.244+01:00 INFO : 2 points above threshold
2026-09-06T17:43:06.271+01:00 INFO : Filtering template 72/96 segment 2/3
2026-09-06T17:43:06.310+01:00 INFO : 3 points above threshold
2026-09-06T17:43:06.324+01:00 INFO : Filtering template 72/96 segment 3/3
2026-09-06T17:43:06.362+01:00 INFO : 6 points above threshold
2026-09-06T17:43:06.377+01:00 INFO : 72: generating IMRPhenomD from 30.0 Hz
2026-09-06T17:43:06.382+01:00 INFO : Decompressing waveform using inline_linear
2026-09-06T17:43:06.391+01:00 INFO : Filtering template 73/96 segment 1/3
2026-09-06T17:43:06.434+01:00 INFO : 1 points above threshold
2026-09-06T17:43:06.462+01:00 INFO : Filtering template 73/96 segment 2/3
2026-09-06T17:43:06.500+01:00 INFO : 1 points above threshold
2026-09-06T17:43:06.510+01:00 INFO : Filtering template 73/96 segment 3/3
2026-09-06T17:43:06.548+01:00 INFO : 1 points above threshold
2026-09-06T17:43:06.558+01:00 INFO : 73: generating IMRPhenomD from 30.0 Hz
2026-09-06T17:43:06.562+01:00 INFO : Decompressing waveform using inline_linear
2026-09-06T17:43:06.572+01:00 INFO : Filtering template 74/96 segment 1/3
2026-09-06T17:43:06.615+01:00 INFO : 2 points above threshold
2026-09-06T17:43:06.643+01:00 INFO : Filtering template 74/96 segment 2/3
2026-09-06T17:43:06.681+01:00 INFO : 3 points above threshold
2026-09-06T17:43:06.695+01:00 INFO : Filtering template 74/96 segment 3/3
2026-09-06T17:43:06.733+01:00 INFO : 1 points above threshold
2026-09-06T17:43:06.743+01:00 INFO : 74: generating IMRPhenomD from 30.0 Hz
2026-09-06T17:43:06.747+01:00 INFO : Decompressing waveform using inline_linear
2026-09-06T17:43:06.756+01:00 INFO : Filtering template 75/96 segment 1/3
2026-09-06T17:43:06.800+01:00 INFO : Filtering template 75/96 segment 2/3
2026-09-06T17:43:06.838+01:00 INFO : 3 points above threshold
2026-09-06T17:43:06.871+01:00 INFO : Filtering template 75/96 segment 3/3
2026-09-06T17:43:06.909+01:00 INFO : 2 points above threshold
2026-09-06T17:43:06.919+01:00 INFO : 75: generating IMRPhenomD from 30.0 Hz
2026-09-06T17:43:06.923+01:00 INFO : Decompressing waveform using inline_linear
2026-09-06T17:43:06.932+01:00 INFO : Filtering template 76/96 segment 1/3
2026-09-06T17:43:06.976+01:00 INFO : 1 points above threshold
2026-09-06T17:43:07.003+01:00 INFO : Filtering template 76/96 segment 2/3
2026-09-06T17:43:07.042+01:00 INFO : 1 points above threshold
2026-09-06T17:43:07.052+01:00 INFO : Filtering template 76/96 segment 3/3
2026-09-06T17:43:07.090+01:00 INFO : 2 points above threshold
2026-09-06T17:43:07.100+01:00 INFO : 76: generating IMRPhenomD from 30.0 Hz
2026-09-06T17:43:07.104+01:00 INFO : Decompressing waveform using inline_linear
2026-09-06T17:43:07.113+01:00 INFO : Filtering template 77/96 segment 1/3
2026-09-06T17:43:07.157+01:00 INFO : 1 points above threshold
2026-09-06T17:43:07.184+01:00 INFO : Filtering template 77/96 segment 2/3
2026-09-06T17:43:07.222+01:00 INFO : Filtering template 77/96 segment 3/3
2026-09-06T17:43:07.260+01:00 INFO : 1 points above threshold
2026-09-06T17:43:07.270+01:00 INFO : 77: generating IMRPhenomD from 30.0 Hz
2026-09-06T17:43:07.274+01:00 INFO : Decompressing waveform using inline_linear
2026-09-06T17:43:07.284+01:00 INFO : Filtering template 78/96 segment 1/3
2026-09-06T17:43:07.328+01:00 INFO : Filtering template 78/96 segment 2/3
2026-09-06T17:43:07.366+01:00 INFO : Filtering template 78/96 segment 3/3
2026-09-06T17:43:07.404+01:00 INFO : 1 points above threshold
2026-09-06T17:43:07.432+01:00 INFO : 78: generating IMRPhenomD from 30.0 Hz
2026-09-06T17:43:07.436+01:00 INFO : Decompressing waveform using inline_linear
2026-09-06T17:43:07.445+01:00 INFO : Filtering template 79/96 segment 1/3
2026-09-06T17:43:07.489+01:00 INFO : 2 points above threshold
2026-09-06T17:43:07.516+01:00 INFO : Filtering template 79/96 segment 2/3
2026-09-06T17:43:07.554+01:00 INFO : 1 points above threshold
2026-09-06T17:43:07.564+01:00 INFO : Filtering template 79/96 segment 3/3
2026-09-06T17:43:07.602+01:00 INFO : 4 points above threshold
2026-09-06T17:43:07.612+01:00 INFO : 79: generating IMRPhenomD from 30.0 Hz
2026-09-06T17:43:07.616+01:00 INFO : Decompressing waveform using inline_linear
2026-09-06T17:43:07.625+01:00 INFO : Filtering template 80/96 segment 1/3
2026-09-06T17:43:07.669+01:00 INFO : 3 points above threshold
2026-09-06T17:43:07.700+01:00 INFO : Filtering template 80/96 segment 2/3
2026-09-06T17:43:07.739+01:00 INFO : 1 points above threshold
2026-09-06T17:43:07.749+01:00 INFO : Filtering template 80/96 segment 3/3
2026-09-06T17:43:07.787+01:00 INFO : 1 points above threshold
2026-09-06T17:43:07.797+01:00 INFO : 80: generating IMRPhenomD from 30.0 Hz
2026-09-06T17:43:07.801+01:00 INFO : Decompressing waveform using inline_linear
2026-09-06T17:43:07.810+01:00 INFO : Filtering template 81/96 segment 1/3
2026-09-06T17:43:07.853+01:00 INFO : 2 points above threshold
2026-09-06T17:43:07.881+01:00 INFO : Filtering template 81/96 segment 2/3
2026-09-06T17:43:07.919+01:00 INFO : 2 points above threshold
2026-09-06T17:43:07.929+01:00 INFO : Filtering template 81/96 segment 3/3
2026-09-06T17:43:07.967+01:00 INFO : 1 points above threshold
2026-09-06T17:43:07.977+01:00 INFO : 81: generating IMRPhenomD from 30.0 Hz
2026-09-06T17:43:07.981+01:00 INFO : Decompressing waveform using inline_linear
2026-09-06T17:43:07.990+01:00 INFO : Filtering template 82/96 segment 1/3
2026-09-06T17:43:08.034+01:00 INFO : 1 points above threshold
2026-09-06T17:43:08.062+01:00 INFO : Filtering template 82/96 segment 2/3
2026-09-06T17:43:08.100+01:00 INFO : 2 points above threshold
2026-09-06T17:43:08.110+01:00 INFO : Filtering template 82/96 segment 3/3
2026-09-06T17:43:08.148+01:00 INFO : 82: generating IMRPhenomD from 30.0 Hz
2026-09-06T17:43:08.152+01:00 INFO : Decompressing waveform using inline_linear
2026-09-06T17:43:08.161+01:00 INFO : Filtering template 83/96 segment 1/3
2026-09-06T17:43:08.205+01:00 INFO : 2 points above threshold
2026-09-06T17:43:08.233+01:00 INFO : Filtering template 83/96 segment 2/3
2026-09-06T17:43:08.271+01:00 INFO : 5 points above threshold
2026-09-06T17:43:08.286+01:00 INFO : Filtering template 83/96 segment 3/3
2026-09-06T17:43:08.323+01:00 INFO : 4 points above threshold
2026-09-06T17:43:08.333+01:00 INFO : 83: generating IMRPhenomD from 30.0 Hz
2026-09-06T17:43:08.338+01:00 INFO : Decompressing waveform using inline_linear
2026-09-06T17:43:08.347+01:00 INFO : Filtering template 84/96 segment 1/3
2026-09-06T17:43:08.390+01:00 INFO : Filtering template 84/96 segment 2/3
2026-09-06T17:43:08.428+01:00 INFO : 2 points above threshold
2026-09-06T17:43:08.456+01:00 INFO : Filtering template 84/96 segment 3/3
2026-09-06T17:43:08.494+01:00 INFO : 2 points above threshold
2026-09-06T17:43:08.504+01:00 INFO : 84: generating IMRPhenomD from 30.0 Hz
2026-09-06T17:43:08.508+01:00 INFO : Decompressing waveform using inline_linear
2026-09-06T17:43:08.517+01:00 INFO : Filtering template 85/96 segment 1/3
2026-09-06T17:43:08.560+01:00 INFO : 2 points above threshold
2026-09-06T17:43:08.588+01:00 INFO : Filtering template 85/96 segment 2/3
2026-09-06T17:43:08.626+01:00 INFO : 3 points above threshold
2026-09-06T17:43:08.640+01:00 INFO : Filtering template 85/96 segment 3/3
2026-09-06T17:43:08.678+01:00 INFO : 4 points above threshold
2026-09-06T17:43:08.688+01:00 INFO : 85: generating IMRPhenomD from 30.0 Hz
2026-09-06T17:43:08.692+01:00 INFO : Decompressing waveform using inline_linear
2026-09-06T17:43:08.701+01:00 INFO : Filtering template 86/96 segment 1/3
2026-09-06T17:43:08.745+01:00 INFO : 3 points above threshold
2026-09-06T17:43:08.776+01:00 INFO : Filtering template 86/96 segment 2/3
2026-09-06T17:43:08.814+01:00 INFO : 2 points above threshold
2026-09-06T17:43:08.824+01:00 INFO : Filtering template 86/96 segment 3/3
2026-09-06T17:43:08.862+01:00 INFO : 2 points above threshold
2026-09-06T17:43:08.872+01:00 INFO : 86: generating IMRPhenomD from 30.0 Hz
2026-09-06T17:43:08.876+01:00 INFO : Decompressing waveform using inline_linear
2026-09-06T17:43:08.886+01:00 INFO : Filtering template 87/96 segment 1/3
2026-09-06T17:43:08.929+01:00 INFO : 1 points above threshold
2026-09-06T17:43:08.957+01:00 INFO : Filtering template 87/96 segment 2/3
2026-09-06T17:43:08.995+01:00 INFO : 3 points above threshold
2026-09-06T17:43:09.008+01:00 INFO : Filtering template 87/96 segment 3/3
2026-09-06T17:43:09.047+01:00 INFO : 2 points above threshold
2026-09-06T17:43:09.057+01:00 INFO : 87: generating IMRPhenomD from 30.0 Hz
2026-09-06T17:43:09.061+01:00 INFO : Decompressing waveform using inline_linear
2026-09-06T17:43:09.070+01:00 INFO : Filtering template 88/96 segment 1/3
2026-09-06T17:43:09.116+01:00 INFO : 2 points above threshold
2026-09-06T17:43:09.145+01:00 INFO : Filtering template 88/96 segment 2/3
2026-09-06T17:43:09.196+01:00 INFO : 1 points above threshold
2026-09-06T17:43:09.206+01:00 INFO : Filtering template 88/96 segment 3/3
2026-09-06T17:43:09.244+01:00 INFO : 2 points above threshold
2026-09-06T17:43:09.254+01:00 INFO : 88: generating IMRPhenomD from 30.0 Hz
2026-09-06T17:43:09.258+01:00 INFO : Decompressing waveform using inline_linear
2026-09-06T17:43:09.267+01:00 INFO : Filtering template 89/96 segment 1/3
2026-09-06T17:43:09.310+01:00 INFO : 2 points above threshold
2026-09-06T17:43:09.338+01:00 INFO : Filtering template 89/96 segment 2/3
2026-09-06T17:43:09.376+01:00 INFO : 3 points above threshold
2026-09-06T17:43:09.389+01:00 INFO : Filtering template 89/96 segment 3/3
2026-09-06T17:43:09.427+01:00 INFO : 1 points above threshold
2026-09-06T17:43:09.438+01:00 INFO : 89: generating IMRPhenomD from 30.0 Hz
2026-09-06T17:43:09.442+01:00 INFO : Decompressing waveform using inline_linear
2026-09-06T17:43:09.451+01:00 INFO : Filtering template 90/96 segment 1/3
2026-09-06T17:43:09.495+01:00 INFO : 1 points above threshold
2026-09-06T17:43:09.522+01:00 INFO : Filtering template 90/96 segment 2/3
2026-09-06T17:43:09.560+01:00 INFO : 3 points above threshold
2026-09-06T17:43:09.574+01:00 INFO : Filtering template 90/96 segment 3/3
2026-09-06T17:43:09.612+01:00 INFO : 1 points above threshold
2026-09-06T17:43:09.622+01:00 INFO : 90: generating IMRPhenomD from 30.0 Hz
2026-09-06T17:43:09.626+01:00 INFO : Decompressing waveform using inline_linear
2026-09-06T17:43:09.635+01:00 INFO : Filtering template 91/96 segment 1/3
2026-09-06T17:43:09.679+01:00 INFO : Filtering template 91/96 segment 2/3
2026-09-06T17:43:09.717+01:00 INFO : 5 points above threshold
2026-09-06T17:43:09.749+01:00 INFO : Filtering template 91/96 segment 3/3
2026-09-06T17:43:09.787+01:00 INFO : 1 points above threshold
2026-09-06T17:43:09.797+01:00 INFO : 91: generating IMRPhenomD from 30.0 Hz
2026-09-06T17:43:09.802+01:00 INFO : Decompressing waveform using inline_linear
2026-09-06T17:43:09.811+01:00 INFO : Filtering template 92/96 segment 1/3
2026-09-06T17:43:09.854+01:00 INFO : 2 points above threshold
2026-09-06T17:43:09.883+01:00 INFO : Filtering template 92/96 segment 2/3
2026-09-06T17:43:09.922+01:00 INFO : 4 points above threshold
2026-09-06T17:43:09.933+01:00 INFO : Filtering template 92/96 segment 3/3
2026-09-06T17:43:09.971+01:00 INFO : 92: generating IMRPhenomD from 30.0 Hz
2026-09-06T17:43:09.975+01:00 INFO : Decompressing waveform using inline_linear
2026-09-06T17:43:09.985+01:00 INFO : Filtering template 93/96 segment 1/3
2026-09-06T17:43:10.028+01:00 INFO : 2 points above threshold
2026-09-06T17:43:10.056+01:00 INFO : Filtering template 93/96 segment 2/3
2026-09-06T17:43:10.094+01:00 INFO : 5 points above threshold
2026-09-06T17:43:10.108+01:00 INFO : Filtering template 93/96 segment 3/3
2026-09-06T17:43:10.146+01:00 INFO : 1 points above threshold
2026-09-06T17:43:10.156+01:00 INFO : 93: generating IMRPhenomD from 30.0 Hz
2026-09-06T17:43:10.160+01:00 INFO : Decompressing waveform using inline_linear
2026-09-06T17:43:10.169+01:00 INFO : Filtering template 94/96 segment 1/3
2026-09-06T17:43:10.213+01:00 INFO : 2 points above threshold
2026-09-06T17:43:10.240+01:00 INFO : Filtering template 94/96 segment 2/3
2026-09-06T17:43:10.279+01:00 INFO : 5 points above threshold
2026-09-06T17:43:10.293+01:00 INFO : Filtering template 94/96 segment 3/3
2026-09-06T17:43:10.331+01:00 INFO : 2 points above threshold
2026-09-06T17:43:10.341+01:00 INFO : 94: generating IMRPhenomD from 30.0 Hz
2026-09-06T17:43:10.345+01:00 INFO : Decompressing waveform using inline_linear
2026-09-06T17:43:10.354+01:00 INFO : Filtering template 95/96 segment 1/3
2026-09-06T17:43:10.398+01:00 INFO : 3 points above threshold
2026-09-06T17:43:10.429+01:00 INFO : Filtering template 95/96 segment 2/3
2026-09-06T17:43:10.467+01:00 INFO : 4 points above threshold
2026-09-06T17:43:10.477+01:00 INFO : Filtering template 95/96 segment 3/3
2026-09-06T17:43:10.515+01:00 INFO : 1 points above threshold
2026-09-06T17:43:10.525+01:00 INFO : 95: generating IMRPhenomD from 30.0 Hz
2026-09-06T17:43:10.529+01:00 INFO : Decompressing waveform using inline_linear
2026-09-06T17:43:10.539+01:00 INFO : Filtering template 96/96 segment 1/3
2026-09-06T17:43:10.582+01:00 INFO : 2 points above threshold
2026-09-06T17:43:10.610+01:00 INFO : Filtering template 96/96 segment 2/3
2026-09-06T17:43:10.648+01:00 INFO : Filtering template 96/96 segment 3/3
2026-09-06T17:43:10.686+01:00 INFO : 1 points above threshold
2026-09-06T17:43:10.697+01:00 INFO : We currently have 527 triggers
2026-09-06T17:43:10.697+01:00 INFO : Removing triggers with NewSNR below threshold
2026-09-06T17:43:10.697+01:00 INFO : 475 remaining triggers
2026-09-06T17:43:10.697+01:00 INFO : Outputting 475 triggers
2026-09-06T17:43:10.697+01:00 INFO : Writing out triggers
2026-09-06T17:43:10.725+01:00 INFO : Finished
