2026-09-06T18:06:49.153+01:00 INFO : Running with CPU support: 1 threads
2026-09-06T18:06:49.153+01:00 INFO : Reading Frames
2026-09-06T18:06:55.860+01:00 INFO : Highpass Filtering
2026-09-06T18:06:56.313+01:00 INFO : Resampling data
2026-09-06T18:06:56.325+01:00 INFO : Converting to float32
/home/xangma/pycbc-torch-inspiral-reference-20260906/source/pycbc/types/array.py:872: RuntimeWarning: divide by zero encountered in divide
  return self._data.__rtruediv__(other)
2026-09-06T18:07:01.422+01:00 INFO : Highpass Filtering
2026-09-06T18:07:01.920+01:00 INFO : Remove Padding
2026-09-06T18:07:01.945+01:00 INFO : Making frequency-domain data segments
/home/xangma/pycbc-torch-inspiral-reference-20260906/source/pycbc/types/array.py:872: RuntimeWarning: divide by zero encountered in divide
  return self._data.__rtruediv__(other)
2026-09-06T18:07:03.647+01:00 INFO : Overwhitening frequency-domain data segments
2026-09-06T18:07:03.667+01:00 INFO : Read in template bank
2026-09-06T18:07:03.677+01:00 INFO : Full template bank size: 96
2026-09-06T18:07:03.677+01:00 INFO : Template bank size after thinning: 96
2026-09-06T18:07:03.677+01:00 INFO : 0: generating IMRPhenomD from 30.0 Hz
2026-09-06T18:07:03.680+01:00 INFO : Decompressing waveform using inline_linear
2026-09-06T18:07:03.686+01:00 INFO : Filtering template 1/96 segment 1/5
2026-09-06T18:07:03.713+01:00 INFO : 1 points above threshold
2026-09-06T18:07:03.732+01:00 INFO : Filtering template 1/96 segment 2/5
2026-09-06T18:07:03.750+01:00 INFO : Filtering template 1/96 segment 3/5
2026-09-06T18:07:03.768+01:00 INFO : 1 points above threshold
2026-09-06T18:07:03.773+01:00 INFO : Filtering template 1/96 segment 4/5
2026-09-06T18:07:03.791+01:00 INFO : Filtering template 1/96 segment 5/5
2026-09-06T18:07:03.809+01:00 INFO : 1 points above threshold
2026-09-06T18:07:03.814+01:00 INFO : 1: generating IMRPhenomD from 30.0 Hz
2026-09-06T18:07:03.817+01:00 INFO : Decompressing waveform using inline_linear
2026-09-06T18:07:03.822+01:00 INFO : Filtering template 2/96 segment 1/5
2026-09-06T18:07:03.842+01:00 INFO : 1 points above threshold
2026-09-06T18:07:03.858+01:00 INFO : Filtering template 2/96 segment 2/5
2026-09-06T18:07:03.876+01:00 INFO : 1 points above threshold
2026-09-06T18:07:03.881+01:00 INFO : Filtering template 2/96 segment 3/5
2026-09-06T18:07:03.899+01:00 INFO : 2 points above threshold
2026-09-06T18:07:03.904+01:00 INFO : Filtering template 2/96 segment 4/5
2026-09-06T18:07:03.922+01:00 INFO : Filtering template 2/96 segment 5/5
2026-09-06T18:07:03.940+01:00 INFO : 1 points above threshold
2026-09-06T18:07:03.945+01:00 INFO : 2: generating IMRPhenomD from 30.0 Hz
2026-09-06T18:07:03.948+01:00 INFO : Decompressing waveform using inline_linear
2026-09-06T18:07:03.953+01:00 INFO : Filtering template 3/96 segment 1/5
2026-09-06T18:07:03.973+01:00 INFO : 3 points above threshold
2026-09-06T18:07:03.989+01:00 INFO : Filtering template 3/96 segment 2/5
2026-09-06T18:07:04.007+01:00 INFO : Filtering template 3/96 segment 3/5
2026-09-06T18:07:04.025+01:00 INFO : 1 points above threshold
2026-09-06T18:07:04.030+01:00 INFO : Filtering template 3/96 segment 4/5
2026-09-06T18:07:04.048+01:00 INFO : 1 points above threshold
2026-09-06T18:07:04.053+01:00 INFO : Filtering template 3/96 segment 5/5
2026-09-06T18:07:04.071+01:00 INFO : 3: generating IMRPhenomD from 30.0 Hz
2026-09-06T18:07:04.074+01:00 INFO : Decompressing waveform using inline_linear
2026-09-06T18:07:04.079+01:00 INFO : Filtering template 4/96 segment 1/5
2026-09-06T18:07:04.099+01:00 INFO : 1 points above threshold
2026-09-06T18:07:04.113+01:00 INFO : Filtering template 4/96 segment 2/5
2026-09-06T18:07:04.131+01:00 INFO : 1 points above threshold
2026-09-06T18:07:04.136+01:00 INFO : Filtering template 4/96 segment 3/5
2026-09-06T18:07:04.154+01:00 INFO : 2 points above threshold
2026-09-06T18:07:04.159+01:00 INFO : Filtering template 4/96 segment 4/5
2026-09-06T18:07:04.177+01:00 INFO : 2 points above threshold
2026-09-06T18:07:04.182+01:00 INFO : Filtering template 4/96 segment 5/5
2026-09-06T18:07:04.200+01:00 INFO : 2 points above threshold
2026-09-06T18:07:04.205+01:00 INFO : 4: generating IMRPhenomD from 30.0 Hz
2026-09-06T18:07:04.208+01:00 INFO : Decompressing waveform using inline_linear
2026-09-06T18:07:04.213+01:00 INFO : Filtering template 5/96 segment 1/5
2026-09-06T18:07:04.233+01:00 INFO : 1 points above threshold
2026-09-06T18:07:04.247+01:00 INFO : Filtering template 5/96 segment 2/5
2026-09-06T18:07:04.265+01:00 INFO : 2 points above threshold
2026-09-06T18:07:04.270+01:00 INFO : Filtering template 5/96 segment 3/5
2026-09-06T18:07:04.288+01:00 INFO : 2 points above threshold
2026-09-06T18:07:04.293+01:00 INFO : Filtering template 5/96 segment 4/5
2026-09-06T18:07:04.311+01:00 INFO : 2 points above threshold
2026-09-06T18:07:04.316+01:00 INFO : Filtering template 5/96 segment 5/5
2026-09-06T18:07:04.334+01:00 INFO : 5: generating IMRPhenomD from 30.0 Hz
2026-09-06T18:07:04.337+01:00 INFO : Decompressing waveform using inline_linear
2026-09-06T18:07:04.342+01:00 INFO : Filtering template 6/96 segment 1/5
2026-09-06T18:07:04.362+01:00 INFO : 1 points above threshold
2026-09-06T18:07:04.376+01:00 INFO : Filtering template 6/96 segment 2/5
2026-09-06T18:07:04.394+01:00 INFO : Filtering template 6/96 segment 3/5
2026-09-06T18:07:04.412+01:00 INFO : Filtering template 6/96 segment 4/5
2026-09-06T18:07:04.430+01:00 INFO : Filtering template 6/96 segment 5/5
2026-09-06T18:07:04.448+01:00 INFO : 1 points above threshold
2026-09-06T18:07:04.454+01:00 INFO : 6: generating IMRPhenomD from 30.0 Hz
2026-09-06T18:07:04.456+01:00 INFO : Decompressing waveform using inline_linear
2026-09-06T18:07:04.461+01:00 INFO : Filtering template 7/96 segment 1/5
2026-09-06T18:07:04.481+01:00 INFO : 2 points above threshold
2026-09-06T18:07:04.496+01:00 INFO : Filtering template 7/96 segment 2/5
2026-09-06T18:07:04.513+01:00 INFO : Filtering template 7/96 segment 3/5
2026-09-06T18:07:04.531+01:00 INFO : Filtering template 7/96 segment 4/5
2026-09-06T18:07:04.549+01:00 INFO : 1 points above threshold
2026-09-06T18:07:04.554+01:00 INFO : Filtering template 7/96 segment 5/5
2026-09-06T18:07:04.573+01:00 INFO : 7: generating IMRPhenomD from 30.0 Hz
2026-09-06T18:07:04.575+01:00 INFO : Decompressing waveform using inline_linear
2026-09-06T18:07:04.580+01:00 INFO : Filtering template 8/96 segment 1/5
2026-09-06T18:07:04.600+01:00 INFO : 2 points above threshold
2026-09-06T18:07:04.615+01:00 INFO : Filtering template 8/96 segment 2/5
2026-09-06T18:07:04.632+01:00 INFO : 1 points above threshold
2026-09-06T18:07:04.637+01:00 INFO : Filtering template 8/96 segment 3/5
2026-09-06T18:07:04.655+01:00 INFO : 4 points above threshold
2026-09-06T18:07:04.660+01:00 INFO : Filtering template 8/96 segment 4/5
2026-09-06T18:07:04.678+01:00 INFO : Filtering template 8/96 segment 5/5
2026-09-06T18:07:04.696+01:00 INFO : 8: generating IMRPhenomD from 30.0 Hz
2026-09-06T18:07:04.699+01:00 INFO : Decompressing waveform using inline_linear
2026-09-06T18:07:04.704+01:00 INFO : Filtering template 9/96 segment 1/5
2026-09-06T18:07:04.724+01:00 INFO : Filtering template 9/96 segment 2/5
2026-09-06T18:07:04.742+01:00 INFO : 1 points above threshold
2026-09-06T18:07:04.755+01:00 INFO : Filtering template 9/96 segment 3/5
2026-09-06T18:07:04.773+01:00 INFO : 2 points above threshold
2026-09-06T18:07:04.778+01:00 INFO : Filtering template 9/96 segment 4/5
2026-09-06T18:07:04.796+01:00 INFO : 1 points above threshold
2026-09-06T18:07:04.802+01:00 INFO : Filtering template 9/96 segment 5/5
2026-09-06T18:07:04.820+01:00 INFO : 3 points above threshold
2026-09-06T18:07:04.827+01:00 INFO : 9: generating IMRPhenomD from 30.0 Hz
2026-09-06T18:07:04.830+01:00 INFO : Decompressing waveform using inline_linear
2026-09-06T18:07:04.835+01:00 INFO : Filtering template 10/96 segment 1/5
2026-09-06T18:07:04.855+01:00 INFO : 1 points above threshold
2026-09-06T18:07:04.868+01:00 INFO : Filtering template 10/96 segment 2/5
2026-09-06T18:07:04.886+01:00 INFO : 1 points above threshold
2026-09-06T18:07:04.892+01:00 INFO : Filtering template 10/96 segment 3/5
2026-09-06T18:07:04.909+01:00 INFO : Filtering template 10/96 segment 4/5
2026-09-06T18:07:04.927+01:00 INFO : 2 points above threshold
2026-09-06T18:07:04.932+01:00 INFO : Filtering template 10/96 segment 5/5
2026-09-06T18:07:04.950+01:00 INFO : 1 points above threshold
2026-09-06T18:07:04.956+01:00 INFO : 10: generating IMRPhenomD from 30.0 Hz
2026-09-06T18:07:04.958+01:00 INFO : Decompressing waveform using inline_linear
2026-09-06T18:07:04.963+01:00 INFO : Filtering template 11/96 segment 1/5
2026-09-06T18:07:04.983+01:00 INFO : 4 points above threshold
2026-09-06T18:07:04.996+01:00 INFO : Filtering template 11/96 segment 2/5
2026-09-06T18:07:05.014+01:00 INFO : 2 points above threshold
2026-09-06T18:07:05.019+01:00 INFO : Filtering template 11/96 segment 3/5
2026-09-06T18:07:05.037+01:00 INFO : 1 points above threshold
2026-09-06T18:07:05.042+01:00 INFO : Filtering template 11/96 segment 4/5
2026-09-06T18:07:05.060+01:00 INFO : Filtering template 11/96 segment 5/5
2026-09-06T18:07:05.078+01:00 INFO : 11: generating IMRPhenomD from 30.0 Hz
2026-09-06T18:07:05.081+01:00 INFO : Decompressing waveform using inline_linear
2026-09-06T18:07:05.086+01:00 INFO : Filtering template 12/96 segment 1/5
2026-09-06T18:07:05.106+01:00 INFO : 1 points above threshold
2026-09-06T18:07:05.119+01:00 INFO : Filtering template 12/96 segment 2/5
2026-09-06T18:07:05.136+01:00 INFO : 1 points above threshold
2026-09-06T18:07:05.142+01:00 INFO : Filtering template 12/96 segment 3/5
2026-09-06T18:07:05.159+01:00 INFO : 1 points above threshold
2026-09-06T18:07:05.165+01:00 INFO : Filtering template 12/96 segment 4/5
2026-09-06T18:07:05.182+01:00 INFO : 3 points above threshold
2026-09-06T18:07:05.189+01:00 INFO : Filtering template 12/96 segment 5/5
2026-09-06T18:07:05.208+01:00 INFO : 12: generating IMRPhenomD from 30.0 Hz
2026-09-06T18:07:05.210+01:00 INFO : Decompressing waveform using inline_linear
2026-09-06T18:07:05.215+01:00 INFO : Filtering template 13/96 segment 1/5
2026-09-06T18:07:05.235+01:00 INFO : Filtering template 13/96 segment 2/5
2026-09-06T18:07:05.253+01:00 INFO : 4 points above threshold
2026-09-06T18:07:05.266+01:00 INFO : Filtering template 13/96 segment 3/5
2026-09-06T18:07:05.284+01:00 INFO : Filtering template 13/96 segment 4/5
2026-09-06T18:07:05.302+01:00 INFO : Filtering template 13/96 segment 5/5
2026-09-06T18:07:05.320+01:00 INFO : 1 points above threshold
2026-09-06T18:07:05.325+01:00 INFO : 13: generating IMRPhenomD from 30.0 Hz
2026-09-06T18:07:05.328+01:00 INFO : Decompressing waveform using inline_linear
2026-09-06T18:07:05.333+01:00 INFO : Filtering template 14/96 segment 1/5
2026-09-06T18:07:05.353+01:00 INFO : 1 points above threshold
2026-09-06T18:07:05.366+01:00 INFO : Filtering template 14/96 segment 2/5
2026-09-06T18:07:05.384+01:00 INFO : 2 points above threshold
2026-09-06T18:07:05.389+01:00 INFO : Filtering template 14/96 segment 3/5
2026-09-06T18:07:05.406+01:00 INFO : 3 points above threshold
2026-09-06T18:07:05.413+01:00 INFO : Filtering template 14/96 segment 4/5
2026-09-06T18:07:05.431+01:00 INFO : 2 points above threshold
2026-09-06T18:07:05.436+01:00 INFO : Filtering template 14/96 segment 5/5
2026-09-06T18:07:05.454+01:00 INFO : 14: generating IMRPhenomD from 30.0 Hz
2026-09-06T18:07:05.457+01:00 INFO : Decompressing waveform using inline_linear
2026-09-06T18:07:05.462+01:00 INFO : Filtering template 15/96 segment 1/5
2026-09-06T18:07:05.482+01:00 INFO : 1 points above threshold
2026-09-06T18:07:05.495+01:00 INFO : Filtering template 15/96 segment 2/5
2026-09-06T18:07:05.513+01:00 INFO : Filtering template 15/96 segment 3/5
2026-09-06T18:07:05.531+01:00 INFO : 1 points above threshold
2026-09-06T18:07:05.536+01:00 INFO : Filtering template 15/96 segment 4/5
2026-09-06T18:07:05.554+01:00 INFO : 1 points above threshold
2026-09-06T18:07:05.559+01:00 INFO : Filtering template 15/96 segment 5/5
2026-09-06T18:07:05.577+01:00 INFO : 3 points above threshold
2026-09-06T18:07:05.584+01:00 INFO : 15: generating IMRPhenomD from 30.0 Hz
2026-09-06T18:07:05.587+01:00 INFO : Decompressing waveform using inline_linear
2026-09-06T18:07:05.592+01:00 INFO : Filtering template 16/96 segment 1/5
2026-09-06T18:07:05.612+01:00 INFO : 1 points above threshold
2026-09-06T18:07:05.625+01:00 INFO : Filtering template 16/96 segment 2/5
2026-09-06T18:07:05.642+01:00 INFO : 2 points above threshold
2026-09-06T18:07:05.648+01:00 INFO : Filtering template 16/96 segment 3/5
2026-09-06T18:07:05.665+01:00 INFO : 3 points above threshold
2026-09-06T18:07:05.672+01:00 INFO : Filtering template 16/96 segment 4/5
2026-09-06T18:07:05.690+01:00 INFO : 2 points above threshold
2026-09-06T18:07:05.695+01:00 INFO : Filtering template 16/96 segment 5/5
2026-09-06T18:07:05.713+01:00 INFO : 16: generating IMRPhenomD from 30.0 Hz
2026-09-06T18:07:05.716+01:00 INFO : Decompressing waveform using inline_linear
2026-09-06T18:07:05.721+01:00 INFO : Filtering template 17/96 segment 1/5
2026-09-06T18:07:05.741+01:00 INFO : 2 points above threshold
2026-09-06T18:07:05.757+01:00 INFO : Filtering template 17/96 segment 2/5
2026-09-06T18:07:05.775+01:00 INFO : 3 points above threshold
2026-09-06T18:07:05.781+01:00 INFO : Filtering template 17/96 segment 3/5
2026-09-06T18:07:05.799+01:00 INFO : Filtering template 17/96 segment 4/5
2026-09-06T18:07:05.817+01:00 INFO : 2 points above threshold
2026-09-06T18:07:05.822+01:00 INFO : Filtering template 17/96 segment 5/5
2026-09-06T18:07:05.840+01:00 INFO : 3 points above threshold
2026-09-06T18:07:05.847+01:00 INFO : 17: generating IMRPhenomD from 30.0 Hz
2026-09-06T18:07:05.850+01:00 INFO : Decompressing waveform using inline_linear
2026-09-06T18:07:05.855+01:00 INFO : Filtering template 18/96 segment 1/5
2026-09-06T18:07:05.875+01:00 INFO : Filtering template 18/96 segment 2/5
2026-09-06T18:07:05.893+01:00 INFO : Filtering template 18/96 segment 3/5
2026-09-06T18:07:05.911+01:00 INFO : 1 points above threshold
2026-09-06T18:07:05.926+01:00 INFO : Filtering template 18/96 segment 4/5
2026-09-06T18:07:05.943+01:00 INFO : Filtering template 18/96 segment 5/5
2026-09-06T18:07:05.961+01:00 INFO : 2 points above threshold
2026-09-06T18:07:05.967+01:00 INFO : 18: generating IMRPhenomD from 30.0 Hz
2026-09-06T18:07:05.969+01:00 INFO : Decompressing waveform using inline_linear
2026-09-06T18:07:05.974+01:00 INFO : Filtering template 19/96 segment 1/5
2026-09-06T18:07:05.994+01:00 INFO : 3 points above threshold
2026-09-06T18:07:06.011+01:00 INFO : Filtering template 19/96 segment 2/5
2026-09-06T18:07:06.029+01:00 INFO : 1 points above threshold
2026-09-06T18:07:06.034+01:00 INFO : Filtering template 19/96 segment 3/5
2026-09-06T18:07:06.051+01:00 INFO : 1 points above threshold
2026-09-06T18:07:06.057+01:00 INFO : Filtering template 19/96 segment 4/5
2026-09-06T18:07:06.074+01:00 INFO : 3 points above threshold
2026-09-06T18:07:06.081+01:00 INFO : Filtering template 19/96 segment 5/5
2026-09-06T18:07:06.099+01:00 INFO : 1 points above threshold
2026-09-06T18:07:06.105+01:00 INFO : 19: generating IMRPhenomD from 30.0 Hz
2026-09-06T18:07:06.107+01:00 INFO : Decompressing waveform using inline_linear
2026-09-06T18:07:06.112+01:00 INFO : Filtering template 20/96 segment 1/5
2026-09-06T18:07:06.132+01:00 INFO : 1 points above threshold
2026-09-06T18:07:06.147+01:00 INFO : Filtering template 20/96 segment 2/5
2026-09-06T18:07:06.165+01:00 INFO : 3 points above threshold
2026-09-06T18:07:06.172+01:00 INFO : Filtering template 20/96 segment 3/5
2026-09-06T18:07:06.190+01:00 INFO : Filtering template 20/96 segment 4/5
2026-09-06T18:07:06.207+01:00 INFO : 2 points above threshold
2026-09-06T18:07:06.212+01:00 INFO : Filtering template 20/96 segment 5/5
2026-09-06T18:07:06.231+01:00 INFO : 20: generating IMRPhenomD from 30.0 Hz
2026-09-06T18:07:06.233+01:00 INFO : Decompressing waveform using inline_linear
2026-09-06T18:07:06.238+01:00 INFO : Filtering template 21/96 segment 1/5
2026-09-06T18:07:06.258+01:00 INFO : 1 points above threshold
2026-09-06T18:07:06.273+01:00 INFO : Filtering template 21/96 segment 2/5
2026-09-06T18:07:06.291+01:00 INFO : 1 points above threshold
2026-09-06T18:07:06.296+01:00 INFO : Filtering template 21/96 segment 3/5
2026-09-06T18:07:06.314+01:00 INFO : 1 points above threshold
2026-09-06T18:07:06.319+01:00 INFO : Filtering template 21/96 segment 4/5
2026-09-06T18:07:06.337+01:00 INFO : Filtering template 21/96 segment 5/5
2026-09-06T18:07:06.355+01:00 INFO : 21: generating IMRPhenomD from 30.0 Hz
2026-09-06T18:07:06.358+01:00 INFO : Decompressing waveform using inline_linear
2026-09-06T18:07:06.363+01:00 INFO : Filtering template 22/96 segment 1/5
2026-09-06T18:07:06.383+01:00 INFO : 5 points above threshold
2026-09-06T18:07:06.399+01:00 INFO : Filtering template 22/96 segment 2/5
2026-09-06T18:07:06.417+01:00 INFO : Filtering template 22/96 segment 3/5
2026-09-06T18:07:06.435+01:00 INFO : Filtering template 22/96 segment 4/5
2026-09-06T18:07:06.453+01:00 INFO : 1 points above threshold
2026-09-06T18:07:06.458+01:00 INFO : Filtering template 22/96 segment 5/5
2026-09-06T18:07:06.476+01:00 INFO : 1 points above threshold
2026-09-06T18:07:06.481+01:00 INFO : 22: generating IMRPhenomD from 30.0 Hz
2026-09-06T18:07:06.484+01:00 INFO : Decompressing waveform using inline_linear
2026-09-06T18:07:06.489+01:00 INFO : Filtering template 23/96 segment 1/5
2026-09-06T18:07:06.509+01:00 INFO : 2 points above threshold
2026-09-06T18:07:06.523+01:00 INFO : Filtering template 23/96 segment 2/5
2026-09-06T18:07:06.541+01:00 INFO : 1 points above threshold
2026-09-06T18:07:06.546+01:00 INFO : Filtering template 23/96 segment 3/5
2026-09-06T18:07:06.564+01:00 INFO : 1 points above threshold
2026-09-06T18:07:06.569+01:00 INFO : Filtering template 23/96 segment 4/5
2026-09-06T18:07:06.587+01:00 INFO : Filtering template 23/96 segment 5/5
2026-09-06T18:07:06.606+01:00 INFO : 23: generating IMRPhenomD from 30.0 Hz
2026-09-06T18:07:06.609+01:00 INFO : Decompressing waveform using inline_linear
2026-09-06T18:07:06.614+01:00 INFO : Filtering template 24/96 segment 1/5
2026-09-06T18:07:06.634+01:00 INFO : 1 points above threshold
2026-09-06T18:07:06.648+01:00 INFO : Filtering template 24/96 segment 2/5
2026-09-06T18:07:06.666+01:00 INFO : 2 points above threshold
2026-09-06T18:07:06.671+01:00 INFO : Filtering template 24/96 segment 3/5
2026-09-06T18:07:06.689+01:00 INFO : 1 points above threshold
2026-09-06T18:07:06.694+01:00 INFO : Filtering template 24/96 segment 4/5
2026-09-06T18:07:06.712+01:00 INFO : Filtering template 24/96 segment 5/5
2026-09-06T18:07:06.730+01:00 INFO : 2 points above threshold
2026-09-06T18:07:06.736+01:00 INFO : 24: generating IMRPhenomD from 30.0 Hz
2026-09-06T18:07:06.738+01:00 INFO : Decompressing waveform using inline_linear
2026-09-06T18:07:06.743+01:00 INFO : Filtering template 25/96 segment 1/5
2026-09-06T18:07:06.763+01:00 INFO : 2 points above threshold
2026-09-06T18:07:06.779+01:00 INFO : Filtering template 25/96 segment 2/5
2026-09-06T18:07:06.797+01:00 INFO : Filtering template 25/96 segment 3/5
2026-09-06T18:07:06.815+01:00 INFO : Filtering template 25/96 segment 4/5
2026-09-06T18:07:06.833+01:00 INFO : Filtering template 25/96 segment 5/5
2026-09-06T18:07:06.851+01:00 INFO : 25: generating IMRPhenomD from 30.0 Hz
2026-09-06T18:07:06.854+01:00 INFO : Decompressing waveform using inline_linear
2026-09-06T18:07:06.858+01:00 INFO : Filtering template 26/96 segment 1/5
2026-09-06T18:07:06.878+01:00 INFO : Filtering template 26/96 segment 2/5
2026-09-06T18:07:06.896+01:00 INFO : 2 points above threshold
2026-09-06T18:07:06.911+01:00 INFO : Filtering template 26/96 segment 3/5
2026-09-06T18:07:06.929+01:00 INFO : Filtering template 26/96 segment 4/5
2026-09-06T18:07:06.948+01:00 INFO : 2 points above threshold
2026-09-06T18:07:06.953+01:00 INFO : Filtering template 26/96 segment 5/5
2026-09-06T18:07:06.972+01:00 INFO : 2 points above threshold
2026-09-06T18:07:06.978+01:00 INFO : 26: generating IMRPhenomD from 30.0 Hz
2026-09-06T18:07:06.981+01:00 INFO : Decompressing waveform using inline_linear
2026-09-06T18:07:06.986+01:00 INFO : Filtering template 27/96 segment 1/5
2026-09-06T18:07:07.009+01:00 INFO : 3 points above threshold
2026-09-06T18:07:07.027+01:00 INFO : Filtering template 27/96 segment 2/5
2026-09-06T18:07:07.045+01:00 INFO : Filtering template 27/96 segment 3/5
2026-09-06T18:07:07.062+01:00 INFO : 1 points above threshold
2026-09-06T18:07:07.068+01:00 INFO : Filtering template 27/96 segment 4/5
2026-09-06T18:07:07.085+01:00 INFO : Filtering template 27/96 segment 5/5
2026-09-06T18:07:07.103+01:00 INFO : 27: generating IMRPhenomD from 30.0 Hz
2026-09-06T18:07:07.106+01:00 INFO : Decompressing waveform using inline_linear
2026-09-06T18:07:07.111+01:00 INFO : Filtering template 28/96 segment 1/5
2026-09-06T18:07:07.131+01:00 INFO : 3 points above threshold
2026-09-06T18:07:07.147+01:00 INFO : Filtering template 28/96 segment 2/5
2026-09-06T18:07:07.165+01:00 INFO : 1 points above threshold
2026-09-06T18:07:07.170+01:00 INFO : Filtering template 28/96 segment 3/5
2026-09-06T18:07:07.188+01:00 INFO : 2 points above threshold
2026-09-06T18:07:07.193+01:00 INFO : Filtering template 28/96 segment 4/5
2026-09-06T18:07:07.211+01:00 INFO : 1 points above threshold
2026-09-06T18:07:07.216+01:00 INFO : Filtering template 28/96 segment 5/5
2026-09-06T18:07:07.234+01:00 INFO : 28: generating IMRPhenomD from 30.0 Hz
2026-09-06T18:07:07.237+01:00 INFO : Decompressing waveform using inline_linear
2026-09-06T18:07:07.242+01:00 INFO : Filtering template 29/96 segment 1/5
2026-09-06T18:07:07.262+01:00 INFO : 2 points above threshold
2026-09-06T18:07:07.276+01:00 INFO : Filtering template 29/96 segment 2/5
2026-09-06T18:07:07.294+01:00 INFO : 2 points above threshold
2026-09-06T18:07:07.299+01:00 INFO : Filtering template 29/96 segment 3/5
2026-09-06T18:07:07.317+01:00 INFO : 1 points above threshold
2026-09-06T18:07:07.322+01:00 INFO : Filtering template 29/96 segment 4/5
2026-09-06T18:07:07.340+01:00 INFO : 2 points above threshold
2026-09-06T18:07:07.345+01:00 INFO : Filtering template 29/96 segment 5/5
2026-09-06T18:07:07.363+01:00 INFO : 2 points above threshold
2026-09-06T18:07:07.368+01:00 INFO : 29: generating IMRPhenomD from 30.0 Hz
2026-09-06T18:07:07.371+01:00 INFO : Decompressing waveform using inline_linear
2026-09-06T18:07:07.376+01:00 INFO : Filtering template 30/96 segment 1/5
2026-09-06T18:07:07.396+01:00 INFO : 1 points above threshold
2026-09-06T18:07:07.410+01:00 INFO : Filtering template 30/96 segment 2/5
2026-09-06T18:07:07.428+01:00 INFO : 1 points above threshold
2026-09-06T18:07:07.433+01:00 INFO : Filtering template 30/96 segment 3/5
2026-09-06T18:07:07.451+01:00 INFO : 1 points above threshold
2026-09-06T18:07:07.456+01:00 INFO : Filtering template 30/96 segment 4/5
2026-09-06T18:07:07.474+01:00 INFO : Filtering template 30/96 segment 5/5
2026-09-06T18:07:07.492+01:00 INFO : 30: generating IMRPhenomD from 30.0 Hz
2026-09-06T18:07:07.495+01:00 INFO : Decompressing waveform using inline_linear
2026-09-06T18:07:07.500+01:00 INFO : Filtering template 31/96 segment 1/5
2026-09-06T18:07:07.520+01:00 INFO : Filtering template 31/96 segment 2/5
2026-09-06T18:07:07.537+01:00 INFO : 1 points above threshold
2026-09-06T18:07:07.552+01:00 INFO : Filtering template 31/96 segment 3/5
2026-09-06T18:07:07.570+01:00 INFO : Filtering template 31/96 segment 4/5
2026-09-06T18:07:07.588+01:00 INFO : 1 points above threshold
2026-09-06T18:07:07.593+01:00 INFO : Filtering template 31/96 segment 5/5
2026-09-06T18:07:07.611+01:00 INFO : 1 points above threshold
2026-09-06T18:07:07.616+01:00 INFO : 31: generating IMRPhenomD from 30.0 Hz
2026-09-06T18:07:07.619+01:00 INFO : Decompressing waveform using inline_linear
2026-09-06T18:07:07.624+01:00 INFO : Filtering template 32/96 segment 1/5
2026-09-06T18:07:07.644+01:00 INFO : Filtering template 32/96 segment 2/5
2026-09-06T18:07:07.662+01:00 INFO : Filtering template 32/96 segment 3/5
2026-09-06T18:07:07.679+01:00 INFO : Filtering template 32/96 segment 4/5
2026-09-06T18:07:07.697+01:00 INFO : 3 points above threshold
2026-09-06T18:07:07.714+01:00 INFO : Filtering template 32/96 segment 5/5
2026-09-06T18:07:07.732+01:00 INFO : 2 points above threshold
2026-09-06T18:07:07.737+01:00 INFO : 32: generating IMRPhenomD from 30.0 Hz
2026-09-06T18:07:07.740+01:00 INFO : Decompressing waveform using inline_linear
2026-09-06T18:07:07.744+01:00 INFO : Filtering template 33/96 segment 1/5
2026-09-06T18:07:07.764+01:00 INFO : 2 points above threshold
2026-09-06T18:07:07.779+01:00 INFO : Filtering template 33/96 segment 2/5
2026-09-06T18:07:07.797+01:00 INFO : Filtering template 33/96 segment 3/5
2026-09-06T18:07:07.815+01:00 INFO : Filtering template 33/96 segment 4/5
2026-09-06T18:07:07.832+01:00 INFO : 1 points above threshold
2026-09-06T18:07:07.838+01:00 INFO : Filtering template 33/96 segment 5/5
2026-09-06T18:07:07.856+01:00 INFO : 33: generating IMRPhenomD from 30.0 Hz
2026-09-06T18:07:07.858+01:00 INFO : Decompressing waveform using inline_linear
2026-09-06T18:07:07.863+01:00 INFO : Filtering template 34/96 segment 1/5
2026-09-06T18:07:07.883+01:00 INFO : Filtering template 34/96 segment 2/5
2026-09-06T18:07:07.901+01:00 INFO : 1 points above threshold
2026-09-06T18:07:07.916+01:00 INFO : Filtering template 34/96 segment 3/5
2026-09-06T18:07:07.933+01:00 INFO : 1 points above threshold
2026-09-06T18:07:07.939+01:00 INFO : Filtering template 34/96 segment 4/5
2026-09-06T18:07:07.956+01:00 INFO : Filtering template 34/96 segment 5/5
2026-09-06T18:07:07.974+01:00 INFO : 1 points above threshold
2026-09-06T18:07:07.979+01:00 INFO : 34: generating IMRPhenomD from 30.0 Hz
2026-09-06T18:07:07.982+01:00 INFO : Decompressing waveform using inline_linear
2026-09-06T18:07:07.987+01:00 INFO : Filtering template 35/96 segment 1/5
2026-09-06T18:07:08.007+01:00 INFO : 1 points above threshold
2026-09-06T18:07:08.021+01:00 INFO : Filtering template 35/96 segment 2/5
2026-09-06T18:07:08.039+01:00 INFO : 1 points above threshold
2026-09-06T18:07:08.044+01:00 INFO : Filtering template 35/96 segment 3/5
2026-09-06T18:07:08.062+01:00 INFO : 1 points above threshold
2026-09-06T18:07:08.067+01:00 INFO : Filtering template 35/96 segment 4/5
2026-09-06T18:07:08.085+01:00 INFO : Filtering template 35/96 segment 5/5
2026-09-06T18:07:08.103+01:00 INFO : 35: generating IMRPhenomD from 30.0 Hz
2026-09-06T18:07:08.106+01:00 INFO : Decompressing waveform using inline_linear
2026-09-06T18:07:08.111+01:00 INFO : Filtering template 36/96 segment 1/5
2026-09-06T18:07:08.131+01:00 INFO : 3 points above threshold
2026-09-06T18:07:08.147+01:00 INFO : Filtering template 36/96 segment 2/5
2026-09-06T18:07:08.165+01:00 INFO : 1 points above threshold
2026-09-06T18:07:08.170+01:00 INFO : Filtering template 36/96 segment 3/5
2026-09-06T18:07:08.188+01:00 INFO : 2 points above threshold
2026-09-06T18:07:08.193+01:00 INFO : Filtering template 36/96 segment 4/5
2026-09-06T18:07:08.211+01:00 INFO : Filtering template 36/96 segment 5/5
2026-09-06T18:07:08.229+01:00 INFO : 1 points above threshold
2026-09-06T18:07:08.234+01:00 INFO : 36: generating IMRPhenomD from 30.0 Hz
2026-09-06T18:07:08.237+01:00 INFO : Decompressing waveform using inline_linear
2026-09-06T18:07:08.242+01:00 INFO : Filtering template 37/96 segment 1/5
2026-09-06T18:07:08.262+01:00 INFO : 2 points above threshold
2026-09-06T18:07:08.276+01:00 INFO : Filtering template 37/96 segment 2/5
2026-09-06T18:07:08.294+01:00 INFO : 3 points above threshold
2026-09-06T18:07:08.301+01:00 INFO : Filtering template 37/96 segment 3/5
2026-09-06T18:07:08.319+01:00 INFO : 1 points above threshold
2026-09-06T18:07:08.324+01:00 INFO : Filtering template 37/96 segment 4/5
2026-09-06T18:07:08.342+01:00 INFO : 3 points above threshold
2026-09-06T18:07:08.349+01:00 INFO : Filtering template 37/96 segment 5/5
2026-09-06T18:07:08.367+01:00 INFO : 37: generating IMRPhenomD from 30.0 Hz
2026-09-06T18:07:08.370+01:00 INFO : Decompressing waveform using inline_linear
2026-09-06T18:07:08.374+01:00 INFO : Filtering template 38/96 segment 1/5
2026-09-06T18:07:08.394+01:00 INFO : Filtering template 38/96 segment 2/5
2026-09-06T18:07:08.412+01:00 INFO : Filtering template 38/96 segment 3/5
2026-09-06T18:07:08.430+01:00 INFO : 1 points above threshold
2026-09-06T18:07:08.444+01:00 INFO : Filtering template 38/96 segment 4/5
2026-09-06T18:07:08.462+01:00 INFO : 1 points above threshold
2026-09-06T18:07:08.467+01:00 INFO : Filtering template 38/96 segment 5/5
2026-09-06T18:07:08.485+01:00 INFO : 1 points above threshold
2026-09-06T18:07:08.490+01:00 INFO : 38: generating IMRPhenomD from 30.0 Hz
2026-09-06T18:07:08.493+01:00 INFO : Decompressing waveform using inline_linear
2026-09-06T18:07:08.498+01:00 INFO : Filtering template 39/96 segment 1/5
2026-09-06T18:07:08.518+01:00 INFO : Filtering template 39/96 segment 2/5
2026-09-06T18:07:08.536+01:00 INFO : 2 points above threshold
2026-09-06T18:07:08.551+01:00 INFO : Filtering template 39/96 segment 3/5
2026-09-06T18:07:08.569+01:00 INFO : Filtering template 39/96 segment 4/5
2026-09-06T18:07:08.586+01:00 INFO : 2 points above threshold
2026-09-06T18:07:08.592+01:00 INFO : Filtering template 39/96 segment 5/5
2026-09-06T18:07:08.610+01:00 INFO : 39: generating IMRPhenomD from 30.0 Hz
2026-09-06T18:07:08.613+01:00 INFO : Decompressing waveform using inline_linear
2026-09-06T18:07:08.617+01:00 INFO : Filtering template 40/96 segment 1/5
2026-09-06T18:07:08.637+01:00 INFO : Filtering template 40/96 segment 2/5
2026-09-06T18:07:08.655+01:00 INFO : Filtering template 40/96 segment 3/5
2026-09-06T18:07:08.673+01:00 INFO : Filtering template 40/96 segment 4/5
2026-09-06T18:07:08.691+01:00 INFO : 2 points above threshold
2026-09-06T18:07:08.705+01:00 INFO : Filtering template 40/96 segment 5/5
2026-09-06T18:07:08.723+01:00 INFO : 40: generating IMRPhenomD from 30.0 Hz
2026-09-06T18:07:08.726+01:00 INFO : Decompressing waveform using inline_linear
2026-09-06T18:07:08.731+01:00 INFO : Filtering template 41/96 segment 1/5
2026-09-06T18:07:08.751+01:00 INFO : Filtering template 41/96 segment 2/5
2026-09-06T18:07:08.769+01:00 INFO : Filtering template 41/96 segment 3/5
2026-09-06T18:07:08.786+01:00 INFO : 2 points above threshold
2026-09-06T18:07:08.801+01:00 INFO : Filtering template 41/96 segment 4/5
2026-09-06T18:07:08.819+01:00 INFO : 2 points above threshold
2026-09-06T18:07:08.824+01:00 INFO : Filtering template 41/96 segment 5/5
2026-09-06T18:07:08.842+01:00 INFO : 41: generating IMRPhenomD from 30.0 Hz
2026-09-06T18:07:08.845+01:00 INFO : Decompressing waveform using inline_linear
2026-09-06T18:07:08.849+01:00 INFO : Filtering template 42/96 segment 1/5
2026-09-06T18:07:08.870+01:00 INFO : Filtering template 42/96 segment 2/5
2026-09-06T18:07:08.887+01:00 INFO : 1 points above threshold
2026-09-06T18:07:08.902+01:00 INFO : Filtering template 42/96 segment 3/5
2026-09-06T18:07:08.920+01:00 INFO : Filtering template 42/96 segment 4/5
2026-09-06T18:07:08.938+01:00 INFO : 1 points above threshold
2026-09-06T18:07:08.943+01:00 INFO : Filtering template 42/96 segment 5/5
2026-09-06T18:07:08.961+01:00 INFO : 1 points above threshold
2026-09-06T18:07:08.966+01:00 INFO : 42: generating IMRPhenomD from 30.0 Hz
2026-09-06T18:07:08.969+01:00 INFO : Decompressing waveform using inline_linear
2026-09-06T18:07:08.973+01:00 INFO : Filtering template 43/96 segment 1/5
2026-09-06T18:07:08.993+01:00 INFO : 1 points above threshold
2026-09-06T18:07:09.008+01:00 INFO : Filtering template 43/96 segment 2/5
2026-09-06T18:07:09.025+01:00 INFO : 2 points above threshold
2026-09-06T18:07:09.031+01:00 INFO : Filtering template 43/96 segment 3/5
2026-09-06T18:07:09.048+01:00 INFO : 1 points above threshold
2026-09-06T18:07:09.054+01:00 INFO : Filtering template 43/96 segment 4/5
2026-09-06T18:07:09.071+01:00 INFO : Filtering template 43/96 segment 5/5
2026-09-06T18:07:09.089+01:00 INFO : 43: generating IMRPhenomD from 30.0 Hz
2026-09-06T18:07:09.092+01:00 INFO : Decompressing waveform using inline_linear
2026-09-06T18:07:09.097+01:00 INFO : Filtering template 44/96 segment 1/5
2026-09-06T18:07:09.117+01:00 INFO : 1 points above threshold
2026-09-06T18:07:09.132+01:00 INFO : Filtering template 44/96 segment 2/5
2026-09-06T18:07:09.149+01:00 INFO : Filtering template 44/96 segment 3/5
2026-09-06T18:07:09.167+01:00 INFO : Filtering template 44/96 segment 4/5
2026-09-06T18:07:09.185+01:00 INFO : 1 points above threshold
2026-09-06T18:07:09.190+01:00 INFO : Filtering template 44/96 segment 5/5
2026-09-06T18:07:09.208+01:00 INFO : 44: generating IMRPhenomD from 30.0 Hz
2026-09-06T18:07:09.211+01:00 INFO : Decompressing waveform using inline_linear
2026-09-06T18:07:09.216+01:00 INFO : Filtering template 45/96 segment 1/5
2026-09-06T18:07:09.236+01:00 INFO : 2 points above threshold
2026-09-06T18:07:09.250+01:00 INFO : Filtering template 45/96 segment 2/5
2026-09-06T18:07:09.268+01:00 INFO : 1 points above threshold
2026-09-06T18:07:09.273+01:00 INFO : Filtering template 45/96 segment 3/5
2026-09-06T18:07:09.291+01:00 INFO : 1 points above threshold
2026-09-06T18:07:09.296+01:00 INFO : Filtering template 45/96 segment 4/5
2026-09-06T18:07:09.314+01:00 INFO : Filtering template 45/96 segment 5/5
2026-09-06T18:07:09.332+01:00 INFO : 45: generating IMRPhenomD from 30.0 Hz
2026-09-06T18:07:09.335+01:00 INFO : Decompressing waveform using inline_linear
2026-09-06T18:07:09.340+01:00 INFO : Filtering template 46/96 segment 1/5
2026-09-06T18:07:09.360+01:00 INFO : Filtering template 46/96 segment 2/5
2026-09-06T18:07:09.378+01:00 INFO : Filtering template 46/96 segment 3/5
2026-09-06T18:07:09.395+01:00 INFO : 1 points above threshold
2026-09-06T18:07:09.410+01:00 INFO : Filtering template 46/96 segment 4/5
2026-09-06T18:07:09.428+01:00 INFO : 3 points above threshold
2026-09-06T18:07:09.435+01:00 INFO : Filtering template 46/96 segment 5/5
2026-09-06T18:07:09.453+01:00 INFO : 1 points above threshold
2026-09-06T18:07:09.458+01:00 INFO : 46: generating IMRPhenomD from 30.0 Hz
2026-09-06T18:07:09.461+01:00 INFO : Decompressing waveform using inline_linear
2026-09-06T18:07:09.466+01:00 INFO : Filtering template 47/96 segment 1/5
2026-09-06T18:07:09.486+01:00 INFO : 3 points above threshold
2026-09-06T18:07:09.502+01:00 INFO : Filtering template 47/96 segment 2/5
2026-09-06T18:07:09.520+01:00 INFO : Filtering template 47/96 segment 3/5
2026-09-06T18:07:09.538+01:00 INFO : 2 points above threshold
2026-09-06T18:07:09.543+01:00 INFO : Filtering template 47/96 segment 4/5
2026-09-06T18:07:09.561+01:00 INFO : 1 points above threshold
2026-09-06T18:07:09.566+01:00 INFO : Filtering template 47/96 segment 5/5
2026-09-06T18:07:09.583+01:00 INFO : 1 points above threshold
2026-09-06T18:07:09.589+01:00 INFO : 47: generating IMRPhenomD from 30.0 Hz
2026-09-06T18:07:09.591+01:00 INFO : Decompressing waveform using inline_linear
2026-09-06T18:07:09.596+01:00 INFO : Filtering template 48/96 segment 1/5
2026-09-06T18:07:09.616+01:00 INFO : 3 points above threshold
2026-09-06T18:07:09.633+01:00 INFO : Filtering template 48/96 segment 2/5
2026-09-06T18:07:09.651+01:00 INFO : 1 points above threshold
2026-09-06T18:07:09.656+01:00 INFO : Filtering template 48/96 segment 3/5
2026-09-06T18:07:09.674+01:00 INFO : 1 points above threshold
2026-09-06T18:07:09.679+01:00 INFO : Filtering template 48/96 segment 4/5
2026-09-06T18:07:09.697+01:00 INFO : 2 points above threshold
2026-09-06T18:07:09.702+01:00 INFO : Filtering template 48/96 segment 5/5
2026-09-06T18:07:09.720+01:00 INFO : 1 points above threshold
2026-09-06T18:07:09.725+01:00 INFO : 48: generating IMRPhenomD from 30.0 Hz
2026-09-06T18:07:09.728+01:00 INFO : Decompressing waveform using inline_linear
2026-09-06T18:07:09.733+01:00 INFO : Filtering template 49/96 segment 1/5
2026-09-06T18:07:09.753+01:00 INFO : 1 points above threshold
2026-09-06T18:07:09.767+01:00 INFO : Filtering template 49/96 segment 2/5
2026-09-06T18:07:09.785+01:00 INFO : 1 points above threshold
2026-09-06T18:07:09.790+01:00 INFO : Filtering template 49/96 segment 3/5
2026-09-06T18:07:09.808+01:00 INFO : 2 points above threshold
2026-09-06T18:07:09.813+01:00 INFO : Filtering template 49/96 segment 4/5
2026-09-06T18:07:09.831+01:00 INFO : Filtering template 49/96 segment 5/5
2026-09-06T18:07:09.849+01:00 INFO : 49: generating IMRPhenomD from 30.0 Hz
2026-09-06T18:07:09.866+01:00 INFO : Decompressing waveform using inline_linear
2026-09-06T18:07:09.871+01:00 INFO : Filtering template 50/96 segment 1/5
2026-09-06T18:07:09.897+01:00 INFO : Filtering template 50/96 segment 2/5
2026-09-06T18:07:09.914+01:00 INFO : 2 points above threshold
2026-09-06T18:07:09.932+01:00 INFO : Filtering template 50/96 segment 3/5
2026-09-06T18:07:09.950+01:00 INFO : 4 points above threshold
2026-09-06T18:07:09.955+01:00 INFO : Filtering template 50/96 segment 4/5
2026-09-06T18:07:09.973+01:00 INFO : 2 points above threshold
2026-09-06T18:07:09.978+01:00 INFO : Filtering template 50/96 segment 5/5
2026-09-06T18:07:09.996+01:00 INFO : 50: generating IMRPhenomD from 30.0 Hz
2026-09-06T18:07:09.999+01:00 INFO : Decompressing waveform using inline_linear
2026-09-06T18:07:10.003+01:00 INFO : Filtering template 51/96 segment 1/5
2026-09-06T18:07:10.024+01:00 INFO : 1 points above threshold
2026-09-06T18:07:10.040+01:00 INFO : Filtering template 51/96 segment 2/5
2026-09-06T18:07:10.057+01:00 INFO : 1 points above threshold
2026-09-06T18:07:10.063+01:00 INFO : Filtering template 51/96 segment 3/5
2026-09-06T18:07:10.080+01:00 INFO : Filtering template 51/96 segment 4/5
2026-09-06T18:07:10.098+01:00 INFO : 1 points above threshold
2026-09-06T18:07:10.103+01:00 INFO : Filtering template 51/96 segment 5/5
2026-09-06T18:07:10.121+01:00 INFO : 2 points above threshold
2026-09-06T18:07:10.126+01:00 INFO : 51: generating IMRPhenomD from 30.0 Hz
2026-09-06T18:07:10.129+01:00 INFO : Decompressing waveform using inline_linear
2026-09-06T18:07:10.134+01:00 INFO : Filtering template 52/96 segment 1/5
2026-09-06T18:07:10.154+01:00 INFO : 1 points above threshold
2026-09-06T18:07:10.168+01:00 INFO : Filtering template 52/96 segment 2/5
2026-09-06T18:07:10.186+01:00 INFO : 1 points above threshold
2026-09-06T18:07:10.191+01:00 INFO : Filtering template 52/96 segment 3/5
2026-09-06T18:07:10.209+01:00 INFO : Filtering template 52/96 segment 4/5
2026-09-06T18:07:10.227+01:00 INFO : 3 points above threshold
2026-09-06T18:07:10.234+01:00 INFO : Filtering template 52/96 segment 5/5
2026-09-06T18:07:10.251+01:00 INFO : 1 points above threshold
2026-09-06T18:07:10.257+01:00 INFO : 52: generating IMRPhenomD from 30.0 Hz
2026-09-06T18:07:10.259+01:00 INFO : Decompressing waveform using inline_linear
2026-09-06T18:07:10.264+01:00 INFO : Filtering template 53/96 segment 1/5
2026-09-06T18:07:10.284+01:00 INFO : 3 points above threshold
2026-09-06T18:07:10.301+01:00 INFO : Filtering template 53/96 segment 2/5
2026-09-06T18:07:10.319+01:00 INFO : 2 points above threshold
2026-09-06T18:07:10.324+01:00 INFO : Filtering template 53/96 segment 3/5
2026-09-06T18:07:10.342+01:00 INFO : 2 points above threshold
2026-09-06T18:07:10.347+01:00 INFO : Filtering template 53/96 segment 4/5
2026-09-06T18:07:10.364+01:00 INFO : 1 points above threshold
2026-09-06T18:07:10.369+01:00 INFO : Filtering template 53/96 segment 5/5
2026-09-06T18:07:10.387+01:00 INFO : 1 points above threshold
2026-09-06T18:07:10.393+01:00 INFO : 53: generating IMRPhenomD from 30.0 Hz
2026-09-06T18:07:10.395+01:00 INFO : Decompressing waveform using inline_linear
2026-09-06T18:07:10.400+01:00 INFO : Filtering template 54/96 segment 1/5
2026-09-06T18:07:10.420+01:00 INFO : Filtering template 54/96 segment 2/5
2026-09-06T18:07:10.438+01:00 INFO : Filtering template 54/96 segment 3/5
2026-09-06T18:07:10.456+01:00 INFO : 2 points above threshold
2026-09-06T18:07:10.470+01:00 INFO : Filtering template 54/96 segment 4/5
2026-09-06T18:07:10.488+01:00 INFO : 5 points above threshold
2026-09-06T18:07:10.496+01:00 INFO : Filtering template 54/96 segment 5/5
2026-09-06T18:07:10.514+01:00 INFO : 54: generating IMRPhenomD from 30.0 Hz
2026-09-06T18:07:10.517+01:00 INFO : Decompressing waveform using inline_linear
2026-09-06T18:07:10.522+01:00 INFO : Filtering template 55/96 segment 1/5
2026-09-06T18:07:10.542+01:00 INFO : Filtering template 55/96 segment 2/5
2026-09-06T18:07:10.560+01:00 INFO : 1 points above threshold
2026-09-06T18:07:10.574+01:00 INFO : Filtering template 55/96 segment 3/5
2026-09-06T18:07:10.592+01:00 INFO : 3 points above threshold
2026-09-06T18:07:10.599+01:00 INFO : Filtering template 55/96 segment 4/5
2026-09-06T18:07:10.616+01:00 INFO : 1 points above threshold
2026-09-06T18:07:10.622+01:00 INFO : Filtering template 55/96 segment 5/5
2026-09-06T18:07:10.639+01:00 INFO : 1 points above threshold
2026-09-06T18:07:10.645+01:00 INFO : 55: generating IMRPhenomD from 30.0 Hz
2026-09-06T18:07:10.648+01:00 INFO : Decompressing waveform using inline_linear
2026-09-06T18:07:10.652+01:00 INFO : Filtering template 56/96 segment 1/5
2026-09-06T18:07:10.672+01:00 INFO : 1 points above threshold
2026-09-06T18:07:10.687+01:00 INFO : Filtering template 56/96 segment 2/5
2026-09-06T18:07:10.705+01:00 INFO : 1 points above threshold
2026-09-06T18:07:10.710+01:00 INFO : Filtering template 56/96 segment 3/5
2026-09-06T18:07:10.728+01:00 INFO : 3 points above threshold
2026-09-06T18:07:10.734+01:00 INFO : Filtering template 56/96 segment 4/5
2026-09-06T18:07:10.752+01:00 INFO : Filtering template 56/96 segment 5/5
2026-09-06T18:07:10.770+01:00 INFO : 1 points above threshold
2026-09-06T18:07:10.775+01:00 INFO : 56: generating IMRPhenomD from 30.0 Hz
2026-09-06T18:07:10.778+01:00 INFO : Decompressing waveform using inline_linear
2026-09-06T18:07:10.783+01:00 INFO : Filtering template 57/96 segment 1/5
2026-09-06T18:07:10.803+01:00 INFO : 1 points above threshold
2026-09-06T18:07:10.818+01:00 INFO : Filtering template 57/96 segment 2/5
2026-09-06T18:07:10.835+01:00 INFO : 2 points above threshold
2026-09-06T18:07:10.840+01:00 INFO : Filtering template 57/96 segment 3/5
2026-09-06T18:07:10.858+01:00 INFO : 2 points above threshold
2026-09-06T18:07:10.863+01:00 INFO : Filtering template 57/96 segment 4/5
2026-09-06T18:07:10.881+01:00 INFO : 2 points above threshold
2026-09-06T18:07:10.886+01:00 INFO : Filtering template 57/96 segment 5/5
2026-09-06T18:07:10.904+01:00 INFO : 57: generating IMRPhenomD from 30.0 Hz
2026-09-06T18:07:10.907+01:00 INFO : Decompressing waveform using inline_linear
2026-09-06T18:07:10.912+01:00 INFO : Filtering template 58/96 segment 1/5
2026-09-06T18:07:10.932+01:00 INFO : 1 points above threshold
2026-09-06T18:07:10.947+01:00 INFO : Filtering template 58/96 segment 2/5
2026-09-06T18:07:10.964+01:00 INFO : 2 points above threshold
2026-09-06T18:07:10.970+01:00 INFO : Filtering template 58/96 segment 3/5
2026-09-06T18:07:10.987+01:00 INFO : 1 points above threshold
2026-09-06T18:07:10.992+01:00 INFO : Filtering template 58/96 segment 4/5
2026-09-06T18:07:11.010+01:00 INFO : 1 points above threshold
2026-09-06T18:07:11.015+01:00 INFO : Filtering template 58/96 segment 5/5
2026-09-06T18:07:11.033+01:00 INFO : 2 points above threshold
2026-09-06T18:07:11.038+01:00 INFO : 58: generating IMRPhenomD from 30.0 Hz
2026-09-06T18:07:11.041+01:00 INFO : Decompressing waveform using inline_linear
2026-09-06T18:07:11.046+01:00 INFO : Filtering template 59/96 segment 1/5
2026-09-06T18:07:11.066+01:00 INFO : 1 points above threshold
2026-09-06T18:07:11.080+01:00 INFO : Filtering template 59/96 segment 2/5
2026-09-06T18:07:11.098+01:00 INFO : 2 points above threshold
2026-09-06T18:07:11.103+01:00 INFO : Filtering template 59/96 segment 3/5
2026-09-06T18:07:11.121+01:00 INFO : 2 points above threshold
2026-09-06T18:07:11.126+01:00 INFO : Filtering template 59/96 segment 4/5
2026-09-06T18:07:11.144+01:00 INFO : 1 points above threshold
2026-09-06T18:07:11.149+01:00 INFO : Filtering template 59/96 segment 5/5
2026-09-06T18:07:11.167+01:00 INFO : 59: generating IMRPhenomD from 30.0 Hz
2026-09-06T18:07:11.170+01:00 INFO : Decompressing waveform using inline_linear
2026-09-06T18:07:11.174+01:00 INFO : Filtering template 60/96 segment 1/5
2026-09-06T18:07:11.194+01:00 INFO : Filtering template 60/96 segment 2/5
2026-09-06T18:07:11.212+01:00 INFO : Filtering template 60/96 segment 3/5
2026-09-06T18:07:11.230+01:00 INFO : 1 points above threshold
2026-09-06T18:07:11.245+01:00 INFO : Filtering template 60/96 segment 4/5
2026-09-06T18:07:11.263+01:00 INFO : 2 points above threshold
2026-09-06T18:07:11.268+01:00 INFO : Filtering template 60/96 segment 5/5
2026-09-06T18:07:11.286+01:00 INFO : 60: generating IMRPhenomD from 30.0 Hz
2026-09-06T18:07:11.289+01:00 INFO : Decompressing waveform using inline_linear
2026-09-06T18:07:11.293+01:00 INFO : Filtering template 61/96 segment 1/5
2026-09-06T18:07:11.313+01:00 INFO : Filtering template 61/96 segment 2/5
2026-09-06T18:07:11.331+01:00 INFO : 2 points above threshold
2026-09-06T18:07:11.346+01:00 INFO : Filtering template 61/96 segment 3/5
2026-09-06T18:07:11.364+01:00 INFO : 1 points above threshold
2026-09-06T18:07:11.369+01:00 INFO : Filtering template 61/96 segment 4/5
2026-09-06T18:07:11.387+01:00 INFO : 1 points above threshold
2026-09-06T18:07:11.393+01:00 INFO : Filtering template 61/96 segment 5/5
2026-09-06T18:07:11.411+01:00 INFO : 61: generating IMRPhenomD from 30.0 Hz
2026-09-06T18:07:11.414+01:00 INFO : Decompressing waveform using inline_linear
2026-09-06T18:07:11.418+01:00 INFO : Filtering template 62/96 segment 1/5
2026-09-06T18:07:11.438+01:00 INFO : 2 points above threshold
2026-09-06T18:07:11.453+01:00 INFO : Filtering template 62/96 segment 2/5
2026-09-06T18:07:11.471+01:00 INFO : Filtering template 62/96 segment 3/5
2026-09-06T18:07:11.489+01:00 INFO : Filtering template 62/96 segment 4/5
2026-09-06T18:07:11.507+01:00 INFO : 5 points above threshold
2026-09-06T18:07:11.514+01:00 INFO : Filtering template 62/96 segment 5/5
2026-09-06T18:07:11.532+01:00 INFO : 62: generating IMRPhenomD from 30.0 Hz
2026-09-06T18:07:11.535+01:00 INFO : Decompressing waveform using inline_linear
2026-09-06T18:07:11.539+01:00 INFO : Filtering template 63/96 segment 1/5
2026-09-06T18:07:11.560+01:00 INFO : Filtering template 63/96 segment 2/5
2026-09-06T18:07:11.577+01:00 INFO : 1 points above threshold
2026-09-06T18:07:11.592+01:00 INFO : Filtering template 63/96 segment 3/5
2026-09-06T18:07:11.610+01:00 INFO : 2 points above threshold
2026-09-06T18:07:11.615+01:00 INFO : Filtering template 63/96 segment 4/5
2026-09-06T18:07:11.632+01:00 INFO : 1 points above threshold
2026-09-06T18:07:11.637+01:00 INFO : Filtering template 63/96 segment 5/5
2026-09-06T18:07:11.655+01:00 INFO : 1 points above threshold
2026-09-06T18:07:11.661+01:00 INFO : 63: generating IMRPhenomD from 30.0 Hz
2026-09-06T18:07:11.663+01:00 INFO : Decompressing waveform using inline_linear
2026-09-06T18:07:11.668+01:00 INFO : Filtering template 64/96 segment 1/5
2026-09-06T18:07:11.688+01:00 INFO : 2 points above threshold
2026-09-06T18:07:11.702+01:00 INFO : Filtering template 64/96 segment 2/5
2026-09-06T18:07:11.720+01:00 INFO : 1 points above threshold
2026-09-06T18:07:11.725+01:00 INFO : Filtering template 64/96 segment 3/5
2026-09-06T18:07:11.743+01:00 INFO : Filtering template 64/96 segment 4/5
2026-09-06T18:07:11.761+01:00 INFO : Filtering template 64/96 segment 5/5
2026-09-06T18:07:11.779+01:00 INFO : 64: generating IMRPhenomD from 30.0 Hz
2026-09-06T18:07:11.782+01:00 INFO : Decompressing waveform using inline_linear
2026-09-06T18:07:11.787+01:00 INFO : Filtering template 65/96 segment 1/5
2026-09-06T18:07:11.807+01:00 INFO : 2 points above threshold
2026-09-06T18:07:11.822+01:00 INFO : Filtering template 65/96 segment 2/5
2026-09-06T18:07:11.840+01:00 INFO : 2 points above threshold
2026-09-06T18:07:11.845+01:00 INFO : Filtering template 65/96 segment 3/5
2026-09-06T18:07:11.863+01:00 INFO : 1 points above threshold
2026-09-06T18:07:11.868+01:00 INFO : Filtering template 65/96 segment 4/5
2026-09-06T18:07:11.886+01:00 INFO : 2 points above threshold
2026-09-06T18:07:11.892+01:00 INFO : Filtering template 65/96 segment 5/5
2026-09-06T18:07:11.910+01:00 INFO : 65: generating IMRPhenomD from 30.0 Hz
2026-09-06T18:07:11.913+01:00 INFO : Decompressing waveform using inline_linear
2026-09-06T18:07:11.918+01:00 INFO : Filtering template 66/96 segment 1/5
2026-09-06T18:07:11.938+01:00 INFO : 1 points above threshold
2026-09-06T18:07:11.952+01:00 INFO : Filtering template 66/96 segment 2/5
2026-09-06T18:07:11.970+01:00 INFO : 1 points above threshold
2026-09-06T18:07:11.975+01:00 INFO : Filtering template 66/96 segment 3/5
2026-09-06T18:07:11.993+01:00 INFO : 2 points above threshold
2026-09-06T18:07:11.998+01:00 INFO : Filtering template 66/96 segment 4/5
2026-09-06T18:07:12.016+01:00 INFO : 1 points above threshold
2026-09-06T18:07:12.021+01:00 INFO : Filtering template 66/96 segment 5/5
2026-09-06T18:07:12.041+01:00 INFO : 66: generating IMRPhenomD from 30.0 Hz
2026-09-06T18:07:12.044+01:00 INFO : Decompressing waveform using inline_linear
2026-09-06T18:07:12.049+01:00 INFO : Filtering template 67/96 segment 1/5
2026-09-06T18:07:12.077+01:00 INFO : 3 points above threshold
2026-09-06T18:07:12.099+01:00 INFO : Filtering template 67/96 segment 2/5
2026-09-06T18:07:12.121+01:00 INFO : Filtering template 67/96 segment 3/5
2026-09-06T18:07:12.139+01:00 INFO : 1 points above threshold
2026-09-06T18:07:12.144+01:00 INFO : Filtering template 67/96 segment 4/5
2026-09-06T18:07:12.162+01:00 INFO : Filtering template 67/96 segment 5/5
2026-09-06T18:07:12.180+01:00 INFO : 67: generating IMRPhenomD from 30.0 Hz
2026-09-06T18:07:12.183+01:00 INFO : Decompressing waveform using inline_linear
2026-09-06T18:07:12.188+01:00 INFO : Filtering template 68/96 segment 1/5
2026-09-06T18:07:12.208+01:00 INFO : 1 points above threshold
2026-09-06T18:07:12.222+01:00 INFO : Filtering template 68/96 segment 2/5
2026-09-06T18:07:12.240+01:00 INFO : 1 points above threshold
2026-09-06T18:07:12.245+01:00 INFO : Filtering template 68/96 segment 3/5
2026-09-06T18:07:12.263+01:00 INFO : 1 points above threshold
2026-09-06T18:07:12.268+01:00 INFO : Filtering template 68/96 segment 4/5
2026-09-06T18:07:12.286+01:00 INFO : 1 points above threshold
2026-09-06T18:07:12.291+01:00 INFO : Filtering template 68/96 segment 5/5
2026-09-06T18:07:12.309+01:00 INFO : 1 points above threshold
2026-09-06T18:07:12.314+01:00 INFO : 68: generating IMRPhenomD from 30.0 Hz
2026-09-06T18:07:12.317+01:00 INFO : Decompressing waveform using inline_linear
2026-09-06T18:07:12.322+01:00 INFO : Filtering template 69/96 segment 1/5
2026-09-06T18:07:12.342+01:00 INFO : Filtering template 69/96 segment 2/5
2026-09-06T18:07:12.360+01:00 INFO : Filtering template 69/96 segment 3/5
2026-09-06T18:07:12.377+01:00 INFO : 1 points above threshold
2026-09-06T18:07:12.392+01:00 INFO : Filtering template 69/96 segment 4/5
2026-09-06T18:07:12.410+01:00 INFO : 2 points above threshold
2026-09-06T18:07:12.415+01:00 INFO : Filtering template 69/96 segment 5/5
2026-09-06T18:07:12.433+01:00 INFO : 69: generating IMRPhenomD from 30.0 Hz
2026-09-06T18:07:12.435+01:00 INFO : Decompressing waveform using inline_linear
2026-09-06T18:07:12.440+01:00 INFO : Filtering template 70/96 segment 1/5
2026-09-06T18:07:12.460+01:00 INFO : 2 points above threshold
2026-09-06T18:07:12.475+01:00 INFO : Filtering template 70/96 segment 2/5
2026-09-06T18:07:12.493+01:00 INFO : 2 points above threshold
2026-09-06T18:07:12.498+01:00 INFO : Filtering template 70/96 segment 3/5
2026-09-06T18:07:12.515+01:00 INFO : Filtering template 70/96 segment 4/5
2026-09-06T18:07:12.533+01:00 INFO : 2 points above threshold
2026-09-06T18:07:12.538+01:00 INFO : Filtering template 70/96 segment 5/5
2026-09-06T18:07:12.556+01:00 INFO : 2 points above threshold
2026-09-06T18:07:12.561+01:00 INFO : 70: generating IMRPhenomD from 30.0 Hz
2026-09-06T18:07:12.564+01:00 INFO : Decompressing waveform using inline_linear
2026-09-06T18:07:12.569+01:00 INFO : Filtering template 71/96 segment 1/5
2026-09-06T18:07:12.589+01:00 INFO : Filtering template 71/96 segment 2/5
2026-09-06T18:07:12.606+01:00 INFO : 1 points above threshold
2026-09-06T18:07:12.621+01:00 INFO : Filtering template 71/96 segment 3/5
2026-09-06T18:07:12.639+01:00 INFO : 1 points above threshold
2026-09-06T18:07:12.644+01:00 INFO : Filtering template 71/96 segment 4/5
2026-09-06T18:07:12.662+01:00 INFO : 3 points above threshold
2026-09-06T18:07:12.669+01:00 INFO : Filtering template 71/96 segment 5/5
2026-09-06T18:07:12.687+01:00 INFO : 71: generating IMRPhenomD from 30.0 Hz
2026-09-06T18:07:12.690+01:00 INFO : Decompressing waveform using inline_linear
2026-09-06T18:07:12.694+01:00 INFO : Filtering template 72/96 segment 1/5
2026-09-06T18:07:12.714+01:00 INFO : 2 points above threshold
2026-09-06T18:07:12.729+01:00 INFO : Filtering template 72/96 segment 2/5
2026-09-06T18:07:12.747+01:00 INFO : 1 points above threshold
2026-09-06T18:07:12.752+01:00 INFO : Filtering template 72/96 segment 3/5
2026-09-06T18:07:12.770+01:00 INFO : 1 points above threshold
2026-09-06T18:07:12.775+01:00 INFO : Filtering template 72/96 segment 4/5
2026-09-06T18:07:12.792+01:00 INFO : 3 points above threshold
2026-09-06T18:07:12.799+01:00 INFO : Filtering template 72/96 segment 5/5
2026-09-06T18:07:12.817+01:00 INFO : 3 points above threshold
2026-09-06T18:07:12.824+01:00 INFO : 72: generating IMRPhenomD from 30.0 Hz
2026-09-06T18:07:12.827+01:00 INFO : Decompressing waveform using inline_linear
2026-09-06T18:07:12.832+01:00 INFO : Filtering template 73/96 segment 1/5
2026-09-06T18:07:12.852+01:00 INFO : 1 points above threshold
2026-09-06T18:07:12.866+01:00 INFO : Filtering template 73/96 segment 2/5
2026-09-06T18:07:12.884+01:00 INFO : 1 points above threshold
2026-09-06T18:07:12.889+01:00 INFO : Filtering template 73/96 segment 3/5
2026-09-06T18:07:12.907+01:00 INFO : 1 points above threshold
2026-09-06T18:07:12.912+01:00 INFO : Filtering template 73/96 segment 4/5
2026-09-06T18:07:12.930+01:00 INFO : Filtering template 73/96 segment 5/5
2026-09-06T18:07:12.948+01:00 INFO : 1 points above threshold
2026-09-06T18:07:12.954+01:00 INFO : 73: generating IMRPhenomD from 30.0 Hz
2026-09-06T18:07:12.956+01:00 INFO : Decompressing waveform using inline_linear
2026-09-06T18:07:12.961+01:00 INFO : Filtering template 74/96 segment 1/5
2026-09-06T18:07:12.981+01:00 INFO : 3 points above threshold
2026-09-06T18:07:12.997+01:00 INFO : Filtering template 74/96 segment 2/5
2026-09-06T18:07:13.015+01:00 INFO : 3 points above threshold
2026-09-06T18:07:13.022+01:00 INFO : Filtering template 74/96 segment 3/5
2026-09-06T18:07:13.040+01:00 INFO : Filtering template 74/96 segment 4/5
2026-09-06T18:07:13.058+01:00 INFO : 1 points above threshold
2026-09-06T18:07:13.063+01:00 INFO : Filtering template 74/96 segment 5/5
2026-09-06T18:07:13.081+01:00 INFO : 74: generating IMRPhenomD from 30.0 Hz
2026-09-06T18:07:13.084+01:00 INFO : Decompressing waveform using inline_linear
2026-09-06T18:07:13.089+01:00 INFO : Filtering template 75/96 segment 1/5
2026-09-06T18:07:13.109+01:00 INFO : Filtering template 75/96 segment 2/5
2026-09-06T18:07:13.127+01:00 INFO : 1 points above threshold
2026-09-06T18:07:13.141+01:00 INFO : Filtering template 75/96 segment 3/5
2026-09-06T18:07:13.159+01:00 INFO : 2 points above threshold
2026-09-06T18:07:13.164+01:00 INFO : Filtering template 75/96 segment 4/5
2026-09-06T18:07:13.182+01:00 INFO : Filtering template 75/96 segment 5/5
2026-09-06T18:07:13.200+01:00 INFO : 2 points above threshold
2026-09-06T18:07:13.205+01:00 INFO : 75: generating IMRPhenomD from 30.0 Hz
2026-09-06T18:07:13.208+01:00 INFO : Decompressing waveform using inline_linear
2026-09-06T18:07:13.212+01:00 INFO : Filtering template 76/96 segment 1/5
2026-09-06T18:07:13.232+01:00 INFO : 1 points above threshold
2026-09-06T18:07:13.247+01:00 INFO : Filtering template 76/96 segment 2/5
2026-09-06T18:07:13.265+01:00 INFO : Filtering template 76/96 segment 3/5
2026-09-06T18:07:13.283+01:00 INFO : 1 points above threshold
2026-09-06T18:07:13.288+01:00 INFO : Filtering template 76/96 segment 4/5
2026-09-06T18:07:13.305+01:00 INFO : Filtering template 76/96 segment 5/5
2026-09-06T18:07:13.323+01:00 INFO : 2 points above threshold
2026-09-06T18:07:13.329+01:00 INFO : 76: generating IMRPhenomD from 30.0 Hz
2026-09-06T18:07:13.331+01:00 INFO : Decompressing waveform using inline_linear
2026-09-06T18:07:13.336+01:00 INFO : Filtering template 77/96 segment 1/5
2026-09-06T18:07:13.356+01:00 INFO : Filtering template 77/96 segment 2/5
2026-09-06T18:07:13.374+01:00 INFO : 1 points above threshold
2026-09-06T18:07:13.389+01:00 INFO : Filtering template 77/96 segment 3/5
2026-09-06T18:07:13.406+01:00 INFO : Filtering template 77/96 segment 4/5
2026-09-06T18:07:13.424+01:00 INFO : 1 points above threshold
2026-09-06T18:07:13.430+01:00 INFO : Filtering template 77/96 segment 5/5
2026-09-06T18:07:13.448+01:00 INFO : 77: generating IMRPhenomD from 30.0 Hz
2026-09-06T18:07:13.451+01:00 INFO : Decompressing waveform using inline_linear
2026-09-06T18:07:13.455+01:00 INFO : Filtering template 78/96 segment 1/5
2026-09-06T18:07:13.475+01:00 INFO : Filtering template 78/96 segment 2/5
2026-09-06T18:07:13.493+01:00 INFO : Filtering template 78/96 segment 3/5
2026-09-06T18:07:13.511+01:00 INFO : Filtering template 78/96 segment 4/5
2026-09-06T18:07:13.529+01:00 INFO : 1 points above threshold
2026-09-06T18:07:13.543+01:00 INFO : Filtering template 78/96 segment 5/5
2026-09-06T18:07:13.561+01:00 INFO : 78: generating IMRPhenomD from 30.0 Hz
2026-09-06T18:07:13.564+01:00 INFO : Decompressing waveform using inline_linear
2026-09-06T18:07:13.569+01:00 INFO : Filtering template 79/96 segment 1/5
2026-09-06T18:07:13.589+01:00 INFO : 2 points above threshold
2026-09-06T18:07:13.603+01:00 INFO : Filtering template 79/96 segment 2/5
2026-09-06T18:07:13.621+01:00 INFO : Filtering template 79/96 segment 3/5
2026-09-06T18:07:13.639+01:00 INFO : 1 points above threshold
2026-09-06T18:07:13.644+01:00 INFO : Filtering template 79/96 segment 4/5
2026-09-06T18:07:13.662+01:00 INFO : 1 points above threshold
2026-09-06T18:07:13.667+01:00 INFO : Filtering template 79/96 segment 5/5
2026-09-06T18:07:13.685+01:00 INFO : 3 points above threshold
2026-09-06T18:07:13.692+01:00 INFO : 79: generating IMRPhenomD from 30.0 Hz
2026-09-06T18:07:13.695+01:00 INFO : Decompressing waveform using inline_linear
2026-09-06T18:07:13.699+01:00 INFO : Filtering template 80/96 segment 1/5
2026-09-06T18:07:13.720+01:00 INFO : 2 points above threshold
2026-09-06T18:07:13.734+01:00 INFO : Filtering template 80/96 segment 2/5
2026-09-06T18:07:13.752+01:00 INFO : 1 points above threshold
2026-09-06T18:07:13.757+01:00 INFO : Filtering template 80/96 segment 3/5
2026-09-06T18:07:13.775+01:00 INFO : 1 points above threshold
2026-09-06T18:07:13.780+01:00 INFO : Filtering template 80/96 segment 4/5
2026-09-06T18:07:13.797+01:00 INFO : Filtering template 80/96 segment 5/5
2026-09-06T18:07:13.816+01:00 INFO : 1 points above threshold
2026-09-06T18:07:13.821+01:00 INFO : 80: generating IMRPhenomD from 30.0 Hz
2026-09-06T18:07:13.824+01:00 INFO : Decompressing waveform using inline_linear
2026-09-06T18:07:13.828+01:00 INFO : Filtering template 81/96 segment 1/5
2026-09-06T18:07:13.848+01:00 INFO : 1 points above threshold
2026-09-06T18:07:13.863+01:00 INFO : Filtering template 81/96 segment 2/5
2026-09-06T18:07:13.881+01:00 INFO : 2 points above threshold
2026-09-06T18:07:13.886+01:00 INFO : Filtering template 81/96 segment 3/5
2026-09-06T18:07:13.904+01:00 INFO : 1 points above threshold
2026-09-06T18:07:13.909+01:00 INFO : Filtering template 81/96 segment 4/5
2026-09-06T18:07:13.927+01:00 INFO : Filtering template 81/96 segment 5/5
2026-09-06T18:07:13.945+01:00 INFO : 1 points above threshold
2026-09-06T18:07:13.950+01:00 INFO : 81: generating IMRPhenomD from 30.0 Hz
2026-09-06T18:07:13.953+01:00 INFO : Decompressing waveform using inline_linear
2026-09-06T18:07:13.958+01:00 INFO : Filtering template 82/96 segment 1/5
2026-09-06T18:07:13.977+01:00 INFO : Filtering template 82/96 segment 2/5
2026-09-06T18:07:13.995+01:00 INFO : 2 points above threshold
2026-09-06T18:07:14.010+01:00 INFO : Filtering template 82/96 segment 3/5
2026-09-06T18:07:14.028+01:00 INFO : 1 points above threshold
2026-09-06T18:07:14.033+01:00 INFO : Filtering template 82/96 segment 4/5
2026-09-06T18:07:14.051+01:00 INFO : Filtering template 82/96 segment 5/5
2026-09-06T18:07:14.069+01:00 INFO : 82: generating IMRPhenomD from 30.0 Hz
2026-09-06T18:07:14.072+01:00 INFO : Decompressing waveform using inline_linear
2026-09-06T18:07:14.076+01:00 INFO : Filtering template 83/96 segment 1/5
2026-09-06T18:07:14.096+01:00 INFO : 1 points above threshold
2026-09-06T18:07:14.111+01:00 INFO : Filtering template 83/96 segment 2/5
2026-09-06T18:07:14.129+01:00 INFO : 2 points above threshold
2026-09-06T18:07:14.135+01:00 INFO : Filtering template 83/96 segment 3/5
2026-09-06T18:07:14.152+01:00 INFO : 2 points above threshold
2026-09-06T18:07:14.158+01:00 INFO : Filtering template 83/96 segment 4/5
2026-09-06T18:07:14.176+01:00 INFO : 3 points above threshold
2026-09-06T18:07:14.183+01:00 INFO : Filtering template 83/96 segment 5/5
2026-09-06T18:07:14.200+01:00 INFO : 3 points above threshold
2026-09-06T18:07:14.208+01:00 INFO : 83: generating IMRPhenomD from 30.0 Hz
2026-09-06T18:07:14.210+01:00 INFO : Decompressing waveform using inline_linear
2026-09-06T18:07:14.215+01:00 INFO : Filtering template 84/96 segment 1/5
2026-09-06T18:07:14.235+01:00 INFO : Filtering template 84/96 segment 2/5
2026-09-06T18:07:14.253+01:00 INFO : Filtering template 84/96 segment 3/5
2026-09-06T18:07:14.271+01:00 INFO : 1 points above threshold
2026-09-06T18:07:14.285+01:00 INFO : Filtering template 84/96 segment 4/5
2026-09-06T18:07:14.303+01:00 INFO : 3 points above threshold
2026-09-06T18:07:14.310+01:00 INFO : Filtering template 84/96 segment 5/5
2026-09-06T18:07:14.328+01:00 INFO : 84: generating IMRPhenomD from 30.0 Hz
2026-09-06T18:07:14.331+01:00 INFO : Decompressing waveform using inline_linear
2026-09-06T18:07:14.336+01:00 INFO : Filtering template 85/96 segment 1/5
2026-09-06T18:07:14.356+01:00 INFO : 1 points above threshold
2026-09-06T18:07:14.370+01:00 INFO : Filtering template 85/96 segment 2/5
2026-09-06T18:07:14.388+01:00 INFO : 2 points above threshold
2026-09-06T18:07:14.393+01:00 INFO : Filtering template 85/96 segment 3/5
2026-09-06T18:07:14.411+01:00 INFO : 1 points above threshold
2026-09-06T18:07:14.416+01:00 INFO : Filtering template 85/96 segment 4/5
2026-09-06T18:07:14.434+01:00 INFO : 3 points above threshold
2026-09-06T18:07:14.441+01:00 INFO : Filtering template 85/96 segment 5/5
2026-09-06T18:07:14.459+01:00 INFO : 2 points above threshold
2026-09-06T18:07:14.464+01:00 INFO : 85: generating IMRPhenomD from 30.0 Hz
2026-09-06T18:07:14.467+01:00 INFO : Decompressing waveform using inline_linear
2026-09-06T18:07:14.472+01:00 INFO : Filtering template 86/96 segment 1/5
2026-09-06T18:07:14.492+01:00 INFO : 2 points above threshold
2026-09-06T18:07:14.506+01:00 INFO : Filtering template 86/96 segment 2/5
2026-09-06T18:07:14.524+01:00 INFO : 2 points above threshold
2026-09-06T18:07:14.529+01:00 INFO : Filtering template 86/96 segment 3/5
2026-09-06T18:07:14.547+01:00 INFO : 1 points above threshold
2026-09-06T18:07:14.552+01:00 INFO : Filtering template 86/96 segment 4/5
2026-09-06T18:07:14.570+01:00 INFO : 1 points above threshold
2026-09-06T18:07:14.575+01:00 INFO : Filtering template 86/96 segment 5/5
2026-09-06T18:07:14.593+01:00 INFO : 2 points above threshold
2026-09-06T18:07:14.598+01:00 INFO : 86: generating IMRPhenomD from 30.0 Hz
2026-09-06T18:07:14.601+01:00 INFO : Decompressing waveform using inline_linear
2026-09-06T18:07:14.605+01:00 INFO : Filtering template 87/96 segment 1/5
2026-09-06T18:07:14.625+01:00 INFO : 1 points above threshold
2026-09-06T18:07:14.640+01:00 INFO : Filtering template 87/96 segment 2/5
2026-09-06T18:07:14.658+01:00 INFO : 2 points above threshold
2026-09-06T18:07:14.663+01:00 INFO : Filtering template 87/96 segment 3/5
2026-09-06T18:07:14.680+01:00 INFO : 1 points above threshold
2026-09-06T18:07:14.686+01:00 INFO : Filtering template 87/96 segment 4/5
2026-09-06T18:07:14.703+01:00 INFO : 1 points above threshold
2026-09-06T18:07:14.708+01:00 INFO : Filtering template 87/96 segment 5/5
2026-09-06T18:07:14.727+01:00 INFO : 1 points above threshold
2026-09-06T18:07:14.732+01:00 INFO : 87: generating IMRPhenomD from 30.0 Hz
2026-09-06T18:07:14.734+01:00 INFO : Decompressing waveform using inline_linear
2026-09-06T18:07:14.739+01:00 INFO : Filtering template 88/96 segment 1/5
2026-09-06T18:07:14.759+01:00 INFO : 2 points above threshold
2026-09-06T18:07:14.774+01:00 INFO : Filtering template 88/96 segment 2/5
2026-09-06T18:07:14.791+01:00 INFO : 1 points above threshold
2026-09-06T18:07:14.796+01:00 INFO : Filtering template 88/96 segment 3/5
2026-09-06T18:07:14.814+01:00 INFO : Filtering template 88/96 segment 4/5
2026-09-06T18:07:14.832+01:00 INFO : Filtering template 88/96 segment 5/5
2026-09-06T18:07:14.850+01:00 INFO : 2 points above threshold
2026-09-06T18:07:14.855+01:00 INFO : 88: generating IMRPhenomD from 30.0 Hz
2026-09-06T18:07:14.858+01:00 INFO : Decompressing waveform using inline_linear
2026-09-06T18:07:14.863+01:00 INFO : Filtering template 89/96 segment 1/5
2026-09-06T18:07:14.883+01:00 INFO : 2 points above threshold
2026-09-06T18:07:14.898+01:00 INFO : Filtering template 89/96 segment 2/5
2026-09-06T18:07:14.916+01:00 INFO : 1 points above threshold
2026-09-06T18:07:14.921+01:00 INFO : Filtering template 89/96 segment 3/5
2026-09-06T18:07:14.939+01:00 INFO : 2 points above threshold
2026-09-06T18:07:14.944+01:00 INFO : Filtering template 89/96 segment 4/5
2026-09-06T18:07:14.962+01:00 INFO : Filtering template 89/96 segment 5/5
2026-09-06T18:07:14.980+01:00 INFO : 89: generating IMRPhenomD from 30.0 Hz
2026-09-06T18:07:14.983+01:00 INFO : Decompressing waveform using inline_linear
2026-09-06T18:07:14.988+01:00 INFO : Filtering template 90/96 segment 1/5
2026-09-06T18:07:15.008+01:00 INFO : Filtering template 90/96 segment 2/5
2026-09-06T18:07:15.025+01:00 INFO : 1 points above threshold
2026-09-06T18:07:15.040+01:00 INFO : Filtering template 90/96 segment 3/5
2026-09-06T18:07:15.058+01:00 INFO : 3 points above threshold
2026-09-06T18:07:15.065+01:00 INFO : Filtering template 90/96 segment 4/5
2026-09-06T18:07:15.083+01:00 INFO : Filtering template 90/96 segment 5/5
2026-09-06T18:07:15.100+01:00 INFO : 1 points above threshold
2026-09-06T18:07:15.106+01:00 INFO : 90: generating IMRPhenomD from 30.0 Hz
2026-09-06T18:07:15.108+01:00 INFO : Decompressing waveform using inline_linear
2026-09-06T18:07:15.113+01:00 INFO : Filtering template 91/96 segment 1/5
2026-09-06T18:07:15.133+01:00 INFO : Filtering template 91/96 segment 2/5
2026-09-06T18:07:15.151+01:00 INFO : 2 points above threshold
2026-09-06T18:07:15.167+01:00 INFO : Filtering template 91/96 segment 3/5
2026-09-06T18:07:15.184+01:00 INFO : 3 points above threshold
2026-09-06T18:07:15.191+01:00 INFO : Filtering template 91/96 segment 4/5
2026-09-06T18:07:15.209+01:00 INFO : Filtering template 91/96 segment 5/5
2026-09-06T18:07:15.227+01:00 INFO : 1 points above threshold
2026-09-06T18:07:15.233+01:00 INFO : 91: generating IMRPhenomD from 30.0 Hz
2026-09-06T18:07:15.235+01:00 INFO : Decompressing waveform using inline_linear
2026-09-06T18:07:15.240+01:00 INFO : Filtering template 92/96 segment 1/5
2026-09-06T18:07:15.260+01:00 INFO : 2 points above threshold
2026-09-06T18:07:15.275+01:00 INFO : Filtering template 92/96 segment 2/5
2026-09-06T18:07:15.292+01:00 INFO : 1 points above threshold
2026-09-06T18:07:15.298+01:00 INFO : Filtering template 92/96 segment 3/5
2026-09-06T18:07:15.315+01:00 INFO : 2 points above threshold
2026-09-06T18:07:15.321+01:00 INFO : Filtering template 92/96 segment 4/5
2026-09-06T18:07:15.338+01:00 INFO : 1 points above threshold
2026-09-06T18:07:15.344+01:00 INFO : Filtering template 92/96 segment 5/5
2026-09-06T18:07:15.361+01:00 INFO : 1 points above threshold
2026-09-06T18:07:15.367+01:00 INFO : 92: generating IMRPhenomD from 30.0 Hz
2026-09-06T18:07:15.369+01:00 INFO : Decompressing waveform using inline_linear
2026-09-06T18:07:15.374+01:00 INFO : Filtering template 93/96 segment 1/5
2026-09-06T18:07:15.394+01:00 INFO : Filtering template 93/96 segment 2/5
2026-09-06T18:07:15.412+01:00 INFO : 3 points above threshold
2026-09-06T18:07:15.428+01:00 INFO : Filtering template 93/96 segment 3/5
2026-09-06T18:07:15.446+01:00 INFO : 3 points above threshold
2026-09-06T18:07:15.453+01:00 INFO : Filtering template 93/96 segment 4/5
2026-09-06T18:07:15.471+01:00 INFO : 1 points above threshold
2026-09-06T18:07:15.476+01:00 INFO : Filtering template 93/96 segment 5/5
2026-09-06T18:07:15.494+01:00 INFO : 1 points above threshold
2026-09-06T18:07:15.499+01:00 INFO : 93: generating IMRPhenomD from 30.0 Hz
2026-09-06T18:07:15.502+01:00 INFO : Decompressing waveform using inline_linear
2026-09-06T18:07:15.507+01:00 INFO : Filtering template 94/96 segment 1/5
2026-09-06T18:07:15.527+01:00 INFO : 1 points above threshold
2026-09-06T18:07:15.541+01:00 INFO : Filtering template 94/96 segment 2/5
2026-09-06T18:07:15.559+01:00 INFO : 2 points above threshold
2026-09-06T18:07:15.564+01:00 INFO : Filtering template 94/96 segment 3/5
2026-09-06T18:07:15.582+01:00 INFO : 4 points above threshold
2026-09-06T18:07:15.587+01:00 INFO : Filtering template 94/96 segment 4/5
2026-09-06T18:07:15.605+01:00 INFO : Filtering template 94/96 segment 5/5
2026-09-06T18:07:15.623+01:00 INFO : 2 points above threshold
2026-09-06T18:07:15.628+01:00 INFO : 94: generating IMRPhenomD from 30.0 Hz
2026-09-06T18:07:15.631+01:00 INFO : Decompressing waveform using inline_linear
2026-09-06T18:07:15.636+01:00 INFO : Filtering template 95/96 segment 1/5
2026-09-06T18:07:15.656+01:00 INFO : 3 points above threshold
2026-09-06T18:07:15.672+01:00 INFO : Filtering template 95/96 segment 2/5
2026-09-06T18:07:15.690+01:00 INFO : 2 points above threshold
2026-09-06T18:07:15.695+01:00 INFO : Filtering template 95/96 segment 3/5
2026-09-06T18:07:15.713+01:00 INFO : 2 points above threshold
2026-09-06T18:07:15.718+01:00 INFO : Filtering template 95/96 segment 4/5
2026-09-06T18:07:15.735+01:00 INFO : 1 points above threshold
2026-09-06T18:07:15.741+01:00 INFO : Filtering template 95/96 segment 5/5
2026-09-06T18:07:15.759+01:00 INFO : 95: generating IMRPhenomD from 30.0 Hz
2026-09-06T18:07:15.778+01:00 INFO : Decompressing waveform using inline_linear
2026-09-06T18:07:15.782+01:00 INFO : Filtering template 96/96 segment 1/5
2026-09-06T18:07:15.811+01:00 INFO : 2 points above threshold
2026-09-06T18:07:15.828+01:00 INFO : Filtering template 96/96 segment 2/5
2026-09-06T18:07:15.846+01:00 INFO : Filtering template 96/96 segment 3/5
2026-09-06T18:07:15.864+01:00 INFO : Filtering template 96/96 segment 4/5
2026-09-06T18:07:15.882+01:00 INFO : 1 points above threshold
2026-09-06T18:07:15.887+01:00 INFO : Filtering template 96/96 segment 5/5
2026-09-06T18:07:15.905+01:00 INFO : We currently have 527 triggers
2026-09-06T18:07:15.906+01:00 INFO : Removing triggers with NewSNR below threshold
2026-09-06T18:07:15.906+01:00 INFO : 477 remaining triggers
2026-09-06T18:07:15.906+01:00 INFO : Outputting 477 triggers
2026-09-06T18:07:15.906+01:00 INFO : Writing out triggers
2026-09-06T18:07:15.917+01:00 INFO : Finished
