2026-09-06T17:48:11.685+01:00 INFO : Running with CPU support: 1 threads
2026-09-06T17:48:11.685+01:00 INFO : Reading Frames
2026-09-06T17:48:18.382+01:00 INFO : Highpass Filtering
2026-09-06T17:48:18.834+01:00 INFO : Resampling data
2026-09-06T17:48:18.846+01:00 INFO : Converting to float32
/home/xangma/pycbc-torch-inspiral-reference-20260906/source/pycbc/types/array.py:872: RuntimeWarning: divide by zero encountered in divide
  return self._data.__rtruediv__(other)
2026-09-06T17:48:23.938+01:00 INFO : Highpass Filtering
2026-09-06T17:48:24.380+01:00 INFO : Remove Padding
2026-09-06T17:48:24.428+01:00 INFO : Making frequency-domain data segments
/home/xangma/pycbc-torch-inspiral-reference-20260906/source/pycbc/types/array.py:872: RuntimeWarning: divide by zero encountered in divide
  return self._data.__rtruediv__(other)
2026-09-06T17:48:26.152+01:00 INFO : Overwhitening frequency-domain data segments
2026-09-06T17:48:26.171+01:00 INFO : Read in template bank
2026-09-06T17:48:26.183+01:00 INFO : Full template bank size: 96
2026-09-06T17:48:26.183+01:00 INFO : Template bank size after thinning: 96
2026-09-06T17:48:26.183+01:00 INFO : 0: generating IMRPhenomD from 30.0 Hz
2026-09-06T17:48:26.186+01:00 INFO : Decompressing waveform using inline_linear
2026-09-06T17:48:26.192+01:00 INFO : Filtering template 1/96 segment 1/5
2026-09-06T17:48:26.219+01:00 INFO : 1 points above threshold
2026-09-06T17:48:26.238+01:00 INFO : Filtering template 1/96 segment 2/5
2026-09-06T17:48:26.256+01:00 INFO : Filtering template 1/96 segment 3/5
2026-09-06T17:48:26.274+01:00 INFO : 1 points above threshold
2026-09-06T17:48:26.279+01:00 INFO : Filtering template 1/96 segment 4/5
2026-09-06T17:48:26.297+01:00 INFO : Filtering template 1/96 segment 5/5
2026-09-06T17:48:26.315+01:00 INFO : 1 points above threshold
2026-09-06T17:48:26.320+01:00 INFO : 1: generating IMRPhenomD from 30.0 Hz
2026-09-06T17:48:26.323+01:00 INFO : Decompressing waveform using inline_linear
2026-09-06T17:48:26.328+01:00 INFO : Filtering template 2/96 segment 1/5
2026-09-06T17:48:26.348+01:00 INFO : 1 points above threshold
2026-09-06T17:48:26.366+01:00 INFO : Filtering template 2/96 segment 2/5
2026-09-06T17:48:26.384+01:00 INFO : 1 points above threshold
2026-09-06T17:48:26.389+01:00 INFO : Filtering template 2/96 segment 3/5
2026-09-06T17:48:26.406+01:00 INFO : 2 points above threshold
2026-09-06T17:48:26.412+01:00 INFO : Filtering template 2/96 segment 4/5
2026-09-06T17:48:26.429+01:00 INFO : Filtering template 2/96 segment 5/5
2026-09-06T17:48:26.447+01:00 INFO : 1 points above threshold
2026-09-06T17:48:26.453+01:00 INFO : 2: generating IMRPhenomD from 30.0 Hz
2026-09-06T17:48:26.456+01:00 INFO : Decompressing waveform using inline_linear
2026-09-06T17:48:26.460+01:00 INFO : Filtering template 3/96 segment 1/5
2026-09-06T17:48:26.480+01:00 INFO : 3 points above threshold
2026-09-06T17:48:26.497+01:00 INFO : Filtering template 3/96 segment 2/5
2026-09-06T17:48:26.515+01:00 INFO : Filtering template 3/96 segment 3/5
2026-09-06T17:48:26.533+01:00 INFO : 1 points above threshold
2026-09-06T17:48:26.538+01:00 INFO : Filtering template 3/96 segment 4/5
2026-09-06T17:48:26.556+01:00 INFO : 1 points above threshold
2026-09-06T17:48:26.561+01:00 INFO : Filtering template 3/96 segment 5/5
2026-09-06T17:48:26.579+01:00 INFO : 3: generating IMRPhenomD from 30.0 Hz
2026-09-06T17:48:26.582+01:00 INFO : Decompressing waveform using inline_linear
2026-09-06T17:48:26.587+01:00 INFO : Filtering template 4/96 segment 1/5
2026-09-06T17:48:26.607+01:00 INFO : 1 points above threshold
2026-09-06T17:48:26.620+01:00 INFO : Filtering template 4/96 segment 2/5
2026-09-06T17:48:26.637+01:00 INFO : 1 points above threshold
2026-09-06T17:48:26.642+01:00 INFO : Filtering template 4/96 segment 3/5
2026-09-06T17:48:26.660+01:00 INFO : 2 points above threshold
2026-09-06T17:48:26.665+01:00 INFO : Filtering template 4/96 segment 4/5
2026-09-06T17:48:26.683+01:00 INFO : 2 points above threshold
2026-09-06T17:48:26.688+01:00 INFO : Filtering template 4/96 segment 5/5
2026-09-06T17:48:26.706+01:00 INFO : 2 points above threshold
2026-09-06T17:48:26.711+01:00 INFO : 4: generating IMRPhenomD from 30.0 Hz
2026-09-06T17:48:26.714+01:00 INFO : Decompressing waveform using inline_linear
2026-09-06T17:48:26.719+01:00 INFO : Filtering template 5/96 segment 1/5
2026-09-06T17:48:26.739+01:00 INFO : 1 points above threshold
2026-09-06T17:48:26.752+01:00 INFO : Filtering template 5/96 segment 2/5
2026-09-06T17:48:26.770+01:00 INFO : 2 points above threshold
2026-09-06T17:48:26.775+01:00 INFO : Filtering template 5/96 segment 3/5
2026-09-06T17:48:26.793+01:00 INFO : 2 points above threshold
2026-09-06T17:48:26.798+01:00 INFO : Filtering template 5/96 segment 4/5
2026-09-06T17:48:26.816+01:00 INFO : 2 points above threshold
2026-09-06T17:48:26.821+01:00 INFO : Filtering template 5/96 segment 5/5
2026-09-06T17:48:26.839+01:00 INFO : 5: generating IMRPhenomD from 30.0 Hz
2026-09-06T17:48:26.842+01:00 INFO : Decompressing waveform using inline_linear
2026-09-06T17:48:26.847+01:00 INFO : Filtering template 6/96 segment 1/5
2026-09-06T17:48:26.867+01:00 INFO : 1 points above threshold
2026-09-06T17:48:26.880+01:00 INFO : Filtering template 6/96 segment 2/5
2026-09-06T17:48:26.898+01:00 INFO : Filtering template 6/96 segment 3/5
2026-09-06T17:48:26.915+01:00 INFO : Filtering template 6/96 segment 4/5
2026-09-06T17:48:26.933+01:00 INFO : 1 points above threshold
2026-09-06T17:48:26.938+01:00 INFO : Filtering template 6/96 segment 5/5
2026-09-06T17:48:26.956+01:00 INFO : 1 points above threshold
2026-09-06T17:48:26.962+01:00 INFO : 6: generating IMRPhenomD from 30.0 Hz
2026-09-06T17:48:26.964+01:00 INFO : Decompressing waveform using inline_linear
2026-09-06T17:48:26.969+01:00 INFO : Filtering template 7/96 segment 1/5
2026-09-06T17:48:26.989+01:00 INFO : 2 points above threshold
2026-09-06T17:48:27.004+01:00 INFO : Filtering template 7/96 segment 2/5
2026-09-06T17:48:27.021+01:00 INFO : Filtering template 7/96 segment 3/5
2026-09-06T17:48:27.039+01:00 INFO : Filtering template 7/96 segment 4/5
2026-09-06T17:48:27.057+01:00 INFO : 1 points above threshold
2026-09-06T17:48:27.062+01:00 INFO : Filtering template 7/96 segment 5/5
2026-09-06T17:48:27.081+01:00 INFO : 7: generating IMRPhenomD from 30.0 Hz
2026-09-06T17:48:27.083+01:00 INFO : Decompressing waveform using inline_linear
2026-09-06T17:48:27.088+01:00 INFO : Filtering template 8/96 segment 1/5
2026-09-06T17:48:27.108+01:00 INFO : 1 points above threshold
2026-09-06T17:48:27.123+01:00 INFO : Filtering template 8/96 segment 2/5
2026-09-06T17:48:27.141+01:00 INFO : 1 points above threshold
2026-09-06T17:48:27.146+01:00 INFO : Filtering template 8/96 segment 3/5
2026-09-06T17:48:27.163+01:00 INFO : 4 points above threshold
2026-09-06T17:48:27.169+01:00 INFO : Filtering template 8/96 segment 4/5
2026-09-06T17:48:27.186+01:00 INFO : Filtering template 8/96 segment 5/5
2026-09-06T17:48:27.205+01:00 INFO : 8: generating IMRPhenomD from 30.0 Hz
2026-09-06T17:48:27.207+01:00 INFO : Decompressing waveform using inline_linear
2026-09-06T17:48:27.212+01:00 INFO : Filtering template 9/96 segment 1/5
2026-09-06T17:48:27.232+01:00 INFO : Filtering template 9/96 segment 2/5
2026-09-06T17:48:27.250+01:00 INFO : 1 points above threshold
2026-09-06T17:48:27.265+01:00 INFO : Filtering template 9/96 segment 3/5
2026-09-06T17:48:27.283+01:00 INFO : 2 points above threshold
2026-09-06T17:48:27.288+01:00 INFO : Filtering template 9/96 segment 4/5
2026-09-06T17:48:27.306+01:00 INFO : 1 points above threshold
2026-09-06T17:48:27.311+01:00 INFO : Filtering template 9/96 segment 5/5
2026-09-06T17:48:27.329+01:00 INFO : 3 points above threshold
2026-09-06T17:48:27.336+01:00 INFO : 9: generating IMRPhenomD from 30.0 Hz
2026-09-06T17:48:27.339+01:00 INFO : Decompressing waveform using inline_linear
2026-09-06T17:48:27.343+01:00 INFO : Filtering template 10/96 segment 1/5
2026-09-06T17:48:27.363+01:00 INFO : 1 points above threshold
2026-09-06T17:48:27.378+01:00 INFO : Filtering template 10/96 segment 2/5
2026-09-06T17:48:27.396+01:00 INFO : 1 points above threshold
2026-09-06T17:48:27.401+01:00 INFO : Filtering template 10/96 segment 3/5
2026-09-06T17:48:27.419+01:00 INFO : Filtering template 10/96 segment 4/5
2026-09-06T17:48:27.437+01:00 INFO : 2 points above threshold
2026-09-06T17:48:27.442+01:00 INFO : Filtering template 10/96 segment 5/5
2026-09-06T17:48:27.460+01:00 INFO : 1 points above threshold
2026-09-06T17:48:27.465+01:00 INFO : 10: generating IMRPhenomD from 30.0 Hz
2026-09-06T17:48:27.468+01:00 INFO : Decompressing waveform using inline_linear
2026-09-06T17:48:27.472+01:00 INFO : Filtering template 11/96 segment 1/5
2026-09-06T17:48:27.492+01:00 INFO : 4 points above threshold
2026-09-06T17:48:27.507+01:00 INFO : Filtering template 11/96 segment 2/5
2026-09-06T17:48:27.525+01:00 INFO : 2 points above threshold
2026-09-06T17:48:27.530+01:00 INFO : Filtering template 11/96 segment 3/5
2026-09-06T17:48:27.548+01:00 INFO : 1 points above threshold
2026-09-06T17:48:27.553+01:00 INFO : Filtering template 11/96 segment 4/5
2026-09-06T17:48:27.571+01:00 INFO : Filtering template 11/96 segment 5/5
2026-09-06T17:48:27.589+01:00 INFO : 11: generating IMRPhenomD from 30.0 Hz
2026-09-06T17:48:27.592+01:00 INFO : Decompressing waveform using inline_linear
2026-09-06T17:48:27.597+01:00 INFO : Filtering template 12/96 segment 1/5
2026-09-06T17:48:27.617+01:00 INFO : 1 points above threshold
2026-09-06T17:48:27.632+01:00 INFO : Filtering template 12/96 segment 2/5
2026-09-06T17:48:27.649+01:00 INFO : 1 points above threshold
2026-09-06T17:48:27.655+01:00 INFO : Filtering template 12/96 segment 3/5
2026-09-06T17:48:27.672+01:00 INFO : 1 points above threshold
2026-09-06T17:48:27.678+01:00 INFO : Filtering template 12/96 segment 4/5
2026-09-06T17:48:27.695+01:00 INFO : 3 points above threshold
2026-09-06T17:48:27.702+01:00 INFO : Filtering template 12/96 segment 5/5
2026-09-06T17:48:27.720+01:00 INFO : 12: generating IMRPhenomD from 30.0 Hz
2026-09-06T17:48:27.723+01:00 INFO : Decompressing waveform using inline_linear
2026-09-06T17:48:27.728+01:00 INFO : Filtering template 13/96 segment 1/5
2026-09-06T17:48:27.748+01:00 INFO : Filtering template 13/96 segment 2/5
2026-09-06T17:48:27.766+01:00 INFO : 4 points above threshold
2026-09-06T17:48:27.781+01:00 INFO : Filtering template 13/96 segment 3/5
2026-09-06T17:48:27.799+01:00 INFO : Filtering template 13/96 segment 4/5
2026-09-06T17:48:27.817+01:00 INFO : Filtering template 13/96 segment 5/5
2026-09-06T17:48:27.835+01:00 INFO : 1 points above threshold
2026-09-06T17:48:27.841+01:00 INFO : 13: generating IMRPhenomD from 30.0 Hz
2026-09-06T17:48:27.844+01:00 INFO : Decompressing waveform using inline_linear
2026-09-06T17:48:27.849+01:00 INFO : Filtering template 14/96 segment 1/5
2026-09-06T17:48:27.869+01:00 INFO : 1 points above threshold
2026-09-06T17:48:27.884+01:00 INFO : Filtering template 14/96 segment 2/5
2026-09-06T17:48:27.902+01:00 INFO : 2 points above threshold
2026-09-06T17:48:27.907+01:00 INFO : Filtering template 14/96 segment 3/5
2026-09-06T17:48:27.925+01:00 INFO : 3 points above threshold
2026-09-06T17:48:27.932+01:00 INFO : Filtering template 14/96 segment 4/5
2026-09-06T17:48:27.950+01:00 INFO : 2 points above threshold
2026-09-06T17:48:27.955+01:00 INFO : Filtering template 14/96 segment 5/5
2026-09-06T17:48:27.973+01:00 INFO : 14: generating IMRPhenomD from 30.0 Hz
2026-09-06T17:48:27.976+01:00 INFO : Decompressing waveform using inline_linear
2026-09-06T17:48:27.981+01:00 INFO : Filtering template 15/96 segment 1/5
2026-09-06T17:48:28.000+01:00 INFO : 1 points above threshold
2026-09-06T17:48:28.015+01:00 INFO : Filtering template 15/96 segment 2/5
2026-09-06T17:48:28.033+01:00 INFO : Filtering template 15/96 segment 3/5
2026-09-06T17:48:28.051+01:00 INFO : 1 points above threshold
2026-09-06T17:48:28.056+01:00 INFO : Filtering template 15/96 segment 4/5
2026-09-06T17:48:28.074+01:00 INFO : Filtering template 15/96 segment 5/5
2026-09-06T17:48:28.092+01:00 INFO : 3 points above threshold
2026-09-06T17:48:28.099+01:00 INFO : 15: generating IMRPhenomD from 30.0 Hz
2026-09-06T17:48:28.102+01:00 INFO : Decompressing waveform using inline_linear
2026-09-06T17:48:28.107+01:00 INFO : Filtering template 16/96 segment 1/5
2026-09-06T17:48:28.126+01:00 INFO : 1 points above threshold
2026-09-06T17:48:28.141+01:00 INFO : Filtering template 16/96 segment 2/5
2026-09-06T17:48:28.159+01:00 INFO : 2 points above threshold
2026-09-06T17:48:28.164+01:00 INFO : Filtering template 16/96 segment 3/5
2026-09-06T17:48:28.182+01:00 INFO : 3 points above threshold
2026-09-06T17:48:28.189+01:00 INFO : Filtering template 16/96 segment 4/5
2026-09-06T17:48:28.207+01:00 INFO : 2 points above threshold
2026-09-06T17:48:28.212+01:00 INFO : Filtering template 16/96 segment 5/5
2026-09-06T17:48:28.230+01:00 INFO : 16: generating IMRPhenomD from 30.0 Hz
2026-09-06T17:48:28.233+01:00 INFO : Decompressing waveform using inline_linear
2026-09-06T17:48:28.238+01:00 INFO : Filtering template 17/96 segment 1/5
2026-09-06T17:48:28.257+01:00 INFO : 2 points above threshold
2026-09-06T17:48:28.272+01:00 INFO : Filtering template 17/96 segment 2/5
2026-09-06T17:48:28.290+01:00 INFO : 3 points above threshold
2026-09-06T17:48:28.297+01:00 INFO : Filtering template 17/96 segment 3/5
2026-09-06T17:48:28.315+01:00 INFO : Filtering template 17/96 segment 4/5
2026-09-06T17:48:28.333+01:00 INFO : 2 points above threshold
2026-09-06T17:48:28.338+01:00 INFO : Filtering template 17/96 segment 5/5
2026-09-06T17:48:28.356+01:00 INFO : 3 points above threshold
2026-09-06T17:48:28.363+01:00 INFO : 17: generating IMRPhenomD from 30.0 Hz
2026-09-06T17:48:28.366+01:00 INFO : Decompressing waveform using inline_linear
2026-09-06T17:48:28.370+01:00 INFO : Filtering template 18/96 segment 1/5
2026-09-06T17:48:28.390+01:00 INFO : Filtering template 18/96 segment 2/5
2026-09-06T17:48:28.408+01:00 INFO : Filtering template 18/96 segment 3/5
2026-09-06T17:48:28.426+01:00 INFO : 1 points above threshold
2026-09-06T17:48:28.441+01:00 INFO : Filtering template 18/96 segment 4/5
2026-09-06T17:48:28.459+01:00 INFO : Filtering template 18/96 segment 5/5
2026-09-06T17:48:28.477+01:00 INFO : 2 points above threshold
2026-09-06T17:48:28.482+01:00 INFO : 18: generating IMRPhenomD from 30.0 Hz
2026-09-06T17:48:28.485+01:00 INFO : Decompressing waveform using inline_linear
2026-09-06T17:48:28.489+01:00 INFO : Filtering template 19/96 segment 1/5
2026-09-06T17:48:28.509+01:00 INFO : 3 points above threshold
2026-09-06T17:48:28.526+01:00 INFO : Filtering template 19/96 segment 2/5
2026-09-06T17:48:28.544+01:00 INFO : 1 points above threshold
2026-09-06T17:48:28.549+01:00 INFO : Filtering template 19/96 segment 3/5
2026-09-06T17:48:28.566+01:00 INFO : 1 points above threshold
2026-09-06T17:48:28.572+01:00 INFO : Filtering template 19/96 segment 4/5
2026-09-06T17:48:28.589+01:00 INFO : 3 points above threshold
2026-09-06T17:48:28.596+01:00 INFO : Filtering template 19/96 segment 5/5
2026-09-06T17:48:28.614+01:00 INFO : 1 points above threshold
2026-09-06T17:48:28.620+01:00 INFO : 19: generating IMRPhenomD from 30.0 Hz
2026-09-06T17:48:28.622+01:00 INFO : Decompressing waveform using inline_linear
2026-09-06T17:48:28.627+01:00 INFO : Filtering template 20/96 segment 1/5
2026-09-06T17:48:28.647+01:00 INFO : 1 points above threshold
2026-09-06T17:48:28.662+01:00 INFO : Filtering template 20/96 segment 2/5
2026-09-06T17:48:28.680+01:00 INFO : 4 points above threshold
2026-09-06T17:48:28.688+01:00 INFO : Filtering template 20/96 segment 3/5
2026-09-06T17:48:28.705+01:00 INFO : Filtering template 20/96 segment 4/5
2026-09-06T17:48:28.723+01:00 INFO : 2 points above threshold
2026-09-06T17:48:28.728+01:00 INFO : Filtering template 20/96 segment 5/5
2026-09-06T17:48:28.747+01:00 INFO : 20: generating IMRPhenomD from 30.0 Hz
2026-09-06T17:48:28.749+01:00 INFO : Decompressing waveform using inline_linear
2026-09-06T17:48:28.754+01:00 INFO : Filtering template 21/96 segment 1/5
2026-09-06T17:48:28.774+01:00 INFO : 1 points above threshold
2026-09-06T17:48:28.789+01:00 INFO : Filtering template 21/96 segment 2/5
2026-09-06T17:48:28.807+01:00 INFO : 1 points above threshold
2026-09-06T17:48:28.812+01:00 INFO : Filtering template 21/96 segment 3/5
2026-09-06T17:48:28.830+01:00 INFO : 1 points above threshold
2026-09-06T17:48:28.835+01:00 INFO : Filtering template 21/96 segment 4/5
2026-09-06T17:48:28.853+01:00 INFO : Filtering template 21/96 segment 5/5
2026-09-06T17:48:28.871+01:00 INFO : 21: generating IMRPhenomD from 30.0 Hz
2026-09-06T17:48:28.874+01:00 INFO : Decompressing waveform using inline_linear
2026-09-06T17:48:28.879+01:00 INFO : Filtering template 22/96 segment 1/5
2026-09-06T17:48:28.899+01:00 INFO : 5 points above threshold
2026-09-06T17:48:28.915+01:00 INFO : Filtering template 22/96 segment 2/5
2026-09-06T17:48:28.933+01:00 INFO : Filtering template 22/96 segment 3/5
2026-09-06T17:48:28.951+01:00 INFO : Filtering template 22/96 segment 4/5
2026-09-06T17:48:28.969+01:00 INFO : 1 points above threshold
2026-09-06T17:48:28.974+01:00 INFO : Filtering template 22/96 segment 5/5
2026-09-06T17:48:28.992+01:00 INFO : 1 points above threshold
2026-09-06T17:48:28.997+01:00 INFO : 22: generating IMRPhenomD from 30.0 Hz
2026-09-06T17:48:29.000+01:00 INFO : Decompressing waveform using inline_linear
2026-09-06T17:48:29.005+01:00 INFO : Filtering template 23/96 segment 1/5
2026-09-06T17:48:29.025+01:00 INFO : 2 points above threshold
2026-09-06T17:48:29.039+01:00 INFO : Filtering template 23/96 segment 2/5
2026-09-06T17:48:29.057+01:00 INFO : 1 points above threshold
2026-09-06T17:48:29.062+01:00 INFO : Filtering template 23/96 segment 3/5
2026-09-06T17:48:29.080+01:00 INFO : 1 points above threshold
2026-09-06T17:48:29.085+01:00 INFO : Filtering template 23/96 segment 4/5
2026-09-06T17:48:29.103+01:00 INFO : Filtering template 23/96 segment 5/5
2026-09-06T17:48:29.121+01:00 INFO : 23: generating IMRPhenomD from 30.0 Hz
2026-09-06T17:48:29.124+01:00 INFO : Decompressing waveform using inline_linear
2026-09-06T17:48:29.129+01:00 INFO : Filtering template 24/96 segment 1/5
2026-09-06T17:48:29.149+01:00 INFO : 1 points above threshold
2026-09-06T17:48:29.163+01:00 INFO : Filtering template 24/96 segment 2/5
2026-09-06T17:48:29.181+01:00 INFO : 2 points above threshold
2026-09-06T17:48:29.186+01:00 INFO : Filtering template 24/96 segment 3/5
2026-09-06T17:48:29.204+01:00 INFO : 1 points above threshold
2026-09-06T17:48:29.209+01:00 INFO : Filtering template 24/96 segment 4/5
2026-09-06T17:48:29.227+01:00 INFO : Filtering template 24/96 segment 5/5
2026-09-06T17:48:29.245+01:00 INFO : 2 points above threshold
2026-09-06T17:48:29.250+01:00 INFO : 24: generating IMRPhenomD from 30.0 Hz
2026-09-06T17:48:29.253+01:00 INFO : Decompressing waveform using inline_linear
2026-09-06T17:48:29.258+01:00 INFO : Filtering template 25/96 segment 1/5
2026-09-06T17:48:29.278+01:00 INFO : 2 points above threshold
2026-09-06T17:48:29.292+01:00 INFO : Filtering template 25/96 segment 2/5
2026-09-06T17:48:29.310+01:00 INFO : Filtering template 25/96 segment 3/5
2026-09-06T17:48:29.328+01:00 INFO : Filtering template 25/96 segment 4/5
2026-09-06T17:48:29.345+01:00 INFO : Filtering template 25/96 segment 5/5
2026-09-06T17:48:29.364+01:00 INFO : 25: generating IMRPhenomD from 30.0 Hz
2026-09-06T17:48:29.366+01:00 INFO : Decompressing waveform using inline_linear
2026-09-06T17:48:29.371+01:00 INFO : Filtering template 26/96 segment 1/5
2026-09-06T17:48:29.391+01:00 INFO : Filtering template 26/96 segment 2/5
2026-09-06T17:48:29.409+01:00 INFO : 2 points above threshold
2026-09-06T17:48:29.424+01:00 INFO : Filtering template 26/96 segment 3/5
2026-09-06T17:48:29.442+01:00 INFO : Filtering template 26/96 segment 4/5
2026-09-06T17:48:29.459+01:00 INFO : 2 points above threshold
2026-09-06T17:48:29.464+01:00 INFO : Filtering template 26/96 segment 5/5
2026-09-06T17:48:29.482+01:00 INFO : 2 points above threshold
2026-09-06T17:48:29.488+01:00 INFO : 26: generating IMRPhenomD from 30.0 Hz
2026-09-06T17:48:29.490+01:00 INFO : Decompressing waveform using inline_linear
2026-09-06T17:48:29.495+01:00 INFO : Filtering template 27/96 segment 1/5
2026-09-06T17:48:29.515+01:00 INFO : 3 points above threshold
2026-09-06T17:48:29.531+01:00 INFO : Filtering template 27/96 segment 2/5
2026-09-06T17:48:29.549+01:00 INFO : Filtering template 27/96 segment 3/5
2026-09-06T17:48:29.567+01:00 INFO : 1 points above threshold
2026-09-06T17:48:29.573+01:00 INFO : Filtering template 27/96 segment 4/5
2026-09-06T17:48:29.590+01:00 INFO : Filtering template 27/96 segment 5/5
2026-09-06T17:48:29.609+01:00 INFO : 27: generating IMRPhenomD from 30.0 Hz
2026-09-06T17:48:29.612+01:00 INFO : Decompressing waveform using inline_linear
2026-09-06T17:48:29.616+01:00 INFO : Filtering template 28/96 segment 1/5
2026-09-06T17:48:29.636+01:00 INFO : 4 points above threshold
2026-09-06T17:48:29.651+01:00 INFO : Filtering template 28/96 segment 2/5
2026-09-06T17:48:29.669+01:00 INFO : 1 points above threshold
2026-09-06T17:48:29.674+01:00 INFO : Filtering template 28/96 segment 3/5
2026-09-06T17:48:29.692+01:00 INFO : 2 points above threshold
2026-09-06T17:48:29.697+01:00 INFO : Filtering template 28/96 segment 4/5
2026-09-06T17:48:29.715+01:00 INFO : 1 points above threshold
2026-09-06T17:48:29.720+01:00 INFO : Filtering template 28/96 segment 5/5
2026-09-06T17:48:29.738+01:00 INFO : 28: generating IMRPhenomD from 30.0 Hz
2026-09-06T17:48:29.741+01:00 INFO : Decompressing waveform using inline_linear
2026-09-06T17:48:29.745+01:00 INFO : Filtering template 29/96 segment 1/5
2026-09-06T17:48:29.765+01:00 INFO : 2 points above threshold
2026-09-06T17:48:29.780+01:00 INFO : Filtering template 29/96 segment 2/5
2026-09-06T17:48:29.798+01:00 INFO : 2 points above threshold
2026-09-06T17:48:29.803+01:00 INFO : Filtering template 29/96 segment 3/5
2026-09-06T17:48:29.820+01:00 INFO : 1 points above threshold
2026-09-06T17:48:29.826+01:00 INFO : Filtering template 29/96 segment 4/5
2026-09-06T17:48:29.843+01:00 INFO : 2 points above threshold
2026-09-06T17:48:29.848+01:00 INFO : Filtering template 29/96 segment 5/5
2026-09-06T17:48:29.866+01:00 INFO : 3 points above threshold
2026-09-06T17:48:29.873+01:00 INFO : 29: generating IMRPhenomD from 30.0 Hz
2026-09-06T17:48:29.876+01:00 INFO : Decompressing waveform using inline_linear
2026-09-06T17:48:29.881+01:00 INFO : Filtering template 30/96 segment 1/5
2026-09-06T17:48:29.901+01:00 INFO : 1 points above threshold
2026-09-06T17:48:29.916+01:00 INFO : Filtering template 30/96 segment 2/5
2026-09-06T17:48:29.933+01:00 INFO : 1 points above threshold
2026-09-06T17:48:29.939+01:00 INFO : Filtering template 30/96 segment 3/5
2026-09-06T17:48:29.956+01:00 INFO : 1 points above threshold
2026-09-06T17:48:29.961+01:00 INFO : Filtering template 30/96 segment 4/5
2026-09-06T17:48:29.979+01:00 INFO : Filtering template 30/96 segment 5/5
2026-09-06T17:48:29.998+01:00 INFO : 30: generating IMRPhenomD from 30.0 Hz
2026-09-06T17:48:30.000+01:00 INFO : Decompressing waveform using inline_linear
2026-09-06T17:48:30.005+01:00 INFO : Filtering template 31/96 segment 1/5
2026-09-06T17:48:30.025+01:00 INFO : Filtering template 31/96 segment 2/5
2026-09-06T17:48:30.043+01:00 INFO : 1 points above threshold
2026-09-06T17:48:30.057+01:00 INFO : Filtering template 31/96 segment 3/5
2026-09-06T17:48:30.075+01:00 INFO : Filtering template 31/96 segment 4/5
2026-09-06T17:48:30.093+01:00 INFO : 1 points above threshold
2026-09-06T17:48:30.098+01:00 INFO : Filtering template 31/96 segment 5/5
2026-09-06T17:48:30.116+01:00 INFO : 1 points above threshold
2026-09-06T17:48:30.122+01:00 INFO : 31: generating IMRPhenomD from 30.0 Hz
2026-09-06T17:48:30.124+01:00 INFO : Decompressing waveform using inline_linear
2026-09-06T17:48:30.129+01:00 INFO : Filtering template 32/96 segment 1/5
2026-09-06T17:48:30.149+01:00 INFO : Filtering template 32/96 segment 2/5
2026-09-06T17:48:30.167+01:00 INFO : Filtering template 32/96 segment 3/5
2026-09-06T17:48:30.185+01:00 INFO : Filtering template 32/96 segment 4/5
2026-09-06T17:48:30.203+01:00 INFO : 3 points above threshold
2026-09-06T17:48:30.219+01:00 INFO : Filtering template 32/96 segment 5/5
2026-09-06T17:48:30.237+01:00 INFO : 2 points above threshold
2026-09-06T17:48:30.242+01:00 INFO : 32: generating IMRPhenomD from 30.0 Hz
2026-09-06T17:48:30.256+01:00 INFO : Decompressing waveform using inline_linear
2026-09-06T17:48:30.261+01:00 INFO : Filtering template 33/96 segment 1/5
2026-09-06T17:48:30.287+01:00 INFO : 2 points above threshold
2026-09-06T17:48:30.304+01:00 INFO : Filtering template 33/96 segment 2/5
2026-09-06T17:48:30.322+01:00 INFO : Filtering template 33/96 segment 3/5
2026-09-06T17:48:30.340+01:00 INFO : Filtering template 33/96 segment 4/5
2026-09-06T17:48:30.358+01:00 INFO : 1 points above threshold
2026-09-06T17:48:30.363+01:00 INFO : Filtering template 33/96 segment 5/5
2026-09-06T17:48:30.383+01:00 INFO : 33: generating IMRPhenomD from 30.0 Hz
2026-09-06T17:48:30.386+01:00 INFO : Decompressing waveform using inline_linear
2026-09-06T17:48:30.390+01:00 INFO : Filtering template 34/96 segment 1/5
2026-09-06T17:48:30.411+01:00 INFO : Filtering template 34/96 segment 2/5
2026-09-06T17:48:30.431+01:00 INFO : 1 points above threshold
2026-09-06T17:48:30.447+01:00 INFO : Filtering template 34/96 segment 3/5
2026-09-06T17:48:30.466+01:00 INFO : 1 points above threshold
2026-09-06T17:48:30.472+01:00 INFO : Filtering template 34/96 segment 4/5
2026-09-06T17:48:30.490+01:00 INFO : Filtering template 34/96 segment 5/5
2026-09-06T17:48:30.508+01:00 INFO : 1 points above threshold
2026-09-06T17:48:30.513+01:00 INFO : 34: generating IMRPhenomD from 30.0 Hz
2026-09-06T17:48:30.516+01:00 INFO : Decompressing waveform using inline_linear
2026-09-06T17:48:30.521+01:00 INFO : Filtering template 35/96 segment 1/5
2026-09-06T17:48:30.541+01:00 INFO : 1 points above threshold
2026-09-06T17:48:30.555+01:00 INFO : Filtering template 35/96 segment 2/5
2026-09-06T17:48:30.573+01:00 INFO : 1 points above threshold
2026-09-06T17:48:30.578+01:00 INFO : Filtering template 35/96 segment 3/5
2026-09-06T17:48:30.596+01:00 INFO : 1 points above threshold
2026-09-06T17:48:30.601+01:00 INFO : Filtering template 35/96 segment 4/5
2026-09-06T17:48:30.619+01:00 INFO : Filtering template 35/96 segment 5/5
2026-09-06T17:48:30.637+01:00 INFO : 35: generating IMRPhenomD from 30.0 Hz
2026-09-06T17:48:30.640+01:00 INFO : Decompressing waveform using inline_linear
2026-09-06T17:48:30.645+01:00 INFO : Filtering template 36/96 segment 1/5
2026-09-06T17:48:30.665+01:00 INFO : 3 points above threshold
2026-09-06T17:48:30.681+01:00 INFO : Filtering template 36/96 segment 2/5
2026-09-06T17:48:30.699+01:00 INFO : 1 points above threshold
2026-09-06T17:48:30.705+01:00 INFO : Filtering template 36/96 segment 3/5
2026-09-06T17:48:30.723+01:00 INFO : 2 points above threshold
2026-09-06T17:48:30.728+01:00 INFO : Filtering template 36/96 segment 4/5
2026-09-06T17:48:30.746+01:00 INFO : Filtering template 36/96 segment 5/5
2026-09-06T17:48:30.764+01:00 INFO : 1 points above threshold
2026-09-06T17:48:30.769+01:00 INFO : 36: generating IMRPhenomD from 30.0 Hz
2026-09-06T17:48:30.772+01:00 INFO : Decompressing waveform using inline_linear
2026-09-06T17:48:30.776+01:00 INFO : Filtering template 37/96 segment 1/5
2026-09-06T17:48:30.797+01:00 INFO : 2 points above threshold
2026-09-06T17:48:30.811+01:00 INFO : Filtering template 37/96 segment 2/5
2026-09-06T17:48:30.829+01:00 INFO : 3 points above threshold
2026-09-06T17:48:30.836+01:00 INFO : Filtering template 37/96 segment 3/5
2026-09-06T17:48:30.854+01:00 INFO : 1 points above threshold
2026-09-06T17:48:30.859+01:00 INFO : Filtering template 37/96 segment 4/5
2026-09-06T17:48:30.877+01:00 INFO : 3 points above threshold
2026-09-06T17:48:30.884+01:00 INFO : Filtering template 37/96 segment 5/5
2026-09-06T17:48:30.902+01:00 INFO : 37: generating IMRPhenomD from 30.0 Hz
2026-09-06T17:48:30.905+01:00 INFO : Decompressing waveform using inline_linear
2026-09-06T17:48:30.910+01:00 INFO : Filtering template 38/96 segment 1/5
2026-09-06T17:48:30.930+01:00 INFO : Filtering template 38/96 segment 2/5
2026-09-06T17:48:30.948+01:00 INFO : Filtering template 38/96 segment 3/5
2026-09-06T17:48:30.965+01:00 INFO : 1 points above threshold
2026-09-06T17:48:30.980+01:00 INFO : Filtering template 38/96 segment 4/5
2026-09-06T17:48:30.998+01:00 INFO : 1 points above threshold
2026-09-06T17:48:31.003+01:00 INFO : Filtering template 38/96 segment 5/5
2026-09-06T17:48:31.021+01:00 INFO : 1 points above threshold
2026-09-06T17:48:31.026+01:00 INFO : 38: generating IMRPhenomD from 30.0 Hz
2026-09-06T17:48:31.029+01:00 INFO : Decompressing waveform using inline_linear
2026-09-06T17:48:31.034+01:00 INFO : Filtering template 39/96 segment 1/5
2026-09-06T17:48:31.054+01:00 INFO : Filtering template 39/96 segment 2/5
2026-09-06T17:48:31.071+01:00 INFO : 2 points above threshold
2026-09-06T17:48:31.086+01:00 INFO : Filtering template 39/96 segment 3/5
2026-09-06T17:48:31.104+01:00 INFO : Filtering template 39/96 segment 4/5
2026-09-06T17:48:31.122+01:00 INFO : 2 points above threshold
2026-09-06T17:48:31.127+01:00 INFO : Filtering template 39/96 segment 5/5
2026-09-06T17:48:31.145+01:00 INFO : 39: generating IMRPhenomD from 30.0 Hz
2026-09-06T17:48:31.148+01:00 INFO : Decompressing waveform using inline_linear
2026-09-06T17:48:31.152+01:00 INFO : Filtering template 40/96 segment 1/5
2026-09-06T17:48:31.172+01:00 INFO : Filtering template 40/96 segment 2/5
2026-09-06T17:48:31.190+01:00 INFO : Filtering template 40/96 segment 3/5
2026-09-06T17:48:31.208+01:00 INFO : Filtering template 40/96 segment 4/5
2026-09-06T17:48:31.226+01:00 INFO : 2 points above threshold
2026-09-06T17:48:31.240+01:00 INFO : Filtering template 40/96 segment 5/5
2026-09-06T17:48:31.258+01:00 INFO : 40: generating IMRPhenomD from 30.0 Hz
2026-09-06T17:48:31.261+01:00 INFO : Decompressing waveform using inline_linear
2026-09-06T17:48:31.266+01:00 INFO : Filtering template 41/96 segment 1/5
2026-09-06T17:48:31.286+01:00 INFO : Filtering template 41/96 segment 2/5
2026-09-06T17:48:31.304+01:00 INFO : Filtering template 41/96 segment 3/5
2026-09-06T17:48:31.322+01:00 INFO : 2 points above threshold
2026-09-06T17:48:31.336+01:00 INFO : Filtering template 41/96 segment 4/5
2026-09-06T17:48:31.354+01:00 INFO : 2 points above threshold
2026-09-06T17:48:31.359+01:00 INFO : Filtering template 41/96 segment 5/5
2026-09-06T17:48:31.377+01:00 INFO : 41: generating IMRPhenomD from 30.0 Hz
2026-09-06T17:48:31.380+01:00 INFO : Decompressing waveform using inline_linear
2026-09-06T17:48:31.385+01:00 INFO : Filtering template 42/96 segment 1/5
2026-09-06T17:48:31.405+01:00 INFO : Filtering template 42/96 segment 2/5
2026-09-06T17:48:31.423+01:00 INFO : 2 points above threshold
2026-09-06T17:48:31.437+01:00 INFO : Filtering template 42/96 segment 3/5
2026-09-06T17:48:31.455+01:00 INFO : Filtering template 42/96 segment 4/5
2026-09-06T17:48:31.473+01:00 INFO : 2 points above threshold
2026-09-06T17:48:31.478+01:00 INFO : Filtering template 42/96 segment 5/5
2026-09-06T17:48:31.496+01:00 INFO : 1 points above threshold
2026-09-06T17:48:31.501+01:00 INFO : 42: generating IMRPhenomD from 30.0 Hz
2026-09-06T17:48:31.504+01:00 INFO : Decompressing waveform using inline_linear
2026-09-06T17:48:31.509+01:00 INFO : Filtering template 43/96 segment 1/5
2026-09-06T17:48:31.529+01:00 INFO : 1 points above threshold
2026-09-06T17:48:31.544+01:00 INFO : Filtering template 43/96 segment 2/5
2026-09-06T17:48:31.561+01:00 INFO : 2 points above threshold
2026-09-06T17:48:31.566+01:00 INFO : Filtering template 43/96 segment 3/5
2026-09-06T17:48:31.584+01:00 INFO : 1 points above threshold
2026-09-06T17:48:31.589+01:00 INFO : Filtering template 43/96 segment 4/5
2026-09-06T17:48:31.607+01:00 INFO : Filtering template 43/96 segment 5/5
2026-09-06T17:48:31.626+01:00 INFO : 43: generating IMRPhenomD from 30.0 Hz
2026-09-06T17:48:31.628+01:00 INFO : Decompressing waveform using inline_linear
2026-09-06T17:48:31.633+01:00 INFO : Filtering template 44/96 segment 1/5
2026-09-06T17:48:31.653+01:00 INFO : 1 points above threshold
2026-09-06T17:48:31.668+01:00 INFO : Filtering template 44/96 segment 2/5
2026-09-06T17:48:31.686+01:00 INFO : Filtering template 44/96 segment 3/5
2026-09-06T17:48:31.703+01:00 INFO : Filtering template 44/96 segment 4/5
2026-09-06T17:48:31.721+01:00 INFO : 1 points above threshold
2026-09-06T17:48:31.726+01:00 INFO : Filtering template 44/96 segment 5/5
2026-09-06T17:48:31.744+01:00 INFO : 44: generating IMRPhenomD from 30.0 Hz
2026-09-06T17:48:31.747+01:00 INFO : Decompressing waveform using inline_linear
2026-09-06T17:48:31.752+01:00 INFO : Filtering template 45/96 segment 1/5
2026-09-06T17:48:31.772+01:00 INFO : 2 points above threshold
2026-09-06T17:48:31.787+01:00 INFO : Filtering template 45/96 segment 2/5
2026-09-06T17:48:31.805+01:00 INFO : 1 points above threshold
2026-09-06T17:48:31.810+01:00 INFO : Filtering template 45/96 segment 3/5
2026-09-06T17:48:31.827+01:00 INFO : 1 points above threshold
2026-09-06T17:48:31.833+01:00 INFO : Filtering template 45/96 segment 4/5
2026-09-06T17:48:31.850+01:00 INFO : Filtering template 45/96 segment 5/5
2026-09-06T17:48:31.869+01:00 INFO : 45: generating IMRPhenomD from 30.0 Hz
2026-09-06T17:48:31.871+01:00 INFO : Decompressing waveform using inline_linear
2026-09-06T17:48:31.876+01:00 INFO : Filtering template 46/96 segment 1/5
2026-09-06T17:48:31.896+01:00 INFO : Filtering template 46/96 segment 2/5
2026-09-06T17:48:31.914+01:00 INFO : Filtering template 46/96 segment 3/5
2026-09-06T17:48:31.932+01:00 INFO : 1 points above threshold
2026-09-06T17:48:31.947+01:00 INFO : Filtering template 46/96 segment 4/5
2026-09-06T17:48:31.965+01:00 INFO : 3 points above threshold
2026-09-06T17:48:31.972+01:00 INFO : Filtering template 46/96 segment 5/5
2026-09-06T17:48:31.990+01:00 INFO : 1 points above threshold
2026-09-06T17:48:31.995+01:00 INFO : 46: generating IMRPhenomD from 30.0 Hz
2026-09-06T17:48:31.998+01:00 INFO : Decompressing waveform using inline_linear
2026-09-06T17:48:32.002+01:00 INFO : Filtering template 47/96 segment 1/5
2026-09-06T17:48:32.022+01:00 INFO : 3 points above threshold
2026-09-06T17:48:32.039+01:00 INFO : Filtering template 47/96 segment 2/5
2026-09-06T17:48:32.057+01:00 INFO : Filtering template 47/96 segment 3/5
2026-09-06T17:48:32.075+01:00 INFO : 2 points above threshold
2026-09-06T17:48:32.080+01:00 INFO : Filtering template 47/96 segment 4/5
2026-09-06T17:48:32.097+01:00 INFO : 1 points above threshold
2026-09-06T17:48:32.103+01:00 INFO : Filtering template 47/96 segment 5/5
2026-09-06T17:48:32.121+01:00 INFO : 1 points above threshold
2026-09-06T17:48:32.126+01:00 INFO : 47: generating IMRPhenomD from 30.0 Hz
2026-09-06T17:48:32.129+01:00 INFO : Decompressing waveform using inline_linear
2026-09-06T17:48:32.133+01:00 INFO : Filtering template 48/96 segment 1/5
2026-09-06T17:48:32.153+01:00 INFO : 3 points above threshold
2026-09-06T17:48:32.170+01:00 INFO : Filtering template 48/96 segment 2/5
2026-09-06T17:48:32.187+01:00 INFO : 1 points above threshold
2026-09-06T17:48:32.193+01:00 INFO : Filtering template 48/96 segment 3/5
2026-09-06T17:48:32.211+01:00 INFO : 1 points above threshold
2026-09-06T17:48:32.216+01:00 INFO : Filtering template 48/96 segment 4/5
2026-09-06T17:48:32.233+01:00 INFO : 2 points above threshold
2026-09-06T17:48:32.238+01:00 INFO : Filtering template 48/96 segment 5/5
2026-09-06T17:48:32.256+01:00 INFO : 1 points above threshold
2026-09-06T17:48:32.262+01:00 INFO : 48: generating IMRPhenomD from 30.0 Hz
2026-09-06T17:48:32.264+01:00 INFO : Decompressing waveform using inline_linear
2026-09-06T17:48:32.269+01:00 INFO : Filtering template 49/96 segment 1/5
2026-09-06T17:48:32.289+01:00 INFO : 1 points above threshold
2026-09-06T17:48:32.304+01:00 INFO : Filtering template 49/96 segment 2/5
2026-09-06T17:48:32.321+01:00 INFO : 1 points above threshold
2026-09-06T17:48:32.327+01:00 INFO : Filtering template 49/96 segment 3/5
2026-09-06T17:48:32.344+01:00 INFO : 2 points above threshold
2026-09-06T17:48:32.349+01:00 INFO : Filtering template 49/96 segment 4/5
2026-09-06T17:48:32.367+01:00 INFO : Filtering template 49/96 segment 5/5
2026-09-06T17:48:32.385+01:00 INFO : 49: generating IMRPhenomD from 30.0 Hz
2026-09-06T17:48:32.388+01:00 INFO : Decompressing waveform using inline_linear
2026-09-06T17:48:32.393+01:00 INFO : Filtering template 50/96 segment 1/5
2026-09-06T17:48:32.413+01:00 INFO : Filtering template 50/96 segment 2/5
2026-09-06T17:48:32.431+01:00 INFO : 2 points above threshold
2026-09-06T17:48:32.445+01:00 INFO : Filtering template 50/96 segment 3/5
2026-09-06T17:48:32.463+01:00 INFO : 4 points above threshold
2026-09-06T17:48:32.468+01:00 INFO : Filtering template 50/96 segment 4/5
2026-09-06T17:48:32.486+01:00 INFO : 2 points above threshold
2026-09-06T17:48:32.491+01:00 INFO : Filtering template 50/96 segment 5/5
2026-09-06T17:48:32.509+01:00 INFO : 50: generating IMRPhenomD from 30.0 Hz
2026-09-06T17:48:32.512+01:00 INFO : Decompressing waveform using inline_linear
2026-09-06T17:48:32.517+01:00 INFO : Filtering template 51/96 segment 1/5
2026-09-06T17:48:32.537+01:00 INFO : 1 points above threshold
2026-09-06T17:48:32.551+01:00 INFO : Filtering template 51/96 segment 2/5
2026-09-06T17:48:32.569+01:00 INFO : 1 points above threshold
2026-09-06T17:48:32.574+01:00 INFO : Filtering template 51/96 segment 3/5
2026-09-06T17:48:32.592+01:00 INFO : Filtering template 51/96 segment 4/5
2026-09-06T17:48:32.610+01:00 INFO : 1 points above threshold
2026-09-06T17:48:32.615+01:00 INFO : Filtering template 51/96 segment 5/5
2026-09-06T17:48:32.633+01:00 INFO : 2 points above threshold
2026-09-06T17:48:32.638+01:00 INFO : 51: generating IMRPhenomD from 30.0 Hz
2026-09-06T17:48:32.641+01:00 INFO : Decompressing waveform using inline_linear
2026-09-06T17:48:32.646+01:00 INFO : Filtering template 52/96 segment 1/5
2026-09-06T17:48:32.666+01:00 INFO : 1 points above threshold
2026-09-06T17:48:32.680+01:00 INFO : Filtering template 52/96 segment 2/5
2026-09-06T17:48:32.698+01:00 INFO : 1 points above threshold
2026-09-06T17:48:32.703+01:00 INFO : Filtering template 52/96 segment 3/5
2026-09-06T17:48:32.721+01:00 INFO : Filtering template 52/96 segment 4/5
2026-09-06T17:48:32.739+01:00 INFO : 3 points above threshold
2026-09-06T17:48:32.746+01:00 INFO : Filtering template 52/96 segment 5/5
2026-09-06T17:48:32.764+01:00 INFO : 1 points above threshold
2026-09-06T17:48:32.769+01:00 INFO : 52: generating IMRPhenomD from 30.0 Hz
2026-09-06T17:48:32.772+01:00 INFO : Decompressing waveform using inline_linear
2026-09-06T17:48:32.777+01:00 INFO : Filtering template 53/96 segment 1/5
2026-09-06T17:48:32.797+01:00 INFO : 3 points above threshold
2026-09-06T17:48:32.813+01:00 INFO : Filtering template 53/96 segment 2/5
2026-09-06T17:48:32.831+01:00 INFO : 2 points above threshold
2026-09-06T17:48:32.837+01:00 INFO : Filtering template 53/96 segment 3/5
2026-09-06T17:48:32.855+01:00 INFO : 2 points above threshold
2026-09-06T17:48:32.860+01:00 INFO : Filtering template 53/96 segment 4/5
2026-09-06T17:48:32.878+01:00 INFO : 1 points above threshold
2026-09-06T17:48:32.883+01:00 INFO : Filtering template 53/96 segment 5/5
2026-09-06T17:48:32.901+01:00 INFO : 1 points above threshold
2026-09-06T17:48:32.906+01:00 INFO : 53: generating IMRPhenomD from 30.0 Hz
2026-09-06T17:48:32.909+01:00 INFO : Decompressing waveform using inline_linear
2026-09-06T17:48:32.913+01:00 INFO : Filtering template 54/96 segment 1/5
2026-09-06T17:48:32.933+01:00 INFO : Filtering template 54/96 segment 2/5
2026-09-06T17:48:32.951+01:00 INFO : Filtering template 54/96 segment 3/5
2026-09-06T17:48:32.969+01:00 INFO : 3 points above threshold
2026-09-06T17:48:32.986+01:00 INFO : Filtering template 54/96 segment 4/5
2026-09-06T17:48:33.004+01:00 INFO : 5 points above threshold
2026-09-06T17:48:33.011+01:00 INFO : Filtering template 54/96 segment 5/5
2026-09-06T17:48:33.029+01:00 INFO : 54: generating IMRPhenomD from 30.0 Hz
2026-09-06T17:48:33.032+01:00 INFO : Decompressing waveform using inline_linear
2026-09-06T17:48:33.037+01:00 INFO : Filtering template 55/96 segment 1/5
2026-09-06T17:48:33.056+01:00 INFO : Filtering template 55/96 segment 2/5
2026-09-06T17:48:33.074+01:00 INFO : 1 points above threshold
2026-09-06T17:48:33.089+01:00 INFO : Filtering template 55/96 segment 3/5
2026-09-06T17:48:33.107+01:00 INFO : 3 points above threshold
2026-09-06T17:48:33.114+01:00 INFO : Filtering template 55/96 segment 4/5
2026-09-06T17:48:33.132+01:00 INFO : 1 points above threshold
2026-09-06T17:48:33.137+01:00 INFO : Filtering template 55/96 segment 5/5
2026-09-06T17:48:33.155+01:00 INFO : 1 points above threshold
2026-09-06T17:48:33.160+01:00 INFO : 55: generating IMRPhenomD from 30.0 Hz
2026-09-06T17:48:33.163+01:00 INFO : Decompressing waveform using inline_linear
2026-09-06T17:48:33.168+01:00 INFO : Filtering template 56/96 segment 1/5
2026-09-06T17:48:33.188+01:00 INFO : 1 points above threshold
2026-09-06T17:48:33.202+01:00 INFO : Filtering template 56/96 segment 2/5
2026-09-06T17:48:33.220+01:00 INFO : 1 points above threshold
2026-09-06T17:48:33.225+01:00 INFO : Filtering template 56/96 segment 3/5
2026-09-06T17:48:33.243+01:00 INFO : 4 points above threshold
2026-09-06T17:48:33.248+01:00 INFO : Filtering template 56/96 segment 4/5
2026-09-06T17:48:33.266+01:00 INFO : Filtering template 56/96 segment 5/5
2026-09-06T17:48:33.284+01:00 INFO : 1 points above threshold
2026-09-06T17:48:33.289+01:00 INFO : 56: generating IMRPhenomD from 30.0 Hz
2026-09-06T17:48:33.292+01:00 INFO : Decompressing waveform using inline_linear
2026-09-06T17:48:33.297+01:00 INFO : Filtering template 57/96 segment 1/5
2026-09-06T17:48:33.316+01:00 INFO : 1 points above threshold
2026-09-06T17:48:33.331+01:00 INFO : Filtering template 57/96 segment 2/5
2026-09-06T17:48:33.349+01:00 INFO : 2 points above threshold
2026-09-06T17:48:33.354+01:00 INFO : Filtering template 57/96 segment 3/5
2026-09-06T17:48:33.371+01:00 INFO : 2 points above threshold
2026-09-06T17:48:33.377+01:00 INFO : Filtering template 57/96 segment 4/5
2026-09-06T17:48:33.394+01:00 INFO : 2 points above threshold
2026-09-06T17:48:33.399+01:00 INFO : Filtering template 57/96 segment 5/5
2026-09-06T17:48:33.417+01:00 INFO : 57: generating IMRPhenomD from 30.0 Hz
2026-09-06T17:48:33.420+01:00 INFO : Decompressing waveform using inline_linear
2026-09-06T17:48:33.425+01:00 INFO : Filtering template 58/96 segment 1/5
2026-09-06T17:48:33.445+01:00 INFO : 1 points above threshold
2026-09-06T17:48:33.459+01:00 INFO : Filtering template 58/96 segment 2/5
2026-09-06T17:48:33.477+01:00 INFO : 1 points above threshold
2026-09-06T17:48:33.482+01:00 INFO : Filtering template 58/96 segment 3/5
2026-09-06T17:48:33.500+01:00 INFO : 1 points above threshold
2026-09-06T17:48:33.505+01:00 INFO : Filtering template 58/96 segment 4/5
2026-09-06T17:48:33.523+01:00 INFO : 1 points above threshold
2026-09-06T17:48:33.528+01:00 INFO : Filtering template 58/96 segment 5/5
2026-09-06T17:48:33.546+01:00 INFO : 2 points above threshold
2026-09-06T17:48:33.552+01:00 INFO : 58: generating IMRPhenomD from 30.0 Hz
2026-09-06T17:48:33.554+01:00 INFO : Decompressing waveform using inline_linear
2026-09-06T17:48:33.559+01:00 INFO : Filtering template 59/96 segment 1/5
2026-09-06T17:48:33.579+01:00 INFO : 1 points above threshold
2026-09-06T17:48:33.594+01:00 INFO : Filtering template 59/96 segment 2/5
2026-09-06T17:48:33.612+01:00 INFO : 2 points above threshold
2026-09-06T17:48:33.617+01:00 INFO : Filtering template 59/96 segment 3/5
2026-09-06T17:48:33.634+01:00 INFO : 2 points above threshold
2026-09-06T17:48:33.639+01:00 INFO : Filtering template 59/96 segment 4/5
2026-09-06T17:48:33.657+01:00 INFO : 1 points above threshold
2026-09-06T17:48:33.662+01:00 INFO : Filtering template 59/96 segment 5/5
2026-09-06T17:48:33.680+01:00 INFO : 59: generating IMRPhenomD from 30.0 Hz
2026-09-06T17:48:33.683+01:00 INFO : Decompressing waveform using inline_linear
2026-09-06T17:48:33.688+01:00 INFO : Filtering template 60/96 segment 1/5
2026-09-06T17:48:33.708+01:00 INFO : Filtering template 60/96 segment 2/5
2026-09-06T17:48:33.726+01:00 INFO : Filtering template 60/96 segment 3/5
2026-09-06T17:48:33.744+01:00 INFO : 1 points above threshold
2026-09-06T17:48:33.758+01:00 INFO : Filtering template 60/96 segment 4/5
2026-09-06T17:48:33.776+01:00 INFO : 2 points above threshold
2026-09-06T17:48:33.781+01:00 INFO : Filtering template 60/96 segment 5/5
2026-09-06T17:48:33.799+01:00 INFO : 60: generating IMRPhenomD from 30.0 Hz
2026-09-06T17:48:33.802+01:00 INFO : Decompressing waveform using inline_linear
2026-09-06T17:48:33.807+01:00 INFO : Filtering template 61/96 segment 1/5
2026-09-06T17:48:33.827+01:00 INFO : Filtering template 61/96 segment 2/5
2026-09-06T17:48:33.845+01:00 INFO : 2 points above threshold
2026-09-06T17:48:33.859+01:00 INFO : Filtering template 61/96 segment 3/5
2026-09-06T17:48:33.877+01:00 INFO : 1 points above threshold
2026-09-06T17:48:33.882+01:00 INFO : Filtering template 61/96 segment 4/5
2026-09-06T17:48:33.900+01:00 INFO : 1 points above threshold
2026-09-06T17:48:33.905+01:00 INFO : Filtering template 61/96 segment 5/5
2026-09-06T17:48:33.923+01:00 INFO : 61: generating IMRPhenomD from 30.0 Hz
2026-09-06T17:48:33.926+01:00 INFO : Decompressing waveform using inline_linear
2026-09-06T17:48:33.931+01:00 INFO : Filtering template 62/96 segment 1/5
2026-09-06T17:48:33.951+01:00 INFO : 2 points above threshold
2026-09-06T17:48:33.965+01:00 INFO : Filtering template 62/96 segment 2/5
2026-09-06T17:48:33.983+01:00 INFO : Filtering template 62/96 segment 3/5
2026-09-06T17:48:34.001+01:00 INFO : Filtering template 62/96 segment 4/5
2026-09-06T17:48:34.019+01:00 INFO : 5 points above threshold
2026-09-06T17:48:34.026+01:00 INFO : Filtering template 62/96 segment 5/5
2026-09-06T17:48:34.044+01:00 INFO : 62: generating IMRPhenomD from 30.0 Hz
2026-09-06T17:48:34.047+01:00 INFO : Decompressing waveform using inline_linear
2026-09-06T17:48:34.052+01:00 INFO : Filtering template 63/96 segment 1/5
2026-09-06T17:48:34.072+01:00 INFO : Filtering template 63/96 segment 2/5
2026-09-06T17:48:34.090+01:00 INFO : 1 points above threshold
2026-09-06T17:48:34.105+01:00 INFO : Filtering template 63/96 segment 3/5
2026-09-06T17:48:34.122+01:00 INFO : 3 points above threshold
2026-09-06T17:48:34.129+01:00 INFO : Filtering template 63/96 segment 4/5
2026-09-06T17:48:34.147+01:00 INFO : 1 points above threshold
2026-09-06T17:48:34.152+01:00 INFO : Filtering template 63/96 segment 5/5
2026-09-06T17:48:34.170+01:00 INFO : 1 points above threshold
2026-09-06T17:48:34.175+01:00 INFO : 63: generating IMRPhenomD from 30.0 Hz
2026-09-06T17:48:34.178+01:00 INFO : Decompressing waveform using inline_linear
2026-09-06T17:48:34.183+01:00 INFO : Filtering template 64/96 segment 1/5
2026-09-06T17:48:34.203+01:00 INFO : 2 points above threshold
2026-09-06T17:48:34.217+01:00 INFO : Filtering template 64/96 segment 2/5
2026-09-06T17:48:34.235+01:00 INFO : 1 points above threshold
2026-09-06T17:48:34.240+01:00 INFO : Filtering template 64/96 segment 3/5
2026-09-06T17:48:34.258+01:00 INFO : Filtering template 64/96 segment 4/5
2026-09-06T17:48:34.276+01:00 INFO : Filtering template 64/96 segment 5/5
2026-09-06T17:48:34.294+01:00 INFO : 64: generating IMRPhenomD from 30.0 Hz
2026-09-06T17:48:34.297+01:00 INFO : Decompressing waveform using inline_linear
2026-09-06T17:48:34.301+01:00 INFO : Filtering template 65/96 segment 1/5
2026-09-06T17:48:34.321+01:00 INFO : 2 points above threshold
2026-09-06T17:48:34.336+01:00 INFO : Filtering template 65/96 segment 2/5
2026-09-06T17:48:34.354+01:00 INFO : 2 points above threshold
2026-09-06T17:48:34.359+01:00 INFO : Filtering template 65/96 segment 3/5
2026-09-06T17:48:34.377+01:00 INFO : 1 points above threshold
2026-09-06T17:48:34.382+01:00 INFO : Filtering template 65/96 segment 4/5
2026-09-06T17:48:34.399+01:00 INFO : 2 points above threshold
2026-09-06T17:48:34.405+01:00 INFO : Filtering template 65/96 segment 5/5
2026-09-06T17:48:34.423+01:00 INFO : 65: generating IMRPhenomD from 30.0 Hz
2026-09-06T17:48:34.425+01:00 INFO : Decompressing waveform using inline_linear
2026-09-06T17:48:34.430+01:00 INFO : Filtering template 66/96 segment 1/5
2026-09-06T17:48:34.450+01:00 INFO : 1 points above threshold
2026-09-06T17:48:34.465+01:00 INFO : Filtering template 66/96 segment 2/5
2026-09-06T17:48:34.482+01:00 INFO : 1 points above threshold
2026-09-06T17:48:34.487+01:00 INFO : Filtering template 66/96 segment 3/5
2026-09-06T17:48:34.505+01:00 INFO : 2 points above threshold
2026-09-06T17:48:34.510+01:00 INFO : Filtering template 66/96 segment 4/5
2026-09-06T17:48:34.528+01:00 INFO : 1 points above threshold
2026-09-06T17:48:34.533+01:00 INFO : Filtering template 66/96 segment 5/5
2026-09-06T17:48:34.551+01:00 INFO : 66: generating IMRPhenomD from 30.0 Hz
2026-09-06T17:48:34.567+01:00 INFO : Decompressing waveform using inline_linear
2026-09-06T17:48:34.572+01:00 INFO : Filtering template 67/96 segment 1/5
2026-09-06T17:48:34.597+01:00 INFO : 3 points above threshold
2026-09-06T17:48:34.617+01:00 INFO : Filtering template 67/96 segment 2/5
2026-09-06T17:48:34.635+01:00 INFO : Filtering template 67/96 segment 3/5
2026-09-06T17:48:34.653+01:00 INFO : 1 points above threshold
2026-09-06T17:48:34.658+01:00 INFO : Filtering template 67/96 segment 4/5
2026-09-06T17:48:34.676+01:00 INFO : Filtering template 67/96 segment 5/5
2026-09-06T17:48:34.694+01:00 INFO : 67: generating IMRPhenomD from 30.0 Hz
2026-09-06T17:48:34.697+01:00 INFO : Decompressing waveform using inline_linear
2026-09-06T17:48:34.701+01:00 INFO : Filtering template 68/96 segment 1/5
2026-09-06T17:48:34.721+01:00 INFO : 1 points above threshold
2026-09-06T17:48:34.739+01:00 INFO : Filtering template 68/96 segment 2/5
2026-09-06T17:48:34.757+01:00 INFO : 1 points above threshold
2026-09-06T17:48:34.762+01:00 INFO : Filtering template 68/96 segment 3/5
2026-09-06T17:48:34.780+01:00 INFO : 1 points above threshold
2026-09-06T17:48:34.785+01:00 INFO : Filtering template 68/96 segment 4/5
2026-09-06T17:48:34.803+01:00 INFO : 1 points above threshold
2026-09-06T17:48:34.808+01:00 INFO : Filtering template 68/96 segment 5/5
2026-09-06T17:48:34.826+01:00 INFO : 1 points above threshold
2026-09-06T17:48:34.831+01:00 INFO : 68: generating IMRPhenomD from 30.0 Hz
2026-09-06T17:48:34.834+01:00 INFO : Decompressing waveform using inline_linear
2026-09-06T17:48:34.839+01:00 INFO : Filtering template 69/96 segment 1/5
2026-09-06T17:48:34.859+01:00 INFO : Filtering template 69/96 segment 2/5
2026-09-06T17:48:34.877+01:00 INFO : Filtering template 69/96 segment 3/5
2026-09-06T17:48:34.894+01:00 INFO : 1 points above threshold
2026-09-06T17:48:34.909+01:00 INFO : Filtering template 69/96 segment 4/5
2026-09-06T17:48:34.927+01:00 INFO : 1 points above threshold
2026-09-06T17:48:34.932+01:00 INFO : Filtering template 69/96 segment 5/5
2026-09-06T17:48:34.950+01:00 INFO : 69: generating IMRPhenomD from 30.0 Hz
2026-09-06T17:48:34.953+01:00 INFO : Decompressing waveform using inline_linear
2026-09-06T17:48:34.958+01:00 INFO : Filtering template 70/96 segment 1/5
2026-09-06T17:48:34.978+01:00 INFO : 2 points above threshold
2026-09-06T17:48:34.992+01:00 INFO : Filtering template 70/96 segment 2/5
2026-09-06T17:48:35.010+01:00 INFO : 2 points above threshold
2026-09-06T17:48:35.015+01:00 INFO : Filtering template 70/96 segment 3/5
2026-09-06T17:48:35.033+01:00 INFO : Filtering template 70/96 segment 4/5
2026-09-06T17:48:35.051+01:00 INFO : 2 points above threshold
2026-09-06T17:48:35.056+01:00 INFO : Filtering template 70/96 segment 5/5
2026-09-06T17:48:35.074+01:00 INFO : 2 points above threshold
2026-09-06T17:48:35.079+01:00 INFO : 70: generating IMRPhenomD from 30.0 Hz
2026-09-06T17:48:35.082+01:00 INFO : Decompressing waveform using inline_linear
2026-09-06T17:48:35.087+01:00 INFO : Filtering template 71/96 segment 1/5
2026-09-06T17:48:35.107+01:00 INFO : Filtering template 71/96 segment 2/5
2026-09-06T17:48:35.125+01:00 INFO : 1 points above threshold
2026-09-06T17:48:35.139+01:00 INFO : Filtering template 71/96 segment 3/5
2026-09-06T17:48:35.157+01:00 INFO : 1 points above threshold
2026-09-06T17:48:35.162+01:00 INFO : Filtering template 71/96 segment 4/5
2026-09-06T17:48:35.180+01:00 INFO : 3 points above threshold
2026-09-06T17:48:35.187+01:00 INFO : Filtering template 71/96 segment 5/5
2026-09-06T17:48:35.205+01:00 INFO : 1 points above threshold
2026-09-06T17:48:35.210+01:00 INFO : 71: generating IMRPhenomD from 30.0 Hz
2026-09-06T17:48:35.213+01:00 INFO : Decompressing waveform using inline_linear
2026-09-06T17:48:35.218+01:00 INFO : Filtering template 72/96 segment 1/5
2026-09-06T17:48:35.238+01:00 INFO : 2 points above threshold
2026-09-06T17:48:35.252+01:00 INFO : Filtering template 72/96 segment 2/5
2026-09-06T17:48:35.270+01:00 INFO : 1 points above threshold
2026-09-06T17:48:35.275+01:00 INFO : Filtering template 72/96 segment 3/5
2026-09-06T17:48:35.293+01:00 INFO : 1 points above threshold
2026-09-06T17:48:35.298+01:00 INFO : Filtering template 72/96 segment 4/5
2026-09-06T17:48:35.316+01:00 INFO : 4 points above threshold
2026-09-06T17:48:35.321+01:00 INFO : Filtering template 72/96 segment 5/5
2026-09-06T17:48:35.339+01:00 INFO : 3 points above threshold
2026-09-06T17:48:35.346+01:00 INFO : 72: generating IMRPhenomD from 30.0 Hz
2026-09-06T17:48:35.349+01:00 INFO : Decompressing waveform using inline_linear
2026-09-06T17:48:35.354+01:00 INFO : Filtering template 73/96 segment 1/5
2026-09-06T17:48:35.374+01:00 INFO : 1 points above threshold
2026-09-06T17:48:35.388+01:00 INFO : Filtering template 73/96 segment 2/5
2026-09-06T17:48:35.406+01:00 INFO : Filtering template 73/96 segment 3/5
2026-09-06T17:48:35.424+01:00 INFO : 1 points above threshold
2026-09-06T17:48:35.429+01:00 INFO : Filtering template 73/96 segment 4/5
2026-09-06T17:48:35.447+01:00 INFO : Filtering template 73/96 segment 5/5
2026-09-06T17:48:35.465+01:00 INFO : 1 points above threshold
2026-09-06T17:48:35.471+01:00 INFO : 73: generating IMRPhenomD from 30.0 Hz
2026-09-06T17:48:35.474+01:00 INFO : Decompressing waveform using inline_linear
2026-09-06T17:48:35.479+01:00 INFO : Filtering template 74/96 segment 1/5
2026-09-06T17:48:35.501+01:00 INFO : 2 points above threshold
2026-09-06T17:48:35.516+01:00 INFO : Filtering template 74/96 segment 2/5
2026-09-06T17:48:35.536+01:00 INFO : 3 points above threshold
2026-09-06T17:48:35.543+01:00 INFO : Filtering template 74/96 segment 3/5
2026-09-06T17:48:35.563+01:00 INFO : Filtering template 74/96 segment 4/5
2026-09-06T17:48:35.581+01:00 INFO : 1 points above threshold
2026-09-06T17:48:35.586+01:00 INFO : Filtering template 74/96 segment 5/5
2026-09-06T17:48:35.605+01:00 INFO : 74: generating IMRPhenomD from 30.0 Hz
2026-09-06T17:48:35.607+01:00 INFO : Decompressing waveform using inline_linear
2026-09-06T17:48:35.612+01:00 INFO : Filtering template 75/96 segment 1/5
2026-09-06T17:48:35.632+01:00 INFO : Filtering template 75/96 segment 2/5
2026-09-06T17:48:35.650+01:00 INFO : 1 points above threshold
2026-09-06T17:48:35.665+01:00 INFO : Filtering template 75/96 segment 3/5
2026-09-06T17:48:35.683+01:00 INFO : 2 points above threshold
2026-09-06T17:48:35.688+01:00 INFO : Filtering template 75/96 segment 4/5
2026-09-06T17:48:35.705+01:00 INFO : Filtering template 75/96 segment 5/5
2026-09-06T17:48:35.723+01:00 INFO : 2 points above threshold
2026-09-06T17:48:35.729+01:00 INFO : 75: generating IMRPhenomD from 30.0 Hz
2026-09-06T17:48:35.731+01:00 INFO : Decompressing waveform using inline_linear
2026-09-06T17:48:35.736+01:00 INFO : Filtering template 76/96 segment 1/5
2026-09-06T17:48:35.756+01:00 INFO : 1 points above threshold
2026-09-06T17:48:35.771+01:00 INFO : Filtering template 76/96 segment 2/5
2026-09-06T17:48:35.789+01:00 INFO : Filtering template 76/96 segment 3/5
2026-09-06T17:48:35.807+01:00 INFO : 1 points above threshold
2026-09-06T17:48:35.812+01:00 INFO : Filtering template 76/96 segment 4/5
2026-09-06T17:48:35.830+01:00 INFO : Filtering template 76/96 segment 5/5
2026-09-06T17:48:35.848+01:00 INFO : 2 points above threshold
2026-09-06T17:48:35.853+01:00 INFO : 76: generating IMRPhenomD from 30.0 Hz
2026-09-06T17:48:35.856+01:00 INFO : Decompressing waveform using inline_linear
2026-09-06T17:48:35.860+01:00 INFO : Filtering template 77/96 segment 1/5
2026-09-06T17:48:35.880+01:00 INFO : Filtering template 77/96 segment 2/5
2026-09-06T17:48:35.898+01:00 INFO : 1 points above threshold
2026-09-06T17:48:35.913+01:00 INFO : Filtering template 77/96 segment 3/5
2026-09-06T17:48:35.931+01:00 INFO : Filtering template 77/96 segment 4/5
2026-09-06T17:48:35.949+01:00 INFO : 1 points above threshold
2026-09-06T17:48:35.954+01:00 INFO : Filtering template 77/96 segment 5/5
2026-09-06T17:48:35.972+01:00 INFO : 77: generating IMRPhenomD from 30.0 Hz
2026-09-06T17:48:35.975+01:00 INFO : Decompressing waveform using inline_linear
2026-09-06T17:48:35.980+01:00 INFO : Filtering template 78/96 segment 1/5
2026-09-06T17:48:36.000+01:00 INFO : Filtering template 78/96 segment 2/5
2026-09-06T17:48:36.018+01:00 INFO : Filtering template 78/96 segment 3/5
2026-09-06T17:48:36.036+01:00 INFO : Filtering template 78/96 segment 4/5
2026-09-06T17:48:36.054+01:00 INFO : 1 points above threshold
2026-09-06T17:48:36.068+01:00 INFO : Filtering template 78/96 segment 5/5
2026-09-06T17:48:36.087+01:00 INFO : 78: generating IMRPhenomD from 30.0 Hz
2026-09-06T17:48:36.089+01:00 INFO : Decompressing waveform using inline_linear
2026-09-06T17:48:36.094+01:00 INFO : Filtering template 79/96 segment 1/5
2026-09-06T17:48:36.115+01:00 INFO : 2 points above threshold
2026-09-06T17:48:36.129+01:00 INFO : Filtering template 79/96 segment 2/5
2026-09-06T17:48:36.147+01:00 INFO : Filtering template 79/96 segment 3/5
2026-09-06T17:48:36.165+01:00 INFO : 1 points above threshold
2026-09-06T17:48:36.170+01:00 INFO : Filtering template 79/96 segment 4/5
2026-09-06T17:48:36.188+01:00 INFO : 1 points above threshold
2026-09-06T17:48:36.193+01:00 INFO : Filtering template 79/96 segment 5/5
2026-09-06T17:48:36.211+01:00 INFO : 3 points above threshold
2026-09-06T17:48:36.218+01:00 INFO : 79: generating IMRPhenomD from 30.0 Hz
2026-09-06T17:48:36.221+01:00 INFO : Decompressing waveform using inline_linear
2026-09-06T17:48:36.225+01:00 INFO : Filtering template 80/96 segment 1/5
2026-09-06T17:48:36.245+01:00 INFO : 2 points above threshold
2026-09-06T17:48:36.260+01:00 INFO : Filtering template 80/96 segment 2/5
2026-09-06T17:48:36.278+01:00 INFO : 1 points above threshold
2026-09-06T17:48:36.283+01:00 INFO : Filtering template 80/96 segment 3/5
2026-09-06T17:48:36.301+01:00 INFO : 1 points above threshold
2026-09-06T17:48:36.306+01:00 INFO : Filtering template 80/96 segment 4/5
2026-09-06T17:48:36.324+01:00 INFO : Filtering template 80/96 segment 5/5
2026-09-06T17:48:36.342+01:00 INFO : 1 points above threshold
2026-09-06T17:48:36.347+01:00 INFO : 80: generating IMRPhenomD from 30.0 Hz
2026-09-06T17:48:36.350+01:00 INFO : Decompressing waveform using inline_linear
2026-09-06T17:48:36.355+01:00 INFO : Filtering template 81/96 segment 1/5
2026-09-06T17:48:36.375+01:00 INFO : 1 points above threshold
2026-09-06T17:48:36.389+01:00 INFO : Filtering template 81/96 segment 2/5
2026-09-06T17:48:36.407+01:00 INFO : 2 points above threshold
2026-09-06T17:48:36.412+01:00 INFO : Filtering template 81/96 segment 3/5
2026-09-06T17:48:36.430+01:00 INFO : 1 points above threshold
2026-09-06T17:48:36.435+01:00 INFO : Filtering template 81/96 segment 4/5
2026-09-06T17:48:36.453+01:00 INFO : Filtering template 81/96 segment 5/5
2026-09-06T17:48:36.471+01:00 INFO : 1 points above threshold
2026-09-06T17:48:36.476+01:00 INFO : 81: generating IMRPhenomD from 30.0 Hz
2026-09-06T17:48:36.479+01:00 INFO : Decompressing waveform using inline_linear
2026-09-06T17:48:36.484+01:00 INFO : Filtering template 82/96 segment 1/5
2026-09-06T17:48:36.504+01:00 INFO : Filtering template 82/96 segment 2/5
2026-09-06T17:48:36.522+01:00 INFO : 2 points above threshold
2026-09-06T17:48:36.536+01:00 INFO : Filtering template 82/96 segment 3/5
2026-09-06T17:48:36.554+01:00 INFO : 1 points above threshold
2026-09-06T17:48:36.562+01:00 INFO : Filtering template 82/96 segment 4/5
2026-09-06T17:48:36.579+01:00 INFO : Filtering template 82/96 segment 5/5
2026-09-06T17:48:36.598+01:00 INFO : 82: generating IMRPhenomD from 30.0 Hz
2026-09-06T17:48:36.600+01:00 INFO : Decompressing waveform using inline_linear
2026-09-06T17:48:36.605+01:00 INFO : Filtering template 83/96 segment 1/5
2026-09-06T17:48:36.625+01:00 INFO : 1 points above threshold
2026-09-06T17:48:36.640+01:00 INFO : Filtering template 83/96 segment 2/5
2026-09-06T17:48:36.658+01:00 INFO : 2 points above threshold
2026-09-06T17:48:36.663+01:00 INFO : Filtering template 83/96 segment 3/5
2026-09-06T17:48:36.680+01:00 INFO : 2 points above threshold
2026-09-06T17:48:36.685+01:00 INFO : Filtering template 83/96 segment 4/5
2026-09-06T17:48:36.703+01:00 INFO : 3 points above threshold
2026-09-06T17:48:36.710+01:00 INFO : Filtering template 83/96 segment 5/5
2026-09-06T17:48:36.728+01:00 INFO : 3 points above threshold
2026-09-06T17:48:36.735+01:00 INFO : 83: generating IMRPhenomD from 30.0 Hz
2026-09-06T17:48:36.738+01:00 INFO : Decompressing waveform using inline_linear
2026-09-06T17:48:36.743+01:00 INFO : Filtering template 84/96 segment 1/5
2026-09-06T17:48:36.763+01:00 INFO : Filtering template 84/96 segment 2/5
2026-09-06T17:48:36.781+01:00 INFO : Filtering template 84/96 segment 3/5
2026-09-06T17:48:36.799+01:00 INFO : 1 points above threshold
2026-09-06T17:48:36.814+01:00 INFO : Filtering template 84/96 segment 4/5
2026-09-06T17:48:36.832+01:00 INFO : 3 points above threshold
2026-09-06T17:48:36.839+01:00 INFO : Filtering template 84/96 segment 5/5
2026-09-06T17:48:36.857+01:00 INFO : 84: generating IMRPhenomD from 30.0 Hz
2026-09-06T17:48:36.860+01:00 INFO : Decompressing waveform using inline_linear
2026-09-06T17:48:36.864+01:00 INFO : Filtering template 85/96 segment 1/5
2026-09-06T17:48:36.884+01:00 INFO : 1 points above threshold
2026-09-06T17:48:36.899+01:00 INFO : Filtering template 85/96 segment 2/5
2026-09-06T17:48:36.917+01:00 INFO : 2 points above threshold
2026-09-06T17:48:36.922+01:00 INFO : Filtering template 85/96 segment 3/5
2026-09-06T17:48:36.940+01:00 INFO : 1 points above threshold
2026-09-06T17:48:36.945+01:00 INFO : Filtering template 85/96 segment 4/5
2026-09-06T17:48:36.963+01:00 INFO : 2 points above threshold
2026-09-06T17:48:36.968+01:00 INFO : Filtering template 85/96 segment 5/5
2026-09-06T17:48:36.985+01:00 INFO : 2 points above threshold
2026-09-06T17:48:36.991+01:00 INFO : 85: generating IMRPhenomD from 30.0 Hz
2026-09-06T17:48:36.993+01:00 INFO : Decompressing waveform using inline_linear
2026-09-06T17:48:36.998+01:00 INFO : Filtering template 86/96 segment 1/5
2026-09-06T17:48:37.018+01:00 INFO : 2 points above threshold
2026-09-06T17:48:37.033+01:00 INFO : Filtering template 86/96 segment 2/5
2026-09-06T17:48:37.050+01:00 INFO : 1 points above threshold
2026-09-06T17:48:37.056+01:00 INFO : Filtering template 86/96 segment 3/5
2026-09-06T17:48:37.073+01:00 INFO : 1 points above threshold
2026-09-06T17:48:37.078+01:00 INFO : Filtering template 86/96 segment 4/5
2026-09-06T17:48:37.096+01:00 INFO : 1 points above threshold
2026-09-06T17:48:37.101+01:00 INFO : Filtering template 86/96 segment 5/5
2026-09-06T17:48:37.119+01:00 INFO : 2 points above threshold
2026-09-06T17:48:37.125+01:00 INFO : 86: generating IMRPhenomD from 30.0 Hz
2026-09-06T17:48:37.127+01:00 INFO : Decompressing waveform using inline_linear
2026-09-06T17:48:37.132+01:00 INFO : Filtering template 87/96 segment 1/5
2026-09-06T17:48:37.152+01:00 INFO : 1 points above threshold
2026-09-06T17:48:37.167+01:00 INFO : Filtering template 87/96 segment 2/5
2026-09-06T17:48:37.185+01:00 INFO : 2 points above threshold
2026-09-06T17:48:37.192+01:00 INFO : Filtering template 87/96 segment 3/5
2026-09-06T17:48:37.210+01:00 INFO : 1 points above threshold
2026-09-06T17:48:37.215+01:00 INFO : Filtering template 87/96 segment 4/5
2026-09-06T17:48:37.233+01:00 INFO : 1 points above threshold
2026-09-06T17:48:37.238+01:00 INFO : Filtering template 87/96 segment 5/5
2026-09-06T17:48:37.256+01:00 INFO : 1 points above threshold
2026-09-06T17:48:37.262+01:00 INFO : 87: generating IMRPhenomD from 30.0 Hz
2026-09-06T17:48:37.264+01:00 INFO : Decompressing waveform using inline_linear
2026-09-06T17:48:37.269+01:00 INFO : Filtering template 88/96 segment 1/5
2026-09-06T17:48:37.289+01:00 INFO : 2 points above threshold
2026-09-06T17:48:37.304+01:00 INFO : Filtering template 88/96 segment 2/5
2026-09-06T17:48:37.322+01:00 INFO : 1 points above threshold
2026-09-06T17:48:37.329+01:00 INFO : Filtering template 88/96 segment 3/5
2026-09-06T17:48:37.347+01:00 INFO : Filtering template 88/96 segment 4/5
2026-09-06T17:48:37.365+01:00 INFO : Filtering template 88/96 segment 5/5
2026-09-06T17:48:37.383+01:00 INFO : 2 points above threshold
2026-09-06T17:48:37.388+01:00 INFO : 88: generating IMRPhenomD from 30.0 Hz
2026-09-06T17:48:37.391+01:00 INFO : Decompressing waveform using inline_linear
2026-09-06T17:48:37.396+01:00 INFO : Filtering template 89/96 segment 1/5
2026-09-06T17:48:37.416+01:00 INFO : 2 points above threshold
2026-09-06T17:48:37.430+01:00 INFO : Filtering template 89/96 segment 2/5
2026-09-06T17:48:37.448+01:00 INFO : 1 points above threshold
2026-09-06T17:48:37.453+01:00 INFO : Filtering template 89/96 segment 3/5
2026-09-06T17:48:37.471+01:00 INFO : 2 points above threshold
2026-09-06T17:48:37.476+01:00 INFO : Filtering template 89/96 segment 4/5
2026-09-06T17:48:37.494+01:00 INFO : Filtering template 89/96 segment 5/5
2026-09-06T17:48:37.513+01:00 INFO : 89: generating IMRPhenomD from 30.0 Hz
2026-09-06T17:48:37.515+01:00 INFO : Decompressing waveform using inline_linear
2026-09-06T17:48:37.520+01:00 INFO : Filtering template 90/96 segment 1/5
2026-09-06T17:48:37.540+01:00 INFO : Filtering template 90/96 segment 2/5
2026-09-06T17:48:37.558+01:00 INFO : 1 points above threshold
2026-09-06T17:48:37.572+01:00 INFO : Filtering template 90/96 segment 3/5
2026-09-06T17:48:37.590+01:00 INFO : 3 points above threshold
2026-09-06T17:48:37.597+01:00 INFO : Filtering template 90/96 segment 4/5
2026-09-06T17:48:37.615+01:00 INFO : Filtering template 90/96 segment 5/5
2026-09-06T17:48:37.633+01:00 INFO : 1 points above threshold
2026-09-06T17:48:37.638+01:00 INFO : 90: generating IMRPhenomD from 30.0 Hz
2026-09-06T17:48:37.641+01:00 INFO : Decompressing waveform using inline_linear
2026-09-06T17:48:37.646+01:00 INFO : Filtering template 91/96 segment 1/5
2026-09-06T17:48:37.666+01:00 INFO : Filtering template 91/96 segment 2/5
2026-09-06T17:48:37.684+01:00 INFO : 2 points above threshold
2026-09-06T17:48:37.698+01:00 INFO : Filtering template 91/96 segment 3/5
2026-09-06T17:48:37.716+01:00 INFO : 3 points above threshold
2026-09-06T17:48:37.723+01:00 INFO : Filtering template 91/96 segment 4/5
2026-09-06T17:48:37.741+01:00 INFO : Filtering template 91/96 segment 5/5
2026-09-06T17:48:37.759+01:00 INFO : 1 points above threshold
2026-09-06T17:48:37.764+01:00 INFO : 91: generating IMRPhenomD from 30.0 Hz
2026-09-06T17:48:37.767+01:00 INFO : Decompressing waveform using inline_linear
2026-09-06T17:48:37.771+01:00 INFO : Filtering template 92/96 segment 1/5
2026-09-06T17:48:37.791+01:00 INFO : 2 points above threshold
2026-09-06T17:48:37.806+01:00 INFO : Filtering template 92/96 segment 2/5
2026-09-06T17:48:37.824+01:00 INFO : 1 points above threshold
2026-09-06T17:48:37.829+01:00 INFO : Filtering template 92/96 segment 3/5
2026-09-06T17:48:37.847+01:00 INFO : 2 points above threshold
2026-09-06T17:48:37.852+01:00 INFO : Filtering template 92/96 segment 4/5
2026-09-06T17:48:37.870+01:00 INFO : 2 points above threshold
2026-09-06T17:48:37.875+01:00 INFO : Filtering template 92/96 segment 5/5
2026-09-06T17:48:37.893+01:00 INFO : 92: generating IMRPhenomD from 30.0 Hz
2026-09-06T17:48:37.896+01:00 INFO : Decompressing waveform using inline_linear
2026-09-06T17:48:37.901+01:00 INFO : Filtering template 93/96 segment 1/5
2026-09-06T17:48:37.921+01:00 INFO : Filtering template 93/96 segment 2/5
2026-09-06T17:48:37.939+01:00 INFO : 3 points above threshold
2026-09-06T17:48:37.955+01:00 INFO : Filtering template 93/96 segment 3/5
2026-09-06T17:48:37.973+01:00 INFO : 3 points above threshold
2026-09-06T17:48:37.980+01:00 INFO : Filtering template 93/96 segment 4/5
2026-09-06T17:48:37.997+01:00 INFO : 1 points above threshold
2026-09-06T17:48:38.003+01:00 INFO : Filtering template 93/96 segment 5/5
2026-09-06T17:48:38.021+01:00 INFO : 1 points above threshold
2026-09-06T17:48:38.026+01:00 INFO : 93: generating IMRPhenomD from 30.0 Hz
2026-09-06T17:48:38.029+01:00 INFO : Decompressing waveform using inline_linear
2026-09-06T17:48:38.033+01:00 INFO : Filtering template 94/96 segment 1/5
2026-09-06T17:48:38.053+01:00 INFO : 1 points above threshold
2026-09-06T17:48:38.068+01:00 INFO : Filtering template 94/96 segment 2/5
2026-09-06T17:48:38.086+01:00 INFO : 2 points above threshold
2026-09-06T17:48:38.091+01:00 INFO : Filtering template 94/96 segment 3/5
2026-09-06T17:48:38.109+01:00 INFO : 4 points above threshold
2026-09-06T17:48:38.114+01:00 INFO : Filtering template 94/96 segment 4/5
2026-09-06T17:48:38.132+01:00 INFO : Filtering template 94/96 segment 5/5
2026-09-06T17:48:38.150+01:00 INFO : 2 points above threshold
2026-09-06T17:48:38.155+01:00 INFO : 94: generating IMRPhenomD from 30.0 Hz
2026-09-06T17:48:38.158+01:00 INFO : Decompressing waveform using inline_linear
2026-09-06T17:48:38.163+01:00 INFO : Filtering template 95/96 segment 1/5
2026-09-06T17:48:38.183+01:00 INFO : 3 points above threshold
2026-09-06T17:48:38.199+01:00 INFO : Filtering template 95/96 segment 2/5
2026-09-06T17:48:38.217+01:00 INFO : 2 points above threshold
2026-09-06T17:48:38.222+01:00 INFO : Filtering template 95/96 segment 3/5
2026-09-06T17:48:38.240+01:00 INFO : 2 points above threshold
2026-09-06T17:48:38.245+01:00 INFO : Filtering template 95/96 segment 4/5
2026-09-06T17:48:38.263+01:00 INFO : 1 points above threshold
2026-09-06T17:48:38.268+01:00 INFO : Filtering template 95/96 segment 5/5
2026-09-06T17:48:38.286+01:00 INFO : 95: generating IMRPhenomD from 30.0 Hz
2026-09-06T17:48:38.289+01:00 INFO : Decompressing waveform using inline_linear
2026-09-06T17:48:38.293+01:00 INFO : Filtering template 96/96 segment 1/5
2026-09-06T17:48:38.314+01:00 INFO : 2 points above threshold
2026-09-06T17:48:38.328+01:00 INFO : Filtering template 96/96 segment 2/5
2026-09-06T17:48:38.346+01:00 INFO : Filtering template 96/96 segment 3/5
2026-09-06T17:48:38.364+01:00 INFO : Filtering template 96/96 segment 4/5
2026-09-06T17:48:38.382+01:00 INFO : 1 points above threshold
2026-09-06T17:48:38.387+01:00 INFO : Filtering template 96/96 segment 5/5
2026-09-06T17:48:38.405+01:00 INFO : We currently have 530 triggers
2026-09-06T17:48:38.405+01:00 INFO : Removing triggers with NewSNR below threshold
2026-09-06T17:48:38.406+01:00 INFO : 481 remaining triggers
2026-09-06T17:48:38.406+01:00 INFO : Outputting 481 triggers
2026-09-06T17:48:38.406+01:00 INFO : Writing out triggers
2026-09-06T17:48:38.416+01:00 INFO : Finished
