2026-09-06T17:40:25.713+01:00 INFO : Running with CPU support: 1 threads
2026-09-06T17:40:25.714+01:00 INFO : Reading Frames
2026-09-06T17:40:32.416+01:00 INFO : Highpass Filtering
2026-09-06T17:40:32.868+01:00 INFO : Resampling data
2026-09-06T17:40:32.880+01:00 INFO : Converting to float32
/home/xangma/pycbc-torch-inspiral-reference-20260906/source/pycbc/types/array.py:872: RuntimeWarning: divide by zero encountered in divide
  return self._data.__rtruediv__(other)
2026-09-06T17:40:37.962+01:00 INFO : Highpass Filtering
2026-09-06T17:40:38.405+01:00 INFO : Remove Padding
2026-09-06T17:40:38.453+01:00 INFO : Making frequency-domain data segments
/home/xangma/pycbc-torch-inspiral-reference-20260906/source/pycbc/types/array.py:872: RuntimeWarning: divide by zero encountered in divide
  return self._data.__rtruediv__(other)
2026-09-06T17:40:40.163+01:00 INFO : Overwhitening frequency-domain data segments
2026-09-06T17:40:40.182+01:00 INFO : Read in template bank
2026-09-06T17:40:40.194+01:00 INFO : Full template bank size: 96
2026-09-06T17:40:40.194+01:00 INFO : Template bank size after thinning: 96
2026-09-06T17:40:40.194+01:00 INFO : 0: generating IMRPhenomD from 30.0 Hz
2026-09-06T17:40:40.197+01:00 INFO : Decompressing waveform using inline_linear
2026-09-06T17:40:40.203+01:00 INFO : Filtering template 1/96 segment 1/5
2026-09-06T17:40:40.230+01:00 INFO : 1 points above threshold
2026-09-06T17:40:40.249+01:00 INFO : Filtering template 1/96 segment 2/5
2026-09-06T17:40:40.267+01:00 INFO : Filtering template 1/96 segment 3/5
2026-09-06T17:40:40.285+01:00 INFO : 1 points above threshold
2026-09-06T17:40:40.290+01:00 INFO : Filtering template 1/96 segment 4/5
2026-09-06T17:40:40.308+01:00 INFO : Filtering template 1/96 segment 5/5
2026-09-06T17:40:40.326+01:00 INFO : 1 points above threshold
2026-09-06T17:40:40.331+01:00 INFO : 1: generating IMRPhenomD from 30.0 Hz
2026-09-06T17:40:40.334+01:00 INFO : Decompressing waveform using inline_linear
2026-09-06T17:40:40.339+01:00 INFO : Filtering template 2/96 segment 1/5
2026-09-06T17:40:40.359+01:00 INFO : 1 points above threshold
2026-09-06T17:40:40.375+01:00 INFO : Filtering template 2/96 segment 2/5
2026-09-06T17:40:40.393+01:00 INFO : 1 points above threshold
2026-09-06T17:40:40.398+01:00 INFO : Filtering template 2/96 segment 3/5
2026-09-06T17:40:40.416+01:00 INFO : 2 points above threshold
2026-09-06T17:40:40.421+01:00 INFO : Filtering template 2/96 segment 4/5
2026-09-06T17:40:40.439+01:00 INFO : 1 points above threshold
2026-09-06T17:40:40.444+01:00 INFO : Filtering template 2/96 segment 5/5
2026-09-06T17:40:40.462+01:00 INFO : 1 points above threshold
2026-09-06T17:40:40.467+01:00 INFO : 2: generating IMRPhenomD from 30.0 Hz
2026-09-06T17:40:40.470+01:00 INFO : Decompressing waveform using inline_linear
2026-09-06T17:40:40.475+01:00 INFO : Filtering template 3/96 segment 1/5
2026-09-06T17:40:40.495+01:00 INFO : 3 points above threshold
2026-09-06T17:40:40.511+01:00 INFO : Filtering template 3/96 segment 2/5
2026-09-06T17:40:40.529+01:00 INFO : Filtering template 3/96 segment 3/5
2026-09-06T17:40:40.547+01:00 INFO : 1 points above threshold
2026-09-06T17:40:40.552+01:00 INFO : Filtering template 3/96 segment 4/5
2026-09-06T17:40:40.570+01:00 INFO : 1 points above threshold
2026-09-06T17:40:40.575+01:00 INFO : Filtering template 3/96 segment 5/5
2026-09-06T17:40:40.593+01:00 INFO : 3: generating IMRPhenomD from 30.0 Hz
2026-09-06T17:40:40.596+01:00 INFO : Decompressing waveform using inline_linear
2026-09-06T17:40:40.601+01:00 INFO : Filtering template 4/96 segment 1/5
2026-09-06T17:40:40.621+01:00 INFO : 1 points above threshold
2026-09-06T17:40:40.634+01:00 INFO : Filtering template 4/96 segment 2/5
2026-09-06T17:40:40.652+01:00 INFO : 1 points above threshold
2026-09-06T17:40:40.657+01:00 INFO : Filtering template 4/96 segment 3/5
2026-09-06T17:40:40.675+01:00 INFO : 2 points above threshold
2026-09-06T17:40:40.680+01:00 INFO : Filtering template 4/96 segment 4/5
2026-09-06T17:40:40.698+01:00 INFO : 2 points above threshold
2026-09-06T17:40:40.703+01:00 INFO : Filtering template 4/96 segment 5/5
2026-09-06T17:40:40.721+01:00 INFO : 2 points above threshold
2026-09-06T17:40:40.726+01:00 INFO : 4: generating IMRPhenomD from 30.0 Hz
2026-09-06T17:40:40.729+01:00 INFO : Decompressing waveform using inline_linear
2026-09-06T17:40:40.733+01:00 INFO : Filtering template 5/96 segment 1/5
2026-09-06T17:40:40.754+01:00 INFO : 1 points above threshold
2026-09-06T17:40:40.766+01:00 INFO : Filtering template 5/96 segment 2/5
2026-09-06T17:40:40.784+01:00 INFO : 2 points above threshold
2026-09-06T17:40:40.789+01:00 INFO : Filtering template 5/96 segment 3/5
2026-09-06T17:40:40.807+01:00 INFO : 2 points above threshold
2026-09-06T17:40:40.812+01:00 INFO : Filtering template 5/96 segment 4/5
2026-09-06T17:40:40.830+01:00 INFO : 2 points above threshold
2026-09-06T17:40:40.835+01:00 INFO : Filtering template 5/96 segment 5/5
2026-09-06T17:40:40.853+01:00 INFO : 5: generating IMRPhenomD from 30.0 Hz
2026-09-06T17:40:40.856+01:00 INFO : Decompressing waveform using inline_linear
2026-09-06T17:40:40.861+01:00 INFO : Filtering template 6/96 segment 1/5
2026-09-06T17:40:40.881+01:00 INFO : 1 points above threshold
2026-09-06T17:40:40.894+01:00 INFO : Filtering template 6/96 segment 2/5
2026-09-06T17:40:40.912+01:00 INFO : Filtering template 6/96 segment 3/5
2026-09-06T17:40:40.930+01:00 INFO : Filtering template 6/96 segment 4/5
2026-09-06T17:40:40.948+01:00 INFO : 1 points above threshold
2026-09-06T17:40:40.953+01:00 INFO : Filtering template 6/96 segment 5/5
2026-09-06T17:40:40.971+01:00 INFO : 1 points above threshold
2026-09-06T17:40:40.976+01:00 INFO : 6: generating IMRPhenomD from 30.0 Hz
2026-09-06T17:40:40.979+01:00 INFO : Decompressing waveform using inline_linear
2026-09-06T17:40:40.984+01:00 INFO : Filtering template 7/96 segment 1/5
2026-09-06T17:40:41.004+01:00 INFO : 2 points above threshold
2026-09-06T17:40:41.018+01:00 INFO : Filtering template 7/96 segment 2/5
2026-09-06T17:40:41.036+01:00 INFO : Filtering template 7/96 segment 3/5
2026-09-06T17:40:41.054+01:00 INFO : Filtering template 7/96 segment 4/5
2026-09-06T17:40:41.072+01:00 INFO : 1 points above threshold
2026-09-06T17:40:41.077+01:00 INFO : Filtering template 7/96 segment 5/5
2026-09-06T17:40:41.095+01:00 INFO : 7: generating IMRPhenomD from 30.0 Hz
2026-09-06T17:40:41.098+01:00 INFO : Decompressing waveform using inline_linear
2026-09-06T17:40:41.103+01:00 INFO : Filtering template 8/96 segment 1/5
2026-09-06T17:40:41.123+01:00 INFO : 1 points above threshold
2026-09-06T17:40:41.137+01:00 INFO : Filtering template 8/96 segment 2/5
2026-09-06T17:40:41.155+01:00 INFO : 1 points above threshold
2026-09-06T17:40:41.161+01:00 INFO : Filtering template 8/96 segment 3/5
2026-09-06T17:40:41.178+01:00 INFO : 4 points above threshold
2026-09-06T17:40:41.183+01:00 INFO : Filtering template 8/96 segment 4/5
2026-09-06T17:40:41.201+01:00 INFO : Filtering template 8/96 segment 5/5
2026-09-06T17:40:41.219+01:00 INFO : 8: generating IMRPhenomD from 30.0 Hz
2026-09-06T17:40:41.222+01:00 INFO : Decompressing waveform using inline_linear
2026-09-06T17:40:41.227+01:00 INFO : Filtering template 9/96 segment 1/5
2026-09-06T17:40:41.247+01:00 INFO : Filtering template 9/96 segment 2/5
2026-09-06T17:40:41.266+01:00 INFO : 1 points above threshold
2026-09-06T17:40:41.281+01:00 INFO : Filtering template 9/96 segment 3/5
2026-09-06T17:40:41.300+01:00 INFO : 2 points above threshold
2026-09-06T17:40:41.306+01:00 INFO : Filtering template 9/96 segment 4/5
2026-09-06T17:40:41.325+01:00 INFO : 1 points above threshold
2026-09-06T17:40:41.330+01:00 INFO : Filtering template 9/96 segment 5/5
2026-09-06T17:40:41.350+01:00 INFO : 3 points above threshold
2026-09-06T17:40:41.358+01:00 INFO : 9: generating IMRPhenomD from 30.0 Hz
2026-09-06T17:40:41.361+01:00 INFO : Decompressing waveform using inline_linear
2026-09-06T17:40:41.365+01:00 INFO : Filtering template 10/96 segment 1/5
2026-09-06T17:40:41.386+01:00 INFO : 1 points above threshold
2026-09-06T17:40:41.400+01:00 INFO : Filtering template 10/96 segment 2/5
2026-09-06T17:40:41.418+01:00 INFO : 1 points above threshold
2026-09-06T17:40:41.423+01:00 INFO : Filtering template 10/96 segment 3/5
2026-09-06T17:40:41.441+01:00 INFO : Filtering template 10/96 segment 4/5
2026-09-06T17:40:41.459+01:00 INFO : 2 points above threshold
2026-09-06T17:40:41.464+01:00 INFO : Filtering template 10/96 segment 5/5
2026-09-06T17:40:41.482+01:00 INFO : 1 points above threshold
2026-09-06T17:40:41.487+01:00 INFO : 10: generating IMRPhenomD from 30.0 Hz
2026-09-06T17:40:41.490+01:00 INFO : Decompressing waveform using inline_linear
2026-09-06T17:40:41.495+01:00 INFO : Filtering template 11/96 segment 1/5
2026-09-06T17:40:41.515+01:00 INFO : 4 points above threshold
2026-09-06T17:40:41.529+01:00 INFO : Filtering template 11/96 segment 2/5
2026-09-06T17:40:41.547+01:00 INFO : 2 points above threshold
2026-09-06T17:40:41.552+01:00 INFO : Filtering template 11/96 segment 3/5
2026-09-06T17:40:41.570+01:00 INFO : 1 points above threshold
2026-09-06T17:40:41.575+01:00 INFO : Filtering template 11/96 segment 4/5
2026-09-06T17:40:41.593+01:00 INFO : Filtering template 11/96 segment 5/5
2026-09-06T17:40:41.611+01:00 INFO : 11: generating IMRPhenomD from 30.0 Hz
2026-09-06T17:40:41.614+01:00 INFO : Decompressing waveform using inline_linear
2026-09-06T17:40:41.619+01:00 INFO : Filtering template 12/96 segment 1/5
2026-09-06T17:40:41.638+01:00 INFO : 1 points above threshold
2026-09-06T17:40:41.653+01:00 INFO : Filtering template 12/96 segment 2/5
2026-09-06T17:40:41.671+01:00 INFO : 1 points above threshold
2026-09-06T17:40:41.676+01:00 INFO : Filtering template 12/96 segment 3/5
2026-09-06T17:40:41.694+01:00 INFO : 1 points above threshold
2026-09-06T17:40:41.699+01:00 INFO : Filtering template 12/96 segment 4/5
2026-09-06T17:40:41.717+01:00 INFO : 3 points above threshold
2026-09-06T17:40:41.724+01:00 INFO : Filtering template 12/96 segment 5/5
2026-09-06T17:40:41.742+01:00 INFO : 12: generating IMRPhenomD from 30.0 Hz
2026-09-06T17:40:41.745+01:00 INFO : Decompressing waveform using inline_linear
2026-09-06T17:40:41.750+01:00 INFO : Filtering template 13/96 segment 1/5
2026-09-06T17:40:41.770+01:00 INFO : Filtering template 13/96 segment 2/5
2026-09-06T17:40:41.787+01:00 INFO : 4 points above threshold
2026-09-06T17:40:41.802+01:00 INFO : Filtering template 13/96 segment 3/5
2026-09-06T17:40:41.820+01:00 INFO : Filtering template 13/96 segment 4/5
2026-09-06T17:40:41.838+01:00 INFO : Filtering template 13/96 segment 5/5
2026-09-06T17:40:41.856+01:00 INFO : 1 points above threshold
2026-09-06T17:40:41.861+01:00 INFO : 13: generating IMRPhenomD from 30.0 Hz
2026-09-06T17:40:41.864+01:00 INFO : Decompressing waveform using inline_linear
2026-09-06T17:40:41.869+01:00 INFO : Filtering template 14/96 segment 1/5
2026-09-06T17:40:41.889+01:00 INFO : 1 points above threshold
2026-09-06T17:40:41.904+01:00 INFO : Filtering template 14/96 segment 2/5
2026-09-06T17:40:41.922+01:00 INFO : 2 points above threshold
2026-09-06T17:40:41.927+01:00 INFO : Filtering template 14/96 segment 3/5
2026-09-06T17:40:41.944+01:00 INFO : 3 points above threshold
2026-09-06T17:40:41.951+01:00 INFO : Filtering template 14/96 segment 4/5
2026-09-06T17:40:41.969+01:00 INFO : 2 points above threshold
2026-09-06T17:40:41.974+01:00 INFO : Filtering template 14/96 segment 5/5
2026-09-06T17:40:41.992+01:00 INFO : 14: generating IMRPhenomD from 30.0 Hz
2026-09-06T17:40:41.995+01:00 INFO : Decompressing waveform using inline_linear
2026-09-06T17:40:42.000+01:00 INFO : Filtering template 15/96 segment 1/5
2026-09-06T17:40:42.020+01:00 INFO : 1 points above threshold
2026-09-06T17:40:42.035+01:00 INFO : Filtering template 15/96 segment 2/5
2026-09-06T17:40:42.053+01:00 INFO : Filtering template 15/96 segment 3/5
2026-09-06T17:40:42.070+01:00 INFO : 1 points above threshold
2026-09-06T17:40:42.075+01:00 INFO : Filtering template 15/96 segment 4/5
2026-09-06T17:40:42.093+01:00 INFO : 1 points above threshold
2026-09-06T17:40:42.098+01:00 INFO : Filtering template 15/96 segment 5/5
2026-09-06T17:40:42.116+01:00 INFO : 3 points above threshold
2026-09-06T17:40:42.123+01:00 INFO : 15: generating IMRPhenomD from 30.0 Hz
2026-09-06T17:40:42.126+01:00 INFO : Decompressing waveform using inline_linear
2026-09-06T17:40:42.131+01:00 INFO : Filtering template 16/96 segment 1/5
2026-09-06T17:40:42.151+01:00 INFO : 1 points above threshold
2026-09-06T17:40:42.166+01:00 INFO : Filtering template 16/96 segment 2/5
2026-09-06T17:40:42.184+01:00 INFO : 2 points above threshold
2026-09-06T17:40:42.189+01:00 INFO : Filtering template 16/96 segment 3/5
2026-09-06T17:40:42.206+01:00 INFO : 3 points above threshold
2026-09-06T17:40:42.213+01:00 INFO : Filtering template 16/96 segment 4/5
2026-09-06T17:40:42.231+01:00 INFO : 2 points above threshold
2026-09-06T17:40:42.236+01:00 INFO : Filtering template 16/96 segment 5/5
2026-09-06T17:40:42.254+01:00 INFO : 16: generating IMRPhenomD from 30.0 Hz
2026-09-06T17:40:42.257+01:00 INFO : Decompressing waveform using inline_linear
2026-09-06T17:40:42.262+01:00 INFO : Filtering template 17/96 segment 1/5
2026-09-06T17:40:42.282+01:00 INFO : 2 points above threshold
2026-09-06T17:40:42.296+01:00 INFO : Filtering template 17/96 segment 2/5
2026-09-06T17:40:42.314+01:00 INFO : 3 points above threshold
2026-09-06T17:40:42.321+01:00 INFO : Filtering template 17/96 segment 3/5
2026-09-06T17:40:42.339+01:00 INFO : Filtering template 17/96 segment 4/5
2026-09-06T17:40:42.357+01:00 INFO : 2 points above threshold
2026-09-06T17:40:42.362+01:00 INFO : Filtering template 17/96 segment 5/5
2026-09-06T17:40:42.380+01:00 INFO : 3 points above threshold
2026-09-06T17:40:42.387+01:00 INFO : 17: generating IMRPhenomD from 30.0 Hz
2026-09-06T17:40:42.390+01:00 INFO : Decompressing waveform using inline_linear
2026-09-06T17:40:42.395+01:00 INFO : Filtering template 18/96 segment 1/5
2026-09-06T17:40:42.415+01:00 INFO : Filtering template 18/96 segment 2/5
2026-09-06T17:40:42.432+01:00 INFO : Filtering template 18/96 segment 3/5
2026-09-06T17:40:42.450+01:00 INFO : 1 points above threshold
2026-09-06T17:40:42.465+01:00 INFO : Filtering template 18/96 segment 4/5
2026-09-06T17:40:42.483+01:00 INFO : Filtering template 18/96 segment 5/5
2026-09-06T17:40:42.501+01:00 INFO : 2 points above threshold
2026-09-06T17:40:42.506+01:00 INFO : 18: generating IMRPhenomD from 30.0 Hz
2026-09-06T17:40:42.509+01:00 INFO : Decompressing waveform using inline_linear
2026-09-06T17:40:42.514+01:00 INFO : Filtering template 19/96 segment 1/5
2026-09-06T17:40:42.534+01:00 INFO : 3 points above threshold
2026-09-06T17:40:42.550+01:00 INFO : Filtering template 19/96 segment 2/5
2026-09-06T17:40:42.568+01:00 INFO : 1 points above threshold
2026-09-06T17:40:42.573+01:00 INFO : Filtering template 19/96 segment 3/5
2026-09-06T17:40:42.591+01:00 INFO : 1 points above threshold
2026-09-06T17:40:42.596+01:00 INFO : Filtering template 19/96 segment 4/5
2026-09-06T17:40:42.614+01:00 INFO : 3 points above threshold
2026-09-06T17:40:42.621+01:00 INFO : Filtering template 19/96 segment 5/5
2026-09-06T17:40:42.638+01:00 INFO : 1 points above threshold
2026-09-06T17:40:42.644+01:00 INFO : 19: generating IMRPhenomD from 30.0 Hz
2026-09-06T17:40:42.647+01:00 INFO : Decompressing waveform using inline_linear
2026-09-06T17:40:42.651+01:00 INFO : Filtering template 20/96 segment 1/5
2026-09-06T17:40:42.671+01:00 INFO : 1 points above threshold
2026-09-06T17:40:42.686+01:00 INFO : Filtering template 20/96 segment 2/5
2026-09-06T17:40:42.704+01:00 INFO : 3 points above threshold
2026-09-06T17:40:42.711+01:00 INFO : Filtering template 20/96 segment 3/5
2026-09-06T17:40:42.729+01:00 INFO : Filtering template 20/96 segment 4/5
2026-09-06T17:40:42.747+01:00 INFO : 2 points above threshold
2026-09-06T17:40:42.752+01:00 INFO : Filtering template 20/96 segment 5/5
2026-09-06T17:40:42.770+01:00 INFO : 20: generating IMRPhenomD from 30.0 Hz
2026-09-06T17:40:42.773+01:00 INFO : Decompressing waveform using inline_linear
2026-09-06T17:40:42.777+01:00 INFO : Filtering template 21/96 segment 1/5
2026-09-06T17:40:42.797+01:00 INFO : 1 points above threshold
2026-09-06T17:40:42.812+01:00 INFO : Filtering template 21/96 segment 2/5
2026-09-06T17:40:42.830+01:00 INFO : 1 points above threshold
2026-09-06T17:40:42.835+01:00 INFO : Filtering template 21/96 segment 3/5
2026-09-06T17:40:42.853+01:00 INFO : 1 points above threshold
2026-09-06T17:40:42.858+01:00 INFO : Filtering template 21/96 segment 4/5
2026-09-06T17:40:42.876+01:00 INFO : Filtering template 21/96 segment 5/5
2026-09-06T17:40:42.894+01:00 INFO : 21: generating IMRPhenomD from 30.0 Hz
2026-09-06T17:40:42.897+01:00 INFO : Decompressing waveform using inline_linear
2026-09-06T17:40:42.902+01:00 INFO : Filtering template 22/96 segment 1/5
2026-09-06T17:40:42.922+01:00 INFO : 5 points above threshold
2026-09-06T17:40:42.938+01:00 INFO : Filtering template 22/96 segment 2/5
2026-09-06T17:40:42.956+01:00 INFO : Filtering template 22/96 segment 3/5
2026-09-06T17:40:42.974+01:00 INFO : Filtering template 22/96 segment 4/5
2026-09-06T17:40:42.992+01:00 INFO : 1 points above threshold
2026-09-06T17:40:42.997+01:00 INFO : Filtering template 22/96 segment 5/5
2026-09-06T17:40:43.015+01:00 INFO : 1 points above threshold
2026-09-06T17:40:43.020+01:00 INFO : 22: generating IMRPhenomD from 30.0 Hz
2026-09-06T17:40:43.023+01:00 INFO : Decompressing waveform using inline_linear
2026-09-06T17:40:43.028+01:00 INFO : Filtering template 23/96 segment 1/5
2026-09-06T17:40:43.048+01:00 INFO : 2 points above threshold
2026-09-06T17:40:43.062+01:00 INFO : Filtering template 23/96 segment 2/5
2026-09-06T17:40:43.080+01:00 INFO : 1 points above threshold
2026-09-06T17:40:43.085+01:00 INFO : Filtering template 23/96 segment 3/5
2026-09-06T17:40:43.103+01:00 INFO : 1 points above threshold
2026-09-06T17:40:43.108+01:00 INFO : Filtering template 23/96 segment 4/5
2026-09-06T17:40:43.126+01:00 INFO : Filtering template 23/96 segment 5/5
2026-09-06T17:40:43.144+01:00 INFO : 23: generating IMRPhenomD from 30.0 Hz
2026-09-06T17:40:43.147+01:00 INFO : Decompressing waveform using inline_linear
2026-09-06T17:40:43.152+01:00 INFO : Filtering template 24/96 segment 1/5
2026-09-06T17:40:43.171+01:00 INFO : 1 points above threshold
2026-09-06T17:40:43.186+01:00 INFO : Filtering template 24/96 segment 2/5
2026-09-06T17:40:43.204+01:00 INFO : 2 points above threshold
2026-09-06T17:40:43.209+01:00 INFO : Filtering template 24/96 segment 3/5
2026-09-06T17:40:43.227+01:00 INFO : 1 points above threshold
2026-09-06T17:40:43.232+01:00 INFO : Filtering template 24/96 segment 4/5
2026-09-06T17:40:43.250+01:00 INFO : Filtering template 24/96 segment 5/5
2026-09-06T17:40:43.268+01:00 INFO : 2 points above threshold
2026-09-06T17:40:43.273+01:00 INFO : 24: generating IMRPhenomD from 30.0 Hz
2026-09-06T17:40:43.276+01:00 INFO : Decompressing waveform using inline_linear
2026-09-06T17:40:43.280+01:00 INFO : Filtering template 25/96 segment 1/5
2026-09-06T17:40:43.300+01:00 INFO : 2 points above threshold
2026-09-06T17:40:43.315+01:00 INFO : Filtering template 25/96 segment 2/5
2026-09-06T17:40:43.333+01:00 INFO : Filtering template 25/96 segment 3/5
2026-09-06T17:40:43.351+01:00 INFO : Filtering template 25/96 segment 4/5
2026-09-06T17:40:43.369+01:00 INFO : Filtering template 25/96 segment 5/5
2026-09-06T17:40:43.387+01:00 INFO : 25: generating IMRPhenomD from 30.0 Hz
2026-09-06T17:40:43.389+01:00 INFO : Decompressing waveform using inline_linear
2026-09-06T17:40:43.394+01:00 INFO : Filtering template 26/96 segment 1/5
2026-09-06T17:40:43.414+01:00 INFO : Filtering template 26/96 segment 2/5
2026-09-06T17:40:43.432+01:00 INFO : 2 points above threshold
2026-09-06T17:40:43.448+01:00 INFO : Filtering template 26/96 segment 3/5
2026-09-06T17:40:43.465+01:00 INFO : Filtering template 26/96 segment 4/5
2026-09-06T17:40:43.483+01:00 INFO : 2 points above threshold
2026-09-06T17:40:43.488+01:00 INFO : Filtering template 26/96 segment 5/5
2026-09-06T17:40:43.506+01:00 INFO : 2 points above threshold
2026-09-06T17:40:43.511+01:00 INFO : 26: generating IMRPhenomD from 30.0 Hz
2026-09-06T17:40:43.514+01:00 INFO : Decompressing waveform using inline_linear
2026-09-06T17:40:43.519+01:00 INFO : Filtering template 27/96 segment 1/5
2026-09-06T17:40:43.539+01:00 INFO : 3 points above threshold
2026-09-06T17:40:43.555+01:00 INFO : Filtering template 27/96 segment 2/5
2026-09-06T17:40:43.573+01:00 INFO : Filtering template 27/96 segment 3/5
2026-09-06T17:40:43.591+01:00 INFO : 1 points above threshold
2026-09-06T17:40:43.596+01:00 INFO : Filtering template 27/96 segment 4/5
2026-09-06T17:40:43.614+01:00 INFO : Filtering template 27/96 segment 5/5
2026-09-06T17:40:43.632+01:00 INFO : 27: generating IMRPhenomD from 30.0 Hz
2026-09-06T17:40:43.635+01:00 INFO : Decompressing waveform using inline_linear
2026-09-06T17:40:43.639+01:00 INFO : Filtering template 28/96 segment 1/5
2026-09-06T17:40:43.659+01:00 INFO : 4 points above threshold
2026-09-06T17:40:43.674+01:00 INFO : Filtering template 28/96 segment 2/5
2026-09-06T17:40:43.692+01:00 INFO : 1 points above threshold
2026-09-06T17:40:43.697+01:00 INFO : Filtering template 28/96 segment 3/5
2026-09-06T17:40:43.715+01:00 INFO : 2 points above threshold
2026-09-06T17:40:43.720+01:00 INFO : Filtering template 28/96 segment 4/5
2026-09-06T17:40:43.738+01:00 INFO : Filtering template 28/96 segment 5/5
2026-09-06T17:40:43.756+01:00 INFO : 28: generating IMRPhenomD from 30.0 Hz
2026-09-06T17:40:43.758+01:00 INFO : Decompressing waveform using inline_linear
2026-09-06T17:40:43.763+01:00 INFO : Filtering template 29/96 segment 1/5
2026-09-06T17:40:43.783+01:00 INFO : 2 points above threshold
2026-09-06T17:40:43.798+01:00 INFO : Filtering template 29/96 segment 2/5
2026-09-06T17:40:43.816+01:00 INFO : 2 points above threshold
2026-09-06T17:40:43.821+01:00 INFO : Filtering template 29/96 segment 3/5
2026-09-06T17:40:43.839+01:00 INFO : 1 points above threshold
2026-09-06T17:40:43.844+01:00 INFO : Filtering template 29/96 segment 4/5
2026-09-06T17:40:43.861+01:00 INFO : 2 points above threshold
2026-09-06T17:40:43.867+01:00 INFO : Filtering template 29/96 segment 5/5
2026-09-06T17:40:43.885+01:00 INFO : 3 points above threshold
2026-09-06T17:40:43.892+01:00 INFO : 29: generating IMRPhenomD from 30.0 Hz
2026-09-06T17:40:43.895+01:00 INFO : Decompressing waveform using inline_linear
2026-09-06T17:40:43.899+01:00 INFO : Filtering template 30/96 segment 1/5
2026-09-06T17:40:43.920+01:00 INFO : 1 points above threshold
2026-09-06T17:40:43.934+01:00 INFO : Filtering template 30/96 segment 2/5
2026-09-06T17:40:43.952+01:00 INFO : 1 points above threshold
2026-09-06T17:40:43.958+01:00 INFO : Filtering template 30/96 segment 3/5
2026-09-06T17:40:43.975+01:00 INFO : 1 points above threshold
2026-09-06T17:40:43.981+01:00 INFO : Filtering template 30/96 segment 4/5
2026-09-06T17:40:43.998+01:00 INFO : Filtering template 30/96 segment 5/5
2026-09-06T17:40:44.017+01:00 INFO : 30: generating IMRPhenomD from 30.0 Hz
2026-09-06T17:40:44.019+01:00 INFO : Decompressing waveform using inline_linear
2026-09-06T17:40:44.024+01:00 INFO : Filtering template 31/96 segment 1/5
2026-09-06T17:40:44.044+01:00 INFO : Filtering template 31/96 segment 2/5
2026-09-06T17:40:44.062+01:00 INFO : 1 points above threshold
2026-09-06T17:40:44.077+01:00 INFO : Filtering template 31/96 segment 3/5
2026-09-06T17:40:44.094+01:00 INFO : Filtering template 31/96 segment 4/5
2026-09-06T17:40:44.112+01:00 INFO : 1 points above threshold
2026-09-06T17:40:44.117+01:00 INFO : Filtering template 31/96 segment 5/5
2026-09-06T17:40:44.135+01:00 INFO : 1 points above threshold
2026-09-06T17:40:44.140+01:00 INFO : 31: generating IMRPhenomD from 30.0 Hz
2026-09-06T17:40:44.143+01:00 INFO : Decompressing waveform using inline_linear
2026-09-06T17:40:44.148+01:00 INFO : Filtering template 32/96 segment 1/5
2026-09-06T17:40:44.168+01:00 INFO : Filtering template 32/96 segment 2/5
2026-09-06T17:40:44.186+01:00 INFO : Filtering template 32/96 segment 3/5
2026-09-06T17:40:44.204+01:00 INFO : Filtering template 32/96 segment 4/5
2026-09-06T17:40:44.221+01:00 INFO : 3 points above threshold
2026-09-06T17:40:44.238+01:00 INFO : Filtering template 32/96 segment 5/5
2026-09-06T17:40:44.256+01:00 INFO : 2 points above threshold
2026-09-06T17:40:44.261+01:00 INFO : 32: generating IMRPhenomD from 30.0 Hz
2026-09-06T17:40:44.275+01:00 INFO : Decompressing waveform using inline_linear
2026-09-06T17:40:44.280+01:00 INFO : Filtering template 33/96 segment 1/5
2026-09-06T17:40:44.305+01:00 INFO : 2 points above threshold
2026-09-06T17:40:44.323+01:00 INFO : Filtering template 33/96 segment 2/5
2026-09-06T17:40:44.341+01:00 INFO : Filtering template 33/96 segment 3/5
2026-09-06T17:40:44.359+01:00 INFO : Filtering template 33/96 segment 4/5
2026-09-06T17:40:44.376+01:00 INFO : 1 points above threshold
2026-09-06T17:40:44.382+01:00 INFO : Filtering template 33/96 segment 5/5
2026-09-06T17:40:44.400+01:00 INFO : 33: generating IMRPhenomD from 30.0 Hz
2026-09-06T17:40:44.402+01:00 INFO : Decompressing waveform using inline_linear
2026-09-06T17:40:44.407+01:00 INFO : Filtering template 34/96 segment 1/5
2026-09-06T17:40:44.427+01:00 INFO : Filtering template 34/96 segment 2/5
2026-09-06T17:40:44.445+01:00 INFO : 1 points above threshold
2026-09-06T17:40:44.460+01:00 INFO : Filtering template 34/96 segment 3/5
2026-09-06T17:40:44.477+01:00 INFO : 1 points above threshold
2026-09-06T17:40:44.483+01:00 INFO : Filtering template 34/96 segment 4/5
2026-09-06T17:40:44.500+01:00 INFO : Filtering template 34/96 segment 5/5
2026-09-06T17:40:44.518+01:00 INFO : 1 points above threshold
2026-09-06T17:40:44.523+01:00 INFO : 34: generating IMRPhenomD from 30.0 Hz
2026-09-06T17:40:44.526+01:00 INFO : Decompressing waveform using inline_linear
2026-09-06T17:40:44.531+01:00 INFO : Filtering template 35/96 segment 1/5
2026-09-06T17:40:44.551+01:00 INFO : 1 points above threshold
2026-09-06T17:40:44.566+01:00 INFO : Filtering template 35/96 segment 2/5
2026-09-06T17:40:44.583+01:00 INFO : 1 points above threshold
2026-09-06T17:40:44.589+01:00 INFO : Filtering template 35/96 segment 3/5
2026-09-06T17:40:44.607+01:00 INFO : 1 points above threshold
2026-09-06T17:40:44.612+01:00 INFO : Filtering template 35/96 segment 4/5
2026-09-06T17:40:44.630+01:00 INFO : Filtering template 35/96 segment 5/5
2026-09-06T17:40:44.648+01:00 INFO : 35: generating IMRPhenomD from 30.0 Hz
2026-09-06T17:40:44.651+01:00 INFO : Decompressing waveform using inline_linear
2026-09-06T17:40:44.655+01:00 INFO : Filtering template 36/96 segment 1/5
2026-09-06T17:40:44.675+01:00 INFO : 3 points above threshold
2026-09-06T17:40:44.692+01:00 INFO : Filtering template 36/96 segment 2/5
2026-09-06T17:40:44.709+01:00 INFO : 1 points above threshold
2026-09-06T17:40:44.715+01:00 INFO : Filtering template 36/96 segment 3/5
2026-09-06T17:40:44.732+01:00 INFO : 2 points above threshold
2026-09-06T17:40:44.737+01:00 INFO : Filtering template 36/96 segment 4/5
2026-09-06T17:40:44.755+01:00 INFO : Filtering template 36/96 segment 5/5
2026-09-06T17:40:44.773+01:00 INFO : 1 points above threshold
2026-09-06T17:40:44.778+01:00 INFO : 36: generating IMRPhenomD from 30.0 Hz
2026-09-06T17:40:44.781+01:00 INFO : Decompressing waveform using inline_linear
2026-09-06T17:40:44.786+01:00 INFO : Filtering template 37/96 segment 1/5
2026-09-06T17:40:44.806+01:00 INFO : 2 points above threshold
2026-09-06T17:40:44.821+01:00 INFO : Filtering template 37/96 segment 2/5
2026-09-06T17:40:44.838+01:00 INFO : 3 points above threshold
2026-09-06T17:40:44.845+01:00 INFO : Filtering template 37/96 segment 3/5
2026-09-06T17:40:44.863+01:00 INFO : 1 points above threshold
2026-09-06T17:40:44.868+01:00 INFO : Filtering template 37/96 segment 4/5
2026-09-06T17:40:44.886+01:00 INFO : 3 points above threshold
2026-09-06T17:40:44.893+01:00 INFO : Filtering template 37/96 segment 5/5
2026-09-06T17:40:44.911+01:00 INFO : 37: generating IMRPhenomD from 30.0 Hz
2026-09-06T17:40:44.914+01:00 INFO : Decompressing waveform using inline_linear
2026-09-06T17:40:44.919+01:00 INFO : Filtering template 38/96 segment 1/5
2026-09-06T17:40:44.939+01:00 INFO : Filtering template 38/96 segment 2/5
2026-09-06T17:40:44.957+01:00 INFO : Filtering template 38/96 segment 3/5
2026-09-06T17:40:44.975+01:00 INFO : 1 points above threshold
2026-09-06T17:40:44.989+01:00 INFO : Filtering template 38/96 segment 4/5
2026-09-06T17:40:45.007+01:00 INFO : 1 points above threshold
2026-09-06T17:40:45.012+01:00 INFO : Filtering template 38/96 segment 5/5
2026-09-06T17:40:45.030+01:00 INFO : 1 points above threshold
2026-09-06T17:40:45.035+01:00 INFO : 38: generating IMRPhenomD from 30.0 Hz
2026-09-06T17:40:45.038+01:00 INFO : Decompressing waveform using inline_linear
2026-09-06T17:40:45.043+01:00 INFO : Filtering template 39/96 segment 1/5
2026-09-06T17:40:45.063+01:00 INFO : Filtering template 39/96 segment 2/5
2026-09-06T17:40:45.081+01:00 INFO : 2 points above threshold
2026-09-06T17:40:45.095+01:00 INFO : Filtering template 39/96 segment 3/5
2026-09-06T17:40:45.113+01:00 INFO : Filtering template 39/96 segment 4/5
2026-09-06T17:40:45.131+01:00 INFO : 2 points above threshold
2026-09-06T17:40:45.136+01:00 INFO : Filtering template 39/96 segment 5/5
2026-09-06T17:40:45.154+01:00 INFO : 39: generating IMRPhenomD from 30.0 Hz
2026-09-06T17:40:45.157+01:00 INFO : Decompressing waveform using inline_linear
2026-09-06T17:40:45.161+01:00 INFO : Filtering template 40/96 segment 1/5
2026-09-06T17:40:45.181+01:00 INFO : Filtering template 40/96 segment 2/5
2026-09-06T17:40:45.199+01:00 INFO : Filtering template 40/96 segment 3/5
2026-09-06T17:40:45.217+01:00 INFO : Filtering template 40/96 segment 4/5
2026-09-06T17:40:45.235+01:00 INFO : 2 points above threshold
2026-09-06T17:40:45.249+01:00 INFO : Filtering template 40/96 segment 5/5
2026-09-06T17:40:45.267+01:00 INFO : 40: generating IMRPhenomD from 30.0 Hz
2026-09-06T17:40:45.270+01:00 INFO : Decompressing waveform using inline_linear
2026-09-06T17:40:45.275+01:00 INFO : Filtering template 41/96 segment 1/5
2026-09-06T17:40:45.295+01:00 INFO : Filtering template 41/96 segment 2/5
2026-09-06T17:40:45.313+01:00 INFO : Filtering template 41/96 segment 3/5
2026-09-06T17:40:45.331+01:00 INFO : 2 points above threshold
2026-09-06T17:40:45.345+01:00 INFO : Filtering template 41/96 segment 4/5
2026-09-06T17:40:45.363+01:00 INFO : 2 points above threshold
2026-09-06T17:40:45.368+01:00 INFO : Filtering template 41/96 segment 5/5
2026-09-06T17:40:45.386+01:00 INFO : 41: generating IMRPhenomD from 30.0 Hz
2026-09-06T17:40:45.389+01:00 INFO : Decompressing waveform using inline_linear
2026-09-06T17:40:45.394+01:00 INFO : Filtering template 42/96 segment 1/5
2026-09-06T17:40:45.414+01:00 INFO : Filtering template 42/96 segment 2/5
2026-09-06T17:40:45.431+01:00 INFO : 2 points above threshold
2026-09-06T17:40:45.446+01:00 INFO : Filtering template 42/96 segment 3/5
2026-09-06T17:40:45.464+01:00 INFO : Filtering template 42/96 segment 4/5
2026-09-06T17:40:45.482+01:00 INFO : 1 points above threshold
2026-09-06T17:40:45.487+01:00 INFO : Filtering template 42/96 segment 5/5
2026-09-06T17:40:45.504+01:00 INFO : 1 points above threshold
2026-09-06T17:40:45.510+01:00 INFO : 42: generating IMRPhenomD from 30.0 Hz
2026-09-06T17:40:45.512+01:00 INFO : Decompressing waveform using inline_linear
2026-09-06T17:40:45.517+01:00 INFO : Filtering template 43/96 segment 1/5
2026-09-06T17:40:45.537+01:00 INFO : 1 points above threshold
2026-09-06T17:40:45.552+01:00 INFO : Filtering template 43/96 segment 2/5
2026-09-06T17:40:45.570+01:00 INFO : 2 points above threshold
2026-09-06T17:40:45.575+01:00 INFO : Filtering template 43/96 segment 3/5
2026-09-06T17:40:45.592+01:00 INFO : 1 points above threshold
2026-09-06T17:40:45.598+01:00 INFO : Filtering template 43/96 segment 4/5
2026-09-06T17:40:45.616+01:00 INFO : Filtering template 43/96 segment 5/5
2026-09-06T17:40:45.634+01:00 INFO : 43: generating IMRPhenomD from 30.0 Hz
2026-09-06T17:40:45.637+01:00 INFO : Decompressing waveform using inline_linear
2026-09-06T17:40:45.641+01:00 INFO : Filtering template 44/96 segment 1/5
2026-09-06T17:40:45.661+01:00 INFO : 1 points above threshold
2026-09-06T17:40:45.676+01:00 INFO : Filtering template 44/96 segment 2/5
2026-09-06T17:40:45.694+01:00 INFO : Filtering template 44/96 segment 3/5
2026-09-06T17:40:45.712+01:00 INFO : Filtering template 44/96 segment 4/5
2026-09-06T17:40:45.730+01:00 INFO : 1 points above threshold
2026-09-06T17:40:45.735+01:00 INFO : Filtering template 44/96 segment 5/5
2026-09-06T17:40:45.753+01:00 INFO : 44: generating IMRPhenomD from 30.0 Hz
2026-09-06T17:40:45.756+01:00 INFO : Decompressing waveform using inline_linear
2026-09-06T17:40:45.760+01:00 INFO : Filtering template 45/96 segment 1/5
2026-09-06T17:40:45.780+01:00 INFO : 2 points above threshold
2026-09-06T17:40:45.795+01:00 INFO : Filtering template 45/96 segment 2/5
2026-09-06T17:40:45.813+01:00 INFO : 1 points above threshold
2026-09-06T17:40:45.818+01:00 INFO : Filtering template 45/96 segment 3/5
2026-09-06T17:40:45.836+01:00 INFO : 1 points above threshold
2026-09-06T17:40:45.841+01:00 INFO : Filtering template 45/96 segment 4/5
2026-09-06T17:40:45.859+01:00 INFO : Filtering template 45/96 segment 5/5
2026-09-06T17:40:45.877+01:00 INFO : 45: generating IMRPhenomD from 30.0 Hz
2026-09-06T17:40:45.880+01:00 INFO : Decompressing waveform using inline_linear
2026-09-06T17:40:45.885+01:00 INFO : Filtering template 46/96 segment 1/5
2026-09-06T17:40:45.905+01:00 INFO : Filtering template 46/96 segment 2/5
2026-09-06T17:40:45.923+01:00 INFO : Filtering template 46/96 segment 3/5
2026-09-06T17:40:45.940+01:00 INFO : 1 points above threshold
2026-09-06T17:40:45.955+01:00 INFO : Filtering template 46/96 segment 4/5
2026-09-06T17:40:45.973+01:00 INFO : 3 points above threshold
2026-09-06T17:40:45.980+01:00 INFO : Filtering template 46/96 segment 5/5
2026-09-06T17:40:45.998+01:00 INFO : 1 points above threshold
2026-09-06T17:40:46.003+01:00 INFO : 46: generating IMRPhenomD from 30.0 Hz
2026-09-06T17:40:46.006+01:00 INFO : Decompressing waveform using inline_linear
2026-09-06T17:40:46.010+01:00 INFO : Filtering template 47/96 segment 1/5
2026-09-06T17:40:46.031+01:00 INFO : 3 points above threshold
2026-09-06T17:40:46.047+01:00 INFO : Filtering template 47/96 segment 2/5
2026-09-06T17:40:46.065+01:00 INFO : Filtering template 47/96 segment 3/5
2026-09-06T17:40:46.083+01:00 INFO : 2 points above threshold
2026-09-06T17:40:46.088+01:00 INFO : Filtering template 47/96 segment 4/5
2026-09-06T17:40:46.106+01:00 INFO : 1 points above threshold
2026-09-06T17:40:46.111+01:00 INFO : Filtering template 47/96 segment 5/5
2026-09-06T17:40:46.129+01:00 INFO : 1 points above threshold
2026-09-06T17:40:46.134+01:00 INFO : 47: generating IMRPhenomD from 30.0 Hz
2026-09-06T17:40:46.137+01:00 INFO : Decompressing waveform using inline_linear
2026-09-06T17:40:46.142+01:00 INFO : Filtering template 48/96 segment 1/5
2026-09-06T17:40:46.162+01:00 INFO : 3 points above threshold
2026-09-06T17:40:46.178+01:00 INFO : Filtering template 48/96 segment 2/5
2026-09-06T17:40:46.196+01:00 INFO : 1 points above threshold
2026-09-06T17:40:46.201+01:00 INFO : Filtering template 48/96 segment 3/5
2026-09-06T17:40:46.219+01:00 INFO : 1 points above threshold
2026-09-06T17:40:46.224+01:00 INFO : Filtering template 48/96 segment 4/5
2026-09-06T17:40:46.242+01:00 INFO : 2 points above threshold
2026-09-06T17:40:46.247+01:00 INFO : Filtering template 48/96 segment 5/5
2026-09-06T17:40:46.265+01:00 INFO : 1 points above threshold
2026-09-06T17:40:46.270+01:00 INFO : 48: generating IMRPhenomD from 30.0 Hz
2026-09-06T17:40:46.273+01:00 INFO : Decompressing waveform using inline_linear
2026-09-06T17:40:46.278+01:00 INFO : Filtering template 49/96 segment 1/5
2026-09-06T17:40:46.298+01:00 INFO : 1 points above threshold
2026-09-06T17:40:46.312+01:00 INFO : Filtering template 49/96 segment 2/5
2026-09-06T17:40:46.330+01:00 INFO : 1 points above threshold
2026-09-06T17:40:46.335+01:00 INFO : Filtering template 49/96 segment 3/5
2026-09-06T17:40:46.354+01:00 INFO : 2 points above threshold
2026-09-06T17:40:46.359+01:00 INFO : Filtering template 49/96 segment 4/5
2026-09-06T17:40:46.379+01:00 INFO : Filtering template 49/96 segment 5/5
2026-09-06T17:40:46.398+01:00 INFO : 49: generating IMRPhenomD from 30.0 Hz
2026-09-06T17:40:46.401+01:00 INFO : Decompressing waveform using inline_linear
2026-09-06T17:40:46.406+01:00 INFO : Filtering template 50/96 segment 1/5
2026-09-06T17:40:46.427+01:00 INFO : Filtering template 50/96 segment 2/5
2026-09-06T17:40:46.449+01:00 INFO : 2 points above threshold
2026-09-06T17:40:46.464+01:00 INFO : Filtering template 50/96 segment 3/5
2026-09-06T17:40:46.482+01:00 INFO : 4 points above threshold
2026-09-06T17:40:46.487+01:00 INFO : Filtering template 50/96 segment 4/5
2026-09-06T17:40:46.505+01:00 INFO : 2 points above threshold
2026-09-06T17:40:46.510+01:00 INFO : Filtering template 50/96 segment 5/5
2026-09-06T17:40:46.528+01:00 INFO : 50: generating IMRPhenomD from 30.0 Hz
2026-09-06T17:40:46.531+01:00 INFO : Decompressing waveform using inline_linear
2026-09-06T17:40:46.536+01:00 INFO : Filtering template 51/96 segment 1/5
2026-09-06T17:40:46.556+01:00 INFO : 1 points above threshold
2026-09-06T17:40:46.570+01:00 INFO : Filtering template 51/96 segment 2/5
2026-09-06T17:40:46.588+01:00 INFO : 1 points above threshold
2026-09-06T17:40:46.593+01:00 INFO : Filtering template 51/96 segment 3/5
2026-09-06T17:40:46.611+01:00 INFO : Filtering template 51/96 segment 4/5
2026-09-06T17:40:46.629+01:00 INFO : 1 points above threshold
2026-09-06T17:40:46.634+01:00 INFO : Filtering template 51/96 segment 5/5
2026-09-06T17:40:46.652+01:00 INFO : 2 points above threshold
2026-09-06T17:40:46.657+01:00 INFO : 51: generating IMRPhenomD from 30.0 Hz
2026-09-06T17:40:46.660+01:00 INFO : Decompressing waveform using inline_linear
2026-09-06T17:40:46.665+01:00 INFO : Filtering template 52/96 segment 1/5
2026-09-06T17:40:46.685+01:00 INFO : 1 points above threshold
2026-09-06T17:40:46.699+01:00 INFO : Filtering template 52/96 segment 2/5
2026-09-06T17:40:46.717+01:00 INFO : 1 points above threshold
2026-09-06T17:40:46.722+01:00 INFO : Filtering template 52/96 segment 3/5
2026-09-06T17:40:46.740+01:00 INFO : Filtering template 52/96 segment 4/5
2026-09-06T17:40:46.758+01:00 INFO : 3 points above threshold
2026-09-06T17:40:46.765+01:00 INFO : Filtering template 52/96 segment 5/5
2026-09-06T17:40:46.783+01:00 INFO : 1 points above threshold
2026-09-06T17:40:46.788+01:00 INFO : 52: generating IMRPhenomD from 30.0 Hz
2026-09-06T17:40:46.791+01:00 INFO : Decompressing waveform using inline_linear
2026-09-06T17:40:46.795+01:00 INFO : Filtering template 53/96 segment 1/5
2026-09-06T17:40:46.816+01:00 INFO : 3 points above threshold
2026-09-06T17:40:46.832+01:00 INFO : Filtering template 53/96 segment 2/5
2026-09-06T17:40:46.850+01:00 INFO : 2 points above threshold
2026-09-06T17:40:46.855+01:00 INFO : Filtering template 53/96 segment 3/5
2026-09-06T17:40:46.873+01:00 INFO : 2 points above threshold
2026-09-06T17:40:46.878+01:00 INFO : Filtering template 53/96 segment 4/5
2026-09-06T17:40:46.896+01:00 INFO : 1 points above threshold
2026-09-06T17:40:46.902+01:00 INFO : Filtering template 53/96 segment 5/5
2026-09-06T17:40:46.919+01:00 INFO : 1 points above threshold
2026-09-06T17:40:46.925+01:00 INFO : 53: generating IMRPhenomD from 30.0 Hz
2026-09-06T17:40:46.928+01:00 INFO : Decompressing waveform using inline_linear
2026-09-06T17:40:46.932+01:00 INFO : Filtering template 54/96 segment 1/5
2026-09-06T17:40:46.952+01:00 INFO : Filtering template 54/96 segment 2/5
2026-09-06T17:40:46.970+01:00 INFO : Filtering template 54/96 segment 3/5
2026-09-06T17:40:46.988+01:00 INFO : 3 points above threshold
2026-09-06T17:40:47.004+01:00 INFO : Filtering template 54/96 segment 4/5
2026-09-06T17:40:47.022+01:00 INFO : 5 points above threshold
2026-09-06T17:40:47.029+01:00 INFO : Filtering template 54/96 segment 5/5
2026-09-06T17:40:47.047+01:00 INFO : 54: generating IMRPhenomD from 30.0 Hz
2026-09-06T17:40:47.050+01:00 INFO : Decompressing waveform using inline_linear
2026-09-06T17:40:47.055+01:00 INFO : Filtering template 55/96 segment 1/5
2026-09-06T17:40:47.075+01:00 INFO : Filtering template 55/96 segment 2/5
2026-09-06T17:40:47.093+01:00 INFO : 1 points above threshold
2026-09-06T17:40:47.109+01:00 INFO : Filtering template 55/96 segment 3/5
2026-09-06T17:40:47.126+01:00 INFO : 3 points above threshold
2026-09-06T17:40:47.133+01:00 INFO : Filtering template 55/96 segment 4/5
2026-09-06T17:40:47.152+01:00 INFO : 1 points above threshold
2026-09-06T17:40:47.157+01:00 INFO : Filtering template 55/96 segment 5/5
2026-09-06T17:40:47.175+01:00 INFO : 1 points above threshold
2026-09-06T17:40:47.180+01:00 INFO : 55: generating IMRPhenomD from 30.0 Hz
2026-09-06T17:40:47.183+01:00 INFO : Decompressing waveform using inline_linear
2026-09-06T17:40:47.188+01:00 INFO : Filtering template 56/96 segment 1/5
2026-09-06T17:40:47.208+01:00 INFO : 1 points above threshold
2026-09-06T17:40:47.222+01:00 INFO : Filtering template 56/96 segment 2/5
2026-09-06T17:40:47.240+01:00 INFO : 1 points above threshold
2026-09-06T17:40:47.245+01:00 INFO : Filtering template 56/96 segment 3/5
2026-09-06T17:40:47.263+01:00 INFO : 4 points above threshold
2026-09-06T17:40:47.268+01:00 INFO : Filtering template 56/96 segment 4/5
2026-09-06T17:40:47.286+01:00 INFO : Filtering template 56/96 segment 5/5
2026-09-06T17:40:47.304+01:00 INFO : 1 points above threshold
2026-09-06T17:40:47.309+01:00 INFO : 56: generating IMRPhenomD from 30.0 Hz
2026-09-06T17:40:47.312+01:00 INFO : Decompressing waveform using inline_linear
2026-09-06T17:40:47.317+01:00 INFO : Filtering template 57/96 segment 1/5
2026-09-06T17:40:47.337+01:00 INFO : 1 points above threshold
2026-09-06T17:40:47.351+01:00 INFO : Filtering template 57/96 segment 2/5
2026-09-06T17:40:47.369+01:00 INFO : 2 points above threshold
2026-09-06T17:40:47.374+01:00 INFO : Filtering template 57/96 segment 3/5
2026-09-06T17:40:47.392+01:00 INFO : 2 points above threshold
2026-09-06T17:40:47.397+01:00 INFO : Filtering template 57/96 segment 4/5
2026-09-06T17:40:47.415+01:00 INFO : 2 points above threshold
2026-09-06T17:40:47.420+01:00 INFO : Filtering template 57/96 segment 5/5
2026-09-06T17:40:47.438+01:00 INFO : 57: generating IMRPhenomD from 30.0 Hz
2026-09-06T17:40:47.441+01:00 INFO : Decompressing waveform using inline_linear
2026-09-06T17:40:47.446+01:00 INFO : Filtering template 58/96 segment 1/5
2026-09-06T17:40:47.465+01:00 INFO : 1 points above threshold
2026-09-06T17:40:47.480+01:00 INFO : Filtering template 58/96 segment 2/5
2026-09-06T17:40:47.498+01:00 INFO : 2 points above threshold
2026-09-06T17:40:47.503+01:00 INFO : Filtering template 58/96 segment 3/5
2026-09-06T17:40:47.521+01:00 INFO : 1 points above threshold
2026-09-06T17:40:47.526+01:00 INFO : Filtering template 58/96 segment 4/5
2026-09-06T17:40:47.543+01:00 INFO : 1 points above threshold
2026-09-06T17:40:47.549+01:00 INFO : Filtering template 58/96 segment 5/5
2026-09-06T17:40:47.566+01:00 INFO : 2 points above threshold
2026-09-06T17:40:47.572+01:00 INFO : 58: generating IMRPhenomD from 30.0 Hz
2026-09-06T17:40:47.574+01:00 INFO : Decompressing waveform using inline_linear
2026-09-06T17:40:47.579+01:00 INFO : Filtering template 59/96 segment 1/5
2026-09-06T17:40:47.599+01:00 INFO : 1 points above threshold
2026-09-06T17:40:47.613+01:00 INFO : Filtering template 59/96 segment 2/5
2026-09-06T17:40:47.631+01:00 INFO : 2 points above threshold
2026-09-06T17:40:47.636+01:00 INFO : Filtering template 59/96 segment 3/5
2026-09-06T17:40:47.654+01:00 INFO : 2 points above threshold
2026-09-06T17:40:47.659+01:00 INFO : Filtering template 59/96 segment 4/5
2026-09-06T17:40:47.677+01:00 INFO : 1 points above threshold
2026-09-06T17:40:47.682+01:00 INFO : Filtering template 59/96 segment 5/5
2026-09-06T17:40:47.700+01:00 INFO : 59: generating IMRPhenomD from 30.0 Hz
2026-09-06T17:40:47.703+01:00 INFO : Decompressing waveform using inline_linear
2026-09-06T17:40:47.708+01:00 INFO : Filtering template 60/96 segment 1/5
2026-09-06T17:40:47.728+01:00 INFO : Filtering template 60/96 segment 2/5
2026-09-06T17:40:47.745+01:00 INFO : Filtering template 60/96 segment 3/5
2026-09-06T17:40:47.763+01:00 INFO : 1 points above threshold
2026-09-06T17:40:47.778+01:00 INFO : Filtering template 60/96 segment 4/5
2026-09-06T17:40:47.795+01:00 INFO : 2 points above threshold
2026-09-06T17:40:47.801+01:00 INFO : Filtering template 60/96 segment 5/5
2026-09-06T17:40:47.819+01:00 INFO : 60: generating IMRPhenomD from 30.0 Hz
2026-09-06T17:40:47.821+01:00 INFO : Decompressing waveform using inline_linear
2026-09-06T17:40:47.826+01:00 INFO : Filtering template 61/96 segment 1/5
2026-09-06T17:40:47.846+01:00 INFO : Filtering template 61/96 segment 2/5
2026-09-06T17:40:47.864+01:00 INFO : 2 points above threshold
2026-09-06T17:40:47.879+01:00 INFO : Filtering template 61/96 segment 3/5
2026-09-06T17:40:47.897+01:00 INFO : 1 points above threshold
2026-09-06T17:40:47.902+01:00 INFO : Filtering template 61/96 segment 4/5
2026-09-06T17:40:47.920+01:00 INFO : 1 points above threshold
2026-09-06T17:40:47.925+01:00 INFO : Filtering template 61/96 segment 5/5
2026-09-06T17:40:47.943+01:00 INFO : 61: generating IMRPhenomD from 30.0 Hz
2026-09-06T17:40:47.946+01:00 INFO : Decompressing waveform using inline_linear
2026-09-06T17:40:47.951+01:00 INFO : Filtering template 62/96 segment 1/5
2026-09-06T17:40:47.971+01:00 INFO : 2 points above threshold
2026-09-06T17:40:47.985+01:00 INFO : Filtering template 62/96 segment 2/5
2026-09-06T17:40:48.003+01:00 INFO : Filtering template 62/96 segment 3/5
2026-09-06T17:40:48.020+01:00 INFO : Filtering template 62/96 segment 4/5
2026-09-06T17:40:48.038+01:00 INFO : 5 points above threshold
2026-09-06T17:40:48.046+01:00 INFO : Filtering template 62/96 segment 5/5
2026-09-06T17:40:48.064+01:00 INFO : 62: generating IMRPhenomD from 30.0 Hz
2026-09-06T17:40:48.067+01:00 INFO : Decompressing waveform using inline_linear
2026-09-06T17:40:48.071+01:00 INFO : Filtering template 63/96 segment 1/5
2026-09-06T17:40:48.091+01:00 INFO : Filtering template 63/96 segment 2/5
2026-09-06T17:40:48.109+01:00 INFO : 1 points above threshold
2026-09-06T17:40:48.125+01:00 INFO : Filtering template 63/96 segment 3/5
2026-09-06T17:40:48.143+01:00 INFO : 2 points above threshold
2026-09-06T17:40:48.148+01:00 INFO : Filtering template 63/96 segment 4/5
2026-09-06T17:40:48.166+01:00 INFO : 1 points above threshold
2026-09-06T17:40:48.171+01:00 INFO : Filtering template 63/96 segment 5/5
2026-09-06T17:40:48.189+01:00 INFO : 1 points above threshold
2026-09-06T17:40:48.195+01:00 INFO : 63: generating IMRPhenomD from 30.0 Hz
2026-09-06T17:40:48.197+01:00 INFO : Decompressing waveform using inline_linear
2026-09-06T17:40:48.202+01:00 INFO : Filtering template 64/96 segment 1/5
2026-09-06T17:40:48.222+01:00 INFO : 2 points above threshold
2026-09-06T17:40:48.236+01:00 INFO : Filtering template 64/96 segment 2/5
2026-09-06T17:40:48.254+01:00 INFO : 1 points above threshold
2026-09-06T17:40:48.259+01:00 INFO : Filtering template 64/96 segment 3/5
2026-09-06T17:40:48.277+01:00 INFO : Filtering template 64/96 segment 4/5
2026-09-06T17:40:48.295+01:00 INFO : Filtering template 64/96 segment 5/5
2026-09-06T17:40:48.313+01:00 INFO : 64: generating IMRPhenomD from 30.0 Hz
2026-09-06T17:40:48.316+01:00 INFO : Decompressing waveform using inline_linear
2026-09-06T17:40:48.321+01:00 INFO : Filtering template 65/96 segment 1/5
2026-09-06T17:40:48.341+01:00 INFO : 2 points above threshold
2026-09-06T17:40:48.355+01:00 INFO : Filtering template 65/96 segment 2/5
2026-09-06T17:40:48.373+01:00 INFO : 2 points above threshold
2026-09-06T17:40:48.378+01:00 INFO : Filtering template 65/96 segment 3/5
2026-09-06T17:40:48.396+01:00 INFO : 1 points above threshold
2026-09-06T17:40:48.401+01:00 INFO : Filtering template 65/96 segment 4/5
2026-09-06T17:40:48.419+01:00 INFO : 2 points above threshold
2026-09-06T17:40:48.424+01:00 INFO : Filtering template 65/96 segment 5/5
2026-09-06T17:40:48.442+01:00 INFO : 65: generating IMRPhenomD from 30.0 Hz
2026-09-06T17:40:48.445+01:00 INFO : Decompressing waveform using inline_linear
2026-09-06T17:40:48.450+01:00 INFO : Filtering template 66/96 segment 1/5
2026-09-06T17:40:48.469+01:00 INFO : 1 points above threshold
2026-09-06T17:40:48.484+01:00 INFO : Filtering template 66/96 segment 2/5
2026-09-06T17:40:48.502+01:00 INFO : 1 points above threshold
2026-09-06T17:40:48.507+01:00 INFO : Filtering template 66/96 segment 3/5
2026-09-06T17:40:48.525+01:00 INFO : 2 points above threshold
2026-09-06T17:40:48.530+01:00 INFO : Filtering template 66/96 segment 4/5
2026-09-06T17:40:48.547+01:00 INFO : 1 points above threshold
2026-09-06T17:40:48.552+01:00 INFO : Filtering template 66/96 segment 5/5
2026-09-06T17:40:48.571+01:00 INFO : 66: generating IMRPhenomD from 30.0 Hz
2026-09-06T17:40:48.586+01:00 INFO : Decompressing waveform using inline_linear
2026-09-06T17:40:48.591+01:00 INFO : Filtering template 67/96 segment 1/5
2026-09-06T17:40:48.619+01:00 INFO : 3 points above threshold
2026-09-06T17:40:48.639+01:00 INFO : Filtering template 67/96 segment 2/5
2026-09-06T17:40:48.657+01:00 INFO : Filtering template 67/96 segment 3/5
2026-09-06T17:40:48.675+01:00 INFO : 1 points above threshold
2026-09-06T17:40:48.680+01:00 INFO : Filtering template 67/96 segment 4/5
2026-09-06T17:40:48.698+01:00 INFO : Filtering template 67/96 segment 5/5
2026-09-06T17:40:48.716+01:00 INFO : 67: generating IMRPhenomD from 30.0 Hz
2026-09-06T17:40:48.719+01:00 INFO : Decompressing waveform using inline_linear
2026-09-06T17:40:48.724+01:00 INFO : Filtering template 68/96 segment 1/5
2026-09-06T17:40:48.744+01:00 INFO : 1 points above threshold
2026-09-06T17:40:48.758+01:00 INFO : Filtering template 68/96 segment 2/5
2026-09-06T17:40:48.776+01:00 INFO : 1 points above threshold
2026-09-06T17:40:48.781+01:00 INFO : Filtering template 68/96 segment 3/5
2026-09-06T17:40:48.799+01:00 INFO : 1 points above threshold
2026-09-06T17:40:48.804+01:00 INFO : Filtering template 68/96 segment 4/5
2026-09-06T17:40:48.822+01:00 INFO : 1 points above threshold
2026-09-06T17:40:48.827+01:00 INFO : Filtering template 68/96 segment 5/5
2026-09-06T17:40:48.845+01:00 INFO : 1 points above threshold
2026-09-06T17:40:48.850+01:00 INFO : 68: generating IMRPhenomD from 30.0 Hz
2026-09-06T17:40:48.853+01:00 INFO : Decompressing waveform using inline_linear
2026-09-06T17:40:48.858+01:00 INFO : Filtering template 69/96 segment 1/5
2026-09-06T17:40:48.878+01:00 INFO : Filtering template 69/96 segment 2/5
2026-09-06T17:40:48.896+01:00 INFO : Filtering template 69/96 segment 3/5
2026-09-06T17:40:48.914+01:00 INFO : 1 points above threshold
2026-09-06T17:40:48.928+01:00 INFO : Filtering template 69/96 segment 4/5
2026-09-06T17:40:48.946+01:00 INFO : 2 points above threshold
2026-09-06T17:40:48.951+01:00 INFO : Filtering template 69/96 segment 5/5
2026-09-06T17:40:48.969+01:00 INFO : 69: generating IMRPhenomD from 30.0 Hz
2026-09-06T17:40:48.972+01:00 INFO : Decompressing waveform using inline_linear
2026-09-06T17:40:48.977+01:00 INFO : Filtering template 70/96 segment 1/5
2026-09-06T17:40:48.997+01:00 INFO : 2 points above threshold
2026-09-06T17:40:49.011+01:00 INFO : Filtering template 70/96 segment 2/5
2026-09-06T17:40:49.029+01:00 INFO : 2 points above threshold
2026-09-06T17:40:49.034+01:00 INFO : Filtering template 70/96 segment 3/5
2026-09-06T17:40:49.052+01:00 INFO : Filtering template 70/96 segment 4/5
2026-09-06T17:40:49.070+01:00 INFO : 2 points above threshold
2026-09-06T17:40:49.075+01:00 INFO : Filtering template 70/96 segment 5/5
2026-09-06T17:40:49.093+01:00 INFO : 2 points above threshold
2026-09-06T17:40:49.098+01:00 INFO : 70: generating IMRPhenomD from 30.0 Hz
2026-09-06T17:40:49.101+01:00 INFO : Decompressing waveform using inline_linear
2026-09-06T17:40:49.105+01:00 INFO : Filtering template 71/96 segment 1/5
2026-09-06T17:40:49.125+01:00 INFO : Filtering template 71/96 segment 2/5
2026-09-06T17:40:49.143+01:00 INFO : 1 points above threshold
2026-09-06T17:40:49.158+01:00 INFO : Filtering template 71/96 segment 3/5
2026-09-06T17:40:49.175+01:00 INFO : 1 points above threshold
2026-09-06T17:40:49.181+01:00 INFO : Filtering template 71/96 segment 4/5
2026-09-06T17:40:49.198+01:00 INFO : 3 points above threshold
2026-09-06T17:40:49.205+01:00 INFO : Filtering template 71/96 segment 5/5
2026-09-06T17:40:49.223+01:00 INFO : 1 points above threshold
2026-09-06T17:40:49.228+01:00 INFO : 71: generating IMRPhenomD from 30.0 Hz
2026-09-06T17:40:49.231+01:00 INFO : Decompressing waveform using inline_linear
2026-09-06T17:40:49.236+01:00 INFO : Filtering template 72/96 segment 1/5
2026-09-06T17:40:49.256+01:00 INFO : 2 points above threshold
2026-09-06T17:40:49.270+01:00 INFO : Filtering template 72/96 segment 2/5
2026-09-06T17:40:49.288+01:00 INFO : 1 points above threshold
2026-09-06T17:40:49.293+01:00 INFO : Filtering template 72/96 segment 3/5
2026-09-06T17:40:49.311+01:00 INFO : 1 points above threshold
2026-09-06T17:40:49.316+01:00 INFO : Filtering template 72/96 segment 4/5
2026-09-06T17:40:49.334+01:00 INFO : 4 points above threshold
2026-09-06T17:40:49.339+01:00 INFO : Filtering template 72/96 segment 5/5
2026-09-06T17:40:49.357+01:00 INFO : 3 points above threshold
2026-09-06T17:40:49.364+01:00 INFO : 72: generating IMRPhenomD from 30.0 Hz
2026-09-06T17:40:49.367+01:00 INFO : Decompressing waveform using inline_linear
2026-09-06T17:40:49.372+01:00 INFO : Filtering template 73/96 segment 1/5
2026-09-06T17:40:49.392+01:00 INFO : 1 points above threshold
2026-09-06T17:40:49.406+01:00 INFO : Filtering template 73/96 segment 2/5
2026-09-06T17:40:49.424+01:00 INFO : Filtering template 73/96 segment 3/5
2026-09-06T17:40:49.442+01:00 INFO : 1 points above threshold
2026-09-06T17:40:49.447+01:00 INFO : Filtering template 73/96 segment 4/5
2026-09-06T17:40:49.465+01:00 INFO : Filtering template 73/96 segment 5/5
2026-09-06T17:40:49.483+01:00 INFO : 1 points above threshold
2026-09-06T17:40:49.489+01:00 INFO : 73: generating IMRPhenomD from 30.0 Hz
2026-09-06T17:40:49.491+01:00 INFO : Decompressing waveform using inline_linear
2026-09-06T17:40:49.496+01:00 INFO : Filtering template 74/96 segment 1/5
2026-09-06T17:40:49.516+01:00 INFO : 2 points above threshold
2026-09-06T17:40:49.531+01:00 INFO : Filtering template 74/96 segment 2/5
2026-09-06T17:40:49.548+01:00 INFO : 3 points above threshold
2026-09-06T17:40:49.555+01:00 INFO : Filtering template 74/96 segment 3/5
2026-09-06T17:40:49.573+01:00 INFO : Filtering template 74/96 segment 4/5
2026-09-06T17:40:49.591+01:00 INFO : 1 points above threshold
2026-09-06T17:40:49.596+01:00 INFO : Filtering template 74/96 segment 5/5
2026-09-06T17:40:49.614+01:00 INFO : 74: generating IMRPhenomD from 30.0 Hz
2026-09-06T17:40:49.617+01:00 INFO : Decompressing waveform using inline_linear
2026-09-06T17:40:49.622+01:00 INFO : Filtering template 75/96 segment 1/5
2026-09-06T17:40:49.642+01:00 INFO : Filtering template 75/96 segment 2/5
2026-09-06T17:40:49.660+01:00 INFO : 1 points above threshold
2026-09-06T17:40:49.674+01:00 INFO : Filtering template 75/96 segment 3/5
2026-09-06T17:40:49.692+01:00 INFO : 2 points above threshold
2026-09-06T17:40:49.697+01:00 INFO : Filtering template 75/96 segment 4/5
2026-09-06T17:40:49.715+01:00 INFO : Filtering template 75/96 segment 5/5
2026-09-06T17:40:49.733+01:00 INFO : 2 points above threshold
2026-09-06T17:40:49.739+01:00 INFO : 75: generating IMRPhenomD from 30.0 Hz
2026-09-06T17:40:49.741+01:00 INFO : Decompressing waveform using inline_linear
2026-09-06T17:40:49.746+01:00 INFO : Filtering template 76/96 segment 1/5
2026-09-06T17:40:49.766+01:00 INFO : 1 points above threshold
2026-09-06T17:40:49.781+01:00 INFO : Filtering template 76/96 segment 2/5
2026-09-06T17:40:49.799+01:00 INFO : Filtering template 76/96 segment 3/5
2026-09-06T17:40:49.817+01:00 INFO : 1 points above threshold
2026-09-06T17:40:49.822+01:00 INFO : Filtering template 76/96 segment 4/5
2026-09-06T17:40:49.840+01:00 INFO : Filtering template 76/96 segment 5/5
2026-09-06T17:40:49.857+01:00 INFO : 2 points above threshold
2026-09-06T17:40:49.863+01:00 INFO : 76: generating IMRPhenomD from 30.0 Hz
2026-09-06T17:40:49.865+01:00 INFO : Decompressing waveform using inline_linear
2026-09-06T17:40:49.870+01:00 INFO : Filtering template 77/96 segment 1/5
2026-09-06T17:40:49.890+01:00 INFO : Filtering template 77/96 segment 2/5
2026-09-06T17:40:49.908+01:00 INFO : 1 points above threshold
2026-09-06T17:40:49.923+01:00 INFO : Filtering template 77/96 segment 3/5
2026-09-06T17:40:49.941+01:00 INFO : Filtering template 77/96 segment 4/5
2026-09-06T17:40:49.959+01:00 INFO : 1 points above threshold
2026-09-06T17:40:49.964+01:00 INFO : Filtering template 77/96 segment 5/5
2026-09-06T17:40:49.982+01:00 INFO : 77: generating IMRPhenomD from 30.0 Hz
2026-09-06T17:40:49.985+01:00 INFO : Decompressing waveform using inline_linear
2026-09-06T17:40:49.990+01:00 INFO : Filtering template 78/96 segment 1/5
2026-09-06T17:40:50.010+01:00 INFO : Filtering template 78/96 segment 2/5
2026-09-06T17:40:50.028+01:00 INFO : Filtering template 78/96 segment 3/5
2026-09-06T17:40:50.046+01:00 INFO : Filtering template 78/96 segment 4/5
2026-09-06T17:40:50.063+01:00 INFO : 1 points above threshold
2026-09-06T17:40:50.078+01:00 INFO : Filtering template 78/96 segment 5/5
2026-09-06T17:40:50.096+01:00 INFO : 78: generating IMRPhenomD from 30.0 Hz
2026-09-06T17:40:50.099+01:00 INFO : Decompressing waveform using inline_linear
2026-09-06T17:40:50.104+01:00 INFO : Filtering template 79/96 segment 1/5
2026-09-06T17:40:50.124+01:00 INFO : 2 points above threshold
2026-09-06T17:40:50.139+01:00 INFO : Filtering template 79/96 segment 2/5
2026-09-06T17:40:50.156+01:00 INFO : Filtering template 79/96 segment 3/5
2026-09-06T17:40:50.174+01:00 INFO : 1 points above threshold
2026-09-06T17:40:50.179+01:00 INFO : Filtering template 79/96 segment 4/5
2026-09-06T17:40:50.197+01:00 INFO : 1 points above threshold
2026-09-06T17:40:50.202+01:00 INFO : Filtering template 79/96 segment 5/5
2026-09-06T17:40:50.220+01:00 INFO : 3 points above threshold
2026-09-06T17:40:50.227+01:00 INFO : 79: generating IMRPhenomD from 30.0 Hz
2026-09-06T17:40:50.230+01:00 INFO : Decompressing waveform using inline_linear
2026-09-06T17:40:50.235+01:00 INFO : Filtering template 80/96 segment 1/5
2026-09-06T17:40:50.255+01:00 INFO : 2 points above threshold
2026-09-06T17:40:50.269+01:00 INFO : Filtering template 80/96 segment 2/5
2026-09-06T17:40:50.287+01:00 INFO : 1 points above threshold
2026-09-06T17:40:50.292+01:00 INFO : Filtering template 80/96 segment 3/5
2026-09-06T17:40:50.310+01:00 INFO : 1 points above threshold
2026-09-06T17:40:50.315+01:00 INFO : Filtering template 80/96 segment 4/5
2026-09-06T17:40:50.333+01:00 INFO : Filtering template 80/96 segment 5/5
2026-09-06T17:40:50.351+01:00 INFO : 1 points above threshold
2026-09-06T17:40:50.356+01:00 INFO : 80: generating IMRPhenomD from 30.0 Hz
2026-09-06T17:40:50.359+01:00 INFO : Decompressing waveform using inline_linear
2026-09-06T17:40:50.364+01:00 INFO : Filtering template 81/96 segment 1/5
2026-09-06T17:40:50.384+01:00 INFO : 1 points above threshold
2026-09-06T17:40:50.398+01:00 INFO : Filtering template 81/96 segment 2/5
2026-09-06T17:40:50.416+01:00 INFO : 2 points above threshold
2026-09-06T17:40:50.421+01:00 INFO : Filtering template 81/96 segment 3/5
2026-09-06T17:40:50.439+01:00 INFO : 1 points above threshold
2026-09-06T17:40:50.444+01:00 INFO : Filtering template 81/96 segment 4/5
2026-09-06T17:40:50.462+01:00 INFO : Filtering template 81/96 segment 5/5
2026-09-06T17:40:50.480+01:00 INFO : 1 points above threshold
2026-09-06T17:40:50.485+01:00 INFO : 81: generating IMRPhenomD from 30.0 Hz
2026-09-06T17:40:50.488+01:00 INFO : Decompressing waveform using inline_linear
2026-09-06T17:40:50.493+01:00 INFO : Filtering template 82/96 segment 1/5
2026-09-06T17:40:50.513+01:00 INFO : Filtering template 82/96 segment 2/5
2026-09-06T17:40:50.531+01:00 INFO : 2 points above threshold
2026-09-06T17:40:50.546+01:00 INFO : Filtering template 82/96 segment 3/5
2026-09-06T17:40:50.563+01:00 INFO : 1 points above threshold
2026-09-06T17:40:50.569+01:00 INFO : Filtering template 82/96 segment 4/5
2026-09-06T17:40:50.586+01:00 INFO : Filtering template 82/96 segment 5/5
2026-09-06T17:40:50.604+01:00 INFO : 82: generating IMRPhenomD from 30.0 Hz
2026-09-06T17:40:50.607+01:00 INFO : Decompressing waveform using inline_linear
2026-09-06T17:40:50.612+01:00 INFO : Filtering template 83/96 segment 1/5
2026-09-06T17:40:50.632+01:00 INFO : 1 points above threshold
2026-09-06T17:40:50.646+01:00 INFO : Filtering template 83/96 segment 2/5
2026-09-06T17:40:50.664+01:00 INFO : 2 points above threshold
2026-09-06T17:40:50.669+01:00 INFO : Filtering template 83/96 segment 3/5
2026-09-06T17:40:50.687+01:00 INFO : 2 points above threshold
2026-09-06T17:40:50.692+01:00 INFO : Filtering template 83/96 segment 4/5
2026-09-06T17:40:50.710+01:00 INFO : 3 points above threshold
2026-09-06T17:40:50.717+01:00 INFO : Filtering template 83/96 segment 5/5
2026-09-06T17:40:50.734+01:00 INFO : 3 points above threshold
2026-09-06T17:40:50.742+01:00 INFO : 83: generating IMRPhenomD from 30.0 Hz
2026-09-06T17:40:50.744+01:00 INFO : Decompressing waveform using inline_linear
2026-09-06T17:40:50.749+01:00 INFO : Filtering template 84/96 segment 1/5
2026-09-06T17:40:50.769+01:00 INFO : Filtering template 84/96 segment 2/5
2026-09-06T17:40:50.787+01:00 INFO : Filtering template 84/96 segment 3/5
2026-09-06T17:40:50.805+01:00 INFO : 1 points above threshold
2026-09-06T17:40:50.820+01:00 INFO : Filtering template 84/96 segment 4/5
2026-09-06T17:40:50.837+01:00 INFO : 3 points above threshold
2026-09-06T17:40:50.844+01:00 INFO : Filtering template 84/96 segment 5/5
2026-09-06T17:40:50.862+01:00 INFO : 84: generating IMRPhenomD from 30.0 Hz
2026-09-06T17:40:50.865+01:00 INFO : Decompressing waveform using inline_linear
2026-09-06T17:40:50.870+01:00 INFO : Filtering template 85/96 segment 1/5
2026-09-06T17:40:50.890+01:00 INFO : 1 points above threshold
2026-09-06T17:40:50.905+01:00 INFO : Filtering template 85/96 segment 2/5
2026-09-06T17:40:50.923+01:00 INFO : 2 points above threshold
2026-09-06T17:40:50.928+01:00 INFO : Filtering template 85/96 segment 3/5
2026-09-06T17:40:50.946+01:00 INFO : 1 points above threshold
2026-09-06T17:40:50.951+01:00 INFO : Filtering template 85/96 segment 4/5
2026-09-06T17:40:50.969+01:00 INFO : 3 points above threshold
2026-09-06T17:40:50.976+01:00 INFO : Filtering template 85/96 segment 5/5
2026-09-06T17:40:50.994+01:00 INFO : 2 points above threshold
2026-09-06T17:40:50.999+01:00 INFO : 85: generating IMRPhenomD from 30.0 Hz
2026-09-06T17:40:51.002+01:00 INFO : Decompressing waveform using inline_linear
2026-09-06T17:40:51.006+01:00 INFO : Filtering template 86/96 segment 1/5
2026-09-06T17:40:51.026+01:00 INFO : 2 points above threshold
2026-09-06T17:40:51.041+01:00 INFO : Filtering template 86/96 segment 2/5
2026-09-06T17:40:51.059+01:00 INFO : 2 points above threshold
2026-09-06T17:40:51.064+01:00 INFO : Filtering template 86/96 segment 3/5
2026-09-06T17:40:51.082+01:00 INFO : 1 points above threshold
2026-09-06T17:40:51.087+01:00 INFO : Filtering template 86/96 segment 4/5
2026-09-06T17:40:51.105+01:00 INFO : 1 points above threshold
2026-09-06T17:40:51.110+01:00 INFO : Filtering template 86/96 segment 5/5
2026-09-06T17:40:51.127+01:00 INFO : 2 points above threshold
2026-09-06T17:40:51.133+01:00 INFO : 86: generating IMRPhenomD from 30.0 Hz
2026-09-06T17:40:51.135+01:00 INFO : Decompressing waveform using inline_linear
2026-09-06T17:40:51.140+01:00 INFO : Filtering template 87/96 segment 1/5
2026-09-06T17:40:51.161+01:00 INFO : 1 points above threshold
2026-09-06T17:40:51.175+01:00 INFO : Filtering template 87/96 segment 2/5
2026-09-06T17:40:51.193+01:00 INFO : 2 points above threshold
2026-09-06T17:40:51.198+01:00 INFO : Filtering template 87/96 segment 3/5
2026-09-06T17:40:51.216+01:00 INFO : 1 points above threshold
2026-09-06T17:40:51.221+01:00 INFO : Filtering template 87/96 segment 4/5
2026-09-06T17:40:51.239+01:00 INFO : 1 points above threshold
2026-09-06T17:40:51.244+01:00 INFO : Filtering template 87/96 segment 5/5
2026-09-06T17:40:51.262+01:00 INFO : 1 points above threshold
2026-09-06T17:40:51.267+01:00 INFO : 87: generating IMRPhenomD from 30.0 Hz
2026-09-06T17:40:51.270+01:00 INFO : Decompressing waveform using inline_linear
2026-09-06T17:40:51.274+01:00 INFO : Filtering template 88/96 segment 1/5
2026-09-06T17:40:51.294+01:00 INFO : 2 points above threshold
2026-09-06T17:40:51.310+01:00 INFO : Filtering template 88/96 segment 2/5
2026-09-06T17:40:51.328+01:00 INFO : 1 points above threshold
2026-09-06T17:40:51.333+01:00 INFO : Filtering template 88/96 segment 3/5
2026-09-06T17:40:51.351+01:00 INFO : Filtering template 88/96 segment 4/5
2026-09-06T17:40:51.369+01:00 INFO : Filtering template 88/96 segment 5/5
2026-09-06T17:40:51.387+01:00 INFO : 2 points above threshold
2026-09-06T17:40:51.392+01:00 INFO : 88: generating IMRPhenomD from 30.0 Hz
2026-09-06T17:40:51.395+01:00 INFO : Decompressing waveform using inline_linear
2026-09-06T17:40:51.399+01:00 INFO : Filtering template 89/96 segment 1/5
2026-09-06T17:40:51.419+01:00 INFO : 2 points above threshold
2026-09-06T17:40:51.434+01:00 INFO : Filtering template 89/96 segment 2/5
2026-09-06T17:40:51.453+01:00 INFO : 1 points above threshold
2026-09-06T17:40:51.459+01:00 INFO : Filtering template 89/96 segment 3/5
2026-09-06T17:40:51.478+01:00 INFO : 2 points above threshold
2026-09-06T17:40:51.483+01:00 INFO : Filtering template 89/96 segment 4/5
2026-09-06T17:40:51.504+01:00 INFO : 1 points above threshold
2026-09-06T17:40:51.510+01:00 INFO : Filtering template 89/96 segment 5/5
2026-09-06T17:40:51.529+01:00 INFO : 89: generating IMRPhenomD from 30.0 Hz
2026-09-06T17:40:51.532+01:00 INFO : Decompressing waveform using inline_linear
2026-09-06T17:40:51.537+01:00 INFO : Filtering template 90/96 segment 1/5
2026-09-06T17:40:51.559+01:00 INFO : Filtering template 90/96 segment 2/5
2026-09-06T17:40:51.577+01:00 INFO : 1 points above threshold
2026-09-06T17:40:51.594+01:00 INFO : Filtering template 90/96 segment 3/5
2026-09-06T17:40:51.612+01:00 INFO : 3 points above threshold
2026-09-06T17:40:51.619+01:00 INFO : Filtering template 90/96 segment 4/5
2026-09-06T17:40:51.637+01:00 INFO : Filtering template 90/96 segment 5/5
2026-09-06T17:40:51.655+01:00 INFO : 1 points above threshold
2026-09-06T17:40:51.660+01:00 INFO : 90: generating IMRPhenomD from 30.0 Hz
2026-09-06T17:40:51.663+01:00 INFO : Decompressing waveform using inline_linear
2026-09-06T17:40:51.668+01:00 INFO : Filtering template 91/96 segment 1/5
2026-09-06T17:40:51.687+01:00 INFO : Filtering template 91/96 segment 2/5
2026-09-06T17:40:51.705+01:00 INFO : 2 points above threshold
2026-09-06T17:40:51.720+01:00 INFO : Filtering template 91/96 segment 3/5
2026-09-06T17:40:51.737+01:00 INFO : 3 points above threshold
2026-09-06T17:40:51.744+01:00 INFO : Filtering template 91/96 segment 4/5
2026-09-06T17:40:51.762+01:00 INFO : Filtering template 91/96 segment 5/5
2026-09-06T17:40:51.780+01:00 INFO : 1 points above threshold
2026-09-06T17:40:51.785+01:00 INFO : 91: generating IMRPhenomD from 30.0 Hz
2026-09-06T17:40:51.788+01:00 INFO : Decompressing waveform using inline_linear
2026-09-06T17:40:51.793+01:00 INFO : Filtering template 92/96 segment 1/5
2026-09-06T17:40:51.813+01:00 INFO : 2 points above threshold
2026-09-06T17:40:51.827+01:00 INFO : Filtering template 92/96 segment 2/5
2026-09-06T17:40:51.845+01:00 INFO : 1 points above threshold
2026-09-06T17:40:51.850+01:00 INFO : Filtering template 92/96 segment 3/5
2026-09-06T17:40:51.868+01:00 INFO : 2 points above threshold
2026-09-06T17:40:51.873+01:00 INFO : Filtering template 92/96 segment 4/5
2026-09-06T17:40:51.891+01:00 INFO : 1 points above threshold
2026-09-06T17:40:51.896+01:00 INFO : Filtering template 92/96 segment 5/5
2026-09-06T17:40:51.914+01:00 INFO : 92: generating IMRPhenomD from 30.0 Hz
2026-09-06T17:40:51.917+01:00 INFO : Decompressing waveform using inline_linear
2026-09-06T17:40:51.922+01:00 INFO : Filtering template 93/96 segment 1/5
2026-09-06T17:40:51.942+01:00 INFO : Filtering template 93/96 segment 2/5
2026-09-06T17:40:51.960+01:00 INFO : 3 points above threshold
2026-09-06T17:40:51.976+01:00 INFO : Filtering template 93/96 segment 3/5
2026-09-06T17:40:51.994+01:00 INFO : 3 points above threshold
2026-09-06T17:40:52.001+01:00 INFO : Filtering template 93/96 segment 4/5
2026-09-06T17:40:52.019+01:00 INFO : 1 points above threshold
2026-09-06T17:40:52.024+01:00 INFO : Filtering template 93/96 segment 5/5
2026-09-06T17:40:52.042+01:00 INFO : 1 points above threshold
2026-09-06T17:40:52.047+01:00 INFO : 93: generating IMRPhenomD from 30.0 Hz
2026-09-06T17:40:52.050+01:00 INFO : Decompressing waveform using inline_linear
2026-09-06T17:40:52.055+01:00 INFO : Filtering template 94/96 segment 1/5
2026-09-06T17:40:52.075+01:00 INFO : 1 points above threshold
2026-09-06T17:40:52.089+01:00 INFO : Filtering template 94/96 segment 2/5
2026-09-06T17:40:52.107+01:00 INFO : 1 points above threshold
2026-09-06T17:40:52.112+01:00 INFO : Filtering template 94/96 segment 3/5
2026-09-06T17:40:52.130+01:00 INFO : 4 points above threshold
2026-09-06T17:40:52.135+01:00 INFO : Filtering template 94/96 segment 4/5
2026-09-06T17:40:52.153+01:00 INFO : Filtering template 94/96 segment 5/5
2026-09-06T17:40:52.171+01:00 INFO : 2 points above threshold
2026-09-06T17:40:52.176+01:00 INFO : 94: generating IMRPhenomD from 30.0 Hz
2026-09-06T17:40:52.179+01:00 INFO : Decompressing waveform using inline_linear
2026-09-06T17:40:52.184+01:00 INFO : Filtering template 95/96 segment 1/5
2026-09-06T17:40:52.204+01:00 INFO : 3 points above threshold
2026-09-06T17:40:52.221+01:00 INFO : Filtering template 95/96 segment 2/5
2026-09-06T17:40:52.239+01:00 INFO : 2 points above threshold
2026-09-06T17:40:52.244+01:00 INFO : Filtering template 95/96 segment 3/5
2026-09-06T17:40:52.261+01:00 INFO : 2 points above threshold
2026-09-06T17:40:52.266+01:00 INFO : Filtering template 95/96 segment 4/5
2026-09-06T17:40:52.284+01:00 INFO : 1 points above threshold
2026-09-06T17:40:52.289+01:00 INFO : Filtering template 95/96 segment 5/5
2026-09-06T17:40:52.307+01:00 INFO : 95: generating IMRPhenomD from 30.0 Hz
2026-09-06T17:40:52.310+01:00 INFO : Decompressing waveform using inline_linear
2026-09-06T17:40:52.315+01:00 INFO : Filtering template 96/96 segment 1/5
2026-09-06T17:40:52.335+01:00 INFO : 2 points above threshold
2026-09-06T17:40:52.349+01:00 INFO : Filtering template 96/96 segment 2/5
2026-09-06T17:40:52.367+01:00 INFO : Filtering template 96/96 segment 3/5
2026-09-06T17:40:52.385+01:00 INFO : Filtering template 96/96 segment 4/5
2026-09-06T17:40:52.403+01:00 INFO : 1 points above threshold
2026-09-06T17:40:52.408+01:00 INFO : Filtering template 96/96 segment 5/5
2026-09-06T17:40:52.426+01:00 INFO : We currently have 531 triggers
2026-09-06T17:40:52.426+01:00 INFO : Removing triggers with NewSNR below threshold
2026-09-06T17:40:52.426+01:00 INFO : 479 remaining triggers
2026-09-06T17:40:52.427+01:00 INFO : Outputting 479 triggers
2026-09-06T17:40:52.427+01:00 INFO : Writing out triggers
2026-09-06T17:40:52.437+01:00 INFO : Finished
