2026-09-06T19:29:08.826+01:00 INFO : Running with Torch support on device cpu
2026-09-06T19:29:08.826+01:00 INFO : Reading Frames
2026-09-06T19:29:15.513+01:00 INFO : Highpass Filtering
2026-09-06T19:29:15.967+01:00 INFO : Resampling data
2026-09-06T19:29:15.978+01:00 INFO : Converting to float32
/home/xangma/pycbc-torch-inspiral-reference-20260906/source-v4/pycbc/types/array.py:872: RuntimeWarning: divide by zero encountered in divide
  return self._data.__rtruediv__(other)
2026-09-06T19:29:21.048+01:00 INFO : Highpass Filtering
2026-09-06T19:29:21.520+01:00 INFO : Remove Padding
2026-09-06T19:29:21.568+01:00 INFO : Making frequency-domain data segments
2026-09-06T19:29:23.874+01:00 INFO : Overwhitening frequency-domain data segments
2026-09-06T19:29:23.898+01:00 INFO : Read in template bank
2026-09-06T19:29:23.910+01:00 INFO : Full template bank size: 96
2026-09-06T19:29:23.910+01:00 INFO : Template bank size after thinning: 96
2026-09-06T19:29:23.910+01:00 INFO : 0: generating IMRPhenomD from 30.0 Hz
2026-09-06T19:29:23.913+01:00 INFO : Decompressing waveform using inline_linear
2026-09-06T19:29:24.216+01:00 INFO : Filtering template 1/96 segment 1/5
2026-09-06T19:29:24.308+01:00 INFO : 1 points above threshold
2026-09-06T19:29:24.344+01:00 INFO : Filtering template 1/96 segment 2/5
2026-09-06T19:29:24.404+01:00 INFO : Filtering template 1/96 segment 3/5
2026-09-06T19:29:24.463+01:00 INFO : 1 points above threshold
2026-09-06T19:29:24.469+01:00 INFO : Filtering template 1/96 segment 4/5
2026-09-06T19:29:24.529+01:00 INFO : Filtering template 1/96 segment 5/5
2026-09-06T19:29:24.588+01:00 INFO : 1 points above threshold
2026-09-06T19:29:24.595+01:00 INFO : 1: generating IMRPhenomD from 30.0 Hz
2026-09-06T19:29:24.597+01:00 INFO : Decompressing waveform using inline_linear
2026-09-06T19:29:24.901+01:00 INFO : Filtering template 2/96 segment 1/5
2026-09-06T19:29:24.976+01:00 INFO : 1 points above threshold
2026-09-06T19:29:25.003+01:00 INFO : Filtering template 2/96 segment 2/5
2026-09-06T19:29:25.062+01:00 INFO : 1 points above threshold
2026-09-06T19:29:25.068+01:00 INFO : Filtering template 2/96 segment 3/5
2026-09-06T19:29:25.127+01:00 INFO : 2 points above threshold
2026-09-06T19:29:25.135+01:00 INFO : Filtering template 2/96 segment 4/5
2026-09-06T19:29:25.194+01:00 INFO : Filtering template 2/96 segment 5/5
2026-09-06T19:29:25.253+01:00 INFO : 1 points above threshold
2026-09-06T19:29:25.260+01:00 INFO : 2: generating IMRPhenomD from 30.0 Hz
2026-09-06T19:29:25.262+01:00 INFO : Decompressing waveform using inline_linear
2026-09-06T19:29:25.569+01:00 INFO : Filtering template 3/96 segment 1/5
2026-09-06T19:29:25.646+01:00 INFO : 3 points above threshold
2026-09-06T19:29:25.677+01:00 INFO : Filtering template 3/96 segment 2/5
2026-09-06T19:29:25.736+01:00 INFO : Filtering template 3/96 segment 3/5
2026-09-06T19:29:25.795+01:00 INFO : 1 points above threshold
2026-09-06T19:29:25.801+01:00 INFO : Filtering template 3/96 segment 4/5
2026-09-06T19:29:25.860+01:00 INFO : 1 points above threshold
2026-09-06T19:29:25.866+01:00 INFO : Filtering template 3/96 segment 5/5
2026-09-06T19:29:25.926+01:00 INFO : 3: generating IMRPhenomD from 30.0 Hz
2026-09-06T19:29:25.928+01:00 INFO : Decompressing waveform using inline_linear
2026-09-06T19:29:26.231+01:00 INFO : Filtering template 4/96 segment 1/5
2026-09-06T19:29:26.321+01:00 INFO : 1 points above threshold
2026-09-06T19:29:26.350+01:00 INFO : Filtering template 4/96 segment 2/5
2026-09-06T19:29:26.411+01:00 INFO : 1 points above threshold
2026-09-06T19:29:26.417+01:00 INFO : Filtering template 4/96 segment 3/5
2026-09-06T19:29:26.476+01:00 INFO : 2 points above threshold
2026-09-06T19:29:26.484+01:00 INFO : Filtering template 4/96 segment 4/5
2026-09-06T19:29:26.543+01:00 INFO : 2 points above threshold
2026-09-06T19:29:26.551+01:00 INFO : Filtering template 4/96 segment 5/5
2026-09-06T19:29:26.610+01:00 INFO : 2 points above threshold
2026-09-06T19:29:26.618+01:00 INFO : 4: generating IMRPhenomD from 30.0 Hz
2026-09-06T19:29:26.621+01:00 INFO : Decompressing waveform using inline_linear
2026-09-06T19:29:26.919+01:00 INFO : Filtering template 5/96 segment 1/5
2026-09-06T19:29:26.993+01:00 INFO : 1 points above threshold
2026-09-06T19:29:27.020+01:00 INFO : Filtering template 5/96 segment 2/5
2026-09-06T19:29:27.079+01:00 INFO : 2 points above threshold
2026-09-06T19:29:27.087+01:00 INFO : Filtering template 5/96 segment 3/5
2026-09-06T19:29:27.146+01:00 INFO : 2 points above threshold
2026-09-06T19:29:27.154+01:00 INFO : Filtering template 5/96 segment 4/5
2026-09-06T19:29:27.213+01:00 INFO : 2 points above threshold
2026-09-06T19:29:27.221+01:00 INFO : Filtering template 5/96 segment 5/5
2026-09-06T19:29:27.281+01:00 INFO : 5: generating IMRPhenomD from 30.0 Hz
2026-09-06T19:29:27.283+01:00 INFO : Decompressing waveform using inline_linear
2026-09-06T19:29:27.588+01:00 INFO : Filtering template 6/96 segment 1/5
2026-09-06T19:29:27.664+01:00 INFO : 1 points above threshold
2026-09-06T19:29:27.691+01:00 INFO : Filtering template 6/96 segment 2/5
2026-09-06T19:29:27.750+01:00 INFO : Filtering template 6/96 segment 3/5
2026-09-06T19:29:27.809+01:00 INFO : Filtering template 6/96 segment 4/5
2026-09-06T19:29:27.869+01:00 INFO : Filtering template 6/96 segment 5/5
2026-09-06T19:29:27.928+01:00 INFO : 1 points above threshold
2026-09-06T19:29:27.934+01:00 INFO : 6: generating IMRPhenomD from 30.0 Hz
2026-09-06T19:29:27.937+01:00 INFO : Decompressing waveform using inline_linear
2026-09-06T19:29:28.240+01:00 INFO : Filtering template 7/96 segment 1/5
2026-09-06T19:29:28.322+01:00 INFO : 2 points above threshold
2026-09-06T19:29:28.350+01:00 INFO : Filtering template 7/96 segment 2/5
2026-09-06T19:29:28.409+01:00 INFO : Filtering template 7/96 segment 3/5
2026-09-06T19:29:28.469+01:00 INFO : Filtering template 7/96 segment 4/5
2026-09-06T19:29:28.528+01:00 INFO : 1 points above threshold
2026-09-06T19:29:28.534+01:00 INFO : Filtering template 7/96 segment 5/5
2026-09-06T19:29:28.594+01:00 INFO : 7: generating IMRPhenomD from 30.0 Hz
2026-09-06T19:29:28.596+01:00 INFO : Decompressing waveform using inline_linear
2026-09-06T19:29:28.899+01:00 INFO : Filtering template 8/96 segment 1/5
2026-09-06T19:29:28.982+01:00 INFO : 2 points above threshold
2026-09-06T19:29:29.010+01:00 INFO : Filtering template 8/96 segment 2/5
2026-09-06T19:29:29.069+01:00 INFO : 1 points above threshold
2026-09-06T19:29:29.075+01:00 INFO : Filtering template 8/96 segment 3/5
2026-09-06T19:29:29.134+01:00 INFO : 4 points above threshold
2026-09-06T19:29:29.143+01:00 INFO : Filtering template 8/96 segment 4/5
2026-09-06T19:29:29.202+01:00 INFO : Filtering template 8/96 segment 5/5
2026-09-06T19:29:29.262+01:00 INFO : 8: generating IMRPhenomD from 30.0 Hz
2026-09-06T19:29:29.265+01:00 INFO : Decompressing waveform using inline_linear
2026-09-06T19:29:29.565+01:00 INFO : Filtering template 9/96 segment 1/5
2026-09-06T19:29:29.647+01:00 INFO : Filtering template 9/96 segment 2/5
2026-09-06T19:29:29.706+01:00 INFO : 1 points above threshold
2026-09-06T19:29:29.732+01:00 INFO : Filtering template 9/96 segment 3/5
2026-09-06T19:29:29.791+01:00 INFO : 2 points above threshold
2026-09-06T19:29:29.799+01:00 INFO : Filtering template 9/96 segment 4/5
2026-09-06T19:29:29.858+01:00 INFO : 1 points above threshold
2026-09-06T19:29:29.864+01:00 INFO : Filtering template 9/96 segment 5/5
2026-09-06T19:29:29.924+01:00 INFO : 3 points above threshold
2026-09-06T19:29:29.934+01:00 INFO : 9: generating IMRPhenomD from 30.0 Hz
2026-09-06T19:29:29.936+01:00 INFO : Decompressing waveform using inline_linear
2026-09-06T19:29:30.237+01:00 INFO : Filtering template 10/96 segment 1/5
2026-09-06T19:29:30.319+01:00 INFO : 1 points above threshold
2026-09-06T19:29:30.345+01:00 INFO : Filtering template 10/96 segment 2/5
2026-09-06T19:29:30.404+01:00 INFO : 1 points above threshold
2026-09-06T19:29:30.413+01:00 INFO : Filtering template 10/96 segment 3/5
2026-09-06T19:29:30.472+01:00 INFO : Filtering template 10/96 segment 4/5
2026-09-06T19:29:30.531+01:00 INFO : 2 points above threshold
2026-09-06T19:29:30.539+01:00 INFO : Filtering template 10/96 segment 5/5
2026-09-06T19:29:30.599+01:00 INFO : 1 points above threshold
2026-09-06T19:29:30.605+01:00 INFO : 10: generating IMRPhenomD from 30.0 Hz
2026-09-06T19:29:30.607+01:00 INFO : Decompressing waveform using inline_linear
2026-09-06T19:29:30.911+01:00 INFO : Filtering template 11/96 segment 1/5
2026-09-06T19:29:30.993+01:00 INFO : 4 points above threshold
2026-09-06T19:29:31.023+01:00 INFO : Filtering template 11/96 segment 2/5
2026-09-06T19:29:31.082+01:00 INFO : 2 points above threshold
2026-09-06T19:29:31.090+01:00 INFO : Filtering template 11/96 segment 3/5
2026-09-06T19:29:31.149+01:00 INFO : 1 points above threshold
2026-09-06T19:29:31.155+01:00 INFO : Filtering template 11/96 segment 4/5
2026-09-06T19:29:31.215+01:00 INFO : Filtering template 11/96 segment 5/5
2026-09-06T19:29:31.274+01:00 INFO : 11: generating IMRPhenomD from 30.0 Hz
2026-09-06T19:29:31.277+01:00 INFO : Decompressing waveform using inline_linear
2026-09-06T19:29:31.587+01:00 INFO : Filtering template 12/96 segment 1/5
2026-09-06T19:29:31.669+01:00 INFO : 1 points above threshold
2026-09-06T19:29:31.695+01:00 INFO : Filtering template 12/96 segment 2/5
2026-09-06T19:29:31.754+01:00 INFO : 1 points above threshold
2026-09-06T19:29:31.760+01:00 INFO : Filtering template 12/96 segment 3/5
2026-09-06T19:29:31.819+01:00 INFO : 1 points above threshold
2026-09-06T19:29:31.825+01:00 INFO : Filtering template 12/96 segment 4/5
2026-09-06T19:29:31.884+01:00 INFO : 3 points above threshold
2026-09-06T19:29:31.895+01:00 INFO : Filtering template 12/96 segment 5/5
2026-09-06T19:29:31.954+01:00 INFO : 12: generating IMRPhenomD from 30.0 Hz
2026-09-06T19:29:31.957+01:00 INFO : Decompressing waveform using inline_linear
2026-09-06T19:29:32.259+01:00 INFO : Filtering template 13/96 segment 1/5
2026-09-06T19:29:32.341+01:00 INFO : Filtering template 13/96 segment 2/5
2026-09-06T19:29:32.400+01:00 INFO : 4 points above threshold
2026-09-06T19:29:32.430+01:00 INFO : Filtering template 13/96 segment 3/5
2026-09-06T19:29:32.489+01:00 INFO : Filtering template 13/96 segment 4/5
2026-09-06T19:29:32.548+01:00 INFO : Filtering template 13/96 segment 5/5
2026-09-06T19:29:32.608+01:00 INFO : 1 points above threshold
2026-09-06T19:29:32.614+01:00 INFO : 13: generating IMRPhenomD from 30.0 Hz
2026-09-06T19:29:32.616+01:00 INFO : Decompressing waveform using inline_linear
2026-09-06T19:29:32.920+01:00 INFO : Filtering template 14/96 segment 1/5
2026-09-06T19:29:33.002+01:00 INFO : 1 points above threshold
2026-09-06T19:29:33.029+01:00 INFO : Filtering template 14/96 segment 2/5
2026-09-06T19:29:33.088+01:00 INFO : 2 points above threshold
2026-09-06T19:29:33.096+01:00 INFO : Filtering template 14/96 segment 3/5
2026-09-06T19:29:33.155+01:00 INFO : 3 points above threshold
2026-09-06T19:29:33.165+01:00 INFO : Filtering template 14/96 segment 4/5
2026-09-06T19:29:33.224+01:00 INFO : 2 points above threshold
2026-09-06T19:29:33.232+01:00 INFO : Filtering template 14/96 segment 5/5
2026-09-06T19:29:33.292+01:00 INFO : 14: generating IMRPhenomD from 30.0 Hz
2026-09-06T19:29:33.294+01:00 INFO : Decompressing waveform using inline_linear
2026-09-06T19:29:33.546+01:00 INFO : Filtering template 15/96 segment 1/5
2026-09-06T19:29:33.615+01:00 INFO : 1 points above threshold
2026-09-06T19:29:33.634+01:00 INFO : Filtering template 15/96 segment 2/5
2026-09-06T19:29:33.693+01:00 INFO : Filtering template 15/96 segment 3/5
2026-09-06T19:29:33.752+01:00 INFO : 1 points above threshold
2026-09-06T19:29:33.758+01:00 INFO : Filtering template 15/96 segment 4/5
2026-09-06T19:29:33.818+01:00 INFO : 1 points above threshold
2026-09-06T19:29:33.824+01:00 INFO : Filtering template 15/96 segment 5/5
2026-09-06T19:29:33.883+01:00 INFO : 3 points above threshold
2026-09-06T19:29:33.894+01:00 INFO : 15: generating IMRPhenomD from 30.0 Hz
2026-09-06T19:29:33.896+01:00 INFO : Decompressing waveform using inline_linear
2026-09-06T19:29:34.164+01:00 INFO : Filtering template 16/96 segment 1/5
2026-09-06T19:29:34.234+01:00 INFO : 1 points above threshold
2026-09-06T19:29:34.252+01:00 INFO : Filtering template 16/96 segment 2/5
2026-09-06T19:29:34.312+01:00 INFO : 2 points above threshold
2026-09-06T19:29:34.319+01:00 INFO : Filtering template 16/96 segment 3/5
2026-09-06T19:29:34.379+01:00 INFO : 3 points above threshold
2026-09-06T19:29:34.388+01:00 INFO : Filtering template 16/96 segment 4/5
2026-09-06T19:29:34.448+01:00 INFO : 2 points above threshold
2026-09-06T19:29:34.455+01:00 INFO : Filtering template 16/96 segment 5/5
2026-09-06T19:29:34.515+01:00 INFO : 16: generating IMRPhenomD from 30.0 Hz
2026-09-06T19:29:34.518+01:00 INFO : Decompressing waveform using inline_linear
2026-09-06T19:29:34.798+01:00 INFO : Filtering template 17/96 segment 1/5
2026-09-06T19:29:34.867+01:00 INFO : 2 points above threshold
2026-09-06T19:29:34.887+01:00 INFO : Filtering template 17/96 segment 2/5
2026-09-06T19:29:34.947+01:00 INFO : 3 points above threshold
2026-09-06T19:29:34.957+01:00 INFO : Filtering template 17/96 segment 3/5
2026-09-06T19:29:35.016+01:00 INFO : Filtering template 17/96 segment 4/5
2026-09-06T19:29:35.075+01:00 INFO : 2 points above threshold
2026-09-06T19:29:35.083+01:00 INFO : Filtering template 17/96 segment 5/5
2026-09-06T19:29:35.142+01:00 INFO : 3 points above threshold
2026-09-06T19:29:35.152+01:00 INFO : 17: generating IMRPhenomD from 30.0 Hz
2026-09-06T19:29:35.155+01:00 INFO : Decompressing waveform using inline_linear
2026-09-06T19:29:35.441+01:00 INFO : Filtering template 18/96 segment 1/5
2026-09-06T19:29:35.511+01:00 INFO : Filtering template 18/96 segment 2/5
2026-09-06T19:29:35.570+01:00 INFO : Filtering template 18/96 segment 3/5
2026-09-06T19:29:35.629+01:00 INFO : 1 points above threshold
2026-09-06T19:29:35.647+01:00 INFO : Filtering template 18/96 segment 4/5
2026-09-06T19:29:35.707+01:00 INFO : Filtering template 18/96 segment 5/5
2026-09-06T19:29:35.766+01:00 INFO : 2 points above threshold
2026-09-06T19:29:35.774+01:00 INFO : 18: generating IMRPhenomD from 30.0 Hz
2026-09-06T19:29:35.776+01:00 INFO : Decompressing waveform using inline_linear
2026-09-06T19:29:36.070+01:00 INFO : Filtering template 19/96 segment 1/5
2026-09-06T19:29:36.139+01:00 INFO : 3 points above threshold
2026-09-06T19:29:36.162+01:00 INFO : Filtering template 19/96 segment 2/5
2026-09-06T19:29:36.221+01:00 INFO : 1 points above threshold
2026-09-06T19:29:36.227+01:00 INFO : Filtering template 19/96 segment 3/5
2026-09-06T19:29:36.286+01:00 INFO : 1 points above threshold
2026-09-06T19:29:36.292+01:00 INFO : Filtering template 19/96 segment 4/5
2026-09-06T19:29:36.351+01:00 INFO : 3 points above threshold
2026-09-06T19:29:36.361+01:00 INFO : Filtering template 19/96 segment 5/5
2026-09-06T19:29:36.420+01:00 INFO : 1 points above threshold
2026-09-06T19:29:36.426+01:00 INFO : 19: generating IMRPhenomD from 30.0 Hz
2026-09-06T19:29:36.429+01:00 INFO : Decompressing waveform using inline_linear
2026-09-06T19:29:36.734+01:00 INFO : Filtering template 20/96 segment 1/5
2026-09-06T19:29:36.805+01:00 INFO : 1 points above threshold
2026-09-06T19:29:36.828+01:00 INFO : Filtering template 20/96 segment 2/5
2026-09-06T19:29:36.887+01:00 INFO : 3 points above threshold
2026-09-06T19:29:36.898+01:00 INFO : Filtering template 20/96 segment 3/5
2026-09-06T19:29:36.957+01:00 INFO : Filtering template 20/96 segment 4/5
2026-09-06T19:29:37.016+01:00 INFO : 2 points above threshold
2026-09-06T19:29:37.024+01:00 INFO : Filtering template 20/96 segment 5/5
2026-09-06T19:29:37.083+01:00 INFO : 20: generating IMRPhenomD from 30.0 Hz
2026-09-06T19:29:37.086+01:00 INFO : Decompressing waveform using inline_linear
2026-09-06T19:29:37.381+01:00 INFO : Filtering template 21/96 segment 1/5
2026-09-06T19:29:37.450+01:00 INFO : 1 points above threshold
2026-09-06T19:29:37.479+01:00 INFO : Filtering template 21/96 segment 2/5
2026-09-06T19:29:37.538+01:00 INFO : 1 points above threshold
2026-09-06T19:29:37.544+01:00 INFO : Filtering template 21/96 segment 3/5
2026-09-06T19:29:37.603+01:00 INFO : 1 points above threshold
2026-09-06T19:29:37.609+01:00 INFO : Filtering template 21/96 segment 4/5
2026-09-06T19:29:37.668+01:00 INFO : Filtering template 21/96 segment 5/5
2026-09-06T19:29:37.727+01:00 INFO : 21: generating IMRPhenomD from 30.0 Hz
2026-09-06T19:29:37.730+01:00 INFO : Decompressing waveform using inline_linear
2026-09-06T19:29:38.034+01:00 INFO : Filtering template 22/96 segment 1/5
2026-09-06T19:29:38.112+01:00 INFO : 5 points above threshold
2026-09-06T19:29:38.145+01:00 INFO : Filtering template 22/96 segment 2/5
2026-09-06T19:29:38.204+01:00 INFO : Filtering template 22/96 segment 3/5
2026-09-06T19:29:38.263+01:00 INFO : Filtering template 22/96 segment 4/5
2026-09-06T19:29:38.323+01:00 INFO : 1 points above threshold
2026-09-06T19:29:38.330+01:00 INFO : Filtering template 22/96 segment 5/5
2026-09-06T19:29:38.389+01:00 INFO : 1 points above threshold
2026-09-06T19:29:38.395+01:00 INFO : 22: generating IMRPhenomD from 30.0 Hz
2026-09-06T19:29:38.397+01:00 INFO : Decompressing waveform using inline_linear
2026-09-06T19:29:38.701+01:00 INFO : Filtering template 23/96 segment 1/5
2026-09-06T19:29:38.783+01:00 INFO : 2 points above threshold
2026-09-06T19:29:38.812+01:00 INFO : Filtering template 23/96 segment 2/5
2026-09-06T19:29:38.871+01:00 INFO : 1 points above threshold
2026-09-06T19:29:38.877+01:00 INFO : Filtering template 23/96 segment 3/5
2026-09-06T19:29:38.936+01:00 INFO : 1 points above threshold
2026-09-06T19:29:38.942+01:00 INFO : Filtering template 23/96 segment 4/5
2026-09-06T19:29:39.001+01:00 INFO : Filtering template 23/96 segment 5/5
2026-09-06T19:29:39.061+01:00 INFO : 23: generating IMRPhenomD from 30.0 Hz
2026-09-06T19:29:39.064+01:00 INFO : Decompressing waveform using inline_linear
2026-09-06T19:29:39.367+01:00 INFO : Filtering template 24/96 segment 1/5
2026-09-06T19:29:39.449+01:00 INFO : 1 points above threshold
2026-09-06T19:29:39.476+01:00 INFO : Filtering template 24/96 segment 2/5
2026-09-06T19:29:39.535+01:00 INFO : 2 points above threshold
2026-09-06T19:29:39.543+01:00 INFO : Filtering template 24/96 segment 3/5
2026-09-06T19:29:39.602+01:00 INFO : 1 points above threshold
2026-09-06T19:29:39.608+01:00 INFO : Filtering template 24/96 segment 4/5
2026-09-06T19:29:39.668+01:00 INFO : Filtering template 24/96 segment 5/5
2026-09-06T19:29:39.727+01:00 INFO : 2 points above threshold
2026-09-06T19:29:39.735+01:00 INFO : 24: generating IMRPhenomD from 30.0 Hz
2026-09-06T19:29:39.738+01:00 INFO : Decompressing waveform using inline_linear
2026-09-06T19:29:39.978+01:00 INFO : Filtering template 25/96 segment 1/5
2026-09-06T19:29:40.048+01:00 INFO : 2 points above threshold
2026-09-06T19:29:40.068+01:00 INFO : Filtering template 25/96 segment 2/5
2026-09-06T19:29:40.127+01:00 INFO : Filtering template 25/96 segment 3/5
2026-09-06T19:29:40.186+01:00 INFO : Filtering template 25/96 segment 4/5
2026-09-06T19:29:40.245+01:00 INFO : Filtering template 25/96 segment 5/5
2026-09-06T19:29:40.305+01:00 INFO : 25: generating IMRPhenomD from 30.0 Hz
2026-09-06T19:29:40.307+01:00 INFO : Decompressing waveform using inline_linear
2026-09-06T19:29:40.575+01:00 INFO : Filtering template 26/96 segment 1/5
2026-09-06T19:29:40.644+01:00 INFO : Filtering template 26/96 segment 2/5
2026-09-06T19:29:40.704+01:00 INFO : 2 points above threshold
2026-09-06T19:29:40.724+01:00 INFO : Filtering template 26/96 segment 3/5
2026-09-06T19:29:40.783+01:00 INFO : Filtering template 26/96 segment 4/5
2026-09-06T19:29:40.843+01:00 INFO : 2 points above threshold
2026-09-06T19:29:40.850+01:00 INFO : Filtering template 26/96 segment 5/5
2026-09-06T19:29:40.910+01:00 INFO : 2 points above threshold
2026-09-06T19:29:40.918+01:00 INFO : 26: generating IMRPhenomD from 30.0 Hz
2026-09-06T19:29:40.920+01:00 INFO : Decompressing waveform using inline_linear
2026-09-06T19:29:41.189+01:00 INFO : Filtering template 27/96 segment 1/5
2026-09-06T19:29:41.258+01:00 INFO : 3 points above threshold
2026-09-06T19:29:41.281+01:00 INFO : Filtering template 27/96 segment 2/5
2026-09-06T19:29:41.340+01:00 INFO : Filtering template 27/96 segment 3/5
2026-09-06T19:29:41.399+01:00 INFO : 1 points above threshold
2026-09-06T19:29:41.405+01:00 INFO : Filtering template 27/96 segment 4/5
2026-09-06T19:29:41.464+01:00 INFO : Filtering template 27/96 segment 5/5
2026-09-06T19:29:41.524+01:00 INFO : 27: generating IMRPhenomD from 30.0 Hz
2026-09-06T19:29:41.526+01:00 INFO : Decompressing waveform using inline_linear
2026-09-06T19:29:41.814+01:00 INFO : Filtering template 28/96 segment 1/5
2026-09-06T19:29:41.884+01:00 INFO : 3 points above threshold
2026-09-06T19:29:41.907+01:00 INFO : Filtering template 28/96 segment 2/5
2026-09-06T19:29:41.967+01:00 INFO : 1 points above threshold
2026-09-06T19:29:41.973+01:00 INFO : Filtering template 28/96 segment 3/5
2026-09-06T19:29:42.032+01:00 INFO : 2 points above threshold
2026-09-06T19:29:42.040+01:00 INFO : Filtering template 28/96 segment 4/5
2026-09-06T19:29:42.099+01:00 INFO : 1 points above threshold
2026-09-06T19:29:42.105+01:00 INFO : Filtering template 28/96 segment 5/5
2026-09-06T19:29:42.165+01:00 INFO : 28: generating IMRPhenomD from 30.0 Hz
2026-09-06T19:29:42.167+01:00 INFO : Decompressing waveform using inline_linear
2026-09-06T19:29:42.454+01:00 INFO : Filtering template 29/96 segment 1/5
2026-09-06T19:29:42.523+01:00 INFO : 2 points above threshold
2026-09-06T19:29:42.544+01:00 INFO : Filtering template 29/96 segment 2/5
2026-09-06T19:29:42.603+01:00 INFO : 2 points above threshold
2026-09-06T19:29:42.611+01:00 INFO : Filtering template 29/96 segment 3/5
2026-09-06T19:29:42.670+01:00 INFO : 1 points above threshold
2026-09-06T19:29:42.676+01:00 INFO : Filtering template 29/96 segment 4/5
2026-09-06T19:29:42.735+01:00 INFO : 2 points above threshold
2026-09-06T19:29:42.743+01:00 INFO : Filtering template 29/96 segment 5/5
2026-09-06T19:29:42.802+01:00 INFO : 2 points above threshold
2026-09-06T19:29:42.810+01:00 INFO : 29: generating IMRPhenomD from 30.0 Hz
2026-09-06T19:29:42.812+01:00 INFO : Decompressing waveform using inline_linear
2026-09-06T19:29:43.107+01:00 INFO : Filtering template 30/96 segment 1/5
2026-09-06T19:29:43.176+01:00 INFO : 1 points above threshold
2026-09-06T19:29:43.195+01:00 INFO : Filtering template 30/96 segment 2/5
2026-09-06T19:29:43.254+01:00 INFO : 1 points above threshold
2026-09-06T19:29:43.260+01:00 INFO : Filtering template 30/96 segment 3/5
2026-09-06T19:29:43.319+01:00 INFO : 1 points above threshold
2026-09-06T19:29:43.325+01:00 INFO : Filtering template 30/96 segment 4/5
2026-09-06T19:29:43.384+01:00 INFO : Filtering template 30/96 segment 5/5
2026-09-06T19:29:43.443+01:00 INFO : 30: generating IMRPhenomD from 30.0 Hz
2026-09-06T19:29:43.446+01:00 INFO : Decompressing waveform using inline_linear
2026-09-06T19:29:43.746+01:00 INFO : Filtering template 31/96 segment 1/5
2026-09-06T19:29:43.815+01:00 INFO : Filtering template 31/96 segment 2/5
2026-09-06T19:29:43.874+01:00 INFO : 1 points above threshold
2026-09-06T19:29:43.899+01:00 INFO : Filtering template 31/96 segment 3/5
2026-09-06T19:29:43.958+01:00 INFO : Filtering template 31/96 segment 4/5
2026-09-06T19:29:44.017+01:00 INFO : 1 points above threshold
2026-09-06T19:29:44.027+01:00 INFO : Filtering template 31/96 segment 5/5
2026-09-06T19:29:44.086+01:00 INFO : 1 points above threshold
2026-09-06T19:29:44.092+01:00 INFO : 31: generating IMRPhenomD from 30.0 Hz
2026-09-06T19:29:44.095+01:00 INFO : Decompressing waveform using inline_linear
2026-09-06T19:29:44.390+01:00 INFO : Filtering template 32/96 segment 1/5
2026-09-06T19:29:44.459+01:00 INFO : Filtering template 32/96 segment 2/5
2026-09-06T19:29:44.518+01:00 INFO : Filtering template 32/96 segment 3/5
2026-09-06T19:29:44.577+01:00 INFO : Filtering template 32/96 segment 4/5
2026-09-06T19:29:44.636+01:00 INFO : 3 points above threshold
2026-09-06T19:29:44.669+01:00 INFO : Filtering template 32/96 segment 5/5
2026-09-06T19:29:44.728+01:00 INFO : 2 points above threshold
2026-09-06T19:29:44.736+01:00 INFO : 32: generating IMRPhenomD from 30.0 Hz
2026-09-06T19:29:44.739+01:00 INFO : Decompressing waveform using inline_linear
2026-09-06T19:29:45.042+01:00 INFO : Filtering template 33/96 segment 1/5
2026-09-06T19:29:45.119+01:00 INFO : 2 points above threshold
2026-09-06T19:29:45.148+01:00 INFO : Filtering template 33/96 segment 2/5
2026-09-06T19:29:45.207+01:00 INFO : Filtering template 33/96 segment 3/5
2026-09-06T19:29:45.266+01:00 INFO : Filtering template 33/96 segment 4/5
2026-09-06T19:29:45.326+01:00 INFO : 1 points above threshold
2026-09-06T19:29:45.332+01:00 INFO : Filtering template 33/96 segment 5/5
2026-09-06T19:29:45.391+01:00 INFO : 33: generating IMRPhenomD from 30.0 Hz
2026-09-06T19:29:45.394+01:00 INFO : Decompressing waveform using inline_linear
2026-09-06T19:29:45.697+01:00 INFO : Filtering template 34/96 segment 1/5
2026-09-06T19:29:45.779+01:00 INFO : Filtering template 34/96 segment 2/5
2026-09-06T19:29:45.838+01:00 INFO : 1 points above threshold
2026-09-06T19:29:45.864+01:00 INFO : Filtering template 34/96 segment 3/5
2026-09-06T19:29:45.925+01:00 INFO : 1 points above threshold
2026-09-06T19:29:45.931+01:00 INFO : Filtering template 34/96 segment 4/5
2026-09-06T19:29:45.990+01:00 INFO : Filtering template 34/96 segment 5/5
2026-09-06T19:29:46.049+01:00 INFO : 1 points above threshold
2026-09-06T19:29:46.056+01:00 INFO : 34: generating IMRPhenomD from 30.0 Hz
2026-09-06T19:29:46.058+01:00 INFO : Decompressing waveform using inline_linear
2026-09-06T19:29:46.361+01:00 INFO : Filtering template 35/96 segment 1/5
2026-09-06T19:29:46.443+01:00 INFO : 1 points above threshold
2026-09-06T19:29:46.469+01:00 INFO : Filtering template 35/96 segment 2/5
2026-09-06T19:29:46.529+01:00 INFO : 1 points above threshold
2026-09-06T19:29:46.535+01:00 INFO : Filtering template 35/96 segment 3/5
2026-09-06T19:29:46.594+01:00 INFO : 1 points above threshold
2026-09-06T19:29:46.600+01:00 INFO : Filtering template 35/96 segment 4/5
2026-09-06T19:29:46.659+01:00 INFO : Filtering template 35/96 segment 5/5
2026-09-06T19:29:46.726+01:00 INFO : 35: generating IMRPhenomD from 30.0 Hz
2026-09-06T19:29:46.729+01:00 INFO : Decompressing waveform using inline_linear
2026-09-06T19:29:46.962+01:00 INFO : Filtering template 36/96 segment 1/5
2026-09-06T19:29:47.031+01:00 INFO : 3 points above threshold
2026-09-06T19:29:47.054+01:00 INFO : Filtering template 36/96 segment 2/5
2026-09-06T19:29:47.113+01:00 INFO : 1 points above threshold
2026-09-06T19:29:47.119+01:00 INFO : Filtering template 36/96 segment 3/5
2026-09-06T19:29:47.178+01:00 INFO : 2 points above threshold
2026-09-06T19:29:47.186+01:00 INFO : Filtering template 36/96 segment 4/5
2026-09-06T19:29:47.246+01:00 INFO : Filtering template 36/96 segment 5/5
2026-09-06T19:29:47.305+01:00 INFO : 1 points above threshold
2026-09-06T19:29:47.311+01:00 INFO : 36: generating IMRPhenomD from 30.0 Hz
2026-09-06T19:29:47.314+01:00 INFO : Decompressing waveform using inline_linear
2026-09-06T19:29:47.569+01:00 INFO : Filtering template 37/96 segment 1/5
2026-09-06T19:29:47.638+01:00 INFO : 2 points above threshold
2026-09-06T19:29:47.658+01:00 INFO : Filtering template 37/96 segment 2/5
2026-09-06T19:29:47.717+01:00 INFO : 3 points above threshold
2026-09-06T19:29:47.727+01:00 INFO : Filtering template 37/96 segment 3/5
2026-09-06T19:29:47.786+01:00 INFO : 1 points above threshold
2026-09-06T19:29:47.792+01:00 INFO : Filtering template 37/96 segment 4/5
2026-09-06T19:29:47.851+01:00 INFO : 3 points above threshold
2026-09-06T19:29:47.861+01:00 INFO : Filtering template 37/96 segment 5/5
2026-09-06T19:29:47.922+01:00 INFO : 37: generating IMRPhenomD from 30.0 Hz
2026-09-06T19:29:47.925+01:00 INFO : Decompressing waveform using inline_linear
2026-09-06T19:29:48.192+01:00 INFO : Filtering template 38/96 segment 1/5
2026-09-06T19:29:48.261+01:00 INFO : Filtering template 38/96 segment 2/5
2026-09-06T19:29:48.321+01:00 INFO : Filtering template 38/96 segment 3/5
2026-09-06T19:29:48.380+01:00 INFO : 1 points above threshold
2026-09-06T19:29:48.398+01:00 INFO : Filtering template 38/96 segment 4/5
2026-09-06T19:29:48.457+01:00 INFO : 1 points above threshold
2026-09-06T19:29:48.463+01:00 INFO : Filtering template 38/96 segment 5/5
2026-09-06T19:29:48.522+01:00 INFO : 1 points above threshold
2026-09-06T19:29:48.529+01:00 INFO : 38: generating IMRPhenomD from 30.0 Hz
2026-09-06T19:29:48.532+01:00 INFO : Decompressing waveform using inline_linear
2026-09-06T19:29:48.799+01:00 INFO : Filtering template 39/96 segment 1/5
2026-09-06T19:29:48.869+01:00 INFO : Filtering template 39/96 segment 2/5
2026-09-06T19:29:48.928+01:00 INFO : 2 points above threshold
2026-09-06T19:29:48.949+01:00 INFO : Filtering template 39/96 segment 3/5
2026-09-06T19:29:49.008+01:00 INFO : Filtering template 39/96 segment 4/5
2026-09-06T19:29:49.067+01:00 INFO : 2 points above threshold
2026-09-06T19:29:49.075+01:00 INFO : Filtering template 39/96 segment 5/5
2026-09-06T19:29:49.135+01:00 INFO : 39: generating IMRPhenomD from 30.0 Hz
2026-09-06T19:29:49.137+01:00 INFO : Decompressing waveform using inline_linear
2026-09-06T19:29:49.419+01:00 INFO : Filtering template 40/96 segment 1/5
2026-09-06T19:29:49.489+01:00 INFO : Filtering template 40/96 segment 2/5
2026-09-06T19:29:49.548+01:00 INFO : Filtering template 40/96 segment 3/5
2026-09-06T19:29:49.607+01:00 INFO : Filtering template 40/96 segment 4/5
2026-09-06T19:29:49.667+01:00 INFO : 2 points above threshold
2026-09-06T19:29:49.687+01:00 INFO : Filtering template 40/96 segment 5/5
2026-09-06T19:29:49.746+01:00 INFO : 40: generating IMRPhenomD from 30.0 Hz
2026-09-06T19:29:49.749+01:00 INFO : Decompressing waveform using inline_linear
2026-09-06T19:29:50.038+01:00 INFO : Filtering template 41/96 segment 1/5
2026-09-06T19:29:50.108+01:00 INFO : Filtering template 41/96 segment 2/5
2026-09-06T19:29:50.167+01:00 INFO : Filtering template 41/96 segment 3/5
2026-09-06T19:29:50.226+01:00 INFO : 2 points above threshold
2026-09-06T19:29:50.247+01:00 INFO : Filtering template 41/96 segment 4/5
2026-09-06T19:29:50.306+01:00 INFO : 2 points above threshold
2026-09-06T19:29:50.314+01:00 INFO : Filtering template 41/96 segment 5/5
2026-09-06T19:29:50.373+01:00 INFO : 41: generating IMRPhenomD from 30.0 Hz
2026-09-06T19:29:50.376+01:00 INFO : Decompressing waveform using inline_linear
2026-09-06T19:29:50.669+01:00 INFO : Filtering template 42/96 segment 1/5
2026-09-06T19:29:50.739+01:00 INFO : Filtering template 42/96 segment 2/5
2026-09-06T19:29:50.798+01:00 INFO : 1 points above threshold
2026-09-06T19:29:50.816+01:00 INFO : Filtering template 42/96 segment 3/5
2026-09-06T19:29:50.876+01:00 INFO : Filtering template 42/96 segment 4/5
2026-09-06T19:29:50.935+01:00 INFO : 1 points above threshold
2026-09-06T19:29:50.941+01:00 INFO : Filtering template 42/96 segment 5/5
2026-09-06T19:29:51.000+01:00 INFO : 1 points above threshold
2026-09-06T19:29:51.006+01:00 INFO : 42: generating IMRPhenomD from 30.0 Hz
2026-09-06T19:29:51.009+01:00 INFO : Decompressing waveform using inline_linear
2026-09-06T19:29:51.309+01:00 INFO : Filtering template 43/96 segment 1/5
2026-09-06T19:29:51.378+01:00 INFO : 1 points above threshold
2026-09-06T19:29:51.402+01:00 INFO : Filtering template 43/96 segment 2/5
2026-09-06T19:29:51.461+01:00 INFO : 2 points above threshold
2026-09-06T19:29:51.468+01:00 INFO : Filtering template 43/96 segment 3/5
2026-09-06T19:29:51.527+01:00 INFO : 1 points above threshold
2026-09-06T19:29:51.533+01:00 INFO : Filtering template 43/96 segment 4/5
2026-09-06T19:29:51.592+01:00 INFO : Filtering template 43/96 segment 5/5
2026-09-06T19:29:51.652+01:00 INFO : 43: generating IMRPhenomD from 30.0 Hz
2026-09-06T19:29:51.654+01:00 INFO : Decompressing waveform using inline_linear
2026-09-06T19:29:51.956+01:00 INFO : Filtering template 44/96 segment 1/5
2026-09-06T19:29:52.025+01:00 INFO : 1 points above threshold
2026-09-06T19:29:52.054+01:00 INFO : Filtering template 44/96 segment 2/5
2026-09-06T19:29:52.113+01:00 INFO : Filtering template 44/96 segment 3/5
2026-09-06T19:29:52.172+01:00 INFO : Filtering template 44/96 segment 4/5
2026-09-06T19:29:52.231+01:00 INFO : 1 points above threshold
2026-09-06T19:29:52.237+01:00 INFO : Filtering template 44/96 segment 5/5
2026-09-06T19:29:52.296+01:00 INFO : 44: generating IMRPhenomD from 30.0 Hz
2026-09-06T19:29:52.299+01:00 INFO : Decompressing waveform using inline_linear
2026-09-06T19:29:52.602+01:00 INFO : Filtering template 45/96 segment 1/5
2026-09-06T19:29:52.679+01:00 INFO : 2 points above threshold
2026-09-06T19:29:52.708+01:00 INFO : Filtering template 45/96 segment 2/5
2026-09-06T19:29:52.767+01:00 INFO : 1 points above threshold
2026-09-06T19:29:52.773+01:00 INFO : Filtering template 45/96 segment 3/5
2026-09-06T19:29:52.832+01:00 INFO : 1 points above threshold
2026-09-06T19:29:52.841+01:00 INFO : Filtering template 45/96 segment 4/5
2026-09-06T19:29:52.900+01:00 INFO : Filtering template 45/96 segment 5/5
2026-09-06T19:29:52.960+01:00 INFO : 45: generating IMRPhenomD from 30.0 Hz
2026-09-06T19:29:52.962+01:00 INFO : Decompressing waveform using inline_linear
2026-09-06T19:29:53.265+01:00 INFO : Filtering template 46/96 segment 1/5
2026-09-06T19:29:53.347+01:00 INFO : Filtering template 46/96 segment 2/5
2026-09-06T19:29:53.407+01:00 INFO : Filtering template 46/96 segment 3/5
2026-09-06T19:29:53.466+01:00 INFO : 1 points above threshold
2026-09-06T19:29:53.493+01:00 INFO : Filtering template 46/96 segment 4/5
2026-09-06T19:29:53.552+01:00 INFO : 3 points above threshold
2026-09-06T19:29:53.562+01:00 INFO : Filtering template 46/96 segment 5/5
2026-09-06T19:29:53.621+01:00 INFO : 1 points above threshold
2026-09-06T19:29:53.627+01:00 INFO : 46: generating IMRPhenomD from 30.0 Hz
2026-09-06T19:29:53.630+01:00 INFO : Decompressing waveform using inline_linear
2026-09-06T19:29:53.856+01:00 INFO : Filtering template 47/96 segment 1/5
2026-09-06T19:29:53.927+01:00 INFO : 3 points above threshold
2026-09-06T19:29:53.950+01:00 INFO : Filtering template 47/96 segment 2/5
2026-09-06T19:29:54.009+01:00 INFO : Filtering template 47/96 segment 3/5
2026-09-06T19:29:54.068+01:00 INFO : 2 points above threshold
2026-09-06T19:29:54.076+01:00 INFO : Filtering template 47/96 segment 4/5
2026-09-06T19:29:54.135+01:00 INFO : 1 points above threshold
2026-09-06T19:29:54.141+01:00 INFO : Filtering template 47/96 segment 5/5
2026-09-06T19:29:54.201+01:00 INFO : 1 points above threshold
2026-09-06T19:29:54.207+01:00 INFO : 47: generating IMRPhenomD from 30.0 Hz
2026-09-06T19:29:54.209+01:00 INFO : Decompressing waveform using inline_linear
2026-09-06T19:29:54.464+01:00 INFO : Filtering template 48/96 segment 1/5
2026-09-06T19:29:54.533+01:00 INFO : 3 points above threshold
2026-09-06T19:29:54.556+01:00 INFO : Filtering template 48/96 segment 2/5
2026-09-06T19:29:54.615+01:00 INFO : 1 points above threshold
2026-09-06T19:29:54.621+01:00 INFO : Filtering template 48/96 segment 3/5
2026-09-06T19:29:54.680+01:00 INFO : 1 points above threshold
2026-09-06T19:29:54.686+01:00 INFO : Filtering template 48/96 segment 4/5
2026-09-06T19:29:54.746+01:00 INFO : 2 points above threshold
2026-09-06T19:29:54.754+01:00 INFO : Filtering template 48/96 segment 5/5
2026-09-06T19:29:54.813+01:00 INFO : 1 points above threshold
2026-09-06T19:29:54.819+01:00 INFO : 48: generating IMRPhenomD from 30.0 Hz
2026-09-06T19:29:54.822+01:00 INFO : Decompressing waveform using inline_linear
2026-09-06T19:29:55.089+01:00 INFO : Filtering template 49/96 segment 1/5
2026-09-06T19:29:55.159+01:00 INFO : 1 points above threshold
2026-09-06T19:29:55.177+01:00 INFO : Filtering template 49/96 segment 2/5
2026-09-06T19:29:55.237+01:00 INFO : 1 points above threshold
2026-09-06T19:29:55.243+01:00 INFO : Filtering template 49/96 segment 3/5
2026-09-06T19:29:55.302+01:00 INFO : 2 points above threshold
2026-09-06T19:29:55.310+01:00 INFO : Filtering template 49/96 segment 4/5
2026-09-06T19:29:55.369+01:00 INFO : Filtering template 49/96 segment 5/5
2026-09-06T19:29:55.429+01:00 INFO : 49: generating IMRPhenomD from 30.0 Hz
2026-09-06T19:29:55.431+01:00 INFO : Decompressing waveform using inline_linear
2026-09-06T19:29:55.698+01:00 INFO : Filtering template 50/96 segment 1/5
2026-09-06T19:29:55.768+01:00 INFO : Filtering template 50/96 segment 2/5
2026-09-06T19:29:55.827+01:00 INFO : 2 points above threshold
2026-09-06T19:29:55.847+01:00 INFO : Filtering template 50/96 segment 3/5
2026-09-06T19:29:55.907+01:00 INFO : 4 points above threshold
2026-09-06T19:29:55.917+01:00 INFO : Filtering template 50/96 segment 4/5
2026-09-06T19:29:55.976+01:00 INFO : 2 points above threshold
2026-09-06T19:29:55.984+01:00 INFO : Filtering template 50/96 segment 5/5
2026-09-06T19:29:56.044+01:00 INFO : 50: generating IMRPhenomD from 30.0 Hz
2026-09-06T19:29:56.047+01:00 INFO : Decompressing waveform using inline_linear
2026-09-06T19:29:56.328+01:00 INFO : Filtering template 51/96 segment 1/5
2026-09-06T19:29:56.397+01:00 INFO : 1 points above threshold
2026-09-06T19:29:56.416+01:00 INFO : Filtering template 51/96 segment 2/5
2026-09-06T19:29:56.475+01:00 INFO : 1 points above threshold
2026-09-06T19:29:56.481+01:00 INFO : Filtering template 51/96 segment 3/5
2026-09-06T19:29:56.540+01:00 INFO : Filtering template 51/96 segment 4/5
2026-09-06T19:29:56.600+01:00 INFO : 1 points above threshold
2026-09-06T19:29:56.606+01:00 INFO : Filtering template 51/96 segment 5/5
2026-09-06T19:29:56.665+01:00 INFO : 2 points above threshold
2026-09-06T19:29:56.673+01:00 INFO : 51: generating IMRPhenomD from 30.0 Hz
2026-09-06T19:29:56.675+01:00 INFO : Decompressing waveform using inline_linear
2026-09-06T19:29:56.969+01:00 INFO : Filtering template 52/96 segment 1/5
2026-09-06T19:29:57.040+01:00 INFO : 1 points above threshold
2026-09-06T19:29:57.059+01:00 INFO : Filtering template 52/96 segment 2/5
2026-09-06T19:29:57.118+01:00 INFO : 1 points above threshold
2026-09-06T19:29:57.124+01:00 INFO : Filtering template 52/96 segment 3/5
2026-09-06T19:29:57.183+01:00 INFO : Filtering template 52/96 segment 4/5
2026-09-06T19:29:57.242+01:00 INFO : 3 points above threshold
2026-09-06T19:29:57.252+01:00 INFO : Filtering template 52/96 segment 5/5
2026-09-06T19:29:57.311+01:00 INFO : 1 points above threshold
2026-09-06T19:29:57.317+01:00 INFO : 52: generating IMRPhenomD from 30.0 Hz
2026-09-06T19:29:57.319+01:00 INFO : Decompressing waveform using inline_linear
2026-09-06T19:29:57.612+01:00 INFO : Filtering template 53/96 segment 1/5
2026-09-06T19:29:57.681+01:00 INFO : 3 points above threshold
2026-09-06T19:29:57.704+01:00 INFO : Filtering template 53/96 segment 2/5
2026-09-06T19:29:57.763+01:00 INFO : 2 points above threshold
2026-09-06T19:29:57.771+01:00 INFO : Filtering template 53/96 segment 3/5
2026-09-06T19:29:57.830+01:00 INFO : 2 points above threshold
2026-09-06T19:29:57.838+01:00 INFO : Filtering template 53/96 segment 4/5
2026-09-06T19:29:57.897+01:00 INFO : 1 points above threshold
2026-09-06T19:29:57.903+01:00 INFO : Filtering template 53/96 segment 5/5
2026-09-06T19:29:57.962+01:00 INFO : 1 points above threshold
2026-09-06T19:29:57.968+01:00 INFO : 53: generating IMRPhenomD from 30.0 Hz
2026-09-06T19:29:57.971+01:00 INFO : Decompressing waveform using inline_linear
2026-09-06T19:29:58.270+01:00 INFO : Filtering template 54/96 segment 1/5
2026-09-06T19:29:58.339+01:00 INFO : Filtering template 54/96 segment 2/5
2026-09-06T19:29:58.398+01:00 INFO : Filtering template 54/96 segment 3/5
2026-09-06T19:29:58.457+01:00 INFO : 2 points above threshold
2026-09-06T19:29:58.483+01:00 INFO : Filtering template 54/96 segment 4/5
2026-09-06T19:29:58.542+01:00 INFO : 5 points above threshold
2026-09-06T19:29:58.554+01:00 INFO : Filtering template 54/96 segment 5/5
2026-09-06T19:29:58.614+01:00 INFO : 54: generating IMRPhenomD from 30.0 Hz
2026-09-06T19:29:58.616+01:00 INFO : Decompressing waveform using inline_linear
2026-09-06T19:29:58.911+01:00 INFO : Filtering template 55/96 segment 1/5
2026-09-06T19:29:58.980+01:00 INFO : Filtering template 55/96 segment 2/5
2026-09-06T19:29:59.039+01:00 INFO : 1 points above threshold
2026-09-06T19:29:59.068+01:00 INFO : Filtering template 55/96 segment 3/5
2026-09-06T19:29:59.127+01:00 INFO : 3 points above threshold
2026-09-06T19:29:59.137+01:00 INFO : Filtering template 55/96 segment 4/5
2026-09-06T19:29:59.196+01:00 INFO : 1 points above threshold
2026-09-06T19:29:59.202+01:00 INFO : Filtering template 55/96 segment 5/5
2026-09-06T19:29:59.261+01:00 INFO : 1 points above threshold
2026-09-06T19:29:59.267+01:00 INFO : 55: generating IMRPhenomD from 30.0 Hz
2026-09-06T19:29:59.270+01:00 INFO : Decompressing waveform using inline_linear
2026-09-06T19:29:59.514+01:00 INFO : Filtering template 56/96 segment 1/5
2026-09-06T19:29:59.584+01:00 INFO : 1 points above threshold
2026-09-06T19:29:59.602+01:00 INFO : Filtering template 56/96 segment 2/5
2026-09-06T19:29:59.661+01:00 INFO : 1 points above threshold
2026-09-06T19:29:59.670+01:00 INFO : Filtering template 56/96 segment 3/5
2026-09-06T19:29:59.729+01:00 INFO : 3 points above threshold
2026-09-06T19:29:59.739+01:00 INFO : Filtering template 56/96 segment 4/5
2026-09-06T19:29:59.799+01:00 INFO : Filtering template 56/96 segment 5/5
2026-09-06T19:29:59.858+01:00 INFO : 1 points above threshold
2026-09-06T19:29:59.864+01:00 INFO : 56: generating IMRPhenomD from 30.0 Hz
2026-09-06T19:29:59.867+01:00 INFO : Decompressing waveform using inline_linear
2026-09-06T19:30:00.122+01:00 INFO : Filtering template 57/96 segment 1/5
2026-09-06T19:30:00.191+01:00 INFO : 1 points above threshold
2026-09-06T19:30:00.210+01:00 INFO : Filtering template 57/96 segment 2/5
2026-09-06T19:30:00.269+01:00 INFO : 2 points above threshold
2026-09-06T19:30:00.277+01:00 INFO : Filtering template 57/96 segment 3/5
2026-09-06T19:30:00.336+01:00 INFO : 2 points above threshold
2026-09-06T19:30:00.344+01:00 INFO : Filtering template 57/96 segment 4/5
2026-09-06T19:30:00.403+01:00 INFO : 2 points above threshold
2026-09-06T19:30:00.411+01:00 INFO : Filtering template 57/96 segment 5/5
2026-09-06T19:30:00.471+01:00 INFO : 57: generating IMRPhenomD from 30.0 Hz
2026-09-06T19:30:00.473+01:00 INFO : Decompressing waveform using inline_linear
2026-09-06T19:30:00.741+01:00 INFO : Filtering template 58/96 segment 1/5
2026-09-06T19:30:00.810+01:00 INFO : 1 points above threshold
2026-09-06T19:30:00.829+01:00 INFO : Filtering template 58/96 segment 2/5
2026-09-06T19:30:00.888+01:00 INFO : 2 points above threshold
2026-09-06T19:30:00.896+01:00 INFO : Filtering template 58/96 segment 3/5
2026-09-06T19:30:00.955+01:00 INFO : 1 points above threshold
2026-09-06T19:30:00.961+01:00 INFO : Filtering template 58/96 segment 4/5
2026-09-06T19:30:01.021+01:00 INFO : 1 points above threshold
2026-09-06T19:30:01.027+01:00 INFO : Filtering template 58/96 segment 5/5
2026-09-06T19:30:01.086+01:00 INFO : 2 points above threshold
2026-09-06T19:30:01.094+01:00 INFO : 58: generating IMRPhenomD from 30.0 Hz
2026-09-06T19:30:01.097+01:00 INFO : Decompressing waveform using inline_linear
2026-09-06T19:30:01.377+01:00 INFO : Filtering template 59/96 segment 1/5
2026-09-06T19:30:01.447+01:00 INFO : 1 points above threshold
2026-09-06T19:30:01.465+01:00 INFO : Filtering template 59/96 segment 2/5
2026-09-06T19:30:01.524+01:00 INFO : 2 points above threshold
2026-09-06T19:30:01.532+01:00 INFO : Filtering template 59/96 segment 3/5
2026-09-06T19:30:01.592+01:00 INFO : 2 points above threshold
2026-09-06T19:30:01.599+01:00 INFO : Filtering template 59/96 segment 4/5
2026-09-06T19:30:01.659+01:00 INFO : 1 points above threshold
2026-09-06T19:30:01.665+01:00 INFO : Filtering template 59/96 segment 5/5
2026-09-06T19:30:01.725+01:00 INFO : 59: generating IMRPhenomD from 30.0 Hz
2026-09-06T19:30:01.727+01:00 INFO : Decompressing waveform using inline_linear
2026-09-06T19:30:02.017+01:00 INFO : Filtering template 60/96 segment 1/5
2026-09-06T19:30:02.095+01:00 INFO : Filtering template 60/96 segment 2/5
2026-09-06T19:30:02.154+01:00 INFO : Filtering template 60/96 segment 3/5
2026-09-06T19:30:02.213+01:00 INFO : 1 points above threshold
2026-09-06T19:30:02.232+01:00 INFO : Filtering template 60/96 segment 4/5
2026-09-06T19:30:02.291+01:00 INFO : 2 points above threshold
2026-09-06T19:30:02.299+01:00 INFO : Filtering template 60/96 segment 5/5
2026-09-06T19:30:02.358+01:00 INFO : 60: generating IMRPhenomD from 30.0 Hz
2026-09-06T19:30:02.361+01:00 INFO : Decompressing waveform using inline_linear
2026-09-06T19:30:02.654+01:00 INFO : Filtering template 61/96 segment 1/5
2026-09-06T19:30:02.724+01:00 INFO : Filtering template 61/96 segment 2/5
2026-09-06T19:30:02.783+01:00 INFO : 2 points above threshold
2026-09-06T19:30:02.803+01:00 INFO : Filtering template 61/96 segment 3/5
2026-09-06T19:30:02.862+01:00 INFO : 1 points above threshold
2026-09-06T19:30:02.868+01:00 INFO : Filtering template 61/96 segment 4/5
2026-09-06T19:30:02.928+01:00 INFO : 1 points above threshold
2026-09-06T19:30:02.934+01:00 INFO : Filtering template 61/96 segment 5/5
2026-09-06T19:30:02.993+01:00 INFO : 61: generating IMRPhenomD from 30.0 Hz
2026-09-06T19:30:02.996+01:00 INFO : Decompressing waveform using inline_linear
2026-09-06T19:30:03.295+01:00 INFO : Filtering template 62/96 segment 1/5
2026-09-06T19:30:03.364+01:00 INFO : 2 points above threshold
2026-09-06T19:30:03.390+01:00 INFO : Filtering template 62/96 segment 2/5
2026-09-06T19:30:03.449+01:00 INFO : Filtering template 62/96 segment 3/5
2026-09-06T19:30:03.508+01:00 INFO : Filtering template 62/96 segment 4/5
2026-09-06T19:30:03.567+01:00 INFO : 5 points above threshold
2026-09-06T19:30:03.580+01:00 INFO : Filtering template 62/96 segment 5/5
2026-09-06T19:30:03.639+01:00 INFO : 62: generating IMRPhenomD from 30.0 Hz
2026-09-06T19:30:03.642+01:00 INFO : Decompressing waveform using inline_linear
2026-09-06T19:30:03.936+01:00 INFO : Filtering template 63/96 segment 1/5
2026-09-06T19:30:04.006+01:00 INFO : Filtering template 63/96 segment 2/5
2026-09-06T19:30:04.066+01:00 INFO : 1 points above threshold
2026-09-06T19:30:04.094+01:00 INFO : Filtering template 63/96 segment 3/5
2026-09-06T19:30:04.154+01:00 INFO : 2 points above threshold
2026-09-06T19:30:04.161+01:00 INFO : Filtering template 63/96 segment 4/5
2026-09-06T19:30:04.221+01:00 INFO : 1 points above threshold
2026-09-06T19:30:04.227+01:00 INFO : Filtering template 63/96 segment 5/5
2026-09-06T19:30:04.286+01:00 INFO : 1 points above threshold
2026-09-06T19:30:04.293+01:00 INFO : 63: generating IMRPhenomD from 30.0 Hz
2026-09-06T19:30:04.295+01:00 INFO : Decompressing waveform using inline_linear
2026-09-06T19:30:04.598+01:00 INFO : Filtering template 64/96 segment 1/5
2026-09-06T19:30:04.675+01:00 INFO : 2 points above threshold
2026-09-06T19:30:04.703+01:00 INFO : Filtering template 64/96 segment 2/5
2026-09-06T19:30:04.763+01:00 INFO : 1 points above threshold
2026-09-06T19:30:04.769+01:00 INFO : Filtering template 64/96 segment 3/5
2026-09-06T19:30:04.828+01:00 INFO : Filtering template 64/96 segment 4/5
2026-09-06T19:30:04.887+01:00 INFO : Filtering template 64/96 segment 5/5
2026-09-06T19:30:04.947+01:00 INFO : 64: generating IMRPhenomD from 30.0 Hz
2026-09-06T19:30:04.949+01:00 INFO : Decompressing waveform using inline_linear
2026-09-06T19:30:05.252+01:00 INFO : Filtering template 65/96 segment 1/5
2026-09-06T19:30:05.335+01:00 INFO : 2 points above threshold
2026-09-06T19:30:05.363+01:00 INFO : Filtering template 65/96 segment 2/5
2026-09-06T19:30:05.422+01:00 INFO : 2 points above threshold
2026-09-06T19:30:05.430+01:00 INFO : Filtering template 65/96 segment 3/5
2026-09-06T19:30:05.489+01:00 INFO : 1 points above threshold
2026-09-06T19:30:05.495+01:00 INFO : Filtering template 65/96 segment 4/5
2026-09-06T19:30:05.555+01:00 INFO : 2 points above threshold
2026-09-06T19:30:05.563+01:00 INFO : Filtering template 65/96 segment 5/5
2026-09-06T19:30:05.622+01:00 INFO : 65: generating IMRPhenomD from 30.0 Hz
2026-09-06T19:30:05.625+01:00 INFO : Decompressing waveform using inline_linear
2026-09-06T19:30:05.862+01:00 INFO : Filtering template 66/96 segment 1/5
2026-09-06T19:30:05.932+01:00 INFO : 1 points above threshold
2026-09-06T19:30:05.951+01:00 INFO : Filtering template 66/96 segment 2/5
2026-09-06T19:30:06.010+01:00 INFO : 1 points above threshold
2026-09-06T19:30:06.016+01:00 INFO : Filtering template 66/96 segment 3/5
2026-09-06T19:30:06.076+01:00 INFO : 2 points above threshold
2026-09-06T19:30:06.083+01:00 INFO : Filtering template 66/96 segment 4/5
2026-09-06T19:30:06.142+01:00 INFO : 1 points above threshold
2026-09-06T19:30:06.148+01:00 INFO : Filtering template 66/96 segment 5/5
2026-09-06T19:30:06.208+01:00 INFO : 66: generating IMRPhenomD from 30.0 Hz
2026-09-06T19:30:06.211+01:00 INFO : Decompressing waveform using inline_linear
2026-09-06T19:30:06.465+01:00 INFO : Filtering template 67/96 segment 1/5
2026-09-06T19:30:06.534+01:00 INFO : 3 points above threshold
2026-09-06T19:30:06.557+01:00 INFO : Filtering template 67/96 segment 2/5
2026-09-06T19:30:06.616+01:00 INFO : Filtering template 67/96 segment 3/5
2026-09-06T19:30:06.675+01:00 INFO : 1 points above threshold
2026-09-06T19:30:06.681+01:00 INFO : Filtering template 67/96 segment 4/5
2026-09-06T19:30:06.740+01:00 INFO : Filtering template 67/96 segment 5/5
2026-09-06T19:30:06.800+01:00 INFO : 67: generating IMRPhenomD from 30.0 Hz
2026-09-06T19:30:06.803+01:00 INFO : Decompressing waveform using inline_linear
2026-09-06T19:30:07.071+01:00 INFO : Filtering template 68/96 segment 1/5
2026-09-06T19:30:07.144+01:00 INFO : 1 points above threshold
2026-09-06T19:30:07.164+01:00 INFO : Filtering template 68/96 segment 2/5
2026-09-06T19:30:07.226+01:00 INFO : 1 points above threshold
2026-09-06T19:30:07.232+01:00 INFO : Filtering template 68/96 segment 3/5
2026-09-06T19:30:07.291+01:00 INFO : 1 points above threshold
2026-09-06T19:30:07.297+01:00 INFO : Filtering template 68/96 segment 4/5
2026-09-06T19:30:07.356+01:00 INFO : 1 points above threshold
2026-09-06T19:30:07.365+01:00 INFO : Filtering template 68/96 segment 5/5
2026-09-06T19:30:07.424+01:00 INFO : 1 points above threshold
2026-09-06T19:30:07.430+01:00 INFO : 68: generating IMRPhenomD from 30.0 Hz
2026-09-06T19:30:07.433+01:00 INFO : Decompressing waveform using inline_linear
2026-09-06T19:30:07.713+01:00 INFO : Filtering template 69/96 segment 1/5
2026-09-06T19:30:07.783+01:00 INFO : Filtering template 69/96 segment 2/5
2026-09-06T19:30:07.842+01:00 INFO : Filtering template 69/96 segment 3/5
2026-09-06T19:30:07.902+01:00 INFO : 1 points above threshold
2026-09-06T19:30:07.920+01:00 INFO : Filtering template 69/96 segment 4/5
2026-09-06T19:30:07.979+01:00 INFO : 2 points above threshold
2026-09-06T19:30:07.987+01:00 INFO : Filtering template 69/96 segment 5/5
2026-09-06T19:30:08.047+01:00 INFO : 69: generating IMRPhenomD from 30.0 Hz
2026-09-06T19:30:08.049+01:00 INFO : Decompressing waveform using inline_linear
2026-09-06T19:30:08.335+01:00 INFO : Filtering template 70/96 segment 1/5
2026-09-06T19:30:08.405+01:00 INFO : 2 points above threshold
2026-09-06T19:30:08.425+01:00 INFO : Filtering template 70/96 segment 2/5
2026-09-06T19:30:08.485+01:00 INFO : 2 points above threshold
2026-09-06T19:30:08.492+01:00 INFO : Filtering template 70/96 segment 3/5
2026-09-06T19:30:08.551+01:00 INFO : Filtering template 70/96 segment 4/5
2026-09-06T19:30:08.610+01:00 INFO : 2 points above threshold
2026-09-06T19:30:08.618+01:00 INFO : Filtering template 70/96 segment 5/5
2026-09-06T19:30:08.677+01:00 INFO : 2 points above threshold
2026-09-06T19:30:08.685+01:00 INFO : 70: generating IMRPhenomD from 30.0 Hz
2026-09-06T19:30:08.688+01:00 INFO : Decompressing waveform using inline_linear
2026-09-06T19:30:08.980+01:00 INFO : Filtering template 71/96 segment 1/5
2026-09-06T19:30:09.050+01:00 INFO : Filtering template 71/96 segment 2/5
2026-09-06T19:30:09.109+01:00 INFO : 1 points above threshold
2026-09-06T19:30:09.128+01:00 INFO : Filtering template 71/96 segment 3/5
2026-09-06T19:30:09.187+01:00 INFO : 1 points above threshold
2026-09-06T19:30:09.193+01:00 INFO : Filtering template 71/96 segment 4/5
2026-09-06T19:30:09.252+01:00 INFO : 3 points above threshold
2026-09-06T19:30:09.262+01:00 INFO : Filtering template 71/96 segment 5/5
2026-09-06T19:30:09.321+01:00 INFO : 71: generating IMRPhenomD from 30.0 Hz
2026-09-06T19:30:09.324+01:00 INFO : Decompressing waveform using inline_linear
2026-09-06T19:30:09.624+01:00 INFO : Filtering template 72/96 segment 1/5
2026-09-06T19:30:09.693+01:00 INFO : 2 points above threshold
2026-09-06T19:30:09.719+01:00 INFO : Filtering template 72/96 segment 2/5
2026-09-06T19:30:09.778+01:00 INFO : 1 points above threshold
2026-09-06T19:30:09.784+01:00 INFO : Filtering template 72/96 segment 3/5
2026-09-06T19:30:09.843+01:00 INFO : 1 points above threshold
2026-09-06T19:30:09.849+01:00 INFO : Filtering template 72/96 segment 4/5
2026-09-06T19:30:09.908+01:00 INFO : 3 points above threshold
2026-09-06T19:30:09.918+01:00 INFO : Filtering template 72/96 segment 5/5
2026-09-06T19:30:09.978+01:00 INFO : 3 points above threshold
2026-09-06T19:30:09.989+01:00 INFO : 72: generating IMRPhenomD from 30.0 Hz
2026-09-06T19:30:09.991+01:00 INFO : Decompressing waveform using inline_linear
2026-09-06T19:30:10.284+01:00 INFO : Filtering template 73/96 segment 1/5
2026-09-06T19:30:10.353+01:00 INFO : 1 points above threshold
2026-09-06T19:30:10.382+01:00 INFO : Filtering template 73/96 segment 2/5
2026-09-06T19:30:10.441+01:00 INFO : 1 points above threshold
2026-09-06T19:30:10.447+01:00 INFO : Filtering template 73/96 segment 3/5
2026-09-06T19:30:10.506+01:00 INFO : 1 points above threshold
2026-09-06T19:30:10.512+01:00 INFO : Filtering template 73/96 segment 4/5
2026-09-06T19:30:10.571+01:00 INFO : Filtering template 73/96 segment 5/5
2026-09-06T19:30:10.631+01:00 INFO : 1 points above threshold
2026-09-06T19:30:10.637+01:00 INFO : 73: generating IMRPhenomD from 30.0 Hz
2026-09-06T19:30:10.639+01:00 INFO : Decompressing waveform using inline_linear
2026-09-06T19:30:10.939+01:00 INFO : Filtering template 74/96 segment 1/5
2026-09-06T19:30:11.016+01:00 INFO : 3 points above threshold
2026-09-06T19:30:11.047+01:00 INFO : Filtering template 74/96 segment 2/5
2026-09-06T19:30:11.106+01:00 INFO : 3 points above threshold
2026-09-06T19:30:11.116+01:00 INFO : Filtering template 74/96 segment 3/5
2026-09-06T19:30:11.175+01:00 INFO : Filtering template 74/96 segment 4/5
2026-09-06T19:30:11.235+01:00 INFO : 1 points above threshold
2026-09-06T19:30:11.241+01:00 INFO : Filtering template 74/96 segment 5/5
2026-09-06T19:30:11.300+01:00 INFO : 74: generating IMRPhenomD from 30.0 Hz
2026-09-06T19:30:11.303+01:00 INFO : Decompressing waveform using inline_linear
2026-09-06T19:30:11.604+01:00 INFO : Filtering template 75/96 segment 1/5
2026-09-06T19:30:11.686+01:00 INFO : Filtering template 75/96 segment 2/5
2026-09-06T19:30:11.745+01:00 INFO : 1 points above threshold
2026-09-06T19:30:11.772+01:00 INFO : Filtering template 75/96 segment 3/5
2026-09-06T19:30:11.831+01:00 INFO : 2 points above threshold
2026-09-06T19:30:11.839+01:00 INFO : Filtering template 75/96 segment 4/5
2026-09-06T19:30:11.899+01:00 INFO : Filtering template 75/96 segment 5/5
2026-09-06T19:30:11.958+01:00 INFO : 2 points above threshold
2026-09-06T19:30:11.966+01:00 INFO : 75: generating IMRPhenomD from 30.0 Hz
2026-09-06T19:30:11.969+01:00 INFO : Decompressing waveform using inline_linear
2026-09-06T19:30:12.208+01:00 INFO : Filtering template 76/96 segment 1/5
2026-09-06T19:30:12.282+01:00 INFO : 1 points above threshold
2026-09-06T19:30:12.302+01:00 INFO : Filtering template 76/96 segment 2/5
2026-09-06T19:30:12.361+01:00 INFO : Filtering template 76/96 segment 3/5
2026-09-06T19:30:12.420+01:00 INFO : 1 points above threshold
2026-09-06T19:30:12.426+01:00 INFO : Filtering template 76/96 segment 4/5
2026-09-06T19:30:12.485+01:00 INFO : Filtering template 76/96 segment 5/5
2026-09-06T19:30:12.544+01:00 INFO : 2 points above threshold
2026-09-06T19:30:12.552+01:00 INFO : 76: generating IMRPhenomD from 30.0 Hz
2026-09-06T19:30:12.555+01:00 INFO : Decompressing waveform using inline_linear
2026-09-06T19:30:12.808+01:00 INFO : Filtering template 77/96 segment 1/5
2026-09-06T19:30:12.878+01:00 INFO : Filtering template 77/96 segment 2/5
2026-09-06T19:30:12.937+01:00 INFO : 1 points above threshold
2026-09-06T19:30:12.955+01:00 INFO : Filtering template 77/96 segment 3/5
2026-09-06T19:30:13.014+01:00 INFO : Filtering template 77/96 segment 4/5
2026-09-06T19:30:13.074+01:00 INFO : 1 points above threshold
2026-09-06T19:30:13.080+01:00 INFO : Filtering template 77/96 segment 5/5
2026-09-06T19:30:13.139+01:00 INFO : 77: generating IMRPhenomD from 30.0 Hz
2026-09-06T19:30:13.142+01:00 INFO : Decompressing waveform using inline_linear
2026-09-06T19:30:13.406+01:00 INFO : Filtering template 78/96 segment 1/5
2026-09-06T19:30:13.476+01:00 INFO : Filtering template 78/96 segment 2/5
2026-09-06T19:30:13.535+01:00 INFO : Filtering template 78/96 segment 3/5
2026-09-06T19:30:13.594+01:00 INFO : Filtering template 78/96 segment 4/5
2026-09-06T19:30:13.653+01:00 INFO : 1 points above threshold
2026-09-06T19:30:13.672+01:00 INFO : Filtering template 78/96 segment 5/5
2026-09-06T19:30:13.731+01:00 INFO : 78: generating IMRPhenomD from 30.0 Hz
2026-09-06T19:30:13.734+01:00 INFO : Decompressing waveform using inline_linear
2026-09-06T19:30:14.013+01:00 INFO : Filtering template 79/96 segment 1/5
2026-09-06T19:30:14.082+01:00 INFO : 2 points above threshold
2026-09-06T19:30:14.103+01:00 INFO : Filtering template 79/96 segment 2/5
2026-09-06T19:30:14.162+01:00 INFO : Filtering template 79/96 segment 3/5
2026-09-06T19:30:14.221+01:00 INFO : 1 points above threshold
2026-09-06T19:30:14.227+01:00 INFO : Filtering template 79/96 segment 4/5
2026-09-06T19:30:14.286+01:00 INFO : 1 points above threshold
2026-09-06T19:30:14.292+01:00 INFO : Filtering template 79/96 segment 5/5
2026-09-06T19:30:14.351+01:00 INFO : 3 points above threshold
2026-09-06T19:30:14.361+01:00 INFO : 79: generating IMRPhenomD from 30.0 Hz
2026-09-06T19:30:14.364+01:00 INFO : Decompressing waveform using inline_linear
2026-09-06T19:30:14.649+01:00 INFO : Filtering template 80/96 segment 1/5
2026-09-06T19:30:14.718+01:00 INFO : 2 points above threshold
2026-09-06T19:30:14.739+01:00 INFO : Filtering template 80/96 segment 2/5
2026-09-06T19:30:14.798+01:00 INFO : 1 points above threshold
2026-09-06T19:30:14.804+01:00 INFO : Filtering template 80/96 segment 3/5
2026-09-06T19:30:14.863+01:00 INFO : 1 points above threshold
2026-09-06T19:30:14.869+01:00 INFO : Filtering template 80/96 segment 4/5
2026-09-06T19:30:14.929+01:00 INFO : Filtering template 80/96 segment 5/5
2026-09-06T19:30:14.988+01:00 INFO : 1 points above threshold
2026-09-06T19:30:14.994+01:00 INFO : 80: generating IMRPhenomD from 30.0 Hz
2026-09-06T19:30:14.997+01:00 INFO : Decompressing waveform using inline_linear
2026-09-06T19:30:15.291+01:00 INFO : Filtering template 81/96 segment 1/5
2026-09-06T19:30:15.360+01:00 INFO : 1 points above threshold
2026-09-06T19:30:15.379+01:00 INFO : Filtering template 81/96 segment 2/5
2026-09-06T19:30:15.438+01:00 INFO : 2 points above threshold
2026-09-06T19:30:15.446+01:00 INFO : Filtering template 81/96 segment 3/5
2026-09-06T19:30:15.505+01:00 INFO : 1 points above threshold
2026-09-06T19:30:15.511+01:00 INFO : Filtering template 81/96 segment 4/5
2026-09-06T19:30:15.571+01:00 INFO : Filtering template 81/96 segment 5/5
2026-09-06T19:30:15.630+01:00 INFO : 1 points above threshold
2026-09-06T19:30:15.636+01:00 INFO : 81: generating IMRPhenomD from 30.0 Hz
2026-09-06T19:30:15.638+01:00 INFO : Decompressing waveform using inline_linear
2026-09-06T19:30:15.938+01:00 INFO : Filtering template 82/96 segment 1/5
2026-09-06T19:30:16.007+01:00 INFO : Filtering template 82/96 segment 2/5
2026-09-06T19:30:16.066+01:00 INFO : 2 points above threshold
2026-09-06T19:30:16.092+01:00 INFO : Filtering template 82/96 segment 3/5
2026-09-06T19:30:16.151+01:00 INFO : 1 points above threshold
2026-09-06T19:30:16.157+01:00 INFO : Filtering template 82/96 segment 4/5
2026-09-06T19:30:16.217+01:00 INFO : Filtering template 82/96 segment 5/5
2026-09-06T19:30:16.276+01:00 INFO : 82: generating IMRPhenomD from 30.0 Hz
2026-09-06T19:30:16.279+01:00 INFO : Decompressing waveform using inline_linear
2026-09-06T19:30:16.574+01:00 INFO : Filtering template 83/96 segment 1/5
2026-09-06T19:30:16.643+01:00 INFO : 1 points above threshold
2026-09-06T19:30:16.672+01:00 INFO : Filtering template 83/96 segment 2/5
2026-09-06T19:30:16.731+01:00 INFO : 2 points above threshold
2026-09-06T19:30:16.739+01:00 INFO : Filtering template 83/96 segment 3/5
2026-09-06T19:30:16.798+01:00 INFO : 2 points above threshold
2026-09-06T19:30:16.806+01:00 INFO : Filtering template 83/96 segment 4/5
2026-09-06T19:30:16.865+01:00 INFO : 3 points above threshold
2026-09-06T19:30:16.875+01:00 INFO : Filtering template 83/96 segment 5/5
2026-09-06T19:30:16.934+01:00 INFO : 3 points above threshold
2026-09-06T19:30:16.945+01:00 INFO : 83: generating IMRPhenomD from 30.0 Hz
2026-09-06T19:30:16.947+01:00 INFO : Decompressing waveform using inline_linear
2026-09-06T19:30:17.248+01:00 INFO : Filtering template 84/96 segment 1/5
2026-09-06T19:30:17.328+01:00 INFO : Filtering template 84/96 segment 2/5
2026-09-06T19:30:17.391+01:00 INFO : Filtering template 84/96 segment 3/5
2026-09-06T19:30:17.450+01:00 INFO : 1 points above threshold
2026-09-06T19:30:17.476+01:00 INFO : Filtering template 84/96 segment 4/5
2026-09-06T19:30:17.536+01:00 INFO : 3 points above threshold
2026-09-06T19:30:17.546+01:00 INFO : Filtering template 84/96 segment 5/5
2026-09-06T19:30:17.605+01:00 INFO : 84: generating IMRPhenomD from 30.0 Hz
2026-09-06T19:30:17.608+01:00 INFO : Decompressing waveform using inline_linear
2026-09-06T19:30:17.909+01:00 INFO : Filtering template 85/96 segment 1/5
2026-09-06T19:30:17.992+01:00 INFO : 1 points above threshold
2026-09-06T19:30:18.019+01:00 INFO : Filtering template 85/96 segment 2/5
2026-09-06T19:30:18.078+01:00 INFO : 2 points above threshold
2026-09-06T19:30:18.086+01:00 INFO : Filtering template 85/96 segment 3/5
2026-09-06T19:30:18.145+01:00 INFO : 1 points above threshold
2026-09-06T19:30:18.151+01:00 INFO : Filtering template 85/96 segment 4/5
2026-09-06T19:30:18.210+01:00 INFO : 3 points above threshold
2026-09-06T19:30:18.220+01:00 INFO : Filtering template 85/96 segment 5/5
2026-09-06T19:30:18.279+01:00 INFO : 2 points above threshold
2026-09-06T19:30:18.288+01:00 INFO : 85: generating IMRPhenomD from 30.0 Hz
2026-09-06T19:30:18.290+01:00 INFO : Decompressing waveform using inline_linear
2026-09-06T19:30:18.591+01:00 INFO : Filtering template 86/96 segment 1/5
2026-09-06T19:30:18.673+01:00 INFO : 2 points above threshold
2026-09-06T19:30:18.701+01:00 INFO : Filtering template 86/96 segment 2/5
2026-09-06T19:30:18.761+01:00 INFO : 2 points above threshold
2026-09-06T19:30:18.768+01:00 INFO : Filtering template 86/96 segment 3/5
2026-09-06T19:30:18.828+01:00 INFO : 1 points above threshold
2026-09-06T19:30:18.834+01:00 INFO : Filtering template 86/96 segment 4/5
2026-09-06T19:30:18.893+01:00 INFO : 1 points above threshold
2026-09-06T19:30:18.899+01:00 INFO : Filtering template 86/96 segment 5/5
2026-09-06T19:30:18.958+01:00 INFO : 2 points above threshold
2026-09-06T19:30:18.966+01:00 INFO : 86: generating IMRPhenomD from 30.0 Hz
2026-09-06T19:30:18.969+01:00 INFO : Decompressing waveform using inline_linear
2026-09-06T19:30:19.270+01:00 INFO : Filtering template 87/96 segment 1/5
2026-09-06T19:30:19.352+01:00 INFO : 1 points above threshold
2026-09-06T19:30:19.379+01:00 INFO : Filtering template 87/96 segment 2/5
2026-09-06T19:30:19.438+01:00 INFO : 2 points above threshold
2026-09-06T19:30:19.445+01:00 INFO : Filtering template 87/96 segment 3/5
2026-09-06T19:30:19.505+01:00 INFO : 1 points above threshold
2026-09-06T19:30:19.510+01:00 INFO : Filtering template 87/96 segment 4/5
2026-09-06T19:30:19.570+01:00 INFO : 1 points above threshold
2026-09-06T19:30:19.576+01:00 INFO : Filtering template 87/96 segment 5/5
2026-09-06T19:30:19.635+01:00 INFO : 1 points above threshold
2026-09-06T19:30:19.642+01:00 INFO : 87: generating IMRPhenomD from 30.0 Hz
2026-09-06T19:30:19.644+01:00 INFO : Decompressing waveform using inline_linear
2026-09-06T19:30:19.867+01:00 INFO : Filtering template 88/96 segment 1/5
2026-09-06T19:30:19.938+01:00 INFO : 2 points above threshold
2026-09-06T19:30:19.958+01:00 INFO : Filtering template 88/96 segment 2/5
2026-09-06T19:30:20.018+01:00 INFO : 1 points above threshold
2026-09-06T19:30:20.024+01:00 INFO : Filtering template 88/96 segment 3/5
2026-09-06T19:30:20.083+01:00 INFO : Filtering template 88/96 segment 4/5
2026-09-06T19:30:20.142+01:00 INFO : Filtering template 88/96 segment 5/5
2026-09-06T19:30:20.202+01:00 INFO : 2 points above threshold
2026-09-06T19:30:20.210+01:00 INFO : 88: generating IMRPhenomD from 30.0 Hz
2026-09-06T19:30:20.212+01:00 INFO : Decompressing waveform using inline_linear
2026-09-06T19:30:20.445+01:00 INFO : Filtering template 89/96 segment 1/5
2026-09-06T19:30:20.515+01:00 INFO : 2 points above threshold
2026-09-06T19:30:20.536+01:00 INFO : Filtering template 89/96 segment 2/5
2026-09-06T19:30:20.595+01:00 INFO : 1 points above threshold
2026-09-06T19:30:20.600+01:00 INFO : Filtering template 89/96 segment 3/5
2026-09-06T19:30:20.660+01:00 INFO : 2 points above threshold
2026-09-06T19:30:20.668+01:00 INFO : Filtering template 89/96 segment 4/5
2026-09-06T19:30:20.727+01:00 INFO : Filtering template 89/96 segment 5/5
2026-09-06T19:30:20.787+01:00 INFO : 89: generating IMRPhenomD from 30.0 Hz
2026-09-06T19:30:20.789+01:00 INFO : Decompressing waveform using inline_linear
2026-09-06T19:30:21.026+01:00 INFO : Filtering template 90/96 segment 1/5
2026-09-06T19:30:21.095+01:00 INFO : Filtering template 90/96 segment 2/5
2026-09-06T19:30:21.155+01:00 INFO : 1 points above threshold
2026-09-06T19:30:21.173+01:00 INFO : Filtering template 90/96 segment 3/5
2026-09-06T19:30:21.232+01:00 INFO : 3 points above threshold
2026-09-06T19:30:21.242+01:00 INFO : Filtering template 90/96 segment 4/5
2026-09-06T19:30:21.302+01:00 INFO : Filtering template 90/96 segment 5/5
2026-09-06T19:30:21.361+01:00 INFO : 1 points above threshold
2026-09-06T19:30:21.367+01:00 INFO : 90: generating IMRPhenomD from 30.0 Hz
2026-09-06T19:30:21.370+01:00 INFO : Decompressing waveform using inline_linear
2026-09-06T19:30:21.610+01:00 INFO : Filtering template 91/96 segment 1/5
2026-09-06T19:30:21.680+01:00 INFO : Filtering template 91/96 segment 2/5
2026-09-06T19:30:21.739+01:00 INFO : 2 points above threshold
2026-09-06T19:30:21.759+01:00 INFO : Filtering template 91/96 segment 3/5
2026-09-06T19:30:21.819+01:00 INFO : 3 points above threshold
2026-09-06T19:30:21.829+01:00 INFO : Filtering template 91/96 segment 4/5
2026-09-06T19:30:21.888+01:00 INFO : Filtering template 91/96 segment 5/5
2026-09-06T19:30:21.947+01:00 INFO : 1 points above threshold
2026-09-06T19:30:21.954+01:00 INFO : 91: generating IMRPhenomD from 30.0 Hz
2026-09-06T19:30:21.956+01:00 INFO : Decompressing waveform using inline_linear
2026-09-06T19:30:22.210+01:00 INFO : Filtering template 92/96 segment 1/5
2026-09-06T19:30:22.280+01:00 INFO : 2 points above threshold
2026-09-06T19:30:22.300+01:00 INFO : Filtering template 92/96 segment 2/5
2026-09-06T19:30:22.359+01:00 INFO : 1 points above threshold
2026-09-06T19:30:22.365+01:00 INFO : Filtering template 92/96 segment 3/5
2026-09-06T19:30:22.426+01:00 INFO : 2 points above threshold
2026-09-06T19:30:22.437+01:00 INFO : Filtering template 92/96 segment 4/5
2026-09-06T19:30:22.505+01:00 INFO : 1 points above threshold
2026-09-06T19:30:22.511+01:00 INFO : Filtering template 92/96 segment 5/5
2026-09-06T19:30:22.571+01:00 INFO : 1 points above threshold
2026-09-06T19:30:22.577+01:00 INFO : 92: generating IMRPhenomD from 30.0 Hz
2026-09-06T19:30:22.579+01:00 INFO : Decompressing waveform using inline_linear
2026-09-06T19:30:22.832+01:00 INFO : Filtering template 93/96 segment 1/5
2026-09-06T19:30:22.902+01:00 INFO : Filtering template 93/96 segment 2/5
2026-09-06T19:30:22.961+01:00 INFO : 3 points above threshold
2026-09-06T19:30:22.984+01:00 INFO : Filtering template 93/96 segment 3/5
2026-09-06T19:30:23.043+01:00 INFO : 3 points above threshold
2026-09-06T19:30:23.053+01:00 INFO : Filtering template 93/96 segment 4/5
2026-09-06T19:30:23.112+01:00 INFO : 1 points above threshold
2026-09-06T19:30:23.118+01:00 INFO : Filtering template 93/96 segment 5/5
2026-09-06T19:30:23.177+01:00 INFO : 1 points above threshold
2026-09-06T19:30:23.184+01:00 INFO : 93: generating IMRPhenomD from 30.0 Hz
2026-09-06T19:30:23.186+01:00 INFO : Decompressing waveform using inline_linear
2026-09-06T19:30:23.453+01:00 INFO : Filtering template 94/96 segment 1/5
2026-09-06T19:30:23.523+01:00 INFO : 1 points above threshold
2026-09-06T19:30:23.541+01:00 INFO : Filtering template 94/96 segment 2/5
2026-09-06T19:30:23.600+01:00 INFO : 2 points above threshold
2026-09-06T19:30:23.608+01:00 INFO : Filtering template 94/96 segment 3/5
2026-09-06T19:30:23.668+01:00 INFO : 4 points above threshold
2026-09-06T19:30:23.677+01:00 INFO : Filtering template 94/96 segment 4/5
2026-09-06T19:30:23.736+01:00 INFO : Filtering template 94/96 segment 5/5
2026-09-06T19:30:23.796+01:00 INFO : 2 points above threshold
2026-09-06T19:30:23.804+01:00 INFO : 94: generating IMRPhenomD from 30.0 Hz
2026-09-06T19:30:23.807+01:00 INFO : Decompressing waveform using inline_linear
2026-09-06T19:30:24.074+01:00 INFO : Filtering template 95/96 segment 1/5
2026-09-06T19:30:24.143+01:00 INFO : 3 points above threshold
2026-09-06T19:30:24.166+01:00 INFO : Filtering template 95/96 segment 2/5
2026-09-06T19:30:24.225+01:00 INFO : 2 points above threshold
2026-09-06T19:30:24.233+01:00 INFO : Filtering template 95/96 segment 3/5
2026-09-06T19:30:24.292+01:00 INFO : 2 points above threshold
2026-09-06T19:30:24.300+01:00 INFO : Filtering template 95/96 segment 4/5
2026-09-06T19:30:24.360+01:00 INFO : 1 points above threshold
2026-09-06T19:30:24.366+01:00 INFO : Filtering template 95/96 segment 5/5
2026-09-06T19:30:24.426+01:00 INFO : 95: generating IMRPhenomD from 30.0 Hz
2026-09-06T19:30:24.428+01:00 INFO : Decompressing waveform using inline_linear
2026-09-06T19:30:24.707+01:00 INFO : Filtering template 96/96 segment 1/5
2026-09-06T19:30:24.777+01:00 INFO : 2 points above threshold
2026-09-06T19:30:24.798+01:00 INFO : Filtering template 96/96 segment 2/5
2026-09-06T19:30:24.857+01:00 INFO : Filtering template 96/96 segment 3/5
2026-09-06T19:30:24.918+01:00 INFO : Filtering template 96/96 segment 4/5
2026-09-06T19:30:24.977+01:00 INFO : 1 points above threshold
2026-09-06T19:30:24.983+01:00 INFO : Filtering template 96/96 segment 5/5
2026-09-06T19:30:25.043+01:00 INFO : We currently have 527 triggers
2026-09-06T19:30:25.043+01:00 INFO : Removing triggers with NewSNR below threshold
2026-09-06T19:30:25.043+01:00 INFO : 475 remaining triggers
2026-09-06T19:30:25.043+01:00 INFO : Outputting 475 triggers
2026-09-06T19:30:25.043+01:00 INFO : Writing out triggers
2026-09-06T19:30:25.054+01:00 INFO : Finished
