USDT:2026-09-06 20:20:04 3511963:3511963 SyncActivityProfilerHandler.cpp:52] profiler_start
2026-09-06T20:20:06.978+01:00 INFO : Running with Torch support on device cuda:0
2026-09-06T20:20:06.978+01:00 INFO : Reading Frames
2026-09-06T20:20:13.671+01:00 INFO : Highpass Filtering
2026-09-06T20:20:14.126+01:00 INFO : Resampling data
2026-09-06T20:20:14.137+01:00 INFO : Converting to float32
/home/xangma/pycbc-torch-inspiral-reference-20260906/source-v5/pycbc/types/array.py:872: RuntimeWarning: divide by zero encountered in divide
  return self._data.__rtruediv__(other)
2026-09-06T20:20:19.275+01:00 INFO : Highpass Filtering
2026-09-06T20:20:19.723+01:00 INFO : Remove Padding
2026-09-06T20:20:19.724+01:00 INFO : Making frequency-domain data segments
2026-09-06T20:20:20.170+01:00 INFO : Overwhitening frequency-domain data segments
2026-09-06T20:20:20.171+01:00 INFO : Read in template bank
2026-09-06T20:20:20.181+01:00 INFO : Full template bank size: 96
2026-09-06T20:20:20.181+01:00 INFO : Template bank size after thinning: 96
2026-09-06T20:20:20.181+01:00 INFO : 0: generating IMRPhenomD from 30.0 Hz
2026-09-06T20:20:20.182+01:00 INFO : Decompressing waveform using inline_linear
2026-09-06T20:20:20.371+01:00 INFO : Filtering template 1/96 segment 1/5
2026-09-06T20:20:20.856+01:00 INFO : 1 points above threshold
2026-09-06T20:20:20.876+01:00 INFO : Filtering template 1/96 segment 2/5
2026-09-06T20:20:20.877+01:00 INFO : Filtering template 1/96 segment 3/5
2026-09-06T20:20:20.878+01:00 INFO : 1 points above threshold
2026-09-06T20:20:20.882+01:00 INFO : Filtering template 1/96 segment 4/5
2026-09-06T20:20:20.883+01:00 INFO : Filtering template 1/96 segment 5/5
2026-09-06T20:20:20.884+01:00 INFO : 1 points above threshold
2026-09-06T20:20:20.889+01:00 INFO : 1: generating IMRPhenomD from 30.0 Hz
2026-09-06T20:20:20.890+01:00 INFO : Decompressing waveform using inline_linear
2026-09-06T20:20:20.893+01:00 INFO : Filtering template 2/96 segment 1/5
2026-09-06T20:20:20.895+01:00 INFO : 1 points above threshold
2026-09-06T20:20:20.900+01:00 INFO : Filtering template 2/96 segment 2/5
2026-09-06T20:20:20.900+01:00 INFO : 1 points above threshold
2026-09-06T20:20:20.904+01:00 INFO : Filtering template 2/96 segment 3/5
2026-09-06T20:20:20.905+01:00 INFO : 2 points above threshold
2026-09-06T20:20:20.912+01:00 INFO : Filtering template 2/96 segment 4/5
2026-09-06T20:20:20.913+01:00 INFO : Filtering template 2/96 segment 5/5
2026-09-06T20:20:20.913+01:00 INFO : 1 points above threshold
2026-09-06T20:20:20.918+01:00 INFO : 2: generating IMRPhenomD from 30.0 Hz
2026-09-06T20:20:20.920+01:00 INFO : Decompressing waveform using inline_linear
2026-09-06T20:20:20.923+01:00 INFO : Filtering template 3/96 segment 1/5
2026-09-06T20:20:20.924+01:00 INFO : 3 points above threshold
2026-09-06T20:20:20.930+01:00 INFO : Filtering template 3/96 segment 2/5
2026-09-06T20:20:20.930+01:00 INFO : Filtering template 3/96 segment 3/5
2026-09-06T20:20:20.931+01:00 INFO : 1 points above threshold
2026-09-06T20:20:20.935+01:00 INFO : Filtering template 3/96 segment 4/5
2026-09-06T20:20:20.936+01:00 INFO : 1 points above threshold
2026-09-06T20:20:20.940+01:00 INFO : Filtering template 3/96 segment 5/5
2026-09-06T20:20:20.941+01:00 INFO : 3: generating IMRPhenomD from 30.0 Hz
2026-09-06T20:20:20.943+01:00 INFO : Decompressing waveform using inline_linear
2026-09-06T20:20:20.946+01:00 INFO : Filtering template 4/96 segment 1/5
2026-09-06T20:20:20.947+01:00 INFO : 1 points above threshold
2026-09-06T20:20:20.952+01:00 INFO : Filtering template 4/96 segment 2/5
2026-09-06T20:20:20.953+01:00 INFO : 1 points above threshold
2026-09-06T20:20:20.957+01:00 INFO : Filtering template 4/96 segment 3/5
2026-09-06T20:20:20.958+01:00 INFO : 2 points above threshold
2026-09-06T20:20:20.962+01:00 INFO : Filtering template 4/96 segment 4/5
2026-09-06T20:20:20.962+01:00 INFO : 2 points above threshold
2026-09-06T20:20:20.966+01:00 INFO : Filtering template 4/96 segment 5/5
2026-09-06T20:20:20.967+01:00 INFO : 2 points above threshold
2026-09-06T20:20:20.972+01:00 INFO : 4: generating IMRPhenomD from 30.0 Hz
2026-09-06T20:20:20.974+01:00 INFO : Decompressing waveform using inline_linear
2026-09-06T20:20:20.977+01:00 INFO : Filtering template 5/96 segment 1/5
2026-09-06T20:20:20.978+01:00 INFO : 1 points above threshold
2026-09-06T20:20:20.983+01:00 INFO : Filtering template 5/96 segment 2/5
2026-09-06T20:20:20.984+01:00 INFO : 2 points above threshold
2026-09-06T20:20:20.988+01:00 INFO : Filtering template 5/96 segment 3/5
2026-09-06T20:20:20.989+01:00 INFO : 2 points above threshold
2026-09-06T20:20:20.993+01:00 INFO : Filtering template 5/96 segment 4/5
2026-09-06T20:20:20.993+01:00 INFO : 2 points above threshold
2026-09-06T20:20:20.997+01:00 INFO : Filtering template 5/96 segment 5/5
2026-09-06T20:20:20.999+01:00 INFO : 5: generating IMRPhenomD from 30.0 Hz
2026-09-06T20:20:21.000+01:00 INFO : Decompressing waveform using inline_linear
2026-09-06T20:20:21.003+01:00 INFO : Filtering template 6/96 segment 1/5
2026-09-06T20:20:21.005+01:00 INFO : 1 points above threshold
2026-09-06T20:20:21.010+01:00 INFO : Filtering template 6/96 segment 2/5
2026-09-06T20:20:21.010+01:00 INFO : Filtering template 6/96 segment 3/5
2026-09-06T20:20:21.011+01:00 INFO : Filtering template 6/96 segment 4/5
2026-09-06T20:20:21.012+01:00 INFO : Filtering template 6/96 segment 5/5
2026-09-06T20:20:21.012+01:00 INFO : 1 points above threshold
2026-09-06T20:20:21.017+01:00 INFO : 6: generating IMRPhenomD from 30.0 Hz
2026-09-06T20:20:21.018+01:00 INFO : Decompressing waveform using inline_linear
2026-09-06T20:20:21.021+01:00 INFO : Filtering template 7/96 segment 1/5
2026-09-06T20:20:21.023+01:00 INFO : 2 points above threshold
2026-09-06T20:20:21.028+01:00 INFO : Filtering template 7/96 segment 2/5
2026-09-06T20:20:21.028+01:00 INFO : Filtering template 7/96 segment 3/5
2026-09-06T20:20:21.029+01:00 INFO : Filtering template 7/96 segment 4/5
2026-09-06T20:20:21.030+01:00 INFO : 1 points above threshold
2026-09-06T20:20:21.034+01:00 INFO : Filtering template 7/96 segment 5/5
2026-09-06T20:20:21.035+01:00 INFO : 7: generating IMRPhenomD from 30.0 Hz
2026-09-06T20:20:21.036+01:00 INFO : Decompressing waveform using inline_linear
2026-09-06T20:20:21.039+01:00 INFO : Filtering template 8/96 segment 1/5
2026-09-06T20:20:21.041+01:00 INFO : 2 points above threshold
2026-09-06T20:20:21.046+01:00 INFO : Filtering template 8/96 segment 2/5
2026-09-06T20:20:21.047+01:00 INFO : 1 points above threshold
2026-09-06T20:20:21.053+01:00 INFO : Filtering template 8/96 segment 3/5
2026-09-06T20:20:21.054+01:00 INFO : 4 points above threshold
2026-09-06T20:20:21.058+01:00 INFO : Filtering template 8/96 segment 4/5
2026-09-06T20:20:21.059+01:00 INFO : Filtering template 8/96 segment 5/5
2026-09-06T20:20:21.060+01:00 INFO : 8: generating IMRPhenomD from 30.0 Hz
2026-09-06T20:20:21.062+01:00 INFO : Decompressing waveform using inline_linear
2026-09-06T20:20:21.065+01:00 INFO : Filtering template 9/96 segment 1/5
2026-09-06T20:20:21.066+01:00 INFO : Filtering template 9/96 segment 2/5
2026-09-06T20:20:21.067+01:00 INFO : 1 points above threshold
2026-09-06T20:20:21.072+01:00 INFO : Filtering template 9/96 segment 3/5
2026-09-06T20:20:21.073+01:00 INFO : 2 points above threshold
2026-09-06T20:20:21.077+01:00 INFO : Filtering template 9/96 segment 4/5
2026-09-06T20:20:21.078+01:00 INFO : 1 points above threshold
2026-09-06T20:20:21.082+01:00 INFO : Filtering template 9/96 segment 5/5
2026-09-06T20:20:21.082+01:00 INFO : 3 points above threshold
2026-09-06T20:20:21.087+01:00 INFO : 9: generating IMRPhenomD from 30.0 Hz
2026-09-06T20:20:21.089+01:00 INFO : Decompressing waveform using inline_linear
2026-09-06T20:20:21.092+01:00 INFO : Filtering template 10/96 segment 1/5
2026-09-06T20:20:21.093+01:00 INFO : 1 points above threshold
2026-09-06T20:20:21.098+01:00 INFO : Filtering template 10/96 segment 2/5
2026-09-06T20:20:21.099+01:00 INFO : 1 points above threshold
2026-09-06T20:20:21.103+01:00 INFO : Filtering template 10/96 segment 3/5
2026-09-06T20:20:21.104+01:00 INFO : Filtering template 10/96 segment 4/5
2026-09-06T20:20:21.104+01:00 INFO : 2 points above threshold
2026-09-06T20:20:21.109+01:00 INFO : Filtering template 10/96 segment 5/5
2026-09-06T20:20:21.109+01:00 INFO : 1 points above threshold
2026-09-06T20:20:21.114+01:00 INFO : 10: generating IMRPhenomD from 30.0 Hz
2026-09-06T20:20:21.116+01:00 INFO : Decompressing waveform using inline_linear
2026-09-06T20:20:21.119+01:00 INFO : Filtering template 11/96 segment 1/5
2026-09-06T20:20:21.120+01:00 INFO : 4 points above threshold
2026-09-06T20:20:21.125+01:00 INFO : Filtering template 11/96 segment 2/5
2026-09-06T20:20:21.126+01:00 INFO : 2 points above threshold
2026-09-06T20:20:21.130+01:00 INFO : Filtering template 11/96 segment 3/5
2026-09-06T20:20:21.130+01:00 INFO : 1 points above threshold
2026-09-06T20:20:21.134+01:00 INFO : Filtering template 11/96 segment 4/5
2026-09-06T20:20:21.135+01:00 INFO : Filtering template 11/96 segment 5/5
2026-09-06T20:20:21.136+01:00 INFO : 11: generating IMRPhenomD from 30.0 Hz
2026-09-06T20:20:21.138+01:00 INFO : Decompressing waveform using inline_linear
2026-09-06T20:20:21.141+01:00 INFO : Filtering template 12/96 segment 1/5
2026-09-06T20:20:21.142+01:00 INFO : 1 points above threshold
2026-09-06T20:20:21.147+01:00 INFO : Filtering template 12/96 segment 2/5
2026-09-06T20:20:21.148+01:00 INFO : 1 points above threshold
2026-09-06T20:20:21.152+01:00 INFO : Filtering template 12/96 segment 3/5
2026-09-06T20:20:21.153+01:00 INFO : 1 points above threshold
2026-09-06T20:20:21.157+01:00 INFO : Filtering template 12/96 segment 4/5
2026-09-06T20:20:21.158+01:00 INFO : 3 points above threshold
2026-09-06T20:20:21.162+01:00 INFO : Filtering template 12/96 segment 5/5
2026-09-06T20:20:21.163+01:00 INFO : 12: generating IMRPhenomD from 30.0 Hz
2026-09-06T20:20:21.165+01:00 INFO : Decompressing waveform using inline_linear
2026-09-06T20:20:21.168+01:00 INFO : Filtering template 13/96 segment 1/5
2026-09-06T20:20:21.169+01:00 INFO : Filtering template 13/96 segment 2/5
2026-09-06T20:20:21.170+01:00 INFO : 4 points above threshold
2026-09-06T20:20:21.175+01:00 INFO : Filtering template 13/96 segment 3/5
2026-09-06T20:20:21.176+01:00 INFO : Filtering template 13/96 segment 4/5
2026-09-06T20:20:21.176+01:00 INFO : Filtering template 13/96 segment 5/5
2026-09-06T20:20:21.177+01:00 INFO : 1 points above threshold
2026-09-06T20:20:21.182+01:00 INFO : 13: generating IMRPhenomD from 30.0 Hz
2026-09-06T20:20:21.183+01:00 INFO : Decompressing waveform using inline_linear
2026-09-06T20:20:21.186+01:00 INFO : Filtering template 14/96 segment 1/5
2026-09-06T20:20:21.187+01:00 INFO : 1 points above threshold
2026-09-06T20:20:21.192+01:00 INFO : Filtering template 14/96 segment 2/5
2026-09-06T20:20:21.193+01:00 INFO : 2 points above threshold
2026-09-06T20:20:21.197+01:00 INFO : Filtering template 14/96 segment 3/5
2026-09-06T20:20:21.198+01:00 INFO : 3 points above threshold
2026-09-06T20:20:21.201+01:00 INFO : Filtering template 14/96 segment 4/5
2026-09-06T20:20:21.202+01:00 INFO : 2 points above threshold
2026-09-06T20:20:21.206+01:00 INFO : Filtering template 14/96 segment 5/5
2026-09-06T20:20:21.207+01:00 INFO : 14: generating IMRPhenomD from 30.0 Hz
2026-09-06T20:20:21.209+01:00 INFO : Decompressing waveform using inline_linear
2026-09-06T20:20:21.212+01:00 INFO : Filtering template 15/96 segment 1/5
2026-09-06T20:20:21.213+01:00 INFO : 1 points above threshold
2026-09-06T20:20:21.218+01:00 INFO : Filtering template 15/96 segment 2/5
2026-09-06T20:20:21.219+01:00 INFO : Filtering template 15/96 segment 3/5
2026-09-06T20:20:21.219+01:00 INFO : 1 points above threshold
2026-09-06T20:20:21.224+01:00 INFO : Filtering template 15/96 segment 4/5
2026-09-06T20:20:21.224+01:00 INFO : 1 points above threshold
2026-09-06T20:20:21.228+01:00 INFO : Filtering template 15/96 segment 5/5
2026-09-06T20:20:21.229+01:00 INFO : 3 points above threshold
2026-09-06T20:20:21.234+01:00 INFO : 15: generating IMRPhenomD from 30.0 Hz
2026-09-06T20:20:21.235+01:00 INFO : Decompressing waveform using inline_linear
2026-09-06T20:20:21.239+01:00 INFO : Filtering template 16/96 segment 1/5
2026-09-06T20:20:21.240+01:00 INFO : 1 points above threshold
2026-09-06T20:20:21.245+01:00 INFO : Filtering template 16/96 segment 2/5
2026-09-06T20:20:21.246+01:00 INFO : 2 points above threshold
2026-09-06T20:20:21.250+01:00 INFO : Filtering template 16/96 segment 3/5
2026-09-06T20:20:21.250+01:00 INFO : 3 points above threshold
2026-09-06T20:20:21.254+01:00 INFO : Filtering template 16/96 segment 4/5
2026-09-06T20:20:21.255+01:00 INFO : 2 points above threshold
2026-09-06T20:20:21.258+01:00 INFO : Filtering template 16/96 segment 5/5
2026-09-06T20:20:21.260+01:00 INFO : 16: generating IMRPhenomD from 30.0 Hz
2026-09-06T20:20:21.261+01:00 INFO : Decompressing waveform using inline_linear
2026-09-06T20:20:21.265+01:00 INFO : Filtering template 17/96 segment 1/5
2026-09-06T20:20:21.266+01:00 INFO : 2 points above threshold
2026-09-06T20:20:21.270+01:00 INFO : Filtering template 17/96 segment 2/5
2026-09-06T20:20:21.271+01:00 INFO : 3 points above threshold
2026-09-06T20:20:21.274+01:00 INFO : Filtering template 17/96 segment 3/5
2026-09-06T20:20:21.275+01:00 INFO : Filtering template 17/96 segment 4/5
2026-09-06T20:20:21.276+01:00 INFO : 2 points above threshold
2026-09-06T20:20:21.279+01:00 INFO : Filtering template 17/96 segment 5/5
2026-09-06T20:20:21.280+01:00 INFO : 3 points above threshold
2026-09-06T20:20:21.284+01:00 INFO : 17: generating IMRPhenomD from 30.0 Hz
2026-09-06T20:20:21.285+01:00 INFO : Decompressing waveform using inline_linear
2026-09-06T20:20:21.289+01:00 INFO : Filtering template 18/96 segment 1/5
2026-09-06T20:20:21.290+01:00 INFO : Filtering template 18/96 segment 2/5
2026-09-06T20:20:21.290+01:00 INFO : Filtering template 18/96 segment 3/5
2026-09-06T20:20:21.291+01:00 INFO : 1 points above threshold
2026-09-06T20:20:21.296+01:00 INFO : Filtering template 18/96 segment 4/5
2026-09-06T20:20:21.297+01:00 INFO : Filtering template 18/96 segment 5/5
2026-09-06T20:20:21.298+01:00 INFO : 2 points above threshold
2026-09-06T20:20:21.302+01:00 INFO : 18: generating IMRPhenomD from 30.0 Hz
2026-09-06T20:20:21.303+01:00 INFO : Decompressing waveform using inline_linear
2026-09-06T20:20:21.306+01:00 INFO : Filtering template 19/96 segment 1/5
2026-09-06T20:20:21.308+01:00 INFO : 3 points above threshold
2026-09-06T20:20:21.312+01:00 INFO : Filtering template 19/96 segment 2/5
2026-09-06T20:20:21.313+01:00 INFO : 1 points above threshold
2026-09-06T20:20:21.317+01:00 INFO : Filtering template 19/96 segment 3/5
2026-09-06T20:20:21.318+01:00 INFO : 1 points above threshold
2026-09-06T20:20:21.322+01:00 INFO : Filtering template 19/96 segment 4/5
2026-09-06T20:20:21.322+01:00 INFO : 3 points above threshold
2026-09-06T20:20:21.326+01:00 INFO : Filtering template 19/96 segment 5/5
2026-09-06T20:20:21.327+01:00 INFO : 1 points above threshold
2026-09-06T20:20:21.332+01:00 INFO : 19: generating IMRPhenomD from 30.0 Hz
2026-09-06T20:20:21.333+01:00 INFO : Decompressing waveform using inline_linear
2026-09-06T20:20:21.336+01:00 INFO : Filtering template 20/96 segment 1/5
2026-09-06T20:20:21.337+01:00 INFO : 1 points above threshold
2026-09-06T20:20:21.342+01:00 INFO : Filtering template 20/96 segment 2/5
2026-09-06T20:20:21.343+01:00 INFO : 3 points above threshold
2026-09-06T20:20:21.347+01:00 INFO : Filtering template 20/96 segment 3/5
2026-09-06T20:20:21.348+01:00 INFO : Filtering template 20/96 segment 4/5
2026-09-06T20:20:21.348+01:00 INFO : 2 points above threshold
2026-09-06T20:20:21.352+01:00 INFO : Filtering template 20/96 segment 5/5
2026-09-06T20:20:21.354+01:00 INFO : 20: generating IMRPhenomD from 30.0 Hz
2026-09-06T20:20:21.355+01:00 INFO : Decompressing waveform using inline_linear
2026-09-06T20:20:21.358+01:00 INFO : Filtering template 21/96 segment 1/5
2026-09-06T20:20:21.359+01:00 INFO : 1 points above threshold
2026-09-06T20:20:21.364+01:00 INFO : Filtering template 21/96 segment 2/5
2026-09-06T20:20:21.365+01:00 INFO : 1 points above threshold
2026-09-06T20:20:21.369+01:00 INFO : Filtering template 21/96 segment 3/5
2026-09-06T20:20:21.370+01:00 INFO : 1 points above threshold
2026-09-06T20:20:21.374+01:00 INFO : Filtering template 21/96 segment 4/5
2026-09-06T20:20:21.375+01:00 INFO : Filtering template 21/96 segment 5/5
2026-09-06T20:20:21.376+01:00 INFO : 21: generating IMRPhenomD from 30.0 Hz
2026-09-06T20:20:21.377+01:00 INFO : Decompressing waveform using inline_linear
2026-09-06T20:20:21.380+01:00 INFO : Filtering template 22/96 segment 1/5
2026-09-06T20:20:21.382+01:00 INFO : 5 points above threshold
2026-09-06T20:20:21.387+01:00 INFO : Filtering template 22/96 segment 2/5
2026-09-06T20:20:21.387+01:00 INFO : Filtering template 22/96 segment 3/5
2026-09-06T20:20:21.388+01:00 INFO : Filtering template 22/96 segment 4/5
2026-09-06T20:20:21.389+01:00 INFO : 1 points above threshold
2026-09-06T20:20:21.393+01:00 INFO : Filtering template 22/96 segment 5/5
2026-09-06T20:20:21.393+01:00 INFO : 1 points above threshold
2026-09-06T20:20:21.398+01:00 INFO : 22: generating IMRPhenomD from 30.0 Hz
2026-09-06T20:20:21.400+01:00 INFO : Decompressing waveform using inline_linear
2026-09-06T20:20:21.403+01:00 INFO : Filtering template 23/96 segment 1/5
2026-09-06T20:20:21.404+01:00 INFO : 2 points above threshold
2026-09-06T20:20:21.409+01:00 INFO : Filtering template 23/96 segment 2/5
2026-09-06T20:20:21.409+01:00 INFO : 1 points above threshold
2026-09-06T20:20:21.413+01:00 INFO : Filtering template 23/96 segment 3/5
2026-09-06T20:20:21.414+01:00 INFO : 1 points above threshold
2026-09-06T20:20:21.418+01:00 INFO : Filtering template 23/96 segment 4/5
2026-09-06T20:20:21.419+01:00 INFO : Filtering template 23/96 segment 5/5
2026-09-06T20:20:21.420+01:00 INFO : 23: generating IMRPhenomD from 30.0 Hz
2026-09-06T20:20:21.422+01:00 INFO : Decompressing waveform using inline_linear
2026-09-06T20:20:21.425+01:00 INFO : Filtering template 24/96 segment 1/5
2026-09-06T20:20:21.426+01:00 INFO : 1 points above threshold
2026-09-06T20:20:21.438+01:00 INFO : Filtering template 24/96 segment 2/5
2026-09-06T20:20:21.439+01:00 INFO : 2 points above threshold
2026-09-06T20:20:21.443+01:00 INFO : Filtering template 24/96 segment 3/5
2026-09-06T20:20:21.444+01:00 INFO : 1 points above threshold
2026-09-06T20:20:21.448+01:00 INFO : Filtering template 24/96 segment 4/5
2026-09-06T20:20:21.449+01:00 INFO : Filtering template 24/96 segment 5/5
2026-09-06T20:20:21.450+01:00 INFO : 2 points above threshold
2026-09-06T20:20:21.455+01:00 INFO : 24: generating IMRPhenomD from 30.0 Hz
2026-09-06T20:20:21.456+01:00 INFO : Decompressing waveform using inline_linear
2026-09-06T20:20:21.459+01:00 INFO : Filtering template 25/96 segment 1/5
2026-09-06T20:20:21.461+01:00 INFO : 2 points above threshold
2026-09-06T20:20:21.465+01:00 INFO : Filtering template 25/96 segment 2/5
2026-09-06T20:20:21.466+01:00 INFO : Filtering template 25/96 segment 3/5
2026-09-06T20:20:21.467+01:00 INFO : Filtering template 25/96 segment 4/5
2026-09-06T20:20:21.467+01:00 INFO : Filtering template 25/96 segment 5/5
2026-09-06T20:20:21.468+01:00 INFO : 25: generating IMRPhenomD from 30.0 Hz
2026-09-06T20:20:21.470+01:00 INFO : Decompressing waveform using inline_linear
2026-09-06T20:20:21.473+01:00 INFO : Filtering template 26/96 segment 1/5
2026-09-06T20:20:21.474+01:00 INFO : Filtering template 26/96 segment 2/5
2026-09-06T20:20:21.475+01:00 INFO : 2 points above threshold
2026-09-06T20:20:21.480+01:00 INFO : Filtering template 26/96 segment 3/5
2026-09-06T20:20:21.480+01:00 INFO : Filtering template 26/96 segment 4/5
2026-09-06T20:20:21.481+01:00 INFO : 2 points above threshold
2026-09-06T20:20:21.485+01:00 INFO : Filtering template 26/96 segment 5/5
2026-09-06T20:20:21.485+01:00 INFO : 2 points above threshold
2026-09-06T20:20:21.490+01:00 INFO : 26: generating IMRPhenomD from 30.0 Hz
2026-09-06T20:20:21.491+01:00 INFO : Decompressing waveform using inline_linear
2026-09-06T20:20:21.494+01:00 INFO : Filtering template 27/96 segment 1/5
2026-09-06T20:20:21.496+01:00 INFO : 3 points above threshold
2026-09-06T20:20:21.500+01:00 INFO : Filtering template 27/96 segment 2/5
2026-09-06T20:20:21.501+01:00 INFO : Filtering template 27/96 segment 3/5
2026-09-06T20:20:21.502+01:00 INFO : 1 points above threshold
2026-09-06T20:20:21.506+01:00 INFO : Filtering template 27/96 segment 4/5
2026-09-06T20:20:21.506+01:00 INFO : Filtering template 27/96 segment 5/5
2026-09-06T20:20:21.508+01:00 INFO : 27: generating IMRPhenomD from 30.0 Hz
2026-09-06T20:20:21.509+01:00 INFO : Decompressing waveform using inline_linear
2026-09-06T20:20:21.512+01:00 INFO : Filtering template 28/96 segment 1/5
2026-09-06T20:20:21.513+01:00 INFO : 3 points above threshold
2026-09-06T20:20:21.519+01:00 INFO : Filtering template 28/96 segment 2/5
2026-09-06T20:20:21.519+01:00 INFO : 1 points above threshold
2026-09-06T20:20:21.523+01:00 INFO : Filtering template 28/96 segment 3/5
2026-09-06T20:20:21.524+01:00 INFO : 2 points above threshold
2026-09-06T20:20:21.528+01:00 INFO : Filtering template 28/96 segment 4/5
2026-09-06T20:20:21.529+01:00 INFO : 1 points above threshold
2026-09-06T20:20:21.533+01:00 INFO : Filtering template 28/96 segment 5/5
2026-09-06T20:20:21.534+01:00 INFO : 28: generating IMRPhenomD from 30.0 Hz
2026-09-06T20:20:21.536+01:00 INFO : Decompressing waveform using inline_linear
2026-09-06T20:20:21.539+01:00 INFO : Filtering template 29/96 segment 1/5
2026-09-06T20:20:21.540+01:00 INFO : 2 points above threshold
2026-09-06T20:20:21.545+01:00 INFO : Filtering template 29/96 segment 2/5
2026-09-06T20:20:21.546+01:00 INFO : 2 points above threshold
2026-09-06T20:20:21.550+01:00 INFO : Filtering template 29/96 segment 3/5
2026-09-06T20:20:21.551+01:00 INFO : 1 points above threshold
2026-09-06T20:20:21.555+01:00 INFO : Filtering template 29/96 segment 4/5
2026-09-06T20:20:21.556+01:00 INFO : 2 points above threshold
2026-09-06T20:20:21.560+01:00 INFO : Filtering template 29/96 segment 5/5
2026-09-06T20:20:21.561+01:00 INFO : 2 points above threshold
2026-09-06T20:20:21.566+01:00 INFO : 29: generating IMRPhenomD from 30.0 Hz
2026-09-06T20:20:21.567+01:00 INFO : Decompressing waveform using inline_linear
2026-09-06T20:20:21.570+01:00 INFO : Filtering template 30/96 segment 1/5
2026-09-06T20:20:21.572+01:00 INFO : 1 points above threshold
2026-09-06T20:20:21.577+01:00 INFO : Filtering template 30/96 segment 2/5
2026-09-06T20:20:21.577+01:00 INFO : 1 points above threshold
2026-09-06T20:20:21.581+01:00 INFO : Filtering template 30/96 segment 3/5
2026-09-06T20:20:21.582+01:00 INFO : 1 points above threshold
2026-09-06T20:20:21.586+01:00 INFO : Filtering template 30/96 segment 4/5
2026-09-06T20:20:21.587+01:00 INFO : Filtering template 30/96 segment 5/5
2026-09-06T20:20:21.588+01:00 INFO : 30: generating IMRPhenomD from 30.0 Hz
2026-09-06T20:20:21.589+01:00 INFO : Decompressing waveform using inline_linear
2026-09-06T20:20:21.593+01:00 INFO : Filtering template 31/96 segment 1/5
2026-09-06T20:20:21.594+01:00 INFO : Filtering template 31/96 segment 2/5
2026-09-06T20:20:21.595+01:00 INFO : 1 points above threshold
2026-09-06T20:20:21.600+01:00 INFO : Filtering template 31/96 segment 3/5
2026-09-06T20:20:21.600+01:00 INFO : Filtering template 31/96 segment 4/5
2026-09-06T20:20:21.601+01:00 INFO : 1 points above threshold
2026-09-06T20:20:21.605+01:00 INFO : Filtering template 31/96 segment 5/5
2026-09-06T20:20:21.606+01:00 INFO : 1 points above threshold
2026-09-06T20:20:21.610+01:00 INFO : 31: generating IMRPhenomD from 30.0 Hz
2026-09-06T20:20:21.612+01:00 INFO : Decompressing waveform using inline_linear
2026-09-06T20:20:21.615+01:00 INFO : Filtering template 32/96 segment 1/5
2026-09-06T20:20:21.616+01:00 INFO : Filtering template 32/96 segment 2/5
2026-09-06T20:20:21.617+01:00 INFO : Filtering template 32/96 segment 3/5
2026-09-06T20:20:21.617+01:00 INFO : Filtering template 32/96 segment 4/5
2026-09-06T20:20:21.618+01:00 INFO : 3 points above threshold
2026-09-06T20:20:21.623+01:00 INFO : Filtering template 32/96 segment 5/5
2026-09-06T20:20:21.624+01:00 INFO : 2 points above threshold
2026-09-06T20:20:21.628+01:00 INFO : 32: generating IMRPhenomD from 30.0 Hz
2026-09-06T20:20:21.629+01:00 INFO : Decompressing waveform using inline_linear
2026-09-06T20:20:21.632+01:00 INFO : Filtering template 33/96 segment 1/5
2026-09-06T20:20:21.634+01:00 INFO : 2 points above threshold
2026-09-06T20:20:21.639+01:00 INFO : Filtering template 33/96 segment 2/5
2026-09-06T20:20:21.640+01:00 INFO : Filtering template 33/96 segment 3/5
2026-09-06T20:20:21.640+01:00 INFO : Filtering template 33/96 segment 4/5
2026-09-06T20:20:21.641+01:00 INFO : 1 points above threshold
2026-09-06T20:20:21.645+01:00 INFO : Filtering template 33/96 segment 5/5
2026-09-06T20:20:21.646+01:00 INFO : 33: generating IMRPhenomD from 30.0 Hz
2026-09-06T20:20:21.648+01:00 INFO : Decompressing waveform using inline_linear
2026-09-06T20:20:21.651+01:00 INFO : Filtering template 34/96 segment 1/5
2026-09-06T20:20:21.652+01:00 INFO : Filtering template 34/96 segment 2/5
2026-09-06T20:20:21.653+01:00 INFO : 1 points above threshold
2026-09-06T20:20:21.658+01:00 INFO : Filtering template 34/96 segment 3/5
2026-09-06T20:20:21.659+01:00 INFO : 1 points above threshold
2026-09-06T20:20:21.663+01:00 INFO : Filtering template 34/96 segment 4/5
2026-09-06T20:20:21.663+01:00 INFO : Filtering template 34/96 segment 5/5
2026-09-06T20:20:21.664+01:00 INFO : 1 points above threshold
2026-09-06T20:20:21.669+01:00 INFO : 34: generating IMRPhenomD from 30.0 Hz
2026-09-06T20:20:21.670+01:00 INFO : Decompressing waveform using inline_linear
2026-09-06T20:20:21.673+01:00 INFO : Filtering template 35/96 segment 1/5
2026-09-06T20:20:21.675+01:00 INFO : 1 points above threshold
2026-09-06T20:20:21.680+01:00 INFO : Filtering template 35/96 segment 2/5
2026-09-06T20:20:21.680+01:00 INFO : 1 points above threshold
2026-09-06T20:20:21.684+01:00 INFO : Filtering template 35/96 segment 3/5
2026-09-06T20:20:21.685+01:00 INFO : 1 points above threshold
2026-09-06T20:20:21.689+01:00 INFO : Filtering template 35/96 segment 4/5
2026-09-06T20:20:21.690+01:00 INFO : Filtering template 35/96 segment 5/5
2026-09-06T20:20:21.691+01:00 INFO : 35: generating IMRPhenomD from 30.0 Hz
2026-09-06T20:20:21.692+01:00 INFO : Decompressing waveform using inline_linear
2026-09-06T20:20:21.695+01:00 INFO : Filtering template 36/96 segment 1/5
2026-09-06T20:20:21.697+01:00 INFO : 3 points above threshold
2026-09-06T20:20:21.701+01:00 INFO : Filtering template 36/96 segment 2/5
2026-09-06T20:20:21.702+01:00 INFO : 1 points above threshold
2026-09-06T20:20:21.707+01:00 INFO : Filtering template 36/96 segment 3/5
2026-09-06T20:20:21.707+01:00 INFO : 2 points above threshold
2026-09-06T20:20:21.711+01:00 INFO : Filtering template 36/96 segment 4/5
2026-09-06T20:20:21.711+01:00 INFO : Filtering template 36/96 segment 5/5
2026-09-06T20:20:21.712+01:00 INFO : 1 points above threshold
2026-09-06T20:20:21.717+01:00 INFO : 36: generating IMRPhenomD from 30.0 Hz
2026-09-06T20:20:21.718+01:00 INFO : Decompressing waveform using inline_linear
2026-09-06T20:20:21.722+01:00 INFO : Filtering template 37/96 segment 1/5
2026-09-06T20:20:21.723+01:00 INFO : 2 points above threshold
2026-09-06T20:20:21.728+01:00 INFO : Filtering template 37/96 segment 2/5
2026-09-06T20:20:21.729+01:00 INFO : 3 points above threshold
2026-09-06T20:20:21.733+01:00 INFO : Filtering template 37/96 segment 3/5
2026-09-06T20:20:21.734+01:00 INFO : 1 points above threshold
2026-09-06T20:20:21.738+01:00 INFO : Filtering template 37/96 segment 4/5
2026-09-06T20:20:21.738+01:00 INFO : 3 points above threshold
2026-09-06T20:20:21.743+01:00 INFO : Filtering template 37/96 segment 5/5
2026-09-06T20:20:21.744+01:00 INFO : 37: generating IMRPhenomD from 30.0 Hz
2026-09-06T20:20:21.746+01:00 INFO : Decompressing waveform using inline_linear
2026-09-06T20:20:21.749+01:00 INFO : Filtering template 38/96 segment 1/5
2026-09-06T20:20:21.750+01:00 INFO : Filtering template 38/96 segment 2/5
2026-09-06T20:20:21.751+01:00 INFO : Filtering template 38/96 segment 3/5
2026-09-06T20:20:21.751+01:00 INFO : 1 points above threshold
2026-09-06T20:20:21.756+01:00 INFO : Filtering template 38/96 segment 4/5
2026-09-06T20:20:21.757+01:00 INFO : 1 points above threshold
2026-09-06T20:20:21.761+01:00 INFO : Filtering template 38/96 segment 5/5
2026-09-06T20:20:21.762+01:00 INFO : 1 points above threshold
2026-09-06T20:20:21.767+01:00 INFO : 38: generating IMRPhenomD from 30.0 Hz
2026-09-06T20:20:21.768+01:00 INFO : Decompressing waveform using inline_linear
2026-09-06T20:20:21.771+01:00 INFO : Filtering template 39/96 segment 1/5
2026-09-06T20:20:21.772+01:00 INFO : Filtering template 39/96 segment 2/5
2026-09-06T20:20:21.773+01:00 INFO : 2 points above threshold
2026-09-06T20:20:21.778+01:00 INFO : Filtering template 39/96 segment 3/5
2026-09-06T20:20:21.779+01:00 INFO : Filtering template 39/96 segment 4/5
2026-09-06T20:20:21.780+01:00 INFO : 2 points above threshold
2026-09-06T20:20:21.784+01:00 INFO : Filtering template 39/96 segment 5/5
2026-09-06T20:20:21.785+01:00 INFO : 39: generating IMRPhenomD from 30.0 Hz
2026-09-06T20:20:21.786+01:00 INFO : Decompressing waveform using inline_linear
2026-09-06T20:20:21.789+01:00 INFO : Filtering template 40/96 segment 1/5
2026-09-06T20:20:21.791+01:00 INFO : Filtering template 40/96 segment 2/5
2026-09-06T20:20:21.791+01:00 INFO : Filtering template 40/96 segment 3/5
2026-09-06T20:20:21.792+01:00 INFO : Filtering template 40/96 segment 4/5
2026-09-06T20:20:21.793+01:00 INFO : 2 points above threshold
2026-09-06T20:20:21.798+01:00 INFO : Filtering template 40/96 segment 5/5
2026-09-06T20:20:21.799+01:00 INFO : 40: generating IMRPhenomD from 30.0 Hz
2026-09-06T20:20:21.800+01:00 INFO : Decompressing waveform using inline_linear
2026-09-06T20:20:21.803+01:00 INFO : Filtering template 41/96 segment 1/5
2026-09-06T20:20:21.805+01:00 INFO : Filtering template 41/96 segment 2/5
2026-09-06T20:20:21.805+01:00 INFO : Filtering template 41/96 segment 3/5
2026-09-06T20:20:21.806+01:00 INFO : 2 points above threshold
2026-09-06T20:20:21.811+01:00 INFO : Filtering template 41/96 segment 4/5
2026-09-06T20:20:21.812+01:00 INFO : 2 points above threshold
2026-09-06T20:20:21.816+01:00 INFO : Filtering template 41/96 segment 5/5
2026-09-06T20:20:21.817+01:00 INFO : 41: generating IMRPhenomD from 30.0 Hz
2026-09-06T20:20:21.818+01:00 INFO : Decompressing waveform using inline_linear
2026-09-06T20:20:21.822+01:00 INFO : Filtering template 42/96 segment 1/5
2026-09-06T20:20:21.823+01:00 INFO : Filtering template 42/96 segment 2/5
2026-09-06T20:20:21.824+01:00 INFO : 1 points above threshold
2026-09-06T20:20:21.829+01:00 INFO : Filtering template 42/96 segment 3/5
2026-09-06T20:20:21.829+01:00 INFO : Filtering template 42/96 segment 4/5
2026-09-06T20:20:21.830+01:00 INFO : 1 points above threshold
2026-09-06T20:20:21.834+01:00 INFO : Filtering template 42/96 segment 5/5
2026-09-06T20:20:21.835+01:00 INFO : 1 points above threshold
2026-09-06T20:20:21.839+01:00 INFO : 42: generating IMRPhenomD from 30.0 Hz
2026-09-06T20:20:21.841+01:00 INFO : Decompressing waveform using inline_linear
2026-09-06T20:20:21.844+01:00 INFO : Filtering template 43/96 segment 1/5
2026-09-06T20:20:21.845+01:00 INFO : 1 points above threshold
2026-09-06T20:20:21.850+01:00 INFO : Filtering template 43/96 segment 2/5
2026-09-06T20:20:21.851+01:00 INFO : 2 points above threshold
2026-09-06T20:20:21.855+01:00 INFO : Filtering template 43/96 segment 3/5
2026-09-06T20:20:21.856+01:00 INFO : 1 points above threshold
2026-09-06T20:20:21.860+01:00 INFO : Filtering template 43/96 segment 4/5
2026-09-06T20:20:21.860+01:00 INFO : Filtering template 43/96 segment 5/5
2026-09-06T20:20:21.862+01:00 INFO : 43: generating IMRPhenomD from 30.0 Hz
2026-09-06T20:20:21.863+01:00 INFO : Decompressing waveform using inline_linear
2026-09-06T20:20:21.866+01:00 INFO : Filtering template 44/96 segment 1/5
2026-09-06T20:20:21.867+01:00 INFO : 1 points above threshold
2026-09-06T20:20:21.873+01:00 INFO : Filtering template 44/96 segment 2/5
2026-09-06T20:20:21.873+01:00 INFO : Filtering template 44/96 segment 3/5
2026-09-06T20:20:21.874+01:00 INFO : Filtering template 44/96 segment 4/5
2026-09-06T20:20:21.875+01:00 INFO : 1 points above threshold
2026-09-06T20:20:21.879+01:00 INFO : Filtering template 44/96 segment 5/5
2026-09-06T20:20:21.881+01:00 INFO : 44: generating IMRPhenomD from 30.0 Hz
2026-09-06T20:20:21.882+01:00 INFO : Decompressing waveform using inline_linear
2026-09-06T20:20:21.885+01:00 INFO : Filtering template 45/96 segment 1/5
2026-09-06T20:20:21.887+01:00 INFO : 2 points above threshold
2026-09-06T20:20:21.891+01:00 INFO : Filtering template 45/96 segment 2/5
2026-09-06T20:20:21.892+01:00 INFO : 1 points above threshold
2026-09-06T20:20:21.896+01:00 INFO : Filtering template 45/96 segment 3/5
2026-09-06T20:20:21.897+01:00 INFO : 1 points above threshold
2026-09-06T20:20:21.901+01:00 INFO : Filtering template 45/96 segment 4/5
2026-09-06T20:20:21.902+01:00 INFO : Filtering template 45/96 segment 5/5
2026-09-06T20:20:21.903+01:00 INFO : 45: generating IMRPhenomD from 30.0 Hz
2026-09-06T20:20:21.904+01:00 INFO : Decompressing waveform using inline_linear
2026-09-06T20:20:21.908+01:00 INFO : Filtering template 46/96 segment 1/5
2026-09-06T20:20:21.909+01:00 INFO : Filtering template 46/96 segment 2/5
2026-09-06T20:20:21.910+01:00 INFO : Filtering template 46/96 segment 3/5
2026-09-06T20:20:21.910+01:00 INFO : 1 points above threshold
2026-09-06T20:20:21.915+01:00 INFO : Filtering template 46/96 segment 4/5
2026-09-06T20:20:21.916+01:00 INFO : 3 points above threshold
2026-09-06T20:20:21.920+01:00 INFO : Filtering template 46/96 segment 5/5
2026-09-06T20:20:21.921+01:00 INFO : 1 points above threshold
2026-09-06T20:20:21.926+01:00 INFO : 46: generating IMRPhenomD from 30.0 Hz
2026-09-06T20:20:21.927+01:00 INFO : Decompressing waveform using inline_linear
2026-09-06T20:20:21.930+01:00 INFO : Filtering template 47/96 segment 1/5
2026-09-06T20:20:21.931+01:00 INFO : 3 points above threshold
2026-09-06T20:20:21.937+01:00 INFO : Filtering template 47/96 segment 2/5
2026-09-06T20:20:21.937+01:00 INFO : Filtering template 47/96 segment 3/5
2026-09-06T20:20:21.938+01:00 INFO : 2 points above threshold
2026-09-06T20:20:21.942+01:00 INFO : Filtering template 47/96 segment 4/5
2026-09-06T20:20:21.943+01:00 INFO : 1 points above threshold
2026-09-06T20:20:21.947+01:00 INFO : Filtering template 47/96 segment 5/5
2026-09-06T20:20:21.947+01:00 INFO : 1 points above threshold
2026-09-06T20:20:21.952+01:00 INFO : 47: generating IMRPhenomD from 30.0 Hz
2026-09-06T20:20:21.954+01:00 INFO : Decompressing waveform using inline_linear
2026-09-06T20:20:21.957+01:00 INFO : Filtering template 48/96 segment 1/5
2026-09-06T20:20:21.958+01:00 INFO : 3 points above threshold
2026-09-06T20:20:21.964+01:00 INFO : Filtering template 48/96 segment 2/5
2026-09-06T20:20:21.964+01:00 INFO : 1 points above threshold
2026-09-06T20:20:21.968+01:00 INFO : Filtering template 48/96 segment 3/5
2026-09-06T20:20:21.969+01:00 INFO : 1 points above threshold
2026-09-06T20:20:21.973+01:00 INFO : Filtering template 48/96 segment 4/5
2026-09-06T20:20:21.974+01:00 INFO : 2 points above threshold
2026-09-06T20:20:21.978+01:00 INFO : Filtering template 48/96 segment 5/5
2026-09-06T20:20:21.979+01:00 INFO : 1 points above threshold
2026-09-06T20:20:21.984+01:00 INFO : 48: generating IMRPhenomD from 30.0 Hz
2026-09-06T20:20:21.985+01:00 INFO : Decompressing waveform using inline_linear
2026-09-06T20:20:21.988+01:00 INFO : Filtering template 49/96 segment 1/5
2026-09-06T20:20:21.990+01:00 INFO : 1 points above threshold
2026-09-06T20:20:21.995+01:00 INFO : Filtering template 49/96 segment 2/5
2026-09-06T20:20:21.995+01:00 INFO : 1 points above threshold
2026-09-06T20:20:21.999+01:00 INFO : Filtering template 49/96 segment 3/5
2026-09-06T20:20:22.000+01:00 INFO : 2 points above threshold
2026-09-06T20:20:22.004+01:00 INFO : Filtering template 49/96 segment 4/5
2026-09-06T20:20:22.005+01:00 INFO : Filtering template 49/96 segment 5/5
2026-09-06T20:20:22.014+01:00 INFO : 49: generating IMRPhenomD from 30.0 Hz
2026-09-06T20:20:22.015+01:00 INFO : Decompressing waveform using inline_linear
2026-09-06T20:20:22.019+01:00 INFO : Filtering template 50/96 segment 1/5
2026-09-06T20:20:22.021+01:00 INFO : Filtering template 50/96 segment 2/5
2026-09-06T20:20:22.022+01:00 INFO : 2 points above threshold
2026-09-06T20:20:22.027+01:00 INFO : Filtering template 50/96 segment 3/5
2026-09-06T20:20:22.028+01:00 INFO : 4 points above threshold
2026-09-06T20:20:22.032+01:00 INFO : Filtering template 50/96 segment 4/5
2026-09-06T20:20:22.032+01:00 INFO : 2 points above threshold
2026-09-06T20:20:22.036+01:00 INFO : Filtering template 50/96 segment 5/5
2026-09-06T20:20:22.038+01:00 INFO : 50: generating IMRPhenomD from 30.0 Hz
2026-09-06T20:20:22.039+01:00 INFO : Decompressing waveform using inline_linear
2026-09-06T20:20:22.042+01:00 INFO : Filtering template 51/96 segment 1/5
2026-09-06T20:20:22.044+01:00 INFO : 1 points above threshold
2026-09-06T20:20:22.049+01:00 INFO : Filtering template 51/96 segment 2/5
2026-09-06T20:20:22.049+01:00 INFO : 1 points above threshold
2026-09-06T20:20:22.053+01:00 INFO : Filtering template 51/96 segment 3/5
2026-09-06T20:20:22.054+01:00 INFO : Filtering template 51/96 segment 4/5
2026-09-06T20:20:22.055+01:00 INFO : 1 points above threshold
2026-09-06T20:20:22.059+01:00 INFO : Filtering template 51/96 segment 5/5
2026-09-06T20:20:22.060+01:00 INFO : 2 points above threshold
2026-09-06T20:20:22.065+01:00 INFO : 51: generating IMRPhenomD from 30.0 Hz
2026-09-06T20:20:22.066+01:00 INFO : Decompressing waveform using inline_linear
2026-09-06T20:20:22.069+01:00 INFO : Filtering template 52/96 segment 1/5
2026-09-06T20:20:22.071+01:00 INFO : 1 points above threshold
2026-09-06T20:20:22.076+01:00 INFO : Filtering template 52/96 segment 2/5
2026-09-06T20:20:22.076+01:00 INFO : 1 points above threshold
2026-09-06T20:20:22.080+01:00 INFO : Filtering template 52/96 segment 3/5
2026-09-06T20:20:22.081+01:00 INFO : Filtering template 52/96 segment 4/5
2026-09-06T20:20:22.082+01:00 INFO : 3 points above threshold
2026-09-06T20:20:22.086+01:00 INFO : Filtering template 52/96 segment 5/5
2026-09-06T20:20:22.087+01:00 INFO : 1 points above threshold
2026-09-06T20:20:22.092+01:00 INFO : 52: generating IMRPhenomD from 30.0 Hz
2026-09-06T20:20:22.093+01:00 INFO : Decompressing waveform using inline_linear
2026-09-06T20:20:22.096+01:00 INFO : Filtering template 53/96 segment 1/5
2026-09-06T20:20:22.098+01:00 INFO : 3 points above threshold
2026-09-06T20:20:22.103+01:00 INFO : Filtering template 53/96 segment 2/5
2026-09-06T20:20:22.104+01:00 INFO : 2 points above threshold
2026-09-06T20:20:22.108+01:00 INFO : Filtering template 53/96 segment 3/5
2026-09-06T20:20:22.108+01:00 INFO : 2 points above threshold
2026-09-06T20:20:22.113+01:00 INFO : Filtering template 53/96 segment 4/5
2026-09-06T20:20:22.113+01:00 INFO : 1 points above threshold
2026-09-06T20:20:22.117+01:00 INFO : Filtering template 53/96 segment 5/5
2026-09-06T20:20:22.118+01:00 INFO : 1 points above threshold
2026-09-06T20:20:22.123+01:00 INFO : 53: generating IMRPhenomD from 30.0 Hz
2026-09-06T20:20:22.125+01:00 INFO : Decompressing waveform using inline_linear
2026-09-06T20:20:22.128+01:00 INFO : Filtering template 54/96 segment 1/5
2026-09-06T20:20:22.129+01:00 INFO : Filtering template 54/96 segment 2/5
2026-09-06T20:20:22.130+01:00 INFO : Filtering template 54/96 segment 3/5
2026-09-06T20:20:22.130+01:00 INFO : 2 points above threshold
2026-09-06T20:20:22.135+01:00 INFO : Filtering template 54/96 segment 4/5
2026-09-06T20:20:22.135+01:00 INFO : 5 points above threshold
2026-09-06T20:20:22.138+01:00 INFO : Filtering template 54/96 segment 5/5
2026-09-06T20:20:22.140+01:00 INFO : 54: generating IMRPhenomD from 30.0 Hz
2026-09-06T20:20:22.141+01:00 INFO : Decompressing waveform using inline_linear
2026-09-06T20:20:22.144+01:00 INFO : Filtering template 55/96 segment 1/5
2026-09-06T20:20:22.145+01:00 INFO : Filtering template 55/96 segment 2/5
2026-09-06T20:20:22.146+01:00 INFO : 1 points above threshold
2026-09-06T20:20:22.151+01:00 INFO : Filtering template 55/96 segment 3/5
2026-09-06T20:20:22.152+01:00 INFO : 3 points above threshold
2026-09-06T20:20:22.156+01:00 INFO : Filtering template 55/96 segment 4/5
2026-09-06T20:20:22.156+01:00 INFO : 1 points above threshold
2026-09-06T20:20:22.161+01:00 INFO : Filtering template 55/96 segment 5/5
2026-09-06T20:20:22.161+01:00 INFO : 1 points above threshold
2026-09-06T20:20:22.166+01:00 INFO : 55: generating IMRPhenomD from 30.0 Hz
2026-09-06T20:20:22.168+01:00 INFO : Decompressing waveform using inline_linear
2026-09-06T20:20:22.171+01:00 INFO : Filtering template 56/96 segment 1/5
2026-09-06T20:20:22.173+01:00 INFO : 1 points above threshold
2026-09-06T20:20:22.178+01:00 INFO : Filtering template 56/96 segment 2/5
2026-09-06T20:20:22.178+01:00 INFO : 1 points above threshold
2026-09-06T20:20:22.182+01:00 INFO : Filtering template 56/96 segment 3/5
2026-09-06T20:20:22.183+01:00 INFO : 3 points above threshold
2026-09-06T20:20:22.187+01:00 INFO : Filtering template 56/96 segment 4/5
2026-09-06T20:20:22.188+01:00 INFO : Filtering template 56/96 segment 5/5
2026-09-06T20:20:22.189+01:00 INFO : 1 points above threshold
2026-09-06T20:20:22.194+01:00 INFO : 56: generating IMRPhenomD from 30.0 Hz
2026-09-06T20:20:22.195+01:00 INFO : Decompressing waveform using inline_linear
2026-09-06T20:20:22.198+01:00 INFO : Filtering template 57/96 segment 1/5
2026-09-06T20:20:22.200+01:00 INFO : 1 points above threshold
2026-09-06T20:20:22.205+01:00 INFO : Filtering template 57/96 segment 2/5
2026-09-06T20:20:22.205+01:00 INFO : 2 points above threshold
2026-09-06T20:20:22.210+01:00 INFO : Filtering template 57/96 segment 3/5
2026-09-06T20:20:22.210+01:00 INFO : 2 points above threshold
2026-09-06T20:20:22.214+01:00 INFO : Filtering template 57/96 segment 4/5
2026-09-06T20:20:22.215+01:00 INFO : 2 points above threshold
2026-09-06T20:20:22.219+01:00 INFO : Filtering template 57/96 segment 5/5
2026-09-06T20:20:22.221+01:00 INFO : 57: generating IMRPhenomD from 30.0 Hz
2026-09-06T20:20:22.222+01:00 INFO : Decompressing waveform using inline_linear
2026-09-06T20:20:22.225+01:00 INFO : Filtering template 58/96 segment 1/5
2026-09-06T20:20:22.227+01:00 INFO : 1 points above threshold
2026-09-06T20:20:22.232+01:00 INFO : Filtering template 58/96 segment 2/5
2026-09-06T20:20:22.233+01:00 INFO : 2 points above threshold
2026-09-06T20:20:22.237+01:00 INFO : Filtering template 58/96 segment 3/5
2026-09-06T20:20:22.237+01:00 INFO : 1 points above threshold
2026-09-06T20:20:22.241+01:00 INFO : Filtering template 58/96 segment 4/5
2026-09-06T20:20:22.242+01:00 INFO : 1 points above threshold
2026-09-06T20:20:22.246+01:00 INFO : Filtering template 58/96 segment 5/5
2026-09-06T20:20:22.247+01:00 INFO : 2 points above threshold
2026-09-06T20:20:22.252+01:00 INFO : 58: generating IMRPhenomD from 30.0 Hz
2026-09-06T20:20:22.254+01:00 INFO : Decompressing waveform using inline_linear
2026-09-06T20:20:22.257+01:00 INFO : Filtering template 59/96 segment 1/5
2026-09-06T20:20:22.258+01:00 INFO : 1 points above threshold
2026-09-06T20:20:22.263+01:00 INFO : Filtering template 59/96 segment 2/5
2026-09-06T20:20:22.264+01:00 INFO : 2 points above threshold
2026-09-06T20:20:22.268+01:00 INFO : Filtering template 59/96 segment 3/5
2026-09-06T20:20:22.269+01:00 INFO : 2 points above threshold
2026-09-06T20:20:22.273+01:00 INFO : Filtering template 59/96 segment 4/5
2026-09-06T20:20:22.274+01:00 INFO : 1 points above threshold
2026-09-06T20:20:22.278+01:00 INFO : Filtering template 59/96 segment 5/5
2026-09-06T20:20:22.279+01:00 INFO : 59: generating IMRPhenomD from 30.0 Hz
2026-09-06T20:20:22.281+01:00 INFO : Decompressing waveform using inline_linear
2026-09-06T20:20:22.284+01:00 INFO : Filtering template 60/96 segment 1/5
2026-09-06T20:20:22.285+01:00 INFO : Filtering template 60/96 segment 2/5
2026-09-06T20:20:22.286+01:00 INFO : Filtering template 60/96 segment 3/5
2026-09-06T20:20:22.287+01:00 INFO : 1 points above threshold
2026-09-06T20:20:22.292+01:00 INFO : Filtering template 60/96 segment 4/5
2026-09-06T20:20:22.292+01:00 INFO : 2 points above threshold
2026-09-06T20:20:22.296+01:00 INFO : Filtering template 60/96 segment 5/5
2026-09-06T20:20:22.298+01:00 INFO : 60: generating IMRPhenomD from 30.0 Hz
2026-09-06T20:20:22.299+01:00 INFO : Decompressing waveform using inline_linear
2026-09-06T20:20:22.302+01:00 INFO : Filtering template 61/96 segment 1/5
2026-09-06T20:20:22.303+01:00 INFO : Filtering template 61/96 segment 2/5
2026-09-06T20:20:22.304+01:00 INFO : 2 points above threshold
2026-09-06T20:20:22.309+01:00 INFO : Filtering template 61/96 segment 3/5
2026-09-06T20:20:22.310+01:00 INFO : 1 points above threshold
2026-09-06T20:20:22.314+01:00 INFO : Filtering template 61/96 segment 4/5
2026-09-06T20:20:22.315+01:00 INFO : 1 points above threshold
2026-09-06T20:20:22.319+01:00 INFO : Filtering template 61/96 segment 5/5
2026-09-06T20:20:22.320+01:00 INFO : 61: generating IMRPhenomD from 30.0 Hz
2026-09-06T20:20:22.322+01:00 INFO : Decompressing waveform using inline_linear
2026-09-06T20:20:22.325+01:00 INFO : Filtering template 62/96 segment 1/5
2026-09-06T20:20:22.326+01:00 INFO : 2 points above threshold
2026-09-06T20:20:22.331+01:00 INFO : Filtering template 62/96 segment 2/5
2026-09-06T20:20:22.332+01:00 INFO : Filtering template 62/96 segment 3/5
2026-09-06T20:20:22.332+01:00 INFO : Filtering template 62/96 segment 4/5
2026-09-06T20:20:22.333+01:00 INFO : 5 points above threshold
2026-09-06T20:20:22.337+01:00 INFO : Filtering template 62/96 segment 5/5
2026-09-06T20:20:22.339+01:00 INFO : 62: generating IMRPhenomD from 30.0 Hz
2026-09-06T20:20:22.340+01:00 INFO : Decompressing waveform using inline_linear
2026-09-06T20:20:22.343+01:00 INFO : Filtering template 63/96 segment 1/5
2026-09-06T20:20:22.344+01:00 INFO : Filtering template 63/96 segment 2/5
2026-09-06T20:20:22.345+01:00 INFO : 1 points above threshold
2026-09-06T20:20:22.350+01:00 INFO : Filtering template 63/96 segment 3/5
2026-09-06T20:20:22.351+01:00 INFO : 2 points above threshold
2026-09-06T20:20:22.355+01:00 INFO : Filtering template 63/96 segment 4/5
2026-09-06T20:20:22.355+01:00 INFO : 1 points above threshold
2026-09-06T20:20:22.360+01:00 INFO : Filtering template 63/96 segment 5/5
2026-09-06T20:20:22.360+01:00 INFO : 1 points above threshold
2026-09-06T20:20:22.365+01:00 INFO : 63: generating IMRPhenomD from 30.0 Hz
2026-09-06T20:20:22.367+01:00 INFO : Decompressing waveform using inline_linear
2026-09-06T20:20:22.370+01:00 INFO : Filtering template 64/96 segment 1/5
2026-09-06T20:20:22.371+01:00 INFO : 2 points above threshold
2026-09-06T20:20:22.376+01:00 INFO : Filtering template 64/96 segment 2/5
2026-09-06T20:20:22.377+01:00 INFO : 1 points above threshold
2026-09-06T20:20:22.381+01:00 INFO : Filtering template 64/96 segment 3/5
2026-09-06T20:20:22.382+01:00 INFO : Filtering template 64/96 segment 4/5
2026-09-06T20:20:22.382+01:00 INFO : Filtering template 64/96 segment 5/5
2026-09-06T20:20:22.383+01:00 INFO : 64: generating IMRPhenomD from 30.0 Hz
2026-09-06T20:20:22.385+01:00 INFO : Decompressing waveform using inline_linear
2026-09-06T20:20:22.388+01:00 INFO : Filtering template 65/96 segment 1/5
2026-09-06T20:20:22.389+01:00 INFO : 2 points above threshold
2026-09-06T20:20:22.394+01:00 INFO : Filtering template 65/96 segment 2/5
2026-09-06T20:20:22.395+01:00 INFO : 2 points above threshold
2026-09-06T20:20:22.399+01:00 INFO : Filtering template 65/96 segment 3/5
2026-09-06T20:20:22.399+01:00 INFO : 1 points above threshold
2026-09-06T20:20:22.403+01:00 INFO : Filtering template 65/96 segment 4/5
2026-09-06T20:20:22.404+01:00 INFO : 2 points above threshold
2026-09-06T20:20:22.408+01:00 INFO : Filtering template 65/96 segment 5/5
2026-09-06T20:20:22.409+01:00 INFO : 65: generating IMRPhenomD from 30.0 Hz
2026-09-06T20:20:22.411+01:00 INFO : Decompressing waveform using inline_linear
2026-09-06T20:20:22.414+01:00 INFO : Filtering template 66/96 segment 1/5
2026-09-06T20:20:22.415+01:00 INFO : 1 points above threshold
2026-09-06T20:20:22.420+01:00 INFO : Filtering template 66/96 segment 2/5
2026-09-06T20:20:22.421+01:00 INFO : 1 points above threshold
2026-09-06T20:20:22.425+01:00 INFO : Filtering template 66/96 segment 3/5
2026-09-06T20:20:22.426+01:00 INFO : 2 points above threshold
2026-09-06T20:20:22.430+01:00 INFO : Filtering template 66/96 segment 4/5
2026-09-06T20:20:22.430+01:00 INFO : 1 points above threshold
2026-09-06T20:20:22.434+01:00 INFO : Filtering template 66/96 segment 5/5
2026-09-06T20:20:22.436+01:00 INFO : 66: generating IMRPhenomD from 30.0 Hz
2026-09-06T20:20:22.437+01:00 INFO : Decompressing waveform using inline_linear
2026-09-06T20:20:22.440+01:00 INFO : Filtering template 67/96 segment 1/5
2026-09-06T20:20:22.442+01:00 INFO : 3 points above threshold
2026-09-06T20:20:22.447+01:00 INFO : Filtering template 67/96 segment 2/5
2026-09-06T20:20:22.447+01:00 INFO : Filtering template 67/96 segment 3/5
2026-09-06T20:20:22.448+01:00 INFO : 1 points above threshold
2026-09-06T20:20:22.452+01:00 INFO : Filtering template 67/96 segment 4/5
2026-09-06T20:20:22.453+01:00 INFO : Filtering template 67/96 segment 5/5
2026-09-06T20:20:22.454+01:00 INFO : 67: generating IMRPhenomD from 30.0 Hz
2026-09-06T20:20:22.455+01:00 INFO : Decompressing waveform using inline_linear
2026-09-06T20:20:22.458+01:00 INFO : Filtering template 68/96 segment 1/5
2026-09-06T20:20:22.460+01:00 INFO : 1 points above threshold
2026-09-06T20:20:22.465+01:00 INFO : Filtering template 68/96 segment 2/5
2026-09-06T20:20:22.466+01:00 INFO : 1 points above threshold
2026-09-06T20:20:22.470+01:00 INFO : Filtering template 68/96 segment 3/5
2026-09-06T20:20:22.470+01:00 INFO : 1 points above threshold
2026-09-06T20:20:22.474+01:00 INFO : Filtering template 68/96 segment 4/5
2026-09-06T20:20:22.475+01:00 INFO : 1 points above threshold
2026-09-06T20:20:22.479+01:00 INFO : Filtering template 68/96 segment 5/5
2026-09-06T20:20:22.480+01:00 INFO : 1 points above threshold
2026-09-06T20:20:22.485+01:00 INFO : 68: generating IMRPhenomD from 30.0 Hz
2026-09-06T20:20:22.486+01:00 INFO : Decompressing waveform using inline_linear
2026-09-06T20:20:22.489+01:00 INFO : Filtering template 69/96 segment 1/5
2026-09-06T20:20:22.491+01:00 INFO : Filtering template 69/96 segment 2/5
2026-09-06T20:20:22.491+01:00 INFO : Filtering template 69/96 segment 3/5
2026-09-06T20:20:22.492+01:00 INFO : 1 points above threshold
2026-09-06T20:20:22.497+01:00 INFO : Filtering template 69/96 segment 4/5
2026-09-06T20:20:22.498+01:00 INFO : 2 points above threshold
2026-09-06T20:20:22.502+01:00 INFO : Filtering template 69/96 segment 5/5
2026-09-06T20:20:22.503+01:00 INFO : 69: generating IMRPhenomD from 30.0 Hz
2026-09-06T20:20:22.505+01:00 INFO : Decompressing waveform using inline_linear
2026-09-06T20:20:22.508+01:00 INFO : Filtering template 70/96 segment 1/5
2026-09-06T20:20:22.509+01:00 INFO : 2 points above threshold
2026-09-06T20:20:22.514+01:00 INFO : Filtering template 70/96 segment 2/5
2026-09-06T20:20:22.515+01:00 INFO : 2 points above threshold
2026-09-06T20:20:22.519+01:00 INFO : Filtering template 70/96 segment 3/5
2026-09-06T20:20:22.519+01:00 INFO : Filtering template 70/96 segment 4/5
2026-09-06T20:20:22.520+01:00 INFO : 2 points above threshold
2026-09-06T20:20:22.524+01:00 INFO : Filtering template 70/96 segment 5/5
2026-09-06T20:20:22.525+01:00 INFO : 2 points above threshold
2026-09-06T20:20:22.530+01:00 INFO : 70: generating IMRPhenomD from 30.0 Hz
2026-09-06T20:20:22.531+01:00 INFO : Decompressing waveform using inline_linear
2026-09-06T20:20:22.535+01:00 INFO : Filtering template 71/96 segment 1/5
2026-09-06T20:20:22.536+01:00 INFO : Filtering template 71/96 segment 2/5
2026-09-06T20:20:22.537+01:00 INFO : 1 points above threshold
2026-09-06T20:20:22.542+01:00 INFO : Filtering template 71/96 segment 3/5
2026-09-06T20:20:22.542+01:00 INFO : 1 points above threshold
2026-09-06T20:20:22.546+01:00 INFO : Filtering template 71/96 segment 4/5
2026-09-06T20:20:22.547+01:00 INFO : 3 points above threshold
2026-09-06T20:20:22.551+01:00 INFO : Filtering template 71/96 segment 5/5
2026-09-06T20:20:22.553+01:00 INFO : 71: generating IMRPhenomD from 30.0 Hz
2026-09-06T20:20:22.554+01:00 INFO : Decompressing waveform using inline_linear
2026-09-06T20:20:22.557+01:00 INFO : Filtering template 72/96 segment 1/5
2026-09-06T20:20:22.558+01:00 INFO : 2 points above threshold
2026-09-06T20:20:22.564+01:00 INFO : Filtering template 72/96 segment 2/5
2026-09-06T20:20:22.564+01:00 INFO : 1 points above threshold
2026-09-06T20:20:22.568+01:00 INFO : Filtering template 72/96 segment 3/5
2026-09-06T20:20:22.569+01:00 INFO : 1 points above threshold
2026-09-06T20:20:22.573+01:00 INFO : Filtering template 72/96 segment 4/5
2026-09-06T20:20:22.574+01:00 INFO : 3 points above threshold
2026-09-06T20:20:22.578+01:00 INFO : Filtering template 72/96 segment 5/5
2026-09-06T20:20:22.578+01:00 INFO : 3 points above threshold
2026-09-06T20:20:22.584+01:00 INFO : 72: generating IMRPhenomD from 30.0 Hz
2026-09-06T20:20:22.585+01:00 INFO : Decompressing waveform using inline_linear
2026-09-06T20:20:22.588+01:00 INFO : Filtering template 73/96 segment 1/5
2026-09-06T20:20:22.589+01:00 INFO : 1 points above threshold
2026-09-06T20:20:22.594+01:00 INFO : Filtering template 73/96 segment 2/5
2026-09-06T20:20:22.595+01:00 INFO : 1 points above threshold
2026-09-06T20:20:22.599+01:00 INFO : Filtering template 73/96 segment 3/5
2026-09-06T20:20:22.606+01:00 INFO : 1 points above threshold
2026-09-06T20:20:22.611+01:00 INFO : Filtering template 73/96 segment 4/5
2026-09-06T20:20:22.611+01:00 INFO : Filtering template 73/96 segment 5/5
2026-09-06T20:20:22.612+01:00 INFO : 1 points above threshold
2026-09-06T20:20:22.617+01:00 INFO : 73: generating IMRPhenomD from 30.0 Hz
2026-09-06T20:20:22.619+01:00 INFO : Decompressing waveform using inline_linear
2026-09-06T20:20:22.622+01:00 INFO : Filtering template 74/96 segment 1/5
2026-09-06T20:20:22.623+01:00 INFO : 3 points above threshold
2026-09-06T20:20:22.629+01:00 INFO : Filtering template 74/96 segment 2/5
2026-09-06T20:20:22.629+01:00 INFO : 3 points above threshold
2026-09-06T20:20:22.634+01:00 INFO : Filtering template 74/96 segment 3/5
2026-09-06T20:20:22.634+01:00 INFO : Filtering template 74/96 segment 4/5
2026-09-06T20:20:22.635+01:00 INFO : 1 points above threshold
2026-09-06T20:20:22.639+01:00 INFO : Filtering template 74/96 segment 5/5
2026-09-06T20:20:22.640+01:00 INFO : 74: generating IMRPhenomD from 30.0 Hz
2026-09-06T20:20:22.642+01:00 INFO : Decompressing waveform using inline_linear
2026-09-06T20:20:22.645+01:00 INFO : Filtering template 75/96 segment 1/5
2026-09-06T20:20:22.646+01:00 INFO : Filtering template 75/96 segment 2/5
2026-09-06T20:20:22.647+01:00 INFO : 1 points above threshold
2026-09-06T20:20:22.652+01:00 INFO : Filtering template 75/96 segment 3/5
2026-09-06T20:20:22.652+01:00 INFO : 2 points above threshold
2026-09-06T20:20:22.657+01:00 INFO : Filtering template 75/96 segment 4/5
2026-09-06T20:20:22.657+01:00 INFO : Filtering template 75/96 segment 5/5
2026-09-06T20:20:22.658+01:00 INFO : 2 points above threshold
2026-09-06T20:20:22.663+01:00 INFO : 75: generating IMRPhenomD from 30.0 Hz
2026-09-06T20:20:22.664+01:00 INFO : Decompressing waveform using inline_linear
2026-09-06T20:20:22.667+01:00 INFO : Filtering template 76/96 segment 1/5
2026-09-06T20:20:22.669+01:00 INFO : 1 points above threshold
2026-09-06T20:20:22.674+01:00 INFO : Filtering template 76/96 segment 2/5
2026-09-06T20:20:22.674+01:00 INFO : Filtering template 76/96 segment 3/5
2026-09-06T20:20:22.675+01:00 INFO : 1 points above threshold
2026-09-06T20:20:22.679+01:00 INFO : Filtering template 76/96 segment 4/5
2026-09-06T20:20:22.680+01:00 INFO : Filtering template 76/96 segment 5/5
2026-09-06T20:20:22.681+01:00 INFO : 2 points above threshold
2026-09-06T20:20:22.685+01:00 INFO : 76: generating IMRPhenomD from 30.0 Hz
2026-09-06T20:20:22.687+01:00 INFO : Decompressing waveform using inline_linear
2026-09-06T20:20:22.690+01:00 INFO : Filtering template 77/96 segment 1/5
2026-09-06T20:20:22.691+01:00 INFO : Filtering template 77/96 segment 2/5
2026-09-06T20:20:22.692+01:00 INFO : 1 points above threshold
2026-09-06T20:20:22.697+01:00 INFO : Filtering template 77/96 segment 3/5
2026-09-06T20:20:22.698+01:00 INFO : Filtering template 77/96 segment 4/5
2026-09-06T20:20:22.698+01:00 INFO : 1 points above threshold
2026-09-06T20:20:22.702+01:00 INFO : Filtering template 77/96 segment 5/5
2026-09-06T20:20:22.704+01:00 INFO : 77: generating IMRPhenomD from 30.0 Hz
2026-09-06T20:20:22.705+01:00 INFO : Decompressing waveform using inline_linear
2026-09-06T20:20:22.708+01:00 INFO : Filtering template 78/96 segment 1/5
2026-09-06T20:20:22.709+01:00 INFO : Filtering template 78/96 segment 2/5
2026-09-06T20:20:22.710+01:00 INFO : Filtering template 78/96 segment 3/5
2026-09-06T20:20:22.711+01:00 INFO : Filtering template 78/96 segment 4/5
2026-09-06T20:20:22.711+01:00 INFO : 1 points above threshold
2026-09-06T20:20:22.716+01:00 INFO : Filtering template 78/96 segment 5/5
2026-09-06T20:20:22.717+01:00 INFO : 78: generating IMRPhenomD from 30.0 Hz
2026-09-06T20:20:22.719+01:00 INFO : Decompressing waveform using inline_linear
2026-09-06T20:20:22.722+01:00 INFO : Filtering template 79/96 segment 1/5
2026-09-06T20:20:22.723+01:00 INFO : 2 points above threshold
2026-09-06T20:20:22.728+01:00 INFO : Filtering template 79/96 segment 2/5
2026-09-06T20:20:22.729+01:00 INFO : Filtering template 79/96 segment 3/5
2026-09-06T20:20:22.730+01:00 INFO : 1 points above threshold
2026-09-06T20:20:22.734+01:00 INFO : Filtering template 79/96 segment 4/5
2026-09-06T20:20:22.734+01:00 INFO : 1 points above threshold
2026-09-06T20:20:22.738+01:00 INFO : Filtering template 79/96 segment 5/5
2026-09-06T20:20:22.739+01:00 INFO : 3 points above threshold
2026-09-06T20:20:22.744+01:00 INFO : 79: generating IMRPhenomD from 30.0 Hz
2026-09-06T20:20:22.745+01:00 INFO : Decompressing waveform using inline_linear
2026-09-06T20:20:22.748+01:00 INFO : Filtering template 80/96 segment 1/5
2026-09-06T20:20:22.750+01:00 INFO : 2 points above threshold
2026-09-06T20:20:22.754+01:00 INFO : Filtering template 80/96 segment 2/5
2026-09-06T20:20:22.755+01:00 INFO : 1 points above threshold
2026-09-06T20:20:22.759+01:00 INFO : Filtering template 80/96 segment 3/5
2026-09-06T20:20:22.760+01:00 INFO : 1 points above threshold
2026-09-06T20:20:22.764+01:00 INFO : Filtering template 80/96 segment 4/5
2026-09-06T20:20:22.765+01:00 INFO : Filtering template 80/96 segment 5/5
2026-09-06T20:20:22.765+01:00 INFO : 1 points above threshold
2026-09-06T20:20:22.770+01:00 INFO : 80: generating IMRPhenomD from 30.0 Hz
2026-09-06T20:20:22.772+01:00 INFO : Decompressing waveform using inline_linear
2026-09-06T20:20:22.775+01:00 INFO : Filtering template 81/96 segment 1/5
2026-09-06T20:20:22.776+01:00 INFO : 1 points above threshold
2026-09-06T20:20:22.781+01:00 INFO : Filtering template 81/96 segment 2/5
2026-09-06T20:20:22.782+01:00 INFO : 2 points above threshold
2026-09-06T20:20:22.786+01:00 INFO : Filtering template 81/96 segment 3/5
2026-09-06T20:20:22.787+01:00 INFO : 1 points above threshold
2026-09-06T20:20:22.791+01:00 INFO : Filtering template 81/96 segment 4/5
2026-09-06T20:20:22.791+01:00 INFO : Filtering template 81/96 segment 5/5
2026-09-06T20:20:22.792+01:00 INFO : 1 points above threshold
2026-09-06T20:20:22.797+01:00 INFO : 81: generating IMRPhenomD from 30.0 Hz
2026-09-06T20:20:22.798+01:00 INFO : Decompressing waveform using inline_linear
2026-09-06T20:20:22.801+01:00 INFO : Filtering template 82/96 segment 1/5
2026-09-06T20:20:22.803+01:00 INFO : Filtering template 82/96 segment 2/5
2026-09-06T20:20:22.803+01:00 INFO : 2 points above threshold
2026-09-06T20:20:22.809+01:00 INFO : Filtering template 82/96 segment 3/5
2026-09-06T20:20:22.809+01:00 INFO : 1 points above threshold
2026-09-06T20:20:22.813+01:00 INFO : Filtering template 82/96 segment 4/5
2026-09-06T20:20:22.814+01:00 INFO : Filtering template 82/96 segment 5/5
2026-09-06T20:20:22.815+01:00 INFO : 82: generating IMRPhenomD from 30.0 Hz
2026-09-06T20:20:22.817+01:00 INFO : Decompressing waveform using inline_linear
2026-09-06T20:20:22.820+01:00 INFO : Filtering template 83/96 segment 1/5
2026-09-06T20:20:22.821+01:00 INFO : 1 points above threshold
2026-09-06T20:20:22.826+01:00 INFO : Filtering template 83/96 segment 2/5
2026-09-06T20:20:22.827+01:00 INFO : 2 points above threshold
2026-09-06T20:20:22.831+01:00 INFO : Filtering template 83/96 segment 3/5
2026-09-06T20:20:22.832+01:00 INFO : 2 points above threshold
2026-09-06T20:20:22.836+01:00 INFO : Filtering template 83/96 segment 4/5
2026-09-06T20:20:22.836+01:00 INFO : 3 points above threshold
2026-09-06T20:20:22.840+01:00 INFO : Filtering template 83/96 segment 5/5
2026-09-06T20:20:22.841+01:00 INFO : 3 points above threshold
2026-09-06T20:20:22.846+01:00 INFO : 83: generating IMRPhenomD from 30.0 Hz
2026-09-06T20:20:22.848+01:00 INFO : Decompressing waveform using inline_linear
2026-09-06T20:20:22.851+01:00 INFO : Filtering template 84/96 segment 1/5
2026-09-06T20:20:22.852+01:00 INFO : Filtering template 84/96 segment 2/5
2026-09-06T20:20:22.853+01:00 INFO : Filtering template 84/96 segment 3/5
2026-09-06T20:20:22.853+01:00 INFO : 1 points above threshold
2026-09-06T20:20:22.859+01:00 INFO : Filtering template 84/96 segment 4/5
2026-09-06T20:20:22.859+01:00 INFO : 3 points above threshold
2026-09-06T20:20:22.863+01:00 INFO : Filtering template 84/96 segment 5/5
2026-09-06T20:20:22.865+01:00 INFO : 84: generating IMRPhenomD from 30.0 Hz
2026-09-06T20:20:22.866+01:00 INFO : Decompressing waveform using inline_linear
2026-09-06T20:20:22.869+01:00 INFO : Filtering template 85/96 segment 1/5
2026-09-06T20:20:22.871+01:00 INFO : 1 points above threshold
2026-09-06T20:20:22.876+01:00 INFO : Filtering template 85/96 segment 2/5
2026-09-06T20:20:22.876+01:00 INFO : 2 points above threshold
2026-09-06T20:20:22.881+01:00 INFO : Filtering template 85/96 segment 3/5
2026-09-06T20:20:22.881+01:00 INFO : 1 points above threshold
2026-09-06T20:20:22.885+01:00 INFO : Filtering template 85/96 segment 4/5
2026-09-06T20:20:22.886+01:00 INFO : 3 points above threshold
2026-09-06T20:20:22.890+01:00 INFO : Filtering template 85/96 segment 5/5
2026-09-06T20:20:22.891+01:00 INFO : 2 points above threshold
2026-09-06T20:20:22.896+01:00 INFO : 85: generating IMRPhenomD from 30.0 Hz
2026-09-06T20:20:22.897+01:00 INFO : Decompressing waveform using inline_linear
2026-09-06T20:20:22.901+01:00 INFO : Filtering template 86/96 segment 1/5
2026-09-06T20:20:22.902+01:00 INFO : 2 points above threshold
2026-09-06T20:20:22.907+01:00 INFO : Filtering template 86/96 segment 2/5
2026-09-06T20:20:22.908+01:00 INFO : 2 points above threshold
2026-09-06T20:20:22.912+01:00 INFO : Filtering template 86/96 segment 3/5
2026-09-06T20:20:22.913+01:00 INFO : 1 points above threshold
2026-09-06T20:20:22.917+01:00 INFO : Filtering template 86/96 segment 4/5
2026-09-06T20:20:22.918+01:00 INFO : 1 points above threshold
2026-09-06T20:20:22.922+01:00 INFO : Filtering template 86/96 segment 5/5
2026-09-06T20:20:22.923+01:00 INFO : 2 points above threshold
2026-09-06T20:20:22.928+01:00 INFO : 86: generating IMRPhenomD from 30.0 Hz
2026-09-06T20:20:22.929+01:00 INFO : Decompressing waveform using inline_linear
2026-09-06T20:20:22.932+01:00 INFO : Filtering template 87/96 segment 1/5
2026-09-06T20:20:22.934+01:00 INFO : 1 points above threshold
2026-09-06T20:20:22.939+01:00 INFO : Filtering template 87/96 segment 2/5
2026-09-06T20:20:22.940+01:00 INFO : 2 points above threshold
2026-09-06T20:20:22.944+01:00 INFO : Filtering template 87/96 segment 3/5
2026-09-06T20:20:22.944+01:00 INFO : 1 points above threshold
2026-09-06T20:20:22.949+01:00 INFO : Filtering template 87/96 segment 4/5
2026-09-06T20:20:22.949+01:00 INFO : 1 points above threshold
2026-09-06T20:20:22.953+01:00 INFO : Filtering template 87/96 segment 5/5
2026-09-06T20:20:22.954+01:00 INFO : 1 points above threshold
2026-09-06T20:20:22.959+01:00 INFO : 87: generating IMRPhenomD from 30.0 Hz
2026-09-06T20:20:22.961+01:00 INFO : Decompressing waveform using inline_linear
2026-09-06T20:20:22.964+01:00 INFO : Filtering template 88/96 segment 1/5
2026-09-06T20:20:22.965+01:00 INFO : 2 points above threshold
2026-09-06T20:20:22.970+01:00 INFO : Filtering template 88/96 segment 2/5
2026-09-06T20:20:22.971+01:00 INFO : 1 points above threshold
2026-09-06T20:20:22.975+01:00 INFO : Filtering template 88/96 segment 3/5
2026-09-06T20:20:22.976+01:00 INFO : Filtering template 88/96 segment 4/5
2026-09-06T20:20:22.976+01:00 INFO : Filtering template 88/96 segment 5/5
2026-09-06T20:20:22.977+01:00 INFO : 2 points above threshold
2026-09-06T20:20:22.982+01:00 INFO : 88: generating IMRPhenomD from 30.0 Hz
2026-09-06T20:20:22.983+01:00 INFO : Decompressing waveform using inline_linear
2026-09-06T20:20:22.986+01:00 INFO : Filtering template 89/96 segment 1/5
2026-09-06T20:20:22.988+01:00 INFO : 2 points above threshold
2026-09-06T20:20:22.993+01:00 INFO : Filtering template 89/96 segment 2/5
2026-09-06T20:20:22.994+01:00 INFO : 1 points above threshold
2026-09-06T20:20:22.998+01:00 INFO : Filtering template 89/96 segment 3/5
2026-09-06T20:20:22.998+01:00 INFO : 2 points above threshold
2026-09-06T20:20:23.002+01:00 INFO : Filtering template 89/96 segment 4/5
2026-09-06T20:20:23.003+01:00 INFO : Filtering template 89/96 segment 5/5
2026-09-06T20:20:23.004+01:00 INFO : 89: generating IMRPhenomD from 30.0 Hz
2026-09-06T20:20:23.006+01:00 INFO : Decompressing waveform using inline_linear
2026-09-06T20:20:23.009+01:00 INFO : Filtering template 90/96 segment 1/5
2026-09-06T20:20:23.010+01:00 INFO : Filtering template 90/96 segment 2/5
2026-09-06T20:20:23.011+01:00 INFO : 1 points above threshold
2026-09-06T20:20:23.016+01:00 INFO : Filtering template 90/96 segment 3/5
2026-09-06T20:20:23.017+01:00 INFO : 3 points above threshold
2026-09-06T20:20:23.022+01:00 INFO : Filtering template 90/96 segment 4/5
2026-09-06T20:20:23.023+01:00 INFO : Filtering template 90/96 segment 5/5
2026-09-06T20:20:23.024+01:00 INFO : 1 points above threshold
2026-09-06T20:20:23.029+01:00 INFO : 90: generating IMRPhenomD from 30.0 Hz
2026-09-06T20:20:23.030+01:00 INFO : Decompressing waveform using inline_linear
2026-09-06T20:20:23.033+01:00 INFO : Filtering template 91/96 segment 1/5
2026-09-06T20:20:23.035+01:00 INFO : Filtering template 91/96 segment 2/5
2026-09-06T20:20:23.035+01:00 INFO : 2 points above threshold
2026-09-06T20:20:23.041+01:00 INFO : Filtering template 91/96 segment 3/5
2026-09-06T20:20:23.041+01:00 INFO : 3 points above threshold
2026-09-06T20:20:23.045+01:00 INFO : Filtering template 91/96 segment 4/5
2026-09-06T20:20:23.046+01:00 INFO : Filtering template 91/96 segment 5/5
2026-09-06T20:20:23.047+01:00 INFO : 1 points above threshold
2026-09-06T20:20:23.052+01:00 INFO : 91: generating IMRPhenomD from 30.0 Hz
2026-09-06T20:20:23.053+01:00 INFO : Decompressing waveform using inline_linear
2026-09-06T20:20:23.056+01:00 INFO : Filtering template 92/96 segment 1/5
2026-09-06T20:20:23.057+01:00 INFO : 2 points above threshold
2026-09-06T20:20:23.062+01:00 INFO : Filtering template 92/96 segment 2/5
2026-09-06T20:20:23.063+01:00 INFO : 1 points above threshold
2026-09-06T20:20:23.067+01:00 INFO : Filtering template 92/96 segment 3/5
2026-09-06T20:20:23.068+01:00 INFO : 2 points above threshold
2026-09-06T20:20:23.072+01:00 INFO : Filtering template 92/96 segment 4/5
2026-09-06T20:20:23.073+01:00 INFO : 1 points above threshold
2026-09-06T20:20:23.077+01:00 INFO : Filtering template 92/96 segment 5/5
2026-09-06T20:20:23.077+01:00 INFO : 1 points above threshold
2026-09-06T20:20:23.083+01:00 INFO : 92: generating IMRPhenomD from 30.0 Hz
2026-09-06T20:20:23.084+01:00 INFO : Decompressing waveform using inline_linear
2026-09-06T20:20:23.087+01:00 INFO : Filtering template 93/96 segment 1/5
2026-09-06T20:20:23.088+01:00 INFO : Filtering template 93/96 segment 2/5
2026-09-06T20:20:23.089+01:00 INFO : 3 points above threshold
2026-09-06T20:20:23.094+01:00 INFO : Filtering template 93/96 segment 3/5
2026-09-06T20:20:23.095+01:00 INFO : 3 points above threshold
2026-09-06T20:20:23.099+01:00 INFO : Filtering template 93/96 segment 4/5
2026-09-06T20:20:23.100+01:00 INFO : 1 points above threshold
2026-09-06T20:20:23.104+01:00 INFO : Filtering template 93/96 segment 5/5
2026-09-06T20:20:23.104+01:00 INFO : 1 points above threshold
2026-09-06T20:20:23.109+01:00 INFO : 93: generating IMRPhenomD from 30.0 Hz
2026-09-06T20:20:23.111+01:00 INFO : Decompressing waveform using inline_linear
2026-09-06T20:20:23.114+01:00 INFO : Filtering template 94/96 segment 1/5
2026-09-06T20:20:23.115+01:00 INFO : 1 points above threshold
2026-09-06T20:20:23.120+01:00 INFO : Filtering template 94/96 segment 2/5
2026-09-06T20:20:23.121+01:00 INFO : 2 points above threshold
2026-09-06T20:20:23.126+01:00 INFO : Filtering template 94/96 segment 3/5
2026-09-06T20:20:23.126+01:00 INFO : 4 points above threshold
2026-09-06T20:20:23.130+01:00 INFO : Filtering template 94/96 segment 4/5
2026-09-06T20:20:23.131+01:00 INFO : Filtering template 94/96 segment 5/5
2026-09-06T20:20:23.132+01:00 INFO : 2 points above threshold
2026-09-06T20:20:23.137+01:00 INFO : 94: generating IMRPhenomD from 30.0 Hz
2026-09-06T20:20:23.138+01:00 INFO : Decompressing waveform using inline_linear
2026-09-06T20:20:23.141+01:00 INFO : Filtering template 95/96 segment 1/5
2026-09-06T20:20:23.143+01:00 INFO : 3 points above threshold
2026-09-06T20:20:23.147+01:00 INFO : Filtering template 95/96 segment 2/5
2026-09-06T20:20:23.148+01:00 INFO : 2 points above threshold
2026-09-06T20:20:23.152+01:00 INFO : Filtering template 95/96 segment 3/5
2026-09-06T20:20:23.153+01:00 INFO : 2 points above threshold
2026-09-06T20:20:23.156+01:00 INFO : Filtering template 95/96 segment 4/5
2026-09-06T20:20:23.157+01:00 INFO : 1 points above threshold
2026-09-06T20:20:23.161+01:00 INFO : Filtering template 95/96 segment 5/5
2026-09-06T20:20:23.163+01:00 INFO : 95: generating IMRPhenomD from 30.0 Hz
2026-09-06T20:20:23.164+01:00 INFO : Decompressing waveform using inline_linear
2026-09-06T20:20:23.167+01:00 INFO : Filtering template 96/96 segment 1/5
2026-09-06T20:20:23.168+01:00 INFO : 2 points above threshold
2026-09-06T20:20:23.174+01:00 INFO : Filtering template 96/96 segment 2/5
2026-09-06T20:20:23.174+01:00 INFO : Filtering template 96/96 segment 3/5
2026-09-06T20:20:23.175+01:00 INFO : Filtering template 96/96 segment 4/5
2026-09-06T20:20:23.176+01:00 INFO : 1 points above threshold
2026-09-06T20:20:23.180+01:00 INFO : Filtering template 96/96 segment 5/5
2026-09-06T20:20:23.181+01:00 INFO : We currently have 527 triggers
2026-09-06T20:20:23.181+01:00 INFO : Removing triggers with NewSNR below threshold
2026-09-06T20:20:23.181+01:00 INFO : 475 remaining triggers
2026-09-06T20:20:23.181+01:00 INFO : Outputting 475 triggers
2026-09-06T20:20:23.181+01:00 INFO : Writing out triggers
2026-09-06T20:20:23.193+01:00 INFO : Finished
USDT:2026-09-06 20:20:23 3511963:3511963 SyncActivityProfilerHandler.cpp:59] profiler_stop
