2026-09-06T21:20:09.473+01:00 INFO : Running with CPU support: 1 threads
2026-09-06T21:20:09.473+01:00 INFO : Reading Frames
2026-09-06T21:20:16.151+01:00 INFO : Highpass Filtering
2026-09-06T21:20:16.604+01:00 INFO : Resampling data
2026-09-06T21:20:16.615+01:00 INFO : Converting to float32
/home/xangma/pycbc-torch-inspiral-reference-20260906/source-v6/pycbc/types/array.py:872: RuntimeWarning: divide by zero encountered in divide
  return self._data.__rtruediv__(other)
2026-09-06T21:20:21.699+01:00 INFO : Highpass Filtering
2026-09-06T21:20:22.166+01:00 INFO : Remove Padding
2026-09-06T21:20:22.188+01:00 INFO : Making frequency-domain data segments
2026-09-06T21:20:24.705+01:00 INFO : Overwhitening frequency-domain data segments
2026-09-06T21:20:24.725+01:00 INFO : Read in template bank
2026-09-06T21:20:24.735+01:00 INFO : Full template bank size: 96
2026-09-06T21:20:24.736+01:00 INFO : Template bank size after thinning: 96
2026-09-06T21:20:24.736+01:00 INFO : 0: generating IMRPhenomD from 30.0 Hz
2026-09-06T21:20:24.739+01:00 INFO : Decompressing waveform using inline_linear
2026-09-06T21:20:24.745+01:00 INFO : Filtering template 1/96 segment 1/5
2026-09-06T21:20:24.791+01:00 INFO : 1 points above threshold
2026-09-06T21:20:24.814+01:00 INFO : Filtering template 1/96 segment 2/5
2026-09-06T21:20:24.831+01:00 INFO : Filtering template 1/96 segment 3/5
2026-09-06T21:20:24.849+01:00 INFO : 1 points above threshold
2026-09-06T21:20:24.854+01:00 INFO : Filtering template 1/96 segment 4/5
2026-09-06T21:20:24.872+01:00 INFO : Filtering template 1/96 segment 5/5
2026-09-06T21:20:24.890+01:00 INFO : 1 points above threshold
2026-09-06T21:20:24.895+01:00 INFO : 1: generating IMRPhenomD from 30.0 Hz
2026-09-06T21:20:24.898+01:00 INFO : Decompressing waveform using inline_linear
2026-09-06T21:20:24.903+01:00 INFO : Filtering template 2/96 segment 1/5
2026-09-06T21:20:24.923+01:00 INFO : 1 points above threshold
2026-09-06T21:20:24.938+01:00 INFO : Filtering template 2/96 segment 2/5
2026-09-06T21:20:24.955+01:00 INFO : 1 points above threshold
2026-09-06T21:20:24.961+01:00 INFO : Filtering template 2/96 segment 3/5
2026-09-06T21:20:24.978+01:00 INFO : 2 points above threshold
2026-09-06T21:20:24.985+01:00 INFO : Filtering template 2/96 segment 4/5
2026-09-06T21:20:25.003+01:00 INFO : Filtering template 2/96 segment 5/5
2026-09-06T21:20:25.020+01:00 INFO : 1 points above threshold
2026-09-06T21:20:25.026+01:00 INFO : 2: generating IMRPhenomD from 30.0 Hz
2026-09-06T21:20:25.029+01:00 INFO : Decompressing waveform using inline_linear
2026-09-06T21:20:25.033+01:00 INFO : Filtering template 3/96 segment 1/5
2026-09-06T21:20:25.053+01:00 INFO : 3 points above threshold
2026-09-06T21:20:25.072+01:00 INFO : Filtering template 3/96 segment 2/5
2026-09-06T21:20:25.090+01:00 INFO : Filtering template 3/96 segment 3/5
2026-09-06T21:20:25.108+01:00 INFO : 1 points above threshold
2026-09-06T21:20:25.113+01:00 INFO : Filtering template 3/96 segment 4/5
2026-09-06T21:20:25.130+01:00 INFO : 1 points above threshold
2026-09-06T21:20:25.135+01:00 INFO : Filtering template 3/96 segment 5/5
2026-09-06T21:20:25.153+01:00 INFO : 3: generating IMRPhenomD from 30.0 Hz
2026-09-06T21:20:25.156+01:00 INFO : Decompressing waveform using inline_linear
2026-09-06T21:20:25.161+01:00 INFO : Filtering template 4/96 segment 1/5
2026-09-06T21:20:25.181+01:00 INFO : 1 points above threshold
2026-09-06T21:20:25.196+01:00 INFO : Filtering template 4/96 segment 2/5
2026-09-06T21:20:25.213+01:00 INFO : 1 points above threshold
2026-09-06T21:20:25.219+01:00 INFO : Filtering template 4/96 segment 3/5
2026-09-06T21:20:25.237+01:00 INFO : 2 points above threshold
2026-09-06T21:20:25.244+01:00 INFO : Filtering template 4/96 segment 4/5
2026-09-06T21:20:25.261+01:00 INFO : 2 points above threshold
2026-09-06T21:20:25.268+01:00 INFO : Filtering template 4/96 segment 5/5
2026-09-06T21:20:25.286+01:00 INFO : 2 points above threshold
2026-09-06T21:20:25.293+01:00 INFO : 4: generating IMRPhenomD from 30.0 Hz
2026-09-06T21:20:25.296+01:00 INFO : Decompressing waveform using inline_linear
2026-09-06T21:20:25.301+01:00 INFO : Filtering template 5/96 segment 1/5
2026-09-06T21:20:25.320+01:00 INFO : 1 points above threshold
2026-09-06T21:20:25.336+01:00 INFO : Filtering template 5/96 segment 2/5
2026-09-06T21:20:25.353+01:00 INFO : 2 points above threshold
2026-09-06T21:20:25.360+01:00 INFO : Filtering template 5/96 segment 3/5
2026-09-06T21:20:25.378+01:00 INFO : 2 points above threshold
2026-09-06T21:20:25.385+01:00 INFO : Filtering template 5/96 segment 4/5
2026-09-06T21:20:25.402+01:00 INFO : 2 points above threshold
2026-09-06T21:20:25.409+01:00 INFO : Filtering template 5/96 segment 5/5
2026-09-06T21:20:25.427+01:00 INFO : 5: generating IMRPhenomD from 30.0 Hz
2026-09-06T21:20:25.430+01:00 INFO : Decompressing waveform using inline_linear
2026-09-06T21:20:25.435+01:00 INFO : Filtering template 6/96 segment 1/5
2026-09-06T21:20:25.455+01:00 INFO : 1 points above threshold
2026-09-06T21:20:25.470+01:00 INFO : Filtering template 6/96 segment 2/5
2026-09-06T21:20:25.488+01:00 INFO : Filtering template 6/96 segment 3/5
2026-09-06T21:20:25.505+01:00 INFO : Filtering template 6/96 segment 4/5
2026-09-06T21:20:25.523+01:00 INFO : Filtering template 6/96 segment 5/5
2026-09-06T21:20:25.541+01:00 INFO : 1 points above threshold
2026-09-06T21:20:25.546+01:00 INFO : 6: generating IMRPhenomD from 30.0 Hz
2026-09-06T21:20:25.549+01:00 INFO : Decompressing waveform using inline_linear
2026-09-06T21:20:25.553+01:00 INFO : Filtering template 7/96 segment 1/5
2026-09-06T21:20:25.573+01:00 INFO : 2 points above threshold
2026-09-06T21:20:25.590+01:00 INFO : Filtering template 7/96 segment 2/5
2026-09-06T21:20:25.608+01:00 INFO : Filtering template 7/96 segment 3/5
2026-09-06T21:20:25.626+01:00 INFO : Filtering template 7/96 segment 4/5
2026-09-06T21:20:25.643+01:00 INFO : 1 points above threshold
2026-09-06T21:20:25.648+01:00 INFO : Filtering template 7/96 segment 5/5
2026-09-06T21:20:25.666+01:00 INFO : 7: generating IMRPhenomD from 30.0 Hz
2026-09-06T21:20:25.669+01:00 INFO : Decompressing waveform using inline_linear
2026-09-06T21:20:25.674+01:00 INFO : Filtering template 8/96 segment 1/5
2026-09-06T21:20:25.693+01:00 INFO : 2 points above threshold
2026-09-06T21:20:25.710+01:00 INFO : Filtering template 8/96 segment 2/5
2026-09-06T21:20:25.728+01:00 INFO : 1 points above threshold
2026-09-06T21:20:25.733+01:00 INFO : Filtering template 8/96 segment 3/5
2026-09-06T21:20:25.751+01:00 INFO : 4 points above threshold
2026-09-06T21:20:25.759+01:00 INFO : Filtering template 8/96 segment 4/5
2026-09-06T21:20:25.777+01:00 INFO : Filtering template 8/96 segment 5/5
2026-09-06T21:20:25.795+01:00 INFO : 8: generating IMRPhenomD from 30.0 Hz
2026-09-06T21:20:25.798+01:00 INFO : Decompressing waveform using inline_linear
2026-09-06T21:20:25.802+01:00 INFO : Filtering template 9/96 segment 1/5
2026-09-06T21:20:25.822+01:00 INFO : Filtering template 9/96 segment 2/5
2026-09-06T21:20:25.840+01:00 INFO : 1 points above threshold
2026-09-06T21:20:25.853+01:00 INFO : Filtering template 9/96 segment 3/5
2026-09-06T21:20:25.871+01:00 INFO : 2 points above threshold
2026-09-06T21:20:25.878+01:00 INFO : Filtering template 9/96 segment 4/5
2026-09-06T21:20:25.896+01:00 INFO : 1 points above threshold
2026-09-06T21:20:25.901+01:00 INFO : Filtering template 9/96 segment 5/5
2026-09-06T21:20:25.919+01:00 INFO : 3 points above threshold
2026-09-06T21:20:25.928+01:00 INFO : 9: generating IMRPhenomD from 30.0 Hz
2026-09-06T21:20:25.931+01:00 INFO : Decompressing waveform using inline_linear
2026-09-06T21:20:25.935+01:00 INFO : Filtering template 10/96 segment 1/5
2026-09-06T21:20:25.955+01:00 INFO : 1 points above threshold
2026-09-06T21:20:25.969+01:00 INFO : Filtering template 10/96 segment 2/5
2026-09-06T21:20:25.986+01:00 INFO : 1 points above threshold
2026-09-06T21:20:25.991+01:00 INFO : Filtering template 10/96 segment 3/5
2026-09-06T21:20:26.009+01:00 INFO : Filtering template 10/96 segment 4/5
2026-09-06T21:20:26.027+01:00 INFO : 2 points above threshold
2026-09-06T21:20:26.034+01:00 INFO : Filtering template 10/96 segment 5/5
2026-09-06T21:20:26.051+01:00 INFO : 1 points above threshold
2026-09-06T21:20:26.057+01:00 INFO : 10: generating IMRPhenomD from 30.0 Hz
2026-09-06T21:20:26.059+01:00 INFO : Decompressing waveform using inline_linear
2026-09-06T21:20:26.064+01:00 INFO : Filtering template 11/96 segment 1/5
2026-09-06T21:20:26.084+01:00 INFO : 4 points above threshold
2026-09-06T21:20:26.101+01:00 INFO : Filtering template 11/96 segment 2/5
2026-09-06T21:20:26.118+01:00 INFO : 2 points above threshold
2026-09-06T21:20:26.125+01:00 INFO : Filtering template 11/96 segment 3/5
2026-09-06T21:20:26.143+01:00 INFO : 1 points above threshold
2026-09-06T21:20:26.148+01:00 INFO : Filtering template 11/96 segment 4/5
2026-09-06T21:20:26.166+01:00 INFO : Filtering template 11/96 segment 5/5
2026-09-06T21:20:26.183+01:00 INFO : 11: generating IMRPhenomD from 30.0 Hz
2026-09-06T21:20:26.186+01:00 INFO : Decompressing waveform using inline_linear
2026-09-06T21:20:26.191+01:00 INFO : Filtering template 12/96 segment 1/5
2026-09-06T21:20:26.211+01:00 INFO : 1 points above threshold
2026-09-06T21:20:26.224+01:00 INFO : Filtering template 12/96 segment 2/5
2026-09-06T21:20:26.242+01:00 INFO : 1 points above threshold
2026-09-06T21:20:26.247+01:00 INFO : Filtering template 12/96 segment 3/5
2026-09-06T21:20:26.265+01:00 INFO : 1 points above threshold
2026-09-06T21:20:26.270+01:00 INFO : Filtering template 12/96 segment 4/5
2026-09-06T21:20:26.287+01:00 INFO : 3 points above threshold
2026-09-06T21:20:26.297+01:00 INFO : Filtering template 12/96 segment 5/5
2026-09-06T21:20:26.314+01:00 INFO : 12: generating IMRPhenomD from 30.0 Hz
2026-09-06T21:20:26.317+01:00 INFO : Decompressing waveform using inline_linear
2026-09-06T21:20:26.322+01:00 INFO : Filtering template 13/96 segment 1/5
2026-09-06T21:20:26.342+01:00 INFO : Filtering template 13/96 segment 2/5
2026-09-06T21:20:26.359+01:00 INFO : 4 points above threshold
2026-09-06T21:20:26.376+01:00 INFO : Filtering template 13/96 segment 3/5
2026-09-06T21:20:26.394+01:00 INFO : Filtering template 13/96 segment 4/5
2026-09-06T21:20:26.412+01:00 INFO : Filtering template 13/96 segment 5/5
2026-09-06T21:20:26.429+01:00 INFO : 1 points above threshold
2026-09-06T21:20:26.435+01:00 INFO : 13: generating IMRPhenomD from 30.0 Hz
2026-09-06T21:20:26.437+01:00 INFO : Decompressing waveform using inline_linear
2026-09-06T21:20:26.442+01:00 INFO : Filtering template 14/96 segment 1/5
2026-09-06T21:20:26.462+01:00 INFO : 1 points above threshold
2026-09-06T21:20:26.476+01:00 INFO : Filtering template 14/96 segment 2/5
2026-09-06T21:20:26.493+01:00 INFO : 2 points above threshold
2026-09-06T21:20:26.500+01:00 INFO : Filtering template 14/96 segment 3/5
2026-09-06T21:20:26.518+01:00 INFO : 3 points above threshold
2026-09-06T21:20:26.527+01:00 INFO : Filtering template 14/96 segment 4/5
2026-09-06T21:20:26.544+01:00 INFO : 2 points above threshold
2026-09-06T21:20:26.551+01:00 INFO : Filtering template 14/96 segment 5/5
2026-09-06T21:20:26.569+01:00 INFO : 14: generating IMRPhenomD from 30.0 Hz
2026-09-06T21:20:26.572+01:00 INFO : Decompressing waveform using inline_linear
2026-09-06T21:20:26.577+01:00 INFO : Filtering template 15/96 segment 1/5
2026-09-06T21:20:26.597+01:00 INFO : 1 points above threshold
2026-09-06T21:20:26.610+01:00 INFO : Filtering template 15/96 segment 2/5
2026-09-06T21:20:26.628+01:00 INFO : Filtering template 15/96 segment 3/5
2026-09-06T21:20:26.646+01:00 INFO : 1 points above threshold
2026-09-06T21:20:26.651+01:00 INFO : Filtering template 15/96 segment 4/5
2026-09-06T21:20:26.668+01:00 INFO : 1 points above threshold
2026-09-06T21:20:26.674+01:00 INFO : Filtering template 15/96 segment 5/5
2026-09-06T21:20:26.691+01:00 INFO : 3 points above threshold
2026-09-06T21:20:26.700+01:00 INFO : 15: generating IMRPhenomD from 30.0 Hz
2026-09-06T21:20:26.703+01:00 INFO : Decompressing waveform using inline_linear
2026-09-06T21:20:26.708+01:00 INFO : Filtering template 16/96 segment 1/5
2026-09-06T21:20:26.728+01:00 INFO : 1 points above threshold
2026-09-06T21:20:26.741+01:00 INFO : Filtering template 16/96 segment 2/5
2026-09-06T21:20:26.759+01:00 INFO : 2 points above threshold
2026-09-06T21:20:26.766+01:00 INFO : Filtering template 16/96 segment 3/5
2026-09-06T21:20:26.783+01:00 INFO : 3 points above threshold
2026-09-06T21:20:26.793+01:00 INFO : Filtering template 16/96 segment 4/5
2026-09-06T21:20:26.810+01:00 INFO : 2 points above threshold
2026-09-06T21:20:26.817+01:00 INFO : Filtering template 16/96 segment 5/5
2026-09-06T21:20:26.835+01:00 INFO : 16: generating IMRPhenomD from 30.0 Hz
2026-09-06T21:20:26.838+01:00 INFO : Decompressing waveform using inline_linear
2026-09-06T21:20:26.842+01:00 INFO : Filtering template 17/96 segment 1/5
2026-09-06T21:20:26.862+01:00 INFO : 2 points above threshold
2026-09-06T21:20:26.879+01:00 INFO : Filtering template 17/96 segment 2/5
2026-09-06T21:20:26.897+01:00 INFO : 3 points above threshold
2026-09-06T21:20:26.906+01:00 INFO : Filtering template 17/96 segment 3/5
2026-09-06T21:20:26.924+01:00 INFO : Filtering template 17/96 segment 4/5
2026-09-06T21:20:26.941+01:00 INFO : 2 points above threshold
2026-09-06T21:20:26.948+01:00 INFO : Filtering template 17/96 segment 5/5
2026-09-06T21:20:26.966+01:00 INFO : 3 points above threshold
2026-09-06T21:20:26.976+01:00 INFO : 17: generating IMRPhenomD from 30.0 Hz
2026-09-06T21:20:26.978+01:00 INFO : Decompressing waveform using inline_linear
2026-09-06T21:20:26.983+01:00 INFO : Filtering template 18/96 segment 1/5
2026-09-06T21:20:27.003+01:00 INFO : Filtering template 18/96 segment 2/5
2026-09-06T21:20:27.021+01:00 INFO : Filtering template 18/96 segment 3/5
2026-09-06T21:20:27.038+01:00 INFO : 1 points above threshold
2026-09-06T21:20:27.054+01:00 INFO : Filtering template 18/96 segment 4/5
2026-09-06T21:20:27.071+01:00 INFO : Filtering template 18/96 segment 5/5
2026-09-06T21:20:27.089+01:00 INFO : 2 points above threshold
2026-09-06T21:20:27.097+01:00 INFO : 18: generating IMRPhenomD from 30.0 Hz
2026-09-06T21:20:27.099+01:00 INFO : Decompressing waveform using inline_linear
2026-09-06T21:20:27.104+01:00 INFO : Filtering template 19/96 segment 1/5
2026-09-06T21:20:27.124+01:00 INFO : 3 points above threshold
2026-09-06T21:20:27.143+01:00 INFO : Filtering template 19/96 segment 2/5
2026-09-06T21:20:27.161+01:00 INFO : 1 points above threshold
2026-09-06T21:20:27.169+01:00 INFO : Filtering template 19/96 segment 3/5
2026-09-06T21:20:27.186+01:00 INFO : 1 points above threshold
2026-09-06T21:20:27.191+01:00 INFO : Filtering template 19/96 segment 4/5
2026-09-06T21:20:27.209+01:00 INFO : 3 points above threshold
2026-09-06T21:20:27.218+01:00 INFO : Filtering template 19/96 segment 5/5
2026-09-06T21:20:27.235+01:00 INFO : 1 points above threshold
2026-09-06T21:20:27.241+01:00 INFO : 19: generating IMRPhenomD from 30.0 Hz
2026-09-06T21:20:27.244+01:00 INFO : Decompressing waveform using inline_linear
2026-09-06T21:20:27.248+01:00 INFO : Filtering template 20/96 segment 1/5
2026-09-06T21:20:27.268+01:00 INFO : 1 points above threshold
2026-09-06T21:20:27.283+01:00 INFO : Filtering template 20/96 segment 2/5
2026-09-06T21:20:27.301+01:00 INFO : 3 points above threshold
2026-09-06T21:20:27.310+01:00 INFO : Filtering template 20/96 segment 3/5
2026-09-06T21:20:27.328+01:00 INFO : Filtering template 20/96 segment 4/5
2026-09-06T21:20:27.345+01:00 INFO : 2 points above threshold
2026-09-06T21:20:27.352+01:00 INFO : Filtering template 20/96 segment 5/5
2026-09-06T21:20:27.370+01:00 INFO : 20: generating IMRPhenomD from 30.0 Hz
2026-09-06T21:20:27.373+01:00 INFO : Decompressing waveform using inline_linear
2026-09-06T21:20:27.378+01:00 INFO : Filtering template 21/96 segment 1/5
2026-09-06T21:20:27.397+01:00 INFO : 1 points above threshold
2026-09-06T21:20:27.412+01:00 INFO : Filtering template 21/96 segment 2/5
2026-09-06T21:20:27.430+01:00 INFO : 1 points above threshold
2026-09-06T21:20:27.435+01:00 INFO : Filtering template 21/96 segment 3/5
2026-09-06T21:20:27.453+01:00 INFO : 1 points above threshold
2026-09-06T21:20:27.458+01:00 INFO : Filtering template 21/96 segment 4/5
2026-09-06T21:20:27.475+01:00 INFO : Filtering template 21/96 segment 5/5
2026-09-06T21:20:27.493+01:00 INFO : 21: generating IMRPhenomD from 30.0 Hz
2026-09-06T21:20:27.496+01:00 INFO : Decompressing waveform using inline_linear
2026-09-06T21:20:27.501+01:00 INFO : Filtering template 22/96 segment 1/5
2026-09-06T21:20:27.521+01:00 INFO : 5 points above threshold
2026-09-06T21:20:27.542+01:00 INFO : Filtering template 22/96 segment 2/5
2026-09-06T21:20:27.560+01:00 INFO : Filtering template 22/96 segment 3/5
2026-09-06T21:20:27.578+01:00 INFO : Filtering template 22/96 segment 4/5
2026-09-06T21:20:27.595+01:00 INFO : 1 points above threshold
2026-09-06T21:20:27.600+01:00 INFO : Filtering template 22/96 segment 5/5
2026-09-06T21:20:27.618+01:00 INFO : 1 points above threshold
2026-09-06T21:20:27.623+01:00 INFO : 22: generating IMRPhenomD from 30.0 Hz
2026-09-06T21:20:27.626+01:00 INFO : Decompressing waveform using inline_linear
2026-09-06T21:20:27.631+01:00 INFO : Filtering template 23/96 segment 1/5
2026-09-06T21:20:27.651+01:00 INFO : 2 points above threshold
2026-09-06T21:20:27.667+01:00 INFO : Filtering template 23/96 segment 2/5
2026-09-06T21:20:27.685+01:00 INFO : 1 points above threshold
2026-09-06T21:20:27.690+01:00 INFO : Filtering template 23/96 segment 3/5
2026-09-06T21:20:27.708+01:00 INFO : 1 points above threshold
2026-09-06T21:20:27.713+01:00 INFO : Filtering template 23/96 segment 4/5
2026-09-06T21:20:27.730+01:00 INFO : Filtering template 23/96 segment 5/5
2026-09-06T21:20:27.748+01:00 INFO : 23: generating IMRPhenomD from 30.0 Hz
2026-09-06T21:20:27.751+01:00 INFO : Decompressing waveform using inline_linear
2026-09-06T21:20:27.756+01:00 INFO : Filtering template 24/96 segment 1/5
2026-09-06T21:20:27.776+01:00 INFO : 1 points above threshold
2026-09-06T21:20:27.792+01:00 INFO : Filtering template 24/96 segment 2/5
2026-09-06T21:20:27.810+01:00 INFO : 2 points above threshold
2026-09-06T21:20:27.817+01:00 INFO : Filtering template 24/96 segment 3/5
2026-09-06T21:20:27.834+01:00 INFO : 1 points above threshold
2026-09-06T21:20:27.839+01:00 INFO : Filtering template 24/96 segment 4/5
2026-09-06T21:20:27.857+01:00 INFO : Filtering template 24/96 segment 5/5
2026-09-06T21:20:27.875+01:00 INFO : 2 points above threshold
2026-09-06T21:20:27.882+01:00 INFO : 24: generating IMRPhenomD from 30.0 Hz
2026-09-06T21:20:27.885+01:00 INFO : Decompressing waveform using inline_linear
2026-09-06T21:20:27.889+01:00 INFO : Filtering template 25/96 segment 1/5
2026-09-06T21:20:27.909+01:00 INFO : 2 points above threshold
2026-09-06T21:20:27.928+01:00 INFO : Filtering template 25/96 segment 2/5
2026-09-06T21:20:27.945+01:00 INFO : Filtering template 25/96 segment 3/5
2026-09-06T21:20:27.963+01:00 INFO : Filtering template 25/96 segment 4/5
2026-09-06T21:20:27.980+01:00 INFO : Filtering template 25/96 segment 5/5
2026-09-06T21:20:27.998+01:00 INFO : 25: generating IMRPhenomD from 30.0 Hz
2026-09-06T21:20:28.001+01:00 INFO : Decompressing waveform using inline_linear
2026-09-06T21:20:28.006+01:00 INFO : Filtering template 26/96 segment 1/5
2026-09-06T21:20:28.026+01:00 INFO : Filtering template 26/96 segment 2/5
2026-09-06T21:20:28.044+01:00 INFO : 2 points above threshold
2026-09-06T21:20:28.062+01:00 INFO : Filtering template 26/96 segment 3/5
2026-09-06T21:20:28.080+01:00 INFO : Filtering template 26/96 segment 4/5
2026-09-06T21:20:28.097+01:00 INFO : 2 points above threshold
2026-09-06T21:20:28.104+01:00 INFO : Filtering template 26/96 segment 5/5
2026-09-06T21:20:28.122+01:00 INFO : 2 points above threshold
2026-09-06T21:20:28.129+01:00 INFO : 26: generating IMRPhenomD from 30.0 Hz
2026-09-06T21:20:28.132+01:00 INFO : Decompressing waveform using inline_linear
2026-09-06T21:20:28.137+01:00 INFO : Filtering template 27/96 segment 1/5
2026-09-06T21:20:28.160+01:00 INFO : 3 points above threshold
2026-09-06T21:20:28.181+01:00 INFO : Filtering template 27/96 segment 2/5
2026-09-06T21:20:28.200+01:00 INFO : Filtering template 27/96 segment 3/5
2026-09-06T21:20:28.220+01:00 INFO : 1 points above threshold
2026-09-06T21:20:28.228+01:00 INFO : Filtering template 27/96 segment 4/5
2026-09-06T21:20:28.246+01:00 INFO : Filtering template 27/96 segment 5/5
2026-09-06T21:20:28.264+01:00 INFO : 27: generating IMRPhenomD from 30.0 Hz
2026-09-06T21:20:28.267+01:00 INFO : Decompressing waveform using inline_linear
2026-09-06T21:20:28.272+01:00 INFO : Filtering template 28/96 segment 1/5
2026-09-06T21:20:28.292+01:00 INFO : 3 points above threshold
2026-09-06T21:20:28.311+01:00 INFO : Filtering template 28/96 segment 2/5
2026-09-06T21:20:28.329+01:00 INFO : 1 points above threshold
2026-09-06T21:20:28.334+01:00 INFO : Filtering template 28/96 segment 3/5
2026-09-06T21:20:28.351+01:00 INFO : 2 points above threshold
2026-09-06T21:20:28.358+01:00 INFO : Filtering template 28/96 segment 4/5
2026-09-06T21:20:28.376+01:00 INFO : 1 points above threshold
2026-09-06T21:20:28.381+01:00 INFO : Filtering template 28/96 segment 5/5
2026-09-06T21:20:28.399+01:00 INFO : 28: generating IMRPhenomD from 30.0 Hz
2026-09-06T21:20:28.402+01:00 INFO : Decompressing waveform using inline_linear
2026-09-06T21:20:28.406+01:00 INFO : Filtering template 29/96 segment 1/5
2026-09-06T21:20:28.426+01:00 INFO : 2 points above threshold
2026-09-06T21:20:28.443+01:00 INFO : Filtering template 29/96 segment 2/5
2026-09-06T21:20:28.461+01:00 INFO : 2 points above threshold
2026-09-06T21:20:28.468+01:00 INFO : Filtering template 29/96 segment 3/5
2026-09-06T21:20:28.485+01:00 INFO : 1 points above threshold
2026-09-06T21:20:28.491+01:00 INFO : Filtering template 29/96 segment 4/5
2026-09-06T21:20:28.508+01:00 INFO : 2 points above threshold
2026-09-06T21:20:28.515+01:00 INFO : Filtering template 29/96 segment 5/5
2026-09-06T21:20:28.533+01:00 INFO : 2 points above threshold
2026-09-06T21:20:28.540+01:00 INFO : 29: generating IMRPhenomD from 30.0 Hz
2026-09-06T21:20:28.543+01:00 INFO : Decompressing waveform using inline_linear
2026-09-06T21:20:28.547+01:00 INFO : Filtering template 30/96 segment 1/5
2026-09-06T21:20:28.567+01:00 INFO : 1 points above threshold
2026-09-06T21:20:28.582+01:00 INFO : Filtering template 30/96 segment 2/5
2026-09-06T21:20:28.600+01:00 INFO : 1 points above threshold
2026-09-06T21:20:28.605+01:00 INFO : Filtering template 30/96 segment 3/5
2026-09-06T21:20:28.623+01:00 INFO : 1 points above threshold
2026-09-06T21:20:28.628+01:00 INFO : Filtering template 30/96 segment 4/5
2026-09-06T21:20:28.645+01:00 INFO : Filtering template 30/96 segment 5/5
2026-09-06T21:20:28.663+01:00 INFO : 30: generating IMRPhenomD from 30.0 Hz
2026-09-06T21:20:28.666+01:00 INFO : Decompressing waveform using inline_linear
2026-09-06T21:20:28.671+01:00 INFO : Filtering template 31/96 segment 1/5
2026-09-06T21:20:28.691+01:00 INFO : Filtering template 31/96 segment 2/5
2026-09-06T21:20:28.708+01:00 INFO : 1 points above threshold
2026-09-06T21:20:28.723+01:00 INFO : Filtering template 31/96 segment 3/5
2026-09-06T21:20:28.741+01:00 INFO : Filtering template 31/96 segment 4/5
2026-09-06T21:20:28.758+01:00 INFO : 1 points above threshold
2026-09-06T21:20:28.763+01:00 INFO : Filtering template 31/96 segment 5/5
2026-09-06T21:20:28.781+01:00 INFO : 1 points above threshold
2026-09-06T21:20:28.786+01:00 INFO : 31: generating IMRPhenomD from 30.0 Hz
2026-09-06T21:20:28.789+01:00 INFO : Decompressing waveform using inline_linear
2026-09-06T21:20:28.794+01:00 INFO : Filtering template 32/96 segment 1/5
2026-09-06T21:20:28.813+01:00 INFO : Filtering template 32/96 segment 2/5
2026-09-06T21:20:28.831+01:00 INFO : Filtering template 32/96 segment 3/5
2026-09-06T21:20:28.849+01:00 INFO : Filtering template 32/96 segment 4/5
2026-09-06T21:20:28.866+01:00 INFO : 3 points above threshold
2026-09-06T21:20:28.886+01:00 INFO : Filtering template 32/96 segment 5/5
2026-09-06T21:20:28.903+01:00 INFO : 2 points above threshold
2026-09-06T21:20:28.910+01:00 INFO : 32: generating IMRPhenomD from 30.0 Hz
2026-09-06T21:20:28.913+01:00 INFO : Decompressing waveform using inline_linear
2026-09-06T21:20:28.918+01:00 INFO : Filtering template 33/96 segment 1/5
2026-09-06T21:20:28.938+01:00 INFO : 2 points above threshold
2026-09-06T21:20:28.955+01:00 INFO : Filtering template 33/96 segment 2/5
2026-09-06T21:20:28.972+01:00 INFO : Filtering template 33/96 segment 3/5
2026-09-06T21:20:28.990+01:00 INFO : Filtering template 33/96 segment 4/5
2026-09-06T21:20:29.008+01:00 INFO : 1 points above threshold
2026-09-06T21:20:29.013+01:00 INFO : Filtering template 33/96 segment 5/5
2026-09-06T21:20:29.031+01:00 INFO : 33: generating IMRPhenomD from 30.0 Hz
2026-09-06T21:20:29.034+01:00 INFO : Decompressing waveform using inline_linear
2026-09-06T21:20:29.038+01:00 INFO : Filtering template 34/96 segment 1/5
2026-09-06T21:20:29.058+01:00 INFO : Filtering template 34/96 segment 2/5
2026-09-06T21:20:29.076+01:00 INFO : 1 points above threshold
2026-09-06T21:20:29.091+01:00 INFO : Filtering template 34/96 segment 3/5
2026-09-06T21:20:29.109+01:00 INFO : 1 points above threshold
2026-09-06T21:20:29.114+01:00 INFO : Filtering template 34/96 segment 4/5
2026-09-06T21:20:29.131+01:00 INFO : Filtering template 34/96 segment 5/5
2026-09-06T21:20:29.149+01:00 INFO : 1 points above threshold
2026-09-06T21:20:29.154+01:00 INFO : 34: generating IMRPhenomD from 30.0 Hz
2026-09-06T21:20:29.157+01:00 INFO : Decompressing waveform using inline_linear
2026-09-06T21:20:29.162+01:00 INFO : Filtering template 35/96 segment 1/5
2026-09-06T21:20:29.181+01:00 INFO : 1 points above threshold
2026-09-06T21:20:29.197+01:00 INFO : Filtering template 35/96 segment 2/5
2026-09-06T21:20:29.214+01:00 INFO : 1 points above threshold
2026-09-06T21:20:29.219+01:00 INFO : Filtering template 35/96 segment 3/5
2026-09-06T21:20:29.237+01:00 INFO : 1 points above threshold
2026-09-06T21:20:29.242+01:00 INFO : Filtering template 35/96 segment 4/5
2026-09-06T21:20:29.259+01:00 INFO : Filtering template 35/96 segment 5/5
2026-09-06T21:20:29.277+01:00 INFO : 35: generating IMRPhenomD from 30.0 Hz
2026-09-06T21:20:29.280+01:00 INFO : Decompressing waveform using inline_linear
2026-09-06T21:20:29.285+01:00 INFO : Filtering template 36/96 segment 1/5
2026-09-06T21:20:29.305+01:00 INFO : 3 points above threshold
2026-09-06T21:20:29.324+01:00 INFO : Filtering template 36/96 segment 2/5
2026-09-06T21:20:29.342+01:00 INFO : 1 points above threshold
2026-09-06T21:20:29.347+01:00 INFO : Filtering template 36/96 segment 3/5
2026-09-06T21:20:29.364+01:00 INFO : 2 points above threshold
2026-09-06T21:20:29.371+01:00 INFO : Filtering template 36/96 segment 4/5
2026-09-06T21:20:29.389+01:00 INFO : Filtering template 36/96 segment 5/5
2026-09-06T21:20:29.406+01:00 INFO : 1 points above threshold
2026-09-06T21:20:29.412+01:00 INFO : 36: generating IMRPhenomD from 30.0 Hz
2026-09-06T21:20:29.414+01:00 INFO : Decompressing waveform using inline_linear
2026-09-06T21:20:29.419+01:00 INFO : Filtering template 37/96 segment 1/5
2026-09-06T21:20:29.439+01:00 INFO : 2 points above threshold
2026-09-06T21:20:29.456+01:00 INFO : Filtering template 37/96 segment 2/5
2026-09-06T21:20:29.473+01:00 INFO : 3 points above threshold
2026-09-06T21:20:29.482+01:00 INFO : Filtering template 37/96 segment 3/5
2026-09-06T21:20:29.500+01:00 INFO : 1 points above threshold
2026-09-06T21:20:29.505+01:00 INFO : Filtering template 37/96 segment 4/5
2026-09-06T21:20:29.523+01:00 INFO : 3 points above threshold
2026-09-06T21:20:29.532+01:00 INFO : Filtering template 37/96 segment 5/5
2026-09-06T21:20:29.550+01:00 INFO : 37: generating IMRPhenomD from 30.0 Hz
2026-09-06T21:20:29.552+01:00 INFO : Decompressing waveform using inline_linear
2026-09-06T21:20:29.557+01:00 INFO : Filtering template 38/96 segment 1/5
2026-09-06T21:20:29.577+01:00 INFO : Filtering template 38/96 segment 2/5
2026-09-06T21:20:29.595+01:00 INFO : Filtering template 38/96 segment 3/5
2026-09-06T21:20:29.612+01:00 INFO : 1 points above threshold
2026-09-06T21:20:29.627+01:00 INFO : Filtering template 38/96 segment 4/5
2026-09-06T21:20:29.645+01:00 INFO : 1 points above threshold
2026-09-06T21:20:29.650+01:00 INFO : Filtering template 38/96 segment 5/5
2026-09-06T21:20:29.667+01:00 INFO : 1 points above threshold
2026-09-06T21:20:29.673+01:00 INFO : 38: generating IMRPhenomD from 30.0 Hz
2026-09-06T21:20:29.675+01:00 INFO : Decompressing waveform using inline_linear
2026-09-06T21:20:29.680+01:00 INFO : Filtering template 39/96 segment 1/5
2026-09-06T21:20:29.700+01:00 INFO : Filtering template 39/96 segment 2/5
2026-09-06T21:20:29.718+01:00 INFO : 2 points above threshold
2026-09-06T21:20:29.734+01:00 INFO : Filtering template 39/96 segment 3/5
2026-09-06T21:20:29.752+01:00 INFO : Filtering template 39/96 segment 4/5
2026-09-06T21:20:29.770+01:00 INFO : 2 points above threshold
2026-09-06T21:20:29.777+01:00 INFO : Filtering template 39/96 segment 5/5
2026-09-06T21:20:29.795+01:00 INFO : 39: generating IMRPhenomD from 30.0 Hz
2026-09-06T21:20:29.797+01:00 INFO : Decompressing waveform using inline_linear
2026-09-06T21:20:29.802+01:00 INFO : Filtering template 40/96 segment 1/5
2026-09-06T21:20:29.822+01:00 INFO : Filtering template 40/96 segment 2/5
2026-09-06T21:20:29.840+01:00 INFO : Filtering template 40/96 segment 3/5
2026-09-06T21:20:29.857+01:00 INFO : Filtering template 40/96 segment 4/5
2026-09-06T21:20:29.875+01:00 INFO : 2 points above threshold
2026-09-06T21:20:29.892+01:00 INFO : Filtering template 40/96 segment 5/5
2026-09-06T21:20:29.910+01:00 INFO : 40: generating IMRPhenomD from 30.0 Hz
2026-09-06T21:20:29.913+01:00 INFO : Decompressing waveform using inline_linear
2026-09-06T21:20:29.918+01:00 INFO : Filtering template 41/96 segment 1/5
2026-09-06T21:20:29.937+01:00 INFO : Filtering template 41/96 segment 2/5
2026-09-06T21:20:29.955+01:00 INFO : Filtering template 41/96 segment 3/5
2026-09-06T21:20:29.973+01:00 INFO : 2 points above threshold
2026-09-06T21:20:29.990+01:00 INFO : Filtering template 41/96 segment 4/5
2026-09-06T21:20:30.007+01:00 INFO : 2 points above threshold
2026-09-06T21:20:30.014+01:00 INFO : Filtering template 41/96 segment 5/5
2026-09-06T21:20:30.032+01:00 INFO : 41: generating IMRPhenomD from 30.0 Hz
2026-09-06T21:20:30.035+01:00 INFO : Decompressing waveform using inline_linear
2026-09-06T21:20:30.040+01:00 INFO : Filtering template 42/96 segment 1/5
2026-09-06T21:20:30.060+01:00 INFO : Filtering template 42/96 segment 2/5
2026-09-06T21:20:30.077+01:00 INFO : 1 points above threshold
2026-09-06T21:20:30.092+01:00 INFO : Filtering template 42/96 segment 3/5
2026-09-06T21:20:30.110+01:00 INFO : Filtering template 42/96 segment 4/5
2026-09-06T21:20:30.127+01:00 INFO : 1 points above threshold
2026-09-06T21:20:30.133+01:00 INFO : Filtering template 42/96 segment 5/5
2026-09-06T21:20:30.150+01:00 INFO : 1 points above threshold
2026-09-06T21:20:30.155+01:00 INFO : 42: generating IMRPhenomD from 30.0 Hz
2026-09-06T21:20:30.158+01:00 INFO : Decompressing waveform using inline_linear
2026-09-06T21:20:30.163+01:00 INFO : Filtering template 43/96 segment 1/5
2026-09-06T21:20:30.183+01:00 INFO : 1 points above threshold
2026-09-06T21:20:30.198+01:00 INFO : Filtering template 43/96 segment 2/5
2026-09-06T21:20:30.216+01:00 INFO : 2 points above threshold
2026-09-06T21:20:30.223+01:00 INFO : Filtering template 43/96 segment 3/5
2026-09-06T21:20:30.240+01:00 INFO : 1 points above threshold
2026-09-06T21:20:30.245+01:00 INFO : Filtering template 43/96 segment 4/5
2026-09-06T21:20:30.263+01:00 INFO : Filtering template 43/96 segment 5/5
2026-09-06T21:20:30.281+01:00 INFO : 43: generating IMRPhenomD from 30.0 Hz
2026-09-06T21:20:30.283+01:00 INFO : Decompressing waveform using inline_linear
2026-09-06T21:20:30.288+01:00 INFO : Filtering template 44/96 segment 1/5
2026-09-06T21:20:30.308+01:00 INFO : 1 points above threshold
2026-09-06T21:20:30.323+01:00 INFO : Filtering template 44/96 segment 2/5
2026-09-06T21:20:30.341+01:00 INFO : Filtering template 44/96 segment 3/5
2026-09-06T21:20:30.358+01:00 INFO : Filtering template 44/96 segment 4/5
2026-09-06T21:20:30.376+01:00 INFO : 1 points above threshold
2026-09-06T21:20:30.381+01:00 INFO : Filtering template 44/96 segment 5/5
2026-09-06T21:20:30.399+01:00 INFO : 44: generating IMRPhenomD from 30.0 Hz
2026-09-06T21:20:30.402+01:00 INFO : Decompressing waveform using inline_linear
2026-09-06T21:20:30.407+01:00 INFO : Filtering template 45/96 segment 1/5
2026-09-06T21:20:30.426+01:00 INFO : 2 points above threshold
2026-09-06T21:20:30.443+01:00 INFO : Filtering template 45/96 segment 2/5
2026-09-06T21:20:30.461+01:00 INFO : 1 points above threshold
2026-09-06T21:20:30.466+01:00 INFO : Filtering template 45/96 segment 3/5
2026-09-06T21:20:30.483+01:00 INFO : 1 points above threshold
2026-09-06T21:20:30.489+01:00 INFO : Filtering template 45/96 segment 4/5
2026-09-06T21:20:30.506+01:00 INFO : Filtering template 45/96 segment 5/5
2026-09-06T21:20:30.524+01:00 INFO : 45: generating IMRPhenomD from 30.0 Hz
2026-09-06T21:20:30.527+01:00 INFO : Decompressing waveform using inline_linear
2026-09-06T21:20:30.532+01:00 INFO : Filtering template 46/96 segment 1/5
2026-09-06T21:20:30.551+01:00 INFO : Filtering template 46/96 segment 2/5
2026-09-06T21:20:30.569+01:00 INFO : Filtering template 46/96 segment 3/5
2026-09-06T21:20:30.587+01:00 INFO : 1 points above threshold
2026-09-06T21:20:30.602+01:00 INFO : Filtering template 46/96 segment 4/5
2026-09-06T21:20:30.619+01:00 INFO : 3 points above threshold
2026-09-06T21:20:30.628+01:00 INFO : Filtering template 46/96 segment 5/5
2026-09-06T21:20:30.646+01:00 INFO : 1 points above threshold
2026-09-06T21:20:30.651+01:00 INFO : 46: generating IMRPhenomD from 30.0 Hz
2026-09-06T21:20:30.654+01:00 INFO : Decompressing waveform using inline_linear
2026-09-06T21:20:30.659+01:00 INFO : Filtering template 47/96 segment 1/5
2026-09-06T21:20:30.678+01:00 INFO : 3 points above threshold
2026-09-06T21:20:30.697+01:00 INFO : Filtering template 47/96 segment 2/5
2026-09-06T21:20:30.715+01:00 INFO : Filtering template 47/96 segment 3/5
2026-09-06T21:20:30.733+01:00 INFO : 2 points above threshold
2026-09-06T21:20:30.740+01:00 INFO : Filtering template 47/96 segment 4/5
2026-09-06T21:20:30.757+01:00 INFO : 1 points above threshold
2026-09-06T21:20:30.762+01:00 INFO : Filtering template 47/96 segment 5/5
2026-09-06T21:20:30.780+01:00 INFO : 1 points above threshold
2026-09-06T21:20:30.785+01:00 INFO : 47: generating IMRPhenomD from 30.0 Hz
2026-09-06T21:20:30.788+01:00 INFO : Decompressing waveform using inline_linear
2026-09-06T21:20:30.793+01:00 INFO : Filtering template 48/96 segment 1/5
2026-09-06T21:20:30.812+01:00 INFO : 3 points above threshold
2026-09-06T21:20:30.832+01:00 INFO : Filtering template 48/96 segment 2/5
2026-09-06T21:20:30.849+01:00 INFO : 1 points above threshold
2026-09-06T21:20:30.854+01:00 INFO : Filtering template 48/96 segment 3/5
2026-09-06T21:20:30.872+01:00 INFO : 1 points above threshold
2026-09-06T21:20:30.877+01:00 INFO : Filtering template 48/96 segment 4/5
2026-09-06T21:20:30.895+01:00 INFO : 2 points above threshold
2026-09-06T21:20:30.902+01:00 INFO : Filtering template 48/96 segment 5/5
2026-09-06T21:20:30.920+01:00 INFO : 1 points above threshold
2026-09-06T21:20:30.928+01:00 INFO : 48: generating IMRPhenomD from 30.0 Hz
2026-09-06T21:20:30.931+01:00 INFO : Decompressing waveform using inline_linear
2026-09-06T21:20:30.935+01:00 INFO : Filtering template 49/96 segment 1/5
2026-09-06T21:20:30.955+01:00 INFO : 1 points above threshold
2026-09-06T21:20:30.970+01:00 INFO : Filtering template 49/96 segment 2/5
2026-09-06T21:20:30.988+01:00 INFO : 1 points above threshold
2026-09-06T21:20:30.993+01:00 INFO : Filtering template 49/96 segment 3/5
2026-09-06T21:20:31.011+01:00 INFO : 2 points above threshold
2026-09-06T21:20:31.018+01:00 INFO : Filtering template 49/96 segment 4/5
2026-09-06T21:20:31.035+01:00 INFO : Filtering template 49/96 segment 5/5
2026-09-06T21:20:31.053+01:00 INFO : 49: generating IMRPhenomD from 30.0 Hz
2026-09-06T21:20:31.071+01:00 INFO : Decompressing waveform using inline_linear
2026-09-06T21:20:31.076+01:00 INFO : Filtering template 50/96 segment 1/5
2026-09-06T21:20:31.099+01:00 INFO : Filtering template 50/96 segment 2/5
2026-09-06T21:20:31.116+01:00 INFO : 2 points above threshold
2026-09-06T21:20:31.137+01:00 INFO : Filtering template 50/96 segment 3/5
2026-09-06T21:20:31.155+01:00 INFO : 4 points above threshold
2026-09-06T21:20:31.164+01:00 INFO : Filtering template 50/96 segment 4/5
2026-09-06T21:20:31.181+01:00 INFO : 2 points above threshold
2026-09-06T21:20:31.188+01:00 INFO : Filtering template 50/96 segment 5/5
2026-09-06T21:20:31.206+01:00 INFO : 50: generating IMRPhenomD from 30.0 Hz
2026-09-06T21:20:31.209+01:00 INFO : Decompressing waveform using inline_linear
2026-09-06T21:20:31.214+01:00 INFO : Filtering template 51/96 segment 1/5
2026-09-06T21:20:31.233+01:00 INFO : 1 points above threshold
2026-09-06T21:20:31.249+01:00 INFO : Filtering template 51/96 segment 2/5
2026-09-06T21:20:31.266+01:00 INFO : 1 points above threshold
2026-09-06T21:20:31.271+01:00 INFO : Filtering template 51/96 segment 3/5
2026-09-06T21:20:31.289+01:00 INFO : Filtering template 51/96 segment 4/5
2026-09-06T21:20:31.306+01:00 INFO : 1 points above threshold
2026-09-06T21:20:31.311+01:00 INFO : Filtering template 51/96 segment 5/5
2026-09-06T21:20:31.329+01:00 INFO : 2 points above threshold
2026-09-06T21:20:31.336+01:00 INFO : 51: generating IMRPhenomD from 30.0 Hz
2026-09-06T21:20:31.339+01:00 INFO : Decompressing waveform using inline_linear
2026-09-06T21:20:31.344+01:00 INFO : Filtering template 52/96 segment 1/5
2026-09-06T21:20:31.364+01:00 INFO : 1 points above threshold
2026-09-06T21:20:31.379+01:00 INFO : Filtering template 52/96 segment 2/5
2026-09-06T21:20:31.396+01:00 INFO : 1 points above threshold
2026-09-06T21:20:31.401+01:00 INFO : Filtering template 52/96 segment 3/5
2026-09-06T21:20:31.419+01:00 INFO : Filtering template 52/96 segment 4/5
2026-09-06T21:20:31.436+01:00 INFO : 3 points above threshold
2026-09-06T21:20:31.446+01:00 INFO : Filtering template 52/96 segment 5/5
2026-09-06T21:20:31.463+01:00 INFO : 1 points above threshold
2026-09-06T21:20:31.468+01:00 INFO : 52: generating IMRPhenomD from 30.0 Hz
2026-09-06T21:20:31.471+01:00 INFO : Decompressing waveform using inline_linear
2026-09-06T21:20:31.476+01:00 INFO : Filtering template 53/96 segment 1/5
2026-09-06T21:20:31.496+01:00 INFO : 3 points above threshold
2026-09-06T21:20:31.515+01:00 INFO : Filtering template 53/96 segment 2/5
2026-09-06T21:20:31.533+01:00 INFO : 2 points above threshold
2026-09-06T21:20:31.540+01:00 INFO : Filtering template 53/96 segment 3/5
2026-09-06T21:20:31.557+01:00 INFO : 2 points above threshold
2026-09-06T21:20:31.565+01:00 INFO : Filtering template 53/96 segment 4/5
2026-09-06T21:20:31.583+01:00 INFO : 1 points above threshold
2026-09-06T21:20:31.588+01:00 INFO : Filtering template 53/96 segment 5/5
2026-09-06T21:20:31.605+01:00 INFO : 1 points above threshold
2026-09-06T21:20:31.610+01:00 INFO : 53: generating IMRPhenomD from 30.0 Hz
2026-09-06T21:20:31.613+01:00 INFO : Decompressing waveform using inline_linear
2026-09-06T21:20:31.618+01:00 INFO : Filtering template 54/96 segment 1/5
2026-09-06T21:20:31.638+01:00 INFO : Filtering template 54/96 segment 2/5
2026-09-06T21:20:31.655+01:00 INFO : Filtering template 54/96 segment 3/5
2026-09-06T21:20:31.673+01:00 INFO : 2 points above threshold
2026-09-06T21:20:31.690+01:00 INFO : Filtering template 54/96 segment 4/5
2026-09-06T21:20:31.708+01:00 INFO : 5 points above threshold
2026-09-06T21:20:31.720+01:00 INFO : Filtering template 54/96 segment 5/5
2026-09-06T21:20:31.737+01:00 INFO : 54: generating IMRPhenomD from 30.0 Hz
2026-09-06T21:20:31.740+01:00 INFO : Decompressing waveform using inline_linear
2026-09-06T21:20:31.745+01:00 INFO : Filtering template 55/96 segment 1/5
2026-09-06T21:20:31.765+01:00 INFO : Filtering template 55/96 segment 2/5
2026-09-06T21:20:31.782+01:00 INFO : 1 points above threshold
2026-09-06T21:20:31.797+01:00 INFO : Filtering template 55/96 segment 3/5
2026-09-06T21:20:31.815+01:00 INFO : 3 points above threshold
2026-09-06T21:20:31.824+01:00 INFO : Filtering template 55/96 segment 4/5
2026-09-06T21:20:31.842+01:00 INFO : 1 points above threshold
2026-09-06T21:20:31.847+01:00 INFO : Filtering template 55/96 segment 5/5
2026-09-06T21:20:31.864+01:00 INFO : 1 points above threshold
2026-09-06T21:20:31.870+01:00 INFO : 55: generating IMRPhenomD from 30.0 Hz
2026-09-06T21:20:31.873+01:00 INFO : Decompressing waveform using inline_linear
2026-09-06T21:20:31.878+01:00 INFO : Filtering template 56/96 segment 1/5
2026-09-06T21:20:31.898+01:00 INFO : 1 points above threshold
2026-09-06T21:20:31.914+01:00 INFO : Filtering template 56/96 segment 2/5
2026-09-06T21:20:31.932+01:00 INFO : 1 points above threshold
2026-09-06T21:20:31.937+01:00 INFO : Filtering template 56/96 segment 3/5
2026-09-06T21:20:31.954+01:00 INFO : 3 points above threshold
2026-09-06T21:20:31.963+01:00 INFO : Filtering template 56/96 segment 4/5
2026-09-06T21:20:31.981+01:00 INFO : Filtering template 56/96 segment 5/5
2026-09-06T21:20:31.999+01:00 INFO : 1 points above threshold
2026-09-06T21:20:32.004+01:00 INFO : 56: generating IMRPhenomD from 30.0 Hz
2026-09-06T21:20:32.007+01:00 INFO : Decompressing waveform using inline_linear
2026-09-06T21:20:32.011+01:00 INFO : Filtering template 57/96 segment 1/5
2026-09-06T21:20:32.031+01:00 INFO : 1 points above threshold
2026-09-06T21:20:32.047+01:00 INFO : Filtering template 57/96 segment 2/5
2026-09-06T21:20:32.064+01:00 INFO : 2 points above threshold
2026-09-06T21:20:32.071+01:00 INFO : Filtering template 57/96 segment 3/5
2026-09-06T21:20:32.110+01:00 INFO : 2 points above threshold
2026-09-06T21:20:32.117+01:00 INFO : Filtering template 57/96 segment 4/5
2026-09-06T21:20:32.134+01:00 INFO : 2 points above threshold
2026-09-06T21:20:32.141+01:00 INFO : Filtering template 57/96 segment 5/5
2026-09-06T21:20:32.159+01:00 INFO : 57: generating IMRPhenomD from 30.0 Hz
2026-09-06T21:20:32.162+01:00 INFO : Decompressing waveform using inline_linear
2026-09-06T21:20:32.167+01:00 INFO : Filtering template 58/96 segment 1/5
2026-09-06T21:20:32.186+01:00 INFO : 1 points above threshold
2026-09-06T21:20:32.202+01:00 INFO : Filtering template 58/96 segment 2/5
2026-09-06T21:20:32.219+01:00 INFO : 2 points above threshold
2026-09-06T21:20:32.226+01:00 INFO : Filtering template 58/96 segment 3/5
2026-09-06T21:20:32.243+01:00 INFO : 1 points above threshold
2026-09-06T21:20:32.249+01:00 INFO : Filtering template 58/96 segment 4/5
2026-09-06T21:20:32.266+01:00 INFO : 1 points above threshold
2026-09-06T21:20:32.271+01:00 INFO : Filtering template 58/96 segment 5/5
2026-09-06T21:20:32.289+01:00 INFO : 2 points above threshold
2026-09-06T21:20:32.296+01:00 INFO : 58: generating IMRPhenomD from 30.0 Hz
2026-09-06T21:20:32.299+01:00 INFO : Decompressing waveform using inline_linear
2026-09-06T21:20:32.303+01:00 INFO : Filtering template 59/96 segment 1/5
2026-09-06T21:20:32.323+01:00 INFO : 1 points above threshold
2026-09-06T21:20:32.339+01:00 INFO : Filtering template 59/96 segment 2/5
2026-09-06T21:20:32.357+01:00 INFO : 2 points above threshold
2026-09-06T21:20:32.364+01:00 INFO : Filtering template 59/96 segment 3/5
2026-09-06T21:20:32.381+01:00 INFO : 2 points above threshold
2026-09-06T21:20:32.388+01:00 INFO : Filtering template 59/96 segment 4/5
2026-09-06T21:20:32.405+01:00 INFO : 1 points above threshold
2026-09-06T21:20:32.410+01:00 INFO : Filtering template 59/96 segment 5/5
2026-09-06T21:20:32.428+01:00 INFO : 59: generating IMRPhenomD from 30.0 Hz
2026-09-06T21:20:32.431+01:00 INFO : Decompressing waveform using inline_linear
2026-09-06T21:20:32.436+01:00 INFO : Filtering template 60/96 segment 1/5
2026-09-06T21:20:32.455+01:00 INFO : Filtering template 60/96 segment 2/5
2026-09-06T21:20:32.473+01:00 INFO : Filtering template 60/96 segment 3/5
2026-09-06T21:20:32.491+01:00 INFO : 1 points above threshold
2026-09-06T21:20:32.506+01:00 INFO : Filtering template 60/96 segment 4/5
2026-09-06T21:20:32.524+01:00 INFO : 2 points above threshold
2026-09-06T21:20:32.531+01:00 INFO : Filtering template 60/96 segment 5/5
2026-09-06T21:20:32.548+01:00 INFO : 60: generating IMRPhenomD from 30.0 Hz
2026-09-06T21:20:32.551+01:00 INFO : Decompressing waveform using inline_linear
2026-09-06T21:20:32.556+01:00 INFO : Filtering template 61/96 segment 1/5
2026-09-06T21:20:32.576+01:00 INFO : Filtering template 61/96 segment 2/5
2026-09-06T21:20:32.593+01:00 INFO : 2 points above threshold
2026-09-06T21:20:32.610+01:00 INFO : Filtering template 61/96 segment 3/5
2026-09-06T21:20:32.628+01:00 INFO : 1 points above threshold
2026-09-06T21:20:32.633+01:00 INFO : Filtering template 61/96 segment 4/5
2026-09-06T21:20:32.650+01:00 INFO : 1 points above threshold
2026-09-06T21:20:32.655+01:00 INFO : Filtering template 61/96 segment 5/5
2026-09-06T21:20:32.673+01:00 INFO : 61: generating IMRPhenomD from 30.0 Hz
2026-09-06T21:20:32.676+01:00 INFO : Decompressing waveform using inline_linear
2026-09-06T21:20:32.681+01:00 INFO : Filtering template 62/96 segment 1/5
2026-09-06T21:20:32.700+01:00 INFO : 2 points above threshold
2026-09-06T21:20:32.717+01:00 INFO : Filtering template 62/96 segment 2/5
2026-09-06T21:20:32.735+01:00 INFO : Filtering template 62/96 segment 3/5
2026-09-06T21:20:32.752+01:00 INFO : Filtering template 62/96 segment 4/5
2026-09-06T21:20:32.770+01:00 INFO : 5 points above threshold
2026-09-06T21:20:32.782+01:00 INFO : Filtering template 62/96 segment 5/5
2026-09-06T21:20:32.799+01:00 INFO : 62: generating IMRPhenomD from 30.0 Hz
2026-09-06T21:20:32.802+01:00 INFO : Decompressing waveform using inline_linear
2026-09-06T21:20:32.807+01:00 INFO : Filtering template 63/96 segment 1/5
2026-09-06T21:20:32.827+01:00 INFO : Filtering template 63/96 segment 2/5
2026-09-06T21:20:32.844+01:00 INFO : 1 points above threshold
2026-09-06T21:20:32.859+01:00 INFO : Filtering template 63/96 segment 3/5
2026-09-06T21:20:32.877+01:00 INFO : 2 points above threshold
2026-09-06T21:20:32.884+01:00 INFO : Filtering template 63/96 segment 4/5
2026-09-06T21:20:32.901+01:00 INFO : 1 points above threshold
2026-09-06T21:20:32.906+01:00 INFO : Filtering template 63/96 segment 5/5
2026-09-06T21:20:32.924+01:00 INFO : 1 points above threshold
2026-09-06T21:20:32.929+01:00 INFO : 63: generating IMRPhenomD from 30.0 Hz
2026-09-06T21:20:32.932+01:00 INFO : Decompressing waveform using inline_linear
2026-09-06T21:20:32.937+01:00 INFO : Filtering template 64/96 segment 1/5
2026-09-06T21:20:32.956+01:00 INFO : 2 points above threshold
2026-09-06T21:20:32.974+01:00 INFO : Filtering template 64/96 segment 2/5
2026-09-06T21:20:32.991+01:00 INFO : 1 points above threshold
2026-09-06T21:20:32.996+01:00 INFO : Filtering template 64/96 segment 3/5
2026-09-06T21:20:33.014+01:00 INFO : Filtering template 64/96 segment 4/5
2026-09-06T21:20:33.032+01:00 INFO : Filtering template 64/96 segment 5/5
2026-09-06T21:20:33.049+01:00 INFO : 64: generating IMRPhenomD from 30.0 Hz
2026-09-06T21:20:33.052+01:00 INFO : Decompressing waveform using inline_linear
2026-09-06T21:20:33.057+01:00 INFO : Filtering template 65/96 segment 1/5
2026-09-06T21:20:33.077+01:00 INFO : 2 points above threshold
2026-09-06T21:20:33.095+01:00 INFO : Filtering template 65/96 segment 2/5
2026-09-06T21:20:33.112+01:00 INFO : 2 points above threshold
2026-09-06T21:20:33.119+01:00 INFO : Filtering template 65/96 segment 3/5
2026-09-06T21:20:33.137+01:00 INFO : 1 points above threshold
2026-09-06T21:20:33.142+01:00 INFO : Filtering template 65/96 segment 4/5
2026-09-06T21:20:33.159+01:00 INFO : 2 points above threshold
2026-09-06T21:20:33.166+01:00 INFO : Filtering template 65/96 segment 5/5
2026-09-06T21:20:33.184+01:00 INFO : 65: generating IMRPhenomD from 30.0 Hz
2026-09-06T21:20:33.187+01:00 INFO : Decompressing waveform using inline_linear
2026-09-06T21:20:33.192+01:00 INFO : Filtering template 66/96 segment 1/5
2026-09-06T21:20:33.212+01:00 INFO : 1 points above threshold
2026-09-06T21:20:33.228+01:00 INFO : Filtering template 66/96 segment 2/5
2026-09-06T21:20:33.246+01:00 INFO : 1 points above threshold
2026-09-06T21:20:33.251+01:00 INFO : Filtering template 66/96 segment 3/5
2026-09-06T21:20:33.272+01:00 INFO : 2 points above threshold
2026-09-06T21:20:33.281+01:00 INFO : Filtering template 66/96 segment 4/5
2026-09-06T21:20:33.301+01:00 INFO : 1 points above threshold
2026-09-06T21:20:33.306+01:00 INFO : Filtering template 66/96 segment 5/5
2026-09-06T21:20:33.326+01:00 INFO : 66: generating IMRPhenomD from 30.0 Hz
2026-09-06T21:20:33.329+01:00 INFO : Decompressing waveform using inline_linear
2026-09-06T21:20:33.334+01:00 INFO : Filtering template 67/96 segment 1/5
2026-09-06T21:20:33.354+01:00 INFO : 3 points above threshold
2026-09-06T21:20:33.374+01:00 INFO : Filtering template 67/96 segment 2/5
2026-09-06T21:20:33.392+01:00 INFO : Filtering template 67/96 segment 3/5
2026-09-06T21:20:33.410+01:00 INFO : 1 points above threshold
2026-09-06T21:20:33.415+01:00 INFO : Filtering template 67/96 segment 4/5
2026-09-06T21:20:33.433+01:00 INFO : Filtering template 67/96 segment 5/5
2026-09-06T21:20:33.451+01:00 INFO : 67: generating IMRPhenomD from 30.0 Hz
2026-09-06T21:20:33.453+01:00 INFO : Decompressing waveform using inline_linear
2026-09-06T21:20:33.458+01:00 INFO : Filtering template 68/96 segment 1/5
2026-09-06T21:20:33.478+01:00 INFO : 1 points above threshold
2026-09-06T21:20:33.495+01:00 INFO : Filtering template 68/96 segment 2/5
2026-09-06T21:20:33.512+01:00 INFO : 1 points above threshold
2026-09-06T21:20:33.517+01:00 INFO : Filtering template 68/96 segment 3/5
2026-09-06T21:20:33.535+01:00 INFO : 1 points above threshold
2026-09-06T21:20:33.540+01:00 INFO : Filtering template 68/96 segment 4/5
2026-09-06T21:20:33.558+01:00 INFO : 1 points above threshold
2026-09-06T21:20:33.563+01:00 INFO : Filtering template 68/96 segment 5/5
2026-09-06T21:20:33.580+01:00 INFO : 1 points above threshold
2026-09-06T21:20:33.586+01:00 INFO : 68: generating IMRPhenomD from 30.0 Hz
2026-09-06T21:20:33.589+01:00 INFO : Decompressing waveform using inline_linear
2026-09-06T21:20:33.593+01:00 INFO : Filtering template 69/96 segment 1/5
2026-09-06T21:20:33.613+01:00 INFO : Filtering template 69/96 segment 2/5
2026-09-06T21:20:33.631+01:00 INFO : Filtering template 69/96 segment 3/5
2026-09-06T21:20:33.648+01:00 INFO : 1 points above threshold
2026-09-06T21:20:33.663+01:00 INFO : Filtering template 69/96 segment 4/5
2026-09-06T21:20:33.681+01:00 INFO : 2 points above threshold
2026-09-06T21:20:33.688+01:00 INFO : Filtering template 69/96 segment 5/5
2026-09-06T21:20:33.706+01:00 INFO : 69: generating IMRPhenomD from 30.0 Hz
2026-09-06T21:20:33.708+01:00 INFO : Decompressing waveform using inline_linear
2026-09-06T21:20:33.713+01:00 INFO : Filtering template 70/96 segment 1/5
2026-09-06T21:20:33.733+01:00 INFO : 2 points above threshold
2026-09-06T21:20:33.750+01:00 INFO : Filtering template 70/96 segment 2/5
2026-09-06T21:20:33.768+01:00 INFO : 2 points above threshold
2026-09-06T21:20:33.776+01:00 INFO : Filtering template 70/96 segment 3/5
2026-09-06T21:20:33.793+01:00 INFO : Filtering template 70/96 segment 4/5
2026-09-06T21:20:33.811+01:00 INFO : 2 points above threshold
2026-09-06T21:20:33.818+01:00 INFO : Filtering template 70/96 segment 5/5
2026-09-06T21:20:33.835+01:00 INFO : 2 points above threshold
2026-09-06T21:20:33.842+01:00 INFO : 70: generating IMRPhenomD from 30.0 Hz
2026-09-06T21:20:33.845+01:00 INFO : Decompressing waveform using inline_linear
2026-09-06T21:20:33.850+01:00 INFO : Filtering template 71/96 segment 1/5
2026-09-06T21:20:33.870+01:00 INFO : Filtering template 71/96 segment 2/5
2026-09-06T21:20:33.887+01:00 INFO : 1 points above threshold
2026-09-06T21:20:33.903+01:00 INFO : Filtering template 71/96 segment 3/5
2026-09-06T21:20:33.920+01:00 INFO : 1 points above threshold
2026-09-06T21:20:33.926+01:00 INFO : Filtering template 71/96 segment 4/5
2026-09-06T21:20:33.943+01:00 INFO : 3 points above threshold
2026-09-06T21:20:33.952+01:00 INFO : Filtering template 71/96 segment 5/5
2026-09-06T21:20:33.970+01:00 INFO : 71: generating IMRPhenomD from 30.0 Hz
2026-09-06T21:20:33.973+01:00 INFO : Decompressing waveform using inline_linear
2026-09-06T21:20:33.978+01:00 INFO : Filtering template 72/96 segment 1/5
2026-09-06T21:20:33.998+01:00 INFO : 2 points above threshold
2026-09-06T21:20:34.015+01:00 INFO : Filtering template 72/96 segment 2/5
2026-09-06T21:20:34.033+01:00 INFO : 1 points above threshold
2026-09-06T21:20:34.038+01:00 INFO : Filtering template 72/96 segment 3/5
2026-09-06T21:20:34.055+01:00 INFO : 1 points above threshold
2026-09-06T21:20:34.060+01:00 INFO : Filtering template 72/96 segment 4/5
2026-09-06T21:20:34.078+01:00 INFO : 3 points above threshold
2026-09-06T21:20:34.087+01:00 INFO : Filtering template 72/96 segment 5/5
2026-09-06T21:20:34.105+01:00 INFO : 3 points above threshold
2026-09-06T21:20:34.114+01:00 INFO : 72: generating IMRPhenomD from 30.0 Hz
2026-09-06T21:20:34.117+01:00 INFO : Decompressing waveform using inline_linear
2026-09-06T21:20:34.121+01:00 INFO : Filtering template 73/96 segment 1/5
2026-09-06T21:20:34.141+01:00 INFO : 1 points above threshold
2026-09-06T21:20:34.156+01:00 INFO : Filtering template 73/96 segment 2/5
2026-09-06T21:20:34.174+01:00 INFO : 1 points above threshold
2026-09-06T21:20:34.179+01:00 INFO : Filtering template 73/96 segment 3/5
2026-09-06T21:20:34.197+01:00 INFO : 1 points above threshold
2026-09-06T21:20:34.202+01:00 INFO : Filtering template 73/96 segment 4/5
2026-09-06T21:20:34.219+01:00 INFO : Filtering template 73/96 segment 5/5
2026-09-06T21:20:34.237+01:00 INFO : 1 points above threshold
2026-09-06T21:20:34.242+01:00 INFO : 73: generating IMRPhenomD from 30.0 Hz
2026-09-06T21:20:34.245+01:00 INFO : Decompressing waveform using inline_linear
2026-09-06T21:20:34.250+01:00 INFO : Filtering template 74/96 segment 1/5
2026-09-06T21:20:34.269+01:00 INFO : 3 points above threshold
2026-09-06T21:20:34.288+01:00 INFO : Filtering template 74/96 segment 2/5
2026-09-06T21:20:34.306+01:00 INFO : 3 points above threshold
2026-09-06T21:20:34.315+01:00 INFO : Filtering template 74/96 segment 3/5
2026-09-06T21:20:34.333+01:00 INFO : Filtering template 74/96 segment 4/5
2026-09-06T21:20:34.350+01:00 INFO : 1 points above threshold
2026-09-06T21:20:34.356+01:00 INFO : Filtering template 74/96 segment 5/5
2026-09-06T21:20:34.373+01:00 INFO : 74: generating IMRPhenomD from 30.0 Hz
2026-09-06T21:20:34.376+01:00 INFO : Decompressing waveform using inline_linear
2026-09-06T21:20:34.381+01:00 INFO : Filtering template 75/96 segment 1/5
2026-09-06T21:20:34.401+01:00 INFO : Filtering template 75/96 segment 2/5
2026-09-06T21:20:34.418+01:00 INFO : 1 points above threshold
2026-09-06T21:20:34.434+01:00 INFO : Filtering template 75/96 segment 3/5
2026-09-06T21:20:34.451+01:00 INFO : 2 points above threshold
2026-09-06T21:20:34.458+01:00 INFO : Filtering template 75/96 segment 4/5
2026-09-06T21:20:34.476+01:00 INFO : Filtering template 75/96 segment 5/5
2026-09-06T21:20:34.493+01:00 INFO : 2 points above threshold
2026-09-06T21:20:34.501+01:00 INFO : 75: generating IMRPhenomD from 30.0 Hz
2026-09-06T21:20:34.503+01:00 INFO : Decompressing waveform using inline_linear
2026-09-06T21:20:34.508+01:00 INFO : Filtering template 76/96 segment 1/5
2026-09-06T21:20:34.528+01:00 INFO : 1 points above threshold
2026-09-06T21:20:34.543+01:00 INFO : Filtering template 76/96 segment 2/5
2026-09-06T21:20:34.561+01:00 INFO : Filtering template 76/96 segment 3/5
2026-09-06T21:20:34.578+01:00 INFO : 1 points above threshold
2026-09-06T21:20:34.583+01:00 INFO : Filtering template 76/96 segment 4/5
2026-09-06T21:20:34.601+01:00 INFO : Filtering template 76/96 segment 5/5
2026-09-06T21:20:34.618+01:00 INFO : 2 points above threshold
2026-09-06T21:20:34.626+01:00 INFO : 76: generating IMRPhenomD from 30.0 Hz
2026-09-06T21:20:34.628+01:00 INFO : Decompressing waveform using inline_linear
2026-09-06T21:20:34.633+01:00 INFO : Filtering template 77/96 segment 1/5
2026-09-06T21:20:34.653+01:00 INFO : Filtering template 77/96 segment 2/5
2026-09-06T21:20:34.671+01:00 INFO : 1 points above threshold
2026-09-06T21:20:34.686+01:00 INFO : Filtering template 77/96 segment 3/5
2026-09-06T21:20:34.703+01:00 INFO : Filtering template 77/96 segment 4/5
2026-09-06T21:20:34.721+01:00 INFO : 1 points above threshold
2026-09-06T21:20:34.726+01:00 INFO : Filtering template 77/96 segment 5/5
2026-09-06T21:20:34.744+01:00 INFO : 77: generating IMRPhenomD from 30.0 Hz
2026-09-06T21:20:34.747+01:00 INFO : Decompressing waveform using inline_linear
2026-09-06T21:20:34.751+01:00 INFO : Filtering template 78/96 segment 1/5
2026-09-06T21:20:34.771+01:00 INFO : Filtering template 78/96 segment 2/5
2026-09-06T21:20:34.789+01:00 INFO : Filtering template 78/96 segment 3/5
2026-09-06T21:20:34.807+01:00 INFO : Filtering template 78/96 segment 4/5
2026-09-06T21:20:34.824+01:00 INFO : 1 points above threshold
2026-09-06T21:20:34.839+01:00 INFO : Filtering template 78/96 segment 5/5
2026-09-06T21:20:34.857+01:00 INFO : 78: generating IMRPhenomD from 30.0 Hz
2026-09-06T21:20:34.860+01:00 INFO : Decompressing waveform using inline_linear
2026-09-06T21:20:34.865+01:00 INFO : Filtering template 79/96 segment 1/5
2026-09-06T21:20:34.884+01:00 INFO : 2 points above threshold
2026-09-06T21:20:34.901+01:00 INFO : Filtering template 79/96 segment 2/5
2026-09-06T21:20:34.919+01:00 INFO : Filtering template 79/96 segment 3/5
2026-09-06T21:20:34.937+01:00 INFO : 1 points above threshold
2026-09-06T21:20:34.942+01:00 INFO : Filtering template 79/96 segment 4/5
2026-09-06T21:20:34.959+01:00 INFO : 1 points above threshold
2026-09-06T21:20:34.965+01:00 INFO : Filtering template 79/96 segment 5/5
2026-09-06T21:20:34.982+01:00 INFO : 3 points above threshold
2026-09-06T21:20:34.991+01:00 INFO : 79: generating IMRPhenomD from 30.0 Hz
2026-09-06T21:20:34.994+01:00 INFO : Decompressing waveform using inline_linear
2026-09-06T21:20:34.999+01:00 INFO : Filtering template 80/96 segment 1/5
2026-09-06T21:20:35.019+01:00 INFO : 2 points above threshold
2026-09-06T21:20:35.036+01:00 INFO : Filtering template 80/96 segment 2/5
2026-09-06T21:20:35.053+01:00 INFO : 1 points above threshold
2026-09-06T21:20:35.058+01:00 INFO : Filtering template 80/96 segment 3/5
2026-09-06T21:20:35.076+01:00 INFO : 1 points above threshold
2026-09-06T21:20:35.081+01:00 INFO : Filtering template 80/96 segment 4/5
2026-09-06T21:20:35.099+01:00 INFO : Filtering template 80/96 segment 5/5
2026-09-06T21:20:35.116+01:00 INFO : 1 points above threshold
2026-09-06T21:20:35.122+01:00 INFO : 80: generating IMRPhenomD from 30.0 Hz
2026-09-06T21:20:35.124+01:00 INFO : Decompressing waveform using inline_linear
2026-09-06T21:20:35.129+01:00 INFO : Filtering template 81/96 segment 1/5
2026-09-06T21:20:35.149+01:00 INFO : 1 points above threshold
2026-09-06T21:20:35.164+01:00 INFO : Filtering template 81/96 segment 2/5
2026-09-06T21:20:35.182+01:00 INFO : 2 points above threshold
2026-09-06T21:20:35.189+01:00 INFO : Filtering template 81/96 segment 3/5
2026-09-06T21:20:35.206+01:00 INFO : 1 points above threshold
2026-09-06T21:20:35.211+01:00 INFO : Filtering template 81/96 segment 4/5
2026-09-06T21:20:35.229+01:00 INFO : Filtering template 81/96 segment 5/5
2026-09-06T21:20:35.246+01:00 INFO : 1 points above threshold
2026-09-06T21:20:35.252+01:00 INFO : 81: generating IMRPhenomD from 30.0 Hz
2026-09-06T21:20:35.254+01:00 INFO : Decompressing waveform using inline_linear
2026-09-06T21:20:35.259+01:00 INFO : Filtering template 82/96 segment 1/5
2026-09-06T21:20:35.279+01:00 INFO : Filtering template 82/96 segment 2/5
2026-09-06T21:20:35.296+01:00 INFO : 2 points above threshold
2026-09-06T21:20:35.313+01:00 INFO : Filtering template 82/96 segment 3/5
2026-09-06T21:20:35.331+01:00 INFO : 1 points above threshold
2026-09-06T21:20:35.336+01:00 INFO : Filtering template 82/96 segment 4/5
2026-09-06T21:20:35.354+01:00 INFO : Filtering template 82/96 segment 5/5
2026-09-06T21:20:35.372+01:00 INFO : 82: generating IMRPhenomD from 30.0 Hz
2026-09-06T21:20:35.375+01:00 INFO : Decompressing waveform using inline_linear
2026-09-06T21:20:35.379+01:00 INFO : Filtering template 83/96 segment 1/5
2026-09-06T21:20:35.399+01:00 INFO : 1 points above threshold
2026-09-06T21:20:35.414+01:00 INFO : Filtering template 83/96 segment 2/5
2026-09-06T21:20:35.432+01:00 INFO : 2 points above threshold
2026-09-06T21:20:35.439+01:00 INFO : Filtering template 83/96 segment 3/5
2026-09-06T21:20:35.456+01:00 INFO : 2 points above threshold
2026-09-06T21:20:35.463+01:00 INFO : Filtering template 83/96 segment 4/5
2026-09-06T21:20:35.481+01:00 INFO : 3 points above threshold
2026-09-06T21:20:35.490+01:00 INFO : Filtering template 83/96 segment 5/5
2026-09-06T21:20:35.507+01:00 INFO : 3 points above threshold
2026-09-06T21:20:35.517+01:00 INFO : 83: generating IMRPhenomD from 30.0 Hz
2026-09-06T21:20:35.520+01:00 INFO : Decompressing waveform using inline_linear
2026-09-06T21:20:35.524+01:00 INFO : Filtering template 84/96 segment 1/5
2026-09-06T21:20:35.544+01:00 INFO : Filtering template 84/96 segment 2/5
2026-09-06T21:20:35.562+01:00 INFO : Filtering template 84/96 segment 3/5
2026-09-06T21:20:35.580+01:00 INFO : 1 points above threshold
2026-09-06T21:20:35.595+01:00 INFO : Filtering template 84/96 segment 4/5
2026-09-06T21:20:35.612+01:00 INFO : 3 points above threshold
2026-09-06T21:20:35.621+01:00 INFO : Filtering template 84/96 segment 5/5
2026-09-06T21:20:35.639+01:00 INFO : 84: generating IMRPhenomD from 30.0 Hz
2026-09-06T21:20:35.642+01:00 INFO : Decompressing waveform using inline_linear
2026-09-06T21:20:35.647+01:00 INFO : Filtering template 85/96 segment 1/5
2026-09-06T21:20:35.666+01:00 INFO : 1 points above threshold
2026-09-06T21:20:35.681+01:00 INFO : Filtering template 85/96 segment 2/5
2026-09-06T21:20:35.699+01:00 INFO : 2 points above threshold
2026-09-06T21:20:35.706+01:00 INFO : Filtering template 85/96 segment 3/5
2026-09-06T21:20:35.724+01:00 INFO : 1 points above threshold
2026-09-06T21:20:35.729+01:00 INFO : Filtering template 85/96 segment 4/5
2026-09-06T21:20:35.746+01:00 INFO : 3 points above threshold
2026-09-06T21:20:35.755+01:00 INFO : Filtering template 85/96 segment 5/5
2026-09-06T21:20:35.773+01:00 INFO : 2 points above threshold
2026-09-06T21:20:35.780+01:00 INFO : 85: generating IMRPhenomD from 30.0 Hz
2026-09-06T21:20:35.783+01:00 INFO : Decompressing waveform using inline_linear
2026-09-06T21:20:35.788+01:00 INFO : Filtering template 86/96 segment 1/5
2026-09-06T21:20:35.807+01:00 INFO : 2 points above threshold
2026-09-06T21:20:35.824+01:00 INFO : Filtering template 86/96 segment 2/5
2026-09-06T21:20:35.842+01:00 INFO : 2 points above threshold
2026-09-06T21:20:35.849+01:00 INFO : Filtering template 86/96 segment 3/5
2026-09-06T21:20:35.866+01:00 INFO : 1 points above threshold
2026-09-06T21:20:35.871+01:00 INFO : Filtering template 86/96 segment 4/5
2026-09-06T21:20:35.889+01:00 INFO : 1 points above threshold
2026-09-06T21:20:35.894+01:00 INFO : Filtering template 86/96 segment 5/5
2026-09-06T21:20:35.912+01:00 INFO : 2 points above threshold
2026-09-06T21:20:35.919+01:00 INFO : 86: generating IMRPhenomD from 30.0 Hz
2026-09-06T21:20:35.922+01:00 INFO : Decompressing waveform using inline_linear
2026-09-06T21:20:35.926+01:00 INFO : Filtering template 87/96 segment 1/5
2026-09-06T21:20:35.946+01:00 INFO : 1 points above threshold
2026-09-06T21:20:35.961+01:00 INFO : Filtering template 87/96 segment 2/5
2026-09-06T21:20:35.979+01:00 INFO : 2 points above threshold
2026-09-06T21:20:35.986+01:00 INFO : Filtering template 87/96 segment 3/5
2026-09-06T21:20:36.003+01:00 INFO : 1 points above threshold
2026-09-06T21:20:36.009+01:00 INFO : Filtering template 87/96 segment 4/5
2026-09-06T21:20:36.026+01:00 INFO : 1 points above threshold
2026-09-06T21:20:36.031+01:00 INFO : Filtering template 87/96 segment 5/5
2026-09-06T21:20:36.049+01:00 INFO : 1 points above threshold
2026-09-06T21:20:36.054+01:00 INFO : 87: generating IMRPhenomD from 30.0 Hz
2026-09-06T21:20:36.057+01:00 INFO : Decompressing waveform using inline_linear
2026-09-06T21:20:36.062+01:00 INFO : Filtering template 88/96 segment 1/5
2026-09-06T21:20:36.081+01:00 INFO : 2 points above threshold
2026-09-06T21:20:36.098+01:00 INFO : Filtering template 88/96 segment 2/5
2026-09-06T21:20:36.116+01:00 INFO : 1 points above threshold
2026-09-06T21:20:36.121+01:00 INFO : Filtering template 88/96 segment 3/5
2026-09-06T21:20:36.138+01:00 INFO : Filtering template 88/96 segment 4/5
2026-09-06T21:20:36.156+01:00 INFO : Filtering template 88/96 segment 5/5
2026-09-06T21:20:36.174+01:00 INFO : 2 points above threshold
2026-09-06T21:20:36.181+01:00 INFO : 88: generating IMRPhenomD from 30.0 Hz
2026-09-06T21:20:36.183+01:00 INFO : Decompressing waveform using inline_linear
2026-09-06T21:20:36.188+01:00 INFO : Filtering template 89/96 segment 1/5
2026-09-06T21:20:36.208+01:00 INFO : 2 points above threshold
2026-09-06T21:20:36.225+01:00 INFO : Filtering template 89/96 segment 2/5
2026-09-06T21:20:36.243+01:00 INFO : 1 points above threshold
2026-09-06T21:20:36.248+01:00 INFO : Filtering template 89/96 segment 3/5
2026-09-06T21:20:36.266+01:00 INFO : 2 points above threshold
2026-09-06T21:20:36.273+01:00 INFO : Filtering template 89/96 segment 4/5
2026-09-06T21:20:36.290+01:00 INFO : Filtering template 89/96 segment 5/5
2026-09-06T21:20:36.308+01:00 INFO : 89: generating IMRPhenomD from 30.0 Hz
2026-09-06T21:20:36.311+01:00 INFO : Decompressing waveform using inline_linear
2026-09-06T21:20:36.315+01:00 INFO : Filtering template 90/96 segment 1/5
2026-09-06T21:20:36.335+01:00 INFO : Filtering template 90/96 segment 2/5
2026-09-06T21:20:36.353+01:00 INFO : 1 points above threshold
2026-09-06T21:20:36.368+01:00 INFO : Filtering template 90/96 segment 3/5
2026-09-06T21:20:36.386+01:00 INFO : 3 points above threshold
2026-09-06T21:20:36.395+01:00 INFO : Filtering template 90/96 segment 4/5
2026-09-06T21:20:36.412+01:00 INFO : Filtering template 90/96 segment 5/5
2026-09-06T21:20:36.430+01:00 INFO : 1 points above threshold
2026-09-06T21:20:36.436+01:00 INFO : 90: generating IMRPhenomD from 30.0 Hz
2026-09-06T21:20:36.438+01:00 INFO : Decompressing waveform using inline_linear
2026-09-06T21:20:36.443+01:00 INFO : Filtering template 91/96 segment 1/5
2026-09-06T21:20:36.463+01:00 INFO : Filtering template 91/96 segment 2/5
2026-09-06T21:20:36.480+01:00 INFO : 2 points above threshold
2026-09-06T21:20:36.497+01:00 INFO : Filtering template 91/96 segment 3/5
2026-09-06T21:20:36.515+01:00 INFO : 3 points above threshold
2026-09-06T21:20:36.524+01:00 INFO : Filtering template 91/96 segment 4/5
2026-09-06T21:20:36.542+01:00 INFO : Filtering template 91/96 segment 5/5
2026-09-06T21:20:36.559+01:00 INFO : 1 points above threshold
2026-09-06T21:20:36.565+01:00 INFO : 91: generating IMRPhenomD from 30.0 Hz
2026-09-06T21:20:36.567+01:00 INFO : Decompressing waveform using inline_linear
2026-09-06T21:20:36.572+01:00 INFO : Filtering template 92/96 segment 1/5
2026-09-06T21:20:36.592+01:00 INFO : 2 points above threshold
2026-09-06T21:20:36.609+01:00 INFO : Filtering template 92/96 segment 2/5
2026-09-06T21:20:36.626+01:00 INFO : 1 points above threshold
2026-09-06T21:20:36.631+01:00 INFO : Filtering template 92/96 segment 3/5
2026-09-06T21:20:36.649+01:00 INFO : 2 points above threshold
2026-09-06T21:20:36.656+01:00 INFO : Filtering template 92/96 segment 4/5
2026-09-06T21:20:36.674+01:00 INFO : 1 points above threshold
2026-09-06T21:20:36.679+01:00 INFO : Filtering template 92/96 segment 5/5
2026-09-06T21:20:36.696+01:00 INFO : 1 points above threshold
2026-09-06T21:20:36.702+01:00 INFO : 92: generating IMRPhenomD from 30.0 Hz
2026-09-06T21:20:36.704+01:00 INFO : Decompressing waveform using inline_linear
2026-09-06T21:20:36.709+01:00 INFO : Filtering template 93/96 segment 1/5
2026-09-06T21:20:36.729+01:00 INFO : Filtering template 93/96 segment 2/5
2026-09-06T21:20:36.746+01:00 INFO : 3 points above threshold
2026-09-06T21:20:36.766+01:00 INFO : Filtering template 93/96 segment 3/5
2026-09-06T21:20:36.783+01:00 INFO : 3 points above threshold
2026-09-06T21:20:36.792+01:00 INFO : Filtering template 93/96 segment 4/5
2026-09-06T21:20:36.810+01:00 INFO : 1 points above threshold
2026-09-06T21:20:36.815+01:00 INFO : Filtering template 93/96 segment 5/5
2026-09-06T21:20:36.833+01:00 INFO : 1 points above threshold
2026-09-06T21:20:36.838+01:00 INFO : 93: generating IMRPhenomD from 30.0 Hz
2026-09-06T21:20:36.841+01:00 INFO : Decompressing waveform using inline_linear
2026-09-06T21:20:36.845+01:00 INFO : Filtering template 94/96 segment 1/5
2026-09-06T21:20:36.865+01:00 INFO : 1 points above threshold
2026-09-06T21:20:36.880+01:00 INFO : Filtering template 94/96 segment 2/5
2026-09-06T21:20:36.898+01:00 INFO : 2 points above threshold
2026-09-06T21:20:36.905+01:00 INFO : Filtering template 94/96 segment 3/5
2026-09-06T21:20:36.922+01:00 INFO : 4 points above threshold
2026-09-06T21:20:36.931+01:00 INFO : Filtering template 94/96 segment 4/5
2026-09-06T21:20:36.949+01:00 INFO : Filtering template 94/96 segment 5/5
2026-09-06T21:20:36.966+01:00 INFO : 2 points above threshold
2026-09-06T21:20:36.973+01:00 INFO : 94: generating IMRPhenomD from 30.0 Hz
2026-09-06T21:20:36.976+01:00 INFO : Decompressing waveform using inline_linear
2026-09-06T21:20:36.981+01:00 INFO : Filtering template 95/96 segment 1/5
2026-09-06T21:20:37.001+01:00 INFO : 3 points above threshold
2026-09-06T21:20:37.020+01:00 INFO : Filtering template 95/96 segment 2/5
2026-09-06T21:20:37.037+01:00 INFO : 2 points above threshold
2026-09-06T21:20:37.044+01:00 INFO : Filtering template 95/96 segment 3/5
2026-09-06T21:20:37.062+01:00 INFO : 2 points above threshold
2026-09-06T21:20:37.069+01:00 INFO : Filtering template 95/96 segment 4/5
2026-09-06T21:20:37.086+01:00 INFO : 1 points above threshold
2026-09-06T21:20:37.091+01:00 INFO : Filtering template 95/96 segment 5/5
2026-09-06T21:20:37.109+01:00 INFO : 95: generating IMRPhenomD from 30.0 Hz
2026-09-06T21:20:37.127+01:00 INFO : Decompressing waveform using inline_linear
2026-09-06T21:20:37.132+01:00 INFO : Filtering template 96/96 segment 1/5
2026-09-06T21:20:37.154+01:00 INFO : 2 points above threshold
2026-09-06T21:20:37.176+01:00 INFO : Filtering template 96/96 segment 2/5
2026-09-06T21:20:37.194+01:00 INFO : Filtering template 96/96 segment 3/5
2026-09-06T21:20:37.212+01:00 INFO : Filtering template 96/96 segment 4/5
2026-09-06T21:20:37.229+01:00 INFO : 1 points above threshold
2026-09-06T21:20:37.234+01:00 INFO : Filtering template 96/96 segment 5/5
2026-09-06T21:20:37.252+01:00 INFO : We currently have 527 triggers
2026-09-06T21:20:37.252+01:00 INFO : Removing triggers with NewSNR below threshold
2026-09-06T21:20:37.252+01:00 INFO : 475 remaining triggers
2026-09-06T21:20:37.252+01:00 INFO : Outputting 475 triggers
2026-09-06T21:20:37.253+01:00 INFO : Writing out triggers
2026-09-06T21:20:37.263+01:00 INFO : Finished
