Running Sphinx v8.2.3
loading translations [en]... done
making output directory... done
Converting `source_suffix = '.rst'` to `source_suffix = {'.rst': 'restructuredtext'}`.
[autosummary] generating autosummary for: api.rst, docker.rst, index.rst, install.rst, install_cuda.rst, install_lalsuite.rst, install_virtualenv.rst, torch.rst, torch_batch_numerics.rst, torch_benchmark_protocol.rst, ..., torch_optimizations.rst, torch_parity.rst, torch_performance.rst, torch_reference_campaign.rst, torch_runtime.rst, torch_search.rst, torch_testing.rst, torch_workflows.rst, waveform.rst, waveform_plugin.rst
building [mo]: all of 0 po files
writing output... 
building [html]: all source files
updating environment: [new config] 21 added, 0 changed, 0 removed
reading sources... [  5%] api
reading sources... [ 10%] docker
reading sources... [ 14%] index
reading sources... [ 19%] install
reading sources... [ 24%] install_cuda
reading sources... [ 29%] install_lalsuite
reading sources... [ 33%] install_virtualenv
reading sources... [ 38%] torch
reading sources... [ 43%] torch_batch_numerics
reading sources... [ 48%] torch_benchmark_protocol
reading sources... [ 52%] torch_filtering
reading sources... [ 57%] torch_optimizations
reading sources... [ 62%] torch_parity
reading sources... [ 67%] torch_performance
reading sources... [ 71%] torch_reference_campaign
reading sources... [ 76%] torch_runtime
reading sources... [ 81%] torch_search
reading sources... [ 86%] torch_testing
reading sources... [ 90%] torch_workflows
reading sources... [ 95%] waveform
reading sources... [100%] waveform_plugin

looking for now-outdated files... none found
pickling environment... done
checking consistency... done
preparing documents... done
copying assets... 
copying downloadable files... [  3%] ../html/examples/waveform/plot_waveform.py
copying downloadable files... [  6%] ../html/examples/waveform/plot_waveform.png
copying downloadable files... [ 10%] ../html/examples/waveform/plot_waveform.hires.png
copying downloadable files... [ 13%] ../html/examples/waveform/plot_waveform.pdf
copying downloadable files... [ 16%] ../html/examples/waveform/plot_detwaveform.py
copying downloadable files... [ 19%] ../html/examples/waveform/plot_detwaveform.png
copying downloadable files... [ 23%] ../html/examples/waveform/plot_detwaveform.hires.png
copying downloadable files... [ 26%] ../html/examples/waveform/plot_detwaveform.pdf
copying downloadable files... [ 29%] ../html/examples/waveform/higher_modes.py
copying downloadable files... [ 32%] ../html/examples/waveform/higher_modes.png
copying downloadable files... [ 35%] ../html/examples/waveform/higher_modes.hires.png
copying downloadable files... [ 39%] ../html/examples/waveform/higher_modes.pdf
copying downloadable files... [ 42%] ../html/examples/waveform/plot_fd_td.py
copying downloadable files... [ 45%] ../html/examples/waveform/plot_fd_td.png
copying downloadable files... [ 48%] ../html/examples/waveform/plot_fd_td.hires.png
copying downloadable files... [ 52%] ../html/examples/waveform/plot_fd_td.pdf
copying downloadable files... [ 55%] ../html/examples/waveform/plot_phase.py
copying downloadable files... [ 58%] ../html/examples/waveform/plot_phase.png
copying downloadable files... [ 61%] ../html/examples/waveform/plot_phase.hires.png
copying downloadable files... [ 65%] ../html/examples/waveform/plot_phase.pdf
copying downloadable files... [ 68%] ../html/examples/waveform/plot_freq.py
copying downloadable files... [ 71%] ../html/examples/waveform/plot_freq.png
copying downloadable files... [ 74%] ../html/examples/waveform/plot_freq.hires.png
copying downloadable files... [ 77%] ../html/examples/waveform/plot_freq.pdf
copying downloadable files... [ 81%] ../html/examples/waveform/add_waveform.py
copying downloadable files... [ 84%] ../html/examples/waveform/add_waveform_00.png
copying downloadable files... [ 87%] ../html/examples/waveform/add_waveform_00.hires.png
copying downloadable files... [ 90%] ../html/examples/waveform/add_waveform_00.pdf
copying downloadable files... [ 94%] ../html/examples/waveform/add_waveform_01.png
copying downloadable files... [ 97%] ../html/examples/waveform/add_waveform_01.hires.png
copying downloadable files... [100%] ../html/examples/waveform/add_waveform_01.pdf

copying static files... 
Writing evaluated template result to /Users/xangma/repos/pycbc/artifacts/torch-baseline-final-20260908/render-final/html/_static/basic.css
Writing evaluated template result to /Users/xangma/repos/pycbc/artifacts/torch-baseline-final-20260908/render-final/html/_static/language_data.js
Writing evaluated template result to /Users/xangma/repos/pycbc/artifacts/torch-baseline-final-20260908/render-final/html/_static/documentation_options.js
Writing evaluated template result to /Users/xangma/repos/pycbc/artifacts/torch-baseline-final-20260908/render-final/html/_static/js/versions.js
copying static files: done
copying extra files... 
copying extra files: done
copying assets: done
writing output... [  5%] api
writing output... [ 10%] docker
writing output... [ 14%] index
writing output... [ 19%] install
writing output... [ 24%] install_cuda
writing output... [ 29%] install_lalsuite
writing output... [ 33%] install_virtualenv
writing output... [ 38%] torch
writing output... [ 43%] torch_batch_numerics
writing output... [ 48%] torch_benchmark_protocol
writing output... [ 52%] torch_filtering
writing output... [ 57%] torch_optimizations
writing output... [ 62%] torch_parity
writing output... [ 67%] torch_performance
writing output... [ 71%] torch_reference_campaign
writing output... [ 76%] torch_runtime
writing output... [ 81%] torch_search
writing output... [ 86%] torch_testing
writing output... [ 90%] torch_workflows
writing output... [ 95%] waveform
writing output... [100%] waveform_plugin

generating indices... genindex done
highlighting module code... [ 25%] pycbc.scheme
highlighting module code... [ 50%] pycbc.types.frequencyseries
highlighting module code... [ 75%] pycbc.waveform.compress
highlighting module code... [100%] pycbc.waveform.plugin

writing additional pages... search done
copying images... [ 12%] ../html/examples/waveform/plot_waveform.png
copying images... [ 25%] ../html/examples/waveform/plot_detwaveform.png
copying images... [ 38%] ../html/examples/waveform/higher_modes.png
copying images... [ 50%] ../html/examples/waveform/plot_fd_td.png
copying images... [ 62%] ../html/examples/waveform/plot_phase.png
copying images... [ 75%] ../html/examples/waveform/plot_freq.png
copying images... [ 88%] ../html/examples/waveform/add_waveform_00.png
copying images... [100%] ../html/examples/waveform/add_waveform_01.png

dumping search index in English (code: en)... done
dumping object inventory... done
build succeeded.

The HTML pages are in ../html.
