2026-09-06T20:01:38.083+01:00 INFO : Running with CPU support: 1 threads
2026-09-06T20:01:38.083+01:00 INFO : Reading Frames
2026-09-06T20:01:44.778+01:00 INFO : Highpass Filtering
2026-09-06T20:01:45.232+01:00 INFO : Resampling data
2026-09-06T20:01:45.243+01:00 INFO : Converting to float32
/home/xangma/pycbc-torch-inspiral-reference-20260906/source-v5/pycbc/types/array.py:872: RuntimeWarning: divide by zero encountered in divide
  return self._data.__rtruediv__(other)
2026-09-06T20:01:50.321+01:00 INFO : Highpass Filtering
2026-09-06T20:01:50.801+01:00 INFO : Remove Padding
2026-09-06T20:01:50.824+01:00 INFO : Making frequency-domain data segments
2026-09-06T20:01:54.094+01:00 INFO : Overwhitening frequency-domain data segments
2026-09-06T20:01:54.118+01:00 INFO : Read in template bank
2026-09-06T20:01:54.128+01:00 INFO : Full template bank size: 96
2026-09-06T20:01:54.129+01:00 INFO : Template bank size after thinning: 96
2026-09-06T20:01:54.129+01:00 INFO : 0: generating IMRPhenomD from 30.0 Hz
2026-09-06T20:01:54.154+01:00 INFO : Decompressing waveform using inline_linear
2026-09-06T20:01:54.164+01:00 INFO : Filtering template 1/96 segment 1/3
2026-09-06T20:01:54.251+01:00 INFO : 1 points above threshold
2026-09-06T20:01:54.292+01:00 INFO : Filtering template 1/96 segment 2/3
2026-09-06T20:01:54.330+01:00 INFO : 1 points above threshold
2026-09-06T20:01:54.340+01:00 INFO : Filtering template 1/96 segment 3/3
2026-09-06T20:01:54.378+01:00 INFO : 1 points above threshold
2026-09-06T20:01:54.388+01:00 INFO : 1: generating IMRPhenomD from 30.0 Hz
2026-09-06T20:01:54.393+01:00 INFO : Decompressing waveform using inline_linear
2026-09-06T20:01:54.402+01:00 INFO : Filtering template 2/96 segment 1/3
2026-09-06T20:01:54.446+01:00 INFO : 1 points above threshold
2026-09-06T20:01:54.475+01:00 INFO : Filtering template 2/96 segment 2/3
2026-09-06T20:01:54.513+01:00 INFO : 3 points above threshold
2026-09-06T20:01:54.531+01:00 INFO : Filtering template 2/96 segment 3/3
2026-09-06T20:01:54.569+01:00 INFO : 1 points above threshold
2026-09-06T20:01:54.579+01:00 INFO : 2: generating IMRPhenomD from 30.0 Hz
2026-09-06T20:01:54.583+01:00 INFO : Decompressing waveform using inline_linear
2026-09-06T20:01:54.592+01:00 INFO : Filtering template 3/96 segment 1/3
2026-09-06T20:01:54.636+01:00 INFO : 3 points above threshold
2026-09-06T20:01:54.674+01:00 INFO : Filtering template 3/96 segment 2/3
2026-09-06T20:01:54.711+01:00 INFO : 1 points above threshold
2026-09-06T20:01:54.721+01:00 INFO : Filtering template 3/96 segment 3/3
2026-09-06T20:01:54.759+01:00 INFO : 1 points above threshold
2026-09-06T20:01:54.769+01:00 INFO : 3: generating IMRPhenomD from 30.0 Hz
2026-09-06T20:01:54.773+01:00 INFO : Decompressing waveform using inline_linear
2026-09-06T20:01:54.783+01:00 INFO : Filtering template 4/96 segment 1/3
2026-09-06T20:01:54.826+01:00 INFO : 1 points above threshold
2026-09-06T20:01:54.856+01:00 INFO : Filtering template 4/96 segment 2/3
2026-09-06T20:01:54.894+01:00 INFO : 3 points above threshold
2026-09-06T20:01:54.912+01:00 INFO : Filtering template 4/96 segment 3/3
2026-09-06T20:01:54.950+01:00 INFO : 4 points above threshold
2026-09-06T20:01:54.967+01:00 INFO : 4: generating IMRPhenomD from 30.0 Hz
2026-09-06T20:01:54.971+01:00 INFO : Decompressing waveform using inline_linear
2026-09-06T20:01:54.980+01:00 INFO : Filtering template 5/96 segment 1/3
2026-09-06T20:01:55.024+01:00 INFO : 1 points above threshold
2026-09-06T20:01:55.053+01:00 INFO : Filtering template 5/96 segment 2/3
2026-09-06T20:01:55.091+01:00 INFO : 4 points above threshold
2026-09-06T20:01:55.108+01:00 INFO : Filtering template 5/96 segment 3/3
2026-09-06T20:01:55.146+01:00 INFO : 2 points above threshold
2026-09-06T20:01:55.160+01:00 INFO : 5: generating IMRPhenomD from 30.0 Hz
2026-09-06T20:01:55.164+01:00 INFO : Decompressing waveform using inline_linear
2026-09-06T20:01:55.173+01:00 INFO : Filtering template 6/96 segment 1/3
2026-09-06T20:01:55.216+01:00 INFO : 1 points above threshold
2026-09-06T20:01:55.246+01:00 INFO : Filtering template 6/96 segment 2/3
2026-09-06T20:01:55.284+01:00 INFO : Filtering template 6/96 segment 3/3
2026-09-06T20:01:55.322+01:00 INFO : 1 points above threshold
2026-09-06T20:01:55.332+01:00 INFO : 6: generating IMRPhenomD from 30.0 Hz
2026-09-06T20:01:55.336+01:00 INFO : Decompressing waveform using inline_linear
2026-09-06T20:01:55.345+01:00 INFO : Filtering template 7/96 segment 1/3
2026-09-06T20:01:55.388+01:00 INFO : 2 points above threshold
2026-09-06T20:01:55.422+01:00 INFO : Filtering template 7/96 segment 2/3
2026-09-06T20:01:55.460+01:00 INFO : Filtering template 7/96 segment 3/3
2026-09-06T20:01:55.498+01:00 INFO : 1 points above threshold
2026-09-06T20:01:55.508+01:00 INFO : 7: generating IMRPhenomD from 30.0 Hz
2026-09-06T20:01:55.512+01:00 INFO : Decompressing waveform using inline_linear
2026-09-06T20:01:55.522+01:00 INFO : Filtering template 8/96 segment 1/3
2026-09-06T20:01:55.565+01:00 INFO : 1 points above threshold
2026-09-06T20:01:55.595+01:00 INFO : Filtering template 8/96 segment 2/3
2026-09-06T20:01:55.633+01:00 INFO : 5 points above threshold
2026-09-06T20:01:55.656+01:00 INFO : Filtering template 8/96 segment 3/3
2026-09-06T20:01:55.694+01:00 INFO : 8: generating IMRPhenomD from 30.0 Hz
2026-09-06T20:01:55.698+01:00 INFO : Decompressing waveform using inline_linear
2026-09-06T20:01:55.707+01:00 INFO : Filtering template 9/96 segment 1/3
2026-09-06T20:01:55.751+01:00 INFO : Filtering template 9/96 segment 2/3
2026-09-06T20:01:55.788+01:00 INFO : 4 points above threshold
2026-09-06T20:01:55.825+01:00 INFO : Filtering template 9/96 segment 3/3
2026-09-06T20:01:55.862+01:00 INFO : 3 points above threshold
2026-09-06T20:01:55.881+01:00 INFO : 9: generating IMRPhenomD from 30.0 Hz
2026-09-06T20:01:55.890+01:00 INFO : Decompressing waveform using inline_linear
2026-09-06T20:01:55.899+01:00 INFO : Filtering template 10/96 segment 1/3
2026-09-06T20:01:55.944+01:00 INFO : 2 points above threshold
2026-09-06T20:01:55.982+01:00 INFO : Filtering template 10/96 segment 2/3
2026-09-06T20:01:56.020+01:00 INFO : Filtering template 10/96 segment 3/3
2026-09-06T20:01:56.058+01:00 INFO : 3 points above threshold
2026-09-06T20:01:56.077+01:00 INFO : 10: generating IMRPhenomD from 30.0 Hz
2026-09-06T20:01:56.081+01:00 INFO : Decompressing waveform using inline_linear
2026-09-06T20:01:56.090+01:00 INFO : Filtering template 11/96 segment 1/3
2026-09-06T20:01:56.134+01:00 INFO : 5 points above threshold
2026-09-06T20:01:56.176+01:00 INFO : Filtering template 11/96 segment 2/3
2026-09-06T20:01:56.214+01:00 INFO : 2 points above threshold
2026-09-06T20:01:56.227+01:00 INFO : Filtering template 11/96 segment 3/3
2026-09-06T20:01:56.266+01:00 INFO : 11: generating IMRPhenomD from 30.0 Hz
2026-09-06T20:01:56.270+01:00 INFO : Decompressing waveform using inline_linear
2026-09-06T20:01:56.279+01:00 INFO : Filtering template 12/96 segment 1/3
2026-09-06T20:01:56.323+01:00 INFO : 1 points above threshold
2026-09-06T20:01:56.352+01:00 INFO : Filtering template 12/96 segment 2/3
2026-09-06T20:01:56.390+01:00 INFO : 4 points above threshold
2026-09-06T20:01:56.407+01:00 INFO : Filtering template 12/96 segment 3/3
2026-09-06T20:01:56.444+01:00 INFO : 1 points above threshold
2026-09-06T20:01:56.454+01:00 INFO : 12: generating IMRPhenomD from 30.0 Hz
2026-09-06T20:01:56.459+01:00 INFO : Decompressing waveform using inline_linear
2026-09-06T20:01:56.468+01:00 INFO : Filtering template 13/96 segment 1/3
2026-09-06T20:01:56.512+01:00 INFO : 2 points above threshold
2026-09-06T20:01:56.545+01:00 INFO : Filtering template 13/96 segment 2/3
2026-09-06T20:01:56.583+01:00 INFO : 2 points above threshold
2026-09-06T20:01:56.596+01:00 INFO : Filtering template 13/96 segment 3/3
2026-09-06T20:01:56.634+01:00 INFO : 1 points above threshold
2026-09-06T20:01:56.644+01:00 INFO : 13: generating IMRPhenomD from 30.0 Hz
2026-09-06T20:01:56.648+01:00 INFO : Decompressing waveform using inline_linear
2026-09-06T20:01:56.657+01:00 INFO : Filtering template 14/96 segment 1/3
2026-09-06T20:01:56.701+01:00 INFO : 2 points above threshold
2026-09-06T20:01:56.734+01:00 INFO : Filtering template 14/96 segment 2/3
2026-09-06T20:01:56.772+01:00 INFO : 4 points above threshold
2026-09-06T20:01:56.789+01:00 INFO : Filtering template 14/96 segment 3/3
2026-09-06T20:01:56.827+01:00 INFO : 2 points above threshold
2026-09-06T20:01:56.840+01:00 INFO : 14: generating IMRPhenomD from 30.0 Hz
2026-09-06T20:01:56.845+01:00 INFO : Decompressing waveform using inline_linear
2026-09-06T20:01:56.854+01:00 INFO : Filtering template 15/96 segment 1/3
2026-09-06T20:01:56.897+01:00 INFO : 1 points above threshold
2026-09-06T20:01:56.927+01:00 INFO : Filtering template 15/96 segment 2/3
2026-09-06T20:01:56.965+01:00 INFO : 1 points above threshold
2026-09-06T20:01:56.975+01:00 INFO : Filtering template 15/96 segment 3/3
2026-09-06T20:01:57.013+01:00 INFO : 4 points above threshold
2026-09-06T20:01:57.029+01:00 INFO : 15: generating IMRPhenomD from 30.0 Hz
2026-09-06T20:01:57.034+01:00 INFO : Decompressing waveform using inline_linear
2026-09-06T20:01:57.043+01:00 INFO : Filtering template 16/96 segment 1/3
2026-09-06T20:01:57.086+01:00 INFO : 3 points above threshold
2026-09-06T20:01:57.123+01:00 INFO : Filtering template 16/96 segment 2/3
2026-09-06T20:01:57.162+01:00 INFO : 4 points above threshold
2026-09-06T20:01:57.178+01:00 INFO : Filtering template 16/96 segment 3/3
2026-09-06T20:01:57.216+01:00 INFO : 1 points above threshold
2026-09-06T20:01:57.226+01:00 INFO : 16: generating IMRPhenomD from 30.0 Hz
2026-09-06T20:01:57.230+01:00 INFO : Decompressing waveform using inline_linear
2026-09-06T20:01:57.239+01:00 INFO : Filtering template 17/96 segment 1/3
2026-09-06T20:01:57.283+01:00 INFO : 3 points above threshold
2026-09-06T20:01:57.320+01:00 INFO : Filtering template 17/96 segment 2/3
2026-09-06T20:01:57.358+01:00 INFO : 4 points above threshold
2026-09-06T20:01:57.375+01:00 INFO : Filtering template 17/96 segment 3/3
2026-09-06T20:01:57.413+01:00 INFO : 3 points above threshold
2026-09-06T20:01:57.431+01:00 INFO : 17: generating IMRPhenomD from 30.0 Hz
2026-09-06T20:01:57.435+01:00 INFO : Decompressing waveform using inline_linear
2026-09-06T20:01:57.444+01:00 INFO : Filtering template 18/96 segment 1/3
2026-09-06T20:01:57.488+01:00 INFO : Filtering template 18/96 segment 2/3
2026-09-06T20:01:57.526+01:00 INFO : 1 points above threshold
2026-09-06T20:01:57.555+01:00 INFO : Filtering template 18/96 segment 3/3
2026-09-06T20:01:57.593+01:00 INFO : 2 points above threshold
2026-09-06T20:01:57.607+01:00 INFO : 18: generating IMRPhenomD from 30.0 Hz
2026-09-06T20:01:57.611+01:00 INFO : Decompressing waveform using inline_linear
2026-09-06T20:01:57.620+01:00 INFO : Filtering template 19/96 segment 1/3
2026-09-06T20:01:57.664+01:00 INFO : 4 points above threshold
2026-09-06T20:01:57.701+01:00 INFO : Filtering template 19/96 segment 2/3
2026-09-06T20:01:57.739+01:00 INFO : 2 points above threshold
2026-09-06T20:01:57.753+01:00 INFO : Filtering template 19/96 segment 3/3
2026-09-06T20:01:57.790+01:00 INFO : 3 points above threshold
2026-09-06T20:01:57.808+01:00 INFO : 19: generating IMRPhenomD from 30.0 Hz
2026-09-06T20:01:57.813+01:00 INFO : Decompressing waveform using inline_linear
2026-09-06T20:01:57.822+01:00 INFO : Filtering template 20/96 segment 1/3
2026-09-06T20:01:57.865+01:00 INFO : 2 points above threshold
2026-09-06T20:01:57.899+01:00 INFO : Filtering template 20/96 segment 2/3
2026-09-06T20:01:57.937+01:00 INFO : 3 points above threshold
2026-09-06T20:01:57.955+01:00 INFO : Filtering template 20/96 segment 3/3
2026-09-06T20:01:57.993+01:00 INFO : 1 points above threshold
2026-09-06T20:01:58.003+01:00 INFO : 20: generating IMRPhenomD from 30.0 Hz
2026-09-06T20:01:58.007+01:00 INFO : Decompressing waveform using inline_linear
2026-09-06T20:01:58.016+01:00 INFO : Filtering template 21/96 segment 1/3
2026-09-06T20:01:58.060+01:00 INFO : 1 points above threshold
2026-09-06T20:01:58.091+01:00 INFO : Filtering template 21/96 segment 2/3
2026-09-06T20:01:58.129+01:00 INFO : 2 points above threshold
2026-09-06T20:01:58.142+01:00 INFO : Filtering template 21/96 segment 3/3
2026-09-06T20:01:58.181+01:00 INFO : 21: generating IMRPhenomD from 30.0 Hz
2026-09-06T20:01:58.185+01:00 INFO : Decompressing waveform using inline_linear
2026-09-06T20:01:58.194+01:00 INFO : Filtering template 22/96 segment 1/3
2026-09-06T20:01:58.238+01:00 INFO : 5 points above threshold
2026-09-06T20:01:58.282+01:00 INFO : Filtering template 22/96 segment 2/3
2026-09-06T20:01:58.320+01:00 INFO : Filtering template 22/96 segment 3/3
2026-09-06T20:01:58.357+01:00 INFO : 2 points above threshold
2026-09-06T20:01:58.371+01:00 INFO : 22: generating IMRPhenomD from 30.0 Hz
2026-09-06T20:01:58.375+01:00 INFO : Decompressing waveform using inline_linear
2026-09-06T20:01:58.385+01:00 INFO : Filtering template 23/96 segment 1/3
2026-09-06T20:01:58.431+01:00 INFO : 3 points above threshold
2026-09-06T20:01:58.471+01:00 INFO : Filtering template 23/96 segment 2/3
2026-09-06T20:01:58.512+01:00 INFO : 1 points above threshold
2026-09-06T20:01:58.522+01:00 INFO : Filtering template 23/96 segment 3/3
2026-09-06T20:01:58.560+01:00 INFO : 23: generating IMRPhenomD from 30.0 Hz
2026-09-06T20:01:58.565+01:00 INFO : Decompressing waveform using inline_linear
2026-09-06T20:01:58.574+01:00 INFO : Filtering template 24/96 segment 1/3
2026-09-06T20:01:58.618+01:00 INFO : 1 points above threshold
2026-09-06T20:01:58.647+01:00 INFO : Filtering template 24/96 segment 2/3
2026-09-06T20:01:58.685+01:00 INFO : 3 points above threshold
2026-09-06T20:01:58.703+01:00 INFO : Filtering template 24/96 segment 3/3
2026-09-06T20:01:58.741+01:00 INFO : 2 points above threshold
2026-09-06T20:01:58.754+01:00 INFO : 24: generating IMRPhenomD from 30.0 Hz
2026-09-06T20:01:58.759+01:00 INFO : Decompressing waveform using inline_linear
2026-09-06T20:01:58.768+01:00 INFO : Filtering template 25/96 segment 1/3
2026-09-06T20:01:58.811+01:00 INFO : 2 points above threshold
2026-09-06T20:01:58.845+01:00 INFO : Filtering template 25/96 segment 2/3
2026-09-06T20:01:58.883+01:00 INFO : Filtering template 25/96 segment 3/3
2026-09-06T20:01:58.921+01:00 INFO : 25: generating IMRPhenomD from 30.0 Hz
2026-09-06T20:01:58.925+01:00 INFO : Decompressing waveform using inline_linear
2026-09-06T20:01:58.935+01:00 INFO : Filtering template 26/96 segment 1/3
2026-09-06T20:01:58.978+01:00 INFO : Filtering template 26/96 segment 2/3
2026-09-06T20:01:59.016+01:00 INFO : 2 points above threshold
2026-09-06T20:01:59.049+01:00 INFO : Filtering template 26/96 segment 3/3
2026-09-06T20:01:59.087+01:00 INFO : 4 points above threshold
2026-09-06T20:01:59.104+01:00 INFO : 26: generating IMRPhenomD from 30.0 Hz
2026-09-06T20:01:59.108+01:00 INFO : Decompressing waveform using inline_linear
2026-09-06T20:01:59.118+01:00 INFO : Filtering template 27/96 segment 1/3
2026-09-06T20:01:59.161+01:00 INFO : 2 points above threshold
2026-09-06T20:01:59.195+01:00 INFO : Filtering template 27/96 segment 2/3
2026-09-06T20:01:59.233+01:00 INFO : 1 points above threshold
2026-09-06T20:01:59.242+01:00 INFO : Filtering template 27/96 segment 3/3
2026-09-06T20:01:59.280+01:00 INFO : 27: generating IMRPhenomD from 30.0 Hz
2026-09-06T20:01:59.285+01:00 INFO : Decompressing waveform using inline_linear
2026-09-06T20:01:59.294+01:00 INFO : Filtering template 28/96 segment 1/3
2026-09-06T20:01:59.337+01:00 INFO : 5 points above threshold
2026-09-06T20:01:59.380+01:00 INFO : Filtering template 28/96 segment 2/3
2026-09-06T20:01:59.418+01:00 INFO : 2 points above threshold
2026-09-06T20:01:59.431+01:00 INFO : Filtering template 28/96 segment 3/3
2026-09-06T20:01:59.469+01:00 INFO : 1 points above threshold
2026-09-06T20:01:59.479+01:00 INFO : 28: generating IMRPhenomD from 30.0 Hz
2026-09-06T20:01:59.484+01:00 INFO : Decompressing waveform using inline_linear
2026-09-06T20:01:59.493+01:00 INFO : Filtering template 29/96 segment 1/3
2026-09-06T20:01:59.536+01:00 INFO : 3 points above threshold
2026-09-06T20:01:59.573+01:00 INFO : Filtering template 29/96 segment 2/3
2026-09-06T20:01:59.611+01:00 INFO : 2 points above threshold
2026-09-06T20:01:59.625+01:00 INFO : Filtering template 29/96 segment 3/3
2026-09-06T20:01:59.663+01:00 INFO : 4 points above threshold
2026-09-06T20:01:59.680+01:00 INFO : 29: generating IMRPhenomD from 30.0 Hz
2026-09-06T20:01:59.684+01:00 INFO : Decompressing waveform using inline_linear
2026-09-06T20:01:59.693+01:00 INFO : Filtering template 30/96 segment 1/3
2026-09-06T20:01:59.737+01:00 INFO : 2 points above threshold
2026-09-06T20:01:59.770+01:00 INFO : Filtering template 30/96 segment 2/3
2026-09-06T20:01:59.808+01:00 INFO : 1 points above threshold
2026-09-06T20:01:59.818+01:00 INFO : Filtering template 30/96 segment 3/3
2026-09-06T20:01:59.856+01:00 INFO : 30: generating IMRPhenomD from 30.0 Hz
2026-09-06T20:01:59.860+01:00 INFO : Decompressing waveform using inline_linear
2026-09-06T20:01:59.869+01:00 INFO : Filtering template 31/96 segment 1/3
2026-09-06T20:01:59.914+01:00 INFO : Filtering template 31/96 segment 2/3
2026-09-06T20:01:59.952+01:00 INFO : 1 points above threshold
2026-09-06T20:01:59.981+01:00 INFO : Filtering template 31/96 segment 3/3
2026-09-06T20:02:00.019+01:00 INFO : 2 points above threshold
2026-09-06T20:02:00.033+01:00 INFO : 31: generating IMRPhenomD from 30.0 Hz
2026-09-06T20:02:00.037+01:00 INFO : Decompressing waveform using inline_linear
2026-09-06T20:02:00.046+01:00 INFO : Filtering template 32/96 segment 1/3
2026-09-06T20:02:00.090+01:00 INFO : Filtering template 32/96 segment 2/3
2026-09-06T20:02:00.128+01:00 INFO : 1 points above threshold
2026-09-06T20:02:00.158+01:00 INFO : Filtering template 32/96 segment 3/3
2026-09-06T20:02:00.196+01:00 INFO : 4 points above threshold
2026-09-06T20:02:00.212+01:00 INFO : 32: generating IMRPhenomD from 30.0 Hz
2026-09-06T20:02:00.217+01:00 INFO : Decompressing waveform using inline_linear
2026-09-06T20:02:00.226+01:00 INFO : Filtering template 33/96 segment 1/3
2026-09-06T20:02:00.269+01:00 INFO : 2 points above threshold
2026-09-06T20:02:00.302+01:00 INFO : Filtering template 33/96 segment 2/3
2026-09-06T20:02:00.340+01:00 INFO : Filtering template 33/96 segment 3/3
2026-09-06T20:02:00.378+01:00 INFO : 1 points above threshold
2026-09-06T20:02:00.388+01:00 INFO : 33: generating IMRPhenomD from 30.0 Hz
2026-09-06T20:02:00.393+01:00 INFO : Decompressing waveform using inline_linear
2026-09-06T20:02:00.402+01:00 INFO : Filtering template 34/96 segment 1/3
2026-09-06T20:02:00.445+01:00 INFO : 1 points above threshold
2026-09-06T20:02:00.475+01:00 INFO : Filtering template 34/96 segment 2/3
2026-09-06T20:02:00.512+01:00 INFO : 1 points above threshold
2026-09-06T20:02:00.522+01:00 INFO : Filtering template 34/96 segment 3/3
2026-09-06T20:02:00.560+01:00 INFO : 1 points above threshold
2026-09-06T20:02:00.570+01:00 INFO : 34: generating IMRPhenomD from 30.0 Hz
2026-09-06T20:02:00.574+01:00 INFO : Decompressing waveform using inline_linear
2026-09-06T20:02:00.584+01:00 INFO : Filtering template 35/96 segment 1/3
2026-09-06T20:02:00.627+01:00 INFO : 2 points above threshold
2026-09-06T20:02:00.661+01:00 INFO : Filtering template 35/96 segment 2/3
2026-09-06T20:02:00.706+01:00 INFO : 1 points above threshold
2026-09-06T20:02:00.716+01:00 INFO : Filtering template 35/96 segment 3/3
2026-09-06T20:02:00.754+01:00 INFO : 35: generating IMRPhenomD from 30.0 Hz
2026-09-06T20:02:00.758+01:00 INFO : Decompressing waveform using inline_linear
2026-09-06T20:02:00.768+01:00 INFO : Filtering template 36/96 segment 1/3
2026-09-06T20:02:00.811+01:00 INFO : 4 points above threshold
2026-09-06T20:02:00.849+01:00 INFO : Filtering template 36/96 segment 2/3
2026-09-06T20:02:00.886+01:00 INFO : 2 points above threshold
2026-09-06T20:02:00.900+01:00 INFO : Filtering template 36/96 segment 3/3
2026-09-06T20:02:00.938+01:00 INFO : 1 points above threshold
2026-09-06T20:02:00.948+01:00 INFO : 36: generating IMRPhenomD from 30.0 Hz
2026-09-06T20:02:00.952+01:00 INFO : Decompressing waveform using inline_linear
2026-09-06T20:02:00.961+01:00 INFO : Filtering template 37/96 segment 1/3
2026-09-06T20:02:01.005+01:00 INFO : 5 points above threshold
2026-09-06T20:02:01.048+01:00 INFO : Filtering template 37/96 segment 2/3
2026-09-06T20:02:01.086+01:00 INFO : 1 points above threshold
2026-09-06T20:02:01.096+01:00 INFO : Filtering template 37/96 segment 3/3
2026-09-06T20:02:01.134+01:00 INFO : 3 points above threshold
2026-09-06T20:02:01.152+01:00 INFO : 37: generating IMRPhenomD from 30.0 Hz
2026-09-06T20:02:01.156+01:00 INFO : Decompressing waveform using inline_linear
2026-09-06T20:02:01.165+01:00 INFO : Filtering template 38/96 segment 1/3
2026-09-06T20:02:01.209+01:00 INFO : Filtering template 38/96 segment 2/3
2026-09-06T20:02:01.246+01:00 INFO : 1 points above threshold
2026-09-06T20:02:01.277+01:00 INFO : Filtering template 38/96 segment 3/3
2026-09-06T20:02:01.315+01:00 INFO : 2 points above threshold
2026-09-06T20:02:01.329+01:00 INFO : 38: generating IMRPhenomD from 30.0 Hz
2026-09-06T20:02:01.333+01:00 INFO : Decompressing waveform using inline_linear
2026-09-06T20:02:01.342+01:00 INFO : Filtering template 39/96 segment 1/3
2026-09-06T20:02:01.386+01:00 INFO : Filtering template 39/96 segment 2/3
2026-09-06T20:02:01.423+01:00 INFO : 3 points above threshold
2026-09-06T20:02:01.462+01:00 INFO : Filtering template 39/96 segment 3/3
2026-09-06T20:02:01.499+01:00 INFO : 1 points above threshold
2026-09-06T20:02:01.510+01:00 INFO : 39: generating IMRPhenomD from 30.0 Hz
2026-09-06T20:02:01.514+01:00 INFO : Decompressing waveform using inline_linear
2026-09-06T20:02:01.523+01:00 INFO : Filtering template 40/96 segment 1/3
2026-09-06T20:02:01.566+01:00 INFO : Filtering template 40/96 segment 2/3
2026-09-06T20:02:01.604+01:00 INFO : 1 points above threshold
2026-09-06T20:02:01.634+01:00 INFO : Filtering template 40/96 segment 3/3
2026-09-06T20:02:01.672+01:00 INFO : 1 points above threshold
2026-09-06T20:02:01.682+01:00 INFO : 40: generating IMRPhenomD from 30.0 Hz
2026-09-06T20:02:01.686+01:00 INFO : Decompressing waveform using inline_linear
2026-09-06T20:02:01.695+01:00 INFO : Filtering template 41/96 segment 1/3
2026-09-06T20:02:01.739+01:00 INFO : Filtering template 41/96 segment 2/3
2026-09-06T20:02:01.777+01:00 INFO : 4 points above threshold
2026-09-06T20:02:01.813+01:00 INFO : Filtering template 41/96 segment 3/3
2026-09-06T20:02:01.852+01:00 INFO : 41: generating IMRPhenomD from 30.0 Hz
2026-09-06T20:02:01.856+01:00 INFO : Decompressing waveform using inline_linear
2026-09-06T20:02:01.865+01:00 INFO : Filtering template 42/96 segment 1/3
2026-09-06T20:02:01.909+01:00 INFO : Filtering template 42/96 segment 2/3
2026-09-06T20:02:01.947+01:00 INFO : 2 points above threshold
2026-09-06T20:02:01.980+01:00 INFO : Filtering template 42/96 segment 3/3
2026-09-06T20:02:02.018+01:00 INFO : 2 points above threshold
2026-09-06T20:02:02.031+01:00 INFO : 42: generating IMRPhenomD from 30.0 Hz
2026-09-06T20:02:02.036+01:00 INFO : Decompressing waveform using inline_linear
2026-09-06T20:02:02.045+01:00 INFO : Filtering template 43/96 segment 1/3
2026-09-06T20:02:02.088+01:00 INFO : 2 points above threshold
2026-09-06T20:02:02.122+01:00 INFO : Filtering template 43/96 segment 2/3
2026-09-06T20:02:02.160+01:00 INFO : 2 points above threshold
2026-09-06T20:02:02.173+01:00 INFO : Filtering template 43/96 segment 3/3
2026-09-06T20:02:02.211+01:00 INFO : 43: generating IMRPhenomD from 30.0 Hz
2026-09-06T20:02:02.216+01:00 INFO : Decompressing waveform using inline_linear
2026-09-06T20:02:02.225+01:00 INFO : Filtering template 44/96 segment 1/3
2026-09-06T20:02:02.268+01:00 INFO : 1 points above threshold
2026-09-06T20:02:02.298+01:00 INFO : Filtering template 44/96 segment 2/3
2026-09-06T20:02:02.336+01:00 INFO : 1 points above threshold
2026-09-06T20:02:02.346+01:00 INFO : Filtering template 44/96 segment 3/3
2026-09-06T20:02:02.384+01:00 INFO : 44: generating IMRPhenomD from 30.0 Hz
2026-09-06T20:02:02.388+01:00 INFO : Decompressing waveform using inline_linear
2026-09-06T20:02:02.397+01:00 INFO : Filtering template 45/96 segment 1/3
2026-09-06T20:02:02.441+01:00 INFO : 3 points above threshold
2026-09-06T20:02:02.478+01:00 INFO : Filtering template 45/96 segment 2/3
2026-09-06T20:02:02.516+01:00 INFO : 1 points above threshold
2026-09-06T20:02:02.526+01:00 INFO : Filtering template 45/96 segment 3/3
2026-09-06T20:02:02.564+01:00 INFO : 45: generating IMRPhenomD from 30.0 Hz
2026-09-06T20:02:02.568+01:00 INFO : Decompressing waveform using inline_linear
2026-09-06T20:02:02.577+01:00 INFO : Filtering template 46/96 segment 1/3
2026-09-06T20:02:02.621+01:00 INFO : Filtering template 46/96 segment 2/3
2026-09-06T20:02:02.659+01:00 INFO : 1 points above threshold
2026-09-06T20:02:02.688+01:00 INFO : Filtering template 46/96 segment 3/3
2026-09-06T20:02:02.726+01:00 INFO : 4 points above threshold
2026-09-06T20:02:02.743+01:00 INFO : 46: generating IMRPhenomD from 30.0 Hz
2026-09-06T20:02:02.747+01:00 INFO : Decompressing waveform using inline_linear
2026-09-06T20:02:02.756+01:00 INFO : Filtering template 47/96 segment 1/3
2026-09-06T20:02:02.800+01:00 INFO : 3 points above threshold
2026-09-06T20:02:02.838+01:00 INFO : Filtering template 47/96 segment 2/3
2026-09-06T20:02:02.876+01:00 INFO : 3 points above threshold
2026-09-06T20:02:02.894+01:00 INFO : Filtering template 47/96 segment 3/3
2026-09-06T20:02:02.932+01:00 INFO : 1 points above threshold
2026-09-06T20:02:02.942+01:00 INFO : 47: generating IMRPhenomD from 30.0 Hz
2026-09-06T20:02:02.946+01:00 INFO : Decompressing waveform using inline_linear
2026-09-06T20:02:02.955+01:00 INFO : Filtering template 48/96 segment 1/3
2026-09-06T20:02:02.999+01:00 INFO : 4 points above threshold
2026-09-06T20:02:03.035+01:00 INFO : Filtering template 48/96 segment 2/3
2026-09-06T20:02:03.073+01:00 INFO : 2 points above threshold
2026-09-06T20:02:03.087+01:00 INFO : Filtering template 48/96 segment 3/3
2026-09-06T20:02:03.125+01:00 INFO : 2 points above threshold
2026-09-06T20:02:03.139+01:00 INFO : 48: generating IMRPhenomD from 30.0 Hz
2026-09-06T20:02:03.143+01:00 INFO : Decompressing waveform using inline_linear
2026-09-06T20:02:03.152+01:00 INFO : Filtering template 49/96 segment 1/3
2026-09-06T20:02:03.195+01:00 INFO : 1 points above threshold
2026-09-06T20:02:03.225+01:00 INFO : Filtering template 49/96 segment 2/3
2026-09-06T20:02:03.263+01:00 INFO : 3 points above threshold
2026-09-06T20:02:03.280+01:00 INFO : Filtering template 49/96 segment 3/3
2026-09-06T20:02:03.319+01:00 INFO : 49: generating IMRPhenomD from 30.0 Hz
2026-09-06T20:02:03.323+01:00 INFO : Decompressing waveform using inline_linear
2026-09-06T20:02:03.332+01:00 INFO : Filtering template 50/96 segment 1/3
2026-09-06T20:02:03.376+01:00 INFO : 1 points above threshold
2026-09-06T20:02:03.405+01:00 INFO : Filtering template 50/96 segment 2/3
2026-09-06T20:02:03.443+01:00 INFO : 6 points above threshold
2026-09-06T20:02:03.471+01:00 INFO : Filtering template 50/96 segment 3/3
2026-09-06T20:02:03.510+01:00 INFO : 1 points above threshold
2026-09-06T20:02:03.522+01:00 INFO : 50: generating IMRPhenomD from 30.0 Hz
2026-09-06T20:02:03.527+01:00 INFO : Decompressing waveform using inline_linear
2026-09-06T20:02:03.536+01:00 INFO : Filtering template 51/96 segment 1/3
2026-09-06T20:02:03.584+01:00 INFO : 2 points above threshold
2026-09-06T20:02:03.618+01:00 INFO : Filtering template 51/96 segment 2/3
2026-09-06T20:02:03.656+01:00 INFO : 1 points above threshold
2026-09-06T20:02:03.666+01:00 INFO : Filtering template 51/96 segment 3/3
2026-09-06T20:02:03.704+01:00 INFO : 2 points above threshold
2026-09-06T20:02:03.717+01:00 INFO : 51: generating IMRPhenomD from 30.0 Hz
2026-09-06T20:02:03.738+01:00 INFO : Decompressing waveform using inline_linear
2026-09-06T20:02:03.747+01:00 INFO : Filtering template 52/96 segment 1/3
2026-09-06T20:02:03.792+01:00 INFO : 1 points above threshold
2026-09-06T20:02:03.827+01:00 INFO : Filtering template 52/96 segment 2/3
2026-09-06T20:02:03.865+01:00 INFO : 2 points above threshold
2026-09-06T20:02:03.878+01:00 INFO : Filtering template 52/96 segment 3/3
2026-09-06T20:02:03.916+01:00 INFO : 3 points above threshold
2026-09-06T20:02:03.934+01:00 INFO : 52: generating IMRPhenomD from 30.0 Hz
2026-09-06T20:02:03.939+01:00 INFO : Decompressing waveform using inline_linear
2026-09-06T20:02:03.948+01:00 INFO : Filtering template 53/96 segment 1/3
2026-09-06T20:02:03.991+01:00 INFO : 4 points above threshold
2026-09-06T20:02:04.028+01:00 INFO : Filtering template 53/96 segment 2/3
2026-09-06T20:02:04.066+01:00 INFO : 3 points above threshold
2026-09-06T20:02:04.084+01:00 INFO : Filtering template 53/96 segment 3/3
2026-09-06T20:02:04.122+01:00 INFO : 2 points above threshold
2026-09-06T20:02:04.136+01:00 INFO : 53: generating IMRPhenomD from 30.0 Hz
2026-09-06T20:02:04.140+01:00 INFO : Decompressing waveform using inline_linear
2026-09-06T20:02:04.149+01:00 INFO : Filtering template 54/96 segment 1/3
2026-09-06T20:02:04.193+01:00 INFO : Filtering template 54/96 segment 2/3
2026-09-06T20:02:04.231+01:00 INFO : 4 points above threshold
2026-09-06T20:02:04.268+01:00 INFO : Filtering template 54/96 segment 3/3
2026-09-06T20:02:04.306+01:00 INFO : 3 points above threshold
2026-09-06T20:02:04.324+01:00 INFO : 54: generating IMRPhenomD from 30.0 Hz
2026-09-06T20:02:04.328+01:00 INFO : Decompressing waveform using inline_linear
2026-09-06T20:02:04.337+01:00 INFO : Filtering template 55/96 segment 1/3
2026-09-06T20:02:04.381+01:00 INFO : 1 points above threshold
2026-09-06T20:02:04.410+01:00 INFO : Filtering template 55/96 segment 2/3
2026-09-06T20:02:04.448+01:00 INFO : 3 points above threshold
2026-09-06T20:02:04.466+01:00 INFO : Filtering template 55/96 segment 3/3
2026-09-06T20:02:04.504+01:00 INFO : 2 points above threshold
2026-09-06T20:02:04.518+01:00 INFO : 55: generating IMRPhenomD from 30.0 Hz
2026-09-06T20:02:04.522+01:00 INFO : Decompressing waveform using inline_linear
2026-09-06T20:02:04.531+01:00 INFO : Filtering template 56/96 segment 1/3
2026-09-06T20:02:04.575+01:00 INFO : 2 points above threshold
2026-09-06T20:02:04.608+01:00 INFO : Filtering template 56/96 segment 2/3
2026-09-06T20:02:04.646+01:00 INFO : 3 points above threshold
2026-09-06T20:02:04.664+01:00 INFO : Filtering template 56/96 segment 3/3
2026-09-06T20:02:04.702+01:00 INFO : 1 points above threshold
2026-09-06T20:02:04.712+01:00 INFO : 56: generating IMRPhenomD from 30.0 Hz
2026-09-06T20:02:04.716+01:00 INFO : Decompressing waveform using inline_linear
2026-09-06T20:02:04.725+01:00 INFO : Filtering template 57/96 segment 1/3
2026-09-06T20:02:04.768+01:00 INFO : 2 points above threshold
2026-09-06T20:02:04.801+01:00 INFO : Filtering template 57/96 segment 2/3
2026-09-06T20:02:04.839+01:00 INFO : 4 points above threshold
2026-09-06T20:02:04.856+01:00 INFO : Filtering template 57/96 segment 3/3
2026-09-06T20:02:04.894+01:00 INFO : 1 points above threshold
2026-09-06T20:02:04.904+01:00 INFO : 57: generating IMRPhenomD from 30.0 Hz
2026-09-06T20:02:04.908+01:00 INFO : Decompressing waveform using inline_linear
2026-09-06T20:02:04.917+01:00 INFO : Filtering template 58/96 segment 1/3
2026-09-06T20:02:04.961+01:00 INFO : 1 points above threshold
2026-09-06T20:02:04.991+01:00 INFO : Filtering template 58/96 segment 2/3
2026-09-06T20:02:05.029+01:00 INFO : 4 points above threshold
2026-09-06T20:02:05.045+01:00 INFO : Filtering template 58/96 segment 3/3
2026-09-06T20:02:05.083+01:00 INFO : 2 points above threshold
2026-09-06T20:02:05.097+01:00 INFO : 58: generating IMRPhenomD from 30.0 Hz
2026-09-06T20:02:05.101+01:00 INFO : Decompressing waveform using inline_linear
2026-09-06T20:02:05.110+01:00 INFO : Filtering template 59/96 segment 1/3
2026-09-06T20:02:05.154+01:00 INFO : 2 points above threshold
2026-09-06T20:02:05.187+01:00 INFO : Filtering template 59/96 segment 2/3
2026-09-06T20:02:05.225+01:00 INFO : 3 points above threshold
2026-09-06T20:02:05.243+01:00 INFO : Filtering template 59/96 segment 3/3
2026-09-06T20:02:05.281+01:00 INFO : 1 points above threshold
2026-09-06T20:02:05.291+01:00 INFO : 59: generating IMRPhenomD from 30.0 Hz
2026-09-06T20:02:05.295+01:00 INFO : Decompressing waveform using inline_linear
2026-09-06T20:02:05.304+01:00 INFO : Filtering template 60/96 segment 1/3
2026-09-06T20:02:05.348+01:00 INFO : Filtering template 60/96 segment 2/3
2026-09-06T20:02:05.386+01:00 INFO : 1 points above threshold
2026-09-06T20:02:05.415+01:00 INFO : Filtering template 60/96 segment 3/3
2026-09-06T20:02:05.453+01:00 INFO : 2 points above threshold
2026-09-06T20:02:05.467+01:00 INFO : 60: generating IMRPhenomD from 30.0 Hz
2026-09-06T20:02:05.471+01:00 INFO : Decompressing waveform using inline_linear
2026-09-06T20:02:05.480+01:00 INFO : Filtering template 61/96 segment 1/3
2026-09-06T20:02:05.525+01:00 INFO : 1 points above threshold
2026-09-06T20:02:05.555+01:00 INFO : Filtering template 61/96 segment 2/3
2026-09-06T20:02:05.593+01:00 INFO : 2 points above threshold
2026-09-06T20:02:05.607+01:00 INFO : Filtering template 61/96 segment 3/3
2026-09-06T20:02:05.645+01:00 INFO : 1 points above threshold
2026-09-06T20:02:05.655+01:00 INFO : 61: generating IMRPhenomD from 30.0 Hz
2026-09-06T20:02:05.659+01:00 INFO : Decompressing waveform using inline_linear
2026-09-06T20:02:05.668+01:00 INFO : Filtering template 62/96 segment 1/3
2026-09-06T20:02:05.712+01:00 INFO : 2 points above threshold
2026-09-06T20:02:05.746+01:00 INFO : Filtering template 62/96 segment 2/3
2026-09-06T20:02:05.784+01:00 INFO : 1 points above threshold
2026-09-06T20:02:05.794+01:00 INFO : Filtering template 62/96 segment 3/3
2026-09-06T20:02:05.832+01:00 INFO : 4 points above threshold
2026-09-06T20:02:05.849+01:00 INFO : 62: generating IMRPhenomD from 30.0 Hz
2026-09-06T20:02:05.853+01:00 INFO : Decompressing waveform using inline_linear
2026-09-06T20:02:05.862+01:00 INFO : Filtering template 63/96 segment 1/3
2026-09-06T20:02:05.906+01:00 INFO : 1 points above threshold
2026-09-06T20:02:05.936+01:00 INFO : Filtering template 63/96 segment 2/3
2026-09-06T20:02:05.974+01:00 INFO : 2 points above threshold
2026-09-06T20:02:05.988+01:00 INFO : Filtering template 63/96 segment 3/3
2026-09-06T20:02:06.026+01:00 INFO : 2 points above threshold
2026-09-06T20:02:06.040+01:00 INFO : 63: generating IMRPhenomD from 30.0 Hz
2026-09-06T20:02:06.044+01:00 INFO : Decompressing waveform using inline_linear
2026-09-06T20:02:06.053+01:00 INFO : Filtering template 64/96 segment 1/3
2026-09-06T20:02:06.097+01:00 INFO : 2 points above threshold
2026-09-06T20:02:06.131+01:00 INFO : Filtering template 64/96 segment 2/3
2026-09-06T20:02:06.169+01:00 INFO : 1 points above threshold
2026-09-06T20:02:06.179+01:00 INFO : Filtering template 64/96 segment 3/3
2026-09-06T20:02:06.217+01:00 INFO : 64: generating IMRPhenomD from 30.0 Hz
2026-09-06T20:02:06.221+01:00 INFO : Decompressing waveform using inline_linear
2026-09-06T20:02:06.230+01:00 INFO : Filtering template 65/96 segment 1/3
2026-09-06T20:02:06.274+01:00 INFO : 3 points above threshold
2026-09-06T20:02:06.311+01:00 INFO : Filtering template 65/96 segment 2/3
2026-09-06T20:02:06.350+01:00 INFO : 3 points above threshold
2026-09-06T20:02:06.367+01:00 INFO : Filtering template 65/96 segment 3/3
2026-09-06T20:02:06.405+01:00 INFO : 1 points above threshold
2026-09-06T20:02:06.415+01:00 INFO : 65: generating IMRPhenomD from 30.0 Hz
2026-09-06T20:02:06.420+01:00 INFO : Decompressing waveform using inline_linear
2026-09-06T20:02:06.429+01:00 INFO : Filtering template 66/96 segment 1/3
2026-09-06T20:02:06.472+01:00 INFO : 2 points above threshold
2026-09-06T20:02:06.506+01:00 INFO : Filtering template 66/96 segment 2/3
2026-09-06T20:02:06.544+01:00 INFO : 2 points above threshold
2026-09-06T20:02:06.557+01:00 INFO : Filtering template 66/96 segment 3/3
2026-09-06T20:02:06.595+01:00 INFO : 1 points above threshold
2026-09-06T20:02:06.605+01:00 INFO : 66: generating IMRPhenomD from 30.0 Hz
2026-09-06T20:02:06.610+01:00 INFO : Decompressing waveform using inline_linear
2026-09-06T20:02:06.619+01:00 INFO : Filtering template 67/96 segment 1/3
2026-09-06T20:02:06.662+01:00 INFO : 3 points above threshold
2026-09-06T20:02:06.700+01:00 INFO : Filtering template 67/96 segment 2/3
2026-09-06T20:02:06.738+01:00 INFO : 1 points above threshold
2026-09-06T20:02:06.748+01:00 INFO : Filtering template 67/96 segment 3/3
2026-09-06T20:02:06.786+01:00 INFO : 67: generating IMRPhenomD from 30.0 Hz
2026-09-06T20:02:06.790+01:00 INFO : Decompressing waveform using inline_linear
2026-09-06T20:02:06.799+01:00 INFO : Filtering template 68/96 segment 1/3
2026-09-06T20:02:06.843+01:00 INFO : 2 points above threshold
2026-09-06T20:02:06.876+01:00 INFO : Filtering template 68/96 segment 2/3
2026-09-06T20:02:06.914+01:00 INFO : 1 points above threshold
2026-09-06T20:02:06.924+01:00 INFO : Filtering template 68/96 segment 3/3
2026-09-06T20:02:06.962+01:00 INFO : 2 points above threshold
2026-09-06T20:02:06.976+01:00 INFO : 68: generating IMRPhenomD from 30.0 Hz
2026-09-06T20:02:06.980+01:00 INFO : Decompressing waveform using inline_linear
2026-09-06T20:02:06.989+01:00 INFO : Filtering template 69/96 segment 1/3
2026-09-06T20:02:07.033+01:00 INFO : Filtering template 69/96 segment 2/3
2026-09-06T20:02:07.071+01:00 INFO : 1 points above threshold
2026-09-06T20:02:07.100+01:00 INFO : Filtering template 69/96 segment 3/3
2026-09-06T20:02:07.138+01:00 INFO : 2 points above threshold
2026-09-06T20:02:07.152+01:00 INFO : 69: generating IMRPhenomD from 30.0 Hz
2026-09-06T20:02:07.156+01:00 INFO : Decompressing waveform using inline_linear
2026-09-06T20:02:07.165+01:00 INFO : Filtering template 70/96 segment 1/3
2026-09-06T20:02:07.209+01:00 INFO : 4 points above threshold
2026-09-06T20:02:07.245+01:00 INFO : Filtering template 70/96 segment 2/3
2026-09-06T20:02:07.283+01:00 INFO : Filtering template 70/96 segment 3/3
2026-09-06T20:02:07.321+01:00 INFO : 4 points above threshold
2026-09-06T20:02:07.338+01:00 INFO : 70: generating IMRPhenomD from 30.0 Hz
2026-09-06T20:02:07.342+01:00 INFO : Decompressing waveform using inline_linear
2026-09-06T20:02:07.351+01:00 INFO : Filtering template 71/96 segment 1/3
2026-09-06T20:02:07.395+01:00 INFO : Filtering template 71/96 segment 2/3
2026-09-06T20:02:07.433+01:00 INFO : 2 points above threshold
2026-09-06T20:02:07.466+01:00 INFO : Filtering template 71/96 segment 3/3
2026-09-06T20:02:07.504+01:00 INFO : 3 points above threshold
2026-09-06T20:02:07.522+01:00 INFO : 71: generating IMRPhenomD from 30.0 Hz
2026-09-06T20:02:07.526+01:00 INFO : Decompressing waveform using inline_linear
2026-09-06T20:02:07.535+01:00 INFO : Filtering template 72/96 segment 1/3
2026-09-06T20:02:07.579+01:00 INFO : 2 points above threshold
2026-09-06T20:02:07.612+01:00 INFO : Filtering template 72/96 segment 2/3
2026-09-06T20:02:07.650+01:00 INFO : 3 points above threshold
2026-09-06T20:02:07.668+01:00 INFO : Filtering template 72/96 segment 3/3
2026-09-06T20:02:07.705+01:00 INFO : 5 points above threshold
2026-09-06T20:02:07.729+01:00 INFO : 72: generating IMRPhenomD from 30.0 Hz
2026-09-06T20:02:07.733+01:00 INFO : Decompressing waveform using inline_linear
2026-09-06T20:02:07.742+01:00 INFO : Filtering template 73/96 segment 1/3
2026-09-06T20:02:07.785+01:00 INFO : 1 points above threshold
2026-09-06T20:02:07.815+01:00 INFO : Filtering template 73/96 segment 2/3
2026-09-06T20:02:07.853+01:00 INFO : 2 points above threshold
2026-09-06T20:02:07.866+01:00 INFO : Filtering template 73/96 segment 3/3
2026-09-06T20:02:07.905+01:00 INFO : 1 points above threshold
2026-09-06T20:02:07.915+01:00 INFO : 73: generating IMRPhenomD from 30.0 Hz
2026-09-06T20:02:07.919+01:00 INFO : Decompressing waveform using inline_linear
2026-09-06T20:02:07.928+01:00 INFO : Filtering template 74/96 segment 1/3
2026-09-06T20:02:07.972+01:00 INFO : 3 points above threshold
2026-09-06T20:02:08.009+01:00 INFO : Filtering template 74/96 segment 2/3
2026-09-06T20:02:08.047+01:00 INFO : 3 points above threshold
2026-09-06T20:02:08.065+01:00 INFO : Filtering template 74/96 segment 3/3
2026-09-06T20:02:08.103+01:00 INFO : 1 points above threshold
2026-09-06T20:02:08.113+01:00 INFO : 74: generating IMRPhenomD from 30.0 Hz
2026-09-06T20:02:08.117+01:00 INFO : Decompressing waveform using inline_linear
2026-09-06T20:02:08.126+01:00 INFO : Filtering template 75/96 segment 1/3
2026-09-06T20:02:08.170+01:00 INFO : Filtering template 75/96 segment 2/3
2026-09-06T20:02:08.208+01:00 INFO : 3 points above threshold
2026-09-06T20:02:08.245+01:00 INFO : Filtering template 75/96 segment 3/3
2026-09-06T20:02:08.283+01:00 INFO : 2 points above threshold
2026-09-06T20:02:08.297+01:00 INFO : 75: generating IMRPhenomD from 30.0 Hz
2026-09-06T20:02:08.301+01:00 INFO : Decompressing waveform using inline_linear
2026-09-06T20:02:08.310+01:00 INFO : Filtering template 76/96 segment 1/3
2026-09-06T20:02:08.354+01:00 INFO : 1 points above threshold
2026-09-06T20:02:08.383+01:00 INFO : Filtering template 76/96 segment 2/3
2026-09-06T20:02:08.421+01:00 INFO : 1 points above threshold
2026-09-06T20:02:08.431+01:00 INFO : Filtering template 76/96 segment 3/3
2026-09-06T20:02:08.469+01:00 INFO : 2 points above threshold
2026-09-06T20:02:08.483+01:00 INFO : 76: generating IMRPhenomD from 30.0 Hz
2026-09-06T20:02:08.487+01:00 INFO : Decompressing waveform using inline_linear
2026-09-06T20:02:08.496+01:00 INFO : Filtering template 77/96 segment 1/3
2026-09-06T20:02:08.539+01:00 INFO : 1 points above threshold
2026-09-06T20:02:08.569+01:00 INFO : Filtering template 77/96 segment 2/3
2026-09-06T20:02:08.609+01:00 INFO : Filtering template 77/96 segment 3/3
2026-09-06T20:02:08.653+01:00 INFO : 1 points above threshold
2026-09-06T20:02:08.663+01:00 INFO : 77: generating IMRPhenomD from 30.0 Hz
2026-09-06T20:02:08.668+01:00 INFO : Decompressing waveform using inline_linear
2026-09-06T20:02:08.677+01:00 INFO : Filtering template 78/96 segment 1/3
2026-09-06T20:02:08.722+01:00 INFO : Filtering template 78/96 segment 2/3
2026-09-06T20:02:08.760+01:00 INFO : Filtering template 78/96 segment 3/3
2026-09-06T20:02:08.798+01:00 INFO : 1 points above threshold
2026-09-06T20:02:08.829+01:00 INFO : 78: generating IMRPhenomD from 30.0 Hz
2026-09-06T20:02:08.833+01:00 INFO : Decompressing waveform using inline_linear
2026-09-06T20:02:08.842+01:00 INFO : Filtering template 79/96 segment 1/3
2026-09-06T20:02:08.886+01:00 INFO : 2 points above threshold
2026-09-06T20:02:08.921+01:00 INFO : Filtering template 79/96 segment 2/3
2026-09-06T20:02:08.959+01:00 INFO : 1 points above threshold
2026-09-06T20:02:08.969+01:00 INFO : Filtering template 79/96 segment 3/3
2026-09-06T20:02:09.007+01:00 INFO : 4 points above threshold
2026-09-06T20:02:09.023+01:00 INFO : 79: generating IMRPhenomD from 30.0 Hz
2026-09-06T20:02:09.028+01:00 INFO : Decompressing waveform using inline_linear
2026-09-06T20:02:09.037+01:00 INFO : Filtering template 80/96 segment 1/3
2026-09-06T20:02:09.080+01:00 INFO : 3 points above threshold
2026-09-06T20:02:09.119+01:00 INFO : Filtering template 80/96 segment 2/3
2026-09-06T20:02:09.157+01:00 INFO : 1 points above threshold
2026-09-06T20:02:09.167+01:00 INFO : Filtering template 80/96 segment 3/3
2026-09-06T20:02:09.205+01:00 INFO : 1 points above threshold
2026-09-06T20:02:09.215+01:00 INFO : 80: generating IMRPhenomD from 30.0 Hz
2026-09-06T20:02:09.219+01:00 INFO : Decompressing waveform using inline_linear
2026-09-06T20:02:09.229+01:00 INFO : Filtering template 81/96 segment 1/3
2026-09-06T20:02:09.272+01:00 INFO : 3 points above threshold
2026-09-06T20:02:09.311+01:00 INFO : Filtering template 81/96 segment 2/3
2026-09-06T20:02:09.349+01:00 INFO : 2 points above threshold
2026-09-06T20:02:09.363+01:00 INFO : Filtering template 81/96 segment 3/3
2026-09-06T20:02:09.400+01:00 INFO : 1 points above threshold
2026-09-06T20:02:09.411+01:00 INFO : 81: generating IMRPhenomD from 30.0 Hz
2026-09-06T20:02:09.415+01:00 INFO : Decompressing waveform using inline_linear
2026-09-06T20:02:09.424+01:00 INFO : Filtering template 82/96 segment 1/3
2026-09-06T20:02:09.467+01:00 INFO : 1 points above threshold
2026-09-06T20:02:09.497+01:00 INFO : Filtering template 82/96 segment 2/3
2026-09-06T20:02:09.535+01:00 INFO : 2 points above threshold
2026-09-06T20:02:09.548+01:00 INFO : Filtering template 82/96 segment 3/3
2026-09-06T20:02:09.586+01:00 INFO : 82: generating IMRPhenomD from 30.0 Hz
2026-09-06T20:02:09.590+01:00 INFO : Decompressing waveform using inline_linear
2026-09-06T20:02:09.600+01:00 INFO : Filtering template 83/96 segment 1/3
2026-09-06T20:02:09.643+01:00 INFO : 2 points above threshold
2026-09-06T20:02:09.676+01:00 INFO : Filtering template 83/96 segment 2/3
2026-09-06T20:02:09.714+01:00 INFO : 5 points above threshold
2026-09-06T20:02:09.737+01:00 INFO : Filtering template 83/96 segment 3/3
2026-09-06T20:02:09.775+01:00 INFO : 4 points above threshold
2026-09-06T20:02:09.792+01:00 INFO : 83: generating IMRPhenomD from 30.0 Hz
2026-09-06T20:02:09.796+01:00 INFO : Decompressing waveform using inline_linear
2026-09-06T20:02:09.805+01:00 INFO : Filtering template 84/96 segment 1/3
2026-09-06T20:02:09.849+01:00 INFO : Filtering template 84/96 segment 2/3
2026-09-06T20:02:09.887+01:00 INFO : 2 points above threshold
2026-09-06T20:02:09.920+01:00 INFO : Filtering template 84/96 segment 3/3
2026-09-06T20:02:09.958+01:00 INFO : 2 points above threshold
2026-09-06T20:02:09.972+01:00 INFO : 84: generating IMRPhenomD from 30.0 Hz
2026-09-06T20:02:09.976+01:00 INFO : Decompressing waveform using inline_linear
2026-09-06T20:02:09.986+01:00 INFO : Filtering template 85/96 segment 1/3
2026-09-06T20:02:10.029+01:00 INFO : 2 points above threshold
2026-09-06T20:02:10.062+01:00 INFO : Filtering template 85/96 segment 2/3
2026-09-06T20:02:10.101+01:00 INFO : 3 points above threshold
2026-09-06T20:02:10.119+01:00 INFO : Filtering template 85/96 segment 3/3
2026-09-06T20:02:10.156+01:00 INFO : 4 points above threshold
2026-09-06T20:02:10.173+01:00 INFO : 85: generating IMRPhenomD from 30.0 Hz
2026-09-06T20:02:10.177+01:00 INFO : Decompressing waveform using inline_linear
2026-09-06T20:02:10.187+01:00 INFO : Filtering template 86/96 segment 1/3
2026-09-06T20:02:10.230+01:00 INFO : 3 points above threshold
2026-09-06T20:02:10.268+01:00 INFO : Filtering template 86/96 segment 2/3
2026-09-06T20:02:10.306+01:00 INFO : 2 points above threshold
2026-09-06T20:02:10.320+01:00 INFO : Filtering template 86/96 segment 3/3
2026-09-06T20:02:10.358+01:00 INFO : 2 points above threshold
2026-09-06T20:02:10.372+01:00 INFO : 86: generating IMRPhenomD from 30.0 Hz
2026-09-06T20:02:10.376+01:00 INFO : Decompressing waveform using inline_linear
2026-09-06T20:02:10.385+01:00 INFO : Filtering template 87/96 segment 1/3
2026-09-06T20:02:10.428+01:00 INFO : 1 points above threshold
2026-09-06T20:02:10.458+01:00 INFO : Filtering template 87/96 segment 2/3
2026-09-06T20:02:10.495+01:00 INFO : 3 points above threshold
2026-09-06T20:02:10.513+01:00 INFO : Filtering template 87/96 segment 3/3
2026-09-06T20:02:10.551+01:00 INFO : 2 points above threshold
2026-09-06T20:02:10.565+01:00 INFO : 87: generating IMRPhenomD from 30.0 Hz
2026-09-06T20:02:10.569+01:00 INFO : Decompressing waveform using inline_linear
2026-09-06T20:02:10.578+01:00 INFO : Filtering template 88/96 segment 1/3
2026-09-06T20:02:10.622+01:00 INFO : 2 points above threshold
2026-09-06T20:02:10.655+01:00 INFO : Filtering template 88/96 segment 2/3
2026-09-06T20:02:10.693+01:00 INFO : 1 points above threshold
2026-09-06T20:02:10.703+01:00 INFO : Filtering template 88/96 segment 3/3
2026-09-06T20:02:10.741+01:00 INFO : 2 points above threshold
2026-09-06T20:02:10.755+01:00 INFO : 88: generating IMRPhenomD from 30.0 Hz
2026-09-06T20:02:10.759+01:00 INFO : Decompressing waveform using inline_linear
2026-09-06T20:02:10.768+01:00 INFO : Filtering template 89/96 segment 1/3
2026-09-06T20:02:10.812+01:00 INFO : 2 points above threshold
2026-09-06T20:02:10.845+01:00 INFO : Filtering template 89/96 segment 2/3
2026-09-06T20:02:10.883+01:00 INFO : 3 points above threshold
2026-09-06T20:02:10.901+01:00 INFO : Filtering template 89/96 segment 3/3
2026-09-06T20:02:10.939+01:00 INFO : 89: generating IMRPhenomD from 30.0 Hz
2026-09-06T20:02:10.943+01:00 INFO : Decompressing waveform using inline_linear
2026-09-06T20:02:10.953+01:00 INFO : Filtering template 90/96 segment 1/3
2026-09-06T20:02:10.996+01:00 INFO : 1 points above threshold
2026-09-06T20:02:11.026+01:00 INFO : Filtering template 90/96 segment 2/3
2026-09-06T20:02:11.064+01:00 INFO : 3 points above threshold
2026-09-06T20:02:11.082+01:00 INFO : Filtering template 90/96 segment 3/3
2026-09-06T20:02:11.119+01:00 INFO : 1 points above threshold
2026-09-06T20:02:11.130+01:00 INFO : 90: generating IMRPhenomD from 30.0 Hz
2026-09-06T20:02:11.134+01:00 INFO : Decompressing waveform using inline_linear
2026-09-06T20:02:11.143+01:00 INFO : Filtering template 91/96 segment 1/3
2026-09-06T20:02:11.186+01:00 INFO : Filtering template 91/96 segment 2/3
2026-09-06T20:02:11.224+01:00 INFO : 5 points above threshold
2026-09-06T20:02:11.267+01:00 INFO : Filtering template 91/96 segment 3/3
2026-09-06T20:02:11.304+01:00 INFO : 1 points above threshold
2026-09-06T20:02:11.314+01:00 INFO : 91: generating IMRPhenomD from 30.0 Hz
2026-09-06T20:02:11.319+01:00 INFO : Decompressing waveform using inline_linear
2026-09-06T20:02:11.328+01:00 INFO : Filtering template 92/96 segment 1/3
2026-09-06T20:02:11.372+01:00 INFO : 2 points above threshold
2026-09-06T20:02:11.405+01:00 INFO : Filtering template 92/96 segment 2/3
2026-09-06T20:02:11.443+01:00 INFO : 4 points above threshold
2026-09-06T20:02:11.460+01:00 INFO : Filtering template 92/96 segment 3/3
2026-09-06T20:02:11.497+01:00 INFO : 1 points above threshold
2026-09-06T20:02:11.507+01:00 INFO : 92: generating IMRPhenomD from 30.0 Hz
2026-09-06T20:02:11.511+01:00 INFO : Decompressing waveform using inline_linear
2026-09-06T20:02:11.521+01:00 INFO : Filtering template 93/96 segment 1/3
2026-09-06T20:02:11.564+01:00 INFO : 2 points above threshold
2026-09-06T20:02:11.599+01:00 INFO : Filtering template 93/96 segment 2/3
2026-09-06T20:02:11.637+01:00 INFO : 5 points above threshold
2026-09-06T20:02:11.660+01:00 INFO : Filtering template 93/96 segment 3/3
2026-09-06T20:02:11.698+01:00 INFO : 1 points above threshold
2026-09-06T20:02:11.708+01:00 INFO : 93: generating IMRPhenomD from 30.0 Hz
2026-09-06T20:02:11.712+01:00 INFO : Decompressing waveform using inline_linear
2026-09-06T20:02:11.721+01:00 INFO : Filtering template 94/96 segment 1/3
2026-09-06T20:02:11.765+01:00 INFO : 2 points above threshold
2026-09-06T20:02:11.799+01:00 INFO : Filtering template 94/96 segment 2/3
2026-09-06T20:02:11.837+01:00 INFO : 5 points above threshold
2026-09-06T20:02:11.860+01:00 INFO : Filtering template 94/96 segment 3/3
2026-09-06T20:02:11.898+01:00 INFO : 2 points above threshold
2026-09-06T20:02:11.912+01:00 INFO : 94: generating IMRPhenomD from 30.0 Hz
2026-09-06T20:02:11.916+01:00 INFO : Decompressing waveform using inline_linear
2026-09-06T20:02:11.925+01:00 INFO : Filtering template 95/96 segment 1/3
2026-09-06T20:02:11.969+01:00 INFO : 3 points above threshold
2026-09-06T20:02:12.008+01:00 INFO : Filtering template 95/96 segment 2/3
2026-09-06T20:02:12.046+01:00 INFO : 4 points above threshold
2026-09-06T20:02:12.062+01:00 INFO : Filtering template 95/96 segment 3/3
2026-09-06T20:02:12.100+01:00 INFO : 1 points above threshold
2026-09-06T20:02:12.110+01:00 INFO : 95: generating IMRPhenomD from 30.0 Hz
2026-09-06T20:02:12.114+01:00 INFO : Decompressing waveform using inline_linear
2026-09-06T20:02:12.123+01:00 INFO : Filtering template 96/96 segment 1/3
2026-09-06T20:02:12.167+01:00 INFO : 2 points above threshold
2026-09-06T20:02:12.201+01:00 INFO : Filtering template 96/96 segment 2/3
2026-09-06T20:02:12.239+01:00 INFO : Filtering template 96/96 segment 3/3
2026-09-06T20:02:12.277+01:00 INFO : 1 points above threshold
2026-09-06T20:02:12.287+01:00 INFO : We currently have 527 triggers
2026-09-06T20:02:12.287+01:00 INFO : Removing triggers with NewSNR below threshold
2026-09-06T20:02:12.287+01:00 INFO : 475 remaining triggers
2026-09-06T20:02:12.287+01:00 INFO : Outputting 475 triggers
2026-09-06T20:02:12.287+01:00 INFO : Writing out triggers
2026-09-06T20:02:12.316+01:00 INFO : Finished
