{"host": "len", "cwd": "/home/xangma/pycbc-torch-fresh-benchmark-20260908", "pid": 3562438, "pgid": 3562438, "log": "/home/xangma/pycbc-torch-fresh-benchmark-20260908/status.json", "command": "/home/xangma/pycbc-torch-split-20260905/venv/bin/python -u campaign.py"}
{"case": "qual-original-cpu", "elapsed_wall_seconds": 66.13705246907193, "returncode": 0}
{"case": "qual-proposed-cpu", "elapsed_wall_seconds": 65.12654253095388, "returncode": 0}
{"case": "qual-torch-cpu", "elapsed_wall_seconds": 103.78521817689762, "returncode": 0}
{"case": "qual-torch-cuda", "elapsed_wall_seconds": 32.21941076498479, "returncode": 0}
{"case": "timing-original-cpu-r1", "elapsed_wall_seconds": 65.3748851059936, "returncode": 0}
{"case": "timing-proposed-cpu-r1", "elapsed_wall_seconds": 64.73861037893221, "returncode": 0}
{"case": "timing-torch-cpu-r1", "elapsed_wall_seconds": 103.48464166407939, "returncode": 0}
{"case": "timing-torch-cuda-r1", "elapsed_wall_seconds": 32.018553360016085, "returncode": 0}
{"case": "timing-proposed-cpu-r2", "elapsed_wall_seconds": 64.8388448629994, "returncode": 0}
{"case": "timing-torch-cpu-r2", "elapsed_wall_seconds": 103.48840729694348, "returncode": 0}
{"case": "timing-torch-cuda-r2", "elapsed_wall_seconds": 31.968203539960086, "returncode": 0}
{"case": "timing-original-cpu-r2", "elapsed_wall_seconds": 65.46871693897992, "returncode": 0}
{"case": "timing-torch-cpu-r3", "elapsed_wall_seconds": 103.85789434600156, "returncode": 0}
{"case": "timing-torch-cuda-r3", "elapsed_wall_seconds": 31.91486917703878, "returncode": 0}
{"case": "timing-original-cpu-r3", "elapsed_wall_seconds": 66.27900426206179, "returncode": 0}
{"case": "timing-proposed-cpu-r3", "elapsed_wall_seconds": 65.02325513295364, "returncode": 0}
{"case": "timing-torch-cuda-r4", "elapsed_wall_seconds": 31.96688355191145, "returncode": 0}
{"case": "timing-original-cpu-r4", "elapsed_wall_seconds": 65.56664054607973, "returncode": 0}
{"case": "timing-proposed-cpu-r4", "elapsed_wall_seconds": 64.97285479400307, "returncode": 0}
{"case": "timing-torch-cpu-r4", "elapsed_wall_seconds": 103.55822450108826, "returncode": 0}
